{"timestamp":1768156802,"subsystem":"/proc/cpuinfo","measurement":"processor\t: 0\nvendor_id\t: GenuineIntel\ncpu family\t: 6\nmodel\t\t: 85\nmodel name\t: Intel(R) Xeon(R) Platinum 8272CL CPU @ 2.60GHz\nstepping\t: 7\nmicrocode\t: 0xffffffff\ncpu MHz\t\t: 2984.159\ncache size\t: 36608 KB\nphysical id\t: 0\nsiblings\t: 2\ncore id\t\t: 0\ncpu cores\t: 2\napicid\t\t: 0\ninitial apicid\t: 0\nfpu\t\t: yes\nfpu_exception\t: yes\ncpuid level\t: 22\nwp\t\t: yes\nflags\t\t: fpu vme de pse tsc msr pae mce cx8 apic sep mtrr pge mca cmov pat pse36 clflush mmx fxsr sse sse2 ss ht syscall nx pdpe1gb rdtscp lm constant_tsc rep_good nopl xtopology tsc_reliable nonstop_tsc cpuid aperfmperf tsc_known_freq pni pclmulqdq ssse3 fma cx16 pcid sse4_1 sse4_2 x2apic movbe popcnt tsc_deadline_timer aes xsave avx f16c rdrand hypervisor lahf_lm abm 3dnowprefetch fsgsbase tsc_adjust bmi1 hle avx2 smep bmi2 erms invpcid rtm avx512f avx512dq rdseed adx smap clflushopt clwb avx512cd avx512bw avx512vl xsaveopt xsavec xgetbv1 xsaves avx512_vnni arch_capabilities\nbugs\t\t: spectre_v1 spectre_v2 spec_store_bypass swapgs taa mmio_stale_data retbleed bhi\nbogomips\t: 5187.80\nclflush size\t: 64\ncache_alignment\t: 64\naddress sizes\t: 46 bits physical, 48 bits virtual\npower management:\n\nprocessor\t: 1\nvendor_id\t: GenuineIntel\ncpu family\t: 6\nmodel\t\t: 85\nmodel name\t: Intel(R) Xeon(R) Platinum 8272CL CPU @ 2.60GHz\nstepping\t: 7\nmicrocode\t: 0xffffffff\ncpu MHz\t\t: 2600.000\ncache size\t: 36608 KB\nphysical id\t: 0\nsiblings\t: 2\ncore id\t\t: 1\ncpu cores\t: 2\napicid\t\t: 1\ninitial apicid\t: 1\nfpu\t\t: yes\nfpu_exception\t: yes\ncpuid level\t: 22\nwp\t\t: yes\nflags\t\t: fpu vme de pse tsc msr pae mce cx8 apic sep mtrr pge mca cmov pat pse36 clflush mmx fxsr sse sse2 ss ht syscall nx pdpe1gb rdtscp lm constant_tsc rep_good nopl xtopology tsc_reliable nonstop_tsc cpuid aperfmperf tsc_known_freq pni pclmulqdq ssse3 fma cx16 pcid sse4_1 sse4_2 x2apic movbe popcnt tsc_deadline_timer aes xsave avx f16c rdrand hypervisor lahf_lm abm 3dnowprefetch fsgsbase tsc_adjust bmi1 hle avx2 smep bmi2 erms invpcid rtm avx512f avx512dq rdseed adx smap clflushopt clwb avx512cd avx512bw avx512vl xsaveopt xsavec xgetbv1 xsaves avx512_vnni arch_capabilities\nbugs\t\t: spectre_v1 spectre_v2 spec_store_bypass swapgs taa mmio_stale_data retbleed bhi\nbogomips\t: 5187.80\nclflush size\t: 64\ncache_alignment\t: 64\naddress sizes\t: 46 bits physical, 48 bits virtual\npower management:\n\n"}
{"timestamp":1768156802,"subsystem":"/proc/stat","measurement":"cpu  452224 7673 167368 204715575 182440 0 9680 0 0 0\ncpu0 217281 3835 65265 102383323 88802 0 5497 0 0 0\ncpu1 234942 3838 102102 102332251 93638 0 4182 0 0 0\nintr 83163673 0 0 0 0 2588 0 0 0 0 0 0 0 0 0 0 0 0 0 0 0 0 0 0 0 0 0 0 0 0 0 0 0 0 0 0 0 0 0 0 0 0 0 0 0 0 0 0 0 0 0 0 0 0 0 0 0 0 0 0 0 0 0 0 0 0 0 0 0 0 0 0 0 0 0 0 0 0 0 0 0 0 0 0 0 0 0 0 0 0 0 0 0 0 0 0 0 0 0 0 0 0 0 0 0 0 0 0 0 0 0 0 0 0 0 0 0 0 0 0 0 0 0 0 0 0 0 0 0 0 0 0 0 0 0 0 0 0 0 0 0 0 0 0 0 0 0 0 0 0 0 0 0 0 0 0 0 0 0 0 0 0 0 0 0 0 0 0 0 0 0 0 0 0 0 0 0 0 0 0 0 0 0 0 0 0 0 0 0 0 0 0 0 0 0 0 0 0 0 0 0 0 0 0 0 0 0 0 0 0 0 0 0 0 0 0 0 0 0 0 0 0 0 0 0 0 0 0 0 0 0 0 0 0 0 0 0 0 0 0 0 0 0 0 0 0 0 0 0 0 0 0 0 0 0 0 0 0 0 0 0 0 0 0 0 0 0 0 0 0 0 0 0 0 0 0 0 0 0 0 0 0 0 0 0 0 0 0 0 0 0 0 0 0 0 0 0 0 0 0 0 0 0 0 0 0 0 0 0 0 0 0 0 0 0 0 0 0 0 0 0 0 0 0 0 0 0 0 0 0 0 0 0 0 0 0 0 0 0 0 0 0 0 0 0 0 0 0 0 0 0 0 0 0 0 0 0 0 0 0 0 0 0 0 0 0 0 0 0 0 0 0 0 0 0 0 0 0 0 0 0 0 0 0 0 0 0 0 0 0 0 0 0 0 0 0 0 0 0 0 0 0 0 0 0 0 0 0 0 0 0 0 0 0 0 0 0 0 0 0 0 0 0 0 0 0 0 0 0 0 0 0 0 0 0 0 0 0 0 0 0\nctxt 114949318\nbtime 1767127868\nprocesses 164371\nprocs_running 1\nprocs_blocked 0\nsoftirq 79232737 0 20979565 156 10235079 869 0 14709677 24071061 449 9235881\n"}
{"timestamp":1768156802,"subsystem":"/proc/meminfo","measurement":"MemTotal:        3960648 kB\nMemFree:          359920 kB\nMemAvailable:    3196096 kB\nBuffers:          113912 kB\nCached:          2845152 kB\nSwapCached:            0 kB\nActive:           667924 kB\nInactive:        2512096 kB\nActive(anon):     220048 kB\nInactive(anon):    14524 kB\nActive(file):     447876 kB\nInactive(file):  2497572 kB\nUnevictable:       30896 kB\nMlocked:           27824 kB\nSwapTotal:             0 kB\nSwapFree:              0 kB\nZswap:                 0 kB\nZswapped:              0 kB\nDirty:               912 kB\nWriteback:             0 kB\nAnonPages:        251852 kB\nMapped:           181256 kB\nShmem:              4552 kB\nKReclaimable:     188072 kB\nSlab:             281600 kB\nSReclaimable:     188072 kB\nSUnreclaim:        93528 kB\nKernelStack:        2896 kB\nPageTables:         4336 kB\nSecPageTables:         0 kB\nNFS_Unstable:          0 kB\nBounce:                0 kB\nWritebackTmp:          0 kB\nCommitLimit:     1980324 kB\nCommitted_AS:     924008 kB\nVmallocTotal:   34359738367 kB\nVmallocUsed:       36964 kB\nVmallocChunk:          0 kB\nPercpu:             5616 kB\nHardwareCorrupted:     0 kB\nAnonHugePages:    139264 kB\nShmemHugePages:        0 kB\nShmemPmdMapped:        0 kB\nFileHugePages:         0 kB\nFilePmdMapped:         0 kB\nUnaccepted:            0 kB\nHugePages_Total:       0\nHugePages_Free:        0\nHugePages_Rsvd:        0\nHugePages_Surp:        0\nHugepagesize:       2048 kB\nHugetlb:               0 kB\nDirectMap4k:      126156 kB\nDirectMap2M:     2967552 kB\nDirectMap1G:     3145728 kB\n"}
{"timestamp":1768156802,"subsystem":"/proc/net/dev","measurement":"Inter-|   Receive                                                |  Transmit\n face |bytes    packets errs drop fifo frame compressed multicast|bytes    packets errs drop fifo colls carrier compressed\n    lo: 4418800   30841    0    0    0     0          0         0  4418800   30841    0    0    0     0       0          0\n  eth0: 1410042945 4635612    0    0    0     0          0         0 1531227648 7709593    0    0    0     0       0          0\ndocker0:  282754    4373    0    0    0     0          0         0 112467745   12612    0    0    0     0       0          0\nbr-490d867fe46d:     112       4    0    0    0     0          0         0      526       5    0    0    0     0       0          0\n"}
{"timestamp":1768156802,"subsystem":"/proc/diskstats","measurement":"   7       0 loop0 278 0 5266 338 0 0 0 0 0 330 338 0 0 0 0 0 0\n   7       1 loop1 75 0 2508 40 0 0 0 0 0 36 40 0 0 0 0 0 0\n   7       2 loop2 92 0 3744 87 0 0 0 0 0 86 87 0 0 0 0 0 0\n   7       3 loop3 418 0 28930 29 0 0 0 0 0 33 29 0 0 0 0 0 0\n   7       4 loop4 10 0 20 0 0 0 0 0 0 1 0 0 0 0 0 0 0\n   7       5 loop5 0 0 0 0 0 0 0 0 0 0 0 0 0 0 0 0 0\n   7       6 loop6 0 0 0 0 0 0 0 0 0 0 0 0 0 0 0 0 0\n   7       7 loop7 0 0 0 0 0 0 0 0 0 0 0 0 0 0 0 0 0\n   8       0 sda 18866 4623 1417012 53134 1628836 1131456 44931434 7438438 0 1810601 8667955 174917 3355 113931420 558923 186521 617458\n   8       1 sda1 18456 2968 1394398 52983 1628822 1131448 44931328 7438412 0 2145160 8050316 174916 3354 113730144 558920 0 0\n   8      14 sda14 92 0 1232 22 0 0 0 0 0 25 22 0 0 0 0 0 0\n   8      15 sda15 182 1655 17670 78 2 0 2 0 0 63 81 1 1 201276 2 0 0\n   8      16 sdb 319 1 19490 98 233 1045 402016 18688 0 1194 18796 69 68 33069976 9 0 0\n   8      17 sdb1 110 1 6474 71 233 1045 402016 18688 0 1205 18769 69 68 33069976 9 0 0\n  11       0 sr0 78 0 560 15 0 0 0 0 0 12 15 0 0 0 0 0 0\n"}
{"timestamp":1768156802,"subsystem":"statfs[*]","measurement":"{\"mount_point\":\"/\",\"block_size\":4096,\"blocks_total\":7574544,\"blocks_free\":6448463,\"blocks_available\":6444367}\n{\"mount_point\":\"/boot/efi\",\"block_size\":512,\"blocks_total\":213663,\"blocks_free\":201276,\"blocks_available\":201276}\n{\"mount_point\":\"/mnt\",\"block_size\":4096,\"blocks_total\":2038135,\"blocks_free\":2038128,\"blocks_available\":1929200}\n"}
{"timestamp":1768156807,"subsystem":"/proc/cpuinfo","measurement":"processor\t: 0\nvendor_id\t: GenuineIntel\ncpu family\t: 6\nmodel\t\t: 85\nmodel name\t: Intel(R) Xeon(R) Platinum 8272CL CPU @ 2.60GHz\nstepping\t: 7\nmicrocode\t: 0xffffffff\ncpu MHz\t\t: 2993.008\ncache size\t: 36608 KB\nphysical id\t: 0\nsiblings\t: 2\ncore id\t\t: 0\ncpu cores\t: 2\napicid\t\t: 0\ninitial apicid\t: 0\nfpu\t\t: yes\nfpu_exception\t: yes\ncpuid level\t: 22\nwp\t\t: yes\nflags\t\t: fpu vme de pse tsc msr pae mce cx8 apic sep mtrr pge mca cmov pat pse36 clflush mmx fxsr sse sse2 ss ht syscall nx pdpe1gb rdtscp lm constant_tsc rep_good nopl xtopology tsc_reliable nonstop_tsc cpuid aperfmperf tsc_known_freq pni pclmulqdq ssse3 fma cx16 pcid sse4_1 sse4_2 x2apic movbe popcnt tsc_deadline_timer aes xsave avx f16c rdrand hypervisor lahf_lm abm 3dnowprefetch fsgsbase tsc_adjust bmi1 hle avx2 smep bmi2 erms invpcid rtm avx512f avx512dq rdseed adx smap clflushopt clwb avx512cd avx512bw avx512vl xsaveopt xsavec xgetbv1 xsaves avx512_vnni arch_capabilities\nbugs\t\t: spectre_v1 spectre_v2 spec_store_bypass swapgs taa mmio_stale_data retbleed bhi\nbogomips\t: 5187.80\nclflush size\t: 64\ncache_alignment\t: 64\naddress sizes\t: 46 bits physical, 48 bits virtual\npower management:\n\nprocessor\t: 1\nvendor_id\t: GenuineIntel\ncpu family\t: 6\nmodel\t\t: 85\nmodel name\t: Intel(R) Xeon(R) Platinum 8272CL CPU @ 2.60GHz\nstepping\t: 7\nmicrocode\t: 0xffffffff\ncpu MHz\t\t: 2990.386\ncache size\t: 36608 KB\nphysical id\t: 0\nsiblings\t: 2\ncore id\t\t: 1\ncpu cores\t: 2\napicid\t\t: 1\ninitial apicid\t: 1\nfpu\t\t: yes\nfpu_exception\t: yes\ncpuid level\t: 22\nwp\t\t: yes\nflags\t\t: fpu vme de pse tsc msr pae mce cx8 apic sep mtrr pge mca cmov pat pse36 clflush mmx fxsr sse sse2 ss ht syscall nx pdpe1gb rdtscp lm constant_tsc rep_good nopl xtopology tsc_reliable nonstop_tsc cpuid aperfmperf tsc_known_freq pni pclmulqdq ssse3 fma cx16 pcid sse4_1 sse4_2 x2apic movbe popcnt tsc_deadline_timer aes xsave avx f16c rdrand hypervisor lahf_lm abm 3dnowprefetch fsgsbase tsc_adjust bmi1 hle avx2 smep bmi2 erms invpcid rtm avx512f avx512dq rdseed adx smap clflushopt clwb avx512cd avx512bw avx512vl xsaveopt xsavec xgetbv1 xsaves avx512_vnni arch_capabilities\nbugs\t\t: spectre_v1 spectre_v2 spec_store_bypass swapgs taa mmio_stale_data retbleed bhi\nbogomips\t: 5187.80\nclflush size\t: 64\ncache_alignment\t: 64\naddress sizes\t: 46 bits physical, 48 bits virtual\npower management:\n\n"}
{"timestamp":1768156807,"subsystem":"/proc/stat","measurement":"cpu  452226 7673 167373 204716565 182442 0 9680 0 0 0\ncpu0 217282 3835 65269 102383816 88802 0 5497 0 0 0\ncpu1 234943 3838 102103 102332748 93639 0 4182 0 0 0\nintr 83164599 0 0 0 0 2588 0 0 0 0 0 0 0 0 0 0 0 0 0 0 0 0 0 0 0 0 0 0 0 0 0 0 0 0 0 0 0 0 0 0 0 0 0 0 0 0 0 0 0 0 0 0 0 0 0 0 0 0 0 0 0 0 0 0 0 0 0 0 0 0 0 0 0 0 0 0 0 0 0 0 0 0 0 0 0 0 0 0 0 0 0 0 0 0 0 0 0 0 0 0 0 0 0 0 0 0 0 0 0 0 0 0 0 0 0 0 0 0 0 0 0 0 0 0 0 0 0 0 0 0 0 0 0 0 0 0 0 0 0 0 0 0 0 0 0 0 0 0 0 0 0 0 0 0 0 0 0 0 0 0 0 0 0 0 0 0 0 0 0 0 0 0 0 0 0 0 0 0 0 0 0 0 0 0 0 0 0 0 0 0 0 0 0 0 0 0 0 0 0 0 0 0 0 0 0 0 0 0 0 0 0 0 0 0 0 0 0 0 0 0 0 0 0 0 0 0 0 0 0 0 0 0 0 0 0 0 0 0 0 0 0 0 0 0 0 0 0 0 0 0 0 0 0 0 0 0 0 0 0 0 0 0 0 0 0 0 0 0 0 0 0 0 0 0 0 0 0 0 0 0 0 0 0 0 0 0 0 0 0 0 0 0 0 0 0 0 0 0 0 0 0 0 0 0 0 0 0 0 0 0 0 0 0 0 0 0 0 0 0 0 0 0 0 0 0 0 0 0 0 0 0 0 0 0 0 0 0 0 0 0 0 0 0 0 0 0 0 0 0 0 0 0 0 0 0 0 0 0 0 0 0 0 0 0 0 0 0 0 0 0 0 0 0 0 0 0 0 0 0 0 0 0 0 0 0 0 0 0 0 0 0 0 0 0 0 0 0 0 0 0 0 0 0 0 0 0 0 0 0 0 0 0 0 0 0 0 0 0 0 0 0 0 0 0 0 0 0 0 0 0 0 0 0 0 0 0 0 0 0 0 0\nctxt 114951551\nbtime 1767127868\nprocesses 164376\nprocs_running 4\nprocs_blocked 0\nsoftirq 79234035 0 20979707 156 10235146 869 0 14710356 24071309 449 9236043\n"}
{"timestamp":1768156807,"subsystem":"/proc/meminfo","measurement":"MemTotal:        3960648 kB\nMemFree:          359444 kB\nMemAvailable:    3195628 kB\nBuffers:          113912 kB\nCached:          2845160 kB\nSwapCached:            0 kB\nActive:           670152 kB\nInactive:        2512104 kB\nActive(anon):     222276 kB\nInactive(anon):    14524 kB\nActive(file):     447876 kB\nInactive(file):  2497580 kB\nUnevictable:       30896 kB\nMlocked:           27824 kB\nSwapTotal:             0 kB\nSwapFree:              0 kB\nZswap:                 0 kB\nZswapped:              0 kB\nDirty:               968 kB\nWriteback:             0 kB\nAnonPages:        254080 kB\nMapped:           181448 kB\nShmem:              4552 kB\nKReclaimable:     188072 kB\nSlab:             281632 kB\nSReclaimable:     188072 kB\nSUnreclaim:        93560 kB\nKernelStack:        2884 kB\nPageTables:         4340 kB\nSecPageTables:         0 kB\nNFS_Unstable:          0 kB\nBounce:                0 kB\nWritebackTmp:          0 kB\nCommitLimit:     1980324 kB\nCommitted_AS:     923624 kB\nVmallocTotal:   34359738367 kB\nVmallocUsed:       36996 kB\nVmallocChunk:          0 kB\nPercpu:             5640 kB\nHardwareCorrupted:     0 kB\nAnonHugePages:    141312 kB\nShmemHugePages:        0 kB\nShmemPmdMapped:        0 kB\nFileHugePages:         0 kB\nFilePmdMapped:         0 kB\nUnaccepted:            0 kB\nHugePages_Total:       0\nHugePages_Free:        0\nHugePages_Rsvd:        0\nHugePages_Surp:        0\nHugepagesize:       2048 kB\nHugetlb:               0 kB\nDirectMap4k:      126156 kB\nDirectMap2M:     2967552 kB\nDirectMap1G:     3145728 kB\n"}
{"timestamp":1768156807,"subsystem":"/proc/net/dev","measurement":"Inter-|   Receive                                                |  Transmit\n face |bytes    packets errs drop fifo frame compressed multicast|bytes    packets errs drop fifo colls carrier compressed\n    lo: 4419375   30844    0    0    0     0          0         0  4419375   30844    0    0    0     0       0          0\n  eth0: 1410048720 4635647    0    0    0     0          0         0 1531237870 7709637    0    0    0     0       0          0\ndocker0:  282754    4373    0    0    0     0          0         0 112467745   12612    0    0    0     0       0          0\nbr-490d867fe46d:     112       4    0    0    0     0          0         0      526       5    0    0    0     0       0          0\n"}
{"timestamp":1768156807,"subsystem":"/proc/diskstats","measurement":"   7       0 loop0 278 0 5266 338 0 0 0 0 0 330 338 0 0 0 0 0 0\n   7       1 loop1 75 0 2508 40 0 0 0 0 0 36 40 0 0 0 0 0 0\n   7       2 loop2 92 0 3744 87 0 0 0 0 0 86 87 0 0 0 0 0 0\n   7       3 loop3 418 0 28930 29 0 0 0 0 0 33 29 0 0 0 0 0 0\n   7       4 loop4 10 0 20 0 0 0 0 0 0 1 0 0 0 0 0 0 0\n   7       5 loop5 0 0 0 0 0 0 0 0 0 0 0 0 0 0 0 0 0\n   7       6 loop6 0 0 0 0 0 0 0 0 0 0 0 0 0 0 0 0 0\n   7       7 loop7 0 0 0 0 0 0 0 0 0 0 0 0 0 0 0 0 0\n   8       0 sda 18866 4623 1417012 53134 1628839 1131467 44931546 7438444 0 1810612 8667969 174918 3355 113931428 558928 186522 617461\n   8       1 sda1 18456 2968 1394398 52983 1628825 1131459 44931440 7438418 0 2145171 8050328 174917 3354 113730152 558925 0 0\n   8      14 sda14 92 0 1232 22 0 0 0 0 0 25 22 0 0 0 0 0 0\n   8      15 sda15 182 1655 17670 78 2 0 2 0 0 63 81 1 1 201276 2 0 0\n   8      16 sdb 319 1 19490 98 233 1045 402016 18688 0 1194 18796 69 68 33069976 9 0 0\n   8      17 sdb1 110 1 6474 71 233 1045 402016 18688 0 1205 18769 69 68 33069976 9 0 0\n  11       0 sr0 78 0 560 15 0 0 0 0 0 12 15 0 0 0 0 0 0\n"}
{"timestamp":1768156807,"subsystem":"statfs[*]","measurement":"{\"mount_point\":\"/\",\"block_size\":4096,\"blocks_total\":7574544,\"blocks_free\":6448460,\"blocks_available\":6444364}\n{\"mount_point\":\"/boot/efi\",\"block_size\":512,\"blocks_total\":213663,\"blocks_free\":201276,\"blocks_available\":201276}\n{\"mount_point\":\"/mnt\",\"block_size\":4096,\"blocks_total\":2038135,\"blocks_free\":2038128,\"blocks_available\":1929200}\n"}
{"timestamp":1768156812,"subsystem":"/proc/cpuinfo","measurement":"processor\t: 0\nvendor_id\t: GenuineIntel\ncpu family\t: 6\nmodel\t\t: 85\nmodel name\t: Intel(R) Xeon(R) Platinum 8272CL CPU @ 2.60GHz\nstepping\t: 7\nmicrocode\t: 0xffffffff\ncpu MHz\t\t: 2992.974\ncache size\t: 36608 KB\nphysical id\t: 0\nsiblings\t: 2\ncore id\t\t: 0\ncpu cores\t: 2\napicid\t\t: 0\ninitial apicid\t: 0\nfpu\t\t: yes\nfpu_exception\t: yes\ncpuid level\t: 22\nwp\t\t: yes\nflags\t\t: fpu vme de pse tsc msr pae mce cx8 apic sep mtrr pge mca cmov pat pse36 clflush mmx fxsr sse sse2 ss ht syscall nx pdpe1gb rdtscp lm constant_tsc rep_good nopl xtopology tsc_reliable nonstop_tsc cpuid aperfmperf tsc_known_freq pni pclmulqdq ssse3 fma cx16 pcid sse4_1 sse4_2 x2apic movbe popcnt tsc_deadline_timer aes xsave avx f16c rdrand hypervisor lahf_lm abm 3dnowprefetch fsgsbase tsc_adjust bmi1 hle avx2 smep bmi2 erms invpcid rtm avx512f avx512dq rdseed adx smap clflushopt clwb avx512cd avx512bw avx512vl xsaveopt xsavec xgetbv1 xsaves avx512_vnni arch_capabilities\nbugs\t\t: spectre_v1 spectre_v2 spec_store_bypass swapgs taa mmio_stale_data retbleed bhi\nbogomips\t: 5187.80\nclflush size\t: 64\ncache_alignment\t: 64\naddress sizes\t: 46 bits physical, 48 bits virtual\npower management:\n\nprocessor\t: 1\nvendor_id\t: GenuineIntel\ncpu family\t: 6\nmodel\t\t: 85\nmodel name\t: Intel(R) Xeon(R) Platinum 8272CL CPU @ 2.60GHz\nstepping\t: 7\nmicrocode\t: 0xffffffff\ncpu MHz\t\t: 2992.931\ncache size\t: 36608 KB\nphysical id\t: 0\nsiblings\t: 2\ncore id\t\t: 1\ncpu cores\t: 2\napicid\t\t: 1\ninitial apicid\t: 1\nfpu\t\t: yes\nfpu_exception\t: yes\ncpuid level\t: 22\nwp\t\t: yes\nflags\t\t: fpu vme de pse tsc msr pae mce cx8 apic sep mtrr pge mca cmov pat pse36 clflush mmx fxsr sse sse2 ss ht syscall nx pdpe1gb rdtscp lm constant_tsc rep_good nopl xtopology tsc_reliable nonstop_tsc cpuid aperfmperf tsc_known_freq pni pclmulqdq ssse3 fma cx16 pcid sse4_1 sse4_2 x2apic movbe popcnt tsc_deadline_timer aes xsave avx f16c rdrand hypervisor lahf_lm abm 3dnowprefetch fsgsbase tsc_adjust bmi1 hle avx2 smep bmi2 erms invpcid rtm avx512f avx512dq rdseed adx smap clflushopt clwb avx512cd avx512bw avx512vl xsaveopt xsavec xgetbv1 xsaves avx512_vnni arch_capabilities\nbugs\t\t: spectre_v1 spectre_v2 spec_store_bypass swapgs taa mmio_stale_data retbleed bhi\nbogomips\t: 5187.80\nclflush size\t: 64\ncache_alignment\t: 64\naddress sizes\t: 46 bits physical, 48 bits virtual\npower management:\n\n"}
{"timestamp":1768156812,"subsystem":"/proc/stat","measurement":"cpu  453225 7673 167374 204716565 182442 0 9680 0 0 0\ncpu0 217781 3835 65270 102383816 88802 0 5497 0 0 0\ncpu1 235443 3838 102104 102332748 93639 0 4182 0 0 0\nintr 83174833 0 0 0 0 2588 0 0 0 0 0 0 0 0 0 0 0 0 0 0 0 0 0 0 0 0 0 0 0 0 0 0 0 0 0 0 0 0 0 0 0 0 0 0 0 0 0 0 0 0 0 0 0 0 0 0 0 0 0 0 0 0 0 0 0 0 0 0 0 0 0 0 0 0 0 0 0 0 0 0 0 0 0 0 0 0 0 0 0 0 0 0 0 0 0 0 0 0 0 0 0 0 0 0 0 0 0 0 0 0 0 0 0 0 0 0 0 0 0 0 0 0 0 0 0 0 0 0 0 0 0 0 0 0 0 0 0 0 0 0 0 0 0 0 0 0 0 0 0 0 0 0 0 0 0 0 0 0 0 0 0 0 0 0 0 0 0 0 0 0 0 0 0 0 0 0 0 0 0 0 0 0 0 0 0 0 0 0 0 0 0 0 0 0 0 0 0 0 0 0 0 0 0 0 0 0 0 0 0 0 0 0 0 0 0 0 0 0 0 0 0 0 0 0 0 0 0 0 0 0 0 0 0 0 0 0 0 0 0 0 0 0 0 0 0 0 0 0 0 0 0 0 0 0 0 0 0 0 0 0 0 0 0 0 0 0 0 0 0 0 0 0 0 0 0 0 0 0 0 0 0 0 0 0 0 0 0 0 0 0 0 0 0 0 0 0 0 0 0 0 0 0 0 0 0 0 0 0 0 0 0 0 0 0 0 0 0 0 0 0 0 0 0 0 0 0 0 0 0 0 0 0 0 0 0 0 0 0 0 0 0 0 0 0 0 0 0 0 0 0 0 0 0 0 0 0 0 0 0 0 0 0 0 0 0 0 0 0 0 0 0 0 0 0 0 0 0 0 0 0 0 0 0 0 0 0 0 0 0 0 0 0 0 0 0 0 0 0 0 0 0 0 0 0 0 0 0 0 0 0 0 0 0 0 0 0 0 0 0 0 0 0 0 0 0 0 0 0 0 0 0 0 0 0 0 0 0 0 0 0 0\nctxt 114952264\nbtime 1767127868\nprocesses 164380\nprocs_running 4\nprocs_blocked 0\nsoftirq 79234573 0 20979870 156 10235201 869 0 14710407 24071473 449 9236148\n"}
{"timestamp":1768156812,"subsystem":"/proc/meminfo","measurement":"MemTotal:        3960648 kB\nMemFree:          358188 kB\nMemAvailable:    3194388 kB\nBuffers:          113912 kB\nCached:          2845172 kB\nSwapCached:            0 kB\nActive:           672196 kB\nInactive:        2512116 kB\nActive(anon):     224320 kB\nInactive(anon):    14524 kB\nActive(file):     447876 kB\nInactive(file):  2497592 kB\nUnevictable:       30896 kB\nMlocked:           27824 kB\nSwapTotal:             0 kB\nSwapFree:              0 kB\nZswap:                 0 kB\nZswapped:              0 kB\nDirty:               556 kB\nWriteback:             0 kB\nAnonPages:        256124 kB\nMapped:           182124 kB\nShmem:              4552 kB\nKReclaimable:     188076 kB\nSlab:             281668 kB\nSReclaimable:     188076 kB\nSUnreclaim:        93592 kB\nKernelStack:        2944 kB\nPageTables:         4396 kB\nSecPageTables:         0 kB\nNFS_Unstable:          0 kB\nBounce:                0 kB\nWritebackTmp:          0 kB\nCommitLimit:     1980324 kB\nCommitted_AS:     931492 kB\nVmallocTotal:   34359738367 kB\nVmallocUsed:       37028 kB\nVmallocChunk:          0 kB\nPercpu:             5640 kB\nHardwareCorrupted:     0 kB\nAnonHugePages:    141312 kB\nShmemHugePages:        0 kB\nShmemPmdMapped:        0 kB\nFileHugePages:         0 kB\nFilePmdMapped:         0 kB\nUnaccepted:            0 kB\nHugePages_Total:       0\nHugePages_Free:        0\nHugePages_Rsvd:        0\nHugePages_Surp:        0\nHugepagesize:       2048 kB\nHugetlb:               0 kB\nDirectMap4k:      126156 kB\nDirectMap2M:     2967552 kB\nDirectMap1G:     3145728 kB\n"}
{"timestamp":1768156812,"subsystem":"/proc/net/dev","measurement":"Inter-|   Receive                                                |  Transmit\n face |bytes    packets errs drop fifo frame compressed multicast|bytes    packets errs drop fifo colls carrier compressed\n    lo: 4419375   30844    0    0    0     0          0         0  4419375   30844    0    0    0     0       0          0\n  eth0: 1410050363 4635668    0    0    0     0          0         0 1531240524 7709675    0    0    0     0       0          0\ndocker0:  282754    4373    0    0    0     0          0         0 112467745   12612    0    0    0     0       0          0\nbr-490d867fe46d:     112       4    0    0    0     0          0         0      526       5    0    0    0     0       0          0\n"}
{"timestamp":1768156812,"subsystem":"/proc/diskstats","measurement":"   7       0 loop0 278 0 5266 338 0 0 0 0 0 330 338 0 0 0 0 0 0\n   7       1 loop1 75 0 2508 40 0 0 0 0 0 36 40 0 0 0 0 0 0\n   7       2 loop2 92 0 3744 87 0 0 0 0 0 86 87 0 0 0 0 0 0\n   7       3 loop3 418 0 28930 29 0 0 0 0 0 33 29 0 0 0 0 0 0\n   7       4 loop4 10 0 20 0 0 0 0 0 0 1 0 0 0 0 0 0 0\n   7       5 loop5 0 0 0 0 0 0 0 0 0 0 0 0 0 0 0 0 0\n   7       6 loop6 0 0 0 0 0 0 0 0 0 0 0 0 0 0 0 0 0\n   7       7 loop7 0 0 0 0 0 0 0 0 0 0 0 0 0 0 0 0 0\n   8       0 sda 18866 4623 1417012 53134 1628886 1131470 44932394 7438457 0 1810613 8667982 174918 3355 113931428 558928 186522 617461\n   8       1 sda1 18456 2968 1394398 52983 1628872 1131462 44932288 7438431 0 2145172 8050341 174917 3354 113730152 558925 0 0\n   8      14 sda14 92 0 1232 22 0 0 0 0 0 25 22 0 0 0 0 0 0\n   8      15 sda15 182 1655 17670 78 2 0 2 0 0 63 81 1 1 201276 2 0 0\n   8      16 sdb 319 1 19490 98 233 1045 402016 18688 0 1194 18796 69 68 33069976 9 0 0\n   8      17 sdb1 110 1 6474 71 233 1045 402016 18688 0 1205 18769 69 68 33069976 9 0 0\n  11       0 sr0 78 0 560 15 0 0 0 0 0 12 15 0 0 0 0 0 0\n"}
{"timestamp":1768156812,"subsystem":"statfs[*]","measurement":"{\"mount_point\":\"/\",\"block_size\":4096,\"blocks_total\":7574544,\"blocks_free\":6448458,\"blocks_available\":6444362}\n{\"mount_point\":\"/boot/efi\",\"block_size\":512,\"blocks_total\":213663,\"blocks_free\":201276,\"blocks_available\":201276}\n{\"mount_point\":\"/mnt\",\"block_size\":4096,\"blocks_total\":2038135,\"blocks_free\":2038128,\"blocks_available\":1929200}\n"}
{"timestamp":1768156817,"subsystem":"/proc/cpuinfo","measurement":"processor\t: 0\nvendor_id\t: GenuineIntel\ncpu family\t: 6\nmodel\t\t: 85\nmodel name\t: Intel(R) Xeon(R) Platinum 8272CL CPU @ 2.60GHz\nstepping\t: 7\nmicrocode\t: 0xffffffff\ncpu MHz\t\t: 2993.018\ncache size\t: 36608 KB\nphysical id\t: 0\nsiblings\t: 2\ncore id\t\t: 0\ncpu cores\t: 2\napicid\t\t: 0\ninitial apicid\t: 0\nfpu\t\t: yes\nfpu_exception\t: yes\ncpuid level\t: 22\nwp\t\t: yes\nflags\t\t: fpu vme de pse tsc msr pae mce cx8 apic sep mtrr pge mca cmov pat pse36 clflush mmx fxsr sse sse2 ss ht syscall nx pdpe1gb rdtscp lm constant_tsc rep_good nopl xtopology tsc_reliable nonstop_tsc cpuid aperfmperf tsc_known_freq pni pclmulqdq ssse3 fma cx16 pcid sse4_1 sse4_2 x2apic movbe popcnt tsc_deadline_timer aes xsave avx f16c rdrand hypervisor lahf_lm abm 3dnowprefetch fsgsbase tsc_adjust bmi1 hle avx2 smep bmi2 erms invpcid rtm avx512f avx512dq rdseed adx smap clflushopt clwb avx512cd avx512bw avx512vl xsaveopt xsavec xgetbv1 xsaves avx512_vnni arch_capabilities\nbugs\t\t: spectre_v1 spectre_v2 spec_store_bypass swapgs taa mmio_stale_data retbleed bhi\nbogomips\t: 5187.80\nclflush size\t: 64\ncache_alignment\t: 64\naddress sizes\t: 46 bits physical, 48 bits virtual\npower management:\n\nprocessor\t: 1\nvendor_id\t: GenuineIntel\ncpu family\t: 6\nmodel\t\t: 85\nmodel name\t: Intel(R) Xeon(R) Platinum 8272CL CPU @ 2.60GHz\nstepping\t: 7\nmicrocode\t: 0xffffffff\ncpu MHz\t\t: 2992.973\ncache size\t: 36608 KB\nphysical id\t: 0\nsiblings\t: 2\ncore id\t\t: 1\ncpu cores\t: 2\napicid\t\t: 1\ninitial apicid\t: 1\nfpu\t\t: yes\nfpu_exception\t: yes\ncpuid level\t: 22\nwp\t\t: yes\nflags\t\t: fpu vme de pse tsc msr pae mce cx8 apic sep mtrr pge mca cmov pat pse36 clflush mmx fxsr sse sse2 ss ht syscall nx pdpe1gb rdtscp lm constant_tsc rep_good nopl xtopology tsc_reliable nonstop_tsc cpuid aperfmperf tsc_known_freq pni pclmulqdq ssse3 fma cx16 pcid sse4_1 sse4_2 x2apic movbe popcnt tsc_deadline_timer aes xsave avx f16c rdrand hypervisor lahf_lm abm 3dnowprefetch fsgsbase tsc_adjust bmi1 hle avx2 smep bmi2 erms invpcid rtm avx512f avx512dq rdseed adx smap clflushopt clwb avx512cd avx512bw avx512vl xsaveopt xsavec xgetbv1 xsaves avx512_vnni arch_capabilities\nbugs\t\t: spectre_v1 spectre_v2 spec_store_bypass swapgs taa mmio_stale_data retbleed bhi\nbogomips\t: 5187.80\nclflush size\t: 64\ncache_alignment\t: 64\naddress sizes\t: 46 bits physical, 48 bits virtual\npower management:\n\n"}
{"timestamp":1768156817,"subsystem":"/proc/stat","measurement":"cpu  454224 7673 167374 204716565 182442 0 9680 0 0 0\ncpu0 218281 3835 65270 102383816 88802 0 5498 0 0 0\ncpu1 235943 3838 102104 102332748 93639 0 4182 0 0 0\nintr 83185071 0 0 0 0 2588 0 0 0 0 0 0 0 0 0 0 0 0 0 0 0 0 0 0 0 0 0 0 0 0 0 0 0 0 0 0 0 0 0 0 0 0 0 0 0 0 0 0 0 0 0 0 0 0 0 0 0 0 0 0 0 0 0 0 0 0 0 0 0 0 0 0 0 0 0 0 0 0 0 0 0 0 0 0 0 0 0 0 0 0 0 0 0 0 0 0 0 0 0 0 0 0 0 0 0 0 0 0 0 0 0 0 0 0 0 0 0 0 0 0 0 0 0 0 0 0 0 0 0 0 0 0 0 0 0 0 0 0 0 0 0 0 0 0 0 0 0 0 0 0 0 0 0 0 0 0 0 0 0 0 0 0 0 0 0 0 0 0 0 0 0 0 0 0 0 0 0 0 0 0 0 0 0 0 0 0 0 0 0 0 0 0 0 0 0 0 0 0 0 0 0 0 0 0 0 0 0 0 0 0 0 0 0 0 0 0 0 0 0 0 0 0 0 0 0 0 0 0 0 0 0 0 0 0 0 0 0 0 0 0 0 0 0 0 0 0 0 0 0 0 0 0 0 0 0 0 0 0 0 0 0 0 0 0 0 0 0 0 0 0 0 0 0 0 0 0 0 0 0 0 0 0 0 0 0 0 0 0 0 0 0 0 0 0 0 0 0 0 0 0 0 0 0 0 0 0 0 0 0 0 0 0 0 0 0 0 0 0 0 0 0 0 0 0 0 0 0 0 0 0 0 0 0 0 0 0 0 0 0 0 0 0 0 0 0 0 0 0 0 0 0 0 0 0 0 0 0 0 0 0 0 0 0 0 0 0 0 0 0 0 0 0 0 0 0 0 0 0 0 0 0 0 0 0 0 0 0 0 0 0 0 0 0 0 0 0 0 0 0 0 0 0 0 0 0 0 0 0 0 0 0 0 0 0 0 0 0 0 0 0 0 0 0 0 0 0 0 0 0 0 0 0 0 0 0 0 0 0 0 0 0\nctxt 114953019\nbtime 1767127868\nprocesses 164381\nprocs_running 4\nprocs_blocked 0\nsoftirq 79235077 0 20980052 156 10235260 869 0 14710430 24071632 449 9236229\n"}
{"timestamp":1768156817,"subsystem":"/proc/meminfo","measurement":"MemTotal:        3960648 kB\nMemFree:          357180 kB\nMemAvailable:    3193388 kB\nBuffers:          113912 kB\nCached:          2845180 kB\nSwapCached:            0 kB\nActive:           672212 kB\nInactive:        2512124 kB\nActive(anon):     224336 kB\nInactive(anon):    14524 kB\nActive(file):     447876 kB\nInactive(file):  2497600 kB\nUnevictable:       30896 kB\nMlocked:           27824 kB\nSwapTotal:             0 kB\nSwapFree:              0 kB\nZswap:                 0 kB\nZswapped:              0 kB\nDirty:               496 kB\nWriteback:             0 kB\nAnonPages:        256108 kB\nMapped:           182124 kB\nShmem:              4552 kB\nKReclaimable:     188076 kB\nSlab:             281656 kB\nSReclaimable:     188076 kB\nSUnreclaim:        93580 kB\nKernelStack:        2944 kB\nPageTables:         4396 kB\nSecPageTables:         0 kB\nNFS_Unstable:          0 kB\nBounce:                0 kB\nWritebackTmp:          0 kB\nCommitLimit:     1980324 kB\nCommitted_AS:     931492 kB\nVmallocTotal:   34359738367 kB\nVmallocUsed:       37028 kB\nVmallocChunk:          0 kB\nPercpu:             5640 kB\nHardwareCorrupted:     0 kB\nAnonHugePages:    139264 kB\nShmemHugePages:        0 kB\nShmemPmdMapped:        0 kB\nFileHugePages:         0 kB\nFilePmdMapped:         0 kB\nUnaccepted:            0 kB\nHugePages_Total:       0\nHugePages_Free:        0\nHugePages_Rsvd:        0\nHugePages_Surp:        0\nHugepagesize:       2048 kB\nHugetlb:               0 kB\nDirectMap4k:      126156 kB\nDirectMap2M:     2967552 kB\nDirectMap1G:     3145728 kB\n"}
{"timestamp":1768156817,"subsystem":"/proc/net/dev","measurement":"Inter-|   Receive                                                |  Transmit\n face |bytes    packets errs drop fifo frame compressed multicast|bytes    packets errs drop fifo colls carrier compressed\n    lo: 4419375   30844    0    0    0     0          0         0  4419375   30844    0    0    0     0       0          0\n  eth0: 1410054931 4635692    0    0    0     0          0         0 1531247854 7709719    0    0    0     0       0          0\ndocker0:  282754    4373    0    0    0     0          0         0 112467745   12612    0    0    0     0       0          0\nbr-490d867fe46d:     112       4    0    0    0     0          0         0      526       5    0    0    0     0       0          0\n"}
{"timestamp":1768156817,"subsystem":"/proc/diskstats","measurement":"   7       0 loop0 278 0 5266 338 0 0 0 0 0 330 338 0 0 0 0 0 0\n   7       1 loop1 75 0 2508 40 0 0 0 0 0 36 40 0 0 0 0 0 0\n   7       2 loop2 92 0 3744 87 0 0 0 0 0 86 87 0 0 0 0 0 0\n   7       3 loop3 418 0 28930 29 0 0 0 0 0 33 29 0 0 0 0 0 0\n   7       4 loop4 10 0 20 0 0 0 0 0 0 1 0 0 0 0 0 0 0\n   7       5 loop5 0 0 0 0 0 0 0 0 0 0 0 0 0 0 0 0 0\n   7       6 loop6 0 0 0 0 0 0 0 0 0 0 0 0 0 0 0 0 0\n   7       7 loop7 0 0 0 0 0 0 0 0 0 0 0 0 0 0 0 0 0\n   8       0 sda 18866 4623 1417012 53134 1628903 1131482 44932626 7438472 0 1810624 8668005 174919 3355 113931436 558931 186523 617466\n   8       1 sda1 18456 2968 1394398 52983 1628889 1131474 44932520 7438446 0 2145183 8050359 174918 3354 113730160 558929 0 0\n   8      14 sda14 92 0 1232 22 0 0 0 0 0 25 22 0 0 0 0 0 0\n   8      15 sda15 182 1655 17670 78 2 0 2 0 0 63 81 1 1 201276 2 0 0\n   8      16 sdb 319 1 19490 98 233 1045 402016 18688 0 1194 18796 69 68 33069976 9 0 0\n   8      17 sdb1 110 1 6474 71 233 1045 402016 18688 0 1205 18769 69 68 33069976 9 0 0\n  11       0 sr0 78 0 560 15 0 0 0 0 0 12 15 0 0 0 0 0 0\n"}
{"timestamp":1768156817,"subsystem":"statfs[*]","measurement":"{\"mount_point\":\"/\",\"block_size\":4096,\"blocks_total\":7574544,\"blocks_free\":6448456,\"blocks_available\":6444360}\n{\"mount_point\":\"/boot/efi\",\"block_size\":512,\"blocks_total\":213663,\"blocks_free\":201276,\"blocks_available\":201276}\n{\"mount_point\":\"/mnt\",\"block_size\":4096,\"blocks_total\":2038135,\"blocks_free\":2038128,\"blocks_available\":1929200}\n"}
{"timestamp":1768156822,"subsystem":"/proc/cpuinfo","measurement":"processor\t: 0\nvendor_id\t: GenuineIntel\ncpu family\t: 6\nmodel\t\t: 85\nmodel name\t: Intel(R) Xeon(R) Platinum 8272CL CPU @ 2.60GHz\nstepping\t: 7\nmicrocode\t: 0xffffffff\ncpu MHz\t\t: 2992.971\ncache size\t: 36608 KB\nphysical id\t: 0\nsiblings\t: 2\ncore id\t\t: 0\ncpu cores\t: 2\napicid\t\t: 0\ninitial apicid\t: 0\nfpu\t\t: yes\nfpu_exception\t: yes\ncpuid level\t: 22\nwp\t\t: yes\nflags\t\t: fpu vme de pse tsc msr pae mce cx8 apic sep mtrr pge mca cmov pat pse36 clflush mmx fxsr sse sse2 ss ht syscall nx pdpe1gb rdtscp lm constant_tsc rep_good nopl xtopology tsc_reliable nonstop_tsc cpuid aperfmperf tsc_known_freq pni pclmulqdq ssse3 fma cx16 pcid sse4_1 sse4_2 x2apic movbe popcnt tsc_deadline_timer aes xsave avx f16c rdrand hypervisor lahf_lm abm 3dnowprefetch fsgsbase tsc_adjust bmi1 hle avx2 smep bmi2 erms invpcid rtm avx512f avx512dq rdseed adx smap clflushopt clwb avx512cd avx512bw avx512vl xsaveopt xsavec xgetbv1 xsaves avx512_vnni arch_capabilities\nbugs\t\t: spectre_v1 spectre_v2 spec_store_bypass swapgs taa mmio_stale_data retbleed bhi\nbogomips\t: 5187.80\nclflush size\t: 64\ncache_alignment\t: 64\naddress sizes\t: 46 bits physical, 48 bits virtual\npower management:\n\nprocessor\t: 1\nvendor_id\t: GenuineIntel\ncpu family\t: 6\nmodel\t\t: 85\nmodel name\t: Intel(R) Xeon(R) Platinum 8272CL CPU @ 2.60GHz\nstepping\t: 7\nmicrocode\t: 0xffffffff\ncpu MHz\t\t: 2992.993\ncache size\t: 36608 KB\nphysical id\t: 0\nsiblings\t: 2\ncore id\t\t: 1\ncpu cores\t: 2\napicid\t\t: 1\ninitial apicid\t: 1\nfpu\t\t: yes\nfpu_exception\t: yes\ncpuid level\t: 22\nwp\t\t: yes\nflags\t\t: fpu vme de pse tsc msr pae mce cx8 apic sep mtrr pge mca cmov pat pse36 clflush mmx fxsr sse sse2 ss ht syscall nx pdpe1gb rdtscp lm constant_tsc rep_good nopl xtopology tsc_reliable nonstop_tsc cpuid aperfmperf tsc_known_freq pni pclmulqdq ssse3 fma cx16 pcid sse4_1 sse4_2 x2apic movbe popcnt tsc_deadline_timer aes xsave avx f16c rdrand hypervisor lahf_lm abm 3dnowprefetch fsgsbase tsc_adjust bmi1 hle avx2 smep bmi2 erms invpcid rtm avx512f avx512dq rdseed adx smap clflushopt clwb avx512cd avx512bw avx512vl xsaveopt xsavec xgetbv1 xsaves avx512_vnni arch_capabilities\nbugs\t\t: spectre_v1 spectre_v2 spec_store_bypass swapgs taa mmio_stale_data retbleed bhi\nbogomips\t: 5187.80\nclflush size\t: 64\ncache_alignment\t: 64\naddress sizes\t: 46 bits physical, 48 bits virtual\npower management:\n\n"}
{"timestamp":1768156822,"subsystem":"/proc/stat","measurement":"cpu  455223 7673 167375 204716565 182442 0 9680 0 0 0\ncpu0 218781 3835 65270 102383816 88802 0 5498 0 0 0\ncpu1 236442 3838 102104 102332748 93639 0 4182 0 0 0\nintr 83195266 0 0 0 0 2588 0 0 0 0 0 0 0 0 0 0 0 0 0 0 0 0 0 0 0 0 0 0 0 0 0 0 0 0 0 0 0 0 0 0 0 0 0 0 0 0 0 0 0 0 0 0 0 0 0 0 0 0 0 0 0 0 0 0 0 0 0 0 0 0 0 0 0 0 0 0 0 0 0 0 0 0 0 0 0 0 0 0 0 0 0 0 0 0 0 0 0 0 0 0 0 0 0 0 0 0 0 0 0 0 0 0 0 0 0 0 0 0 0 0 0 0 0 0 0 0 0 0 0 0 0 0 0 0 0 0 0 0 0 0 0 0 0 0 0 0 0 0 0 0 0 0 0 0 0 0 0 0 0 0 0 0 0 0 0 0 0 0 0 0 0 0 0 0 0 0 0 0 0 0 0 0 0 0 0 0 0 0 0 0 0 0 0 0 0 0 0 0 0 0 0 0 0 0 0 0 0 0 0 0 0 0 0 0 0 0 0 0 0 0 0 0 0 0 0 0 0 0 0 0 0 0 0 0 0 0 0 0 0 0 0 0 0 0 0 0 0 0 0 0 0 0 0 0 0 0 0 0 0 0 0 0 0 0 0 0 0 0 0 0 0 0 0 0 0 0 0 0 0 0 0 0 0 0 0 0 0 0 0 0 0 0 0 0 0 0 0 0 0 0 0 0 0 0 0 0 0 0 0 0 0 0 0 0 0 0 0 0 0 0 0 0 0 0 0 0 0 0 0 0 0 0 0 0 0 0 0 0 0 0 0 0 0 0 0 0 0 0 0 0 0 0 0 0 0 0 0 0 0 0 0 0 0 0 0 0 0 0 0 0 0 0 0 0 0 0 0 0 0 0 0 0 0 0 0 0 0 0 0 0 0 0 0 0 0 0 0 0 0 0 0 0 0 0 0 0 0 0 0 0 0 0 0 0 0 0 0 0 0 0 0 0 0 0 0 0 0 0 0 0 0 0 0 0 0 0 0 0 0 0 0\nctxt 114953667\nbtime 1767127868\nprocesses 164382\nprocs_running 3\nprocs_blocked 0\nsoftirq 79235667 0 20980251 156 10235360 869 0 14710444 24071792 449 9236346\n"}
{"timestamp":1768156822,"subsystem":"/proc/meminfo","measurement":"MemTotal:        3960648 kB\nMemFree:          357180 kB\nMemAvailable:    3193396 kB\nBuffers:          113912 kB\nCached:          2845188 kB\nSwapCached:            0 kB\nActive:           672212 kB\nInactive:        2512132 kB\nActive(anon):     224336 kB\nInactive(anon):    14524 kB\nActive(file):     447876 kB\nInactive(file):  2497608 kB\nUnevictable:       30896 kB\nMlocked:           27824 kB\nSwapTotal:             0 kB\nSwapFree:              0 kB\nZswap:                 0 kB\nZswapped:              0 kB\nDirty:               504 kB\nWriteback:             0 kB\nAnonPages:        256112 kB\nMapped:           182124 kB\nShmem:              4552 kB\nKReclaimable:     188076 kB\nSlab:             281688 kB\nSReclaimable:     188076 kB\nSUnreclaim:        93612 kB\nKernelStack:        2944 kB\nPageTables:         4396 kB\nSecPageTables:         0 kB\nNFS_Unstable:          0 kB\nBounce:                0 kB\nWritebackTmp:          0 kB\nCommitLimit:     1980324 kB\nCommitted_AS:     931492 kB\nVmallocTotal:   34359738367 kB\nVmallocUsed:       37028 kB\nVmallocChunk:          0 kB\nPercpu:             5640 kB\nHardwareCorrupted:     0 kB\nAnonHugePages:    139264 kB\nShmemHugePages:        0 kB\nShmemPmdMapped:        0 kB\nFileHugePages:         0 kB\nFilePmdMapped:         0 kB\nUnaccepted:            0 kB\nHugePages_Total:       0\nHugePages_Free:        0\nHugePages_Rsvd:        0\nHugePages_Surp:        0\nHugepagesize:       2048 kB\nHugetlb:               0 kB\nDirectMap4k:      126156 kB\nDirectMap2M:     2967552 kB\nDirectMap1G:     3145728 kB\n"}
{"timestamp":1768156822,"subsystem":"/proc/net/dev","measurement":"Inter-|   Receive                                                |  Transmit\n face |bytes    packets errs drop fifo frame compressed multicast|bytes    packets errs drop fifo colls carrier compressed\n    lo: 4419479   30846    0    0    0     0          0         0  4419479   30846    0    0    0     0       0          0\n  eth0: 1410064623 4635737    0    0    0     0          0         0 1531258232 7709790    0    0    0     0       0          0\ndocker0:  282754    4373    0    0    0     0          0         0 112467745   12612    0    0    0     0       0          0\nbr-490d867fe46d:     112       4    0    0    0     0          0         0      526       5    0    0    0     0       0          0\n"}
{"timestamp":1768156822,"subsystem":"/proc/diskstats","measurement":"   7       0 loop0 278 0 5266 338 0 0 0 0 0 330 338 0 0 0 0 0 0\n   7       1 loop1 75 0 2508 40 0 0 0 0 0 36 40 0 0 0 0 0 0\n   7       2 loop2 92 0 3744 87 0 0 0 0 0 86 87 0 0 0 0 0 0\n   7       3 loop3 418 0 28930 29 0 0 0 0 0 33 29 0 0 0 0 0 0\n   7       4 loop4 10 0 20 0 0 0 0 0 0 1 0 0 0 0 0 0 0\n   7       5 loop5 0 0 0 0 0 0 0 0 0 0 0 0 0 0 0 0 0\n   7       6 loop6 0 0 0 0 0 0 0 0 0 0 0 0 0 0 0 0 0\n   7       7 loop7 0 0 0 0 0 0 0 0 0 0 0 0 0 0 0 0 0\n   8       0 sda 18866 4623 1417012 53134 1628909 1131488 44932746 7438478 0 1810632 8668017 174920 3355 113931444 558934 186524 617469\n   8       1 sda1 18456 2968 1394398 52983 1628895 1131480 44932640 7438452 0 2145191 8050368 174919 3354 113730168 558931 0 0\n   8      14 sda14 92 0 1232 22 0 0 0 0 0 25 22 0 0 0 0 0 0\n   8      15 sda15 182 1655 17670 78 2 0 2 0 0 63 81 1 1 201276 2 0 0\n   8      16 sdb 319 1 19490 98 233 1045 402016 18688 0 1194 18796 69 68 33069976 9 0 0\n   8      17 sdb1 110 1 6474 71 233 1045 402016 18688 0 1205 18769 69 68 33069976 9 0 0\n  11       0 sr0 78 0 560 15 0 0 0 0 0 12 15 0 0 0 0 0 0\n"}
{"timestamp":1768156822,"subsystem":"statfs[*]","measurement":"{\"mount_point\":\"/\",\"block_size\":4096,\"blocks_total\":7574544,\"blocks_free\":6448454,\"blocks_available\":6444358}\n{\"mount_point\":\"/boot/efi\",\"block_size\":512,\"blocks_total\":213663,\"blocks_free\":201276,\"blocks_available\":201276}\n{\"mount_point\":\"/mnt\",\"block_size\":4096,\"blocks_total\":2038135,\"blocks_free\":2038128,\"blocks_available\":1929200}\n"}
{"timestamp":1768156827,"subsystem":"/proc/cpuinfo","measurement":"processor\t: 0\nvendor_id\t: GenuineIntel\ncpu family\t: 6\nmodel\t\t: 85\nmodel name\t: Intel(R) Xeon(R) Platinum 8272CL CPU @ 2.60GHz\nstepping\t: 7\nmicrocode\t: 0xffffffff\ncpu MHz\t\t: 2993.003\ncache size\t: 36608 KB\nphysical id\t: 0\nsiblings\t: 2\ncore id\t\t: 0\ncpu cores\t: 2\napicid\t\t: 0\ninitial apicid\t: 0\nfpu\t\t: yes\nfpu_exception\t: yes\ncpuid level\t: 22\nwp\t\t: yes\nflags\t\t: fpu vme de pse tsc msr pae mce cx8 apic sep mtrr pge mca cmov pat pse36 clflush mmx fxsr sse sse2 ss ht syscall nx pdpe1gb rdtscp lm constant_tsc rep_good nopl xtopology tsc_reliable nonstop_tsc cpuid aperfmperf tsc_known_freq pni pclmulqdq ssse3 fma cx16 pcid sse4_1 sse4_2 x2apic movbe popcnt tsc_deadline_timer aes xsave avx f16c rdrand hypervisor lahf_lm abm 3dnowprefetch fsgsbase tsc_adjust bmi1 hle avx2 smep bmi2 erms invpcid rtm avx512f avx512dq rdseed adx smap clflushopt clwb avx512cd avx512bw avx512vl xsaveopt xsavec xgetbv1 xsaves avx512_vnni arch_capabilities\nbugs\t\t: spectre_v1 spectre_v2 spec_store_bypass swapgs taa mmio_stale_data retbleed bhi\nbogomips\t: 5187.80\nclflush size\t: 64\ncache_alignment\t: 64\naddress sizes\t: 46 bits physical, 48 bits virtual\npower management:\n\nprocessor\t: 1\nvendor_id\t: GenuineIntel\ncpu family\t: 6\nmodel\t\t: 85\nmodel name\t: Intel(R) Xeon(R) Platinum 8272CL CPU @ 2.60GHz\nstepping\t: 7\nmicrocode\t: 0xffffffff\ncpu MHz\t\t: 2992.970\ncache size\t: 36608 KB\nphysical id\t: 0\nsiblings\t: 2\ncore id\t\t: 1\ncpu cores\t: 2\napicid\t\t: 1\ninitial apicid\t: 1\nfpu\t\t: yes\nfpu_exception\t: yes\ncpuid level\t: 22\nwp\t\t: yes\nflags\t\t: fpu vme de pse tsc msr pae mce cx8 apic sep mtrr pge mca cmov pat pse36 clflush mmx fxsr sse sse2 ss ht syscall nx pdpe1gb rdtscp lm constant_tsc rep_good nopl xtopology tsc_reliable nonstop_tsc cpuid aperfmperf tsc_known_freq pni pclmulqdq ssse3 fma cx16 pcid sse4_1 sse4_2 x2apic movbe popcnt tsc_deadline_timer aes xsave avx f16c rdrand hypervisor lahf_lm abm 3dnowprefetch fsgsbase tsc_adjust bmi1 hle avx2 smep bmi2 erms invpcid rtm avx512f avx512dq rdseed adx smap clflushopt clwb avx512cd avx512bw avx512vl xsaveopt xsavec xgetbv1 xsaves avx512_vnni arch_capabilities\nbugs\t\t: spectre_v1 spectre_v2 spec_store_bypass swapgs taa mmio_stale_data retbleed bhi\nbogomips\t: 5187.80\nclflush size\t: 64\ncache_alignment\t: 64\naddress sizes\t: 46 bits physical, 48 bits virtual\npower management:\n\n"}
{"timestamp":1768156827,"subsystem":"/proc/stat","measurement":"cpu  456222 7673 167375 204716565 182442 0 9681 0 0 0\ncpu0 219280 3835 65271 102383816 88802 0 5498 0 0 0\ncpu1 236942 3838 102104 102332748 93639 0 4182 0 0 0\nintr 83205530 0 0 0 0 2588 0 0 0 0 0 0 0 0 0 0 0 0 0 0 0 0 0 0 0 0 0 0 0 0 0 0 0 0 0 0 0 0 0 0 0 0 0 0 0 0 0 0 0 0 0 0 0 0 0 0 0 0 0 0 0 0 0 0 0 0 0 0 0 0 0 0 0 0 0 0 0 0 0 0 0 0 0 0 0 0 0 0 0 0 0 0 0 0 0 0 0 0 0 0 0 0 0 0 0 0 0 0 0 0 0 0 0 0 0 0 0 0 0 0 0 0 0 0 0 0 0 0 0 0 0 0 0 0 0 0 0 0 0 0 0 0 0 0 0 0 0 0 0 0 0 0 0 0 0 0 0 0 0 0 0 0 0 0 0 0 0 0 0 0 0 0 0 0 0 0 0 0 0 0 0 0 0 0 0 0 0 0 0 0 0 0 0 0 0 0 0 0 0 0 0 0 0 0 0 0 0 0 0 0 0 0 0 0 0 0 0 0 0 0 0 0 0 0 0 0 0 0 0 0 0 0 0 0 0 0 0 0 0 0 0 0 0 0 0 0 0 0 0 0 0 0 0 0 0 0 0 0 0 0 0 0 0 0 0 0 0 0 0 0 0 0 0 0 0 0 0 0 0 0 0 0 0 0 0 0 0 0 0 0 0 0 0 0 0 0 0 0 0 0 0 0 0 0 0 0 0 0 0 0 0 0 0 0 0 0 0 0 0 0 0 0 0 0 0 0 0 0 0 0 0 0 0 0 0 0 0 0 0 0 0 0 0 0 0 0 0 0 0 0 0 0 0 0 0 0 0 0 0 0 0 0 0 0 0 0 0 0 0 0 0 0 0 0 0 0 0 0 0 0 0 0 0 0 0 0 0 0 0 0 0 0 0 0 0 0 0 0 0 0 0 0 0 0 0 0 0 0 0 0 0 0 0 0 0 0 0 0 0 0 0 0 0 0 0 0 0 0 0 0 0 0 0 0 0 0 0 0 0 0 0\nctxt 114954297\nbtime 1767127868\nprocesses 164383\nprocs_running 4\nprocs_blocked 0\nsoftirq 79236226 0 20980430 156 10235410 869 0 14710538 24071950 449 9236424\n"}
{"timestamp":1768156827,"subsystem":"/proc/meminfo","measurement":"MemTotal:        3960648 kB\nMemFree:          357180 kB\nMemAvailable:    3193404 kB\nBuffers:          113912 kB\nCached:          2845196 kB\nSwapCached:            0 kB\nActive:           672216 kB\nInactive:        2512140 kB\nActive(anon):     224340 kB\nInactive(anon):    14524 kB\nActive(file):     447876 kB\nInactive(file):  2497616 kB\nUnevictable:       30896 kB\nMlocked:           27824 kB\nSwapTotal:             0 kB\nSwapFree:              0 kB\nZswap:                 0 kB\nZswapped:              0 kB\nDirty:                36 kB\nWriteback:             0 kB\nAnonPages:        256112 kB\nMapped:           182124 kB\nShmem:              4552 kB\nKReclaimable:     188076 kB\nSlab:             281680 kB\nSReclaimable:     188076 kB\nSUnreclaim:        93604 kB\nKernelStack:        2944 kB\nPageTables:         4396 kB\nSecPageTables:         0 kB\nNFS_Unstable:          0 kB\nBounce:                0 kB\nWritebackTmp:          0 kB\nCommitLimit:     1980324 kB\nCommitted_AS:     931492 kB\nVmallocTotal:   34359738367 kB\nVmallocUsed:       37028 kB\nVmallocChunk:          0 kB\nPercpu:             5640 kB\nHardwareCorrupted:     0 kB\nAnonHugePages:    139264 kB\nShmemHugePages:        0 kB\nShmemPmdMapped:        0 kB\nFileHugePages:         0 kB\nFilePmdMapped:         0 kB\nUnaccepted:            0 kB\nHugePages_Total:       0\nHugePages_Free:        0\nHugePages_Rsvd:        0\nHugePages_Surp:        0\nHugepagesize:       2048 kB\nHugetlb:               0 kB\nDirectMap4k:      126156 kB\nDirectMap2M:     2967552 kB\nDirectMap1G:     3145728 kB\n"}
{"timestamp":1768156827,"subsystem":"/proc/net/dev","measurement":"Inter-|   Receive                                                |  Transmit\n face |bytes    packets errs drop fifo frame compressed multicast|bytes    packets errs drop fifo colls carrier compressed\n    lo: 4419479   30846    0    0    0     0          0         0  4419479   30846    0    0    0     0       0          0\n  eth0: 1410068631 4635755    0    0    0     0          0         0 1531264997 7709832    0    0    0     0       0          0\ndocker0:  282754    4373    0    0    0     0          0         0 112467745   12612    0    0    0     0       0          0\nbr-490d867fe46d:     112       4    0    0    0     0          0         0      526       5    0    0    0     0       0          0\n"}
{"timestamp":1768156827,"subsystem":"/proc/diskstats","measurement":"   7       0 loop0 278 0 5266 338 0 0 0 0 0 330 338 0 0 0 0 0 0\n   7       1 loop1 75 0 2508 40 0 0 0 0 0 36 40 0 0 0 0 0 0\n   7       2 loop2 92 0 3744 87 0 0 0 0 0 86 87 0 0 0 0 0 0\n   7       3 loop3 418 0 28930 29 0 0 0 0 0 33 29 0 0 0 0 0 0\n   7       4 loop4 10 0 20 0 0 0 0 0 0 1 0 0 0 0 0 0 0\n   7       5 loop5 0 0 0 0 0 0 0 0 0 0 0 0 0 0 0 0 0\n   7       6 loop6 0 0 0 0 0 0 0 0 0 0 0 0 0 0 0 0 0\n   7       7 loop7 0 0 0 0 0 0 0 0 0 0 0 0 0 0 0 0 0\n   8       0 sda 18866 4623 1417012 53134 1628995 1131494 44933770 7438513 0 1810641 8668058 174921 3355 113931452 558938 186525 617472\n   8       1 sda1 18456 2968 1394398 52983 1628981 1131486 44933664 7438486 0 2145200 8050406 174920 3354 113730176 558935 0 0\n   8      14 sda14 92 0 1232 22 0 0 0 0 0 25 22 0 0 0 0 0 0\n   8      15 sda15 182 1655 17670 78 2 0 2 0 0 63 81 1 1 201276 2 0 0\n   8      16 sdb 319 1 19490 98 233 1045 402016 18688 0 1194 18796 69 68 33069976 9 0 0\n   8      17 sdb1 110 1 6474 71 233 1045 402016 18688 0 1205 18769 69 68 33069976 9 0 0\n  11       0 sr0 78 0 560 15 0 0 0 0 0 12 15 0 0 0 0 0 0\n"}
{"timestamp":1768156827,"subsystem":"statfs[*]","measurement":"{\"mount_point\":\"/\",\"block_size\":4096,\"blocks_total\":7574544,\"blocks_free\":6448452,\"blocks_available\":6444356}\n{\"mount_point\":\"/boot/efi\",\"block_size\":512,\"blocks_total\":213663,\"blocks_free\":201276,\"blocks_available\":201276}\n{\"mount_point\":\"/mnt\",\"block_size\":4096,\"blocks_total\":2038135,\"blocks_free\":2038128,\"blocks_available\":1929200}\n"}
{"timestamp":1768156832,"subsystem":"/proc/cpuinfo","measurement":"processor\t: 0\nvendor_id\t: GenuineIntel\ncpu family\t: 6\nmodel\t\t: 85\nmodel name\t: Intel(R) Xeon(R) Platinum 8272CL CPU @ 2.60GHz\nstepping\t: 7\nmicrocode\t: 0xffffffff\ncpu MHz\t\t: 2992.966\ncache size\t: 36608 KB\nphysical id\t: 0\nsiblings\t: 2\ncore id\t\t: 0\ncpu cores\t: 2\napicid\t\t: 0\ninitial apicid\t: 0\nfpu\t\t: yes\nfpu_exception\t: yes\ncpuid level\t: 22\nwp\t\t: yes\nflags\t\t: fpu vme de pse tsc msr pae mce cx8 apic sep mtrr pge mca cmov pat pse36 clflush mmx fxsr sse sse2 ss ht syscall nx pdpe1gb rdtscp lm constant_tsc rep_good nopl xtopology tsc_reliable nonstop_tsc cpuid aperfmperf tsc_known_freq pni pclmulqdq ssse3 fma cx16 pcid sse4_1 sse4_2 x2apic movbe popcnt tsc_deadline_timer aes xsave avx f16c rdrand hypervisor lahf_lm abm 3dnowprefetch fsgsbase tsc_adjust bmi1 hle avx2 smep bmi2 erms invpcid rtm avx512f avx512dq rdseed adx smap clflushopt clwb avx512cd avx512bw avx512vl xsaveopt xsavec xgetbv1 xsaves avx512_vnni arch_capabilities\nbugs\t\t: spectre_v1 spectre_v2 spec_store_bypass swapgs taa mmio_stale_data retbleed bhi\nbogomips\t: 5187.80\nclflush size\t: 64\ncache_alignment\t: 64\naddress sizes\t: 46 bits physical, 48 bits virtual\npower management:\n\nprocessor\t: 1\nvendor_id\t: GenuineIntel\ncpu family\t: 6\nmodel\t\t: 85\nmodel name\t: Intel(R) Xeon(R) Platinum 8272CL CPU @ 2.60GHz\nstepping\t: 7\nmicrocode\t: 0xffffffff\ncpu MHz\t\t: 2992.588\ncache size\t: 36608 KB\nphysical id\t: 0\nsiblings\t: 2\ncore id\t\t: 1\ncpu cores\t: 2\napicid\t\t: 1\ninitial apicid\t: 1\nfpu\t\t: yes\nfpu_exception\t: yes\ncpuid level\t: 22\nwp\t\t: yes\nflags\t\t: fpu vme de pse tsc msr pae mce cx8 apic sep mtrr pge mca cmov pat pse36 clflush mmx fxsr sse sse2 ss ht syscall nx pdpe1gb rdtscp lm constant_tsc rep_good nopl xtopology tsc_reliable nonstop_tsc cpuid aperfmperf tsc_known_freq pni pclmulqdq ssse3 fma cx16 pcid sse4_1 sse4_2 x2apic movbe popcnt tsc_deadline_timer aes xsave avx f16c rdrand hypervisor lahf_lm abm 3dnowprefetch fsgsbase tsc_adjust bmi1 hle avx2 smep bmi2 erms invpcid rtm avx512f avx512dq rdseed adx smap clflushopt clwb avx512cd avx512bw avx512vl xsaveopt xsavec xgetbv1 xsaves avx512_vnni arch_capabilities\nbugs\t\t: spectre_v1 spectre_v2 spec_store_bypass swapgs taa mmio_stale_data retbleed bhi\nbogomips\t: 5187.80\nclflush size\t: 64\ncache_alignment\t: 64\naddress sizes\t: 46 bits physical, 48 bits virtual\npower management:\n\n"}
{"timestamp":1768156832,"subsystem":"/proc/stat","measurement":"cpu  457222 7673 167376 204716565 182442 0 9681 0 0 0\ncpu0 219780 3835 65271 102383816 88802 0 5498 0 0 0\ncpu1 237442 3838 102104 102332748 93639 0 4182 0 0 0\nintr 83215776 0 0 0 0 2588 0 0 0 0 0 0 0 0 0 0 0 0 0 0 0 0 0 0 0 0 0 0 0 0 0 0 0 0 0 0 0 0 0 0 0 0 0 0 0 0 0 0 0 0 0 0 0 0 0 0 0 0 0 0 0 0 0 0 0 0 0 0 0 0 0 0 0 0 0 0 0 0 0 0 0 0 0 0 0 0 0 0 0 0 0 0 0 0 0 0 0 0 0 0 0 0 0 0 0 0 0 0 0 0 0 0 0 0 0 0 0 0 0 0 0 0 0 0 0 0 0 0 0 0 0 0 0 0 0 0 0 0 0 0 0 0 0 0 0 0 0 0 0 0 0 0 0 0 0 0 0 0 0 0 0 0 0 0 0 0 0 0 0 0 0 0 0 0 0 0 0 0 0 0 0 0 0 0 0 0 0 0 0 0 0 0 0 0 0 0 0 0 0 0 0 0 0 0 0 0 0 0 0 0 0 0 0 0 0 0 0 0 0 0 0 0 0 0 0 0 0 0 0 0 0 0 0 0 0 0 0 0 0 0 0 0 0 0 0 0 0 0 0 0 0 0 0 0 0 0 0 0 0 0 0 0 0 0 0 0 0 0 0 0 0 0 0 0 0 0 0 0 0 0 0 0 0 0 0 0 0 0 0 0 0 0 0 0 0 0 0 0 0 0 0 0 0 0 0 0 0 0 0 0 0 0 0 0 0 0 0 0 0 0 0 0 0 0 0 0 0 0 0 0 0 0 0 0 0 0 0 0 0 0 0 0 0 0 0 0 0 0 0 0 0 0 0 0 0 0 0 0 0 0 0 0 0 0 0 0 0 0 0 0 0 0 0 0 0 0 0 0 0 0 0 0 0 0 0 0 0 0 0 0 0 0 0 0 0 0 0 0 0 0 0 0 0 0 0 0 0 0 0 0 0 0 0 0 0 0 0 0 0 0 0 0 0 0 0 0 0 0 0 0 0 0 0 0 0 0 0 0 0 0 0\nctxt 114955020\nbtime 1767127868\nprocesses 164384\nprocs_running 3\nprocs_blocked 0\nsoftirq 79236725 0 20980618 156 10235473 869 0 14710550 24072109 449 9236501\n"}
{"timestamp":1768156832,"subsystem":"/proc/meminfo","measurement":"MemTotal:        3960648 kB\nMemFree:          357180 kB\nMemAvailable:    3193412 kB\nBuffers:          113912 kB\nCached:          2845204 kB\nSwapCached:            0 kB\nActive:           672220 kB\nInactive:        2512148 kB\nActive(anon):     224344 kB\nInactive(anon):    14524 kB\nActive(file):     447876 kB\nInactive(file):  2497624 kB\nUnevictable:       30896 kB\nMlocked:           27824 kB\nSwapTotal:             0 kB\nSwapFree:              0 kB\nZswap:                 0 kB\nZswapped:              0 kB\nDirty:                32 kB\nWriteback:             0 kB\nAnonPages:        256116 kB\nMapped:           182124 kB\nShmem:              4552 kB\nKReclaimable:     188076 kB\nSlab:             281680 kB\nSReclaimable:     188076 kB\nSUnreclaim:        93604 kB\nKernelStack:        2944 kB\nPageTables:         4396 kB\nSecPageTables:         0 kB\nNFS_Unstable:          0 kB\nBounce:                0 kB\nWritebackTmp:          0 kB\nCommitLimit:     1980324 kB\nCommitted_AS:     931492 kB\nVmallocTotal:   34359738367 kB\nVmallocUsed:       37028 kB\nVmallocChunk:          0 kB\nPercpu:             5640 kB\nHardwareCorrupted:     0 kB\nAnonHugePages:    139264 kB\nShmemHugePages:        0 kB\nShmemPmdMapped:        0 kB\nFileHugePages:         0 kB\nFilePmdMapped:         0 kB\nUnaccepted:            0 kB\nHugePages_Total:       0\nHugePages_Free:        0\nHugePages_Rsvd:        0\nHugePages_Surp:        0\nHugepagesize:       2048 kB\nHugetlb:               0 kB\nDirectMap4k:      126156 kB\nDirectMap2M:     2967552 kB\nDirectMap1G:     3145728 kB\n"}
{"timestamp":1768156832,"subsystem":"/proc/net/dev","measurement":"Inter-|   Receive                                                |  Transmit\n face |bytes    packets errs drop fifo frame compressed multicast|bytes    packets errs drop fifo colls carrier compressed\n    lo: 4419479   30846    0    0    0     0          0         0  4419479   30846    0    0    0     0       0          0\n  eth0: 1410073418 4635781    0    0    0     0          0         0 1531275225 7709879    0    0    0     0       0          0\ndocker0:  282754    4373    0    0    0     0          0         0 112467745   12612    0    0    0     0       0          0\nbr-490d867fe46d:     112       4    0    0    0     0          0         0      526       5    0    0    0     0       0          0\n"}
{"timestamp":1768156832,"subsystem":"/proc/diskstats","measurement":"   7       0 loop0 278 0 5266 338 0 0 0 0 0 330 338 0 0 0 0 0 0\n   7       1 loop1 75 0 2508 40 0 0 0 0 0 36 40 0 0 0 0 0 0\n   7       2 loop2 92 0 3744 87 0 0 0 0 0 86 87 0 0 0 0 0 0\n   7       3 loop3 418 0 28930 29 0 0 0 0 0 33 29 0 0 0 0 0 0\n   7       4 loop4 10 0 20 0 0 0 0 0 0 1 0 0 0 0 0 0 0\n   7       5 loop5 0 0 0 0 0 0 0 0 0 0 0 0 0 0 0 0 0\n   7       6 loop6 0 0 0 0 0 0 0 0 0 0 0 0 0 0 0 0 0\n   7       7 loop7 0 0 0 0 0 0 0 0 0 0 0 0 0 0 0 0 0\n   8       0 sda 18866 4623 1417012 53134 1629000 1131501 44933890 7438520 0 1810650 8668071 174922 3355 113931460 558941 186526 617475\n   8       1 sda1 18456 2968 1394398 52983 1628986 1131493 44933784 7438493 0 2145209 8050416 174921 3354 113730184 558938 0 0\n   8      14 sda14 92 0 1232 22 0 0 0 0 0 25 22 0 0 0 0 0 0\n   8      15 sda15 182 1655 17670 78 2 0 2 0 0 63 81 1 1 201276 2 0 0\n   8      16 sdb 319 1 19490 98 233 1045 402016 18688 0 1194 18796 69 68 33069976 9 0 0\n   8      17 sdb1 110 1 6474 71 233 1045 402016 18688 0 1205 18769 69 68 33069976 9 0 0\n  11       0 sr0 78 0 560 15 0 0 0 0 0 12 15 0 0 0 0 0 0\n"}
{"timestamp":1768156832,"subsystem":"statfs[*]","measurement":"{\"mount_point\":\"/\",\"block_size\":4096,\"blocks_total\":7574544,\"blocks_free\":6448450,\"blocks_available\":6444354}\n{\"mount_point\":\"/boot/efi\",\"block_size\":512,\"blocks_total\":213663,\"blocks_free\":201276,\"blocks_available\":201276}\n{\"mount_point\":\"/mnt\",\"block_size\":4096,\"blocks_total\":2038135,\"blocks_free\":2038128,\"blocks_available\":1929200}\n"}
{"timestamp":1768156837,"subsystem":"/proc/cpuinfo","measurement":"processor\t: 0\nvendor_id\t: GenuineIntel\ncpu family\t: 6\nmodel\t\t: 85\nmodel name\t: Intel(R) Xeon(R) Platinum 8272CL CPU @ 2.60GHz\nstepping\t: 7\nmicrocode\t: 0xffffffff\ncpu MHz\t\t: 2993.026\ncache size\t: 36608 KB\nphysical id\t: 0\nsiblings\t: 2\ncore id\t\t: 0\ncpu cores\t: 2\napicid\t\t: 0\ninitial apicid\t: 0\nfpu\t\t: yes\nfpu_exception\t: yes\ncpuid level\t: 22\nwp\t\t: yes\nflags\t\t: fpu vme de pse tsc msr pae mce cx8 apic sep mtrr pge mca cmov pat pse36 clflush mmx fxsr sse sse2 ss ht syscall nx pdpe1gb rdtscp lm constant_tsc rep_good nopl xtopology tsc_reliable nonstop_tsc cpuid aperfmperf tsc_known_freq pni pclmulqdq ssse3 fma cx16 pcid sse4_1 sse4_2 x2apic movbe popcnt tsc_deadline_timer aes xsave avx f16c rdrand hypervisor lahf_lm abm 3dnowprefetch fsgsbase tsc_adjust bmi1 hle avx2 smep bmi2 erms invpcid rtm avx512f avx512dq rdseed adx smap clflushopt clwb avx512cd avx512bw avx512vl xsaveopt xsavec xgetbv1 xsaves avx512_vnni arch_capabilities\nbugs\t\t: spectre_v1 spectre_v2 spec_store_bypass swapgs taa mmio_stale_data retbleed bhi\nbogomips\t: 5187.80\nclflush size\t: 64\ncache_alignment\t: 64\naddress sizes\t: 46 bits physical, 48 bits virtual\npower management:\n\nprocessor\t: 1\nvendor_id\t: GenuineIntel\ncpu family\t: 6\nmodel\t\t: 85\nmodel name\t: Intel(R) Xeon(R) Platinum 8272CL CPU @ 2.60GHz\nstepping\t: 7\nmicrocode\t: 0xffffffff\ncpu MHz\t\t: 2993.185\ncache size\t: 36608 KB\nphysical id\t: 0\nsiblings\t: 2\ncore id\t\t: 1\ncpu cores\t: 2\napicid\t\t: 1\ninitial apicid\t: 1\nfpu\t\t: yes\nfpu_exception\t: yes\ncpuid level\t: 22\nwp\t\t: yes\nflags\t\t: fpu vme de pse tsc msr pae mce cx8 apic sep mtrr pge mca cmov pat pse36 clflush mmx fxsr sse sse2 ss ht syscall nx pdpe1gb rdtscp lm constant_tsc rep_good nopl xtopology tsc_reliable nonstop_tsc cpuid aperfmperf tsc_known_freq pni pclmulqdq ssse3 fma cx16 pcid sse4_1 sse4_2 x2apic movbe popcnt tsc_deadline_timer aes xsave avx f16c rdrand hypervisor lahf_lm abm 3dnowprefetch fsgsbase tsc_adjust bmi1 hle avx2 smep bmi2 erms invpcid rtm avx512f avx512dq rdseed adx smap clflushopt clwb avx512cd avx512bw avx512vl xsaveopt xsavec xgetbv1 xsaves avx512_vnni arch_capabilities\nbugs\t\t: spectre_v1 spectre_v2 spec_store_bypass swapgs taa mmio_stale_data retbleed bhi\nbogomips\t: 5187.80\nclflush size\t: 64\ncache_alignment\t: 64\naddress sizes\t: 46 bits physical, 48 bits virtual\npower management:\n\n"}
{"timestamp":1768156837,"subsystem":"/proc/stat","measurement":"cpu  458221 7673 167377 204716565 182442 0 9681 0 0 0\ncpu0 220279 3835 65272 102383816 88802 0 5498 0 0 0\ncpu1 237941 3838 102105 102332748 93639 0 4183 0 0 0\nintr 83226090 0 0 0 0 2588 0 0 0 0 0 0 0 0 0 0 0 0 0 0 0 0 0 0 0 0 0 0 0 0 0 0 0 0 0 0 0 0 0 0 0 0 0 0 0 0 0 0 0 0 0 0 0 0 0 0 0 0 0 0 0 0 0 0 0 0 0 0 0 0 0 0 0 0 0 0 0 0 0 0 0 0 0 0 0 0 0 0 0 0 0 0 0 0 0 0 0 0 0 0 0 0 0 0 0 0 0 0 0 0 0 0 0 0 0 0 0 0 0 0 0 0 0 0 0 0 0 0 0 0 0 0 0 0 0 0 0 0 0 0 0 0 0 0 0 0 0 0 0 0 0 0 0 0 0 0 0 0 0 0 0 0 0 0 0 0 0 0 0 0 0 0 0 0 0 0 0 0 0 0 0 0 0 0 0 0 0 0 0 0 0 0 0 0 0 0 0 0 0 0 0 0 0 0 0 0 0 0 0 0 0 0 0 0 0 0 0 0 0 0 0 0 0 0 0 0 0 0 0 0 0 0 0 0 0 0 0 0 0 0 0 0 0 0 0 0 0 0 0 0 0 0 0 0 0 0 0 0 0 0 0 0 0 0 0 0 0 0 0 0 0 0 0 0 0 0 0 0 0 0 0 0 0 0 0 0 0 0 0 0 0 0 0 0 0 0 0 0 0 0 0 0 0 0 0 0 0 0 0 0 0 0 0 0 0 0 0 0 0 0 0 0 0 0 0 0 0 0 0 0 0 0 0 0 0 0 0 0 0 0 0 0 0 0 0 0 0 0 0 0 0 0 0 0 0 0 0 0 0 0 0 0 0 0 0 0 0 0 0 0 0 0 0 0 0 0 0 0 0 0 0 0 0 0 0 0 0 0 0 0 0 0 0 0 0 0 0 0 0 0 0 0 0 0 0 0 0 0 0 0 0 0 0 0 0 0 0 0 0 0 0 0 0 0 0 0 0 0 0 0 0 0 0 0 0 0 0 0 0 0 0\nctxt 114955918\nbtime 1767127868\nprocesses 164387\nprocs_running 4\nprocs_blocked 0\nsoftirq 79237418 0 20980819 156 10235575 869 0 14710561 24072268 449 9236721\n"}
{"timestamp":1768156837,"subsystem":"/proc/meminfo","measurement":"MemTotal:        3960648 kB\nMemFree:          360392 kB\nMemAvailable:    3196632 kB\nBuffers:          113912 kB\nCached:          2845212 kB\nSwapCached:            0 kB\nActive:           672256 kB\nInactive:        2512156 kB\nActive(anon):     224380 kB\nInactive(anon):    14524 kB\nActive(file):     447876 kB\nInactive(file):  2497632 kB\nUnevictable:       30896 kB\nMlocked:           27824 kB\nSwapTotal:             0 kB\nSwapFree:              0 kB\nZswap:                 0 kB\nZswapped:              0 kB\nDirty:               164 kB\nWriteback:             0 kB\nAnonPages:        256152 kB\nMapped:           182124 kB\nShmem:              4552 kB\nKReclaimable:     188076 kB\nSlab:             281680 kB\nSReclaimable:     188076 kB\nSUnreclaim:        93604 kB\nKernelStack:        2944 kB\nPageTables:         4396 kB\nSecPageTables:         0 kB\nNFS_Unstable:          0 kB\nBounce:                0 kB\nWritebackTmp:          0 kB\nCommitLimit:     1980324 kB\nCommitted_AS:     931492 kB\nVmallocTotal:   34359738367 kB\nVmallocUsed:       37028 kB\nVmallocChunk:          0 kB\nPercpu:             5640 kB\nHardwareCorrupted:     0 kB\nAnonHugePages:    139264 kB\nShmemHugePages:        0 kB\nShmemPmdMapped:        0 kB\nFileHugePages:         0 kB\nFilePmdMapped:         0 kB\nUnaccepted:            0 kB\nHugePages_Total:       0\nHugePages_Free:        0\nHugePages_Rsvd:        0\nHugePages_Surp:        0\nHugepagesize:       2048 kB\nHugetlb:               0 kB\nDirectMap4k:      126156 kB\nDirectMap2M:     2967552 kB\nDirectMap1G:     3145728 kB\n"}
{"timestamp":1768156837,"subsystem":"/proc/net/dev","measurement":"Inter-|   Receive                                                |  Transmit\n face |bytes    packets errs drop fifo frame compressed multicast|bytes    packets errs drop fifo colls carrier compressed\n    lo: 4420163   30851    0    0    0     0          0         0  4420163   30851    0    0    0     0       0          0\n  eth0: 1410081014 4635830    0    0    0     0          0         0 1531286181 7709940    0    0    0     0       0          0\ndocker0:  282754    4373    0    0    0     0          0         0 112467745   12612    0    0    0     0       0          0\nbr-490d867fe46d:     112       4    0    0    0     0          0         0      526       5    0    0    0     0       0          0\n"}
{"timestamp":1768156837,"subsystem":"/proc/diskstats","measurement":"   7       0 loop0 278 0 5266 338 0 0 0 0 0 330 338 0 0 0 0 0 0\n   7       1 loop1 75 0 2508 40 0 0 0 0 0 36 40 0 0 0 0 0 0\n   7       2 loop2 92 0 3744 87 0 0 0 0 0 86 87 0 0 0 0 0 0\n   7       3 loop3 418 0 28930 29 0 0 0 0 0 33 29 0 0 0 0 0 0\n   7       4 loop4 10 0 20 0 0 0 0 0 0 1 0 0 0 0 0 0 0\n   7       5 loop5 0 0 0 0 0 0 0 0 0 0 0 0 0 0 0 0 0\n   7       6 loop6 0 0 0 0 0 0 0 0 0 0 0 0 0 0 0 0 0\n   7       7 loop7 0 0 0 0 0 0 0 0 0 0 0 0 0 0 0 0 0\n   8       0 sda 18866 4623 1417012 53134 1629003 1131509 44933978 7438525 0 1810658 8668082 174923 3355 113931468 558944 186527 617478\n   8       1 sda1 18456 2968 1394398 52983 1628989 1131501 44933872 7438499 0 2145217 8050424 174922 3354 113730192 558941 0 0\n   8      14 sda14 92 0 1232 22 0 0 0 0 0 25 22 0 0 0 0 0 0\n   8      15 sda15 182 1655 17670 78 2 0 2 0 0 63 81 1 1 201276 2 0 0\n   8      16 sdb 319 1 19490 98 233 1045 402016 18688 0 1194 18796 69 68 33069976 9 0 0\n   8      17 sdb1 110 1 6474 71 233 1045 402016 18688 0 1205 18769 69 68 33069976 9 0 0\n  11       0 sr0 78 0 560 15 0 0 0 0 0 12 15 0 0 0 0 0 0\n"}
{"timestamp":1768156837,"subsystem":"statfs[*]","measurement":"{\"mount_point\":\"/\",\"block_size\":4096,\"blocks_total\":7574544,\"blocks_free\":6448448,\"blocks_available\":6444352}\n{\"mount_point\":\"/boot/efi\",\"block_size\":512,\"blocks_total\":213663,\"blocks_free\":201276,\"blocks_available\":201276}\n{\"mount_point\":\"/mnt\",\"block_size\":4096,\"blocks_total\":2038135,\"blocks_free\":2038128,\"blocks_available\":1929200}\n"}
{"timestamp":1768156842,"subsystem":"/proc/cpuinfo","measurement":"processor\t: 0\nvendor_id\t: GenuineIntel\ncpu family\t: 6\nmodel\t\t: 85\nmodel name\t: Intel(R) Xeon(R) Platinum 8272CL CPU @ 2.60GHz\nstepping\t: 7\nmicrocode\t: 0xffffffff\ncpu MHz\t\t: 2992.978\ncache size\t: 36608 KB\nphysical id\t: 0\nsiblings\t: 2\ncore id\t\t: 0\ncpu cores\t: 2\napicid\t\t: 0\ninitial apicid\t: 0\nfpu\t\t: yes\nfpu_exception\t: yes\ncpuid level\t: 22\nwp\t\t: yes\nflags\t\t: fpu vme de pse tsc msr pae mce cx8 apic sep mtrr pge mca cmov pat pse36 clflush mmx fxsr sse sse2 ss ht syscall nx pdpe1gb rdtscp lm constant_tsc rep_good nopl xtopology tsc_reliable nonstop_tsc cpuid aperfmperf tsc_known_freq pni pclmulqdq ssse3 fma cx16 pcid sse4_1 sse4_2 x2apic movbe popcnt tsc_deadline_timer aes xsave avx f16c rdrand hypervisor lahf_lm abm 3dnowprefetch fsgsbase tsc_adjust bmi1 hle avx2 smep bmi2 erms invpcid rtm avx512f avx512dq rdseed adx smap clflushopt clwb avx512cd avx512bw avx512vl xsaveopt xsavec xgetbv1 xsaves avx512_vnni arch_capabilities\nbugs\t\t: spectre_v1 spectre_v2 spec_store_bypass swapgs taa mmio_stale_data retbleed bhi\nbogomips\t: 5187.80\nclflush size\t: 64\ncache_alignment\t: 64\naddress sizes\t: 46 bits physical, 48 bits virtual\npower management:\n\nprocessor\t: 1\nvendor_id\t: GenuineIntel\ncpu family\t: 6\nmodel\t\t: 85\nmodel name\t: Intel(R) Xeon(R) Platinum 8272CL CPU @ 2.60GHz\nstepping\t: 7\nmicrocode\t: 0xffffffff\ncpu MHz\t\t: 2992.965\ncache size\t: 36608 KB\nphysical id\t: 0\nsiblings\t: 2\ncore id\t\t: 1\ncpu cores\t: 2\napicid\t\t: 1\ninitial apicid\t: 1\nfpu\t\t: yes\nfpu_exception\t: yes\ncpuid level\t: 22\nwp\t\t: yes\nflags\t\t: fpu vme de pse tsc msr pae mce cx8 apic sep mtrr pge mca cmov pat pse36 clflush mmx fxsr sse sse2 ss ht syscall nx pdpe1gb rdtscp lm constant_tsc rep_good nopl xtopology tsc_reliable nonstop_tsc cpuid aperfmperf tsc_known_freq pni pclmulqdq ssse3 fma cx16 pcid sse4_1 sse4_2 x2apic movbe popcnt tsc_deadline_timer aes xsave avx f16c rdrand hypervisor lahf_lm abm 3dnowprefetch fsgsbase tsc_adjust bmi1 hle avx2 smep bmi2 erms invpcid rtm avx512f avx512dq rdseed adx smap clflushopt clwb avx512cd avx512bw avx512vl xsaveopt xsavec xgetbv1 xsaves avx512_vnni arch_capabilities\nbugs\t\t: spectre_v1 spectre_v2 spec_store_bypass swapgs taa mmio_stale_data retbleed bhi\nbogomips\t: 5187.80\nclflush size\t: 64\ncache_alignment\t: 64\naddress sizes\t: 46 bits physical, 48 bits virtual\npower management:\n\n"}
{"timestamp":1768156842,"subsystem":"/proc/stat","measurement":"cpu  459220 7673 167377 204716565 182442 0 9681 0 0 0\ncpu0 220779 3835 65272 102383816 88802 0 5498 0 0 0\ncpu1 238441 3838 102105 102332748 93639 0 4183 0 0 0\nintr 83236249 0 0 0 0 2588 0 0 0 0 0 0 0 0 0 0 0 0 0 0 0 0 0 0 0 0 0 0 0 0 0 0 0 0 0 0 0 0 0 0 0 0 0 0 0 0 0 0 0 0 0 0 0 0 0 0 0 0 0 0 0 0 0 0 0 0 0 0 0 0 0 0 0 0 0 0 0 0 0 0 0 0 0 0 0 0 0 0 0 0 0 0 0 0 0 0 0 0 0 0 0 0 0 0 0 0 0 0 0 0 0 0 0 0 0 0 0 0 0 0 0 0 0 0 0 0 0 0 0 0 0 0 0 0 0 0 0 0 0 0 0 0 0 0 0 0 0 0 0 0 0 0 0 0 0 0 0 0 0 0 0 0 0 0 0 0 0 0 0 0 0 0 0 0 0 0 0 0 0 0 0 0 0 0 0 0 0 0 0 0 0 0 0 0 0 0 0 0 0 0 0 0 0 0 0 0 0 0 0 0 0 0 0 0 0 0 0 0 0 0 0 0 0 0 0 0 0 0 0 0 0 0 0 0 0 0 0 0 0 0 0 0 0 0 0 0 0 0 0 0 0 0 0 0 0 0 0 0 0 0 0 0 0 0 0 0 0 0 0 0 0 0 0 0 0 0 0 0 0 0 0 0 0 0 0 0 0 0 0 0 0 0 0 0 0 0 0 0 0 0 0 0 0 0 0 0 0 0 0 0 0 0 0 0 0 0 0 0 0 0 0 0 0 0 0 0 0 0 0 0 0 0 0 0 0 0 0 0 0 0 0 0 0 0 0 0 0 0 0 0 0 0 0 0 0 0 0 0 0 0 0 0 0 0 0 0 0 0 0 0 0 0 0 0 0 0 0 0 0 0 0 0 0 0 0 0 0 0 0 0 0 0 0 0 0 0 0 0 0 0 0 0 0 0 0 0 0 0 0 0 0 0 0 0 0 0 0 0 0 0 0 0 0 0 0 0 0 0 0 0 0 0 0 0 0 0 0 0 0 0 0\nctxt 114956526\nbtime 1767127868\nprocesses 164388\nprocs_running 3\nprocs_blocked 0\nsoftirq 79237883 0 20981007 156 10235606 869 0 14710571 24072428 449 9236797\n"}
{"timestamp":1768156842,"subsystem":"/proc/meminfo","measurement":"MemTotal:        3960648 kB\nMemFree:          358884 kB\nMemAvailable:    3195132 kB\nBuffers:          113912 kB\nCached:          2845220 kB\nSwapCached:            0 kB\nActive:           672268 kB\nInactive:        2512164 kB\nActive(anon):     224392 kB\nInactive(anon):    14524 kB\nActive(file):     447876 kB\nInactive(file):  2497640 kB\nUnevictable:       30896 kB\nMlocked:           27824 kB\nSwapTotal:             0 kB\nSwapFree:              0 kB\nZswap:                 0 kB\nZswapped:              0 kB\nDirty:               152 kB\nWriteback:             0 kB\nAnonPages:        256164 kB\nMapped:           182124 kB\nShmem:              4552 kB\nKReclaimable:     188076 kB\nSlab:             281680 kB\nSReclaimable:     188076 kB\nSUnreclaim:        93604 kB\nKernelStack:        2944 kB\nPageTables:         4396 kB\nSecPageTables:         0 kB\nNFS_Unstable:          0 kB\nBounce:                0 kB\nWritebackTmp:          0 kB\nCommitLimit:     1980324 kB\nCommitted_AS:     931492 kB\nVmallocTotal:   34359738367 kB\nVmallocUsed:       37028 kB\nVmallocChunk:          0 kB\nPercpu:             5640 kB\nHardwareCorrupted:     0 kB\nAnonHugePages:    139264 kB\nShmemHugePages:        0 kB\nShmemPmdMapped:        0 kB\nFileHugePages:         0 kB\nFilePmdMapped:         0 kB\nUnaccepted:            0 kB\nHugePages_Total:       0\nHugePages_Free:        0\nHugePages_Rsvd:        0\nHugePages_Surp:        0\nHugepagesize:       2048 kB\nHugetlb:               0 kB\nDirectMap4k:      126156 kB\nDirectMap2M:     2967552 kB\nDirectMap1G:     3145728 kB\n"}
{"timestamp":1768156842,"subsystem":"/proc/net/dev","measurement":"Inter-|   Receive                                                |  Transmit\n face |bytes    packets errs drop fifo frame compressed multicast|bytes    packets errs drop fifo colls carrier compressed\n    lo: 4420163   30851    0    0    0     0          0         0  4420163   30851    0    0    0     0       0          0\n  eth0: 1410081278 4635834    0    0    0     0          0         0 1531288029 7709968    0    0    0     0       0          0\ndocker0:  282754    4373    0    0    0     0          0         0 112467745   12612    0    0    0     0       0          0\nbr-490d867fe46d:     112       4    0    0    0     0          0         0      526       5    0    0    0     0       0          0\n"}
{"timestamp":1768156842,"subsystem":"/proc/diskstats","measurement":"   7       0 loop0 278 0 5266 338 0 0 0 0 0 330 338 0 0 0 0 0 0\n   7       1 loop1 75 0 2508 40 0 0 0 0 0 36 40 0 0 0 0 0 0\n   7       2 loop2 92 0 3744 87 0 0 0 0 0 86 87 0 0 0 0 0 0\n   7       3 loop3 418 0 28930 29 0 0 0 0 0 33 29 0 0 0 0 0 0\n   7       4 loop4 10 0 20 0 0 0 0 0 0 1 0 0 0 0 0 0 0\n   7       5 loop5 0 0 0 0 0 0 0 0 0 0 0 0 0 0 0 0 0\n   7       6 loop6 0 0 0 0 0 0 0 0 0 0 0 0 0 0 0 0 0\n   7       7 loop7 0 0 0 0 0 0 0 0 0 0 0 0 0 0 0 0 0\n   8       0 sda 18866 4623 1417012 53134 1629006 1131509 44934026 7438527 0 1810658 8668084 174923 3355 113931468 558944 186527 617478\n   8       1 sda1 18456 2968 1394398 52983 1628992 1131501 44933920 7438500 0 2145217 8050425 174922 3354 113730192 558941 0 0\n   8      14 sda14 92 0 1232 22 0 0 0 0 0 25 22 0 0 0 0 0 0\n   8      15 sda15 182 1655 17670 78 2 0 2 0 0 63 81 1 1 201276 2 0 0\n   8      16 sdb 319 1 19490 98 233 1045 402016 18688 0 1194 18796 69 68 33069976 9 0 0\n   8      17 sdb1 110 1 6474 71 233 1045 402016 18688 0 1205 18769 69 68 33069976 9 0 0\n  11       0 sr0 78 0 560 15 0 0 0 0 0 12 15 0 0 0 0 0 0\n"}
{"timestamp":1768156842,"subsystem":"statfs[*]","measurement":"{\"mount_point\":\"/\",\"block_size\":4096,\"blocks_total\":7574544,\"blocks_free\":6448446,\"blocks_available\":6444350}\n{\"mount_point\":\"/boot/efi\",\"block_size\":512,\"blocks_total\":213663,\"blocks_free\":201276,\"blocks_available\":201276}\n{\"mount_point\":\"/mnt\",\"block_size\":4096,\"blocks_total\":2038135,\"blocks_free\":2038128,\"blocks_available\":1929200}\n"}
{"timestamp":1768156847,"subsystem":"/proc/cpuinfo","measurement":"processor\t: 0\nvendor_id\t: GenuineIntel\ncpu family\t: 6\nmodel\t\t: 85\nmodel name\t: Intel(R) Xeon(R) Platinum 8272CL CPU @ 2.60GHz\nstepping\t: 7\nmicrocode\t: 0xffffffff\ncpu MHz\t\t: 2992.978\ncache size\t: 36608 KB\nphysical id\t: 0\nsiblings\t: 2\ncore id\t\t: 0\ncpu cores\t: 2\napicid\t\t: 0\ninitial apicid\t: 0\nfpu\t\t: yes\nfpu_exception\t: yes\ncpuid level\t: 22\nwp\t\t: yes\nflags\t\t: fpu vme de pse tsc msr pae mce cx8 apic sep mtrr pge mca cmov pat pse36 clflush mmx fxsr sse sse2 ss ht syscall nx pdpe1gb rdtscp lm constant_tsc rep_good nopl xtopology tsc_reliable nonstop_tsc cpuid aperfmperf tsc_known_freq pni pclmulqdq ssse3 fma cx16 pcid sse4_1 sse4_2 x2apic movbe popcnt tsc_deadline_timer aes xsave avx f16c rdrand hypervisor lahf_lm abm 3dnowprefetch fsgsbase tsc_adjust bmi1 hle avx2 smep bmi2 erms invpcid rtm avx512f avx512dq rdseed adx smap clflushopt clwb avx512cd avx512bw avx512vl xsaveopt xsavec xgetbv1 xsaves avx512_vnni arch_capabilities\nbugs\t\t: spectre_v1 spectre_v2 spec_store_bypass swapgs taa mmio_stale_data retbleed bhi\nbogomips\t: 5187.80\nclflush size\t: 64\ncache_alignment\t: 64\naddress sizes\t: 46 bits physical, 48 bits virtual\npower management:\n\nprocessor\t: 1\nvendor_id\t: GenuineIntel\ncpu family\t: 6\nmodel\t\t: 85\nmodel name\t: Intel(R) Xeon(R) Platinum 8272CL CPU @ 2.60GHz\nstepping\t: 7\nmicrocode\t: 0xffffffff\ncpu MHz\t\t: 2992.915\ncache size\t: 36608 KB\nphysical id\t: 0\nsiblings\t: 2\ncore id\t\t: 1\ncpu cores\t: 2\napicid\t\t: 1\ninitial apicid\t: 1\nfpu\t\t: yes\nfpu_exception\t: yes\ncpuid level\t: 22\nwp\t\t: yes\nflags\t\t: fpu vme de pse tsc msr pae mce cx8 apic sep mtrr pge mca cmov pat pse36 clflush mmx fxsr sse sse2 ss ht syscall nx pdpe1gb rdtscp lm constant_tsc rep_good nopl xtopology tsc_reliable nonstop_tsc cpuid aperfmperf tsc_known_freq pni pclmulqdq ssse3 fma cx16 pcid sse4_1 sse4_2 x2apic movbe popcnt tsc_deadline_timer aes xsave avx f16c rdrand hypervisor lahf_lm abm 3dnowprefetch fsgsbase tsc_adjust bmi1 hle avx2 smep bmi2 erms invpcid rtm avx512f avx512dq rdseed adx smap clflushopt clwb avx512cd avx512bw avx512vl xsaveopt xsavec xgetbv1 xsaves avx512_vnni arch_capabilities\nbugs\t\t: spectre_v1 spectre_v2 spec_store_bypass swapgs taa mmio_stale_data retbleed bhi\nbogomips\t: 5187.80\nclflush size\t: 64\ncache_alignment\t: 64\naddress sizes\t: 46 bits physical, 48 bits virtual\npower management:\n\n"}
{"timestamp":1768156847,"subsystem":"/proc/stat","measurement":"cpu  460218 7673 167378 204716565 182442 0 9681 0 0 0\ncpu0 221277 3835 65272 102383816 88802 0 5498 0 0 0\ncpu1 238940 3838 102105 102332748 93639 0 4183 0 0 0\nintr 83246478 0 0 0 0 2588 0 0 0 0 0 0 0 0 0 0 0 0 0 0 0 0 0 0 0 0 0 0 0 0 0 0 0 0 0 0 0 0 0 0 0 0 0 0 0 0 0 0 0 0 0 0 0 0 0 0 0 0 0 0 0 0 0 0 0 0 0 0 0 0 0 0 0 0 0 0 0 0 0 0 0 0 0 0 0 0 0 0 0 0 0 0 0 0 0 0 0 0 0 0 0 0 0 0 0 0 0 0 0 0 0 0 0 0 0 0 0 0 0 0 0 0 0 0 0 0 0 0 0 0 0 0 0 0 0 0 0 0 0 0 0 0 0 0 0 0 0 0 0 0 0 0 0 0 0 0 0 0 0 0 0 0 0 0 0 0 0 0 0 0 0 0 0 0 0 0 0 0 0 0 0 0 0 0 0 0 0 0 0 0 0 0 0 0 0 0 0 0 0 0 0 0 0 0 0 0 0 0 0 0 0 0 0 0 0 0 0 0 0 0 0 0 0 0 0 0 0 0 0 0 0 0 0 0 0 0 0 0 0 0 0 0 0 0 0 0 0 0 0 0 0 0 0 0 0 0 0 0 0 0 0 0 0 0 0 0 0 0 0 0 0 0 0 0 0 0 0 0 0 0 0 0 0 0 0 0 0 0 0 0 0 0 0 0 0 0 0 0 0 0 0 0 0 0 0 0 0 0 0 0 0 0 0 0 0 0 0 0 0 0 0 0 0 0 0 0 0 0 0 0 0 0 0 0 0 0 0 0 0 0 0 0 0 0 0 0 0 0 0 0 0 0 0 0 0 0 0 0 0 0 0 0 0 0 0 0 0 0 0 0 0 0 0 0 0 0 0 0 0 0 0 0 0 0 0 0 0 0 0 0 0 0 0 0 0 0 0 0 0 0 0 0 0 0 0 0 0 0 0 0 0 0 0 0 0 0 0 0 0 0 0 0 0 0 0 0 0 0 0 0 0 0 0 0 0 0 0 0 0 0 0\nctxt 114957289\nbtime 1767127868\nprocesses 164389\nprocs_running 3\nprocs_blocked 0\nsoftirq 79238352 0 20981178 156 10235650 869 0 14710581 24072586 449 9236883\n"}
{"timestamp":1768156847,"subsystem":"/proc/meminfo","measurement":"MemTotal:        3960648 kB\nMemFree:          358884 kB\nMemAvailable:    3195140 kB\nBuffers:          113912 kB\nCached:          2845228 kB\nSwapCached:            0 kB\nActive:           672288 kB\nInactive:        2512172 kB\nActive(anon):     224412 kB\nInactive(anon):    14524 kB\nActive(file):     447876 kB\nInactive(file):  2497648 kB\nUnevictable:       30896 kB\nMlocked:           27824 kB\nSwapTotal:             0 kB\nSwapFree:              0 kB\nZswap:                 0 kB\nZswapped:              0 kB\nDirty:               164 kB\nWriteback:             0 kB\nAnonPages:        256184 kB\nMapped:           182124 kB\nShmem:              4552 kB\nKReclaimable:     188076 kB\nSlab:             281680 kB\nSReclaimable:     188076 kB\nSUnreclaim:        93604 kB\nKernelStack:        2944 kB\nPageTables:         4396 kB\nSecPageTables:         0 kB\nNFS_Unstable:          0 kB\nBounce:                0 kB\nWritebackTmp:          0 kB\nCommitLimit:     1980324 kB\nCommitted_AS:     931492 kB\nVmallocTotal:   34359738367 kB\nVmallocUsed:       37028 kB\nVmallocChunk:          0 kB\nPercpu:             5640 kB\nHardwareCorrupted:     0 kB\nAnonHugePages:    139264 kB\nShmemHugePages:        0 kB\nShmemPmdMapped:        0 kB\nFileHugePages:         0 kB\nFilePmdMapped:         0 kB\nUnaccepted:            0 kB\nHugePages_Total:       0\nHugePages_Free:        0\nHugePages_Rsvd:        0\nHugePages_Surp:        0\nHugepagesize:       2048 kB\nHugetlb:               0 kB\nDirectMap4k:      126156 kB\nDirectMap2M:     2967552 kB\nDirectMap1G:     3145728 kB\n"}
{"timestamp":1768156847,"subsystem":"/proc/net/dev","measurement":"Inter-|   Receive                                                |  Transmit\n face |bytes    packets errs drop fifo frame compressed multicast|bytes    packets errs drop fifo colls carrier compressed\n    lo: 4420163   30851    0    0    0     0          0         0  4420163   30851    0    0    0     0       0          0\n  eth0: 1410085286 4635852    0    0    0     0          0         0 1531294200 7710001    0    0    0     0       0          0\ndocker0:  282754    4373    0    0    0     0          0         0 112467745   12612    0    0    0     0       0          0\nbr-490d867fe46d:     112       4    0    0    0     0          0         0      526       5    0    0    0     0       0          0\n"}
{"timestamp":1768156847,"subsystem":"/proc/diskstats","measurement":"   7       0 loop0 278 0 5266 338 0 0 0 0 0 330 338 0 0 0 0 0 0\n   7       1 loop1 75 0 2508 40 0 0 0 0 0 36 40 0 0 0 0 0 0\n   7       2 loop2 92 0 3744 87 0 0 0 0 0 86 87 0 0 0 0 0 0\n   7       3 loop3 418 0 28930 29 0 0 0 0 0 33 29 0 0 0 0 0 0\n   7       4 loop4 10 0 20 0 0 0 0 0 0 1 0 0 0 0 0 0 0\n   7       5 loop5 0 0 0 0 0 0 0 0 0 0 0 0 0 0 0 0 0\n   7       6 loop6 0 0 0 0 0 0 0 0 0 0 0 0 0 0 0 0 0\n   7       7 loop7 0 0 0 0 0 0 0 0 0 0 0 0 0 0 0 0 0\n   8       0 sda 18866 4623 1417012 53134 1629009 1131514 44934090 7438536 0 1810670 8668102 174924 3355 113931476 558946 186528 617485\n   8       1 sda1 18456 2968 1394398 52983 1628995 1131506 44933984 7438509 0 2145229 8050437 174923 3354 113730200 558944 0 0\n   8      14 sda14 92 0 1232 22 0 0 0 0 0 25 22 0 0 0 0 0 0\n   8      15 sda15 182 1655 17670 78 2 0 2 0 0 63 81 1 1 201276 2 0 0\n   8      16 sdb 319 1 19490 98 233 1045 402016 18688 0 1194 18796 69 68 33069976 9 0 0\n   8      17 sdb1 110 1 6474 71 233 1045 402016 18688 0 1205 18769 69 68 33069976 9 0 0\n  11       0 sr0 78 0 560 15 0 0 0 0 0 12 15 0 0 0 0 0 0\n"}
{"timestamp":1768156847,"subsystem":"statfs[*]","measurement":"{\"mount_point\":\"/\",\"block_size\":4096,\"blocks_total\":7574544,\"blocks_free\":6448444,\"blocks_available\":6444348}\n{\"mount_point\":\"/boot/efi\",\"block_size\":512,\"blocks_total\":213663,\"blocks_free\":201276,\"blocks_available\":201276}\n{\"mount_point\":\"/mnt\",\"block_size\":4096,\"blocks_total\":2038135,\"blocks_free\":2038128,\"blocks_available\":1929200}\n"}
{"timestamp":1768156852,"subsystem":"/proc/cpuinfo","measurement":"processor\t: 0\nvendor_id\t: GenuineIntel\ncpu family\t: 6\nmodel\t\t: 85\nmodel name\t: Intel(R) Xeon(R) Platinum 8272CL CPU @ 2.60GHz\nstepping\t: 7\nmicrocode\t: 0xffffffff\ncpu MHz\t\t: 2992.985\ncache size\t: 36608 KB\nphysical id\t: 0\nsiblings\t: 2\ncore id\t\t: 0\ncpu cores\t: 2\napicid\t\t: 0\ninitial apicid\t: 0\nfpu\t\t: yes\nfpu_exception\t: yes\ncpuid level\t: 22\nwp\t\t: yes\nflags\t\t: fpu vme de pse tsc msr pae mce cx8 apic sep mtrr pge mca cmov pat pse36 clflush mmx fxsr sse sse2 ss ht syscall nx pdpe1gb rdtscp lm constant_tsc rep_good nopl xtopology tsc_reliable nonstop_tsc cpuid aperfmperf tsc_known_freq pni pclmulqdq ssse3 fma cx16 pcid sse4_1 sse4_2 x2apic movbe popcnt tsc_deadline_timer aes xsave avx f16c rdrand hypervisor lahf_lm abm 3dnowprefetch fsgsbase tsc_adjust bmi1 hle avx2 smep bmi2 erms invpcid rtm avx512f avx512dq rdseed adx smap clflushopt clwb avx512cd avx512bw avx512vl xsaveopt xsavec xgetbv1 xsaves avx512_vnni arch_capabilities\nbugs\t\t: spectre_v1 spectre_v2 spec_store_bypass swapgs taa mmio_stale_data retbleed bhi\nbogomips\t: 5187.80\nclflush size\t: 64\ncache_alignment\t: 64\naddress sizes\t: 46 bits physical, 48 bits virtual\npower management:\n\nprocessor\t: 1\nvendor_id\t: GenuineIntel\ncpu family\t: 6\nmodel\t\t: 85\nmodel name\t: Intel(R) Xeon(R) Platinum 8272CL CPU @ 2.60GHz\nstepping\t: 7\nmicrocode\t: 0xffffffff\ncpu MHz\t\t: 2992.971\ncache size\t: 36608 KB\nphysical id\t: 0\nsiblings\t: 2\ncore id\t\t: 1\ncpu cores\t: 2\napicid\t\t: 1\ninitial apicid\t: 1\nfpu\t\t: yes\nfpu_exception\t: yes\ncpuid level\t: 22\nwp\t\t: yes\nflags\t\t: fpu vme de pse tsc msr pae mce cx8 apic sep mtrr pge mca cmov pat pse36 clflush mmx fxsr sse sse2 ss ht syscall nx pdpe1gb rdtscp lm constant_tsc rep_good nopl xtopology tsc_reliable nonstop_tsc cpuid aperfmperf tsc_known_freq pni pclmulqdq ssse3 fma cx16 pcid sse4_1 sse4_2 x2apic movbe popcnt tsc_deadline_timer aes xsave avx f16c rdrand hypervisor lahf_lm abm 3dnowprefetch fsgsbase tsc_adjust bmi1 hle avx2 smep bmi2 erms invpcid rtm avx512f avx512dq rdseed adx smap clflushopt clwb avx512cd avx512bw avx512vl xsaveopt xsavec xgetbv1 xsaves avx512_vnni arch_capabilities\nbugs\t\t: spectre_v1 spectre_v2 spec_store_bypass swapgs taa mmio_stale_data retbleed bhi\nbogomips\t: 5187.80\nclflush size\t: 64\ncache_alignment\t: 64\naddress sizes\t: 46 bits physical, 48 bits virtual\npower management:\n\n"}
{"timestamp":1768156852,"subsystem":"/proc/stat","measurement":"cpu  461217 7673 167379 204716565 182442 0 9681 0 0 0\ncpu0 221776 3835 65273 102383816 88802 0 5498 0 0 0\ncpu1 239440 3838 102106 102332748 93639 0 4183 0 0 0\nintr 83256705 0 0 0 0 2588 0 0 0 0 0 0 0 0 0 0 0 0 0 0 0 0 0 0 0 0 0 0 0 0 0 0 0 0 0 0 0 0 0 0 0 0 0 0 0 0 0 0 0 0 0 0 0 0 0 0 0 0 0 0 0 0 0 0 0 0 0 0 0 0 0 0 0 0 0 0 0 0 0 0 0 0 0 0 0 0 0 0 0 0 0 0 0 0 0 0 0 0 0 0 0 0 0 0 0 0 0 0 0 0 0 0 0 0 0 0 0 0 0 0 0 0 0 0 0 0 0 0 0 0 0 0 0 0 0 0 0 0 0 0 0 0 0 0 0 0 0 0 0 0 0 0 0 0 0 0 0 0 0 0 0 0 0 0 0 0 0 0 0 0 0 0 0 0 0 0 0 0 0 0 0 0 0 0 0 0 0 0 0 0 0 0 0 0 0 0 0 0 0 0 0 0 0 0 0 0 0 0 0 0 0 0 0 0 0 0 0 0 0 0 0 0 0 0 0 0 0 0 0 0 0 0 0 0 0 0 0 0 0 0 0 0 0 0 0 0 0 0 0 0 0 0 0 0 0 0 0 0 0 0 0 0 0 0 0 0 0 0 0 0 0 0 0 0 0 0 0 0 0 0 0 0 0 0 0 0 0 0 0 0 0 0 0 0 0 0 0 0 0 0 0 0 0 0 0 0 0 0 0 0 0 0 0 0 0 0 0 0 0 0 0 0 0 0 0 0 0 0 0 0 0 0 0 0 0 0 0 0 0 0 0 0 0 0 0 0 0 0 0 0 0 0 0 0 0 0 0 0 0 0 0 0 0 0 0 0 0 0 0 0 0 0 0 0 0 0 0 0 0 0 0 0 0 0 0 0 0 0 0 0 0 0 0 0 0 0 0 0 0 0 0 0 0 0 0 0 0 0 0 0 0 0 0 0 0 0 0 0 0 0 0 0 0 0 0 0 0 0 0 0 0 0 0 0 0 0 0 0 0 0 0\nctxt 114957921\nbtime 1767127868\nprocesses 164390\nprocs_running 3\nprocs_blocked 0\nsoftirq 79238860 0 20981361 156 10235719 869 0 14710600 24072744 449 9236962\n"}
{"timestamp":1768156852,"subsystem":"/proc/meminfo","measurement":"MemTotal:        3960648 kB\nMemFree:          358884 kB\nMemAvailable:    3195152 kB\nBuffers:          113916 kB\nCached:          2845236 kB\nSwapCached:            0 kB\nActive:           672300 kB\nInactive:        2512184 kB\nActive(anon):     224424 kB\nInactive(anon):    14524 kB\nActive(file):     447876 kB\nInactive(file):  2497660 kB\nUnevictable:       30896 kB\nMlocked:           27824 kB\nSwapTotal:             0 kB\nSwapFree:              0 kB\nZswap:                 0 kB\nZswapped:              0 kB\nDirty:               116 kB\nWriteback:             0 kB\nAnonPages:        256196 kB\nMapped:           182124 kB\nShmem:              4552 kB\nKReclaimable:     188076 kB\nSlab:             281680 kB\nSReclaimable:     188076 kB\nSUnreclaim:        93604 kB\nKernelStack:        2944 kB\nPageTables:         4396 kB\nSecPageTables:         0 kB\nNFS_Unstable:          0 kB\nBounce:                0 kB\nWritebackTmp:          0 kB\nCommitLimit:     1980324 kB\nCommitted_AS:     931492 kB\nVmallocTotal:   34359738367 kB\nVmallocUsed:       37028 kB\nVmallocChunk:          0 kB\nPercpu:             5640 kB\nHardwareCorrupted:     0 kB\nAnonHugePages:    139264 kB\nShmemHugePages:        0 kB\nShmemPmdMapped:        0 kB\nFileHugePages:         0 kB\nFilePmdMapped:         0 kB\nUnaccepted:            0 kB\nHugePages_Total:       0\nHugePages_Free:        0\nHugePages_Rsvd:        0\nHugePages_Surp:        0\nHugepagesize:       2048 kB\nHugetlb:               0 kB\nDirectMap4k:      126156 kB\nDirectMap2M:     2967552 kB\nDirectMap1G:     3145728 kB\n"}
{"timestamp":1768156852,"subsystem":"/proc/net/dev","measurement":"Inter-|   Receive                                                |  Transmit\n face |bytes    packets errs drop fifo frame compressed multicast|bytes    packets errs drop fifo colls carrier compressed\n    lo: 4420267   30853    0    0    0     0          0         0  4420267   30853    0    0    0     0       0          0\n  eth0: 1410089876 4635879    0    0    0     0          0         0 1531301691 7710054    0    0    0     0       0          0\ndocker0:  282754    4373    0    0    0     0          0         0 112467745   12612    0    0    0     0       0          0\nbr-490d867fe46d:     112       4    0    0    0     0          0         0      526       5    0    0    0     0       0          0\n"}
{"timestamp":1768156852,"subsystem":"/proc/diskstats","measurement":"   7       0 loop0 278 0 5266 338 0 0 0 0 0 330 338 0 0 0 0 0 0\n   7       1 loop1 75 0 2508 40 0 0 0 0 0 36 40 0 0 0 0 0 0\n   7       2 loop2 92 0 3744 87 0 0 0 0 0 86 87 0 0 0 0 0 0\n   7       3 loop3 418 0 28930 29 0 0 0 0 0 33 29 0 0 0 0 0 0\n   7       4 loop4 10 0 20 0 0 0 0 0 0 1 0 0 0 0 0 0 0\n   7       5 loop5 0 0 0 0 0 0 0 0 0 0 0 0 0 0 0 0 0\n   7       6 loop6 0 0 0 0 0 0 0 0 0 0 0 0 0 0 0 0 0\n   7       7 loop7 0 0 0 0 0 0 0 0 0 0 0 0 0 0 0 0 0\n   8       0 sda 18866 4623 1417012 53134 1629019 1131521 44934250 7438544 0 1810678 8668116 174925 3355 113931484 558949 186529 617487\n   8       1 sda1 18456 2968 1394398 52983 1629005 1131513 44934144 7438518 0 2145237 8050448 174924 3354 113730208 558946 0 0\n   8      14 sda14 92 0 1232 22 0 0 0 0 0 25 22 0 0 0 0 0 0\n   8      15 sda15 182 1655 17670 78 2 0 2 0 0 63 81 1 1 201276 2 0 0\n   8      16 sdb 319 1 19490 98 233 1045 402016 18688 0 1194 18796 69 68 33069976 9 0 0\n   8      17 sdb1 110 1 6474 71 233 1045 402016 18688 0 1205 18769 69 68 33069976 9 0 0\n  11       0 sr0 78 0 560 15 0 0 0 0 0 12 15 0 0 0 0 0 0\n"}
{"timestamp":1768156852,"subsystem":"statfs[*]","measurement":"{\"mount_point\":\"/\",\"block_size\":4096,\"blocks_total\":7574544,\"blocks_free\":6448441,\"blocks_available\":6444345}\n{\"mount_point\":\"/boot/efi\",\"block_size\":512,\"blocks_total\":213663,\"blocks_free\":201276,\"blocks_available\":201276}\n{\"mount_point\":\"/mnt\",\"block_size\":4096,\"blocks_total\":2038135,\"blocks_free\":2038128,\"blocks_available\":1929200}\n"}
{"timestamp":1768156857,"subsystem":"/proc/cpuinfo","measurement":"processor\t: 0\nvendor_id\t: GenuineIntel\ncpu family\t: 6\nmodel\t\t: 85\nmodel name\t: Intel(R) Xeon(R) Platinum 8272CL CPU @ 2.60GHz\nstepping\t: 7\nmicrocode\t: 0xffffffff\ncpu MHz\t\t: 2992.962\ncache size\t: 36608 KB\nphysical id\t: 0\nsiblings\t: 2\ncore id\t\t: 0\ncpu cores\t: 2\napicid\t\t: 0\ninitial apicid\t: 0\nfpu\t\t: yes\nfpu_exception\t: yes\ncpuid level\t: 22\nwp\t\t: yes\nflags\t\t: fpu vme de pse tsc msr pae mce cx8 apic sep mtrr pge mca cmov pat pse36 clflush mmx fxsr sse sse2 ss ht syscall nx pdpe1gb rdtscp lm constant_tsc rep_good nopl xtopology tsc_reliable nonstop_tsc cpuid aperfmperf tsc_known_freq pni pclmulqdq ssse3 fma cx16 pcid sse4_1 sse4_2 x2apic movbe popcnt tsc_deadline_timer aes xsave avx f16c rdrand hypervisor lahf_lm abm 3dnowprefetch fsgsbase tsc_adjust bmi1 hle avx2 smep bmi2 erms invpcid rtm avx512f avx512dq rdseed adx smap clflushopt clwb avx512cd avx512bw avx512vl xsaveopt xsavec xgetbv1 xsaves avx512_vnni arch_capabilities\nbugs\t\t: spectre_v1 spectre_v2 spec_store_bypass swapgs taa mmio_stale_data retbleed bhi\nbogomips\t: 5187.80\nclflush size\t: 64\ncache_alignment\t: 64\naddress sizes\t: 46 bits physical, 48 bits virtual\npower management:\n\nprocessor\t: 1\nvendor_id\t: GenuineIntel\ncpu family\t: 6\nmodel\t\t: 85\nmodel name\t: Intel(R) Xeon(R) Platinum 8272CL CPU @ 2.60GHz\nstepping\t: 7\nmicrocode\t: 0xffffffff\ncpu MHz\t\t: 2992.973\ncache size\t: 36608 KB\nphysical id\t: 0\nsiblings\t: 2\ncore id\t\t: 1\ncpu cores\t: 2\napicid\t\t: 1\ninitial apicid\t: 1\nfpu\t\t: yes\nfpu_exception\t: yes\ncpuid level\t: 22\nwp\t\t: yes\nflags\t\t: fpu vme de pse tsc msr pae mce cx8 apic sep mtrr pge mca cmov pat pse36 clflush mmx fxsr sse sse2 ss ht syscall nx pdpe1gb rdtscp lm constant_tsc rep_good nopl xtopology tsc_reliable nonstop_tsc cpuid aperfmperf tsc_known_freq pni pclmulqdq ssse3 fma cx16 pcid sse4_1 sse4_2 x2apic movbe popcnt tsc_deadline_timer aes xsave avx f16c rdrand hypervisor lahf_lm abm 3dnowprefetch fsgsbase tsc_adjust bmi1 hle avx2 smep bmi2 erms invpcid rtm avx512f avx512dq rdseed adx smap clflushopt clwb avx512cd avx512bw avx512vl xsaveopt xsavec xgetbv1 xsaves avx512_vnni arch_capabilities\nbugs\t\t: spectre_v1 spectre_v2 spec_store_bypass swapgs taa mmio_stale_data retbleed bhi\nbogomips\t: 5187.80\nclflush size\t: 64\ncache_alignment\t: 64\naddress sizes\t: 46 bits physical, 48 bits virtual\npower management:\n\n"}
{"timestamp":1768156857,"subsystem":"/proc/stat","measurement":"cpu  462216 7673 167379 204716565 182442 0 9681 0 0 0\ncpu0 222276 3835 65273 102383816 88802 0 5498 0 0 0\ncpu1 239940 3838 102106 102332748 93639 0 4183 0 0 0\nintr 83266977 0 0 0 0 2588 0 0 0 0 0 0 0 0 0 0 0 0 0 0 0 0 0 0 0 0 0 0 0 0 0 0 0 0 0 0 0 0 0 0 0 0 0 0 0 0 0 0 0 0 0 0 0 0 0 0 0 0 0 0 0 0 0 0 0 0 0 0 0 0 0 0 0 0 0 0 0 0 0 0 0 0 0 0 0 0 0 0 0 0 0 0 0 0 0 0 0 0 0 0 0 0 0 0 0 0 0 0 0 0 0 0 0 0 0 0 0 0 0 0 0 0 0 0 0 0 0 0 0 0 0 0 0 0 0 0 0 0 0 0 0 0 0 0 0 0 0 0 0 0 0 0 0 0 0 0 0 0 0 0 0 0 0 0 0 0 0 0 0 0 0 0 0 0 0 0 0 0 0 0 0 0 0 0 0 0 0 0 0 0 0 0 0 0 0 0 0 0 0 0 0 0 0 0 0 0 0 0 0 0 0 0 0 0 0 0 0 0 0 0 0 0 0 0 0 0 0 0 0 0 0 0 0 0 0 0 0 0 0 0 0 0 0 0 0 0 0 0 0 0 0 0 0 0 0 0 0 0 0 0 0 0 0 0 0 0 0 0 0 0 0 0 0 0 0 0 0 0 0 0 0 0 0 0 0 0 0 0 0 0 0 0 0 0 0 0 0 0 0 0 0 0 0 0 0 0 0 0 0 0 0 0 0 0 0 0 0 0 0 0 0 0 0 0 0 0 0 0 0 0 0 0 0 0 0 0 0 0 0 0 0 0 0 0 0 0 0 0 0 0 0 0 0 0 0 0 0 0 0 0 0 0 0 0 0 0 0 0 0 0 0 0 0 0 0 0 0 0 0 0 0 0 0 0 0 0 0 0 0 0 0 0 0 0 0 0 0 0 0 0 0 0 0 0 0 0 0 0 0 0 0 0 0 0 0 0 0 0 0 0 0 0 0 0 0 0 0 0 0 0 0 0 0 0 0 0 0 0 0 0 0\nctxt 114958670\nbtime 1767127868\nprocesses 164391\nprocs_running 4\nprocs_blocked 0\nsoftirq 79239373 0 20981541 156 10235775 869 0 14710634 24072904 449 9237045\n"}
{"timestamp":1768156857,"subsystem":"/proc/meminfo","measurement":"MemTotal:        3960648 kB\nMemFree:          358884 kB\nMemAvailable:    3195160 kB\nBuffers:          113916 kB\nCached:          2845244 kB\nSwapCached:            0 kB\nActive:           672316 kB\nInactive:        2512192 kB\nActive(anon):     224440 kB\nInactive(anon):    14524 kB\nActive(file):     447876 kB\nInactive(file):  2497668 kB\nUnevictable:       30896 kB\nMlocked:           27824 kB\nSwapTotal:             0 kB\nSwapFree:              0 kB\nZswap:                 0 kB\nZswapped:              0 kB\nDirty:                40 kB\nWriteback:             0 kB\nAnonPages:        256212 kB\nMapped:           182124 kB\nShmem:              4552 kB\nKReclaimable:     188076 kB\nSlab:             281680 kB\nSReclaimable:     188076 kB\nSUnreclaim:        93604 kB\nKernelStack:        2944 kB\nPageTables:         4396 kB\nSecPageTables:         0 kB\nNFS_Unstable:          0 kB\nBounce:                0 kB\nWritebackTmp:          0 kB\nCommitLimit:     1980324 kB\nCommitted_AS:     931492 kB\nVmallocTotal:   34359738367 kB\nVmallocUsed:       37028 kB\nVmallocChunk:          0 kB\nPercpu:             5640 kB\nHardwareCorrupted:     0 kB\nAnonHugePages:    139264 kB\nShmemHugePages:        0 kB\nShmemPmdMapped:        0 kB\nFileHugePages:         0 kB\nFilePmdMapped:         0 kB\nUnaccepted:            0 kB\nHugePages_Total:       0\nHugePages_Free:        0\nHugePages_Rsvd:        0\nHugePages_Surp:        0\nHugepagesize:       2048 kB\nHugetlb:               0 kB\nDirectMap4k:      126156 kB\nDirectMap2M:     2967552 kB\nDirectMap1G:     3145728 kB\n"}
{"timestamp":1768156857,"subsystem":"/proc/net/dev","measurement":"Inter-|   Receive                                                |  Transmit\n face |bytes    packets errs drop fifo frame compressed multicast|bytes    packets errs drop fifo colls carrier compressed\n    lo: 4420267   30853    0    0    0     0          0         0  4420267   30853    0    0    0     0       0          0\n  eth0: 1410094016 4635899    0    0    0     0          0         0 1531308654 7710099    0    0    0     0       0          0\ndocker0:  282754    4373    0    0    0     0          0         0 112467745   12612    0    0    0     0       0          0\nbr-490d867fe46d:     112       4    0    0    0     0          0         0      526       5    0    0    0     0       0          0\n"}
{"timestamp":1768156857,"subsystem":"/proc/diskstats","measurement":"   7       0 loop0 278 0 5266 338 0 0 0 0 0 330 338 0 0 0 0 0 0\n   7       1 loop1 75 0 2508 40 0 0 0 0 0 36 40 0 0 0 0 0 0\n   7       2 loop2 92 0 3744 87 0 0 0 0 0 86 87 0 0 0 0 0 0\n   7       3 loop3 418 0 28930 29 0 0 0 0 0 33 29 0 0 0 0 0 0\n   7       4 loop4 10 0 20 0 0 0 0 0 0 1 0 0 0 0 0 0 0\n   7       5 loop5 0 0 0 0 0 0 0 0 0 0 0 0 0 0 0 0 0\n   7       6 loop6 0 0 0 0 0 0 0 0 0 0 0 0 0 0 0 0 0\n   7       7 loop7 0 0 0 0 0 0 0 0 0 0 0 0 0 0 0 0 0\n   8       0 sda 18866 4623 1417012 53134 1629048 1131527 44934546 7438563 0 1810687 8668140 174926 3355 113931492 558952 186530 617490\n   8       1 sda1 18456 2968 1394398 52983 1629034 1131519 44934440 7438536 0 2145246 8050470 174925 3354 113730216 558949 0 0\n   8      14 sda14 92 0 1232 22 0 0 0 0 0 25 22 0 0 0 0 0 0\n   8      15 sda15 182 1655 17670 78 2 0 2 0 0 63 81 1 1 201276 2 0 0\n   8      16 sdb 319 1 19490 98 233 1045 402016 18688 0 1194 18796 69 68 33069976 9 0 0\n   8      17 sdb1 110 1 6474 71 233 1045 402016 18688 0 1205 18769 69 68 33069976 9 0 0\n  11       0 sr0 78 0 560 15 0 0 0 0 0 12 15 0 0 0 0 0 0\n"}
{"timestamp":1768156857,"subsystem":"statfs[*]","measurement":"{\"mount_point\":\"/\",\"block_size\":4096,\"blocks_total\":7574544,\"blocks_free\":6448439,\"blocks_available\":6444343}\n{\"mount_point\":\"/boot/efi\",\"block_size\":512,\"blocks_total\":213663,\"blocks_free\":201276,\"blocks_available\":201276}\n{\"mount_point\":\"/mnt\",\"block_size\":4096,\"blocks_total\":2038135,\"blocks_free\":2038128,\"blocks_available\":1929200}\n"}
{"timestamp":1768156862,"subsystem":"/proc/cpuinfo","measurement":"processor\t: 0\nvendor_id\t: GenuineIntel\ncpu family\t: 6\nmodel\t\t: 85\nmodel name\t: Intel(R) Xeon(R) Platinum 8272CL CPU @ 2.60GHz\nstepping\t: 7\nmicrocode\t: 0xffffffff\ncpu MHz\t\t: 2992.964\ncache size\t: 36608 KB\nphysical id\t: 0\nsiblings\t: 2\ncore id\t\t: 0\ncpu cores\t: 2\napicid\t\t: 0\ninitial apicid\t: 0\nfpu\t\t: yes\nfpu_exception\t: yes\ncpuid level\t: 22\nwp\t\t: yes\nflags\t\t: fpu vme de pse tsc msr pae mce cx8 apic sep mtrr pge mca cmov pat pse36 clflush mmx fxsr sse sse2 ss ht syscall nx pdpe1gb rdtscp lm constant_tsc rep_good nopl xtopology tsc_reliable nonstop_tsc cpuid aperfmperf tsc_known_freq pni pclmulqdq ssse3 fma cx16 pcid sse4_1 sse4_2 x2apic movbe popcnt tsc_deadline_timer aes xsave avx f16c rdrand hypervisor lahf_lm abm 3dnowprefetch fsgsbase tsc_adjust bmi1 hle avx2 smep bmi2 erms invpcid rtm avx512f avx512dq rdseed adx smap clflushopt clwb avx512cd avx512bw avx512vl xsaveopt xsavec xgetbv1 xsaves avx512_vnni arch_capabilities\nbugs\t\t: spectre_v1 spectre_v2 spec_store_bypass swapgs taa mmio_stale_data retbleed bhi\nbogomips\t: 5187.80\nclflush size\t: 64\ncache_alignment\t: 64\naddress sizes\t: 46 bits physical, 48 bits virtual\npower management:\n\nprocessor\t: 1\nvendor_id\t: GenuineIntel\ncpu family\t: 6\nmodel\t\t: 85\nmodel name\t: Intel(R) Xeon(R) Platinum 8272CL CPU @ 2.60GHz\nstepping\t: 7\nmicrocode\t: 0xffffffff\ncpu MHz\t\t: 2993.014\ncache size\t: 36608 KB\nphysical id\t: 0\nsiblings\t: 2\ncore id\t\t: 1\ncpu cores\t: 2\napicid\t\t: 1\ninitial apicid\t: 1\nfpu\t\t: yes\nfpu_exception\t: yes\ncpuid level\t: 22\nwp\t\t: yes\nflags\t\t: fpu vme de pse tsc msr pae mce cx8 apic sep mtrr pge mca cmov pat pse36 clflush mmx fxsr sse sse2 ss ht syscall nx pdpe1gb rdtscp lm constant_tsc rep_good nopl xtopology tsc_reliable nonstop_tsc cpuid aperfmperf tsc_known_freq pni pclmulqdq ssse3 fma cx16 pcid sse4_1 sse4_2 x2apic movbe popcnt tsc_deadline_timer aes xsave avx f16c rdrand hypervisor lahf_lm abm 3dnowprefetch fsgsbase tsc_adjust bmi1 hle avx2 smep bmi2 erms invpcid rtm avx512f avx512dq rdseed adx smap clflushopt clwb avx512cd avx512bw avx512vl xsaveopt xsavec xgetbv1 xsaves avx512_vnni arch_capabilities\nbugs\t\t: spectre_v1 spectre_v2 spec_store_bypass swapgs taa mmio_stale_data retbleed bhi\nbogomips\t: 5187.80\nclflush size\t: 64\ncache_alignment\t: 64\naddress sizes\t: 46 bits physical, 48 bits virtual\npower management:\n\n"}
{"timestamp":1768156862,"subsystem":"/proc/stat","measurement":"cpu  463216 7673 167380 204716565 182442 0 9681 0 0 0\ncpu0 222776 3835 65273 102383816 88802 0 5498 0 0 0\ncpu1 240440 3838 102106 102332748 93639 0 4183 0 0 0\nintr 83277295 0 0 0 0 2588 0 0 0 0 0 0 0 0 0 0 0 0 0 0 0 0 0 0 0 0 0 0 0 0 0 0 0 0 0 0 0 0 0 0 0 0 0 0 0 0 0 0 0 0 0 0 0 0 0 0 0 0 0 0 0 0 0 0 0 0 0 0 0 0 0 0 0 0 0 0 0 0 0 0 0 0 0 0 0 0 0 0 0 0 0 0 0 0 0 0 0 0 0 0 0 0 0 0 0 0 0 0 0 0 0 0 0 0 0 0 0 0 0 0 0 0 0 0 0 0 0 0 0 0 0 0 0 0 0 0 0 0 0 0 0 0 0 0 0 0 0 0 0 0 0 0 0 0 0 0 0 0 0 0 0 0 0 0 0 0 0 0 0 0 0 0 0 0 0 0 0 0 0 0 0 0 0 0 0 0 0 0 0 0 0 0 0 0 0 0 0 0 0 0 0 0 0 0 0 0 0 0 0 0 0 0 0 0 0 0 0 0 0 0 0 0 0 0 0 0 0 0 0 0 0 0 0 0 0 0 0 0 0 0 0 0 0 0 0 0 0 0 0 0 0 0 0 0 0 0 0 0 0 0 0 0 0 0 0 0 0 0 0 0 0 0 0 0 0 0 0 0 0 0 0 0 0 0 0 0 0 0 0 0 0 0 0 0 0 0 0 0 0 0 0 0 0 0 0 0 0 0 0 0 0 0 0 0 0 0 0 0 0 0 0 0 0 0 0 0 0 0 0 0 0 0 0 0 0 0 0 0 0 0 0 0 0 0 0 0 0 0 0 0 0 0 0 0 0 0 0 0 0 0 0 0 0 0 0 0 0 0 0 0 0 0 0 0 0 0 0 0 0 0 0 0 0 0 0 0 0 0 0 0 0 0 0 0 0 0 0 0 0 0 0 0 0 0 0 0 0 0 0 0 0 0 0 0 0 0 0 0 0 0 0 0 0 0 0 0 0 0 0 0 0 0 0 0 0 0 0 0 0 0 0\nctxt 114959533\nbtime 1767127868\nprocesses 164392\nprocs_running 3\nprocs_blocked 0\nsoftirq 79239849 0 20981714 156 10235824 869 0 14710647 24073063 449 9237127\n"}
{"timestamp":1768156862,"subsystem":"/proc/meminfo","measurement":"MemTotal:        3960648 kB\nMemFree:          357876 kB\nMemAvailable:    3194156 kB\nBuffers:          113916 kB\nCached:          2845248 kB\nSwapCached:            0 kB\nActive:           672324 kB\nInactive:        2512196 kB\nActive(anon):     224448 kB\nInactive(anon):    14524 kB\nActive(file):     447876 kB\nInactive(file):  2497672 kB\nUnevictable:       30896 kB\nMlocked:           27824 kB\nSwapTotal:             0 kB\nSwapFree:              0 kB\nZswap:                 0 kB\nZswapped:              0 kB\nDirty:                28 kB\nWriteback:             0 kB\nAnonPages:        256224 kB\nMapped:           182124 kB\nShmem:              4552 kB\nKReclaimable:     188076 kB\nSlab:             281680 kB\nSReclaimable:     188076 kB\nSUnreclaim:        93604 kB\nKernelStack:        2944 kB\nPageTables:         4396 kB\nSecPageTables:         0 kB\nNFS_Unstable:          0 kB\nBounce:                0 kB\nWritebackTmp:          0 kB\nCommitLimit:     1980324 kB\nCommitted_AS:     931492 kB\nVmallocTotal:   34359738367 kB\nVmallocUsed:       37028 kB\nVmallocChunk:          0 kB\nPercpu:             5640 kB\nHardwareCorrupted:     0 kB\nAnonHugePages:    139264 kB\nShmemHugePages:        0 kB\nShmemPmdMapped:        0 kB\nFileHugePages:         0 kB\nFilePmdMapped:         0 kB\nUnaccepted:            0 kB\nHugePages_Total:       0\nHugePages_Free:        0\nHugePages_Rsvd:        0\nHugePages_Surp:        0\nHugepagesize:       2048 kB\nHugetlb:               0 kB\nDirectMap4k:      126156 kB\nDirectMap2M:     2967552 kB\nDirectMap1G:     3145728 kB\n"}
