{"timestamp":1768158985,"subsystem":"/proc/cpuinfo","measurement":"processor\t: 0\nvendor_id\t: AuthenticAMD\ncpu family\t: 25\nmodel\t\t: 17\nmodel name\t: AMD EPYC 9J14 96-Core Processor\nstepping\t: 1\nmicrocode\t: 0xa101154\ncpu MHz\t\t: 2596.098\ncache size\t: 512 KB\nphysical id\t: 0\nsiblings\t: 2\ncore id\t\t: 0\ncpu cores\t: 1\napicid\t\t: 0\ninitial apicid\t: 0\nfpu\t\t: yes\nfpu_exception\t: yes\ncpuid level\t: 16\nwp\t\t: yes\nflags\t\t: fpu vme de pse tsc msr pae mce cx8 apic sep mtrr pge mca cmov pat pse36 clflush mmx fxsr sse sse2 ht syscall nx mmxext fxsr_opt pdpe1gb rdtscp lm rep_good nopl xtopology cpuid extd_apicid tsc_known_freq pni pclmulqdq ssse3 fma cx16 pcid sse4_1 sse4_2 x2apic movbe popcnt tsc_deadline_timer aes xsave avx f16c rdrand hypervisor lahf_lm cmp_legacy svm cr8_legacy abm sse4a misalignsse 3dnowprefetch osvw topoext perfctr_core ssbd ibrs ibpb stibp vmmcall fsgsbase tsc_adjust bmi1 avx2 smep bmi2 erms invpcid avx512f avx512dq rdseed adx smap avx512ifma clflushopt clwb avx512cd sha_ni avx512bw avx512vl xsaveopt xsavec xgetbv1 xsaves avx512_bf16 clzero xsaveerptr wbnoinvd arat npt nrip_save vgif vnmi avx512vbmi umip pku ospke avx512_vbmi2 gfni vaes vpclmulqdq avx512_vnni avx512_bitalg avx512_vpopcntdq la57 rdpid overflow_recov succor fsrm arch_capabilities\nbugs\t\t: sysret_ss_attrs null_seg spectre_v1 spectre_v2 spec_store_bypass srso ibpb_no_ret tsa\nbogomips\t: 5192.19\nTLB size\t: 1024 4K pages\nclflush size\t: 64\ncache_alignment\t: 64\naddress sizes\t: 40 bits physical, 57 bits virtual\npower management:\n\nprocessor\t: 1\nvendor_id\t: AuthenticAMD\ncpu family\t: 25\nmodel\t\t: 17\nmodel name\t: AMD EPYC 9J14 96-Core Processor\nstepping\t: 1\nmicrocode\t: 0xa101154\ncpu MHz\t\t: 2596.098\ncache size\t: 512 KB\nphysical id\t: 0\nsiblings\t: 2\ncore id\t\t: 0\ncpu cores\t: 1\napicid\t\t: 1\ninitial apicid\t: 1\nfpu\t\t: yes\nfpu_exception\t: yes\ncpuid level\t: 16\nwp\t\t: yes\nflags\t\t: fpu vme de pse tsc msr pae mce cx8 apic sep mtrr pge mca cmov pat pse36 clflush mmx fxsr sse sse2 ht syscall nx mmxext fxsr_opt pdpe1gb rdtscp lm rep_good nopl xtopology cpuid extd_apicid tsc_known_freq pni pclmulqdq ssse3 fma cx16 pcid sse4_1 sse4_2 x2apic movbe popcnt tsc_deadline_timer aes xsave avx f16c rdrand hypervisor lahf_lm cmp_legacy svm cr8_legacy abm sse4a misalignsse 3dnowprefetch osvw topoext perfctr_core ssbd ibrs ibpb stibp vmmcall fsgsbase tsc_adjust bmi1 avx2 smep bmi2 erms invpcid avx512f avx512dq rdseed adx smap avx512ifma clflushopt clwb avx512cd sha_ni avx512bw avx512vl xsaveopt xsavec xgetbv1 xsaves avx512_bf16 clzero xsaveerptr wbnoinvd arat npt nrip_save vgif vnmi avx512vbmi umip pku ospke avx512_vbmi2 gfni vaes vpclmulqdq avx512_vnni avx512_bitalg avx512_vpopcntdq la57 rdpid overflow_recov succor fsrm arch_capabilities\nbugs\t\t: sysret_ss_attrs null_seg spectre_v1 spectre_v2 spec_store_bypass srso ibpb_no_ret tsa\nbogomips\t: 5192.19\nTLB size\t: 1024 4K pages\nclflush size\t: 64\ncache_alignment\t: 64\naddress sizes\t: 40 bits physical, 57 bits virtual\npower management:\n\n"}
{"timestamp":1768158985,"subsystem":"/proc/stat","measurement":"cpu  61757 215 1625 546282 1077 0 13 158 0 0\ncpu0 30915 137 878 272985 548 0 6 90 0 0\ncpu1 30841 77 747 273296 529 0 6 68 0 0\nintr 941394 68 9 0 0 988 0 0 0 0 0 0 0 15 0 0 0 0 0 0 29 0 0 0 0 0 0 0 0 0 0 0 0 0 0 0 0 0 0 0 0 0 0 0 0 0 0 0 0 0 0 0 0 6351 5329 0 6959 6527 0 0 0 0 0 0 0 0 0 0 0 0 0 0 0 0 0 0 0 0 0 0 0 0 0 0 0 0 0 0 0 0 0 0 0 0 0 0 0 0 0 0 0 0 0 0 0 0 0 0 0 0 0 0 0 0 0 0 0 0 0 0 0 0 0 0 0 0 0 0 0 0 0 0 0 0 0 0 0 0 0 0 0 0 0 0 0 0 0 0 0 0 0 0 0 0 0 0 0 0 0 0 0 0 0 0 0 0 0 0 0 0 0 0 0 0 0 0 0 0 0 0 0 0 0 0 0 0 0 0 0 0 0 0 0 0 0 0 0 0 0 0 0 0 0 0 0 0 0 0 0 0 0 0 0 0 0 0 0 0 0 0 0 0 0 0 0 0 0 0 0 0 0 0 0 0 0 0 0 0 0 0 0 0 0 0 0 0 0 0 0 0 0 0 0 0 0 0 0 0 0 0 0 0 0 0 0 0 0 0 0 0 0 0 0 0 0 0 0 0 0 0 0 0 0 0 0 0 0 0 0 0 0 0 0 0 0 0 0 0 0 0 0 0 0 0 0 0 0 0 0 0 0 0 0 0 0 0 0 0 0 0 0 0 0 0 0 0 0 0 0 0 0 0 0 0 0 0 0 0 0 0 0 0 0 0 0 0 0 0 0 0 0 0 0 0 0 0 0 0 0 0 0 0 0 0 0 0 0 0 0 0 0 0 0 0 0 0 0 0 0 0 0 0 0 0 0 0 0 0 0 0 0 0 0 0 0 0 0 0 0 0 0 0 0 0 0 0 0 0 0 0 0 0 0 0 0 0 0 0 0 0 0 0 0 0 0 0 0 0 0 0 0 0 0 0 0 0 0 0 0 0 0\nctxt 430881\nbtime 1768155927\nprocesses 3053\nprocs_running 1\nprocs_blocked 0\nsoftirq 236186 6 77983 11 13193 1447 0 189 85656 0 57701\n"}
{"timestamp":1768158985,"subsystem":"/proc/meminfo","measurement":"MemTotal:        4004576 kB\nMemFree:         2500972 kB\nMemAvailable:    3405964 kB\nBuffers:           31616 kB\nCached:          1084184 kB\nSwapCached:            0 kB\nActive:           777464 kB\nInactive:         517136 kB\nActive(anon):     198824 kB\nInactive(anon):        0 kB\nActive(file):     578640 kB\nInactive(file):   517136 kB\nUnevictable:       39208 kB\nMlocked:           35208 kB\nSwapTotal:             0 kB\nSwapFree:              0 kB\nZswap:                 0 kB\nZswapped:              0 kB\nDirty:               336 kB\nWriteback:             0 kB\nAnonPages:        218008 kB\nMapped:           280664 kB\nShmem:              5312 kB\nKReclaimable:      33832 kB\nSlab:              93676 kB\nSReclaimable:      33832 kB\nSUnreclaim:        59844 kB\nKernelStack:        4048 kB\nPageTables:         5164 kB\nSecPageTables:         0 kB\nNFS_Unstable:          0 kB\nBounce:                0 kB\nWritebackTmp:          0 kB\nCommitLimit:     2002288 kB\nCommitted_AS:    1945652 kB\nVmallocTotal:   13743895347199 kB\nVmallocUsed:       20760 kB\nVmallocChunk:          0 kB\nPercpu:             1112 kB\nHardwareCorrupted:     0 kB\nAnonHugePages:         0 kB\nShmemHugePages:        0 kB\nShmemPmdMapped:        0 kB\nFileHugePages:         0 kB\nFilePmdMapped:         0 kB\nUnaccepted:            0 kB\nHugePages_Total:       0\nHugePages_Free:        0\nHugePages_Rsvd:        0\nHugePages_Surp:        0\nHugepagesize:       2048 kB\nHugetlb:               0 kB\nDirectMap4k:      123816 kB\nDirectMap2M:     4065280 kB\nDirectMap1G:     2097152 kB\n"}
{"timestamp":1768158985,"subsystem":"/proc/net/dev","measurement":"Inter-|   Receive                                                |  Transmit\n face |bytes    packets errs drop fifo frame compressed multicast|bytes    packets errs drop fifo colls carrier compressed\n    lo:   56431     342    0    0    0     0          0         0    56431     342    0    0    0     0       0          0\nenp0s5: 6056887    7546    0    0    0     0          0         0  3397041    6641    0    0    0     0       0          0\ndocker0:       0       0    0    0    0     0          0         0        0       0    0    2    0     0       0          0\n"}
{"timestamp":1768158985,"subsystem":"/proc/diskstats","measurement":"   7       0 loop0 41 0 688 13 0 0 0 0 0 12 13 0 0 0 0 0 0\n   7       1 loop1 48 0 716 39 0 0 0 0 0 34 39 0 0 0 0 0 0\n   7       2 loop2 682 0 52154 412 0 0 0 0 0 351 412 0 0 0 0 0 0\n   7       3 loop3 43 0 692 21 0 0 0 0 0 17 21 0 0 0 0 0 0\n   7       4 loop4 631 0 46376 3200 0 0 0 0 0 2172 3200 0 0 0 0 0 0\n   7       5 loop5 10 0 20 0 0 0 0 0 0 0 0 0 0 0 0 0 0\n   7       6 loop6 0 0 0 0 0 0 0 0 0 0 0 0 0 0 0 0 0\n   7       7 loop7 0 0 0 0 0 0 0 0 0 0 0 0 0 0 0 0 0\n   8       0 sda 9113 4186 1847862 38448 4707 5371 659866 130970 0 12952 169514 162 34 910784 95 0 0\n   8       1 sda1 8465 3480 1806023 38151 4679 5291 659548 130949 0 54760 169196 162 34 910784 95 0 0\n   8      14 sda14 109 0 1120 39 0 0 0 0 0 36 39 0 0 0 0 0 0\n   8      15 sda15 200 675 19334 97 3 0 10 2 0 59 99 0 0 0 0 0 0\n 259       0 sda16 239 31 17545 112 25 80 308 18 0 96 131 0 0 0 0 0 0\n"}
{"timestamp":1768158985,"subsystem":"statfs[*]","measurement":"{\"mount_point\":\"/\",\"block_size\":4096,\"blocks_total\":12422878,\"blocks_free\":11448422,\"blocks_available\":11444326}\n{\"mount_point\":\"/boot\",\"block_size\":4096,\"blocks_total\":225380,\"blocks_free\":186421,\"blocks_available\":170639}\n{\"mount_point\":\"/boot/efi\",\"block_size\":512,\"blocks_total\":213663,\"blocks_free\":201164,\"blocks_available\":201164}\n"}
{"timestamp":1768158990,"subsystem":"/proc/cpuinfo","measurement":"processor\t: 0\nvendor_id\t: AuthenticAMD\ncpu family\t: 25\nmodel\t\t: 17\nmodel name\t: AMD EPYC 9J14 96-Core Processor\nstepping\t: 1\nmicrocode\t: 0xa101154\ncpu MHz\t\t: 2596.098\ncache size\t: 512 KB\nphysical id\t: 0\nsiblings\t: 2\ncore id\t\t: 0\ncpu cores\t: 1\napicid\t\t: 0\ninitial apicid\t: 0\nfpu\t\t: yes\nfpu_exception\t: yes\ncpuid level\t: 16\nwp\t\t: yes\nflags\t\t: fpu vme de pse tsc msr pae mce cx8 apic sep mtrr pge mca cmov pat pse36 clflush mmx fxsr sse sse2 ht syscall nx mmxext fxsr_opt pdpe1gb rdtscp lm rep_good nopl xtopology cpuid extd_apicid tsc_known_freq pni pclmulqdq ssse3 fma cx16 pcid sse4_1 sse4_2 x2apic movbe popcnt tsc_deadline_timer aes xsave avx f16c rdrand hypervisor lahf_lm cmp_legacy svm cr8_legacy abm sse4a misalignsse 3dnowprefetch osvw topoext perfctr_core ssbd ibrs ibpb stibp vmmcall fsgsbase tsc_adjust bmi1 avx2 smep bmi2 erms invpcid avx512f avx512dq rdseed adx smap avx512ifma clflushopt clwb avx512cd sha_ni avx512bw avx512vl xsaveopt xsavec xgetbv1 xsaves avx512_bf16 clzero xsaveerptr wbnoinvd arat npt nrip_save vgif vnmi avx512vbmi umip pku ospke avx512_vbmi2 gfni vaes vpclmulqdq avx512_vnni avx512_bitalg avx512_vpopcntdq la57 rdpid overflow_recov succor fsrm arch_capabilities\nbugs\t\t: sysret_ss_attrs null_seg spectre_v1 spectre_v2 spec_store_bypass srso ibpb_no_ret tsa\nbogomips\t: 5192.19\nTLB size\t: 1024 4K pages\nclflush size\t: 64\ncache_alignment\t: 64\naddress sizes\t: 40 bits physical, 57 bits virtual\npower management:\n\nprocessor\t: 1\nvendor_id\t: AuthenticAMD\ncpu family\t: 25\nmodel\t\t: 17\nmodel name\t: AMD EPYC 9J14 96-Core Processor\nstepping\t: 1\nmicrocode\t: 0xa101154\ncpu MHz\t\t: 2596.098\ncache size\t: 512 KB\nphysical id\t: 0\nsiblings\t: 2\ncore id\t\t: 0\ncpu cores\t: 1\napicid\t\t: 1\ninitial apicid\t: 1\nfpu\t\t: yes\nfpu_exception\t: yes\ncpuid level\t: 16\nwp\t\t: yes\nflags\t\t: fpu vme de pse tsc msr pae mce cx8 apic sep mtrr pge mca cmov pat pse36 clflush mmx fxsr sse sse2 ht syscall nx mmxext fxsr_opt pdpe1gb rdtscp lm rep_good nopl xtopology cpuid extd_apicid tsc_known_freq pni pclmulqdq ssse3 fma cx16 pcid sse4_1 sse4_2 x2apic movbe popcnt tsc_deadline_timer aes xsave avx f16c rdrand hypervisor lahf_lm cmp_legacy svm cr8_legacy abm sse4a misalignsse 3dnowprefetch osvw topoext perfctr_core ssbd ibrs ibpb stibp vmmcall fsgsbase tsc_adjust bmi1 avx2 smep bmi2 erms invpcid avx512f avx512dq rdseed adx smap avx512ifma clflushopt clwb avx512cd sha_ni avx512bw avx512vl xsaveopt xsavec xgetbv1 xsaves avx512_bf16 clzero xsaveerptr wbnoinvd arat npt nrip_save vgif vnmi avx512vbmi umip pku ospke avx512_vbmi2 gfni vaes vpclmulqdq avx512_vnni avx512_bitalg avx512_vpopcntdq la57 rdpid overflow_recov succor fsrm arch_capabilities\nbugs\t\t: sysret_ss_attrs null_seg spectre_v1 spectre_v2 spec_store_bypass srso ibpb_no_ret tsa\nbogomips\t: 5192.19\nTLB size\t: 1024 4K pages\nclflush size\t: 64\ncache_alignment\t: 64\naddress sizes\t: 40 bits physical, 57 bits virtual\npower management:\n\n"}
{"timestamp":1768158990,"subsystem":"/proc/stat","measurement":"cpu  61759 215 1627 547276 1077 0 13 158 0 0\ncpu0 30916 137 879 273482 548 0 6 90 0 0\ncpu1 30843 77 747 273794 529 0 6 68 0 0\nintr 942207 68 9 0 0 988 0 0 0 0 0 0 0 15 0 0 0 0 0 0 29 0 0 0 0 0 0 0 0 0 0 0 0 0 0 0 0 0 0 0 0 0 0 0 0 0 0 0 0 0 0 0 0 6351 5329 0 6989 6561 0 0 0 0 0 0 0 0 0 0 0 0 0 0 0 0 0 0 0 0 0 0 0 0 0 0 0 0 0 0 0 0 0 0 0 0 0 0 0 0 0 0 0 0 0 0 0 0 0 0 0 0 0 0 0 0 0 0 0 0 0 0 0 0 0 0 0 0 0 0 0 0 0 0 0 0 0 0 0 0 0 0 0 0 0 0 0 0 0 0 0 0 0 0 0 0 0 0 0 0 0 0 0 0 0 0 0 0 0 0 0 0 0 0 0 0 0 0 0 0 0 0 0 0 0 0 0 0 0 0 0 0 0 0 0 0 0 0 0 0 0 0 0 0 0 0 0 0 0 0 0 0 0 0 0 0 0 0 0 0 0 0 0 0 0 0 0 0 0 0 0 0 0 0 0 0 0 0 0 0 0 0 0 0 0 0 0 0 0 0 0 0 0 0 0 0 0 0 0 0 0 0 0 0 0 0 0 0 0 0 0 0 0 0 0 0 0 0 0 0 0 0 0 0 0 0 0 0 0 0 0 0 0 0 0 0 0 0 0 0 0 0 0 0 0 0 0 0 0 0 0 0 0 0 0 0 0 0 0 0 0 0 0 0 0 0 0 0 0 0 0 0 0 0 0 0 0 0 0 0 0 0 0 0 0 0 0 0 0 0 0 0 0 0 0 0 0 0 0 0 0 0 0 0 0 0 0 0 0 0 0 0 0 0 0 0 0 0 0 0 0 0 0 0 0 0 0 0 0 0 0 0 0 0 0 0 0 0 0 0 0 0 0 0 0 0 0 0 0 0 0 0 0 0 0 0 0 0 0 0 0 0 0 0 0 0 0 0 0 0 0 0 0 0 0 0 0 0 0 0 0 0 0\nctxt 431791\nbtime 1768155927\nprocesses 3061\nprocs_running 4\nprocs_blocked 0\nsoftirq 236708 6 78122 11 13260 1447 0 190 85848 0 57824\n"}
{"timestamp":1768158990,"subsystem":"/proc/meminfo","measurement":"MemTotal:        4004576 kB\nMemFree:         2516232 kB\nMemAvailable:    3421232 kB\nBuffers:           31616 kB\nCached:          1084192 kB\nSwapCached:            0 kB\nActive:           778896 kB\nInactive:         517144 kB\nActive(anon):     200256 kB\nInactive(anon):        0 kB\nActive(file):     578640 kB\nInactive(file):   517144 kB\nUnevictable:       39208 kB\nMlocked:           35208 kB\nSwapTotal:             0 kB\nSwapFree:              0 kB\nZswap:                 0 kB\nZswapped:              0 kB\nDirty:               476 kB\nWriteback:             0 kB\nAnonPages:        219412 kB\nMapped:           281192 kB\nShmem:              5312 kB\nKReclaimable:      33832 kB\nSlab:              93736 kB\nSReclaimable:      33832 kB\nSUnreclaim:        59904 kB\nKernelStack:        4064 kB\nPageTables:         5252 kB\nSecPageTables:         0 kB\nNFS_Unstable:          0 kB\nBounce:                0 kB\nWritebackTmp:          0 kB\nCommitLimit:     2002288 kB\nCommitted_AS:    1947124 kB\nVmallocTotal:   13743895347199 kB\nVmallocUsed:       20808 kB\nVmallocChunk:          0 kB\nPercpu:             1112 kB\nHardwareCorrupted:     0 kB\nAnonHugePages:         0 kB\nShmemHugePages:        0 kB\nShmemPmdMapped:        0 kB\nFileHugePages:         0 kB\nFilePmdMapped:         0 kB\nUnaccepted:            0 kB\nHugePages_Total:       0\nHugePages_Free:        0\nHugePages_Rsvd:        0\nHugePages_Surp:        0\nHugepagesize:       2048 kB\nHugetlb:               0 kB\nDirectMap4k:      123816 kB\nDirectMap2M:     4065280 kB\nDirectMap1G:     2097152 kB\n"}
{"timestamp":1768158990,"subsystem":"/proc/net/dev","measurement":"Inter-|   Receive                                                |  Transmit\n face |bytes    packets errs drop fifo frame compressed multicast|bytes    packets errs drop fifo colls carrier compressed\n    lo:   57197     346    0    0    0     0          0         0    57197     346    0    0    0     0       0          0\nenp0s5: 6067161    7584    0    0    0     0          0         0  3452541    6676    0    0    0     0       0          0\ndocker0:       0       0    0    0    0     0          0         0        0       0    0    2    0     0       0          0\n"}
{"timestamp":1768158990,"subsystem":"/proc/diskstats","measurement":"   7       0 loop0 41 0 688 13 0 0 0 0 0 12 13 0 0 0 0 0 0\n   7       1 loop1 48 0 716 39 0 0 0 0 0 34 39 0 0 0 0 0 0\n   7       2 loop2 682 0 52154 412 0 0 0 0 0 351 412 0 0 0 0 0 0\n   7       3 loop3 43 0 692 21 0 0 0 0 0 17 21 0 0 0 0 0 0\n   7       4 loop4 631 0 46376 3200 0 0 0 0 0 2172 3200 0 0 0 0 0 0\n   7       5 loop5 10 0 20 0 0 0 0 0 0 0 0 0 0 0 0 0 0\n   7       6 loop6 0 0 0 0 0 0 0 0 0 0 0 0 0 0 0 0 0\n   7       7 loop7 0 0 0 0 0 0 0 0 0 0 0 0 0 0 0 0 0\n   8       0 sda 9113 4186 1847862 38448 4707 5371 659866 130970 0 12952 169514 162 34 910784 95 0 0\n   8       1 sda1 8465 3480 1806023 38151 4679 5291 659548 130949 0 54760 169196 162 34 910784 95 0 0\n   8      14 sda14 109 0 1120 39 0 0 0 0 0 36 39 0 0 0 0 0 0\n   8      15 sda15 200 675 19334 97 3 0 10 2 0 59 99 0 0 0 0 0 0\n 259       0 sda16 239 31 17545 112 25 80 308 18 0 96 131 0 0 0 0 0 0\n"}
{"timestamp":1768158990,"subsystem":"statfs[*]","measurement":"{\"mount_point\":\"/\",\"block_size\":4096,\"blocks_total\":12422878,\"blocks_free\":11448420,\"blocks_available\":11444324}\n{\"mount_point\":\"/boot\",\"block_size\":4096,\"blocks_total\":225380,\"blocks_free\":186421,\"blocks_available\":170639}\n{\"mount_point\":\"/boot/efi\",\"block_size\":512,\"blocks_total\":213663,\"blocks_free\":201164,\"blocks_available\":201164}\n"}
{"timestamp":1768158995,"subsystem":"/proc/cpuinfo","measurement":"processor\t: 0\nvendor_id\t: AuthenticAMD\ncpu family\t: 25\nmodel\t\t: 17\nmodel name\t: AMD EPYC 9J14 96-Core Processor\nstepping\t: 1\nmicrocode\t: 0xa101154\ncpu MHz\t\t: 2596.098\ncache size\t: 512 KB\nphysical id\t: 0\nsiblings\t: 2\ncore id\t\t: 0\ncpu cores\t: 1\napicid\t\t: 0\ninitial apicid\t: 0\nfpu\t\t: yes\nfpu_exception\t: yes\ncpuid level\t: 16\nwp\t\t: yes\nflags\t\t: fpu vme de pse tsc msr pae mce cx8 apic sep mtrr pge mca cmov pat pse36 clflush mmx fxsr sse sse2 ht syscall nx mmxext fxsr_opt pdpe1gb rdtscp lm rep_good nopl xtopology cpuid extd_apicid tsc_known_freq pni pclmulqdq ssse3 fma cx16 pcid sse4_1 sse4_2 x2apic movbe popcnt tsc_deadline_timer aes xsave avx f16c rdrand hypervisor lahf_lm cmp_legacy svm cr8_legacy abm sse4a misalignsse 3dnowprefetch osvw topoext perfctr_core ssbd ibrs ibpb stibp vmmcall fsgsbase tsc_adjust bmi1 avx2 smep bmi2 erms invpcid avx512f avx512dq rdseed adx smap avx512ifma clflushopt clwb avx512cd sha_ni avx512bw avx512vl xsaveopt xsavec xgetbv1 xsaves avx512_bf16 clzero xsaveerptr wbnoinvd arat npt nrip_save vgif vnmi avx512vbmi umip pku ospke avx512_vbmi2 gfni vaes vpclmulqdq avx512_vnni avx512_bitalg avx512_vpopcntdq la57 rdpid overflow_recov succor fsrm arch_capabilities\nbugs\t\t: sysret_ss_attrs null_seg spectre_v1 spectre_v2 spec_store_bypass srso ibpb_no_ret tsa\nbogomips\t: 5192.19\nTLB size\t: 1024 4K pages\nclflush size\t: 64\ncache_alignment\t: 64\naddress sizes\t: 40 bits physical, 57 bits virtual\npower management:\n\nprocessor\t: 1\nvendor_id\t: AuthenticAMD\ncpu family\t: 25\nmodel\t\t: 17\nmodel name\t: AMD EPYC 9J14 96-Core Processor\nstepping\t: 1\nmicrocode\t: 0xa101154\ncpu MHz\t\t: 2596.098\ncache size\t: 512 KB\nphysical id\t: 0\nsiblings\t: 2\ncore id\t\t: 0\ncpu cores\t: 1\napicid\t\t: 1\ninitial apicid\t: 1\nfpu\t\t: yes\nfpu_exception\t: yes\ncpuid level\t: 16\nwp\t\t: yes\nflags\t\t: fpu vme de pse tsc msr pae mce cx8 apic sep mtrr pge mca cmov pat pse36 clflush mmx fxsr sse sse2 ht syscall nx mmxext fxsr_opt pdpe1gb rdtscp lm rep_good nopl xtopology cpuid extd_apicid tsc_known_freq pni pclmulqdq ssse3 fma cx16 pcid sse4_1 sse4_2 x2apic movbe popcnt tsc_deadline_timer aes xsave avx f16c rdrand hypervisor lahf_lm cmp_legacy svm cr8_legacy abm sse4a misalignsse 3dnowprefetch osvw topoext perfctr_core ssbd ibrs ibpb stibp vmmcall fsgsbase tsc_adjust bmi1 avx2 smep bmi2 erms invpcid avx512f avx512dq rdseed adx smap avx512ifma clflushopt clwb avx512cd sha_ni avx512bw avx512vl xsaveopt xsavec xgetbv1 xsaves avx512_bf16 clzero xsaveerptr wbnoinvd arat npt nrip_save vgif vnmi avx512vbmi umip pku ospke avx512_vbmi2 gfni vaes vpclmulqdq avx512_vnni avx512_bitalg avx512_vpopcntdq la57 rdpid overflow_recov succor fsrm arch_capabilities\nbugs\t\t: sysret_ss_attrs null_seg spectre_v1 spectre_v2 spec_store_bypass srso ibpb_no_ret tsa\nbogomips\t: 5192.19\nTLB size\t: 1024 4K pages\nclflush size\t: 64\ncache_alignment\t: 64\naddress sizes\t: 40 bits physical, 57 bits virtual\npower management:\n\n"}
{"timestamp":1768158995,"subsystem":"/proc/stat","measurement":"cpu  62757 215 1628 547276 1077 0 13 158 0 0\ncpu0 31415 137 880 273482 548 0 6 90 0 0\ncpu1 31342 77 748 273794 529 0 7 68 0 0\nintr 952360 68 9 0 0 988 0 0 0 0 0 0 0 15 0 0 0 0 0 0 29 0 0 0 0 0 0 0 0 0 0 0 0 0 0 0 0 0 0 0 0 0 0 0 0 0 0 0 0 0 0 0 0 6351 5329 0 6994 6566 0 0 0 0 0 0 0 0 0 0 0 0 0 0 0 0 0 0 0 0 0 0 0 0 0 0 0 0 0 0 0 0 0 0 0 0 0 0 0 0 0 0 0 0 0 0 0 0 0 0 0 0 0 0 0 0 0 0 0 0 0 0 0 0 0 0 0 0 0 0 0 0 0 0 0 0 0 0 0 0 0 0 0 0 0 0 0 0 0 0 0 0 0 0 0 0 0 0 0 0 0 0 0 0 0 0 0 0 0 0 0 0 0 0 0 0 0 0 0 0 0 0 0 0 0 0 0 0 0 0 0 0 0 0 0 0 0 0 0 0 0 0 0 0 0 0 0 0 0 0 0 0 0 0 0 0 0 0 0 0 0 0 0 0 0 0 0 0 0 0 0 0 0 0 0 0 0 0 0 0 0 0 0 0 0 0 0 0 0 0 0 0 0 0 0 0 0 0 0 0 0 0 0 0 0 0 0 0 0 0 0 0 0 0 0 0 0 0 0 0 0 0 0 0 0 0 0 0 0 0 0 0 0 0 0 0 0 0 0 0 0 0 0 0 0 0 0 0 0 0 0 0 0 0 0 0 0 0 0 0 0 0 0 0 0 0 0 0 0 0 0 0 0 0 0 0 0 0 0 0 0 0 0 0 0 0 0 0 0 0 0 0 0 0 0 0 0 0 0 0 0 0 0 0 0 0 0 0 0 0 0 0 0 0 0 0 0 0 0 0 0 0 0 0 0 0 0 0 0 0 0 0 0 0 0 0 0 0 0 0 0 0 0 0 0 0 0 0 0 0 0 0 0 0 0 0 0 0 0 0 0 0 0 0 0 0 0 0 0 0 0 0 0 0 0 0 0 0 0 0 0 0 0\nctxt 432536\nbtime 1768155927\nprocesses 3067\nprocs_running 5\nprocs_blocked 0\nsoftirq 237163 6 78272 11 13269 1447 0 190 86011 0 57957\n"}
{"timestamp":1768158995,"subsystem":"/proc/meminfo","measurement":"MemTotal:        4004576 kB\nMemFree:         2515252 kB\nMemAvailable:    3420276 kB\nBuffers:           31616 kB\nCached:          1084204 kB\nSwapCached:            0 kB\nActive:           779964 kB\nInactive:         517156 kB\nActive(anon):     201324 kB\nInactive(anon):        0 kB\nActive(file):     578640 kB\nInactive(file):   517156 kB\nUnevictable:       39208 kB\nMlocked:           35208 kB\nSwapTotal:             0 kB\nSwapFree:              0 kB\nZswap:                 0 kB\nZswapped:              0 kB\nDirty:               488 kB\nWriteback:             0 kB\nAnonPages:        220632 kB\nMapped:           281684 kB\nShmem:              5312 kB\nKReclaimable:      33852 kB\nSlab:              93804 kB\nSReclaimable:      33852 kB\nSUnreclaim:        59952 kB\nKernelStack:        4096 kB\nPageTables:         5216 kB\nSecPageTables:         0 kB\nNFS_Unstable:          0 kB\nBounce:                0 kB\nWritebackTmp:          0 kB\nCommitLimit:     2002288 kB\nCommitted_AS:    1953180 kB\nVmallocTotal:   13743895347199 kB\nVmallocUsed:       20840 kB\nVmallocChunk:          0 kB\nPercpu:             1112 kB\nHardwareCorrupted:     0 kB\nAnonHugePages:         0 kB\nShmemHugePages:        0 kB\nShmemPmdMapped:        0 kB\nFileHugePages:         0 kB\nFilePmdMapped:         0 kB\nUnaccepted:            0 kB\nHugePages_Total:       0\nHugePages_Free:        0\nHugePages_Rsvd:        0\nHugePages_Surp:        0\nHugepagesize:       2048 kB\nHugetlb:               0 kB\nDirectMap4k:      123816 kB\nDirectMap2M:     4065280 kB\nDirectMap1G:     2097152 kB\n"}
{"timestamp":1768158995,"subsystem":"/proc/net/dev","measurement":"Inter-|   Receive                                                |  Transmit\n face |bytes    packets errs drop fifo frame compressed multicast|bytes    packets errs drop fifo colls carrier compressed\n    lo:   57197     346    0    0    0     0          0         0    57197     346    0    0    0     0       0          0\nenp0s5: 6067451    7589    0    0    0     0          0         0  3452991    6681    0    0    0     0       0          0\ndocker0:       0       0    0    0    0     0          0         0        0       0    0    2    0     0       0          0\n"}
{"timestamp":1768158995,"subsystem":"/proc/diskstats","measurement":"   7       0 loop0 41 0 688 13 0 0 0 0 0 12 13 0 0 0 0 0 0\n   7       1 loop1 48 0 716 39 0 0 0 0 0 34 39 0 0 0 0 0 0\n   7       2 loop2 682 0 52154 412 0 0 0 0 0 351 412 0 0 0 0 0 0\n   7       3 loop3 43 0 692 21 0 0 0 0 0 17 21 0 0 0 0 0 0\n   7       4 loop4 631 0 46376 3200 0 0 0 0 0 2172 3200 0 0 0 0 0 0\n   7       5 loop5 10 0 20 0 0 0 0 0 0 0 0 0 0 0 0 0 0\n   7       6 loop6 0 0 0 0 0 0 0 0 0 0 0 0 0 0 0 0 0\n   7       7 loop7 0 0 0 0 0 0 0 0 0 0 0 0 0 0 0 0 0\n   8       0 sda 9113 4186 1847862 38448 4707 5371 659866 130970 0 12952 169514 162 34 910784 95 0 0\n   8       1 sda1 8465 3480 1806023 38151 4679 5291 659548 130949 0 54760 169196 162 34 910784 95 0 0\n   8      14 sda14 109 0 1120 39 0 0 0 0 0 36 39 0 0 0 0 0 0\n   8      15 sda15 200 675 19334 97 3 0 10 2 0 59 99 0 0 0 0 0 0\n 259       0 sda16 239 31 17545 112 25 80 308 18 0 96 131 0 0 0 0 0 0\n"}
{"timestamp":1768158995,"subsystem":"statfs[*]","measurement":"{\"mount_point\":\"/\",\"block_size\":4096,\"blocks_total\":12422878,\"blocks_free\":11448417,\"blocks_available\":11444321}\n{\"mount_point\":\"/boot\",\"block_size\":4096,\"blocks_total\":225380,\"blocks_free\":186421,\"blocks_available\":170639}\n{\"mount_point\":\"/boot/efi\",\"block_size\":512,\"blocks_total\":213663,\"blocks_free\":201164,\"blocks_available\":201164}\n"}
{"timestamp":1768159000,"subsystem":"/proc/cpuinfo","measurement":"processor\t: 0\nvendor_id\t: AuthenticAMD\ncpu family\t: 25\nmodel\t\t: 17\nmodel name\t: AMD EPYC 9J14 96-Core Processor\nstepping\t: 1\nmicrocode\t: 0xa101154\ncpu MHz\t\t: 2596.098\ncache size\t: 512 KB\nphysical id\t: 0\nsiblings\t: 2\ncore id\t\t: 0\ncpu cores\t: 1\napicid\t\t: 0\ninitial apicid\t: 0\nfpu\t\t: yes\nfpu_exception\t: yes\ncpuid level\t: 16\nwp\t\t: yes\nflags\t\t: fpu vme de pse tsc msr pae mce cx8 apic sep mtrr pge mca cmov pat pse36 clflush mmx fxsr sse sse2 ht syscall nx mmxext fxsr_opt pdpe1gb rdtscp lm rep_good nopl xtopology cpuid extd_apicid tsc_known_freq pni pclmulqdq ssse3 fma cx16 pcid sse4_1 sse4_2 x2apic movbe popcnt tsc_deadline_timer aes xsave avx f16c rdrand hypervisor lahf_lm cmp_legacy svm cr8_legacy abm sse4a misalignsse 3dnowprefetch osvw topoext perfctr_core ssbd ibrs ibpb stibp vmmcall fsgsbase tsc_adjust bmi1 avx2 smep bmi2 erms invpcid avx512f avx512dq rdseed adx smap avx512ifma clflushopt clwb avx512cd sha_ni avx512bw avx512vl xsaveopt xsavec xgetbv1 xsaves avx512_bf16 clzero xsaveerptr wbnoinvd arat npt nrip_save vgif vnmi avx512vbmi umip pku ospke avx512_vbmi2 gfni vaes vpclmulqdq avx512_vnni avx512_bitalg avx512_vpopcntdq la57 rdpid overflow_recov succor fsrm arch_capabilities\nbugs\t\t: sysret_ss_attrs null_seg spectre_v1 spectre_v2 spec_store_bypass srso ibpb_no_ret tsa\nbogomips\t: 5192.19\nTLB size\t: 1024 4K pages\nclflush size\t: 64\ncache_alignment\t: 64\naddress sizes\t: 40 bits physical, 57 bits virtual\npower management:\n\nprocessor\t: 1\nvendor_id\t: AuthenticAMD\ncpu family\t: 25\nmodel\t\t: 17\nmodel name\t: AMD EPYC 9J14 96-Core Processor\nstepping\t: 1\nmicrocode\t: 0xa101154\ncpu MHz\t\t: 2596.098\ncache size\t: 512 KB\nphysical id\t: 0\nsiblings\t: 2\ncore id\t\t: 0\ncpu cores\t: 1\napicid\t\t: 1\ninitial apicid\t: 1\nfpu\t\t: yes\nfpu_exception\t: yes\ncpuid level\t: 16\nwp\t\t: yes\nflags\t\t: fpu vme de pse tsc msr pae mce cx8 apic sep mtrr pge mca cmov pat pse36 clflush mmx fxsr sse sse2 ht syscall nx mmxext fxsr_opt pdpe1gb rdtscp lm rep_good nopl xtopology cpuid extd_apicid tsc_known_freq pni pclmulqdq ssse3 fma cx16 pcid sse4_1 sse4_2 x2apic movbe popcnt tsc_deadline_timer aes xsave avx f16c rdrand hypervisor lahf_lm cmp_legacy svm cr8_legacy abm sse4a misalignsse 3dnowprefetch osvw topoext perfctr_core ssbd ibrs ibpb stibp vmmcall fsgsbase tsc_adjust bmi1 avx2 smep bmi2 erms invpcid avx512f avx512dq rdseed adx smap avx512ifma clflushopt clwb avx512cd sha_ni avx512bw avx512vl xsaveopt xsavec xgetbv1 xsaves avx512_bf16 clzero xsaveerptr wbnoinvd arat npt nrip_save vgif vnmi avx512vbmi umip pku ospke avx512_vbmi2 gfni vaes vpclmulqdq avx512_vnni avx512_bitalg avx512_vpopcntdq la57 rdpid overflow_recov succor fsrm arch_capabilities\nbugs\t\t: sysret_ss_attrs null_seg spectre_v1 spectre_v2 spec_store_bypass srso ibpb_no_ret tsa\nbogomips\t: 5192.19\nTLB size\t: 1024 4K pages\nclflush size\t: 64\ncache_alignment\t: 64\naddress sizes\t: 40 bits physical, 57 bits virtual\npower management:\n\n"}
{"timestamp":1768159000,"subsystem":"/proc/stat","measurement":"cpu  63757 215 1629 547276 1077 0 13 158 0 0\ncpu0 31914 137 880 273482 548 0 6 90 0 0\ncpu1 31842 77 748 273794 529 0 7 68 0 0\nintr 962632 68 9 0 0 988 0 0 0 0 0 0 0 15 0 0 0 0 0 0 29 0 0 0 0 0 0 0 0 0 0 0 0 0 0 0 0 0 0 0 0 0 0 0 0 0 0 0 0 0 0 0 0 6351 5329 0 6995 6567 0 0 0 0 0 0 0 0 0 0 0 0 0 0 0 0 0 0 0 0 0 0 0 0 0 0 0 0 0 0 0 0 0 0 0 0 0 0 0 0 0 0 0 0 0 0 0 0 0 0 0 0 0 0 0 0 0 0 0 0 0 0 0 0 0 0 0 0 0 0 0 0 0 0 0 0 0 0 0 0 0 0 0 0 0 0 0 0 0 0 0 0 0 0 0 0 0 0 0 0 0 0 0 0 0 0 0 0 0 0 0 0 0 0 0 0 0 0 0 0 0 0 0 0 0 0 0 0 0 0 0 0 0 0 0 0 0 0 0 0 0 0 0 0 0 0 0 0 0 0 0 0 0 0 0 0 0 0 0 0 0 0 0 0 0 0 0 0 0 0 0 0 0 0 0 0 0 0 0 0 0 0 0 0 0 0 0 0 0 0 0 0 0 0 0 0 0 0 0 0 0 0 0 0 0 0 0 0 0 0 0 0 0 0 0 0 0 0 0 0 0 0 0 0 0 0 0 0 0 0 0 0 0 0 0 0 0 0 0 0 0 0 0 0 0 0 0 0 0 0 0 0 0 0 0 0 0 0 0 0 0 0 0 0 0 0 0 0 0 0 0 0 0 0 0 0 0 0 0 0 0 0 0 0 0 0 0 0 0 0 0 0 0 0 0 0 0 0 0 0 0 0 0 0 0 0 0 0 0 0 0 0 0 0 0 0 0 0 0 0 0 0 0 0 0 0 0 0 0 0 0 0 0 0 0 0 0 0 0 0 0 0 0 0 0 0 0 0 0 0 0 0 0 0 0 0 0 0 0 0 0 0 0 0 0 0 0 0 0 0 0 0 0 0 0 0 0 0 0 0 0 0 0\nctxt 433537\nbtime 1768155927\nprocesses 3071\nprocs_running 4\nprocs_blocked 0\nsoftirq 237540 6 78411 11 13271 1447 0 190 86169 0 58035\n"}
{"timestamp":1768159000,"subsystem":"/proc/meminfo","measurement":"MemTotal:        4004576 kB\nMemFree:         2514496 kB\nMemAvailable:    3419520 kB\nBuffers:           31616 kB\nCached:          1084212 kB\nSwapCached:            0 kB\nActive:           780332 kB\nInactive:         517156 kB\nActive(anon):     201692 kB\nInactive(anon):        0 kB\nActive(file):     578640 kB\nInactive(file):   517156 kB\nUnevictable:       39208 kB\nMlocked:           35208 kB\nSwapTotal:             0 kB\nSwapFree:              0 kB\nZswap:                 0 kB\nZswapped:              0 kB\nDirty:               496 kB\nWriteback:             0 kB\nAnonPages:        220884 kB\nMapped:           281684 kB\nShmem:              5312 kB\nKReclaimable:      33852 kB\nSlab:              93812 kB\nSReclaimable:      33852 kB\nSUnreclaim:        59960 kB\nKernelStack:        4112 kB\nPageTables:         5216 kB\nSecPageTables:         0 kB\nNFS_Unstable:          0 kB\nBounce:                0 kB\nWritebackTmp:          0 kB\nCommitLimit:     2002288 kB\nCommitted_AS:    1953184 kB\nVmallocTotal:   13743895347199 kB\nVmallocUsed:       20856 kB\nVmallocChunk:          0 kB\nPercpu:             1112 kB\nHardwareCorrupted:     0 kB\nAnonHugePages:         0 kB\nShmemHugePages:        0 kB\nShmemPmdMapped:        0 kB\nFileHugePages:         0 kB\nFilePmdMapped:         0 kB\nUnaccepted:            0 kB\nHugePages_Total:       0\nHugePages_Free:        0\nHugePages_Rsvd:        0\nHugePages_Surp:        0\nHugepagesize:       2048 kB\nHugetlb:               0 kB\nDirectMap4k:      123816 kB\nDirectMap2M:     4065280 kB\nDirectMap1G:     2097152 kB\n"}
{"timestamp":1768159000,"subsystem":"/proc/net/dev","measurement":"Inter-|   Receive                                                |  Transmit\n face |bytes    packets errs drop fifo frame compressed multicast|bytes    packets errs drop fifo colls carrier compressed\n    lo:   57197     346    0    0    0     0          0         0    57197     346    0    0    0     0       0          0\nenp0s5: 6067517    7590    0    0    0     0          0         0  3453057    6682    0    0    0     0       0          0\ndocker0:       0       0    0    0    0     0          0         0        0       0    0    2    0     0       0          0\n"}
{"timestamp":1768159000,"subsystem":"/proc/diskstats","measurement":"   7       0 loop0 41 0 688 13 0 0 0 0 0 12 13 0 0 0 0 0 0\n   7       1 loop1 48 0 716 39 0 0 0 0 0 34 39 0 0 0 0 0 0\n   7       2 loop2 682 0 52154 412 0 0 0 0 0 351 412 0 0 0 0 0 0\n   7       3 loop3 43 0 692 21 0 0 0 0 0 17 21 0 0 0 0 0 0\n   7       4 loop4 631 0 46376 3200 0 0 0 0 0 2172 3200 0 0 0 0 0 0\n   7       5 loop5 10 0 20 0 0 0 0 0 0 0 0 0 0 0 0 0 0\n   7       6 loop6 0 0 0 0 0 0 0 0 0 0 0 0 0 0 0 0 0\n   7       7 loop7 0 0 0 0 0 0 0 0 0 0 0 0 0 0 0 0 0\n   8       0 sda 9113 4186 1847862 38448 4707 5371 659866 130970 0 12952 169514 162 34 910784 95 0 0\n   8       1 sda1 8465 3480 1806023 38151 4679 5291 659548 130949 0 54760 169196 162 34 910784 95 0 0\n   8      14 sda14 109 0 1120 39 0 0 0 0 0 36 39 0 0 0 0 0 0\n   8      15 sda15 200 675 19334 97 3 0 10 2 0 59 99 0 0 0 0 0 0\n 259       0 sda16 239 31 17545 112 25 80 308 18 0 96 131 0 0 0 0 0 0\n"}
{"timestamp":1768159000,"subsystem":"statfs[*]","measurement":"{\"mount_point\":\"/\",\"block_size\":4096,\"blocks_total\":12422878,\"blocks_free\":11448415,\"blocks_available\":11444319}\n{\"mount_point\":\"/boot\",\"block_size\":4096,\"blocks_total\":225380,\"blocks_free\":186421,\"blocks_available\":170639}\n{\"mount_point\":\"/boot/efi\",\"block_size\":512,\"blocks_total\":213663,\"blocks_free\":201164,\"blocks_available\":201164}\n"}
{"timestamp":1768159005,"subsystem":"/proc/cpuinfo","measurement":"processor\t: 0\nvendor_id\t: AuthenticAMD\ncpu family\t: 25\nmodel\t\t: 17\nmodel name\t: AMD EPYC 9J14 96-Core Processor\nstepping\t: 1\nmicrocode\t: 0xa101154\ncpu MHz\t\t: 2596.098\ncache size\t: 512 KB\nphysical id\t: 0\nsiblings\t: 2\ncore id\t\t: 0\ncpu cores\t: 1\napicid\t\t: 0\ninitial apicid\t: 0\nfpu\t\t: yes\nfpu_exception\t: yes\ncpuid level\t: 16\nwp\t\t: yes\nflags\t\t: fpu vme de pse tsc msr pae mce cx8 apic sep mtrr pge mca cmov pat pse36 clflush mmx fxsr sse sse2 ht syscall nx mmxext fxsr_opt pdpe1gb rdtscp lm rep_good nopl xtopology cpuid extd_apicid tsc_known_freq pni pclmulqdq ssse3 fma cx16 pcid sse4_1 sse4_2 x2apic movbe popcnt tsc_deadline_timer aes xsave avx f16c rdrand hypervisor lahf_lm cmp_legacy svm cr8_legacy abm sse4a misalignsse 3dnowprefetch osvw topoext perfctr_core ssbd ibrs ibpb stibp vmmcall fsgsbase tsc_adjust bmi1 avx2 smep bmi2 erms invpcid avx512f avx512dq rdseed adx smap avx512ifma clflushopt clwb avx512cd sha_ni avx512bw avx512vl xsaveopt xsavec xgetbv1 xsaves avx512_bf16 clzero xsaveerptr wbnoinvd arat npt nrip_save vgif vnmi avx512vbmi umip pku ospke avx512_vbmi2 gfni vaes vpclmulqdq avx512_vnni avx512_bitalg avx512_vpopcntdq la57 rdpid overflow_recov succor fsrm arch_capabilities\nbugs\t\t: sysret_ss_attrs null_seg spectre_v1 spectre_v2 spec_store_bypass srso ibpb_no_ret tsa\nbogomips\t: 5192.19\nTLB size\t: 1024 4K pages\nclflush size\t: 64\ncache_alignment\t: 64\naddress sizes\t: 40 bits physical, 57 bits virtual\npower management:\n\nprocessor\t: 1\nvendor_id\t: AuthenticAMD\ncpu family\t: 25\nmodel\t\t: 17\nmodel name\t: AMD EPYC 9J14 96-Core Processor\nstepping\t: 1\nmicrocode\t: 0xa101154\ncpu MHz\t\t: 2596.098\ncache size\t: 512 KB\nphysical id\t: 0\nsiblings\t: 2\ncore id\t\t: 0\ncpu cores\t: 1\napicid\t\t: 1\ninitial apicid\t: 1\nfpu\t\t: yes\nfpu_exception\t: yes\ncpuid level\t: 16\nwp\t\t: yes\nflags\t\t: fpu vme de pse tsc msr pae mce cx8 apic sep mtrr pge mca cmov pat pse36 clflush mmx fxsr sse sse2 ht syscall nx mmxext fxsr_opt pdpe1gb rdtscp lm rep_good nopl xtopology cpuid extd_apicid tsc_known_freq pni pclmulqdq ssse3 fma cx16 pcid sse4_1 sse4_2 x2apic movbe popcnt tsc_deadline_timer aes xsave avx f16c rdrand hypervisor lahf_lm cmp_legacy svm cr8_legacy abm sse4a misalignsse 3dnowprefetch osvw topoext perfctr_core ssbd ibrs ibpb stibp vmmcall fsgsbase tsc_adjust bmi1 avx2 smep bmi2 erms invpcid avx512f avx512dq rdseed adx smap avx512ifma clflushopt clwb avx512cd sha_ni avx512bw avx512vl xsaveopt xsavec xgetbv1 xsaves avx512_bf16 clzero xsaveerptr wbnoinvd arat npt nrip_save vgif vnmi avx512vbmi umip pku ospke avx512_vbmi2 gfni vaes vpclmulqdq avx512_vnni avx512_bitalg avx512_vpopcntdq la57 rdpid overflow_recov succor fsrm arch_capabilities\nbugs\t\t: sysret_ss_attrs null_seg spectre_v1 spectre_v2 spec_store_bypass srso ibpb_no_ret tsa\nbogomips\t: 5192.19\nTLB size\t: 1024 4K pages\nclflush size\t: 64\ncache_alignment\t: 64\naddress sizes\t: 40 bits physical, 57 bits virtual\npower management:\n\n"}
{"timestamp":1768159005,"subsystem":"/proc/stat","measurement":"cpu  64755 215 1630 547276 1077 0 13 159 0 0\ncpu0 32414 137 881 273482 548 0 6 90 0 0\ncpu1 32341 77 749 273794 529 0 7 68 0 0\nintr 972792 68 9 0 0 988 0 0 0 0 0 0 0 15 0 0 0 0 0 0 29 0 0 0 0 0 0 0 0 0 0 0 0 0 0 0 0 0 0 0 0 0 0 0 0 0 0 0 0 0 0 0 0 6351 5329 0 6999 6570 0 0 0 0 0 0 0 0 0 0 0 0 0 0 0 0 0 0 0 0 0 0 0 0 0 0 0 0 0 0 0 0 0 0 0 0 0 0 0 0 0 0 0 0 0 0 0 0 0 0 0 0 0 0 0 0 0 0 0 0 0 0 0 0 0 0 0 0 0 0 0 0 0 0 0 0 0 0 0 0 0 0 0 0 0 0 0 0 0 0 0 0 0 0 0 0 0 0 0 0 0 0 0 0 0 0 0 0 0 0 0 0 0 0 0 0 0 0 0 0 0 0 0 0 0 0 0 0 0 0 0 0 0 0 0 0 0 0 0 0 0 0 0 0 0 0 0 0 0 0 0 0 0 0 0 0 0 0 0 0 0 0 0 0 0 0 0 0 0 0 0 0 0 0 0 0 0 0 0 0 0 0 0 0 0 0 0 0 0 0 0 0 0 0 0 0 0 0 0 0 0 0 0 0 0 0 0 0 0 0 0 0 0 0 0 0 0 0 0 0 0 0 0 0 0 0 0 0 0 0 0 0 0 0 0 0 0 0 0 0 0 0 0 0 0 0 0 0 0 0 0 0 0 0 0 0 0 0 0 0 0 0 0 0 0 0 0 0 0 0 0 0 0 0 0 0 0 0 0 0 0 0 0 0 0 0 0 0 0 0 0 0 0 0 0 0 0 0 0 0 0 0 0 0 0 0 0 0 0 0 0 0 0 0 0 0 0 0 0 0 0 0 0 0 0 0 0 0 0 0 0 0 0 0 0 0 0 0 0 0 0 0 0 0 0 0 0 0 0 0 0 0 0 0 0 0 0 0 0 0 0 0 0 0 0 0 0 0 0 0 0 0 0 0 0 0 0 0 0 0 0 0 0\nctxt 434280\nbtime 1768155927\nprocesses 3074\nprocs_running 5\nprocs_blocked 0\nsoftirq 237924 6 78557 11 13278 1447 0 190 86329 0 58106\n"}
{"timestamp":1768159005,"subsystem":"/proc/meminfo","measurement":"MemTotal:        4004576 kB\nMemFree:         2514496 kB\nMemAvailable:    3419528 kB\nBuffers:           31616 kB\nCached:          1084220 kB\nSwapCached:            0 kB\nActive:           780448 kB\nInactive:         517164 kB\nActive(anon):     201808 kB\nInactive(anon):        0 kB\nActive(file):     578640 kB\nInactive(file):   517164 kB\nUnevictable:       39208 kB\nMlocked:           35208 kB\nSwapTotal:             0 kB\nSwapFree:              0 kB\nZswap:                 0 kB\nZswapped:              0 kB\nDirty:               504 kB\nWriteback:             0 kB\nAnonPages:        221032 kB\nMapped:           281684 kB\nShmem:              5312 kB\nKReclaimable:      33852 kB\nSlab:              93836 kB\nSReclaimable:      33852 kB\nSUnreclaim:        59984 kB\nKernelStack:        4112 kB\nPageTables:         5216 kB\nSecPageTables:         0 kB\nNFS_Unstable:          0 kB\nBounce:                0 kB\nWritebackTmp:          0 kB\nCommitLimit:     2002288 kB\nCommitted_AS:    1953184 kB\nVmallocTotal:   13743895347199 kB\nVmallocUsed:       20856 kB\nVmallocChunk:          0 kB\nPercpu:             1112 kB\nHardwareCorrupted:     0 kB\nAnonHugePages:         0 kB\nShmemHugePages:        0 kB\nShmemPmdMapped:        0 kB\nFileHugePages:         0 kB\nFilePmdMapped:         0 kB\nUnaccepted:            0 kB\nHugePages_Total:       0\nHugePages_Free:        0\nHugePages_Rsvd:        0\nHugePages_Surp:        0\nHugepagesize:       2048 kB\nHugetlb:               0 kB\nDirectMap4k:      123816 kB\nDirectMap2M:     4065280 kB\nDirectMap1G:     2097152 kB\n"}
{"timestamp":1768159005,"subsystem":"/proc/net/dev","measurement":"Inter-|   Receive                                                |  Transmit\n face |bytes    packets errs drop fifo frame compressed multicast|bytes    packets errs drop fifo colls carrier compressed\n    lo:   57197     346    0    0    0     0          0         0    57197     346    0    0    0     0       0          0\nenp0s5: 6067781    7594    0    0    0     0          0         0  3453255    6685    0    0    0     0       0          0\ndocker0:       0       0    0    0    0     0          0         0        0       0    0    2    0     0       0          0\n"}
{"timestamp":1768159005,"subsystem":"/proc/diskstats","measurement":"   7       0 loop0 41 0 688 13 0 0 0 0 0 12 13 0 0 0 0 0 0\n   7       1 loop1 48 0 716 39 0 0 0 0 0 34 39 0 0 0 0 0 0\n   7       2 loop2 682 0 52154 412 0 0 0 0 0 351 412 0 0 0 0 0 0\n   7       3 loop3 43 0 692 21 0 0 0 0 0 17 21 0 0 0 0 0 0\n   7       4 loop4 631 0 46376 3200 0 0 0 0 0 2172 3200 0 0 0 0 0 0\n   7       5 loop5 10 0 20 0 0 0 0 0 0 0 0 0 0 0 0 0 0\n   7       6 loop6 0 0 0 0 0 0 0 0 0 0 0 0 0 0 0 0 0\n   7       7 loop7 0 0 0 0 0 0 0 0 0 0 0 0 0 0 0 0 0\n   8       0 sda 9113 4186 1847862 38448 4707 5371 659866 130970 0 12952 169514 162 34 910784 95 0 0\n   8       1 sda1 8465 3480 1806023 38151 4679 5291 659548 130949 0 54760 169196 162 34 910784 95 0 0\n   8      14 sda14 109 0 1120 39 0 0 0 0 0 36 39 0 0 0 0 0 0\n   8      15 sda15 200 675 19334 97 3 0 10 2 0 59 99 0 0 0 0 0 0\n 259       0 sda16 239 31 17545 112 25 80 308 18 0 96 131 0 0 0 0 0 0\n"}
{"timestamp":1768159005,"subsystem":"statfs[*]","measurement":"{\"mount_point\":\"/\",\"block_size\":4096,\"blocks_total\":12422878,\"blocks_free\":11448413,\"blocks_available\":11444317}\n{\"mount_point\":\"/boot\",\"block_size\":4096,\"blocks_total\":225380,\"blocks_free\":186421,\"blocks_available\":170639}\n{\"mount_point\":\"/boot/efi\",\"block_size\":512,\"blocks_total\":213663,\"blocks_free\":201164,\"blocks_available\":201164}\n"}
{"timestamp":1768159010,"subsystem":"/proc/cpuinfo","measurement":"processor\t: 0\nvendor_id\t: AuthenticAMD\ncpu family\t: 25\nmodel\t\t: 17\nmodel name\t: AMD EPYC 9J14 96-Core Processor\nstepping\t: 1\nmicrocode\t: 0xa101154\ncpu MHz\t\t: 2596.098\ncache size\t: 512 KB\nphysical id\t: 0\nsiblings\t: 2\ncore id\t\t: 0\ncpu cores\t: 1\napicid\t\t: 0\ninitial apicid\t: 0\nfpu\t\t: yes\nfpu_exception\t: yes\ncpuid level\t: 16\nwp\t\t: yes\nflags\t\t: fpu vme de pse tsc msr pae mce cx8 apic sep mtrr pge mca cmov pat pse36 clflush mmx fxsr sse sse2 ht syscall nx mmxext fxsr_opt pdpe1gb rdtscp lm rep_good nopl xtopology cpuid extd_apicid tsc_known_freq pni pclmulqdq ssse3 fma cx16 pcid sse4_1 sse4_2 x2apic movbe popcnt tsc_deadline_timer aes xsave avx f16c rdrand hypervisor lahf_lm cmp_legacy svm cr8_legacy abm sse4a misalignsse 3dnowprefetch osvw topoext perfctr_core ssbd ibrs ibpb stibp vmmcall fsgsbase tsc_adjust bmi1 avx2 smep bmi2 erms invpcid avx512f avx512dq rdseed adx smap avx512ifma clflushopt clwb avx512cd sha_ni avx512bw avx512vl xsaveopt xsavec xgetbv1 xsaves avx512_bf16 clzero xsaveerptr wbnoinvd arat npt nrip_save vgif vnmi avx512vbmi umip pku ospke avx512_vbmi2 gfni vaes vpclmulqdq avx512_vnni avx512_bitalg avx512_vpopcntdq la57 rdpid overflow_recov succor fsrm arch_capabilities\nbugs\t\t: sysret_ss_attrs null_seg spectre_v1 spectre_v2 spec_store_bypass srso ibpb_no_ret tsa\nbogomips\t: 5192.19\nTLB size\t: 1024 4K pages\nclflush size\t: 64\ncache_alignment\t: 64\naddress sizes\t: 40 bits physical, 57 bits virtual\npower management:\n\nprocessor\t: 1\nvendor_id\t: AuthenticAMD\ncpu family\t: 25\nmodel\t\t: 17\nmodel name\t: AMD EPYC 9J14 96-Core Processor\nstepping\t: 1\nmicrocode\t: 0xa101154\ncpu MHz\t\t: 2596.098\ncache size\t: 512 KB\nphysical id\t: 0\nsiblings\t: 2\ncore id\t\t: 0\ncpu cores\t: 1\napicid\t\t: 1\ninitial apicid\t: 1\nfpu\t\t: yes\nfpu_exception\t: yes\ncpuid level\t: 16\nwp\t\t: yes\nflags\t\t: fpu vme de pse tsc msr pae mce cx8 apic sep mtrr pge mca cmov pat pse36 clflush mmx fxsr sse sse2 ht syscall nx mmxext fxsr_opt pdpe1gb rdtscp lm rep_good nopl xtopology cpuid extd_apicid tsc_known_freq pni pclmulqdq ssse3 fma cx16 pcid sse4_1 sse4_2 x2apic movbe popcnt tsc_deadline_timer aes xsave avx f16c rdrand hypervisor lahf_lm cmp_legacy svm cr8_legacy abm sse4a misalignsse 3dnowprefetch osvw topoext perfctr_core ssbd ibrs ibpb stibp vmmcall fsgsbase tsc_adjust bmi1 avx2 smep bmi2 erms invpcid avx512f avx512dq rdseed adx smap avx512ifma clflushopt clwb avx512cd sha_ni avx512bw avx512vl xsaveopt xsavec xgetbv1 xsaves avx512_bf16 clzero xsaveerptr wbnoinvd arat npt nrip_save vgif vnmi avx512vbmi umip pku ospke avx512_vbmi2 gfni vaes vpclmulqdq avx512_vnni avx512_bitalg avx512_vpopcntdq la57 rdpid overflow_recov succor fsrm arch_capabilities\nbugs\t\t: sysret_ss_attrs null_seg spectre_v1 spectre_v2 spec_store_bypass srso ibpb_no_ret tsa\nbogomips\t: 5192.19\nTLB size\t: 1024 4K pages\nclflush size\t: 64\ncache_alignment\t: 64\naddress sizes\t: 40 bits physical, 57 bits virtual\npower management:\n\n"}
{"timestamp":1768159010,"subsystem":"/proc/stat","measurement":"cpu  65754 215 1631 547276 1077 0 13 159 0 0\ncpu0 32913 137 881 273482 548 0 6 90 0 0\ncpu1 32841 77 749 273794 529 0 7 68 0 0\nintr 982953 68 9 0 0 988 0 0 0 0 0 0 0 15 0 0 0 0 0 0 29 0 0 0 0 0 0 0 0 0 0 0 0 0 0 0 0 0 0 0 0 0 0 0 0 0 0 0 0 0 0 0 0 6374 5329 0 7003 6573 0 0 0 0 0 0 0 0 0 0 0 0 0 0 0 0 0 0 0 0 0 0 0 0 0 0 0 0 0 0 0 0 0 0 0 0 0 0 0 0 0 0 0 0 0 0 0 0 0 0 0 0 0 0 0 0 0 0 0 0 0 0 0 0 0 0 0 0 0 0 0 0 0 0 0 0 0 0 0 0 0 0 0 0 0 0 0 0 0 0 0 0 0 0 0 0 0 0 0 0 0 0 0 0 0 0 0 0 0 0 0 0 0 0 0 0 0 0 0 0 0 0 0 0 0 0 0 0 0 0 0 0 0 0 0 0 0 0 0 0 0 0 0 0 0 0 0 0 0 0 0 0 0 0 0 0 0 0 0 0 0 0 0 0 0 0 0 0 0 0 0 0 0 0 0 0 0 0 0 0 0 0 0 0 0 0 0 0 0 0 0 0 0 0 0 0 0 0 0 0 0 0 0 0 0 0 0 0 0 0 0 0 0 0 0 0 0 0 0 0 0 0 0 0 0 0 0 0 0 0 0 0 0 0 0 0 0 0 0 0 0 0 0 0 0 0 0 0 0 0 0 0 0 0 0 0 0 0 0 0 0 0 0 0 0 0 0 0 0 0 0 0 0 0 0 0 0 0 0 0 0 0 0 0 0 0 0 0 0 0 0 0 0 0 0 0 0 0 0 0 0 0 0 0 0 0 0 0 0 0 0 0 0 0 0 0 0 0 0 0 0 0 0 0 0 0 0 0 0 0 0 0 0 0 0 0 0 0 0 0 0 0 0 0 0 0 0 0 0 0 0 0 0 0 0 0 0 0 0 0 0 0 0 0 0 0 0 0 0 0 0 0 0 0 0 0 0 0 0 0 0 0 0\nctxt 434999\nbtime 1768155927\nprocesses 3077\nprocs_running 4\nprocs_blocked 0\nsoftirq 238323 6 78708 11 13285 1447 0 190 86487 0 58189\n"}
{"timestamp":1768159010,"subsystem":"/proc/meminfo","measurement":"MemTotal:        4004576 kB\nMemFree:         2514496 kB\nMemAvailable:    3419536 kB\nBuffers:           31624 kB\nCached:          1084228 kB\nSwapCached:            0 kB\nActive:           780564 kB\nInactive:         517172 kB\nActive(anon):     201924 kB\nInactive(anon):        0 kB\nActive(file):     578640 kB\nInactive(file):   517172 kB\nUnevictable:       39208 kB\nMlocked:           35208 kB\nSwapTotal:             0 kB\nSwapFree:              0 kB\nZswap:                 0 kB\nZswapped:              0 kB\nDirty:               244 kB\nWriteback:             0 kB\nAnonPages:        221192 kB\nMapped:           281684 kB\nShmem:              5312 kB\nKReclaimable:      33856 kB\nSlab:              93844 kB\nSReclaimable:      33856 kB\nSUnreclaim:        59988 kB\nKernelStack:        4112 kB\nPageTables:         5216 kB\nSecPageTables:         0 kB\nNFS_Unstable:          0 kB\nBounce:                0 kB\nWritebackTmp:          0 kB\nCommitLimit:     2002288 kB\nCommitted_AS:    1953188 kB\nVmallocTotal:   13743895347199 kB\nVmallocUsed:       20856 kB\nVmallocChunk:          0 kB\nPercpu:             1112 kB\nHardwareCorrupted:     0 kB\nAnonHugePages:         0 kB\nShmemHugePages:        0 kB\nShmemPmdMapped:        0 kB\nFileHugePages:         0 kB\nFilePmdMapped:         0 kB\nUnaccepted:            0 kB\nHugePages_Total:       0\nHugePages_Free:        0\nHugePages_Rsvd:        0\nHugePages_Surp:        0\nHugepagesize:       2048 kB\nHugetlb:               0 kB\nDirectMap4k:      123816 kB\nDirectMap2M:     4065280 kB\nDirectMap1G:     2097152 kB\n"}
{"timestamp":1768159010,"subsystem":"/proc/net/dev","measurement":"Inter-|   Receive                                                |  Transmit\n face |bytes    packets errs drop fifo frame compressed multicast|bytes    packets errs drop fifo colls carrier compressed\n    lo:   57197     346    0    0    0     0          0         0    57197     346    0    0    0     0       0          0\nenp0s5: 6068025    7598    0    0    0     0          0         0  3453421    6688    0    0    0     0       0          0\ndocker0:       0       0    0    0    0     0          0         0        0       0    0    2    0     0       0          0\n"}
{"timestamp":1768159010,"subsystem":"/proc/diskstats","measurement":"   7       0 loop0 41 0 688 13 0 0 0 0 0 12 13 0 0 0 0 0 0\n   7       1 loop1 48 0 716 39 0 0 0 0 0 34 39 0 0 0 0 0 0\n   7       2 loop2 682 0 52154 412 0 0 0 0 0 351 412 0 0 0 0 0 0\n   7       3 loop3 43 0 692 21 0 0 0 0 0 17 21 0 0 0 0 0 0\n   7       4 loop4 631 0 46376 3200 0 0 0 0 0 2172 3200 0 0 0 0 0 0\n   7       5 loop5 10 0 20 0 0 0 0 0 0 0 0 0 0 0 0 0 0\n   7       6 loop6 0 0 0 0 0 0 0 0 0 0 0 0 0 0 0 0 0\n   7       7 loop7 0 0 0 0 0 0 0 0 0 0 0 0 0 0 0 0 0\n   8       0 sda 9113 4186 1847862 38448 4759 5389 660618 130998 0 12955 169542 163 34 910792 95 0 0\n   8       1 sda1 8465 3480 1806023 38151 4731 5309 660300 130977 0 54763 169225 163 34 910792 95 0 0\n   8      14 sda14 109 0 1120 39 0 0 0 0 0 36 39 0 0 0 0 0 0\n   8      15 sda15 200 675 19334 97 3 0 10 2 0 59 99 0 0 0 0 0 0\n 259       0 sda16 239 31 17545 112 25 80 308 18 0 96 131 0 0 0 0 0 0\n"}
{"timestamp":1768159010,"subsystem":"statfs[*]","measurement":"{\"mount_point\":\"/\",\"block_size\":4096,\"blocks_total\":12422878,\"blocks_free\":11448411,\"blocks_available\":11444315}\n{\"mount_point\":\"/boot\",\"block_size\":4096,\"blocks_total\":225380,\"blocks_free\":186421,\"blocks_available\":170639}\n{\"mount_point\":\"/boot/efi\",\"block_size\":512,\"blocks_total\":213663,\"blocks_free\":201164,\"blocks_available\":201164}\n"}
{"timestamp":1768159015,"subsystem":"/proc/cpuinfo","measurement":"processor\t: 0\nvendor_id\t: AuthenticAMD\ncpu family\t: 25\nmodel\t\t: 17\nmodel name\t: AMD EPYC 9J14 96-Core Processor\nstepping\t: 1\nmicrocode\t: 0xa101154\ncpu MHz\t\t: 2596.098\ncache size\t: 512 KB\nphysical id\t: 0\nsiblings\t: 2\ncore id\t\t: 0\ncpu cores\t: 1\napicid\t\t: 0\ninitial apicid\t: 0\nfpu\t\t: yes\nfpu_exception\t: yes\ncpuid level\t: 16\nwp\t\t: yes\nflags\t\t: fpu vme de pse tsc msr pae mce cx8 apic sep mtrr pge mca cmov pat pse36 clflush mmx fxsr sse sse2 ht syscall nx mmxext fxsr_opt pdpe1gb rdtscp lm rep_good nopl xtopology cpuid extd_apicid tsc_known_freq pni pclmulqdq ssse3 fma cx16 pcid sse4_1 sse4_2 x2apic movbe popcnt tsc_deadline_timer aes xsave avx f16c rdrand hypervisor lahf_lm cmp_legacy svm cr8_legacy abm sse4a misalignsse 3dnowprefetch osvw topoext perfctr_core ssbd ibrs ibpb stibp vmmcall fsgsbase tsc_adjust bmi1 avx2 smep bmi2 erms invpcid avx512f avx512dq rdseed adx smap avx512ifma clflushopt clwb avx512cd sha_ni avx512bw avx512vl xsaveopt xsavec xgetbv1 xsaves avx512_bf16 clzero xsaveerptr wbnoinvd arat npt nrip_save vgif vnmi avx512vbmi umip pku ospke avx512_vbmi2 gfni vaes vpclmulqdq avx512_vnni avx512_bitalg avx512_vpopcntdq la57 rdpid overflow_recov succor fsrm arch_capabilities\nbugs\t\t: sysret_ss_attrs null_seg spectre_v1 spectre_v2 spec_store_bypass srso ibpb_no_ret tsa\nbogomips\t: 5192.19\nTLB size\t: 1024 4K pages\nclflush size\t: 64\ncache_alignment\t: 64\naddress sizes\t: 40 bits physical, 57 bits virtual\npower management:\n\nprocessor\t: 1\nvendor_id\t: AuthenticAMD\ncpu family\t: 25\nmodel\t\t: 17\nmodel name\t: AMD EPYC 9J14 96-Core Processor\nstepping\t: 1\nmicrocode\t: 0xa101154\ncpu MHz\t\t: 2596.098\ncache size\t: 512 KB\nphysical id\t: 0\nsiblings\t: 2\ncore id\t\t: 0\ncpu cores\t: 1\napicid\t\t: 1\ninitial apicid\t: 1\nfpu\t\t: yes\nfpu_exception\t: yes\ncpuid level\t: 16\nwp\t\t: yes\nflags\t\t: fpu vme de pse tsc msr pae mce cx8 apic sep mtrr pge mca cmov pat pse36 clflush mmx fxsr sse sse2 ht syscall nx mmxext fxsr_opt pdpe1gb rdtscp lm rep_good nopl xtopology cpuid extd_apicid tsc_known_freq pni pclmulqdq ssse3 fma cx16 pcid sse4_1 sse4_2 x2apic movbe popcnt tsc_deadline_timer aes xsave avx f16c rdrand hypervisor lahf_lm cmp_legacy svm cr8_legacy abm sse4a misalignsse 3dnowprefetch osvw topoext perfctr_core ssbd ibrs ibpb stibp vmmcall fsgsbase tsc_adjust bmi1 avx2 smep bmi2 erms invpcid avx512f avx512dq rdseed adx smap avx512ifma clflushopt clwb avx512cd sha_ni avx512bw avx512vl xsaveopt xsavec xgetbv1 xsaves avx512_bf16 clzero xsaveerptr wbnoinvd arat npt nrip_save vgif vnmi avx512vbmi umip pku ospke avx512_vbmi2 gfni vaes vpclmulqdq avx512_vnni avx512_bitalg avx512_vpopcntdq la57 rdpid overflow_recov succor fsrm arch_capabilities\nbugs\t\t: sysret_ss_attrs null_seg spectre_v1 spectre_v2 spec_store_bypass srso ibpb_no_ret tsa\nbogomips\t: 5192.19\nTLB size\t: 1024 4K pages\nclflush size\t: 64\ncache_alignment\t: 64\naddress sizes\t: 40 bits physical, 57 bits virtual\npower management:\n\n"}
{"timestamp":1768159015,"subsystem":"/proc/stat","measurement":"cpu  66753 215 1631 547276 1077 0 13 159 0 0\ncpu0 33413 137 882 273482 548 0 6 90 0 0\ncpu1 33340 77 749 273794 529 0 7 68 0 0\nintr 993066 68 9 0 0 988 0 0 0 0 0 0 0 15 0 0 0 0 0 0 29 0 0 0 0 0 0 0 0 0 0 0 0 0 0 0 0 0 0 0 0 0 0 0 0 0 0 0 0 0 0 0 0 6374 5330 0 7005 6573 0 0 0 0 0 0 0 0 0 0 0 0 0 0 0 0 0 0 0 0 0 0 0 0 0 0 0 0 0 0 0 0 0 0 0 0 0 0 0 0 0 0 0 0 0 0 0 0 0 0 0 0 0 0 0 0 0 0 0 0 0 0 0 0 0 0 0 0 0 0 0 0 0 0 0 0 0 0 0 0 0 0 0 0 0 0 0 0 0 0 0 0 0 0 0 0 0 0 0 0 0 0 0 0 0 0 0 0 0 0 0 0 0 0 0 0 0 0 0 0 0 0 0 0 0 0 0 0 0 0 0 0 0 0 0 0 0 0 0 0 0 0 0 0 0 0 0 0 0 0 0 0 0 0 0 0 0 0 0 0 0 0 0 0 0 0 0 0 0 0 0 0 0 0 0 0 0 0 0 0 0 0 0 0 0 0 0 0 0 0 0 0 0 0 0 0 0 0 0 0 0 0 0 0 0 0 0 0 0 0 0 0 0 0 0 0 0 0 0 0 0 0 0 0 0 0 0 0 0 0 0 0 0 0 0 0 0 0 0 0 0 0 0 0 0 0 0 0 0 0 0 0 0 0 0 0 0 0 0 0 0 0 0 0 0 0 0 0 0 0 0 0 0 0 0 0 0 0 0 0 0 0 0 0 0 0 0 0 0 0 0 0 0 0 0 0 0 0 0 0 0 0 0 0 0 0 0 0 0 0 0 0 0 0 0 0 0 0 0 0 0 0 0 0 0 0 0 0 0 0 0 0 0 0 0 0 0 0 0 0 0 0 0 0 0 0 0 0 0 0 0 0 0 0 0 0 0 0 0 0 0 0 0 0 0 0 0 0 0 0 0 0 0 0 0 0 0 0 0 0 0 0 0\nctxt 435670\nbtime 1768155927\nprocesses 3080\nprocs_running 4\nprocs_blocked 0\nsoftirq 238721 6 78862 11 13287 1447 0 190 86647 0 58271\n"}
{"timestamp":1768159015,"subsystem":"/proc/meminfo","measurement":"MemTotal:        4004576 kB\nMemFree:         2514244 kB\nMemAvailable:    3419308 kB\nBuffers:           31624 kB\nCached:          1084236 kB\nSwapCached:            0 kB\nActive:           780860 kB\nInactive:         517196 kB\nActive(anon):     202220 kB\nInactive(anon):        0 kB\nActive(file):     578640 kB\nInactive(file):   517196 kB\nUnevictable:       39208 kB\nMlocked:           35208 kB\nSwapTotal:             0 kB\nSwapFree:              0 kB\nZswap:                 0 kB\nZswapped:              0 kB\nDirty:               248 kB\nWriteback:             0 kB\nAnonPages:        221404 kB\nMapped:           281684 kB\nShmem:              5312 kB\nKReclaimable:      33856 kB\nSlab:              93876 kB\nSReclaimable:      33856 kB\nSUnreclaim:        60020 kB\nKernelStack:        4112 kB\nPageTables:         5216 kB\nSecPageTables:         0 kB\nNFS_Unstable:          0 kB\nBounce:                0 kB\nWritebackTmp:          0 kB\nCommitLimit:     2002288 kB\nCommitted_AS:    1953256 kB\nVmallocTotal:   13743895347199 kB\nVmallocUsed:       20856 kB\nVmallocChunk:          0 kB\nPercpu:             1112 kB\nHardwareCorrupted:     0 kB\nAnonHugePages:         0 kB\nShmemHugePages:        0 kB\nShmemPmdMapped:        0 kB\nFileHugePages:         0 kB\nFilePmdMapped:         0 kB\nUnaccepted:            0 kB\nHugePages_Total:       0\nHugePages_Free:        0\nHugePages_Rsvd:        0\nHugePages_Surp:        0\nHugepagesize:       2048 kB\nHugetlb:               0 kB\nDirectMap4k:      123816 kB\nDirectMap2M:     4065280 kB\nDirectMap1G:     2097152 kB\n"}
{"timestamp":1768159015,"subsystem":"/proc/net/dev","measurement":"Inter-|   Receive                                                |  Transmit\n face |bytes    packets errs drop fifo frame compressed multicast|bytes    packets errs drop fifo colls carrier compressed\n    lo:   57197     346    0    0    0     0          0         0    57197     346    0    0    0     0       0          0\nenp0s5: 6068137    7600    0    0    0     0          0         0  3453421    6688    0    0    0     0       0          0\ndocker0:       0       0    0    0    0     0          0         0        0       0    0    2    0     0       0          0\n"}
{"timestamp":1768159015,"subsystem":"/proc/diskstats","measurement":"   7       0 loop0 41 0 688 13 0 0 0 0 0 12 13 0 0 0 0 0 0\n   7       1 loop1 48 0 716 39 0 0 0 0 0 34 39 0 0 0 0 0 0\n   7       2 loop2 682 0 52154 412 0 0 0 0 0 351 412 0 0 0 0 0 0\n   7       3 loop3 43 0 692 21 0 0 0 0 0 17 21 0 0 0 0 0 0\n   7       4 loop4 631 0 46376 3200 0 0 0 0 0 2172 3200 0 0 0 0 0 0\n   7       5 loop5 10 0 20 0 0 0 0 0 0 0 0 0 0 0 0 0 0\n   7       6 loop6 0 0 0 0 0 0 0 0 0 0 0 0 0 0 0 0 0\n   7       7 loop7 0 0 0 0 0 0 0 0 0 0 0 0 0 0 0 0 0\n   8       0 sda 9113 4186 1847862 38448 4760 5389 660626 130999 0 12955 169543 163 34 910792 95 0 0\n   8       1 sda1 8465 3480 1806023 38151 4732 5309 660308 130978 0 54763 169226 163 34 910792 95 0 0\n   8      14 sda14 109 0 1120 39 0 0 0 0 0 36 39 0 0 0 0 0 0\n   8      15 sda15 200 675 19334 97 3 0 10 2 0 59 99 0 0 0 0 0 0\n 259       0 sda16 239 31 17545 112 25 80 308 18 0 96 131 0 0 0 0 0 0\n"}
{"timestamp":1768159015,"subsystem":"statfs[*]","measurement":"{\"mount_point\":\"/\",\"block_size\":4096,\"blocks_total\":12422878,\"blocks_free\":11448409,\"blocks_available\":11444313}\n{\"mount_point\":\"/boot\",\"block_size\":4096,\"blocks_total\":225380,\"blocks_free\":186421,\"blocks_available\":170639}\n{\"mount_point\":\"/boot/efi\",\"block_size\":512,\"blocks_total\":213663,\"blocks_free\":201164,\"blocks_available\":201164}\n"}
{"timestamp":1768159020,"subsystem":"/proc/cpuinfo","measurement":"processor\t: 0\nvendor_id\t: AuthenticAMD\ncpu family\t: 25\nmodel\t\t: 17\nmodel name\t: AMD EPYC 9J14 96-Core Processor\nstepping\t: 1\nmicrocode\t: 0xa101154\ncpu MHz\t\t: 2596.098\ncache size\t: 512 KB\nphysical id\t: 0\nsiblings\t: 2\ncore id\t\t: 0\ncpu cores\t: 1\napicid\t\t: 0\ninitial apicid\t: 0\nfpu\t\t: yes\nfpu_exception\t: yes\ncpuid level\t: 16\nwp\t\t: yes\nflags\t\t: fpu vme de pse tsc msr pae mce cx8 apic sep mtrr pge mca cmov pat pse36 clflush mmx fxsr sse sse2 ht syscall nx mmxext fxsr_opt pdpe1gb rdtscp lm rep_good nopl xtopology cpuid extd_apicid tsc_known_freq pni pclmulqdq ssse3 fma cx16 pcid sse4_1 sse4_2 x2apic movbe popcnt tsc_deadline_timer aes xsave avx f16c rdrand hypervisor lahf_lm cmp_legacy svm cr8_legacy abm sse4a misalignsse 3dnowprefetch osvw topoext perfctr_core ssbd ibrs ibpb stibp vmmcall fsgsbase tsc_adjust bmi1 avx2 smep bmi2 erms invpcid avx512f avx512dq rdseed adx smap avx512ifma clflushopt clwb avx512cd sha_ni avx512bw avx512vl xsaveopt xsavec xgetbv1 xsaves avx512_bf16 clzero xsaveerptr wbnoinvd arat npt nrip_save vgif vnmi avx512vbmi umip pku ospke avx512_vbmi2 gfni vaes vpclmulqdq avx512_vnni avx512_bitalg avx512_vpopcntdq la57 rdpid overflow_recov succor fsrm arch_capabilities\nbugs\t\t: sysret_ss_attrs null_seg spectre_v1 spectre_v2 spec_store_bypass srso ibpb_no_ret tsa\nbogomips\t: 5192.19\nTLB size\t: 1024 4K pages\nclflush size\t: 64\ncache_alignment\t: 64\naddress sizes\t: 40 bits physical, 57 bits virtual\npower management:\n\nprocessor\t: 1\nvendor_id\t: AuthenticAMD\ncpu family\t: 25\nmodel\t\t: 17\nmodel name\t: AMD EPYC 9J14 96-Core Processor\nstepping\t: 1\nmicrocode\t: 0xa101154\ncpu MHz\t\t: 2596.098\ncache size\t: 512 KB\nphysical id\t: 0\nsiblings\t: 2\ncore id\t\t: 0\ncpu cores\t: 1\napicid\t\t: 1\ninitial apicid\t: 1\nfpu\t\t: yes\nfpu_exception\t: yes\ncpuid level\t: 16\nwp\t\t: yes\nflags\t\t: fpu vme de pse tsc msr pae mce cx8 apic sep mtrr pge mca cmov pat pse36 clflush mmx fxsr sse sse2 ht syscall nx mmxext fxsr_opt pdpe1gb rdtscp lm rep_good nopl xtopology cpuid extd_apicid tsc_known_freq pni pclmulqdq ssse3 fma cx16 pcid sse4_1 sse4_2 x2apic movbe popcnt tsc_deadline_timer aes xsave avx f16c rdrand hypervisor lahf_lm cmp_legacy svm cr8_legacy abm sse4a misalignsse 3dnowprefetch osvw topoext perfctr_core ssbd ibrs ibpb stibp vmmcall fsgsbase tsc_adjust bmi1 avx2 smep bmi2 erms invpcid avx512f avx512dq rdseed adx smap avx512ifma clflushopt clwb avx512cd sha_ni avx512bw avx512vl xsaveopt xsavec xgetbv1 xsaves avx512_bf16 clzero xsaveerptr wbnoinvd arat npt nrip_save vgif vnmi avx512vbmi umip pku ospke avx512_vbmi2 gfni vaes vpclmulqdq avx512_vnni avx512_bitalg avx512_vpopcntdq la57 rdpid overflow_recov succor fsrm arch_capabilities\nbugs\t\t: sysret_ss_attrs null_seg spectre_v1 spectre_v2 spec_store_bypass srso ibpb_no_ret tsa\nbogomips\t: 5192.19\nTLB size\t: 1024 4K pages\nclflush size\t: 64\ncache_alignment\t: 64\naddress sizes\t: 40 bits physical, 57 bits virtual\npower management:\n\n"}
{"timestamp":1768159020,"subsystem":"/proc/stat","measurement":"cpu  67753 215 1632 547276 1077 0 13 159 0 0\ncpu0 33912 137 882 273482 548 0 6 90 0 0\ncpu1 33840 77 749 273794 529 0 7 68 0 0\nintr 1003258 68 9 0 0 988 0 0 0 0 0 0 0 15 0 0 0 0 0 0 29 0 0 0 0 0 0 0 0 0 0 0 0 0 0 0 0 0 0 0 0 0 0 0 0 0 0 0 0 0 0 0 0 6382 5331 0 7008 6577 0 0 0 0 0 0 0 0 0 0 0 0 0 0 0 0 0 0 0 0 0 0 0 0 0 0 0 0 0 0 0 0 0 0 0 0 0 0 0 0 0 0 0 0 0 0 0 0 0 0 0 0 0 0 0 0 0 0 0 0 0 0 0 0 0 0 0 0 0 0 0 0 0 0 0 0 0 0 0 0 0 0 0 0 0 0 0 0 0 0 0 0 0 0 0 0 0 0 0 0 0 0 0 0 0 0 0 0 0 0 0 0 0 0 0 0 0 0 0 0 0 0 0 0 0 0 0 0 0 0 0 0 0 0 0 0 0 0 0 0 0 0 0 0 0 0 0 0 0 0 0 0 0 0 0 0 0 0 0 0 0 0 0 0 0 0 0 0 0 0 0 0 0 0 0 0 0 0 0 0 0 0 0 0 0 0 0 0 0 0 0 0 0 0 0 0 0 0 0 0 0 0 0 0 0 0 0 0 0 0 0 0 0 0 0 0 0 0 0 0 0 0 0 0 0 0 0 0 0 0 0 0 0 0 0 0 0 0 0 0 0 0 0 0 0 0 0 0 0 0 0 0 0 0 0 0 0 0 0 0 0 0 0 0 0 0 0 0 0 0 0 0 0 0 0 0 0 0 0 0 0 0 0 0 0 0 0 0 0 0 0 0 0 0 0 0 0 0 0 0 0 0 0 0 0 0 0 0 0 0 0 0 0 0 0 0 0 0 0 0 0 0 0 0 0 0 0 0 0 0 0 0 0 0 0 0 0 0 0 0 0 0 0 0 0 0 0 0 0 0 0 0 0 0 0 0 0 0 0 0 0 0 0 0 0 0 0 0 0 0 0 0 0 0 0 0 0 0 0 0 0 0 0\nctxt 436494\nbtime 1768155927\nprocesses 3083\nprocs_running 3\nprocs_blocked 0\nsoftirq 239137 6 79027 11 13294 1447 0 190 86807 0 58355\n"}
{"timestamp":1768159020,"subsystem":"/proc/meminfo","measurement":"MemTotal:        4004576 kB\nMemFree:         2514244 kB\nMemAvailable:    3419316 kB\nBuffers:           31624 kB\nCached:          1084244 kB\nSwapCached:            0 kB\nActive:           781028 kB\nInactive:         517204 kB\nActive(anon):     202388 kB\nInactive(anon):        0 kB\nActive(file):     578640 kB\nInactive(file):   517204 kB\nUnevictable:       39208 kB\nMlocked:           35208 kB\nSwapTotal:             0 kB\nSwapFree:              0 kB\nZswap:                 0 kB\nZswapped:              0 kB\nDirty:                72 kB\nWriteback:             0 kB\nAnonPages:        221572 kB\nMapped:           281684 kB\nShmem:              5312 kB\nKReclaimable:      33856 kB\nSlab:              93876 kB\nSReclaimable:      33856 kB\nSUnreclaim:        60020 kB\nKernelStack:        4112 kB\nPageTables:         5216 kB\nSecPageTables:         0 kB\nNFS_Unstable:          0 kB\nBounce:                0 kB\nWritebackTmp:          0 kB\nCommitLimit:     2002288 kB\nCommitted_AS:    1953256 kB\nVmallocTotal:   13743895347199 kB\nVmallocUsed:       20856 kB\nVmallocChunk:          0 kB\nPercpu:             1112 kB\nHardwareCorrupted:     0 kB\nAnonHugePages:         0 kB\nShmemHugePages:        0 kB\nShmemPmdMapped:        0 kB\nFileHugePages:         0 kB\nFilePmdMapped:         0 kB\nUnaccepted:            0 kB\nHugePages_Total:       0\nHugePages_Free:        0\nHugePages_Rsvd:        0\nHugePages_Surp:        0\nHugepagesize:       2048 kB\nHugetlb:               0 kB\nDirectMap4k:      123816 kB\nDirectMap2M:     4065280 kB\nDirectMap1G:     2097152 kB\n"}
{"timestamp":1768159020,"subsystem":"/proc/net/dev","measurement":"Inter-|   Receive                                                |  Transmit\n face |bytes    packets errs drop fifo frame compressed multicast|bytes    packets errs drop fifo colls carrier compressed\n    lo:   57197     346    0    0    0     0          0         0    57197     346    0    0    0     0       0          0\nenp0s5: 6068422    7604    0    0    0     0          0         0  3453716    6692    0    0    0     0       0          0\ndocker0:       0       0    0    0    0     0          0         0        0       0    0    2    0     0       0          0\n"}
{"timestamp":1768159020,"subsystem":"/proc/diskstats","measurement":"   7       0 loop0 41 0 688 13 0 0 0 0 0 12 13 0 0 0 0 0 0\n   7       1 loop1 48 0 716 39 0 0 0 0 0 34 39 0 0 0 0 0 0\n   7       2 loop2 682 0 52154 412 0 0 0 0 0 351 412 0 0 0 0 0 0\n   7       3 loop3 43 0 692 21 0 0 0 0 0 17 21 0 0 0 0 0 0\n   7       4 loop4 631 0 46376 3200 0 0 0 0 0 2172 3200 0 0 0 0 0 0\n   7       5 loop5 10 0 20 0 0 0 0 0 0 0 0 0 0 0 0 0 0\n   7       6 loop6 0 0 0 0 0 0 0 0 0 0 0 0 0 0 0 0 0\n   7       7 loop7 0 0 0 0 0 0 0 0 0 0 0 0 0 0 0 0 0\n   8       0 sda 9113 4186 1847862 38448 4783 5389 660994 131016 0 12957 169560 163 34 910792 95 0 0\n   8       1 sda1 8465 3480 1806023 38151 4755 5309 660676 130995 0 54765 169243 163 34 910792 95 0 0\n   8      14 sda14 109 0 1120 39 0 0 0 0 0 36 39 0 0 0 0 0 0\n   8      15 sda15 200 675 19334 97 3 0 10 2 0 59 99 0 0 0 0 0 0\n 259       0 sda16 239 31 17545 112 25 80 308 18 0 96 131 0 0 0 0 0 0\n"}
{"timestamp":1768159020,"subsystem":"statfs[*]","measurement":"{\"mount_point\":\"/\",\"block_size\":4096,\"blocks_total\":12422878,\"blocks_free\":11448407,\"blocks_available\":11444311}\n{\"mount_point\":\"/boot\",\"block_size\":4096,\"blocks_total\":225380,\"blocks_free\":186421,\"blocks_available\":170639}\n{\"mount_point\":\"/boot/efi\",\"block_size\":512,\"blocks_total\":213663,\"blocks_free\":201164,\"blocks_available\":201164}\n"}
{"timestamp":1768159025,"subsystem":"/proc/cpuinfo","measurement":"processor\t: 0\nvendor_id\t: AuthenticAMD\ncpu family\t: 25\nmodel\t\t: 17\nmodel name\t: AMD EPYC 9J14 96-Core Processor\nstepping\t: 1\nmicrocode\t: 0xa101154\ncpu MHz\t\t: 2596.098\ncache size\t: 512 KB\nphysical id\t: 0\nsiblings\t: 2\ncore id\t\t: 0\ncpu cores\t: 1\napicid\t\t: 0\ninitial apicid\t: 0\nfpu\t\t: yes\nfpu_exception\t: yes\ncpuid level\t: 16\nwp\t\t: yes\nflags\t\t: fpu vme de pse tsc msr pae mce cx8 apic sep mtrr pge mca cmov pat pse36 clflush mmx fxsr sse sse2 ht syscall nx mmxext fxsr_opt pdpe1gb rdtscp lm rep_good nopl xtopology cpuid extd_apicid tsc_known_freq pni pclmulqdq ssse3 fma cx16 pcid sse4_1 sse4_2 x2apic movbe popcnt tsc_deadline_timer aes xsave avx f16c rdrand hypervisor lahf_lm cmp_legacy svm cr8_legacy abm sse4a misalignsse 3dnowprefetch osvw topoext perfctr_core ssbd ibrs ibpb stibp vmmcall fsgsbase tsc_adjust bmi1 avx2 smep bmi2 erms invpcid avx512f avx512dq rdseed adx smap avx512ifma clflushopt clwb avx512cd sha_ni avx512bw avx512vl xsaveopt xsavec xgetbv1 xsaves avx512_bf16 clzero xsaveerptr wbnoinvd arat npt nrip_save vgif vnmi avx512vbmi umip pku ospke avx512_vbmi2 gfni vaes vpclmulqdq avx512_vnni avx512_bitalg avx512_vpopcntdq la57 rdpid overflow_recov succor fsrm arch_capabilities\nbugs\t\t: sysret_ss_attrs null_seg spectre_v1 spectre_v2 spec_store_bypass srso ibpb_no_ret tsa\nbogomips\t: 5192.19\nTLB size\t: 1024 4K pages\nclflush size\t: 64\ncache_alignment\t: 64\naddress sizes\t: 40 bits physical, 57 bits virtual\npower management:\n\nprocessor\t: 1\nvendor_id\t: AuthenticAMD\ncpu family\t: 25\nmodel\t\t: 17\nmodel name\t: AMD EPYC 9J14 96-Core Processor\nstepping\t: 1\nmicrocode\t: 0xa101154\ncpu MHz\t\t: 2596.098\ncache size\t: 512 KB\nphysical id\t: 0\nsiblings\t: 2\ncore id\t\t: 0\ncpu cores\t: 1\napicid\t\t: 1\ninitial apicid\t: 1\nfpu\t\t: yes\nfpu_exception\t: yes\ncpuid level\t: 16\nwp\t\t: yes\nflags\t\t: fpu vme de pse tsc msr pae mce cx8 apic sep mtrr pge mca cmov pat pse36 clflush mmx fxsr sse sse2 ht syscall nx mmxext fxsr_opt pdpe1gb rdtscp lm rep_good nopl xtopology cpuid extd_apicid tsc_known_freq pni pclmulqdq ssse3 fma cx16 pcid sse4_1 sse4_2 x2apic movbe popcnt tsc_deadline_timer aes xsave avx f16c rdrand hypervisor lahf_lm cmp_legacy svm cr8_legacy abm sse4a misalignsse 3dnowprefetch osvw topoext perfctr_core ssbd ibrs ibpb stibp vmmcall fsgsbase tsc_adjust bmi1 avx2 smep bmi2 erms invpcid avx512f avx512dq rdseed adx smap avx512ifma clflushopt clwb avx512cd sha_ni avx512bw avx512vl xsaveopt xsavec xgetbv1 xsaves avx512_bf16 clzero xsaveerptr wbnoinvd arat npt nrip_save vgif vnmi avx512vbmi umip pku ospke avx512_vbmi2 gfni vaes vpclmulqdq avx512_vnni avx512_bitalg avx512_vpopcntdq la57 rdpid overflow_recov succor fsrm arch_capabilities\nbugs\t\t: sysret_ss_attrs null_seg spectre_v1 spectre_v2 spec_store_bypass srso ibpb_no_ret tsa\nbogomips\t: 5192.19\nTLB size\t: 1024 4K pages\nclflush size\t: 64\ncache_alignment\t: 64\naddress sizes\t: 40 bits physical, 57 bits virtual\npower management:\n\n"}
{"timestamp":1768159025,"subsystem":"/proc/stat","measurement":"cpu  68751 215 1633 547276 1077 0 13 160 0 0\ncpu0 34411 137 883 273482 548 0 6 91 0 0\ncpu1 34339 77 750 273794 529 0 7 69 0 0\nintr 1013449 68 9 0 0 988 0 0 0 0 0 0 0 15 0 0 0 0 0 0 29 0 0 0 0 0 0 0 0 0 0 0 0 0 0 0 0 0 0 0 0 0 0 0 0 0 0 0 0 0 0 0 0 6384 5332 0 7024 6588 0 0 0 0 0 0 0 0 0 0 0 0 0 0 0 0 0 0 0 0 0 0 0 0 0 0 0 0 0 0 0 0 0 0 0 0 0 0 0 0 0 0 0 0 0 0 0 0 0 0 0 0 0 0 0 0 0 0 0 0 0 0 0 0 0 0 0 0 0 0 0 0 0 0 0 0 0 0 0 0 0 0 0 0 0 0 0 0 0 0 0 0 0 0 0 0 0 0 0 0 0 0 0 0 0 0 0 0 0 0 0 0 0 0 0 0 0 0 0 0 0 0 0 0 0 0 0 0 0 0 0 0 0 0 0 0 0 0 0 0 0 0 0 0 0 0 0 0 0 0 0 0 0 0 0 0 0 0 0 0 0 0 0 0 0 0 0 0 0 0 0 0 0 0 0 0 0 0 0 0 0 0 0 0 0 0 0 0 0 0 0 0 0 0 0 0 0 0 0 0 0 0 0 0 0 0 0 0 0 0 0 0 0 0 0 0 0 0 0 0 0 0 0 0 0 0 0 0 0 0 0 0 0 0 0 0 0 0 0 0 0 0 0 0 0 0 0 0 0 0 0 0 0 0 0 0 0 0 0 0 0 0 0 0 0 0 0 0 0 0 0 0 0 0 0 0 0 0 0 0 0 0 0 0 0 0 0 0 0 0 0 0 0 0 0 0 0 0 0 0 0 0 0 0 0 0 0 0 0 0 0 0 0 0 0 0 0 0 0 0 0 0 0 0 0 0 0 0 0 0 0 0 0 0 0 0 0 0 0 0 0 0 0 0 0 0 0 0 0 0 0 0 0 0 0 0 0 0 0 0 0 0 0 0 0 0 0 0 0 0 0 0 0 0 0 0 0 0 0 0 0 0 0\nctxt 437327\nbtime 1768155927\nprocesses 3091\nprocs_running 3\nprocs_blocked 0\nsoftirq 239786 6 79222 11 13319 1447 0 190 86965 0 58626\n"}
{"timestamp":1768159025,"subsystem":"/proc/meminfo","measurement":"MemTotal:        4004576 kB\nMemFree:         2513992 kB\nMemAvailable:    3419076 kB\nBuffers:           31628 kB\nCached:          1084256 kB\nSwapCached:            0 kB\nActive:           781200 kB\nInactive:         517216 kB\nActive(anon):     202560 kB\nInactive(anon):        0 kB\nActive(file):     578640 kB\nInactive(file):   517216 kB\nUnevictable:       39208 kB\nMlocked:           35208 kB\nSwapTotal:             0 kB\nSwapFree:              0 kB\nZswap:                 0 kB\nZswapped:              0 kB\nDirty:               276 kB\nWriteback:             0 kB\nAnonPages:        221744 kB\nMapped:           281688 kB\nShmem:              5312 kB\nKReclaimable:      33856 kB\nSlab:              93988 kB\nSReclaimable:      33856 kB\nSUnreclaim:        60132 kB\nKernelStack:        4112 kB\nPageTables:         5216 kB\nSecPageTables:         0 kB\nNFS_Unstable:          0 kB\nBounce:                0 kB\nWritebackTmp:          0 kB\nCommitLimit:     2002288 kB\nCommitted_AS:    1953260 kB\nVmallocTotal:   13743895347199 kB\nVmallocUsed:       20872 kB\nVmallocChunk:          0 kB\nPercpu:             1112 kB\nHardwareCorrupted:     0 kB\nAnonHugePages:         0 kB\nShmemHugePages:        0 kB\nShmemPmdMapped:        0 kB\nFileHugePages:         0 kB\nFilePmdMapped:         0 kB\nUnaccepted:            0 kB\nHugePages_Total:       0\nHugePages_Free:        0\nHugePages_Rsvd:        0\nHugePages_Surp:        0\nHugepagesize:       2048 kB\nHugetlb:               0 kB\nDirectMap4k:      123816 kB\nDirectMap2M:     4065280 kB\nDirectMap1G:     2097152 kB\n"}
{"timestamp":1768159025,"subsystem":"/proc/net/dev","measurement":"Inter-|   Receive                                                |  Transmit\n face |bytes    packets errs drop fifo frame compressed multicast|bytes    packets errs drop fifo colls carrier compressed\n    lo:   57197     346    0    0    0     0          0         0    57197     346    0    0    0     0       0          0\nenp0s5: 6070744    7620    0    0    0     0          0         0  3456921    6703    0    0    0     0       0          0\ndocker0:       0       0    0    0    0     0          0         0        0       0    0    2    0     0       0          0\n"}
{"timestamp":1768159025,"subsystem":"/proc/diskstats","measurement":"   7       0 loop0 41 0 688 13 0 0 0 0 0 12 13 0 0 0 0 0 0\n   7       1 loop1 48 0 716 39 0 0 0 0 0 34 39 0 0 0 0 0 0\n   7       2 loop2 682 0 52154 412 0 0 0 0 0 351 412 0 0 0 0 0 0\n   7       3 loop3 43 0 692 21 0 0 0 0 0 17 21 0 0 0 0 0 0\n   7       4 loop4 631 0 46376 3200 0 0 0 0 0 2172 3200 0 0 0 0 0 0\n   7       5 loop5 10 0 20 0 0 0 0 0 0 0 0 0 0 0 0 0 0\n   7       6 loop6 0 0 0 0 0 0 0 0 0 0 0 0 0 0 0 0 0\n   7       7 loop7 0 0 0 0 0 0 0 0 0 0 0 0 0 0 0 0 0\n   8       0 sda 9114 4186 1847870 38449 4785 5389 661010 131018 0 12960 169563 163 34 910792 95 0 0\n   8       1 sda1 8466 3480 1806031 38152 4757 5309 660692 130998 0 54768 169246 163 34 910792 95 0 0\n   8      14 sda14 109 0 1120 39 0 0 0 0 0 36 39 0 0 0 0 0 0\n   8      15 sda15 200 675 19334 97 3 0 10 2 0 59 99 0 0 0 0 0 0\n 259       0 sda16 239 31 17545 112 25 80 308 18 0 96 131 0 0 0 0 0 0\n"}
{"timestamp":1768159025,"subsystem":"statfs[*]","measurement":"{\"mount_point\":\"/\",\"block_size\":4096,\"blocks_total\":12422878,\"blocks_free\":11448404,\"blocks_available\":11444308}\n{\"mount_point\":\"/boot\",\"block_size\":4096,\"blocks_total\":225380,\"blocks_free\":186421,\"blocks_available\":170639}\n{\"mount_point\":\"/boot/efi\",\"block_size\":512,\"blocks_total\":213663,\"blocks_free\":201164,\"blocks_available\":201164}\n"}
{"timestamp":1768159030,"subsystem":"/proc/cpuinfo","measurement":"processor\t: 0\nvendor_id\t: AuthenticAMD\ncpu family\t: 25\nmodel\t\t: 17\nmodel name\t: AMD EPYC 9J14 96-Core Processor\nstepping\t: 1\nmicrocode\t: 0xa101154\ncpu MHz\t\t: 2596.098\ncache size\t: 512 KB\nphysical id\t: 0\nsiblings\t: 2\ncore id\t\t: 0\ncpu cores\t: 1\napicid\t\t: 0\ninitial apicid\t: 0\nfpu\t\t: yes\nfpu_exception\t: yes\ncpuid level\t: 16\nwp\t\t: yes\nflags\t\t: fpu vme de pse tsc msr pae mce cx8 apic sep mtrr pge mca cmov pat pse36 clflush mmx fxsr sse sse2 ht syscall nx mmxext fxsr_opt pdpe1gb rdtscp lm rep_good nopl xtopology cpuid extd_apicid tsc_known_freq pni pclmulqdq ssse3 fma cx16 pcid sse4_1 sse4_2 x2apic movbe popcnt tsc_deadline_timer aes xsave avx f16c rdrand hypervisor lahf_lm cmp_legacy svm cr8_legacy abm sse4a misalignsse 3dnowprefetch osvw topoext perfctr_core ssbd ibrs ibpb stibp vmmcall fsgsbase tsc_adjust bmi1 avx2 smep bmi2 erms invpcid avx512f avx512dq rdseed adx smap avx512ifma clflushopt clwb avx512cd sha_ni avx512bw avx512vl xsaveopt xsavec xgetbv1 xsaves avx512_bf16 clzero xsaveerptr wbnoinvd arat npt nrip_save vgif vnmi avx512vbmi umip pku ospke avx512_vbmi2 gfni vaes vpclmulqdq avx512_vnni avx512_bitalg avx512_vpopcntdq la57 rdpid overflow_recov succor fsrm arch_capabilities\nbugs\t\t: sysret_ss_attrs null_seg spectre_v1 spectre_v2 spec_store_bypass srso ibpb_no_ret tsa\nbogomips\t: 5192.19\nTLB size\t: 1024 4K pages\nclflush size\t: 64\ncache_alignment\t: 64\naddress sizes\t: 40 bits physical, 57 bits virtual\npower management:\n\nprocessor\t: 1\nvendor_id\t: AuthenticAMD\ncpu family\t: 25\nmodel\t\t: 17\nmodel name\t: AMD EPYC 9J14 96-Core Processor\nstepping\t: 1\nmicrocode\t: 0xa101154\ncpu MHz\t\t: 2596.098\ncache size\t: 512 KB\nphysical id\t: 0\nsiblings\t: 2\ncore id\t\t: 0\ncpu cores\t: 1\napicid\t\t: 1\ninitial apicid\t: 1\nfpu\t\t: yes\nfpu_exception\t: yes\ncpuid level\t: 16\nwp\t\t: yes\nflags\t\t: fpu vme de pse tsc msr pae mce cx8 apic sep mtrr pge mca cmov pat pse36 clflush mmx fxsr sse sse2 ht syscall nx mmxext fxsr_opt pdpe1gb rdtscp lm rep_good nopl xtopology cpuid extd_apicid tsc_known_freq pni pclmulqdq ssse3 fma cx16 pcid sse4_1 sse4_2 x2apic movbe popcnt tsc_deadline_timer aes xsave avx f16c rdrand hypervisor lahf_lm cmp_legacy svm cr8_legacy abm sse4a misalignsse 3dnowprefetch osvw topoext perfctr_core ssbd ibrs ibpb stibp vmmcall fsgsbase tsc_adjust bmi1 avx2 smep bmi2 erms invpcid avx512f avx512dq rdseed adx smap avx512ifma clflushopt clwb avx512cd sha_ni avx512bw avx512vl xsaveopt xsavec xgetbv1 xsaves avx512_bf16 clzero xsaveerptr wbnoinvd arat npt nrip_save vgif vnmi avx512vbmi umip pku ospke avx512_vbmi2 gfni vaes vpclmulqdq avx512_vnni avx512_bitalg avx512_vpopcntdq la57 rdpid overflow_recov succor fsrm arch_capabilities\nbugs\t\t: sysret_ss_attrs null_seg spectre_v1 spectre_v2 spec_store_bypass srso ibpb_no_ret tsa\nbogomips\t: 5192.19\nTLB size\t: 1024 4K pages\nclflush size\t: 64\ncache_alignment\t: 64\naddress sizes\t: 40 bits physical, 57 bits virtual\npower management:\n\n"}
{"timestamp":1768159030,"subsystem":"/proc/stat","measurement":"cpu  69750 215 1634 547276 1077 0 13 160 0 0\ncpu0 34911 137 883 273482 548 0 6 91 0 0\ncpu1 34838 77 751 273794 529 0 7 69 0 0\nintr 1023620 68 9 0 0 988 0 0 0 0 0 0 0 15 0 0 0 0 0 0 29 0 0 0 0 0 0 0 0 0 0 0 0 0 0 0 0 0 0 0 0 0 0 0 0 0 0 0 0 0 0 0 0 6384 5332 0 7024 6588 0 0 0 0 0 0 0 0 0 0 0 0 0 0 0 0 0 0 0 0 0 0 0 0 0 0 0 0 0 0 0 0 0 0 0 0 0 0 0 0 0 0 0 0 0 0 0 0 0 0 0 0 0 0 0 0 0 0 0 0 0 0 0 0 0 0 0 0 0 0 0 0 0 0 0 0 0 0 0 0 0 0 0 0 0 0 0 0 0 0 0 0 0 0 0 0 0 0 0 0 0 0 0 0 0 0 0 0 0 0 0 0 0 0 0 0 0 0 0 0 0 0 0 0 0 0 0 0 0 0 0 0 0 0 0 0 0 0 0 0 0 0 0 0 0 0 0 0 0 0 0 0 0 0 0 0 0 0 0 0 0 0 0 0 0 0 0 0 0 0 0 0 0 0 0 0 0 0 0 0 0 0 0 0 0 0 0 0 0 0 0 0 0 0 0 0 0 0 0 0 0 0 0 0 0 0 0 0 0 0 0 0 0 0 0 0 0 0 0 0 0 0 0 0 0 0 0 0 0 0 0 0 0 0 0 0 0 0 0 0 0 0 0 0 0 0 0 0 0 0 0 0 0 0 0 0 0 0 0 0 0 0 0 0 0 0 0 0 0 0 0 0 0 0 0 0 0 0 0 0 0 0 0 0 0 0 0 0 0 0 0 0 0 0 0 0 0 0 0 0 0 0 0 0 0 0 0 0 0 0 0 0 0 0 0 0 0 0 0 0 0 0 0 0 0 0 0 0 0 0 0 0 0 0 0 0 0 0 0 0 0 0 0 0 0 0 0 0 0 0 0 0 0 0 0 0 0 0 0 0 0 0 0 0 0 0 0 0 0 0 0 0 0 0 0 0 0 0 0 0 0 0 0\nctxt 438120\nbtime 1768155927\nprocesses 3094\nprocs_running 4\nprocs_blocked 0\nsoftirq 240167 6 79369 11 13319 1447 0 190 87124 0 58701\n"}
{"timestamp":1768159030,"subsystem":"/proc/meminfo","measurement":"MemTotal:        4004576 kB\nMemFree:         2513992 kB\nMemAvailable:    3419080 kB\nBuffers:           31628 kB\nCached:          1084264 kB\nSwapCached:            0 kB\nActive:           781360 kB\nInactive:         517220 kB\nActive(anon):     202720 kB\nInactive(anon):        0 kB\nActive(file):     578640 kB\nInactive(file):   517220 kB\nUnevictable:       39208 kB\nMlocked:           35208 kB\nSwapTotal:             0 kB\nSwapFree:              0 kB\nZswap:                 0 kB\nZswapped:              0 kB\nDirty:               284 kB\nWriteback:             0 kB\nAnonPages:        221924 kB\nMapped:           281688 kB\nShmem:              5312 kB\nKReclaimable:      33856 kB\nSlab:              93980 kB\nSReclaimable:      33856 kB\nSUnreclaim:        60124 kB\nKernelStack:        4112 kB\nPageTables:         5216 kB\nSecPageTables:         0 kB\nNFS_Unstable:          0 kB\nBounce:                0 kB\nWritebackTmp:          0 kB\nCommitLimit:     2002288 kB\nCommitted_AS:    1953264 kB\nVmallocTotal:   13743895347199 kB\nVmallocUsed:       20872 kB\nVmallocChunk:          0 kB\nPercpu:             1112 kB\nHardwareCorrupted:     0 kB\nAnonHugePages:         0 kB\nShmemHugePages:        0 kB\nShmemPmdMapped:        0 kB\nFileHugePages:         0 kB\nFilePmdMapped:         0 kB\nUnaccepted:            0 kB\nHugePages_Total:       0\nHugePages_Free:        0\nHugePages_Rsvd:        0\nHugePages_Surp:        0\nHugepagesize:       2048 kB\nHugetlb:               0 kB\nDirectMap4k:      123816 kB\nDirectMap2M:     4065280 kB\nDirectMap1G:     2097152 kB\n"}
{"timestamp":1768159030,"subsystem":"/proc/net/dev","measurement":"Inter-|   Receive                                                |  Transmit\n face |bytes    packets errs drop fifo frame compressed multicast|bytes    packets errs drop fifo colls carrier compressed\n    lo:   57197     346    0    0    0     0          0         0    57197     346    0    0    0     0       0          0\nenp0s5: 6070744    7620    0    0    0     0          0         0  3456921    6703    0    0    0     0       0          0\ndocker0:       0       0    0    0    0     0          0         0        0       0    0    2    0     0       0          0\n"}
{"timestamp":1768159030,"subsystem":"/proc/diskstats","measurement":"   7       0 loop0 41 0 688 13 0 0 0 0 0 12 13 0 0 0 0 0 0\n   7       1 loop1 48 0 716 39 0 0 0 0 0 34 39 0 0 0 0 0 0\n   7       2 loop2 682 0 52154 412 0 0 0 0 0 351 412 0 0 0 0 0 0\n   7       3 loop3 43 0 692 21 0 0 0 0 0 17 21 0 0 0 0 0 0\n   7       4 loop4 631 0 46376 3200 0 0 0 0 0 2172 3200 0 0 0 0 0 0\n   7       5 loop5 10 0 20 0 0 0 0 0 0 0 0 0 0 0 0 0 0\n   7       6 loop6 0 0 0 0 0 0 0 0 0 0 0 0 0 0 0 0 0\n   7       7 loop7 0 0 0 0 0 0 0 0 0 0 0 0 0 0 0 0 0\n   8       0 sda 9114 4186 1847870 38449 4785 5389 661010 131018 0 12960 169563 163 34 910792 95 0 0\n   8       1 sda1 8466 3480 1806031 38152 4757 5309 660692 130998 0 54768 169246 163 34 910792 95 0 0\n   8      14 sda14 109 0 1120 39 0 0 0 0 0 36 39 0 0 0 0 0 0\n   8      15 sda15 200 675 19334 97 3 0 10 2 0 59 99 0 0 0 0 0 0\n 259       0 sda16 239 31 17545 112 25 80 308 18 0 96 131 0 0 0 0 0 0\n"}
{"timestamp":1768159030,"subsystem":"statfs[*]","measurement":"{\"mount_point\":\"/\",\"block_size\":4096,\"blocks_total\":12422878,\"blocks_free\":11448402,\"blocks_available\":11444306}\n{\"mount_point\":\"/boot\",\"block_size\":4096,\"blocks_total\":225380,\"blocks_free\":186421,\"blocks_available\":170639}\n{\"mount_point\":\"/boot/efi\",\"block_size\":512,\"blocks_total\":213663,\"blocks_free\":201164,\"blocks_available\":201164}\n"}
{"timestamp":1768159035,"subsystem":"/proc/cpuinfo","measurement":"processor\t: 0\nvendor_id\t: AuthenticAMD\ncpu family\t: 25\nmodel\t\t: 17\nmodel name\t: AMD EPYC 9J14 96-Core Processor\nstepping\t: 1\nmicrocode\t: 0xa101154\ncpu MHz\t\t: 2596.098\ncache size\t: 512 KB\nphysical id\t: 0\nsiblings\t: 2\ncore id\t\t: 0\ncpu cores\t: 1\napicid\t\t: 0\ninitial apicid\t: 0\nfpu\t\t: yes\nfpu_exception\t: yes\ncpuid level\t: 16\nwp\t\t: yes\nflags\t\t: fpu vme de pse tsc msr pae mce cx8 apic sep mtrr pge mca cmov pat pse36 clflush mmx fxsr sse sse2 ht syscall nx mmxext fxsr_opt pdpe1gb rdtscp lm rep_good nopl xtopology cpuid extd_apicid tsc_known_freq pni pclmulqdq ssse3 fma cx16 pcid sse4_1 sse4_2 x2apic movbe popcnt tsc_deadline_timer aes xsave avx f16c rdrand hypervisor lahf_lm cmp_legacy svm cr8_legacy abm sse4a misalignsse 3dnowprefetch osvw topoext perfctr_core ssbd ibrs ibpb stibp vmmcall fsgsbase tsc_adjust bmi1 avx2 smep bmi2 erms invpcid avx512f avx512dq rdseed adx smap avx512ifma clflushopt clwb avx512cd sha_ni avx512bw avx512vl xsaveopt xsavec xgetbv1 xsaves avx512_bf16 clzero xsaveerptr wbnoinvd arat npt nrip_save vgif vnmi avx512vbmi umip pku ospke avx512_vbmi2 gfni vaes vpclmulqdq avx512_vnni avx512_bitalg avx512_vpopcntdq la57 rdpid overflow_recov succor fsrm arch_capabilities\nbugs\t\t: sysret_ss_attrs null_seg spectre_v1 spectre_v2 spec_store_bypass srso ibpb_no_ret tsa\nbogomips\t: 5192.19\nTLB size\t: 1024 4K pages\nclflush size\t: 64\ncache_alignment\t: 64\naddress sizes\t: 40 bits physical, 57 bits virtual\npower management:\n\nprocessor\t: 1\nvendor_id\t: AuthenticAMD\ncpu family\t: 25\nmodel\t\t: 17\nmodel name\t: AMD EPYC 9J14 96-Core Processor\nstepping\t: 1\nmicrocode\t: 0xa101154\ncpu MHz\t\t: 2596.098\ncache size\t: 512 KB\nphysical id\t: 0\nsiblings\t: 2\ncore id\t\t: 0\ncpu cores\t: 1\napicid\t\t: 1\ninitial apicid\t: 1\nfpu\t\t: yes\nfpu_exception\t: yes\ncpuid level\t: 16\nwp\t\t: yes\nflags\t\t: fpu vme de pse tsc msr pae mce cx8 apic sep mtrr pge mca cmov pat pse36 clflush mmx fxsr sse sse2 ht syscall nx mmxext fxsr_opt pdpe1gb rdtscp lm rep_good nopl xtopology cpuid extd_apicid tsc_known_freq pni pclmulqdq ssse3 fma cx16 pcid sse4_1 sse4_2 x2apic movbe popcnt tsc_deadline_timer aes xsave avx f16c rdrand hypervisor lahf_lm cmp_legacy svm cr8_legacy abm sse4a misalignsse 3dnowprefetch osvw topoext perfctr_core ssbd ibrs ibpb stibp vmmcall fsgsbase tsc_adjust bmi1 avx2 smep bmi2 erms invpcid avx512f avx512dq rdseed adx smap avx512ifma clflushopt clwb avx512cd sha_ni avx512bw avx512vl xsaveopt xsavec xgetbv1 xsaves avx512_bf16 clzero xsaveerptr wbnoinvd arat npt nrip_save vgif vnmi avx512vbmi umip pku ospke avx512_vbmi2 gfni vaes vpclmulqdq avx512_vnni avx512_bitalg avx512_vpopcntdq la57 rdpid overflow_recov succor fsrm arch_capabilities\nbugs\t\t: sysret_ss_attrs null_seg spectre_v1 spectre_v2 spec_store_bypass srso ibpb_no_ret tsa\nbogomips\t: 5192.19\nTLB size\t: 1024 4K pages\nclflush size\t: 64\ncache_alignment\t: 64\naddress sizes\t: 40 bits physical, 57 bits virtual\npower management:\n\n"}
{"timestamp":1768159035,"subsystem":"/proc/stat","measurement":"cpu  70749 215 1635 547276 1077 0 13 160 0 0\ncpu0 35410 137 884 273482 548 0 6 91 0 0\ncpu1 35338 77 751 273794 529 0 7 69 0 0\nintr 1033734 68 9 0 0 988 0 0 0 0 0 0 0 15 0 0 0 0 0 0 29 0 0 0 0 0 0 0 0 0 0 0 0 0 0 0 0 0 0 0 0 0 0 0 0 0 0 0 0 0 0 0 0 6384 5332 0 7025 6589 0 0 0 0 0 0 0 0 0 0 0 0 0 0 0 0 0 0 0 0 0 0 0 0 0 0 0 0 0 0 0 0 0 0 0 0 0 0 0 0 0 0 0 0 0 0 0 0 0 0 0 0 0 0 0 0 0 0 0 0 0 0 0 0 0 0 0 0 0 0 0 0 0 0 0 0 0 0 0 0 0 0 0 0 0 0 0 0 0 0 0 0 0 0 0 0 0 0 0 0 0 0 0 0 0 0 0 0 0 0 0 0 0 0 0 0 0 0 0 0 0 0 0 0 0 0 0 0 0 0 0 0 0 0 0 0 0 0 0 0 0 0 0 0 0 0 0 0 0 0 0 0 0 0 0 0 0 0 0 0 0 0 0 0 0 0 0 0 0 0 0 0 0 0 0 0 0 0 0 0 0 0 0 0 0 0 0 0 0 0 0 0 0 0 0 0 0 0 0 0 0 0 0 0 0 0 0 0 0 0 0 0 0 0 0 0 0 0 0 0 0 0 0 0 0 0 0 0 0 0 0 0 0 0 0 0 0 0 0 0 0 0 0 0 0 0 0 0 0 0 0 0 0 0 0 0 0 0 0 0 0 0 0 0 0 0 0 0 0 0 0 0 0 0 0 0 0 0 0 0 0 0 0 0 0 0 0 0 0 0 0 0 0 0 0 0 0 0 0 0 0 0 0 0 0 0 0 0 0 0 0 0 0 0 0 0 0 0 0 0 0 0 0 0 0 0 0 0 0 0 0 0 0 0 0 0 0 0 0 0 0 0 0 0 0 0 0 0 0 0 0 0 0 0 0 0 0 0 0 0 0 0 0 0 0 0 0 0 0 0 0 0 0 0 0 0 0 0 0 0 0 0 0\nctxt 438774\nbtime 1768155927\nprocesses 3097\nprocs_running 4\nprocs_blocked 0\nsoftirq 240541 6 79510 11 13321 1447 0 190 87283 0 58773\n"}
{"timestamp":1768159035,"subsystem":"/proc/meminfo","measurement":"MemTotal:        4004576 kB\nMemFree:         2513992 kB\nMemAvailable:    3419088 kB\nBuffers:           31628 kB\nCached:          1084272 kB\nSwapCached:            0 kB\nActive:           781516 kB\nInactive:         517228 kB\nActive(anon):     202876 kB\nInactive(anon):        0 kB\nActive(file):     578640 kB\nInactive(file):   517228 kB\nUnevictable:       39208 kB\nMlocked:           35208 kB\nSwapTotal:             0 kB\nSwapFree:              0 kB\nZswap:                 0 kB\nZswapped:              0 kB\nDirty:               292 kB\nWriteback:             0 kB\nAnonPages:        222064 kB\nMapped:           281688 kB\nShmem:              5312 kB\nKReclaimable:      33856 kB\nSlab:              94012 kB\nSReclaimable:      33856 kB\nSUnreclaim:        60156 kB\nKernelStack:        4112 kB\nPageTables:         5216 kB\nSecPageTables:         0 kB\nNFS_Unstable:          0 kB\nBounce:                0 kB\nWritebackTmp:          0 kB\nCommitLimit:     2002288 kB\nCommitted_AS:    1953268 kB\nVmallocTotal:   13743895347199 kB\nVmallocUsed:       20856 kB\nVmallocChunk:          0 kB\nPercpu:             1112 kB\nHardwareCorrupted:     0 kB\nAnonHugePages:         0 kB\nShmemHugePages:        0 kB\nShmemPmdMapped:        0 kB\nFileHugePages:         0 kB\nFilePmdMapped:         0 kB\nUnaccepted:            0 kB\nHugePages_Total:       0\nHugePages_Free:        0\nHugePages_Rsvd:        0\nHugePages_Surp:        0\nHugepagesize:       2048 kB\nHugetlb:               0 kB\nDirectMap4k:      123816 kB\nDirectMap2M:     4065280 kB\nDirectMap1G:     2097152 kB\n"}
{"timestamp":1768159035,"subsystem":"/proc/net/dev","measurement":"Inter-|   Receive                                                |  Transmit\n face |bytes    packets errs drop fifo frame compressed multicast|bytes    packets errs drop fifo colls carrier compressed\n    lo:   57197     346    0    0    0     0          0         0    57197     346    0    0    0     0       0          0\nenp0s5: 6070810    7621    0    0    0     0          0         0  3456987    6704    0    0    0     0       0          0\ndocker0:       0       0    0    0    0     0          0         0        0       0    0    2    0     0       0          0\n"}
{"timestamp":1768159035,"subsystem":"/proc/diskstats","measurement":"   7       0 loop0 41 0 688 13 0 0 0 0 0 12 13 0 0 0 0 0 0\n   7       1 loop1 48 0 716 39 0 0 0 0 0 34 39 0 0 0 0 0 0\n   7       2 loop2 682 0 52154 412 0 0 0 0 0 351 412 0 0 0 0 0 0\n   7       3 loop3 43 0 692 21 0 0 0 0 0 17 21 0 0 0 0 0 0\n   7       4 loop4 631 0 46376 3200 0 0 0 0 0 2172 3200 0 0 0 0 0 0\n   7       5 loop5 10 0 20 0 0 0 0 0 0 0 0 0 0 0 0 0 0\n   7       6 loop6 0 0 0 0 0 0 0 0 0 0 0 0 0 0 0 0 0\n   7       7 loop7 0 0 0 0 0 0 0 0 0 0 0 0 0 0 0 0 0\n   8       0 sda 9114 4186 1847870 38449 4785 5389 661010 131018 0 12960 169563 163 34 910792 95 0 0\n   8       1 sda1 8466 3480 1806031 38152 4757 5309 660692 130998 0 54768 169246 163 34 910792 95 0 0\n   8      14 sda14 109 0 1120 39 0 0 0 0 0 36 39 0 0 0 0 0 0\n   8      15 sda15 200 675 19334 97 3 0 10 2 0 59 99 0 0 0 0 0 0\n 259       0 sda16 239 31 17545 112 25 80 308 18 0 96 131 0 0 0 0 0 0\n"}
{"timestamp":1768159035,"subsystem":"statfs[*]","measurement":"{\"mount_point\":\"/\",\"block_size\":4096,\"blocks_total\":12422878,\"blocks_free\":11448400,\"blocks_available\":11444304}\n{\"mount_point\":\"/boot\",\"block_size\":4096,\"blocks_total\":225380,\"blocks_free\":186421,\"blocks_available\":170639}\n{\"mount_point\":\"/boot/efi\",\"block_size\":512,\"blocks_total\":213663,\"blocks_free\":201164,\"blocks_available\":201164}\n"}
{"timestamp":1768159040,"subsystem":"/proc/cpuinfo","measurement":"processor\t: 0\nvendor_id\t: AuthenticAMD\ncpu family\t: 25\nmodel\t\t: 17\nmodel name\t: AMD EPYC 9J14 96-Core Processor\nstepping\t: 1\nmicrocode\t: 0xa101154\ncpu MHz\t\t: 2596.098\ncache size\t: 512 KB\nphysical id\t: 0\nsiblings\t: 2\ncore id\t\t: 0\ncpu cores\t: 1\napicid\t\t: 0\ninitial apicid\t: 0\nfpu\t\t: yes\nfpu_exception\t: yes\ncpuid level\t: 16\nwp\t\t: yes\nflags\t\t: fpu vme de pse tsc msr pae mce cx8 apic sep mtrr pge mca cmov pat pse36 clflush mmx fxsr sse sse2 ht syscall nx mmxext fxsr_opt pdpe1gb rdtscp lm rep_good nopl xtopology cpuid extd_apicid tsc_known_freq pni pclmulqdq ssse3 fma cx16 pcid sse4_1 sse4_2 x2apic movbe popcnt tsc_deadline_timer aes xsave avx f16c rdrand hypervisor lahf_lm cmp_legacy svm cr8_legacy abm sse4a misalignsse 3dnowprefetch osvw topoext perfctr_core ssbd ibrs ibpb stibp vmmcall fsgsbase tsc_adjust bmi1 avx2 smep bmi2 erms invpcid avx512f avx512dq rdseed adx smap avx512ifma clflushopt clwb avx512cd sha_ni avx512bw avx512vl xsaveopt xsavec xgetbv1 xsaves avx512_bf16 clzero xsaveerptr wbnoinvd arat npt nrip_save vgif vnmi avx512vbmi umip pku ospke avx512_vbmi2 gfni vaes vpclmulqdq avx512_vnni avx512_bitalg avx512_vpopcntdq la57 rdpid overflow_recov succor fsrm arch_capabilities\nbugs\t\t: sysret_ss_attrs null_seg spectre_v1 spectre_v2 spec_store_bypass srso ibpb_no_ret tsa\nbogomips\t: 5192.19\nTLB size\t: 1024 4K pages\nclflush size\t: 64\ncache_alignment\t: 64\naddress sizes\t: 40 bits physical, 57 bits virtual\npower management:\n\nprocessor\t: 1\nvendor_id\t: AuthenticAMD\ncpu family\t: 25\nmodel\t\t: 17\nmodel name\t: AMD EPYC 9J14 96-Core Processor\nstepping\t: 1\nmicrocode\t: 0xa101154\ncpu MHz\t\t: 2596.098\ncache size\t: 512 KB\nphysical id\t: 0\nsiblings\t: 2\ncore id\t\t: 0\ncpu cores\t: 1\napicid\t\t: 1\ninitial apicid\t: 1\nfpu\t\t: yes\nfpu_exception\t: yes\ncpuid level\t: 16\nwp\t\t: yes\nflags\t\t: fpu vme de pse tsc msr pae mce cx8 apic sep mtrr pge mca cmov pat pse36 clflush mmx fxsr sse sse2 ht syscall nx mmxext fxsr_opt pdpe1gb rdtscp lm rep_good nopl xtopology cpuid extd_apicid tsc_known_freq pni pclmulqdq ssse3 fma cx16 pcid sse4_1 sse4_2 x2apic movbe popcnt tsc_deadline_timer aes xsave avx f16c rdrand hypervisor lahf_lm cmp_legacy svm cr8_legacy abm sse4a misalignsse 3dnowprefetch osvw topoext perfctr_core ssbd ibrs ibpb stibp vmmcall fsgsbase tsc_adjust bmi1 avx2 smep bmi2 erms invpcid avx512f avx512dq rdseed adx smap avx512ifma clflushopt clwb avx512cd sha_ni avx512bw avx512vl xsaveopt xsavec xgetbv1 xsaves avx512_bf16 clzero xsaveerptr wbnoinvd arat npt nrip_save vgif vnmi avx512vbmi umip pku ospke avx512_vbmi2 gfni vaes vpclmulqdq avx512_vnni avx512_bitalg avx512_vpopcntdq la57 rdpid overflow_recov succor fsrm arch_capabilities\nbugs\t\t: sysret_ss_attrs null_seg spectre_v1 spectre_v2 spec_store_bypass srso ibpb_no_ret tsa\nbogomips\t: 5192.19\nTLB size\t: 1024 4K pages\nclflush size\t: 64\ncache_alignment\t: 64\naddress sizes\t: 40 bits physical, 57 bits virtual\npower management:\n\n"}
{"timestamp":1768159040,"subsystem":"/proc/stat","measurement":"cpu  71743 215 1640 547276 1077 0 13 161 0 0\ncpu0 35907 137 886 273482 548 0 6 91 0 0\ncpu1 35835 77 753 273794 529 0 7 69 0 0\nintr 1044331 68 9 0 0 988 0 0 0 0 0 0 0 15 0 0 0 0 0 0 29 0 0 0 0 0 0 0 0 0 0 0 0 0 0 0 0 0 0 0 0 0 0 0 0 0 0 0 0 0 0 0 0 6389 5332 0 7037 6605 0 0 0 0 0 0 0 0 0 0 0 0 0 0 0 0 0 0 0 0 0 0 0 0 0 0 0 0 0 0 0 0 0 0 0 0 0 0 0 0 0 0 0 0 0 0 0 0 0 0 0 0 0 0 0 0 0 0 0 0 0 0 0 0 0 0 0 0 0 0 0 0 0 0 0 0 0 0 0 0 0 0 0 0 0 0 0 0 0 0 0 0 0 0 0 0 0 0 0 0 0 0 0 0 0 0 0 0 0 0 0 0 0 0 0 0 0 0 0 0 0 0 0 0 0 0 0 0 0 0 0 0 0 0 0 0 0 0 0 0 0 0 0 0 0 0 0 0 0 0 0 0 0 0 0 0 0 0 0 0 0 0 0 0 0 0 0 0 0 0 0 0 0 0 0 0 0 0 0 0 0 0 0 0 0 0 0 0 0 0 0 0 0 0 0 0 0 0 0 0 0 0 0 0 0 0 0 0 0 0 0 0 0 0 0 0 0 0 0 0 0 0 0 0 0 0 0 0 0 0 0 0 0 0 0 0 0 0 0 0 0 0 0 0 0 0 0 0 0 0 0 0 0 0 0 0 0 0 0 0 0 0 0 0 0 0 0 0 0 0 0 0 0 0 0 0 0 0 0 0 0 0 0 0 0 0 0 0 0 0 0 0 0 0 0 0 0 0 0 0 0 0 0 0 0 0 0 0 0 0 0 0 0 0 0 0 0 0 0 0 0 0 0 0 0 0 0 0 0 0 0 0 0 0 0 0 0 0 0 0 0 0 0 0 0 0 0 0 0 0 0 0 0 0 0 0 0 0 0 0 0 0 0 0 0 0 0 0 0 0 0 0 0 0 0 0 0 0 0 0 0 0 0\nctxt 440624\nbtime 1768155927\nprocesses 3110\nprocs_running 3\nprocs_blocked 0\nsoftirq 241424 6 79689 11 13353 1447 0 190 87444 0 59284\n"}
{"timestamp":1768159040,"subsystem":"/proc/meminfo","measurement":"MemTotal:        4004576 kB\nMemFree:         2512760 kB\nMemAvailable:    3417880 kB\nBuffers:           31636 kB\nCached:          1084284 kB\nSwapCached:            0 kB\nActive:           781740 kB\nInactive:         517256 kB\nActive(anon):     203100 kB\nInactive(anon):        0 kB\nActive(file):     578640 kB\nInactive(file):   517256 kB\nUnevictable:       39208 kB\nMlocked:           35208 kB\nSwapTotal:             0 kB\nSwapFree:              0 kB\nZswap:                 0 kB\nZswapped:              0 kB\nDirty:               344 kB\nWriteback:             0 kB\nAnonPages:        222284 kB\nMapped:           281696 kB\nShmem:              5312 kB\nKReclaimable:      33848 kB\nSlab:              94048 kB\nSReclaimable:      33848 kB\nSUnreclaim:        60200 kB\nKernelStack:        4112 kB\nPageTables:         5216 kB\nSecPageTables:         0 kB\nNFS_Unstable:          0 kB\nBounce:                0 kB\nWritebackTmp:          0 kB\nCommitLimit:     2002288 kB\nCommitted_AS:    1953272 kB\nVmallocTotal:   13743895347199 kB\nVmallocUsed:       20872 kB\nVmallocChunk:          0 kB\nPercpu:             1112 kB\nHardwareCorrupted:     0 kB\nAnonHugePages:         0 kB\nShmemHugePages:        0 kB\nShmemPmdMapped:        0 kB\nFileHugePages:         0 kB\nFilePmdMapped:         0 kB\nUnaccepted:            0 kB\nHugePages_Total:       0\nHugePages_Free:        0\nHugePages_Rsvd:        0\nHugePages_Surp:        0\nHugepagesize:       2048 kB\nHugetlb:               0 kB\nDirectMap4k:      123816 kB\nDirectMap2M:     4065280 kB\nDirectMap1G:     2097152 kB\n"}
{"timestamp":1768159040,"subsystem":"/proc/net/dev","measurement":"Inter-|   Receive                                                |  Transmit\n face |bytes    packets errs drop fifo frame compressed multicast|bytes    packets errs drop fifo colls carrier compressed\n    lo:   57805     350    0    0    0     0          0         0    57805     350    0    0    0     0       0          0\nenp0s5: 6080159    7634    0    0    0     0          0         0  3463146    6720    0    0    0     0       0          0\ndocker0:       0       0    0    0    0     0          0         0        0       0    0    2    0     0       0          0\n"}
{"timestamp":1768159040,"subsystem":"/proc/diskstats","measurement":"   7       0 loop0 41 0 688 13 0 0 0 0 0 12 13 0 0 0 0 0 0\n   7       1 loop1 48 0 716 39 0 0 0 0 0 34 39 0 0 0 0 0 0\n   7       2 loop2 682 0 52154 412 0 0 0 0 0 351 412 0 0 0 0 0 0\n   7       3 loop3 43 0 692 21 0 0 0 0 0 17 21 0 0 0 0 0 0\n   7       4 loop4 631 0 46376 3200 0 0 0 0 0 2172 3200 0 0 0 0 0 0\n   7       5 loop5 10 0 20 0 0 0 0 0 0 0 0 0 0 0 0 0 0\n   7       6 loop6 0 0 0 0 0 0 0 0 0 0 0 0 0 0 0 0 0\n   7       7 loop7 0 0 0 0 0 0 0 0 0 0 0 0 0 0 0 0 0\n   8       0 sda 9114 4186 1847870 38449 4805 5404 661290 131039 0 12962 169584 163 34 910792 95 0 0\n   8       1 sda1 8466 3480 1806031 38152 4777 5324 660972 131018 0 54770 169266 163 34 910792 95 0 0\n   8      14 sda14 109 0 1120 39 0 0 0 0 0 36 39 0 0 0 0 0 0\n   8      15 sda15 200 675 19334 97 3 0 10 2 0 59 99 0 0 0 0 0 0\n 259       0 sda16 239 31 17545 112 25 80 308 18 0 96 131 0 0 0 0 0 0\n"}
{"timestamp":1768159040,"subsystem":"statfs[*]","measurement":"{\"mount_point\":\"/\",\"block_size\":4096,\"blocks_total\":12422878,\"blocks_free\":11448397,\"blocks_available\":11444301}\n{\"mount_point\":\"/boot\",\"block_size\":4096,\"blocks_total\":225380,\"blocks_free\":186421,\"blocks_available\":170639}\n{\"mount_point\":\"/boot/efi\",\"block_size\":512,\"blocks_total\":213663,\"blocks_free\":201164,\"blocks_available\":201164}\n"}
{"timestamp":1768159045,"subsystem":"/proc/cpuinfo","measurement":"processor\t: 0\nvendor_id\t: AuthenticAMD\ncpu family\t: 25\nmodel\t\t: 17\nmodel name\t: AMD EPYC 9J14 96-Core Processor\nstepping\t: 1\nmicrocode\t: 0xa101154\ncpu MHz\t\t: 2596.098\ncache size\t: 512 KB\nphysical id\t: 0\nsiblings\t: 2\ncore id\t\t: 0\ncpu cores\t: 1\napicid\t\t: 0\ninitial apicid\t: 0\nfpu\t\t: yes\nfpu_exception\t: yes\ncpuid level\t: 16\nwp\t\t: yes\nflags\t\t: fpu vme de pse tsc msr pae mce cx8 apic sep mtrr pge mca cmov pat pse36 clflush mmx fxsr sse sse2 ht syscall nx mmxext fxsr_opt pdpe1gb rdtscp lm rep_good nopl xtopology cpuid extd_apicid tsc_known_freq pni pclmulqdq ssse3 fma cx16 pcid sse4_1 sse4_2 x2apic movbe popcnt tsc_deadline_timer aes xsave avx f16c rdrand hypervisor lahf_lm cmp_legacy svm cr8_legacy abm sse4a misalignsse 3dnowprefetch osvw topoext perfctr_core ssbd ibrs ibpb stibp vmmcall fsgsbase tsc_adjust bmi1 avx2 smep bmi2 erms invpcid avx512f avx512dq rdseed adx smap avx512ifma clflushopt clwb avx512cd sha_ni avx512bw avx512vl xsaveopt xsavec xgetbv1 xsaves avx512_bf16 clzero xsaveerptr wbnoinvd arat npt nrip_save vgif vnmi avx512vbmi umip pku ospke avx512_vbmi2 gfni vaes vpclmulqdq avx512_vnni avx512_bitalg avx512_vpopcntdq la57 rdpid overflow_recov succor fsrm arch_capabilities\nbugs\t\t: sysret_ss_attrs null_seg spectre_v1 spectre_v2 spec_store_bypass srso ibpb_no_ret tsa\nbogomips\t: 5192.19\nTLB size\t: 1024 4K pages\nclflush size\t: 64\ncache_alignment\t: 64\naddress sizes\t: 40 bits physical, 57 bits virtual\npower management:\n\nprocessor\t: 1\nvendor_id\t: AuthenticAMD\ncpu family\t: 25\nmodel\t\t: 17\nmodel name\t: AMD EPYC 9J14 96-Core Processor\nstepping\t: 1\nmicrocode\t: 0xa101154\ncpu MHz\t\t: 2596.098\ncache size\t: 512 KB\nphysical id\t: 0\nsiblings\t: 2\ncore id\t\t: 0\ncpu cores\t: 1\napicid\t\t: 1\ninitial apicid\t: 1\nfpu\t\t: yes\nfpu_exception\t: yes\ncpuid level\t: 16\nwp\t\t: yes\nflags\t\t: fpu vme de pse tsc msr pae mce cx8 apic sep mtrr pge mca cmov pat pse36 clflush mmx fxsr sse sse2 ht syscall nx mmxext fxsr_opt pdpe1gb rdtscp lm rep_good nopl xtopology cpuid extd_apicid tsc_known_freq pni pclmulqdq ssse3 fma cx16 pcid sse4_1 sse4_2 x2apic movbe popcnt tsc_deadline_timer aes xsave avx f16c rdrand hypervisor lahf_lm cmp_legacy svm cr8_legacy abm sse4a misalignsse 3dnowprefetch osvw topoext perfctr_core ssbd ibrs ibpb stibp vmmcall fsgsbase tsc_adjust bmi1 avx2 smep bmi2 erms invpcid avx512f avx512dq rdseed adx smap avx512ifma clflushopt clwb avx512cd sha_ni avx512bw avx512vl xsaveopt xsavec xgetbv1 xsaves avx512_bf16 clzero xsaveerptr wbnoinvd arat npt nrip_save vgif vnmi avx512vbmi umip pku ospke avx512_vbmi2 gfni vaes vpclmulqdq avx512_vnni avx512_bitalg avx512_vpopcntdq la57 rdpid overflow_recov succor fsrm arch_capabilities\nbugs\t\t: sysret_ss_attrs null_seg spectre_v1 spectre_v2 spec_store_bypass srso ibpb_no_ret tsa\nbogomips\t: 5192.19\nTLB size\t: 1024 4K pages\nclflush size\t: 64\ncache_alignment\t: 64\naddress sizes\t: 40 bits physical, 57 bits virtual\npower management:\n\n"}
