{"timestamp":1767977160,"subsystem":"/proc/stat","measurement":"cpu  215727 457 31821 37296815 33254 0 620 0 0 0\ncpu0 53142 51 7188 9324908 8977 0 206 0 0 0\ncpu1 54823 149 7194 9323763 8883 0 188 0 0 0\ncpu2 53912 164 8632 9323284 8381 0 125 0 0 0\ncpu3 53848 92 8805 9324859 7011 0 100 0 0 0\nintr 16382419 0 0 0 0 2339 0 0 0 0 0 0 0 0 0 0 0 0 0 0 0 0 0 0 0 0 0 0 0 0 0 0 0 0 0 0 0 0 0 0 0 0 0 0 0 0 0 0 0 0 0 0 0 0 0 0 0 0 0 0 0 0 0 0 0 0 0 0 0 0 0 0 0 0 0 0 0 0 0 0 0 0 0 0 0 0 0 0 0 0 0 0 0 0 0 0 0 0 0 0 0 0 0 0 0 0 0 0 0 0 0 0 0 0 0 0 0 0 0 0 0 0 0 0 0 0 0 0 0 0 0 0 0 0 0 0 0 0 0 0 0 0 0 0 0 0 0 0 0 0 0 0 0 0 0 0 0 0 0 0 0 0 0 0 0 0 0 0 0 0 0 0 0 0 0 0 0 0 0 0 0 0 0 0 0 0 0 0 0 0 0 0 0 0 0 0 0 0 0 0 0 0 0 0 0 0 0 0 0 0 0 0 0 0 0 0 0 0 0 0 0 0 0 0 0 0 0 0 0 0 0 0 0 0 0 0 0 0 0 0 0 0 0 0 0 0 0 0 0 0 0 0 0 0 0 0 0 0 0 0 0 0 0 0 0 0 0 0 0 0 0 0 0 0 0 0 0 0 0 0 0 0 0 0 0 0 0 0 0 0 0 0 0 0 0 0 0 0 0 0 0 0 0 0 0 0 0 0 0 0 0 0 0 0 0 0 0 0 0 0 0 0 0 0 0 0 0 0 0 0 0 0 0 0 0 0 0 0 0 0 0 0 0 0 0 0 0 0 0 0 0 0 0 0 0 0 0 0 0 0 0 0 0 0 0 0 0 0 0 0 0 0 0 0 0 0 0 0 0 0 0 0 0 0 0 0 0 0 0 0 0 0 0 0 0 0 0 0 0 0 0 0 0 0 0 0 0 0 0 0 0 0 0 0 0 0 0 0 0 0 0 0 0 0 0 0 0 0 0 0 0 0 0 0 0 0 0 0 0 0 0 0 0 0 0 0 0 0 0 0 0 0 0 0 0 0 0\nctxt 13307948\nbtime 1767883122\nprocesses 46550\nprocs_running 1\nprocs_blocked 0\nsoftirq 10772273 0 3818541 3 642241 11 0 780736 4520370 120 1010251\n"}
{"timestamp":1767977160,"subsystem":"/proc/meminfo","measurement":"MemTotal:       16327188 kB\nMemFree:        13796148 kB\nMemAvailable:   15531044 kB\nBuffers:           74208 kB\nCached:          1855952 kB\nSwapCached:            0 kB\nActive:           605380 kB\nInactive:        1519588 kB\nActive(anon):     207944 kB\nInactive(anon):        0 kB\nActive(file):     397436 kB\nInactive(file):  1519588 kB\nUnevictable:       30368 kB\nMlocked:           27296 kB\nSwapTotal:             0 kB\nSwapFree:              0 kB\nZswap:                 0 kB\nZswapped:              0 kB\nDirty:            121460 kB\nWriteback:             0 kB\nAnonPages:        224272 kB\nMapped:           195096 kB\nShmem:              4404 kB\nKReclaimable:     158468 kB\nSlab:             248436 kB\nSReclaimable:     158468 kB\nSUnreclaim:        89968 kB\nKernelStack:        3840 kB\nPageTables:         4616 kB\nSecPageTables:         0 kB\nNFS_Unstable:          0 kB\nBounce:                0 kB\nWritebackTmp:          0 kB\nCommitLimit:     8163592 kB\nCommitted_AS:    1058180 kB\nVmallocTotal:   34359738367 kB\nVmallocUsed:       31160 kB\nVmallocChunk:          0 kB\nPercpu:             3408 kB\nHardwareCorrupted:     0 kB\nAnonHugePages:     96256 kB\nShmemHugePages:        0 kB\nShmemPmdMapped:        0 kB\nFileHugePages:         0 kB\nFilePmdMapped:         0 kB\nUnaccepted:            0 kB\nHugePages_Total:       0\nHugePages_Free:        0\nHugePages_Rsvd:        0\nHugePages_Surp:        0\nHugepagesize:       2048 kB\nHugetlb:               0 kB\nDirectMap4k:      109736 kB\nDirectMap2M:     2983936 kB\nDirectMap1G:    15728640 kB\n"}
{"timestamp":1767977160,"subsystem":"/proc/net/dev","measurement":"Inter-|   Receive                                                |  Transmit\n face |bytes    packets errs drop fifo frame compressed multicast|bytes    packets errs drop fifo colls carrier compressed\n    lo:   30394     204    0    0    0     0          0         0    30394     204    0    0    0     0       0          0\n  eth0: 334501122  515878    0    0    0     0          0         0 115013727  412882    0    0    0     0       0          0\ndocker0: 1056837   15854    0    0    0     0          0         0 197873275   23348    0    2    0     0       0          0\nvethf098dbd:  463457    5832    0    0    0     0          0         0 66075572    8367    0    0    0     0       0          0\nveth5046f66:  405703    4974    0    0    0     0          0         0 66158319    7539    0    0    0     0       0          0\nvethcbb1c2f:  409633    5048    0    0    0     0          0         0 65649786    7591    0    0    0     0       0          0\n"}
{"timestamp":1767977160,"subsystem":"/proc/diskstats","measurement":"   7       0 loop0 11 0 28 0 0 0 0 0 0 0 0 0 0 0 0 0 0\n   7       1 loop1 0 0 0 0 0 0 0 0 0 0 0 0 0 0 0 0 0\n   7       2 loop2 0 0 0 0 0 0 0 0 0 0 0 0 0 0 0 0 0\n   7       3 loop3 0 0 0 0 0 0 0 0 0 0 0 0 0 0 0 0 0\n   7       4 loop4 0 0 0 0 0 0 0 0 0 0 0 0 0 0 0 0 0\n   7       5 loop5 0 0 0 0 0 0 0 0 0 0 0 0 0 0 0 0 0\n   7       6 loop6 0 0 0 0 0 0 0 0 0 0 0 0 0 0 0 0 0\n   7       7 loop7 0 0 0 0 0 0 0 0 0 0 0 0 0 0 0 0 0\n   8      16 sdb 322 0 20650 54 691 1090 1319960 7280 0 1940 7336 17 16 67104776 2 0 0\n   8      17 sdb1 263 0 18202 45 691 1090 1319960 7280 0 1973 7328 17 16 67104776 2 0 0\n   8       0 sda 15912 3541 1543587 26243 170808 82080 66962828 6694510 0 270955 6869368 6650 1784 147758872 26455 5704 122158\n   8       1 sda1 15353 2841 1509991 26110 170517 82058 66962568 6689413 0 311733 6741970 6647 1783 147746584 26446 0 0\n   8      14 sda14 127 0 1264 26 0 0 0 0 0 26 26 0 0 0 0 0 0\n   8      15 sda15 205 666 18510 52 2 0 2 0 0 38 53 0 0 0 0 0 0\n 259       0 sda16 179 34 11854 41 289 22 258 5096 0 6559 5147 3 1 12288 9 0 0\n"}
{"timestamp":1767977160,"subsystem":"statfs[*]","measurement":"{\"mount_point\":\"/\",\"block_size\":4096,\"blocks_total\":7344928,\"blocks_free\":6449613,\"blocks_available\":6445517}\n{\"mount_point\":\"/boot\",\"block_size\":4096,\"blocks_total\":225380,\"blocks_free\":209465,\"blocks_available\":193683}\n{\"mount_point\":\"/boot/efi\",\"block_size\":512,\"blocks_total\":213663,\"blocks_free\":201164,\"blocks_available\":201164}\n{\"mount_point\":\"/mnt\",\"block_size\":4096,\"blocks_total\":8211396,\"blocks_free\":8211389,\"blocks_available\":7787889}\n"}
{"timestamp":1767977165,"subsystem":"/proc/stat","measurement":"cpu  215728 457 31822 37298810 33254 0 620 0 0 0\ncpu0 53143 51 7188 9325406 8977 0 206 0 0 0\ncpu1 54823 149 7195 9324262 8883 0 188 0 0 0\ncpu2 53912 164 8632 9323784 8381 0 125 0 0 0\ncpu3 53848 92 8806 9325358 7011 0 100 0 0 0\nintr 16383249 0 0 0 0 2339 0 0 0 0 0 0 0 0 0 0 0 0 0 0 0 0 0 0 0 0 0 0 0 0 0 0 0 0 0 0 0 0 0 0 0 0 0 0 0 0 0 0 0 0 0 0 0 0 0 0 0 0 0 0 0 0 0 0 0 0 0 0 0 0 0 0 0 0 0 0 0 0 0 0 0 0 0 0 0 0 0 0 0 0 0 0 0 0 0 0 0 0 0 0 0 0 0 0 0 0 0 0 0 0 0 0 0 0 0 0 0 0 0 0 0 0 0 0 0 0 0 0 0 0 0 0 0 0 0 0 0 0 0 0 0 0 0 0 0 0 0 0 0 0 0 0 0 0 0 0 0 0 0 0 0 0 0 0 0 0 0 0 0 0 0 0 0 0 0 0 0 0 0 0 0 0 0 0 0 0 0 0 0 0 0 0 0 0 0 0 0 0 0 0 0 0 0 0 0 0 0 0 0 0 0 0 0 0 0 0 0 0 0 0 0 0 0 0 0 0 0 0 0 0 0 0 0 0 0 0 0 0 0 0 0 0 0 0 0 0 0 0 0 0 0 0 0 0 0 0 0 0 0 0 0 0 0 0 0 0 0 0 0 0 0 0 0 0 0 0 0 0 0 0 0 0 0 0 0 0 0 0 0 0 0 0 0 0 0 0 0 0 0 0 0 0 0 0 0 0 0 0 0 0 0 0 0 0 0 0 0 0 0 0 0 0 0 0 0 0 0 0 0 0 0 0 0 0 0 0 0 0 0 0 0 0 0 0 0 0 0 0 0 0 0 0 0 0 0 0 0 0 0 0 0 0 0 0 0 0 0 0 0 0 0 0 0 0 0 0 0 0 0 0 0 0 0 0 0 0 0 0 0 0 0 0 0 0 0 0 0 0 0 0 0 0 0 0 0 0 0 0 0 0 0 0 0 0 0 0 0 0 0 0 0 0 0 0 0 0 0 0 0 0 0 0 0 0 0 0 0 0 0 0 0 0 0 0 0 0 0 0 0 0 0 0 0 0 0 0 0\nctxt 13308700\nbtime 1767883122\nprocesses 46554\nprocs_running 2\nprocs_blocked 0\nsoftirq 10772840 0 3818750 3 642265 11 0 780741 4520616 120 1010334\n"}
{"timestamp":1767977165,"subsystem":"/proc/meminfo","measurement":"MemTotal:       16327188 kB\nMemFree:        13795896 kB\nMemAvailable:   15530792 kB\nBuffers:           74208 kB\nCached:          1855960 kB\nSwapCached:            0 kB\nActive:           607436 kB\nInactive:        1519588 kB\nActive(anon):     210000 kB\nInactive(anon):        0 kB\nActive(file):     397436 kB\nInactive(file):  1519588 kB\nUnevictable:       30368 kB\nMlocked:           27296 kB\nSwapTotal:             0 kB\nSwapFree:              0 kB\nZswap:                 0 kB\nZswapped:              0 kB\nDirty:            121468 kB\nWriteback:             0 kB\nAnonPages:        226372 kB\nMapped:           195288 kB\nShmem:              4404 kB\nKReclaimable:     158468 kB\nSlab:             248424 kB\nSReclaimable:     158468 kB\nSUnreclaim:        89956 kB\nKernelStack:        3840 kB\nPageTables:         4620 kB\nSecPageTables:         0 kB\nNFS_Unstable:          0 kB\nBounce:                0 kB\nWritebackTmp:          0 kB\nCommitLimit:     8163592 kB\nCommitted_AS:    1058440 kB\nVmallocTotal:   34359738367 kB\nVmallocUsed:       31144 kB\nVmallocChunk:          0 kB\nPercpu:             3408 kB\nHardwareCorrupted:     0 kB\nAnonHugePages:     98304 kB\nShmemHugePages:        0 kB\nShmemPmdMapped:        0 kB\nFileHugePages:         0 kB\nFilePmdMapped:         0 kB\nUnaccepted:            0 kB\nHugePages_Total:       0\nHugePages_Free:        0\nHugePages_Rsvd:        0\nHugePages_Surp:        0\nHugepagesize:       2048 kB\nHugetlb:               0 kB\nDirectMap4k:      109736 kB\nDirectMap2M:     2983936 kB\nDirectMap1G:    15728640 kB\n"}
{"timestamp":1767977165,"subsystem":"/proc/net/dev","measurement":"Inter-|   Receive                                                |  Transmit\n face |bytes    packets errs drop fifo frame compressed multicast|bytes    packets errs drop fifo colls carrier compressed\n    lo:   30394     204    0    0    0     0          0         0    30394     204    0    0    0     0       0          0\n  eth0: 334504918  515893    0    0    0     0          0         0 115018965  412901    0    0    0     0       0          0\ndocker0: 1056837   15854    0    0    0     0          0         0 197873275   23348    0    2    0     0       0          0\nvethf098dbd:  463457    5832    0    0    0     0          0         0 66075572    8367    0    0    0     0       0          0\nveth5046f66:  405703    4974    0    0    0     0          0         0 66158319    7539    0    0    0     0       0          0\nvethcbb1c2f:  409633    5048    0    0    0     0          0         0 65649786    7591    0    0    0     0       0          0\n"}
{"timestamp":1767977165,"subsystem":"/proc/diskstats","measurement":"   7       0 loop0 11 0 28 0 0 0 0 0 0 0 0 0 0 0 0 0 0\n   7       1 loop1 0 0 0 0 0 0 0 0 0 0 0 0 0 0 0 0 0\n   7       2 loop2 0 0 0 0 0 0 0 0 0 0 0 0 0 0 0 0 0\n   7       3 loop3 0 0 0 0 0 0 0 0 0 0 0 0 0 0 0 0 0\n   7       4 loop4 0 0 0 0 0 0 0 0 0 0 0 0 0 0 0 0 0\n   7       5 loop5 0 0 0 0 0 0 0 0 0 0 0 0 0 0 0 0 0\n   7       6 loop6 0 0 0 0 0 0 0 0 0 0 0 0 0 0 0 0 0\n   7       7 loop7 0 0 0 0 0 0 0 0 0 0 0 0 0 0 0 0 0\n   8      16 sdb 322 0 20650 54 691 1090 1319960 7280 0 1940 7336 17 16 67104776 2 0 0\n   8      17 sdb1 263 0 18202 45 691 1090 1319960 7280 0 1973 7328 17 16 67104776 2 0 0\n   8       0 sda 15912 3541 1543587 26243 170809 82080 66962836 6694511 0 270955 6869368 6650 1784 147758872 26455 5704 122158\n   8       1 sda1 15353 2841 1509991 26110 170518 82058 66962576 6689413 0 311733 6741970 6647 1783 147746584 26446 0 0\n   8      14 sda14 127 0 1264 26 0 0 0 0 0 26 26 0 0 0 0 0 0\n   8      15 sda15 205 666 18510 52 2 0 2 0 0 38 53 0 0 0 0 0 0\n 259       0 sda16 179 34 11854 41 289 22 258 5096 0 6559 5147 3 1 12288 9 0 0\n"}
{"timestamp":1767977165,"subsystem":"statfs[*]","measurement":"{\"mount_point\":\"/\",\"block_size\":4096,\"blocks_total\":7344928,\"blocks_free\":6449611,\"blocks_available\":6445515}\n{\"mount_point\":\"/boot\",\"block_size\":4096,\"blocks_total\":225380,\"blocks_free\":209465,\"blocks_available\":193683}\n{\"mount_point\":\"/boot/efi\",\"block_size\":512,\"blocks_total\":213663,\"blocks_free\":201164,\"blocks_available\":201164}\n{\"mount_point\":\"/mnt\",\"block_size\":4096,\"blocks_total\":8211396,\"blocks_free\":8211389,\"blocks_available\":7787889}\n"}
{"timestamp":1767977170,"subsystem":"/proc/stat","measurement":"cpu  215730 457 31825 37300780 33276 0 620 0 0 0\ncpu0 53143 51 7190 9325882 8997 0 206 0 0 0\ncpu1 54824 149 7195 9324757 8885 0 188 0 0 0\ncpu2 53912 164 8632 9324283 8381 0 125 0 0 0\ncpu3 53849 92 8806 9325857 7011 0 100 0 0 0\nintr 16384454 0 0 0 0 2339 0 0 0 0 0 0 0 0 0 0 0 0 0 0 0 0 0 0 0 0 0 0 0 0 0 0 0 0 0 0 0 0 0 0 0 0 0 0 0 0 0 0 0 0 0 0 0 0 0 0 0 0 0 0 0 0 0 0 0 0 0 0 0 0 0 0 0 0 0 0 0 0 0 0 0 0 0 0 0 0 0 0 0 0 0 0 0 0 0 0 0 0 0 0 0 0 0 0 0 0 0 0 0 0 0 0 0 0 0 0 0 0 0 0 0 0 0 0 0 0 0 0 0 0 0 0 0 0 0 0 0 0 0 0 0 0 0 0 0 0 0 0 0 0 0 0 0 0 0 0 0 0 0 0 0 0 0 0 0 0 0 0 0 0 0 0 0 0 0 0 0 0 0 0 0 0 0 0 0 0 0 0 0 0 0 0 0 0 0 0 0 0 0 0 0 0 0 0 0 0 0 0 0 0 0 0 0 0 0 0 0 0 0 0 0 0 0 0 0 0 0 0 0 0 0 0 0 0 0 0 0 0 0 0 0 0 0 0 0 0 0 0 0 0 0 0 0 0 0 0 0 0 0 0 0 0 0 0 0 0 0 0 0 0 0 0 0 0 0 0 0 0 0 0 0 0 0 0 0 0 0 0 0 0 0 0 0 0 0 0 0 0 0 0 0 0 0 0 0 0 0 0 0 0 0 0 0 0 0 0 0 0 0 0 0 0 0 0 0 0 0 0 0 0 0 0 0 0 0 0 0 0 0 0 0 0 0 0 0 0 0 0 0 0 0 0 0 0 0 0 0 0 0 0 0 0 0 0 0 0 0 0 0 0 0 0 0 0 0 0 0 0 0 0 0 0 0 0 0 0 0 0 0 0 0 0 0 0 0 0 0 0 0 0 0 0 0 0 0 0 0 0 0 0 0 0 0 0 0 0 0 0 0 0 0 0 0 0 0 0 0 0 0 0 0 0 0 0 0 0 0 0 0 0 0 0 0 0 0 0 0 0 0 0 0 0 0 0 0 0 0\nctxt 13309711\nbtime 1767883122\nprocesses 46557\nprocs_running 1\nprocs_blocked 0\nsoftirq 10773764 0 3819017 3 642317 11 0 780907 4520942 120 1010447\n"}
{"timestamp":1767977170,"subsystem":"/proc/meminfo","measurement":"MemTotal:       16327188 kB\nMemFree:        13795896 kB\nMemAvailable:   15530804 kB\nBuffers:           74216 kB\nCached:          1855964 kB\nSwapCached:            0 kB\nActive:           607500 kB\nInactive:        1519600 kB\nActive(anon):     210064 kB\nInactive(anon):        0 kB\nActive(file):     397436 kB\nInactive(file):  1519600 kB\nUnevictable:       30368 kB\nMlocked:           27296 kB\nSwapTotal:             0 kB\nSwapFree:              0 kB\nZswap:                 0 kB\nZswapped:              0 kB\nDirty:               932 kB\nWriteback:             0 kB\nAnonPages:        226424 kB\nMapped:           195288 kB\nShmem:              4404 kB\nKReclaimable:     158468 kB\nSlab:             248432 kB\nSReclaimable:     158468 kB\nSUnreclaim:        89964 kB\nKernelStack:        3840 kB\nPageTables:         4620 kB\nSecPageTables:         0 kB\nNFS_Unstable:          0 kB\nBounce:                0 kB\nWritebackTmp:          0 kB\nCommitLimit:     8163592 kB\nCommitted_AS:    1058444 kB\nVmallocTotal:   34359738367 kB\nVmallocUsed:       31160 kB\nVmallocChunk:          0 kB\nPercpu:             3408 kB\nHardwareCorrupted:     0 kB\nAnonHugePages:    100352 kB\nShmemHugePages:        0 kB\nShmemPmdMapped:        0 kB\nFileHugePages:         0 kB\nFilePmdMapped:         0 kB\nUnaccepted:            0 kB\nHugePages_Total:       0\nHugePages_Free:        0\nHugePages_Rsvd:        0\nHugePages_Surp:        0\nHugepagesize:       2048 kB\nHugetlb:               0 kB\nDirectMap4k:      109736 kB\nDirectMap2M:     2983936 kB\nDirectMap1G:    15728640 kB\n"}
{"timestamp":1767977170,"subsystem":"/proc/net/dev","measurement":"Inter-|   Receive                                                |  Transmit\n face |bytes    packets errs drop fifo frame compressed multicast|bytes    packets errs drop fifo colls carrier compressed\n    lo:   30394     204    0    0    0     0          0         0    30394     204    0    0    0     0       0          0\n  eth0: 334512527  515923    0    0    0     0          0         0 115026576  412939    0    0    0     0       0          0\ndocker0: 1056837   15854    0    0    0     0          0         0 197873275   23348    0    2    0     0       0          0\nvethf098dbd:  463457    5832    0    0    0     0          0         0 66075572    8367    0    0    0     0       0          0\nveth5046f66:  405703    4974    0    0    0     0          0         0 66158319    7539    0    0    0     0       0          0\nvethcbb1c2f:  409633    5048    0    0    0     0          0         0 65649786    7591    0    0    0     0       0          0\n"}
{"timestamp":1767977170,"subsystem":"/proc/diskstats","measurement":"   7       0 loop0 11 0 28 0 0 0 0 0 0 0 0 0 0 0 0 0 0\n   7       1 loop1 0 0 0 0 0 0 0 0 0 0 0 0 0 0 0 0 0\n   7       2 loop2 0 0 0 0 0 0 0 0 0 0 0 0 0 0 0 0 0\n   7       3 loop3 0 0 0 0 0 0 0 0 0 0 0 0 0 0 0 0 0\n   7       4 loop4 0 0 0 0 0 0 0 0 0 0 0 0 0 0 0 0 0\n   7       5 loop5 0 0 0 0 0 0 0 0 0 0 0 0 0 0 0 0 0\n   7       6 loop6 0 0 0 0 0 0 0 0 0 0 0 0 0 0 0 0 0\n   7       7 loop7 0 0 0 0 0 0 0 0 0 0 0 0 0 0 0 0 0\n   8      16 sdb 322 0 20650 54 691 1090 1319960 7280 0 1940 7336 17 16 67104776 2 0 0\n   8      17 sdb1 263 0 18202 45 691 1090 1319960 7280 0 1973 7328 17 16 67104776 2 0 0\n   8       0 sda 15912 3541 1543587 26243 171153 82500 67204364 6701041 0 271303 6875924 6658 1788 147776800 26476 5705 122162\n   8       1 sda1 15353 2841 1509991 26110 170862 82478 67204104 6695943 0 312140 6748521 6655 1787 147764512 26466 0 0\n   8      14 sda14 127 0 1264 26 0 0 0 0 0 26 26 0 0 0 0 0 0\n   8      15 sda15 205 666 18510 52 2 0 2 0 0 38 53 0 0 0 0 0 0\n 259       0 sda16 179 34 11854 41 289 22 258 5096 0 6559 5147 3 1 12288 9 0 0\n"}
{"timestamp":1767977170,"subsystem":"statfs[*]","measurement":"{\"mount_point\":\"/\",\"block_size\":4096,\"blocks_total\":7344928,\"blocks_free\":6449609,\"blocks_available\":6445513}\n{\"mount_point\":\"/boot\",\"block_size\":4096,\"blocks_total\":225380,\"blocks_free\":209465,\"blocks_available\":193683}\n{\"mount_point\":\"/boot/efi\",\"block_size\":512,\"blocks_total\":213663,\"blocks_free\":201164,\"blocks_available\":201164}\n{\"mount_point\":\"/mnt\",\"block_size\":4096,\"blocks_total\":8211396,\"blocks_free\":8211389,\"blocks_available\":7787889}\n"}
{"timestamp":1767977175,"subsystem":"/proc/stat","measurement":"cpu  215731 457 31826 37302775 33277 0 620 0 0 0\ncpu0 53144 51 7191 9326380 8997 0 206 0 0 0\ncpu1 54824 149 7195 9325257 8885 0 188 0 0 0\ncpu2 53913 164 8632 9324782 8382 0 125 0 0 0\ncpu3 53849 92 8806 9326355 7011 0 100 0 0 0\nintr 16385367 0 0 0 0 2339 0 0 0 0 0 0 0 0 0 0 0 0 0 0 0 0 0 0 0 0 0 0 0 0 0 0 0 0 0 0 0 0 0 0 0 0 0 0 0 0 0 0 0 0 0 0 0 0 0 0 0 0 0 0 0 0 0 0 0 0 0 0 0 0 0 0 0 0 0 0 0 0 0 0 0 0 0 0 0 0 0 0 0 0 0 0 0 0 0 0 0 0 0 0 0 0 0 0 0 0 0 0 0 0 0 0 0 0 0 0 0 0 0 0 0 0 0 0 0 0 0 0 0 0 0 0 0 0 0 0 0 0 0 0 0 0 0 0 0 0 0 0 0 0 0 0 0 0 0 0 0 0 0 0 0 0 0 0 0 0 0 0 0 0 0 0 0 0 0 0 0 0 0 0 0 0 0 0 0 0 0 0 0 0 0 0 0 0 0 0 0 0 0 0 0 0 0 0 0 0 0 0 0 0 0 0 0 0 0 0 0 0 0 0 0 0 0 0 0 0 0 0 0 0 0 0 0 0 0 0 0 0 0 0 0 0 0 0 0 0 0 0 0 0 0 0 0 0 0 0 0 0 0 0 0 0 0 0 0 0 0 0 0 0 0 0 0 0 0 0 0 0 0 0 0 0 0 0 0 0 0 0 0 0 0 0 0 0 0 0 0 0 0 0 0 0 0 0 0 0 0 0 0 0 0 0 0 0 0 0 0 0 0 0 0 0 0 0 0 0 0 0 0 0 0 0 0 0 0 0 0 0 0 0 0 0 0 0 0 0 0 0 0 0 0 0 0 0 0 0 0 0 0 0 0 0 0 0 0 0 0 0 0 0 0 0 0 0 0 0 0 0 0 0 0 0 0 0 0 0 0 0 0 0 0 0 0 0 0 0 0 0 0 0 0 0 0 0 0 0 0 0 0 0 0 0 0 0 0 0 0 0 0 0 0 0 0 0 0 0 0 0 0 0 0 0 0 0 0 0 0 0 0 0 0 0 0 0 0 0 0 0 0 0 0 0 0 0 0 0 0\nctxt 13310525\nbtime 1767883122\nprocesses 46560\nprocs_running 2\nprocs_blocked 0\nsoftirq 10774451 0 3819294 3 642343 11 0 780922 4521252 120 1010506\n"}
{"timestamp":1767977175,"subsystem":"/proc/meminfo","measurement":"MemTotal:       16327188 kB\nMemFree:        13793908 kB\nMemAvailable:   15528832 kB\nBuffers:           74216 kB\nCached:          1855972 kB\nSwapCached:            0 kB\nActive:           607532 kB\nInactive:        1519616 kB\nActive(anon):     210096 kB\nInactive(anon):        0 kB\nActive(file):     397436 kB\nInactive(file):  1519616 kB\nUnevictable:       30368 kB\nMlocked:           27296 kB\nSwapTotal:             0 kB\nSwapFree:              0 kB\nZswap:                 0 kB\nZswapped:              0 kB\nDirty:               232 kB\nWriteback:             0 kB\nAnonPages:        226424 kB\nMapped:           195288 kB\nShmem:              4404 kB\nKReclaimable:     158468 kB\nSlab:             248452 kB\nSReclaimable:     158468 kB\nSUnreclaim:        89984 kB\nKernelStack:        3840 kB\nPageTables:         4620 kB\nSecPageTables:         0 kB\nNFS_Unstable:          0 kB\nBounce:                0 kB\nWritebackTmp:          0 kB\nCommitLimit:     8163592 kB\nCommitted_AS:    1058448 kB\nVmallocTotal:   34359738367 kB\nVmallocUsed:       31160 kB\nVmallocChunk:          0 kB\nPercpu:             3408 kB\nHardwareCorrupted:     0 kB\nAnonHugePages:     98304 kB\nShmemHugePages:        0 kB\nShmemPmdMapped:        0 kB\nFileHugePages:         0 kB\nFilePmdMapped:         0 kB\nUnaccepted:            0 kB\nHugePages_Total:       0\nHugePages_Free:        0\nHugePages_Rsvd:        0\nHugePages_Surp:        0\nHugepagesize:       2048 kB\nHugetlb:               0 kB\nDirectMap4k:      109736 kB\nDirectMap2M:     2983936 kB\nDirectMap1G:    15728640 kB\n"}
{"timestamp":1767977175,"subsystem":"/proc/net/dev","measurement":"Inter-|   Receive                                                |  Transmit\n face |bytes    packets errs drop fifo frame compressed multicast|bytes    packets errs drop fifo colls carrier compressed\n    lo:   30394     204    0    0    0     0          0         0    30394     204    0    0    0     0       0          0\n  eth0: 334516323  515938    0    0    0     0          0         0 115031814  412958    0    0    0     0       0          0\ndocker0: 1056837   15854    0    0    0     0          0         0 197873275   23348    0    2    0     0       0          0\nvethf098dbd:  463457    5832    0    0    0     0          0         0 66075572    8367    0    0    0     0       0          0\nveth5046f66:  405703    4974    0    0    0     0          0         0 66158319    7539    0    0    0     0       0          0\nvethcbb1c2f:  409633    5048    0    0    0     0          0         0 65649786    7591    0    0    0     0       0          0\n"}
{"timestamp":1767977175,"subsystem":"/proc/diskstats","measurement":"   7       0 loop0 11 0 28 0 0 0 0 0 0 0 0 0 0 0 0 0 0\n   7       1 loop1 0 0 0 0 0 0 0 0 0 0 0 0 0 0 0 0 0\n   7       2 loop2 0 0 0 0 0 0 0 0 0 0 0 0 0 0 0 0 0\n   7       3 loop3 0 0 0 0 0 0 0 0 0 0 0 0 0 0 0 0 0\n   7       4 loop4 0 0 0 0 0 0 0 0 0 0 0 0 0 0 0 0 0\n   7       5 loop5 0 0 0 0 0 0 0 0 0 0 0 0 0 0 0 0 0\n   7       6 loop6 0 0 0 0 0 0 0 0 0 0 0 0 0 0 0 0 0\n   7       7 loop7 0 0 0 0 0 0 0 0 0 0 0 0 0 0 0 0 0\n   8      16 sdb 322 0 20650 54 691 1090 1319960 7280 0 1940 7336 17 16 67104776 2 0 0\n   8      17 sdb1 263 0 18202 45 691 1090 1319960 7280 0 1973 7328 17 16 67104776 2 0 0\n   8       0 sda 15912 3541 1543587 26243 171293 82502 67205788 6701211 0 271305 6876094 6658 1788 147776800 26476 5705 122162\n   8       1 sda1 15353 2841 1509991 26110 171002 82480 67205528 6696114 0 312143 6748691 6655 1787 147764512 26466 0 0\n   8      14 sda14 127 0 1264 26 0 0 0 0 0 26 26 0 0 0 0 0 0\n   8      15 sda15 205 666 18510 52 2 0 2 0 0 38 53 0 0 0 0 0 0\n 259       0 sda16 179 34 11854 41 289 22 258 5096 0 6559 5147 3 1 12288 9 0 0\n"}
{"timestamp":1767977175,"subsystem":"statfs[*]","measurement":"{\"mount_point\":\"/\",\"block_size\":4096,\"blocks_total\":7344928,\"blocks_free\":6449607,\"blocks_available\":6445511}\n{\"mount_point\":\"/boot\",\"block_size\":4096,\"blocks_total\":225380,\"blocks_free\":209465,\"blocks_available\":193683}\n{\"mount_point\":\"/boot/efi\",\"block_size\":512,\"blocks_total\":213663,\"blocks_free\":201164,\"blocks_available\":201164}\n{\"mount_point\":\"/mnt\",\"block_size\":4096,\"blocks_total\":8211396,\"blocks_free\":8211389,\"blocks_available\":7787889}\n"}
{"timestamp":1767977180,"subsystem":"/proc/stat","measurement":"cpu  215733 457 31827 37304769 33277 0 620 0 0 0\ncpu0 53145 51 7191 9326878 8997 0 206 0 0 0\ncpu1 54825 149 7196 9325755 8885 0 188 0 0 0\ncpu2 53914 164 8633 9325280 8382 0 125 0 0 0\ncpu3 53849 92 8806 9326854 7011 0 100 0 0 0\nintr 16386697 0 0 0 0 2339 0 0 0 0 0 0 0 0 0 0 0 0 0 0 0 0 0 0 0 0 0 0 0 0 0 0 0 0 0 0 0 0 0 0 0 0 0 0 0 0 0 0 0 0 0 0 0 0 0 0 0 0 0 0 0 0 0 0 0 0 0 0 0 0 0 0 0 0 0 0 0 0 0 0 0 0 0 0 0 0 0 0 0 0 0 0 0 0 0 0 0 0 0 0 0 0 0 0 0 0 0 0 0 0 0 0 0 0 0 0 0 0 0 0 0 0 0 0 0 0 0 0 0 0 0 0 0 0 0 0 0 0 0 0 0 0 0 0 0 0 0 0 0 0 0 0 0 0 0 0 0 0 0 0 0 0 0 0 0 0 0 0 0 0 0 0 0 0 0 0 0 0 0 0 0 0 0 0 0 0 0 0 0 0 0 0 0 0 0 0 0 0 0 0 0 0 0 0 0 0 0 0 0 0 0 0 0 0 0 0 0 0 0 0 0 0 0 0 0 0 0 0 0 0 0 0 0 0 0 0 0 0 0 0 0 0 0 0 0 0 0 0 0 0 0 0 0 0 0 0 0 0 0 0 0 0 0 0 0 0 0 0 0 0 0 0 0 0 0 0 0 0 0 0 0 0 0 0 0 0 0 0 0 0 0 0 0 0 0 0 0 0 0 0 0 0 0 0 0 0 0 0 0 0 0 0 0 0 0 0 0 0 0 0 0 0 0 0 0 0 0 0 0 0 0 0 0 0 0 0 0 0 0 0 0 0 0 0 0 0 0 0 0 0 0 0 0 0 0 0 0 0 0 0 0 0 0 0 0 0 0 0 0 0 0 0 0 0 0 0 0 0 0 0 0 0 0 0 0 0 0 0 0 0 0 0 0 0 0 0 0 0 0 0 0 0 0 0 0 0 0 0 0 0 0 0 0 0 0 0 0 0 0 0 0 0 0 0 0 0 0 0 0 0 0 0 0 0 0 0 0 0 0 0 0 0 0 0 0 0 0 0 0 0 0 0 0 0 0 0 0\nctxt 13312396\nbtime 1767883122\nprocesses 46563\nprocs_running 1\nprocs_blocked 0\nsoftirq 10775439 0 3819501 3 642387 11 0 781301 4521531 120 1010585\n"}
{"timestamp":1767977180,"subsystem":"/proc/meminfo","measurement":"MemTotal:       16327188 kB\nMemFree:        13802888 kB\nMemAvailable:   15537816 kB\nBuffers:           74216 kB\nCached:          1855976 kB\nSwapCached:            0 kB\nActive:           607548 kB\nInactive:        1519620 kB\nActive(anon):     210112 kB\nInactive(anon):        0 kB\nActive(file):     397436 kB\nInactive(file):  1519620 kB\nUnevictable:       30368 kB\nMlocked:           27296 kB\nSwapTotal:             0 kB\nSwapFree:              0 kB\nZswap:                 0 kB\nZswapped:              0 kB\nDirty:               228 kB\nWriteback:             0 kB\nAnonPages:        226472 kB\nMapped:           195288 kB\nShmem:              4404 kB\nKReclaimable:     158468 kB\nSlab:             248452 kB\nSReclaimable:     158468 kB\nSUnreclaim:        89984 kB\nKernelStack:        3840 kB\nPageTables:         4620 kB\nSecPageTables:         0 kB\nNFS_Unstable:          0 kB\nBounce:                0 kB\nWritebackTmp:          0 kB\nCommitLimit:     8163592 kB\nCommitted_AS:    1058448 kB\nVmallocTotal:   34359738367 kB\nVmallocUsed:       31160 kB\nVmallocChunk:          0 kB\nPercpu:             3408 kB\nHardwareCorrupted:     0 kB\nAnonHugePages:    100352 kB\nShmemHugePages:        0 kB\nShmemPmdMapped:        0 kB\nFileHugePages:         0 kB\nFilePmdMapped:         0 kB\nUnaccepted:            0 kB\nHugePages_Total:       0\nHugePages_Free:        0\nHugePages_Rsvd:        0\nHugePages_Surp:        0\nHugepagesize:       2048 kB\nHugetlb:               0 kB\nDirectMap4k:      109736 kB\nDirectMap2M:     2983936 kB\nDirectMap1G:    15728640 kB\n"}
{"timestamp":1767977180,"subsystem":"/proc/net/dev","measurement":"Inter-|   Receive                                                |  Transmit\n face |bytes    packets errs drop fifo frame compressed multicast|bytes    packets errs drop fifo colls carrier compressed\n    lo:   30394     204    0    0    0     0          0         0    30394     204    0    0    0     0       0          0\n  eth0: 334521626  515960    0    0    0     0          0         0 115038292  412987    0    0    0     0       0          0\ndocker0: 1056837   15854    0    0    0     0          0         0 197873275   23348    0    2    0     0       0          0\nvethf098dbd:  463457    5832    0    0    0     0          0         0 66075572    8367    0    0    0     0       0          0\nveth5046f66:  405703    4974    0    0    0     0          0         0 66158319    7539    0    0    0     0       0          0\nvethcbb1c2f:  409633    5048    0    0    0     0          0         0 65649786    7591    0    0    0     0       0          0\n"}
{"timestamp":1767977180,"subsystem":"/proc/diskstats","measurement":"   7       0 loop0 11 0 28 0 0 0 0 0 0 0 0 0 0 0 0 0 0\n   7       1 loop1 0 0 0 0 0 0 0 0 0 0 0 0 0 0 0 0 0\n   7       2 loop2 0 0 0 0 0 0 0 0 0 0 0 0 0 0 0 0 0\n   7       3 loop3 0 0 0 0 0 0 0 0 0 0 0 0 0 0 0 0 0\n   7       4 loop4 0 0 0 0 0 0 0 0 0 0 0 0 0 0 0 0 0\n   7       5 loop5 0 0 0 0 0 0 0 0 0 0 0 0 0 0 0 0 0\n   7       6 loop6 0 0 0 0 0 0 0 0 0 0 0 0 0 0 0 0 0\n   7       7 loop7 0 0 0 0 0 0 0 0 0 0 0 0 0 0 0 0 0\n   8      16 sdb 322 0 20650 54 691 1090 1319960 7280 0 1940 7336 17 16 67104776 2 0 0\n   8      17 sdb1 263 0 18202 45 691 1090 1319960 7280 0 1973 7328 17 16 67104776 2 0 0\n   8       0 sda 15912 3541 1543587 26243 171295 82503 67205812 6701212 0 271305 6876095 6658 1788 147776800 26476 5705 122162\n   8       1 sda1 15353 2841 1509991 26110 171003 82480 67205536 6696114 0 312143 6748691 6655 1787 147764512 26466 0 0\n   8      14 sda14 127 0 1264 26 0 0 0 0 0 26 26 0 0 0 0 0 0\n   8      15 sda15 205 666 18510 52 2 0 2 0 0 38 53 0 0 0 0 0 0\n 259       0 sda16 179 34 11854 41 290 23 274 5096 0 6559 5147 3 1 12288 9 0 0\n"}
{"timestamp":1767977180,"subsystem":"statfs[*]","measurement":"{\"mount_point\":\"/\",\"block_size\":4096,\"blocks_total\":7344928,\"blocks_free\":6449606,\"blocks_available\":6445510}\n{\"mount_point\":\"/boot\",\"block_size\":4096,\"blocks_total\":225380,\"blocks_free\":209465,\"blocks_available\":193683}\n{\"mount_point\":\"/boot/efi\",\"block_size\":512,\"blocks_total\":213663,\"blocks_free\":201164,\"blocks_available\":201164}\n{\"mount_point\":\"/mnt\",\"block_size\":4096,\"blocks_total\":8211396,\"blocks_free\":8211389,\"blocks_available\":7787889}\n"}
{"timestamp":1767977185,"subsystem":"/proc/stat","measurement":"cpu  215735 457 31828 37306763 33277 0 620 0 0 0\ncpu0 53145 51 7191 9327376 8997 0 206 0 0 0\ncpu1 54825 149 7196 9326254 8885 0 188 0 0 0\ncpu2 53914 164 8633 9325778 8382 0 125 0 0 0\ncpu3 53850 92 8806 9327353 7011 0 100 0 0 0\nintr 16387496 0 0 0 0 2339 0 0 0 0 0 0 0 0 0 0 0 0 0 0 0 0 0 0 0 0 0 0 0 0 0 0 0 0 0 0 0 0 0 0 0 0 0 0 0 0 0 0 0 0 0 0 0 0 0 0 0 0 0 0 0 0 0 0 0 0 0 0 0 0 0 0 0 0 0 0 0 0 0 0 0 0 0 0 0 0 0 0 0 0 0 0 0 0 0 0 0 0 0 0 0 0 0 0 0 0 0 0 0 0 0 0 0 0 0 0 0 0 0 0 0 0 0 0 0 0 0 0 0 0 0 0 0 0 0 0 0 0 0 0 0 0 0 0 0 0 0 0 0 0 0 0 0 0 0 0 0 0 0 0 0 0 0 0 0 0 0 0 0 0 0 0 0 0 0 0 0 0 0 0 0 0 0 0 0 0 0 0 0 0 0 0 0 0 0 0 0 0 0 0 0 0 0 0 0 0 0 0 0 0 0 0 0 0 0 0 0 0 0 0 0 0 0 0 0 0 0 0 0 0 0 0 0 0 0 0 0 0 0 0 0 0 0 0 0 0 0 0 0 0 0 0 0 0 0 0 0 0 0 0 0 0 0 0 0 0 0 0 0 0 0 0 0 0 0 0 0 0 0 0 0 0 0 0 0 0 0 0 0 0 0 0 0 0 0 0 0 0 0 0 0 0 0 0 0 0 0 0 0 0 0 0 0 0 0 0 0 0 0 0 0 0 0 0 0 0 0 0 0 0 0 0 0 0 0 0 0 0 0 0 0 0 0 0 0 0 0 0 0 0 0 0 0 0 0 0 0 0 0 0 0 0 0 0 0 0 0 0 0 0 0 0 0 0 0 0 0 0 0 0 0 0 0 0 0 0 0 0 0 0 0 0 0 0 0 0 0 0 0 0 0 0 0 0 0 0 0 0 0 0 0 0 0 0 0 0 0 0 0 0 0 0 0 0 0 0 0 0 0 0 0 0 0 0 0 0 0 0 0 0 0 0 0 0 0 0 0 0 0 0 0 0 0 0 0 0 0\nctxt 13313223\nbtime 1767883122\nprocesses 46566\nprocs_running 2\nprocs_blocked 0\nsoftirq 10775951 0 3819714 3 642387 11 0 781306 4521769 120 1010641\n"}
{"timestamp":1767977185,"subsystem":"/proc/meminfo","measurement":"MemTotal:       16327188 kB\nMemFree:        13802636 kB\nMemAvailable:   15537564 kB\nBuffers:           74216 kB\nCached:          1855984 kB\nSwapCached:            0 kB\nActive:           607552 kB\nInactive:        1519620 kB\nActive(anon):     210116 kB\nInactive(anon):        0 kB\nActive(file):     397436 kB\nInactive(file):  1519620 kB\nUnevictable:       30368 kB\nMlocked:           27296 kB\nSwapTotal:             0 kB\nSwapFree:              0 kB\nZswap:                 0 kB\nZswapped:              0 kB\nDirty:               232 kB\nWriteback:             0 kB\nAnonPages:        226480 kB\nMapped:           195288 kB\nShmem:              4404 kB\nKReclaimable:     158468 kB\nSlab:             248452 kB\nSReclaimable:     158468 kB\nSUnreclaim:        89984 kB\nKernelStack:        3840 kB\nPageTables:         4620 kB\nSecPageTables:         0 kB\nNFS_Unstable:          0 kB\nBounce:                0 kB\nWritebackTmp:          0 kB\nCommitLimit:     8163592 kB\nCommitted_AS:    1058452 kB\nVmallocTotal:   34359738367 kB\nVmallocUsed:       31160 kB\nVmallocChunk:          0 kB\nPercpu:             3408 kB\nHardwareCorrupted:     0 kB\nAnonHugePages:    100352 kB\nShmemHugePages:        0 kB\nShmemPmdMapped:        0 kB\nFileHugePages:         0 kB\nFilePmdMapped:         0 kB\nUnaccepted:            0 kB\nHugePages_Total:       0\nHugePages_Free:        0\nHugePages_Rsvd:        0\nHugePages_Surp:        0\nHugepagesize:       2048 kB\nHugetlb:               0 kB\nDirectMap4k:      109736 kB\nDirectMap2M:     2983936 kB\nDirectMap1G:    15728640 kB\n"}
{"timestamp":1767977185,"subsystem":"/proc/net/dev","measurement":"Inter-|   Receive                                                |  Transmit\n face |bytes    packets errs drop fifo frame compressed multicast|bytes    packets errs drop fifo colls carrier compressed\n    lo:   30394     204    0    0    0     0          0         0    30394     204    0    0    0     0       0          0\n  eth0: 334521626  515960    0    0    0     0          0         0 115038292  412987    0    0    0     0       0          0\ndocker0: 1056837   15854    0    0    0     0          0         0 197873275   23348    0    2    0     0       0          0\nvethf098dbd:  463457    5832    0    0    0     0          0         0 66075572    8367    0    0    0     0       0          0\nveth5046f66:  405703    4974    0    0    0     0          0         0 66158319    7539    0    0    0     0       0          0\nvethcbb1c2f:  409633    5048    0    0    0     0          0         0 65649786    7591    0    0    0     0       0          0\n"}
{"timestamp":1767977185,"subsystem":"/proc/diskstats","measurement":"   7       0 loop0 11 0 28 0 0 0 0 0 0 0 0 0 0 0 0 0 0\n   7       1 loop1 0 0 0 0 0 0 0 0 0 0 0 0 0 0 0 0 0\n   7       2 loop2 0 0 0 0 0 0 0 0 0 0 0 0 0 0 0 0 0\n   7       3 loop3 0 0 0 0 0 0 0 0 0 0 0 0 0 0 0 0 0\n   7       4 loop4 0 0 0 0 0 0 0 0 0 0 0 0 0 0 0 0 0\n   7       5 loop5 0 0 0 0 0 0 0 0 0 0 0 0 0 0 0 0 0\n   7       6 loop6 0 0 0 0 0 0 0 0 0 0 0 0 0 0 0 0 0\n   7       7 loop7 0 0 0 0 0 0 0 0 0 0 0 0 0 0 0 0 0\n   8      16 sdb 322 0 20650 54 691 1090 1319960 7280 0 1940 7336 17 16 67104776 2 0 0\n   8      17 sdb1 263 0 18202 45 691 1090 1319960 7280 0 1973 7328 17 16 67104776 2 0 0\n   8       0 sda 15912 3541 1543587 26243 171296 82503 67205820 6701212 0 271305 6876095 6658 1788 147776800 26476 5705 122162\n   8       1 sda1 15353 2841 1509991 26110 171004 82480 67205544 6696114 0 312143 6748692 6655 1787 147764512 26466 0 0\n   8      14 sda14 127 0 1264 26 0 0 0 0 0 26 26 0 0 0 0 0 0\n   8      15 sda15 205 666 18510 52 2 0 2 0 0 38 53 0 0 0 0 0 0\n 259       0 sda16 179 34 11854 41 290 23 274 5096 0 6559 5147 3 1 12288 9 0 0\n"}
{"timestamp":1767977185,"subsystem":"statfs[*]","measurement":"{\"mount_point\":\"/\",\"block_size\":4096,\"blocks_total\":7344928,\"blocks_free\":6449604,\"blocks_available\":6445508}\n{\"mount_point\":\"/boot\",\"block_size\":4096,\"blocks_total\":225380,\"blocks_free\":209465,\"blocks_available\":193683}\n{\"mount_point\":\"/boot/efi\",\"block_size\":512,\"blocks_total\":213663,\"blocks_free\":201164,\"blocks_available\":201164}\n{\"mount_point\":\"/mnt\",\"block_size\":4096,\"blocks_total\":8211396,\"blocks_free\":8211389,\"blocks_available\":7787889}\n"}
{"timestamp":1767977190,"subsystem":"/proc/stat","measurement":"cpu  215737 457 31829 37308758 33277 0 620 0 0 0\ncpu0 53146 51 7192 9327874 8997 0 206 0 0 0\ncpu1 54825 149 7196 9326753 8885 0 188 0 0 0\ncpu2 53914 164 8633 9326277 8382 0 125 0 0 0\ncpu3 53850 92 8806 9327852 7011 0 100 0 0 0\nintr 16388340 0 0 0 0 2339 0 0 0 0 0 0 0 0 0 0 0 0 0 0 0 0 0 0 0 0 0 0 0 0 0 0 0 0 0 0 0 0 0 0 0 0 0 0 0 0 0 0 0 0 0 0 0 0 0 0 0 0 0 0 0 0 0 0 0 0 0 0 0 0 0 0 0 0 0 0 0 0 0 0 0 0 0 0 0 0 0 0 0 0 0 0 0 0 0 0 0 0 0 0 0 0 0 0 0 0 0 0 0 0 0 0 0 0 0 0 0 0 0 0 0 0 0 0 0 0 0 0 0 0 0 0 0 0 0 0 0 0 0 0 0 0 0 0 0 0 0 0 0 0 0 0 0 0 0 0 0 0 0 0 0 0 0 0 0 0 0 0 0 0 0 0 0 0 0 0 0 0 0 0 0 0 0 0 0 0 0 0 0 0 0 0 0 0 0 0 0 0 0 0 0 0 0 0 0 0 0 0 0 0 0 0 0 0 0 0 0 0 0 0 0 0 0 0 0 0 0 0 0 0 0 0 0 0 0 0 0 0 0 0 0 0 0 0 0 0 0 0 0 0 0 0 0 0 0 0 0 0 0 0 0 0 0 0 0 0 0 0 0 0 0 0 0 0 0 0 0 0 0 0 0 0 0 0 0 0 0 0 0 0 0 0 0 0 0 0 0 0 0 0 0 0 0 0 0 0 0 0 0 0 0 0 0 0 0 0 0 0 0 0 0 0 0 0 0 0 0 0 0 0 0 0 0 0 0 0 0 0 0 0 0 0 0 0 0 0 0 0 0 0 0 0 0 0 0 0 0 0 0 0 0 0 0 0 0 0 0 0 0 0 0 0 0 0 0 0 0 0 0 0 0 0 0 0 0 0 0 0 0 0 0 0 0 0 0 0 0 0 0 0 0 0 0 0 0 0 0 0 0 0 0 0 0 0 0 0 0 0 0 0 0 0 0 0 0 0 0 0 0 0 0 0 0 0 0 0 0 0 0 0 0 0 0 0 0 0 0 0 0 0 0 0 0 0 0 0 0\nctxt 13313989\nbtime 1767883122\nprocesses 46569\nprocs_running 1\nprocs_blocked 0\nsoftirq 10776538 0 3819944 3 642416 11 0 781311 4522033 120 1010700\n"}
{"timestamp":1767977190,"subsystem":"/proc/meminfo","measurement":"MemTotal:       16327188 kB\nMemFree:        13798288 kB\nMemAvailable:   15533228 kB\nBuffers:           74216 kB\nCached:          1855988 kB\nSwapCached:            0 kB\nActive:           609616 kB\nInactive:        1519632 kB\nActive(anon):     212180 kB\nInactive(anon):        0 kB\nActive(file):     397436 kB\nInactive(file):  1519632 kB\nUnevictable:       30368 kB\nMlocked:           27296 kB\nSwapTotal:             0 kB\nSwapFree:              0 kB\nZswap:                 0 kB\nZswapped:              0 kB\nDirty:               228 kB\nWriteback:             0 kB\nAnonPages:        228568 kB\nMapped:           195288 kB\nShmem:              4404 kB\nKReclaimable:     158468 kB\nSlab:             248452 kB\nSReclaimable:     158468 kB\nSUnreclaim:        89984 kB\nKernelStack:        3840 kB\nPageTables:         4624 kB\nSecPageTables:         0 kB\nNFS_Unstable:          0 kB\nBounce:                0 kB\nWritebackTmp:          0 kB\nCommitLimit:     8163592 kB\nCommitted_AS:    1062552 kB\nVmallocTotal:   34359738367 kB\nVmallocUsed:       31160 kB\nVmallocChunk:          0 kB\nPercpu:             3408 kB\nHardwareCorrupted:     0 kB\nAnonHugePages:    104448 kB\nShmemHugePages:        0 kB\nShmemPmdMapped:        0 kB\nFileHugePages:         0 kB\nFilePmdMapped:         0 kB\nUnaccepted:            0 kB\nHugePages_Total:       0\nHugePages_Free:        0\nHugePages_Rsvd:        0\nHugePages_Surp:        0\nHugepagesize:       2048 kB\nHugetlb:               0 kB\nDirectMap4k:      109736 kB\nDirectMap2M:     2983936 kB\nDirectMap1G:    15728640 kB\n"}
{"timestamp":1767977190,"subsystem":"/proc/net/dev","measurement":"Inter-|   Receive                                                |  Transmit\n face |bytes    packets errs drop fifo frame compressed multicast|bytes    packets errs drop fifo colls carrier compressed\n    lo:   30394     204    0    0    0     0          0         0    30394     204    0    0    0     0       0          0\n  eth0: 334525422  515975    0    0    0     0          0         0 115043530  413006    0    0    0     0       0          0\ndocker0: 1056837   15854    0    0    0     0          0         0 197873275   23348    0    2    0     0       0          0\nvethf098dbd:  463457    5832    0    0    0     0          0         0 66075572    8367    0    0    0     0       0          0\nveth5046f66:  405703    4974    0    0    0     0          0         0 66158319    7539    0    0    0     0       0          0\nvethcbb1c2f:  409633    5048    0    0    0     0          0         0 65649786    7591    0    0    0     0       0          0\n"}
{"timestamp":1767977190,"subsystem":"/proc/diskstats","measurement":"   7       0 loop0 11 0 28 0 0 0 0 0 0 0 0 0 0 0 0 0 0\n   7       1 loop1 0 0 0 0 0 0 0 0 0 0 0 0 0 0 0 0 0\n   7       2 loop2 0 0 0 0 0 0 0 0 0 0 0 0 0 0 0 0 0\n   7       3 loop3 0 0 0 0 0 0 0 0 0 0 0 0 0 0 0 0 0\n   7       4 loop4 0 0 0 0 0 0 0 0 0 0 0 0 0 0 0 0 0\n   7       5 loop5 0 0 0 0 0 0 0 0 0 0 0 0 0 0 0 0 0\n   7       6 loop6 0 0 0 0 0 0 0 0 0 0 0 0 0 0 0 0 0\n   7       7 loop7 0 0 0 0 0 0 0 0 0 0 0 0 0 0 0 0 0\n   8      16 sdb 322 0 20650 54 691 1090 1319960 7280 0 1940 7336 17 16 67104776 2 0 0\n   8      17 sdb1 263 0 18202 45 691 1090 1319960 7280 0 1973 7328 17 16 67104776 2 0 0\n   8       0 sda 15912 3541 1543587 26243 171298 82504 67205844 6701212 0 271305 6876095 6658 1788 147776800 26476 5705 122162\n   8       1 sda1 15353 2841 1509991 26110 171006 82481 67205568 6696115 0 312143 6748692 6655 1787 147764512 26466 0 0\n   8      14 sda14 127 0 1264 26 0 0 0 0 0 26 26 0 0 0 0 0 0\n   8      15 sda15 205 666 18510 52 2 0 2 0 0 38 53 0 0 0 0 0 0\n 259       0 sda16 179 34 11854 41 290 23 274 5096 0 6559 5147 3 1 12288 9 0 0\n"}
{"timestamp":1767977190,"subsystem":"statfs[*]","measurement":"{\"mount_point\":\"/\",\"block_size\":4096,\"blocks_total\":7344928,\"blocks_free\":6449603,\"blocks_available\":6445507}\n{\"mount_point\":\"/boot\",\"block_size\":4096,\"blocks_total\":225380,\"blocks_free\":209465,\"blocks_available\":193683}\n{\"mount_point\":\"/boot/efi\",\"block_size\":512,\"blocks_total\":213663,\"blocks_free\":201164,\"blocks_available\":201164}\n{\"mount_point\":\"/mnt\",\"block_size\":4096,\"blocks_total\":8211396,\"blocks_free\":8211389,\"blocks_available\":7787889}\n"}
{"timestamp":1767977195,"subsystem":"/proc/stat","measurement":"cpu  215740 457 31830 37310751 33277 0 620 0 0 0\ncpu0 53148 51 7192 9328372 8997 0 206 0 0 0\ncpu1 54826 149 7196 9327252 8885 0 188 0 0 0\ncpu2 53915 164 8634 9326775 8382 0 125 0 0 0\ncpu3 53850 92 8806 9328352 7011 0 100 0 0 0\nintr 16389425 0 0 0 0 2339 0 0 0 0 0 0 0 0 0 0 0 0 0 0 0 0 0 0 0 0 0 0 0 0 0 0 0 0 0 0 0 0 0 0 0 0 0 0 0 0 0 0 0 0 0 0 0 0 0 0 0 0 0 0 0 0 0 0 0 0 0 0 0 0 0 0 0 0 0 0 0 0 0 0 0 0 0 0 0 0 0 0 0 0 0 0 0 0 0 0 0 0 0 0 0 0 0 0 0 0 0 0 0 0 0 0 0 0 0 0 0 0 0 0 0 0 0 0 0 0 0 0 0 0 0 0 0 0 0 0 0 0 0 0 0 0 0 0 0 0 0 0 0 0 0 0 0 0 0 0 0 0 0 0 0 0 0 0 0 0 0 0 0 0 0 0 0 0 0 0 0 0 0 0 0 0 0 0 0 0 0 0 0 0 0 0 0 0 0 0 0 0 0 0 0 0 0 0 0 0 0 0 0 0 0 0 0 0 0 0 0 0 0 0 0 0 0 0 0 0 0 0 0 0 0 0 0 0 0 0 0 0 0 0 0 0 0 0 0 0 0 0 0 0 0 0 0 0 0 0 0 0 0 0 0 0 0 0 0 0 0 0 0 0 0 0 0 0 0 0 0 0 0 0 0 0 0 0 0 0 0 0 0 0 0 0 0 0 0 0 0 0 0 0 0 0 0 0 0 0 0 0 0 0 0 0 0 0 0 0 0 0 0 0 0 0 0 0 0 0 0 0 0 0 0 0 0 0 0 0 0 0 0 0 0 0 0 0 0 0 0 0 0 0 0 0 0 0 0 0 0 0 0 0 0 0 0 0 0 0 0 0 0 0 0 0 0 0 0 0 0 0 0 0 0 0 0 0 0 0 0 0 0 0 0 0 0 0 0 0 0 0 0 0 0 0 0 0 0 0 0 0 0 0 0 0 0 0 0 0 0 0 0 0 0 0 0 0 0 0 0 0 0 0 0 0 0 0 0 0 0 0 0 0 0 0 0 0 0 0 0 0 0 0 0 0 0 0 0 0 0\nctxt 13314929\nbtime 1767883122\nprocesses 46574\nprocs_running 2\nprocs_blocked 0\nsoftirq 10777278 0 3820187 3 642465 11 0 781317 4522352 120 1010823\n"}
{"timestamp":1767977195,"subsystem":"/proc/meminfo","measurement":"MemTotal:       16327188 kB\nMemFree:        13797056 kB\nMemAvailable:   15532000 kB\nBuffers:           74216 kB\nCached:          1855996 kB\nSwapCached:            0 kB\nActive:           609620 kB\nInactive:        1519636 kB\nActive(anon):     212184 kB\nInactive(anon):        0 kB\nActive(file):     397436 kB\nInactive(file):  1519636 kB\nUnevictable:       30368 kB\nMlocked:           27296 kB\nSwapTotal:             0 kB\nSwapFree:              0 kB\nZswap:                 0 kB\nZswapped:              0 kB\nDirty:               352 kB\nWriteback:             0 kB\nAnonPages:        228576 kB\nMapped:           195288 kB\nShmem:              4404 kB\nKReclaimable:     158468 kB\nSlab:             248448 kB\nSReclaimable:     158468 kB\nSUnreclaim:        89980 kB\nKernelStack:        3840 kB\nPageTables:         4624 kB\nSecPageTables:         0 kB\nNFS_Unstable:          0 kB\nBounce:                0 kB\nWritebackTmp:          0 kB\nCommitLimit:     8163592 kB\nCommitted_AS:    1062556 kB\nVmallocTotal:   34359738367 kB\nVmallocUsed:       31160 kB\nVmallocChunk:          0 kB\nPercpu:             3408 kB\nHardwareCorrupted:     0 kB\nAnonHugePages:    104448 kB\nShmemHugePages:        0 kB\nShmemPmdMapped:        0 kB\nFileHugePages:         0 kB\nFilePmdMapped:         0 kB\nUnaccepted:            0 kB\nHugePages_Total:       0\nHugePages_Free:        0\nHugePages_Rsvd:        0\nHugePages_Surp:        0\nHugepagesize:       2048 kB\nHugetlb:               0 kB\nDirectMap4k:      109736 kB\nDirectMap2M:     2983936 kB\nDirectMap1G:    15728640 kB\n"}
{"timestamp":1767977195,"subsystem":"/proc/net/dev","measurement":"Inter-|   Receive                                                |  Transmit\n face |bytes    packets errs drop fifo frame compressed multicast|bytes    packets errs drop fifo colls carrier compressed\n    lo:   30394     204    0    0    0     0          0         0    30394     204    0    0    0     0       0          0\n  eth0: 334531220  516001    0    0    0     0          0         0 115051997  413036    0    0    0     0       0          0\ndocker0: 1056837   15854    0    0    0     0          0         0 197873275   23348    0    2    0     0       0          0\nvethf098dbd:  463457    5832    0    0    0     0          0         0 66075572    8367    0    0    0     0       0          0\nveth5046f66:  405703    4974    0    0    0     0          0         0 66158319    7539    0    0    0     0       0          0\nvethcbb1c2f:  409633    5048    0    0    0     0          0         0 65649786    7591    0    0    0     0       0          0\n"}
{"timestamp":1767977195,"subsystem":"/proc/diskstats","measurement":"   7       0 loop0 11 0 28 0 0 0 0 0 0 0 0 0 0 0 0 0 0\n   7       1 loop1 0 0 0 0 0 0 0 0 0 0 0 0 0 0 0 0 0\n   7       2 loop2 0 0 0 0 0 0 0 0 0 0 0 0 0 0 0 0 0\n   7       3 loop3 0 0 0 0 0 0 0 0 0 0 0 0 0 0 0 0 0\n   7       4 loop4 0 0 0 0 0 0 0 0 0 0 0 0 0 0 0 0 0\n   7       5 loop5 0 0 0 0 0 0 0 0 0 0 0 0 0 0 0 0 0\n   7       6 loop6 0 0 0 0 0 0 0 0 0 0 0 0 0 0 0 0 0\n   7       7 loop7 0 0 0 0 0 0 0 0 0 0 0 0 0 0 0 0 0\n   8      16 sdb 322 0 20650 54 691 1090 1319960 7280 0 1940 7336 17 16 67104776 2 0 0\n   8      17 sdb1 263 0 18202 45 691 1090 1319960 7280 0 1973 7328 17 16 67104776 2 0 0\n   8       0 sda 15912 3541 1543587 26243 171300 82504 67205932 6701213 0 271306 6876096 6658 1788 147776800 26476 5705 122162\n   8       1 sda1 15353 2841 1509991 26110 171008 82481 67205656 6696115 0 312144 6748693 6655 1787 147764512 26466 0 0\n   8      14 sda14 127 0 1264 26 0 0 0 0 0 26 26 0 0 0 0 0 0\n   8      15 sda15 205 666 18510 52 2 0 2 0 0 38 53 0 0 0 0 0 0\n 259       0 sda16 179 34 11854 41 290 23 274 5096 0 6559 5147 3 1 12288 9 0 0\n"}
{"timestamp":1767977195,"subsystem":"statfs[*]","measurement":"{\"mount_point\":\"/\",\"block_size\":4096,\"blocks_total\":7344928,\"blocks_free\":6449601,\"blocks_available\":6445505}\n{\"mount_point\":\"/boot\",\"block_size\":4096,\"blocks_total\":225380,\"blocks_free\":209465,\"blocks_available\":193683}\n{\"mount_point\":\"/boot/efi\",\"block_size\":512,\"blocks_total\":213663,\"blocks_free\":201164,\"blocks_available\":201164}\n{\"mount_point\":\"/mnt\",\"block_size\":4096,\"blocks_total\":8211396,\"blocks_free\":8211389,\"blocks_available\":7787889}\n"}
{"timestamp":1767977200,"subsystem":"/proc/stat","measurement":"cpu  215742 457 31831 37312748 33277 0 620 0 0 0\ncpu0 53148 51 7193 9328870 8997 0 206 0 0 0\ncpu1 54826 149 7197 9327751 8885 0 188 0 0 0\ncpu2 53915 164 8634 9327274 8382 0 125 0 0 0\ncpu3 53851 92 8806 9328851 7011 0 100 0 0 0\nintr 16390174 0 0 0 0 2339 0 0 0 0 0 0 0 0 0 0 0 0 0 0 0 0 0 0 0 0 0 0 0 0 0 0 0 0 0 0 0 0 0 0 0 0 0 0 0 0 0 0 0 0 0 0 0 0 0 0 0 0 0 0 0 0 0 0 0 0 0 0 0 0 0 0 0 0 0 0 0 0 0 0 0 0 0 0 0 0 0 0 0 0 0 0 0 0 0 0 0 0 0 0 0 0 0 0 0 0 0 0 0 0 0 0 0 0 0 0 0 0 0 0 0 0 0 0 0 0 0 0 0 0 0 0 0 0 0 0 0 0 0 0 0 0 0 0 0 0 0 0 0 0 0 0 0 0 0 0 0 0 0 0 0 0 0 0 0 0 0 0 0 0 0 0 0 0 0 0 0 0 0 0 0 0 0 0 0 0 0 0 0 0 0 0 0 0 0 0 0 0 0 0 0 0 0 0 0 0 0 0 0 0 0 0 0 0 0 0 0 0 0 0 0 0 0 0 0 0 0 0 0 0 0 0 0 0 0 0 0 0 0 0 0 0 0 0 0 0 0 0 0 0 0 0 0 0 0 0 0 0 0 0 0 0 0 0 0 0 0 0 0 0 0 0 0 0 0 0 0 0 0 0 0 0 0 0 0 0 0 0 0 0 0 0 0 0 0 0 0 0 0 0 0 0 0 0 0 0 0 0 0 0 0 0 0 0 0 0 0 0 0 0 0 0 0 0 0 0 0 0 0 0 0 0 0 0 0 0 0 0 0 0 0 0 0 0 0 0 0 0 0 0 0 0 0 0 0 0 0 0 0 0 0 0 0 0 0 0 0 0 0 0 0 0 0 0 0 0 0 0 0 0 0 0 0 0 0 0 0 0 0 0 0 0 0 0 0 0 0 0 0 0 0 0 0 0 0 0 0 0 0 0 0 0 0 0 0 0 0 0 0 0 0 0 0 0 0 0 0 0 0 0 0 0 0 0 0 0 0 0 0 0 0 0 0 0 0 0 0 0 0 0 0 0 0 0 0 0 0\nctxt 13315728\nbtime 1767883122\nprocesses 46577\nprocs_running 2\nprocs_blocked 0\nsoftirq 10777709 0 3820349 3 642495 11 0 781321 4522539 120 1010871\n"}
{"timestamp":1767977200,"subsystem":"/proc/meminfo","measurement":"MemTotal:       16327188 kB\nMemFree:        13797056 kB\nMemAvailable:   15532012 kB\nBuffers:           74216 kB\nCached:          1856004 kB\nSwapCached:            0 kB\nActive:           609628 kB\nInactive:        1519648 kB\nActive(anon):     212192 kB\nInactive(anon):        0 kB\nActive(file):     397436 kB\nInactive(file):  1519648 kB\nUnevictable:       30368 kB\nMlocked:           27296 kB\nSwapTotal:             0 kB\nSwapFree:              0 kB\nZswap:                 0 kB\nZswapped:              0 kB\nDirty:               364 kB\nWriteback:             0 kB\nAnonPages:        228580 kB\nMapped:           195288 kB\nShmem:              4404 kB\nKReclaimable:     158468 kB\nSlab:             248448 kB\nSReclaimable:     158468 kB\nSUnreclaim:        89980 kB\nKernelStack:        3840 kB\nPageTables:         4624 kB\nSecPageTables:         0 kB\nNFS_Unstable:          0 kB\nBounce:                0 kB\nWritebackTmp:          0 kB\nCommitLimit:     8163592 kB\nCommitted_AS:    1062560 kB\nVmallocTotal:   34359738367 kB\nVmallocUsed:       31160 kB\nVmallocChunk:          0 kB\nPercpu:             3408 kB\nHardwareCorrupted:     0 kB\nAnonHugePages:    104448 kB\nShmemHugePages:        0 kB\nShmemPmdMapped:        0 kB\nFileHugePages:         0 kB\nFilePmdMapped:         0 kB\nUnaccepted:            0 kB\nHugePages_Total:       0\nHugePages_Free:        0\nHugePages_Rsvd:        0\nHugePages_Surp:        0\nHugepagesize:       2048 kB\nHugetlb:               0 kB\nDirectMap4k:      109736 kB\nDirectMap2M:     2983936 kB\nDirectMap1G:    15728640 kB\n"}
{"timestamp":1767977200,"subsystem":"/proc/net/dev","measurement":"Inter-|   Receive                                                |  Transmit\n face |bytes    packets errs drop fifo frame compressed multicast|bytes    packets errs drop fifo colls carrier compressed\n    lo:   30394     204    0    0    0     0          0         0    30394     204    0    0    0     0       0          0\n  eth0: 334535016  516016    0    0    0     0          0         0 115057235  413055    0    0    0     0       0          0\ndocker0: 1056837   15854    0    0    0     0          0         0 197873275   23348    0    2    0     0       0          0\nvethf098dbd:  463457    5832    0    0    0     0          0         0 66075572    8367    0    0    0     0       0          0\nveth5046f66:  405703    4974    0    0    0     0          0         0 66158319    7539    0    0    0     0       0          0\nvethcbb1c2f:  409633    5048    0    0    0     0          0         0 65649786    7591    0    0    0     0       0          0\n"}
{"timestamp":1767977200,"subsystem":"/proc/diskstats","measurement":"   7       0 loop0 11 0 28 0 0 0 0 0 0 0 0 0 0 0 0 0 0\n   7       1 loop1 0 0 0 0 0 0 0 0 0 0 0 0 0 0 0 0 0\n   7       2 loop2 0 0 0 0 0 0 0 0 0 0 0 0 0 0 0 0 0\n   7       3 loop3 0 0 0 0 0 0 0 0 0 0 0 0 0 0 0 0 0\n   7       4 loop4 0 0 0 0 0 0 0 0 0 0 0 0 0 0 0 0 0\n   7       5 loop5 0 0 0 0 0 0 0 0 0 0 0 0 0 0 0 0 0\n   7       6 loop6 0 0 0 0 0 0 0 0 0 0 0 0 0 0 0 0 0\n   7       7 loop7 0 0 0 0 0 0 0 0 0 0 0 0 0 0 0 0 0\n   8      16 sdb 322 0 20650 54 691 1090 1319960 7280 0 1940 7336 17 16 67104776 2 0 0\n   8      17 sdb1 263 0 18202 45 691 1090 1319960 7280 0 1973 7328 17 16 67104776 2 0 0\n   8       0 sda 15912 3541 1543587 26243 171301 82504 67205940 6701213 0 271306 6876096 6658 1788 147776800 26476 5705 122162\n   8       1 sda1 15353 2841 1509991 26110 171009 82481 67205664 6696115 0 312144 6748693 6655 1787 147764512 26466 0 0\n   8      14 sda14 127 0 1264 26 0 0 0 0 0 26 26 0 0 0 0 0 0\n   8      15 sda15 205 666 18510 52 2 0 2 0 0 38 53 0 0 0 0 0 0\n 259       0 sda16 179 34 11854 41 290 23 274 5096 0 6559 5147 3 1 12288 9 0 0\n"}
{"timestamp":1767977200,"subsystem":"statfs[*]","measurement":"{\"mount_point\":\"/\",\"block_size\":4096,\"blocks_total\":7344928,\"blocks_free\":6449599,\"blocks_available\":6445503}\n{\"mount_point\":\"/boot\",\"block_size\":4096,\"blocks_total\":225380,\"blocks_free\":209465,\"blocks_available\":193683}\n{\"mount_point\":\"/boot/efi\",\"block_size\":512,\"blocks_total\":213663,\"blocks_free\":201164,\"blocks_available\":201164}\n{\"mount_point\":\"/mnt\",\"block_size\":4096,\"blocks_total\":8211396,\"blocks_free\":8211389,\"blocks_available\":7787889}\n"}
{"timestamp":1767977205,"subsystem":"/proc/stat","measurement":"cpu  215744 457 31832 37314740 33278 0 620 0 0 0\ncpu0 53149 51 7194 9329366 8998 0 206 0 0 0\ncpu1 54827 149 7197 9328250 8885 0 188 0 0 0\ncpu2 53915 164 8634 9327773 8382 0 125 0 0 0\ncpu3 53851 92 8807 9329349 7012 0 100 0 0 0\nintr 16391091 0 0 0 0 2339 0 0 0 0 0 0 0 0 0 0 0 0 0 0 0 0 0 0 0 0 0 0 0 0 0 0 0 0 0 0 0 0 0 0 0 0 0 0 0 0 0 0 0 0 0 0 0 0 0 0 0 0 0 0 0 0 0 0 0 0 0 0 0 0 0 0 0 0 0 0 0 0 0 0 0 0 0 0 0 0 0 0 0 0 0 0 0 0 0 0 0 0 0 0 0 0 0 0 0 0 0 0 0 0 0 0 0 0 0 0 0 0 0 0 0 0 0 0 0 0 0 0 0 0 0 0 0 0 0 0 0 0 0 0 0 0 0 0 0 0 0 0 0 0 0 0 0 0 0 0 0 0 0 0 0 0 0 0 0 0 0 0 0 0 0 0 0 0 0 0 0 0 0 0 0 0 0 0 0 0 0 0 0 0 0 0 0 0 0 0 0 0 0 0 0 0 0 0 0 0 0 0 0 0 0 0 0 0 0 0 0 0 0 0 0 0 0 0 0 0 0 0 0 0 0 0 0 0 0 0 0 0 0 0 0 0 0 0 0 0 0 0 0 0 0 0 0 0 0 0 0 0 0 0 0 0 0 0 0 0 0 0 0 0 0 0 0 0 0 0 0 0 0 0 0 0 0 0 0 0 0 0 0 0 0 0 0 0 0 0 0 0 0 0 0 0 0 0 0 0 0 0 0 0 0 0 0 0 0 0 0 0 0 0 0 0 0 0 0 0 0 0 0 0 0 0 0 0 0 0 0 0 0 0 0 0 0 0 0 0 0 0 0 0 0 0 0 0 0 0 0 0 0 0 0 0 0 0 0 0 0 0 0 0 0 0 0 0 0 0 0 0 0 0 0 0 0 0 0 0 0 0 0 0 0 0 0 0 0 0 0 0 0 0 0 0 0 0 0 0 0 0 0 0 0 0 0 0 0 0 0 0 0 0 0 0 0 0 0 0 0 0 0 0 0 0 0 0 0 0 0 0 0 0 0 0 0 0 0 0 0 0 0 0 0 0 0 0 0 0 0\nctxt 13316671\nbtime 1767883122\nprocesses 46580\nprocs_running 2\nprocs_blocked 0\nsoftirq 10778321 0 3820572 3 642523 11 0 781340 4522791 120 1010961\n"}
{"timestamp":1767977205,"subsystem":"/proc/meminfo","measurement":"MemTotal:       16327188 kB\nMemFree:        13797056 kB\nMemAvailable:   15532008 kB\nBuffers:           74224 kB\nCached:          1856008 kB\nSwapCached:            0 kB\nActive:           609640 kB\nInactive:        1519660 kB\nActive(anon):     212204 kB\nInactive(anon):        0 kB\nActive(file):     397436 kB\nInactive(file):  1519660 kB\nUnevictable:       30368 kB\nMlocked:           27296 kB\nSwapTotal:             0 kB\nSwapFree:              0 kB\nZswap:                 0 kB\nZswapped:              0 kB\nDirty:               176 kB\nWriteback:             0 kB\nAnonPages:        228560 kB\nMapped:           195288 kB\nShmem:              4404 kB\nKReclaimable:     158440 kB\nSlab:             248420 kB\nSReclaimable:     158440 kB\nSUnreclaim:        89980 kB\nKernelStack:        3840 kB\nPageTables:         4624 kB\nSecPageTables:         0 kB\nNFS_Unstable:          0 kB\nBounce:                0 kB\nWritebackTmp:          0 kB\nCommitLimit:     8163592 kB\nCommitted_AS:    1062564 kB\nVmallocTotal:   34359738367 kB\nVmallocUsed:       31176 kB\nVmallocChunk:          0 kB\nPercpu:             3408 kB\nHardwareCorrupted:     0 kB\nAnonHugePages:    104448 kB\nShmemHugePages:        0 kB\nShmemPmdMapped:        0 kB\nFileHugePages:         0 kB\nFilePmdMapped:         0 kB\nUnaccepted:            0 kB\nHugePages_Total:       0\nHugePages_Free:        0\nHugePages_Rsvd:        0\nHugePages_Surp:        0\nHugepagesize:       2048 kB\nHugetlb:               0 kB\nDirectMap4k:      109736 kB\nDirectMap2M:     2983936 kB\nDirectMap1G:    15728640 kB\n"}
{"timestamp":1767977205,"subsystem":"/proc/net/dev","measurement":"Inter-|   Receive                                                |  Transmit\n face |bytes    packets errs drop fifo frame compressed multicast|bytes    packets errs drop fifo colls carrier compressed\n    lo:   30394     204    0    0    0     0          0         0    30394     204    0    0    0     0       0          0\n  eth0: 334538812  516031    0    0    0     0          0         0 115062473  413074    0    0    0     0       0          0\ndocker0: 1056837   15854    0    0    0     0          0         0 197873275   23348    0    2    0     0       0          0\nvethf098dbd:  463457    5832    0    0    0     0          0         0 66075572    8367    0    0    0     0       0          0\nveth5046f66:  405703    4974    0    0    0     0          0         0 66158319    7539    0    0    0     0       0          0\nvethcbb1c2f:  409633    5048    0    0    0     0          0         0 65649786    7591    0    0    0     0       0          0\n"}
{"timestamp":1767977205,"subsystem":"/proc/diskstats","measurement":"   7       0 loop0 11 0 28 0 0 0 0 0 0 0 0 0 0 0 0 0 0\n   7       1 loop1 0 0 0 0 0 0 0 0 0 0 0 0 0 0 0 0 0\n   7       2 loop2 0 0 0 0 0 0 0 0 0 0 0 0 0 0 0 0 0\n   7       3 loop3 0 0 0 0 0 0 0 0 0 0 0 0 0 0 0 0 0\n   7       4 loop4 0 0 0 0 0 0 0 0 0 0 0 0 0 0 0 0 0\n   7       5 loop5 0 0 0 0 0 0 0 0 0 0 0 0 0 0 0 0 0\n   7       6 loop6 0 0 0 0 0 0 0 0 0 0 0 0 0 0 0 0 0\n   7       7 loop7 0 0 0 0 0 0 0 0 0 0 0 0 0 0 0 0 0\n   8      16 sdb 322 0 20650 54 691 1090 1319960 7280 0 1940 7336 17 16 67104776 2 0 0\n   8      17 sdb1 263 0 18202 45 691 1090 1319960 7280 0 1973 7328 17 16 67104776 2 0 0\n   8       0 sda 15912 3541 1543587 26243 171345 82522 67206436 6701262 0 271325 6876153 6660 1788 147776840 26482 5706 122164\n   8       1 sda1 15353 2841 1509991 26110 171053 82499 67206160 6696164 0 312163 6748748 6657 1787 147764552 26473 0 0\n   8      14 sda14 127 0 1264 26 0 0 0 0 0 26 26 0 0 0 0 0 0\n   8      15 sda15 205 666 18510 52 2 0 2 0 0 38 53 0 0 0 0 0 0\n 259       0 sda16 179 34 11854 41 290 23 274 5096 0 6559 5147 3 1 12288 9 0 0\n"}
{"timestamp":1767977205,"subsystem":"statfs[*]","measurement":"{\"mount_point\":\"/\",\"block_size\":4096,\"blocks_total\":7344928,\"blocks_free\":6449598,\"blocks_available\":6445502}\n{\"mount_point\":\"/boot\",\"block_size\":4096,\"blocks_total\":225380,\"blocks_free\":209465,\"blocks_available\":193683}\n{\"mount_point\":\"/boot/efi\",\"block_size\":512,\"blocks_total\":213663,\"blocks_free\":201164,\"blocks_available\":201164}\n{\"mount_point\":\"/mnt\",\"block_size\":4096,\"blocks_total\":8211396,\"blocks_free\":8211389,\"blocks_available\":7787889}\n"}
{"timestamp":1767977210,"subsystem":"/proc/stat","measurement":"cpu  215746 457 31833 37316737 33278 0 620 0 0 0\ncpu0 53150 51 7194 9329865 8998 0 206 0 0 0\ncpu1 54827 149 7197 9328749 8885 0 188 0 0 0\ncpu2 53916 164 8634 9328273 8382 0 125 0 0 0\ncpu3 53852 92 8807 9329848 7012 0 100 0 0 0\nintr 16391926 0 0 0 0 2339 0 0 0 0 0 0 0 0 0 0 0 0 0 0 0 0 0 0 0 0 0 0 0 0 0 0 0 0 0 0 0 0 0 0 0 0 0 0 0 0 0 0 0 0 0 0 0 0 0 0 0 0 0 0 0 0 0 0 0 0 0 0 0 0 0 0 0 0 0 0 0 0 0 0 0 0 0 0 0 0 0 0 0 0 0 0 0 0 0 0 0 0 0 0 0 0 0 0 0 0 0 0 0 0 0 0 0 0 0 0 0 0 0 0 0 0 0 0 0 0 0 0 0 0 0 0 0 0 0 0 0 0 0 0 0 0 0 0 0 0 0 0 0 0 0 0 0 0 0 0 0 0 0 0 0 0 0 0 0 0 0 0 0 0 0 0 0 0 0 0 0 0 0 0 0 0 0 0 0 0 0 0 0 0 0 0 0 0 0 0 0 0 0 0 0 0 0 0 0 0 0 0 0 0 0 0 0 0 0 0 0 0 0 0 0 0 0 0 0 0 0 0 0 0 0 0 0 0 0 0 0 0 0 0 0 0 0 0 0 0 0 0 0 0 0 0 0 0 0 0 0 0 0 0 0 0 0 0 0 0 0 0 0 0 0 0 0 0 0 0 0 0 0 0 0 0 0 0 0 0 0 0 0 0 0 0 0 0 0 0 0 0 0 0 0 0 0 0 0 0 0 0 0 0 0 0 0 0 0 0 0 0 0 0 0 0 0 0 0 0 0 0 0 0 0 0 0 0 0 0 0 0 0 0 0 0 0 0 0 0 0 0 0 0 0 0 0 0 0 0 0 0 0 0 0 0 0 0 0 0 0 0 0 0 0 0 0 0 0 0 0 0 0 0 0 0 0 0 0 0 0 0 0 0 0 0 0 0 0 0 0 0 0 0 0 0 0 0 0 0 0 0 0 0 0 0 0 0 0 0 0 0 0 0 0 0 0 0 0 0 0 0 0 0 0 0 0 0 0 0 0 0 0 0 0 0 0 0 0 0 0 0 0 0 0 0 0 0 0 0 0\nctxt 13317590\nbtime 1767883122\nprocesses 46583\nprocs_running 2\nprocs_blocked 0\nsoftirq 10778811 0 3820760 3 642548 11 0 781344 4523009 120 1011016\n"}
{"timestamp":1767977210,"subsystem":"/proc/meminfo","measurement":"MemTotal:       16327188 kB\nMemFree:        13795292 kB\nMemAvailable:   15530252 kB\nBuffers:           74224 kB\nCached:          1856016 kB\nSwapCached:            0 kB\nActive:           609652 kB\nInactive:        1519668 kB\nActive(anon):     212216 kB\nInactive(anon):        0 kB\nActive(file):     397436 kB\nInactive(file):  1519668 kB\nUnevictable:       30368 kB\nMlocked:           27296 kB\nSwapTotal:             0 kB\nSwapFree:              0 kB\nZswap:                 0 kB\nZswapped:              0 kB\nDirty:               184 kB\nWriteback:             4 kB\nAnonPages:        228540 kB\nMapped:           195288 kB\nShmem:              4404 kB\nKReclaimable:     158440 kB\nSlab:             248420 kB\nSReclaimable:     158440 kB\nSUnreclaim:        89980 kB\nKernelStack:        3840 kB\nPageTables:         4624 kB\nSecPageTables:         0 kB\nNFS_Unstable:          0 kB\nBounce:                0 kB\nWritebackTmp:          0 kB\nCommitLimit:     8163592 kB\nCommitted_AS:    1062568 kB\nVmallocTotal:   34359738367 kB\nVmallocUsed:       31144 kB\nVmallocChunk:          0 kB\nPercpu:             3408 kB\nHardwareCorrupted:     0 kB\nAnonHugePages:    100352 kB\nShmemHugePages:        0 kB\nShmemPmdMapped:        0 kB\nFileHugePages:         0 kB\nFilePmdMapped:         0 kB\nUnaccepted:            0 kB\nHugePages_Total:       0\nHugePages_Free:        0\nHugePages_Rsvd:        0\nHugePages_Surp:        0\nHugepagesize:       2048 kB\nHugetlb:               0 kB\nDirectMap4k:      109736 kB\nDirectMap2M:     2983936 kB\nDirectMap1G:    15728640 kB\n"}
{"timestamp":1767977210,"subsystem":"/proc/net/dev","measurement":"Inter-|   Receive                                                |  Transmit\n face |bytes    packets errs drop fifo frame compressed multicast|bytes    packets errs drop fifo colls carrier compressed\n    lo:   30394     204    0    0    0     0          0         0    30394     204    0    0    0     0       0          0\n  eth0: 334542608  516046    0    0    0     0          0         0 115067711  413093    0    0    0     0       0          0\ndocker0: 1056837   15854    0    0    0     0          0         0 197873275   23348    0    2    0     0       0          0\nvethf098dbd:  463457    5832    0    0    0     0          0         0 66075572    8367    0    0    0     0       0          0\nveth5046f66:  405703    4974    0    0    0     0          0         0 66158319    7539    0    0    0     0       0          0\nvethcbb1c2f:  409633    5048    0    0    0     0          0         0 65649786    7591    0    0    0     0       0          0\n"}
{"timestamp":1767977210,"subsystem":"/proc/diskstats","measurement":"   7       0 loop0 11 0 28 0 0 0 0 0 0 0 0 0 0 0 0 0 0\n   7       1 loop1 0 0 0 0 0 0 0 0 0 0 0 0 0 0 0 0 0\n   7       2 loop2 0 0 0 0 0 0 0 0 0 0 0 0 0 0 0 0 0\n   7       3 loop3 0 0 0 0 0 0 0 0 0 0 0 0 0 0 0 0 0\n   7       4 loop4 0 0 0 0 0 0 0 0 0 0 0 0 0 0 0 0 0\n   7       5 loop5 0 0 0 0 0 0 0 0 0 0 0 0 0 0 0 0 0\n   7       6 loop6 0 0 0 0 0 0 0 0 0 0 0 0 0 0 0 0 0\n   7       7 loop7 0 0 0 0 0 0 0 0 0 0 0 0 0 0 0 0 0\n   8      16 sdb 322 0 20650 54 691 1090 1319960 7280 0 1940 7336 17 16 67104776 2 0 0\n   8      17 sdb1 263 0 18202 45 691 1090 1319960 7280 0 1973 7328 17 16 67104776 2 0 0\n   8       0 sda 15912 3541 1543587 26243 171346 82522 67206444 6701262 0 271325 6876154 6660 1788 147776840 26482 5706 122164\n   8       1 sda1 15353 2841 1509991 26110 171054 82499 67206168 6696164 0 312163 6748748 6657 1787 147764552 26473 0 0\n   8      14 sda14 127 0 1264 26 0 0 0 0 0 26 26 0 0 0 0 0 0\n   8      15 sda15 205 666 18510 52 2 0 2 0 0 38 53 0 0 0 0 0 0\n 259       0 sda16 179 34 11854 41 290 23 274 5096 0 6559 5147 3 1 12288 9 0 0\n"}
{"timestamp":1767977210,"subsystem":"statfs[*]","measurement":"{\"mount_point\":\"/\",\"block_size\":4096,\"blocks_total\":7344928,\"blocks_free\":6449596,\"blocks_available\":6445500}\n{\"mount_point\":\"/boot\",\"block_size\":4096,\"blocks_total\":225380,\"blocks_free\":209465,\"blocks_available\":193683}\n{\"mount_point\":\"/boot/efi\",\"block_size\":512,\"blocks_total\":213663,\"blocks_free\":201164,\"blocks_available\":201164}\n{\"mount_point\":\"/mnt\",\"block_size\":4096,\"blocks_total\":8211396,\"blocks_free\":8211389,\"blocks_available\":7787889}\n"}
{"timestamp":1767977215,"subsystem":"/proc/stat","measurement":"cpu  215747 457 31834 37318733 33278 0 620 0 0 0\ncpu0 53150 51 7195 9330364 8998 0 206 0 0 0\ncpu1 54827 149 7197 9329249 8885 0 188 0 0 0\ncpu2 53916 164 8634 9328772 8382 0 125 0 0 0\ncpu3 53852 92 8807 9330347 7012 0 100 0 0 0\nintr 16392677 0 0 0 0 2339 0 0 0 0 0 0 0 0 0 0 0 0 0 0 0 0 0 0 0 0 0 0 0 0 0 0 0 0 0 0 0 0 0 0 0 0 0 0 0 0 0 0 0 0 0 0 0 0 0 0 0 0 0 0 0 0 0 0 0 0 0 0 0 0 0 0 0 0 0 0 0 0 0 0 0 0 0 0 0 0 0 0 0 0 0 0 0 0 0 0 0 0 0 0 0 0 0 0 0 0 0 0 0 0 0 0 0 0 0 0 0 0 0 0 0 0 0 0 0 0 0 0 0 0 0 0 0 0 0 0 0 0 0 0 0 0 0 0 0 0 0 0 0 0 0 0 0 0 0 0 0 0 0 0 0 0 0 0 0 0 0 0 0 0 0 0 0 0 0 0 0 0 0 0 0 0 0 0 0 0 0 0 0 0 0 0 0 0 0 0 0 0 0 0 0 0 0 0 0 0 0 0 0 0 0 0 0 0 0 0 0 0 0 0 0 0 0 0 0 0 0 0 0 0 0 0 0 0 0 0 0 0 0 0 0 0 0 0 0 0 0 0 0 0 0 0 0 0 0 0 0 0 0 0 0 0 0 0 0 0 0 0 0 0 0 0 0 0 0 0 0 0 0 0 0 0 0 0 0 0 0 0 0 0 0 0 0 0 0 0 0 0 0 0 0 0 0 0 0 0 0 0 0 0 0 0 0 0 0 0 0 0 0 0 0 0 0 0 0 0 0 0 0 0 0 0 0 0 0 0 0 0 0 0 0 0 0 0 0 0 0 0 0 0 0 0 0 0 0 0 0 0 0 0 0 0 0 0 0 0 0 0 0 0 0 0 0 0 0 0 0 0 0 0 0 0 0 0 0 0 0 0 0 0 0 0 0 0 0 0 0 0 0 0 0 0 0 0 0 0 0 0 0 0 0 0 0 0 0 0 0 0 0 0 0 0 0 0 0 0 0 0 0 0 0 0 0 0 0 0 0 0 0 0 0 0 0 0 0 0 0 0 0 0 0 0 0 0 0 0 0\nctxt 13318407\nbtime 1767883122\nprocesses 46586\nprocs_running 2\nprocs_blocked 0\nsoftirq 10779259 0 3820939 3 642548 11 0 781348 4523223 120 1011067\n"}
{"timestamp":1767977215,"subsystem":"/proc/meminfo","measurement":"MemTotal:       16327188 kB\nMemFree:        13795292 kB\nMemAvailable:   15530252 kB\nBuffers:           74224 kB\nCached:          1856020 kB\nSwapCached:            0 kB\nActive:           609652 kB\nInactive:        1519668 kB\nActive(anon):     212216 kB\nInactive(anon):        0 kB\nActive(file):     397436 kB\nInactive(file):  1519668 kB\nUnevictable:       30368 kB\nMlocked:           27296 kB\nSwapTotal:             0 kB\nSwapFree:              0 kB\nZswap:                 0 kB\nZswapped:              0 kB\nDirty:               188 kB\nWriteback:             0 kB\nAnonPages:        228548 kB\nMapped:           195288 kB\nShmem:              4404 kB\nKReclaimable:     158440 kB\nSlab:             248420 kB\nSReclaimable:     158440 kB\nSUnreclaim:        89980 kB\nKernelStack:        3840 kB\nPageTables:         4624 kB\nSecPageTables:         0 kB\nNFS_Unstable:          0 kB\nBounce:                0 kB\nWritebackTmp:          0 kB\nCommitLimit:     8163592 kB\nCommitted_AS:    1062568 kB\nVmallocTotal:   34359738367 kB\nVmallocUsed:       31128 kB\nVmallocChunk:          0 kB\nPercpu:             3408 kB\nHardwareCorrupted:     0 kB\nAnonHugePages:    100352 kB\nShmemHugePages:        0 kB\nShmemPmdMapped:        0 kB\nFileHugePages:         0 kB\nFilePmdMapped:         0 kB\nUnaccepted:            0 kB\nHugePages_Total:       0\nHugePages_Free:        0\nHugePages_Rsvd:        0\nHugePages_Surp:        0\nHugepagesize:       2048 kB\nHugetlb:               0 kB\nDirectMap4k:      109736 kB\nDirectMap2M:     2983936 kB\nDirectMap1G:    15728640 kB\n"}
{"timestamp":1767977215,"subsystem":"/proc/net/dev","measurement":"Inter-|   Receive                                                |  Transmit\n face |bytes    packets errs drop fifo frame compressed multicast|bytes    packets errs drop fifo colls carrier compressed\n    lo:   30394     204    0    0    0     0          0         0    30394     204    0    0    0     0       0          0\n  eth0: 334542608  516046    0    0    0     0          0         0 115067711  413093    0    0    0     0       0          0\ndocker0: 1056837   15854    0    0    0     0          0         0 197873275   23348    0    2    0     0       0          0\nvethf098dbd:  463457    5832    0    0    0     0          0         0 66075572    8367    0    0    0     0       0          0\nveth5046f66:  405703    4974    0    0    0     0          0         0 66158319    7539    0    0    0     0       0          0\nvethcbb1c2f:  409633    5048    0    0    0     0          0         0 65649786    7591    0    0    0     0       0          0\n"}
{"timestamp":1767977215,"subsystem":"/proc/diskstats","measurement":"   7       0 loop0 11 0 28 0 0 0 0 0 0 0 0 0 0 0 0 0 0\n   7       1 loop1 0 0 0 0 0 0 0 0 0 0 0 0 0 0 0 0 0\n   7       2 loop2 0 0 0 0 0 0 0 0 0 0 0 0 0 0 0 0 0\n   7       3 loop3 0 0 0 0 0 0 0 0 0 0 0 0 0 0 0 0 0\n   7       4 loop4 0 0 0 0 0 0 0 0 0 0 0 0 0 0 0 0 0\n   7       5 loop5 0 0 0 0 0 0 0 0 0 0 0 0 0 0 0 0 0\n   7       6 loop6 0 0 0 0 0 0 0 0 0 0 0 0 0 0 0 0 0\n   7       7 loop7 0 0 0 0 0 0 0 0 0 0 0 0 0 0 0 0 0\n   8      16 sdb 322 0 20650 54 691 1090 1319960 7280 0 1940 7336 17 16 67104776 2 0 0\n   8      17 sdb1 263 0 18202 45 691 1090 1319960 7280 0 1973 7328 17 16 67104776 2 0 0\n   8       0 sda 15912 3541 1543587 26243 171346 82522 67206444 6701262 0 271325 6876154 6660 1788 147776840 26482 5706 122164\n   8       1 sda1 15353 2841 1509991 26110 171054 82499 67206168 6696164 0 312163 6748748 6657 1787 147764552 26473 0 0\n   8      14 sda14 127 0 1264 26 0 0 0 0 0 26 26 0 0 0 0 0 0\n   8      15 sda15 205 666 18510 52 2 0 2 0 0 38 53 0 0 0 0 0 0\n 259       0 sda16 179 34 11854 41 290 23 274 5096 0 6559 5147 3 1 12288 9 0 0\n"}
{"timestamp":1767977215,"subsystem":"statfs[*]","measurement":"{\"mount_point\":\"/\",\"block_size\":4096,\"blocks_total\":7344928,\"blocks_free\":6449595,\"blocks_available\":6445499}\n{\"mount_point\":\"/boot\",\"block_size\":4096,\"blocks_total\":225380,\"blocks_free\":209465,\"blocks_available\":193683}\n{\"mount_point\":\"/boot/efi\",\"block_size\":512,\"blocks_total\":213663,\"blocks_free\":201164,\"blocks_available\":201164}\n{\"mount_point\":\"/mnt\",\"block_size\":4096,\"blocks_total\":8211396,\"blocks_free\":8211389,\"blocks_available\":7787889}\n"}
{"timestamp":1767977220,"subsystem":"/proc/stat","measurement":"cpu  215748 457 31835 37320729 33278 0 620 0 0 0\ncpu0 53151 51 7195 9330862 8998 0 206 0 0 0\ncpu1 54827 149 7197 9329748 8885 0 188 0 0 0\ncpu2 53916 164 8635 9329271 8382 0 125 0 0 0\ncpu3 53853 92 8807 9330847 7012 0 100 0 0 0\nintr 16393508 0 0 0 0 2339 0 0 0 0 0 0 0 0 0 0 0 0 0 0 0 0 0 0 0 0 0 0 0 0 0 0 0 0 0 0 0 0 0 0 0 0 0 0 0 0 0 0 0 0 0 0 0 0 0 0 0 0 0 0 0 0 0 0 0 0 0 0 0 0 0 0 0 0 0 0 0 0 0 0 0 0 0 0 0 0 0 0 0 0 0 0 0 0 0 0 0 0 0 0 0 0 0 0 0 0 0 0 0 0 0 0 0 0 0 0 0 0 0 0 0 0 0 0 0 0 0 0 0 0 0 0 0 0 0 0 0 0 0 0 0 0 0 0 0 0 0 0 0 0 0 0 0 0 0 0 0 0 0 0 0 0 0 0 0 0 0 0 0 0 0 0 0 0 0 0 0 0 0 0 0 0 0 0 0 0 0 0 0 0 0 0 0 0 0 0 0 0 0 0 0 0 0 0 0 0 0 0 0 0 0 0 0 0 0 0 0 0 0 0 0 0 0 0 0 0 0 0 0 0 0 0 0 0 0 0 0 0 0 0 0 0 0 0 0 0 0 0 0 0 0 0 0 0 0 0 0 0 0 0 0 0 0 0 0 0 0 0 0 0 0 0 0 0 0 0 0 0 0 0 0 0 0 0 0 0 0 0 0 0 0 0 0 0 0 0 0 0 0 0 0 0 0 0 0 0 0 0 0 0 0 0 0 0 0 0 0 0 0 0 0 0 0 0 0 0 0 0 0 0 0 0 0 0 0 0 0 0 0 0 0 0 0 0 0 0 0 0 0 0 0 0 0 0 0 0 0 0 0 0 0 0 0 0 0 0 0 0 0 0 0 0 0 0 0 0 0 0 0 0 0 0 0 0 0 0 0 0 0 0 0 0 0 0 0 0 0 0 0 0 0 0 0 0 0 0 0 0 0 0 0 0 0 0 0 0 0 0 0 0 0 0 0 0 0 0 0 0 0 0 0 0 0 0 0 0 0 0 0 0 0 0 0 0 0 0 0 0 0 0 0 0 0 0 0 0 0\nctxt 13319248\nbtime 1767883122\nprocesses 46589\nprocs_running 2\nprocs_blocked 0\nsoftirq 10779797 0 3821137 3 642578 11 0 781352 4523449 120 1011147\n"}
{"timestamp":1767977220,"subsystem":"/proc/meminfo","measurement":"MemTotal:       16327188 kB\nMemFree:        13794536 kB\nMemAvailable:   15529504 kB\nBuffers:           74224 kB\nCached:          1856024 kB\nSwapCached:            0 kB\nActive:           609672 kB\nInactive:        1519676 kB\nActive(anon):     212236 kB\nInactive(anon):        0 kB\nActive(file):     397436 kB\nInactive(file):  1519676 kB\nUnevictable:       30368 kB\nMlocked:           27296 kB\nSwapTotal:             0 kB\nSwapFree:              0 kB\nZswap:                 0 kB\nZswapped:              0 kB\nDirty:               192 kB\nWriteback:             0 kB\nAnonPages:        228564 kB\nMapped:           195288 kB\nShmem:              4404 kB\nKReclaimable:     158440 kB\nSlab:             248420 kB\nSReclaimable:     158440 kB\nSUnreclaim:        89980 kB\nKernelStack:        3840 kB\nPageTables:         4624 kB\nSecPageTables:         0 kB\nNFS_Unstable:          0 kB\nBounce:                0 kB\nWritebackTmp:          0 kB\nCommitLimit:     8163592 kB\nCommitted_AS:    1062572 kB\nVmallocTotal:   34359738367 kB\nVmallocUsed:       31144 kB\nVmallocChunk:          0 kB\nPercpu:             3408 kB\nHardwareCorrupted:     0 kB\nAnonHugePages:    100352 kB\nShmemHugePages:        0 kB\nShmemPmdMapped:        0 kB\nFileHugePages:         0 kB\nFilePmdMapped:         0 kB\nUnaccepted:            0 kB\nHugePages_Total:       0\nHugePages_Free:        0\nHugePages_Rsvd:        0\nHugePages_Surp:        0\nHugepagesize:       2048 kB\nHugetlb:               0 kB\nDirectMap4k:      109736 kB\nDirectMap2M:     2983936 kB\nDirectMap1G:    15728640 kB\n"}
{"timestamp":1767977220,"subsystem":"/proc/net/dev","measurement":"Inter-|   Receive                                                |  Transmit\n face |bytes    packets errs drop fifo frame compressed multicast|bytes    packets errs drop fifo colls carrier compressed\n    lo:   30394     204    0    0    0     0          0         0    30394     204    0    0    0     0       0          0\n  eth0: 334546404  516061    0    0    0     0          0         0 115072949  413112    0    0    0     0       0          0\ndocker0: 1056837   15854    0    0    0     0          0         0 197873275   23348    0    2    0     0       0          0\nvethf098dbd:  463457    5832    0    0    0     0          0         0 66075572    8367    0    0    0     0       0          0\nveth5046f66:  405703    4974    0    0    0     0          0         0 66158319    7539    0    0    0     0       0          0\nvethcbb1c2f:  409633    5048    0    0    0     0          0         0 65649786    7591    0    0    0     0       0          0\n"}
{"timestamp":1767977220,"subsystem":"/proc/diskstats","measurement":"   7       0 loop0 11 0 28 0 0 0 0 0 0 0 0 0 0 0 0 0 0\n   7       1 loop1 0 0 0 0 0 0 0 0 0 0 0 0 0 0 0 0 0\n   7       2 loop2 0 0 0 0 0 0 0 0 0 0 0 0 0 0 0 0 0\n   7       3 loop3 0 0 0 0 0 0 0 0 0 0 0 0 0 0 0 0 0\n   7       4 loop4 0 0 0 0 0 0 0 0 0 0 0 0 0 0 0 0 0\n   7       5 loop5 0 0 0 0 0 0 0 0 0 0 0 0 0 0 0 0 0\n   7       6 loop6 0 0 0 0 0 0 0 0 0 0 0 0 0 0 0 0 0\n   7       7 loop7 0 0 0 0 0 0 0 0 0 0 0 0 0 0 0 0 0\n   8      16 sdb 322 0 20650 54 691 1090 1319960 7280 0 1940 7336 17 16 67104776 2 0 0\n   8      17 sdb1 263 0 18202 45 691 1090 1319960 7280 0 1973 7328 17 16 67104776 2 0 0\n   8       0 sda 15912 3541 1543587 26243 171347 82522 67206452 6701262 0 271325 6876154 6660 1788 147776840 26482 5706 122164\n   8       1 sda1 15353 2841 1509991 26110 171055 82499 67206176 6696165 0 312163 6748749 6657 1787 147764552 26473 0 0\n   8      14 sda14 127 0 1264 26 0 0 0 0 0 26 26 0 0 0 0 0 0\n   8      15 sda15 205 666 18510 52 2 0 2 0 0 38 53 0 0 0 0 0 0\n 259       0 sda16 179 34 11854 41 290 23 274 5096 0 6559 5147 3 1 12288 9 0 0\n"}
{"timestamp":1767977220,"subsystem":"statfs[*]","measurement":"{\"mount_point\":\"/\",\"block_size\":4096,\"blocks_total\":7344928,\"blocks_free\":6449594,\"blocks_available\":6445498}\n{\"mount_point\":\"/boot\",\"block_size\":4096,\"blocks_total\":225380,\"blocks_free\":209465,\"blocks_available\":193683}\n{\"mount_point\":\"/boot/efi\",\"block_size\":512,\"blocks_total\":213663,\"blocks_free\":201164,\"blocks_available\":201164}\n{\"mount_point\":\"/mnt\",\"block_size\":4096,\"blocks_total\":8211396,\"blocks_free\":8211389,\"blocks_available\":7787889}\n"}
{"timestamp":1767977225,"subsystem":"/proc/stat","measurement":"cpu  215749 457 31836 37322722 33278 0 620 0 0 0\ncpu0 53151 51 7196 9331360 8998 0 206 0 0 0\ncpu1 54827 149 7197 9330247 8885 0 188 0 0 0\ncpu2 53916 164 8635 9329768 8382 0 125 0 0 0\ncpu3 53853 92 8807 9331345 7012 0 100 0 0 0\nintr 16394385 0 0 0 0 2339 0 0 0 0 0 0 0 0 0 0 0 0 0 0 0 0 0 0 0 0 0 0 0 0 0 0 0 0 0 0 0 0 0 0 0 0 0 0 0 0 0 0 0 0 0 0 0 0 0 0 0 0 0 0 0 0 0 0 0 0 0 0 0 0 0 0 0 0 0 0 0 0 0 0 0 0 0 0 0 0 0 0 0 0 0 0 0 0 0 0 0 0 0 0 0 0 0 0 0 0 0 0 0 0 0 0 0 0 0 0 0 0 0 0 0 0 0 0 0 0 0 0 0 0 0 0 0 0 0 0 0 0 0 0 0 0 0 0 0 0 0 0 0 0 0 0 0 0 0 0 0 0 0 0 0 0 0 0 0 0 0 0 0 0 0 0 0 0 0 0 0 0 0 0 0 0 0 0 0 0 0 0 0 0 0 0 0 0 0 0 0 0 0 0 0 0 0 0 0 0 0 0 0 0 0 0 0 0 0 0 0 0 0 0 0 0 0 0 0 0 0 0 0 0 0 0 0 0 0 0 0 0 0 0 0 0 0 0 0 0 0 0 0 0 0 0 0 0 0 0 0 0 0 0 0 0 0 0 0 0 0 0 0 0 0 0 0 0 0 0 0 0 0 0 0 0 0 0 0 0 0 0 0 0 0 0 0 0 0 0 0 0 0 0 0 0 0 0 0 0 0 0 0 0 0 0 0 0 0 0 0 0 0 0 0 0 0 0 0 0 0 0 0 0 0 0 0 0 0 0 0 0 0 0 0 0 0 0 0 0 0 0 0 0 0 0 0 0 0 0 0 0 0 0 0 0 0 0 0 0 0 0 0 0 0 0 0 0 0 0 0 0 0 0 0 0 0 0 0 0 0 0 0 0 0 0 0 0 0 0 0 0 0 0 0 0 0 0 0 0 0 0 0 0 0 0 0 0 0 0 0 0 0 0 0 0 0 0 0 0 0 0 0 0 0 0 0 0 0 0 0 0 0 0 0 0 0 0 0 0 0 0 0 0 0 0 0 0 0 0 0\nctxt 13320113\nbtime 1767883122\nprocesses 46592\nprocs_running 2\nprocs_blocked 0\nsoftirq 10780346 0 3821346 3 642606 11 0 781368 4523693 120 1011199\n"}
{"timestamp":1767977225,"subsystem":"/proc/meminfo","measurement":"MemTotal:       16327188 kB\nMemFree:        13794536 kB\nMemAvailable:   15529504 kB\nBuffers:           74224 kB\nCached:          1856032 kB\nSwapCached:            0 kB\nActive:           609680 kB\nInactive:        1519676 kB\nActive(anon):     212244 kB\nInactive(anon):        0 kB\nActive(file):     397436 kB\nInactive(file):  1519676 kB\nUnevictable:       30368 kB\nMlocked:           27296 kB\nSwapTotal:             0 kB\nSwapFree:              0 kB\nZswap:                 0 kB\nZswapped:              0 kB\nDirty:                40 kB\nWriteback:             0 kB\nAnonPages:        228572 kB\nMapped:           195288 kB\nShmem:              4404 kB\nKReclaimable:     158440 kB\nSlab:             248424 kB\nSReclaimable:     158440 kB\nSUnreclaim:        89984 kB\nKernelStack:        3840 kB\nPageTables:         4624 kB\nSecPageTables:         0 kB\nNFS_Unstable:          0 kB\nBounce:                0 kB\nWritebackTmp:          0 kB\nCommitLimit:     8163592 kB\nCommitted_AS:    1062572 kB\nVmallocTotal:   34359738367 kB\nVmallocUsed:       31160 kB\nVmallocChunk:          0 kB\nPercpu:             3408 kB\nHardwareCorrupted:     0 kB\nAnonHugePages:    100352 kB\nShmemHugePages:        0 kB\nShmemPmdMapped:        0 kB\nFileHugePages:         0 kB\nFilePmdMapped:         0 kB\nUnaccepted:            0 kB\nHugePages_Total:       0\nHugePages_Free:        0\nHugePages_Rsvd:        0\nHugePages_Surp:        0\nHugepagesize:       2048 kB\nHugetlb:               0 kB\nDirectMap4k:      109736 kB\nDirectMap2M:     2983936 kB\nDirectMap1G:    15728640 kB\n"}
{"timestamp":1767977225,"subsystem":"/proc/net/dev","measurement":"Inter-|   Receive                                                |  Transmit\n face |bytes    packets errs drop fifo frame compressed multicast|bytes    packets errs drop fifo colls carrier compressed\n    lo:   30394     204    0    0    0     0          0         0    30394     204    0    0    0     0       0          0\n  eth0: 334550200  516076    0    0    0     0          0         0 115078187  413131    0    0    0     0       0          0\ndocker0: 1056837   15854    0    0    0     0          0         0 197873275   23348    0    2    0     0       0          0\nvethf098dbd:  463457    5832    0    0    0     0          0         0 66075572    8367    0    0    0     0       0          0\nveth5046f66:  405703    4974    0    0    0     0          0         0 66158319    7539    0    0    0     0       0          0\nvethcbb1c2f:  409633    5048    0    0    0     0          0         0 65649786    7591    0    0    0     0       0          0\n"}
{"timestamp":1767977225,"subsystem":"/proc/diskstats","measurement":"   7       0 loop0 11 0 28 0 0 0 0 0 0 0 0 0 0 0 0 0 0\n   7       1 loop1 0 0 0 0 0 0 0 0 0 0 0 0 0 0 0 0 0\n   7       2 loop2 0 0 0 0 0 0 0 0 0 0 0 0 0 0 0 0 0\n   7       3 loop3 0 0 0 0 0 0 0 0 0 0 0 0 0 0 0 0 0\n   7       4 loop4 0 0 0 0 0 0 0 0 0 0 0 0 0 0 0 0 0\n   7       5 loop5 0 0 0 0 0 0 0 0 0 0 0 0 0 0 0 0 0\n   7       6 loop6 0 0 0 0 0 0 0 0 0 0 0 0 0 0 0 0 0\n   7       7 loop7 0 0 0 0 0 0 0 0 0 0 0 0 0 0 0 0 0\n   8      16 sdb 322 0 20650 54 691 1090 1319960 7280 0 1940 7336 17 16 67104776 2 0 0\n   8      17 sdb1 263 0 18202 45 691 1090 1319960 7280 0 1973 7328 17 16 67104776 2 0 0\n   8       0 sda 15912 3541 1543587 26243 171383 82523 67206780 6701273 0 271327 6876165 6660 1788 147776840 26482 5706 122164\n   8       1 sda1 15353 2841 1509991 26110 171091 82500 67206504 6696176 0 312165 6748760 6657 1787 147764552 26473 0 0\n   8      14 sda14 127 0 1264 26 0 0 0 0 0 26 26 0 0 0 0 0 0\n   8      15 sda15 205 666 18510 52 2 0 2 0 0 38 53 0 0 0 0 0 0\n 259       0 sda16 179 34 11854 41 290 23 274 5096 0 6559 5147 3 1 12288 9 0 0\n"}
{"timestamp":1767977225,"subsystem":"statfs[*]","measurement":"{\"mount_point\":\"/\",\"block_size\":4096,\"blocks_total\":7344928,\"blocks_free\":6449592,\"blocks_available\":6445496}\n{\"mount_point\":\"/boot\",\"block_size\":4096,\"blocks_total\":225380,\"blocks_free\":209465,\"blocks_available\":193683}\n{\"mount_point\":\"/boot/efi\",\"block_size\":512,\"blocks_total\":213663,\"blocks_free\":201164,\"blocks_available\":201164}\n{\"mount_point\":\"/mnt\",\"block_size\":4096,\"blocks_total\":8211396,\"blocks_free\":8211389,\"blocks_available\":7787889}\n"}
{"timestamp":1767977230,"subsystem":"/proc/stat","measurement":"cpu  215751 457 31837 37324717 33278 0 620 0 0 0\ncpu0 53152 51 7196 9331858 8998 0 206 0 0 0\ncpu1 54828 149 7197 9330746 8885 0 188 0 0 0\ncpu2 53916 164 8635 9330267 8382 0 125 0 0 0\ncpu3 53853 92 8807 9331844 7012 0 100 0 0 0\nintr 16395264 0 0 0 0 2339 0 0 0 0 0 0 0 0 0 0 0 0 0 0 0 0 0 0 0 0 0 0 0 0 0 0 0 0 0 0 0 0 0 0 0 0 0 0 0 0 0 0 0 0 0 0 0 0 0 0 0 0 0 0 0 0 0 0 0 0 0 0 0 0 0 0 0 0 0 0 0 0 0 0 0 0 0 0 0 0 0 0 0 0 0 0 0 0 0 0 0 0 0 0 0 0 0 0 0 0 0 0 0 0 0 0 0 0 0 0 0 0 0 0 0 0 0 0 0 0 0 0 0 0 0 0 0 0 0 0 0 0 0 0 0 0 0 0 0 0 0 0 0 0 0 0 0 0 0 0 0 0 0 0 0 0 0 0 0 0 0 0 0 0 0 0 0 0 0 0 0 0 0 0 0 0 0 0 0 0 0 0 0 0 0 0 0 0 0 0 0 0 0 0 0 0 0 0 0 0 0 0 0 0 0 0 0 0 0 0 0 0 0 0 0 0 0 0 0 0 0 0 0 0 0 0 0 0 0 0 0 0 0 0 0 0 0 0 0 0 0 0 0 0 0 0 0 0 0 0 0 0 0 0 0 0 0 0 0 0 0 0 0 0 0 0 0 0 0 0 0 0 0 0 0 0 0 0 0 0 0 0 0 0 0 0 0 0 0 0 0 0 0 0 0 0 0 0 0 0 0 0 0 0 0 0 0 0 0 0 0 0 0 0 0 0 0 0 0 0 0 0 0 0 0 0 0 0 0 0 0 0 0 0 0 0 0 0 0 0 0 0 0 0 0 0 0 0 0 0 0 0 0 0 0 0 0 0 0 0 0 0 0 0 0 0 0 0 0 0 0 0 0 0 0 0 0 0 0 0 0 0 0 0 0 0 0 0 0 0 0 0 0 0 0 0 0 0 0 0 0 0 0 0 0 0 0 0 0 0 0 0 0 0 0 0 0 0 0 0 0 0 0 0 0 0 0 0 0 0 0 0 0 0 0 0 0 0 0 0 0 0 0 0 0 0 0 0 0 0 0\nctxt 13320901\nbtime 1767883122\nprocesses 46595\nprocs_running 1\nprocs_blocked 0\nsoftirq 10780992 0 3821565 3 642661 11 0 781374 4523957 120 1011301\n"}
{"timestamp":1767977230,"subsystem":"/proc/meminfo","measurement":"MemTotal:       16327188 kB\nMemFree:        13794536 kB\nMemAvailable:   15529516 kB\nBuffers:           74224 kB\nCached:          1856036 kB\nSwapCached:            0 kB\nActive:           609712 kB\nInactive:        1519688 kB\nActive(anon):     212276 kB\nInactive(anon):        0 kB\nActive(file):     397436 kB\nInactive(file):  1519688 kB\nUnevictable:       30368 kB\nMlocked:           27296 kB\nSwapTotal:             0 kB\nSwapFree:              0 kB\nZswap:                 0 kB\nZswapped:              0 kB\nDirty:                 0 kB\nWriteback:             0 kB\nAnonPages:        228616 kB\nMapped:           195288 kB\nShmem:              4404 kB\nKReclaimable:     158440 kB\nSlab:             248424 kB\nSReclaimable:     158440 kB\nSUnreclaim:        89984 kB\nKernelStack:        3840 kB\nPageTables:         4624 kB\nSecPageTables:         0 kB\nNFS_Unstable:          0 kB\nBounce:                0 kB\nWritebackTmp:          0 kB\nCommitLimit:     8163592 kB\nCommitted_AS:    1062580 kB\nVmallocTotal:   34359738367 kB\nVmallocUsed:       31144 kB\nVmallocChunk:          0 kB\nPercpu:             3408 kB\nHardwareCorrupted:     0 kB\nAnonHugePages:    100352 kB\nShmemHugePages:        0 kB\nShmemPmdMapped:        0 kB\nFileHugePages:         0 kB\nFilePmdMapped:         0 kB\nUnaccepted:            0 kB\nHugePages_Total:       0\nHugePages_Free:        0\nHugePages_Rsvd:        0\nHugePages_Surp:        0\nHugepagesize:       2048 kB\nHugetlb:               0 kB\nDirectMap4k:      109736 kB\nDirectMap2M:     2983936 kB\nDirectMap1G:    15728640 kB\n"}
{"timestamp":1767977230,"subsystem":"/proc/net/dev","measurement":"Inter-|   Receive                                                |  Transmit\n face |bytes    packets errs drop fifo frame compressed multicast|bytes    packets errs drop fifo colls carrier compressed\n    lo:   30394     204    0    0    0     0          0         0    30394     204    0    0    0     0       0          0\n  eth0: 334557809  516106    0    0    0     0          0         0 115085798  413169    0    0    0     0       0          0\ndocker0: 1056837   15854    0    0    0     0          0         0 197873275   23348    0    2    0     0       0          0\nvethf098dbd:  463457    5832    0    0    0     0          0         0 66075572    8367    0    0    0     0       0          0\nveth5046f66:  405703    4974    0    0    0     0          0         0 66158319    7539    0    0    0     0       0          0\nvethcbb1c2f:  409633    5048    0    0    0     0          0         0 65649786    7591    0    0    0     0       0          0\n"}
{"timestamp":1767977230,"subsystem":"/proc/diskstats","measurement":"   7       0 loop0 11 0 28 0 0 0 0 0 0 0 0 0 0 0 0 0 0\n   7       1 loop1 0 0 0 0 0 0 0 0 0 0 0 0 0 0 0 0 0\n   7       2 loop2 0 0 0 0 0 0 0 0 0 0 0 0 0 0 0 0 0\n   7       3 loop3 0 0 0 0 0 0 0 0 0 0 0 0 0 0 0 0 0\n   7       4 loop4 0 0 0 0 0 0 0 0 0 0 0 0 0 0 0 0 0\n   7       5 loop5 0 0 0 0 0 0 0 0 0 0 0 0 0 0 0 0 0\n   7       6 loop6 0 0 0 0 0 0 0 0 0 0 0 0 0 0 0 0 0\n   7       7 loop7 0 0 0 0 0 0 0 0 0 0 0 0 0 0 0 0 0\n   8      16 sdb 322 0 20650 54 691 1090 1319960 7280 0 1940 7336 17 16 67104776 2 0 0\n   8      17 sdb1 263 0 18202 45 691 1090 1319960 7280 0 1973 7328 17 16 67104776 2 0 0\n   8       0 sda 15912 3541 1543587 26243 171386 82523 67206876 6701274 0 271327 6876166 6660 1788 147776840 26482 5706 122164\n   8       1 sda1 15353 2841 1509991 26110 171094 82500 67206600 6696177 0 312165 6748761 6657 1787 147764552 26473 0 0\n   8      14 sda14 127 0 1264 26 0 0 0 0 0 26 26 0 0 0 0 0 0\n   8      15 sda15 205 666 18510 52 2 0 2 0 0 38 53 0 0 0 0 0 0\n 259       0 sda16 179 34 11854 41 290 23 274 5096 0 6559 5147 3 1 12288 9 0 0\n"}
{"timestamp":1767977230,"subsystem":"statfs[*]","measurement":"{\"mount_point\":\"/\",\"block_size\":4096,\"blocks_total\":7344928,\"blocks_free\":6449591,\"blocks_available\":6445495}\n{\"mount_point\":\"/boot\",\"block_size\":4096,\"blocks_total\":225380,\"blocks_free\":209465,\"blocks_available\":193683}\n{\"mount_point\":\"/boot/efi\",\"block_size\":512,\"blocks_total\":213663,\"blocks_free\":201164,\"blocks_available\":201164}\n{\"mount_point\":\"/mnt\",\"block_size\":4096,\"blocks_total\":8211396,\"blocks_free\":8211389,\"blocks_available\":7787889}\n"}
{"timestamp":1767977235,"subsystem":"/proc/stat","measurement":"cpu  215754 457 31839 37326709 33279 0 620 0 0 0\ncpu0 53153 51 7197 9332357 8999 0 206 0 0 0\ncpu1 54829 149 7198 9331243 8885 0 188 0 0 0\ncpu2 53917 164 8636 9330766 8382 0 125 0 0 0\ncpu3 53853 92 8808 9332342 7013 0 100 0 0 0\nintr 16396373 0 0 0 0 2339 0 0 0 0 0 0 0 0 0 0 0 0 0 0 0 0 0 0 0 0 0 0 0 0 0 0 0 0 0 0 0 0 0 0 0 0 0 0 0 0 0 0 0 0 0 0 0 0 0 0 0 0 0 0 0 0 0 0 0 0 0 0 0 0 0 0 0 0 0 0 0 0 0 0 0 0 0 0 0 0 0 0 0 0 0 0 0 0 0 0 0 0 0 0 0 0 0 0 0 0 0 0 0 0 0 0 0 0 0 0 0 0 0 0 0 0 0 0 0 0 0 0 0 0 0 0 0 0 0 0 0 0 0 0 0 0 0 0 0 0 0 0 0 0 0 0 0 0 0 0 0 0 0 0 0 0 0 0 0 0 0 0 0 0 0 0 0 0 0 0 0 0 0 0 0 0 0 0 0 0 0 0 0 0 0 0 0 0 0 0 0 0 0 0 0 0 0 0 0 0 0 0 0 0 0 0 0 0 0 0 0 0 0 0 0 0 0 0 0 0 0 0 0 0 0 0 0 0 0 0 0 0 0 0 0 0 0 0 0 0 0 0 0 0 0 0 0 0 0 0 0 0 0 0 0 0 0 0 0 0 0 0 0 0 0 0 0 0 0 0 0 0 0 0 0 0 0 0 0 0 0 0 0 0 0 0 0 0 0 0 0 0 0 0 0 0 0 0 0 0 0 0 0 0 0 0 0 0 0 0 0 0 0 0 0 0 0 0 0 0 0 0 0 0 0 0 0 0 0 0 0 0 0 0 0 0 0 0 0 0 0 0 0 0 0 0 0 0 0 0 0 0 0 0 0 0 0 0 0 0 0 0 0 0 0 0 0 0 0 0 0 0 0 0 0 0 0 0 0 0 0 0 0 0 0 0 0 0 0 0 0 0 0 0 0 0 0 0 0 0 0 0 0 0 0 0 0 0 0 0 0 0 0 0 0 0 0 0 0 0 0 0 0 0 0 0 0 0 0 0 0 0 0 0 0 0 0 0 0 0 0 0 0 0 0 0 0 0 0 0 0\nctxt 13321894\nbtime 1767883122\nprocesses 46600\nprocs_running 1\nprocs_blocked 0\nsoftirq 10781731 0 3821802 3 642710 11 0 781383 4524279 120 1011423\n"}
{"timestamp":1767977235,"subsystem":"/proc/meminfo","measurement":"MemTotal:       16327188 kB\nMemFree:        13792772 kB\nMemAvailable:   15527764 kB\nBuffers:           74232 kB\nCached:          1856044 kB\nSwapCached:            0 kB\nActive:           609736 kB\nInactive:        1519700 kB\nActive(anon):     212300 kB\nInactive(anon):        0 kB\nActive(file):     397436 kB\nInactive(file):  1519700 kB\nUnevictable:       30368 kB\nMlocked:           27296 kB\nSwapTotal:             0 kB\nSwapFree:              0 kB\nZswap:                 0 kB\nZswapped:              0 kB\nDirty:               196 kB\nWriteback:             0 kB\nAnonPages:        228592 kB\nMapped:           195292 kB\nShmem:              4404 kB\nKReclaimable:     158440 kB\nSlab:             248428 kB\nSReclaimable:     158440 kB\nSUnreclaim:        89988 kB\nKernelStack:        3840 kB\nPageTables:         4624 kB\nSecPageTables:         0 kB\nNFS_Unstable:          0 kB\nBounce:                0 kB\nWritebackTmp:          0 kB\nCommitLimit:     8163592 kB\nCommitted_AS:    1062580 kB\nVmallocTotal:   34359738367 kB\nVmallocUsed:       31160 kB\nVmallocChunk:          0 kB\nPercpu:             3408 kB\nHardwareCorrupted:     0 kB\nAnonHugePages:    100352 kB\nShmemHugePages:        0 kB\nShmemPmdMapped:        0 kB\nFileHugePages:         0 kB\nFilePmdMapped:         0 kB\nUnaccepted:            0 kB\nHugePages_Total:       0\nHugePages_Free:        0\nHugePages_Rsvd:        0\nHugePages_Surp:        0\nHugepagesize:       2048 kB\nHugetlb:               0 kB\nDirectMap4k:      109736 kB\nDirectMap2M:     2983936 kB\nDirectMap1G:    15728640 kB\n"}
{"timestamp":1767977235,"subsystem":"/proc/net/dev","measurement":"Inter-|   Receive                                                |  Transmit\n face |bytes    packets errs drop fifo frame compressed multicast|bytes    packets errs drop fifo colls carrier compressed\n    lo:   30394     204    0    0    0     0          0         0    30394     204    0    0    0     0       0          0\n  eth0: 334563607  516132    0    0    0     0          0         0 115094265  413199    0    0    0     0       0          0\ndocker0: 1056837   15854    0    0    0     0          0         0 197873275   23348    0    2    0     0       0          0\nvethf098dbd:  463457    5832    0    0    0     0          0         0 66075572    8367    0    0    0     0       0          0\nveth5046f66:  405703    4974    0    0    0     0          0         0 66158319    7539    0    0    0     0       0          0\nvethcbb1c2f:  409633    5048    0    0    0     0          0         0 65649786    7591    0    0    0     0       0          0\n"}
{"timestamp":1767977235,"subsystem":"/proc/diskstats","measurement":"   7       0 loop0 11 0 28 0 0 0 0 0 0 0 0 0 0 0 0 0 0\n   7       1 loop1 0 0 0 0 0 0 0 0 0 0 0 0 0 0 0 0 0\n   7       2 loop2 0 0 0 0 0 0 0 0 0 0 0 0 0 0 0 0 0\n   7       3 loop3 0 0 0 0 0 0 0 0 0 0 0 0 0 0 0 0 0\n   7       4 loop4 0 0 0 0 0 0 0 0 0 0 0 0 0 0 0 0 0\n   7       5 loop5 0 0 0 0 0 0 0 0 0 0 0 0 0 0 0 0 0\n   7       6 loop6 0 0 0 0 0 0 0 0 0 0 0 0 0 0 0 0 0\n   7       7 loop7 0 0 0 0 0 0 0 0 0 0 0 0 0 0 0 0 0\n   8      16 sdb 322 0 20650 54 691 1090 1319960 7280 0 1940 7336 17 16 67104776 2 0 0\n   8      17 sdb1 263 0 18202 45 691 1090 1319960 7280 0 1973 7328 17 16 67104776 2 0 0\n   8       0 sda 15912 3541 1543587 26243 171389 82534 67206988 6701279 0 271336 6876177 6661 1788 147776888 26487 5707 122167\n   8       1 sda1 15353 2841 1509991 26110 171097 82511 67206712 6696181 0 312174 6748769 6658 1787 147764600 26477 0 0\n   8      14 sda14 127 0 1264 26 0 0 0 0 0 26 26 0 0 0 0 0 0\n   8      15 sda15 205 666 18510 52 2 0 2 0 0 38 53 0 0 0 0 0 0\n 259       0 sda16 179 34 11854 41 290 23 274 5096 0 6559 5147 3 1 12288 9 0 0\n"}
{"timestamp":1767977235,"subsystem":"statfs[*]","measurement":"{\"mount_point\":\"/\",\"block_size\":4096,\"blocks_total\":7344928,\"blocks_free\":6449589,\"blocks_available\":6445493}\n{\"mount_point\":\"/boot\",\"block_size\":4096,\"blocks_total\":225380,\"blocks_free\":209465,\"blocks_available\":193683}\n{\"mount_point\":\"/boot/efi\",\"block_size\":512,\"blocks_total\":213663,\"blocks_free\":201164,\"blocks_available\":201164}\n{\"mount_point\":\"/mnt\",\"block_size\":4096,\"blocks_total\":8211396,\"blocks_free\":8211389,\"blocks_available\":7787889}\n"}
{"timestamp":1767977240,"subsystem":"/proc/stat","measurement":"cpu  215756 457 31841 37328701 33279 0 620 0 0 0\ncpu0 53154 51 7197 9332854 8999 0 206 0 0 0\ncpu1 54829 149 7198 9331741 8885 0 188 0 0 0\ncpu2 53918 164 8637 9331263 8382 0 125 0 0 0\ncpu3 53854 92 8808 9332841 7013 0 100 0 0 0\nintr 16397658 0 0 0 0 2339 0 0 0 0 0 0 0 0 0 0 0 0 0 0 0 0 0 0 0 0 0 0 0 0 0 0 0 0 0 0 0 0 0 0 0 0 0 0 0 0 0 0 0 0 0 0 0 0 0 0 0 0 0 0 0 0 0 0 0 0 0 0 0 0 0 0 0 0 0 0 0 0 0 0 0 0 0 0 0 0 0 0 0 0 0 0 0 0 0 0 0 0 0 0 0 0 0 0 0 0 0 0 0 0 0 0 0 0 0 0 0 0 0 0 0 0 0 0 0 0 0 0 0 0 0 0 0 0 0 0 0 0 0 0 0 0 0 0 0 0 0 0 0 0 0 0 0 0 0 0 0 0 0 0 0 0 0 0 0 0 0 0 0 0 0 0 0 0 0 0 0 0 0 0 0 0 0 0 0 0 0 0 0 0 0 0 0 0 0 0 0 0 0 0 0 0 0 0 0 0 0 0 0 0 0 0 0 0 0 0 0 0 0 0 0 0 0 0 0 0 0 0 0 0 0 0 0 0 0 0 0 0 0 0 0 0 0 0 0 0 0 0 0 0 0 0 0 0 0 0 0 0 0 0 0 0 0 0 0 0 0 0 0 0 0 0 0 0 0 0 0 0 0 0 0 0 0 0 0 0 0 0 0 0 0 0 0 0 0 0 0 0 0 0 0 0 0 0 0 0 0 0 0 0 0 0 0 0 0 0 0 0 0 0 0 0 0 0 0 0 0 0 0 0 0 0 0 0 0 0 0 0 0 0 0 0 0 0 0 0 0 0 0 0 0 0 0 0 0 0 0 0 0 0 0 0 0 0 0 0 0 0 0 0 0 0 0 0 0 0 0 0 0 0 0 0 0 0 0 0 0 0 0 0 0 0 0 0 0 0 0 0 0 0 0 0 0 0 0 0 0 0 0 0 0 0 0 0 0 0 0 0 0 0 0 0 0 0 0 0 0 0 0 0 0 0 0 0 0 0 0 0 0 0 0 0 0 0 0 0 0 0 0 0 0 0 0 0 0 0 0\nctxt 13323719\nbtime 1767883122\nprocesses 46604\nprocs_running 1\nprocs_blocked 0\nsoftirq 10782676 0 3821997 3 642751 11 0 781761 4524539 120 1011494\n"}
{"timestamp":1767977240,"subsystem":"/proc/meminfo","measurement":"MemTotal:       16327188 kB\nMemFree:        13792772 kB\nMemAvailable:   15527764 kB\nBuffers:           74232 kB\nCached:          1856048 kB\nSwapCached:            0 kB\nActive:           610104 kB\nInactive:        1519700 kB\nActive(anon):     212668 kB\nInactive(anon):        0 kB\nActive(file):     397436 kB\nInactive(file):  1519700 kB\nUnevictable:       30368 kB\nMlocked:           27296 kB\nSwapTotal:             0 kB\nSwapFree:              0 kB\nZswap:                 0 kB\nZswapped:              0 kB\nDirty:               200 kB\nWriteback:             4 kB\nAnonPages:        229068 kB\nMapped:           195292 kB\nShmem:              4404 kB\nKReclaimable:     158440 kB\nSlab:             248428 kB\nSReclaimable:     158440 kB\nSUnreclaim:        89988 kB\nKernelStack:        3856 kB\nPageTables:         4628 kB\nSecPageTables:         0 kB\nNFS_Unstable:          0 kB\nBounce:                0 kB\nWritebackTmp:          0 kB\nCommitLimit:     8163592 kB\nCommitted_AS:    1062904 kB\nVmallocTotal:   34359738367 kB\nVmallocUsed:       31160 kB\nVmallocChunk:          0 kB\nPercpu:             3408 kB\nHardwareCorrupted:     0 kB\nAnonHugePages:    100352 kB\nShmemHugePages:        0 kB\nShmemPmdMapped:        0 kB\nFileHugePages:         0 kB\nFilePmdMapped:         0 kB\nUnaccepted:            0 kB\nHugePages_Total:       0\nHugePages_Free:        0\nHugePages_Rsvd:        0\nHugePages_Surp:        0\nHugepagesize:       2048 kB\nHugetlb:               0 kB\nDirectMap4k:      109736 kB\nDirectMap2M:     2983936 kB\nDirectMap1G:    15728640 kB\n"}
{"timestamp":1767977240,"subsystem":"/proc/net/dev","measurement":"Inter-|   Receive                                                |  Transmit\n face |bytes    packets errs drop fifo frame compressed multicast|bytes    packets errs drop fifo colls carrier compressed\n    lo:   30394     204    0    0    0     0          0         0    30394     204    0    0    0     0       0          0\n  eth0: 334568910  516154    0    0    0     0          0         0 115100743  413228    0    0    0     0       0          0\ndocker0: 1056837   15854    0    0    0     0          0         0 197873275   23348    0    2    0     0       0          0\nvethf098dbd:  463457    5832    0    0    0     0          0         0 66075572    8367    0    0    0     0       0          0\nveth5046f66:  405703    4974    0    0    0     0          0         0 66158319    7539    0    0    0     0       0          0\nvethcbb1c2f:  409633    5048    0    0    0     0          0         0 65649786    7591    0    0    0     0       0          0\n"}
{"timestamp":1767977240,"subsystem":"/proc/diskstats","measurement":"   7       0 loop0 11 0 28 0 0 0 0 0 0 0 0 0 0 0 0 0 0\n   7       1 loop1 0 0 0 0 0 0 0 0 0 0 0 0 0 0 0 0 0\n   7       2 loop2 0 0 0 0 0 0 0 0 0 0 0 0 0 0 0 0 0\n   7       3 loop3 0 0 0 0 0 0 0 0 0 0 0 0 0 0 0 0 0\n   7       4 loop4 0 0 0 0 0 0 0 0 0 0 0 0 0 0 0 0 0\n   7       5 loop5 0 0 0 0 0 0 0 0 0 0 0 0 0 0 0 0 0\n   7       6 loop6 0 0 0 0 0 0 0 0 0 0 0 0 0 0 0 0 0\n   7       7 loop7 0 0 0 0 0 0 0 0 0 0 0 0 0 0 0 0 0\n   8      16 sdb 322 0 20650 54 691 1090 1319960 7280 0 1940 7336 17 16 67104776 2 0 0\n   8      17 sdb1 263 0 18202 45 691 1090 1319960 7280 0 1973 7328 17 16 67104776 2 0 0\n   8       0 sda 15912 3541 1543587 26243 171390 82534 67206996 6701279 0 271336 6876177 6661 1788 147776888 26487 5707 122167\n   8       1 sda1 15353 2841 1509991 26110 171098 82511 67206720 6696181 0 312174 6748770 6658 1787 147764600 26477 0 0\n   8      14 sda14 127 0 1264 26 0 0 0 0 0 26 26 0 0 0 0 0 0\n   8      15 sda15 205 666 18510 52 2 0 2 0 0 38 53 0 0 0 0 0 0\n 259       0 sda16 179 34 11854 41 290 23 274 5096 0 6559 5147 3 1 12288 9 0 0\n"}
{"timestamp":1767977240,"subsystem":"statfs[*]","measurement":"{\"mount_point\":\"/\",\"block_size\":4096,\"blocks_total\":7344928,\"blocks_free\":6449588,\"blocks_available\":6445492}\n{\"mount_point\":\"/boot\",\"block_size\":4096,\"blocks_total\":225380,\"blocks_free\":209465,\"blocks_available\":193683}\n{\"mount_point\":\"/boot/efi\",\"block_size\":512,\"blocks_total\":213663,\"blocks_free\":201164,\"blocks_available\":201164}\n{\"mount_point\":\"/mnt\",\"block_size\":4096,\"blocks_total\":8211396,\"blocks_free\":8211389,\"blocks_available\":7787889}\n"}
{"timestamp":1767977245,"subsystem":"/proc/stat","measurement":"cpu  215757 457 31843 37330697 33279 0 620 0 0 0\ncpu0 53154 51 7197 9333353 8999 0 206 0 0 0\ncpu1 54830 149 7198 9332240 8885 0 188 0 0 0\ncpu2 53918 164 8637 9331762 8382 0 125 0 0 0\ncpu3 53854 92 8809 9333340 7013 0 100 0 0 0\nintr 16398422 0 0 0 0 2339 0 0 0 0 0 0 0 0 0 0 0 0 0 0 0 0 0 0 0 0 0 0 0 0 0 0 0 0 0 0 0 0 0 0 0 0 0 0 0 0 0 0 0 0 0 0 0 0 0 0 0 0 0 0 0 0 0 0 0 0 0 0 0 0 0 0 0 0 0 0 0 0 0 0 0 0 0 0 0 0 0 0 0 0 0 0 0 0 0 0 0 0 0 0 0 0 0 0 0 0 0 0 0 0 0 0 0 0 0 0 0 0 0 0 0 0 0 0 0 0 0 0 0 0 0 0 0 0 0 0 0 0 0 0 0 0 0 0 0 0 0 0 0 0 0 0 0 0 0 0 0 0 0 0 0 0 0 0 0 0 0 0 0 0 0 0 0 0 0 0 0 0 0 0 0 0 0 0 0 0 0 0 0 0 0 0 0 0 0 0 0 0 0 0 0 0 0 0 0 0 0 0 0 0 0 0 0 0 0 0 0 0 0 0 0 0 0 0 0 0 0 0 0 0 0 0 0 0 0 0 0 0 0 0 0 0 0 0 0 0 0 0 0 0 0 0 0 0 0 0 0 0 0 0 0 0 0 0 0 0 0 0 0 0 0 0 0 0 0 0 0 0 0 0 0 0 0 0 0 0 0 0 0 0 0 0 0 0 0 0 0 0 0 0 0 0 0 0 0 0 0 0 0 0 0 0 0 0 0 0 0 0 0 0 0 0 0 0 0 0 0 0 0 0 0 0 0 0 0 0 0 0 0 0 0 0 0 0 0 0 0 0 0 0 0 0 0 0 0 0 0 0 0 0 0 0 0 0 0 0 0 0 0 0 0 0 0 0 0 0 0 0 0 0 0 0 0 0 0 0 0 0 0 0 0 0 0 0 0 0 0 0 0 0 0 0 0 0 0 0 0 0 0 0 0 0 0 0 0 0 0 0 0 0 0 0 0 0 0 0 0 0 0 0 0 0 0 0 0 0 0 0 0 0 0 0 0 0 0 0 0 0 0 0 0 0 0 0 0 0 0\nctxt 13324499\nbtime 1767883122\nprocesses 46607\nprocs_running 1\nprocs_blocked 0\nsoftirq 10783138 0 3822189 3 642751 11 0 781765 4524765 120 1011534\n"}
