{"timestamp":1768073711,"subsystem":"/proc/cpuinfo","measurement":"processor\t: 0\nvendor_id\t: AuthenticAMD\ncpu family\t: 25\nmodel\t\t: 17\nmodel name\t: AMD EPYC 9J14 96-Core Processor\nstepping\t: 1\nmicrocode\t: 0xa101154\ncpu MHz\t\t: 2596.098\ncache size\t: 512 KB\nphysical id\t: 0\nsiblings\t: 2\ncore id\t\t: 0\ncpu cores\t: 1\napicid\t\t: 0\ninitial apicid\t: 0\nfpu\t\t: yes\nfpu_exception\t: yes\ncpuid level\t: 16\nwp\t\t: yes\nflags\t\t: fpu vme de pse tsc msr pae mce cx8 apic sep mtrr pge mca cmov pat pse36 clflush mmx fxsr sse sse2 ht syscall nx mmxext fxsr_opt pdpe1gb rdtscp lm rep_good nopl xtopology cpuid extd_apicid tsc_known_freq pni pclmulqdq ssse3 fma cx16 pcid sse4_1 sse4_2 x2apic movbe popcnt tsc_deadline_timer aes xsave avx f16c rdrand hypervisor lahf_lm cmp_legacy svm cr8_legacy abm sse4a misalignsse 3dnowprefetch osvw topoext perfctr_core ssbd ibrs ibpb stibp vmmcall fsgsbase tsc_adjust bmi1 avx2 smep bmi2 erms invpcid avx512f avx512dq rdseed adx smap avx512ifma clflushopt clwb avx512cd sha_ni avx512bw avx512vl xsaveopt xsavec xgetbv1 xsaves avx512_bf16 clzero xsaveerptr wbnoinvd arat npt nrip_save vgif vnmi avx512vbmi umip pku ospke avx512_vbmi2 gfni vaes vpclmulqdq avx512_vnni avx512_bitalg avx512_vpopcntdq la57 rdpid overflow_recov succor fsrm arch_capabilities\nbugs\t\t: sysret_ss_attrs null_seg spectre_v1 spectre_v2 spec_store_bypass srso ibpb_no_ret tsa\nbogomips\t: 5192.19\nTLB size\t: 1024 4K pages\nclflush size\t: 64\ncache_alignment\t: 64\naddress sizes\t: 40 bits physical, 57 bits virtual\npower management:\n\nprocessor\t: 1\nvendor_id\t: AuthenticAMD\ncpu family\t: 25\nmodel\t\t: 17\nmodel name\t: AMD EPYC 9J14 96-Core Processor\nstepping\t: 1\nmicrocode\t: 0xa101154\ncpu MHz\t\t: 2596.098\ncache size\t: 512 KB\nphysical id\t: 0\nsiblings\t: 2\ncore id\t\t: 0\ncpu cores\t: 1\napicid\t\t: 1\ninitial apicid\t: 1\nfpu\t\t: yes\nfpu_exception\t: yes\ncpuid level\t: 16\nwp\t\t: yes\nflags\t\t: fpu vme de pse tsc msr pae mce cx8 apic sep mtrr pge mca cmov pat pse36 clflush mmx fxsr sse sse2 ht syscall nx mmxext fxsr_opt pdpe1gb rdtscp lm rep_good nopl xtopology cpuid extd_apicid tsc_known_freq pni pclmulqdq ssse3 fma cx16 pcid sse4_1 sse4_2 x2apic movbe popcnt tsc_deadline_timer aes xsave avx f16c rdrand hypervisor lahf_lm cmp_legacy svm cr8_legacy abm sse4a misalignsse 3dnowprefetch osvw topoext perfctr_core ssbd ibrs ibpb stibp vmmcall fsgsbase tsc_adjust bmi1 avx2 smep bmi2 erms invpcid avx512f avx512dq rdseed adx smap avx512ifma clflushopt clwb avx512cd sha_ni avx512bw avx512vl xsaveopt xsavec xgetbv1 xsaves avx512_bf16 clzero xsaveerptr wbnoinvd arat npt nrip_save vgif vnmi avx512vbmi umip pku ospke avx512_vbmi2 gfni vaes vpclmulqdq avx512_vnni avx512_bitalg avx512_vpopcntdq la57 rdpid overflow_recov succor fsrm arch_capabilities\nbugs\t\t: sysret_ss_attrs null_seg spectre_v1 spectre_v2 spec_store_bypass srso ibpb_no_ret tsa\nbogomips\t: 5192.19\nTLB size\t: 1024 4K pages\nclflush size\t: 64\ncache_alignment\t: 64\naddress sizes\t: 40 bits physical, 57 bits virtual\npower management:\n\n"}
{"timestamp":1768073711,"subsystem":"/proc/stat","measurement":"cpu  1815 121 1418 32562 1066 0 11 130 0 0\ncpu0 952 63 705 16260 522 0 4 62 0 0\ncpu1 862 58 712 16301 544 0 7 67 0 0\nintr 114902 68 9 0 0 919 0 0 0 0 0 0 0 15 0 0 0 0 0 0 26 0 0 0 0 0 0 0 0 0 0 0 0 0 0 0 0 0 0 0 0 0 0 0 0 0 0 0 0 0 0 0 0 4811 5069 0 4920 3629 0 0 0 0 0 0 0 0 0 0 0 0 0 0 0 0 0 0 0 0 0 0 0 0 0 0 0 0 0 0 0 0 0 0 0 0 0 0 0 0 0 0 0 0 0 0 0 0 0 0 0 0 0 0 0 0 0 0 0 0 0 0 0 0 0 0 0 0 0 0 0 0 0 0 0 0 0 0 0 0 0 0 0 0 0 0 0 0 0 0 0 0 0 0 0 0 0 0 0 0 0 0 0 0 0 0 0 0 0 0 0 0 0 0 0 0 0 0 0 0 0 0 0 0 0 0 0 0 0 0 0 0 0 0 0 0 0 0 0 0 0 0 0 0 0 0 0 0 0 0 0 0 0 0 0 0 0 0 0 0 0 0 0 0 0 0 0 0 0 0 0 0 0 0 0 0 0 0 0 0 0 0 0 0 0 0 0 0 0 0 0 0 0 0 0 0 0 0 0 0 0 0 0 0 0 0 0 0 0 0 0 0 0 0 0 0 0 0 0 0 0 0 0 0 0 0 0 0 0 0 0 0 0 0 0 0 0 0 0 0 0 0 0 0 0 0 0 0 0 0 0 0 0 0 0 0 0 0 0 0 0 0 0 0 0 0 0 0 0 0 0 0 0 0 0 0 0 0 0 0 0 0 0 0 0 0 0 0 0 0 0 0 0 0 0 0 0 0 0 0 0 0 0 0 0 0 0 0 0 0 0 0 0 0 0 0 0 0 0 0 0 0 0 0 0 0 0 0 0 0 0 0 0 0 0 0 0 0 0 0 0 0 0 0 0 0 0 0 0 0 0 0 0 0 0 0 0 0 0 0 0 0 0 0 0 0 0 0 0 0 0 0 0 0 0 0 0 0 0 0 0 0 0\nctxt 147098\nbtime 1768073525\nprocesses 3002\nprocs_running 6\nprocs_blocked 0\nsoftirq 75520 5 10265 7 7848 1465 0 120 12773 0 43037\n"}
{"timestamp":1768073711,"subsystem":"/proc/meminfo","measurement":"MemTotal:        4004580 kB\nMemFree:         2257496 kB\nMemAvailable:    3351828 kB\nBuffers:           29544 kB\nCached:          1274992 kB\nSwapCached:            0 kB\nActive:           823936 kB\nInactive:         685524 kB\nActive(anon):     225256 kB\nInactive(anon):        0 kB\nActive(file):     598680 kB\nInactive(file):   685524 kB\nUnevictable:       39208 kB\nMlocked:           35208 kB\nSwapTotal:             0 kB\nSwapFree:              0 kB\nZswap:                 0 kB\nZswapped:              0 kB\nDirty:               252 kB\nWriteback:             0 kB\nAnonPages:        244212 kB\nMapped:           277752 kB\nShmem:              5620 kB\nKReclaimable:      35656 kB\nSlab:              98408 kB\nSReclaimable:      35656 kB\nSUnreclaim:        62752 kB\nKernelStack:        4880 kB\nPageTables:         5740 kB\nSecPageTables:         0 kB\nNFS_Unstable:          0 kB\nBounce:                0 kB\nWritebackTmp:          0 kB\nCommitLimit:     2002288 kB\nCommitted_AS:    2117064 kB\nVmallocTotal:   13743895347199 kB\nVmallocUsed:       21676 kB\nVmallocChunk:          0 kB\nPercpu:             1136 kB\nHardwareCorrupted:     0 kB\nAnonHugePages:         0 kB\nShmemHugePages:        0 kB\nShmemPmdMapped:        0 kB\nFileHugePages:         0 kB\nFilePmdMapped:         0 kB\nUnaccepted:            0 kB\nHugePages_Total:       0\nHugePages_Free:        0\nHugePages_Rsvd:        0\nHugePages_Surp:        0\nHugepagesize:       2048 kB\nHugetlb:               0 kB\nDirectMap4k:      136104 kB\nDirectMap2M:     4052992 kB\nDirectMap1G:     2097152 kB\n"}
{"timestamp":1768073711,"subsystem":"/proc/net/dev","measurement":"Inter-|   Receive                                                |  Transmit\n face |bytes    packets errs drop fifo frame compressed multicast|bytes    packets errs drop fifo colls carrier compressed\n    lo:   12591      82    0    0    0     0          0         0    12591      82    0    0    0     0       0          0\nenp0s5: 15167446    5467    0    0    0     0          0         0   542619    3690    0    0    0     0       0          0\ndocker0:  133409    2492    0    0    0     0          0         0 13666420    3764    0    2    0     0       0          0\nveth0055899:   37641     551    0    0    0     0          0         0  4534846     941    0    0    0     0       0          0\nvethbb5940e:   64041     951    0    0    0     0          0         0  4564790    1395    0    0    0     0       0          0\nveth1babadb:   66615     990    0    0    0     0          0         0  4570802    1485    0    0    0     0       0          0\n"}
{"timestamp":1768073711,"subsystem":"/proc/diskstats","measurement":"   7       0 loop0 41 0 688 19 0 0 0 0 0 19 19 0 0 0 0 0 0\n   7       1 loop1 48 0 716 27 0 0 0 0 0 28 27 0 0 0 0 0 0\n   7       2 loop2 680 0 52116 737 0 0 0 0 0 592 737 0 0 0 0 0 0\n   7       3 loop3 43 0 692 22 0 0 0 0 0 19 22 0 0 0 0 0 0\n   7       4 loop4 653 0 47728 3232 0 0 0 0 0 1919 3232 0 0 0 0 0 0\n   7       5 loop5 10 0 20 0 0 0 0 0 0 0 0 0 0 0 0 0 0\n   7       6 loop6 0 0 0 0 0 0 0 0 0 0 0 0 0 0 0 0 0\n   7       7 loop7 0 0 0 0 0 0 0 0 0 0 0 0 0 0 0 0 0\n   8       0 sda 8990 5256 2207641 40400 1896 1131 619582 99210 0 13058 139719 141 30 1902440 107 0 0\n   8       1 sda1 8398 3561 2169088 40075 1878 1110 619354 99198 0 14941 139381 141 30 1902440 107 0 0\n   8      14 sda14 109 0 1120 46 0 0 0 0 0 48 46 0 0 0 0 0 0\n   8      15 sda15 191 1662 20265 118 2 0 2 1 0 78 120 0 0 0 0 0 0\n 259       0 sda16 192 33 13328 105 16 21 226 10 0 83 115 0 0 0 0 0 0\n"}
{"timestamp":1768073711,"subsystem":"statfs[*]","measurement":"{\"mount_point\":\"/\",\"block_size\":4096,\"blocks_total\":12422878,\"blocks_free\":11453406,\"blocks_available\":11449310}\n{\"mount_point\":\"/boot\",\"block_size\":4096,\"blocks_total\":225380,\"blocks_free\":186421,\"blocks_available\":170639}\n{\"mount_point\":\"/boot/efi\",\"block_size\":512,\"blocks_total\":213663,\"blocks_free\":201164,\"blocks_available\":201164}\n"}
{"timestamp":1768073716,"subsystem":"/proc/cpuinfo","measurement":"processor\t: 0\nvendor_id\t: AuthenticAMD\ncpu family\t: 25\nmodel\t\t: 17\nmodel name\t: AMD EPYC 9J14 96-Core Processor\nstepping\t: 1\nmicrocode\t: 0xa101154\ncpu MHz\t\t: 2596.098\ncache size\t: 512 KB\nphysical id\t: 0\nsiblings\t: 2\ncore id\t\t: 0\ncpu cores\t: 1\napicid\t\t: 0\ninitial apicid\t: 0\nfpu\t\t: yes\nfpu_exception\t: yes\ncpuid level\t: 16\nwp\t\t: yes\nflags\t\t: fpu vme de pse tsc msr pae mce cx8 apic sep mtrr pge mca cmov pat pse36 clflush mmx fxsr sse sse2 ht syscall nx mmxext fxsr_opt pdpe1gb rdtscp lm rep_good nopl xtopology cpuid extd_apicid tsc_known_freq pni pclmulqdq ssse3 fma cx16 pcid sse4_1 sse4_2 x2apic movbe popcnt tsc_deadline_timer aes xsave avx f16c rdrand hypervisor lahf_lm cmp_legacy svm cr8_legacy abm sse4a misalignsse 3dnowprefetch osvw topoext perfctr_core ssbd ibrs ibpb stibp vmmcall fsgsbase tsc_adjust bmi1 avx2 smep bmi2 erms invpcid avx512f avx512dq rdseed adx smap avx512ifma clflushopt clwb avx512cd sha_ni avx512bw avx512vl xsaveopt xsavec xgetbv1 xsaves avx512_bf16 clzero xsaveerptr wbnoinvd arat npt nrip_save vgif vnmi avx512vbmi umip pku ospke avx512_vbmi2 gfni vaes vpclmulqdq avx512_vnni avx512_bitalg avx512_vpopcntdq la57 rdpid overflow_recov succor fsrm arch_capabilities\nbugs\t\t: sysret_ss_attrs null_seg spectre_v1 spectre_v2 spec_store_bypass srso ibpb_no_ret tsa\nbogomips\t: 5192.19\nTLB size\t: 1024 4K pages\nclflush size\t: 64\ncache_alignment\t: 64\naddress sizes\t: 40 bits physical, 57 bits virtual\npower management:\n\nprocessor\t: 1\nvendor_id\t: AuthenticAMD\ncpu family\t: 25\nmodel\t\t: 17\nmodel name\t: AMD EPYC 9J14 96-Core Processor\nstepping\t: 1\nmicrocode\t: 0xa101154\ncpu MHz\t\t: 2596.098\ncache size\t: 512 KB\nphysical id\t: 0\nsiblings\t: 2\ncore id\t\t: 0\ncpu cores\t: 1\napicid\t\t: 1\ninitial apicid\t: 1\nfpu\t\t: yes\nfpu_exception\t: yes\ncpuid level\t: 16\nwp\t\t: yes\nflags\t\t: fpu vme de pse tsc msr pae mce cx8 apic sep mtrr pge mca cmov pat pse36 clflush mmx fxsr sse sse2 ht syscall nx mmxext fxsr_opt pdpe1gb rdtscp lm rep_good nopl xtopology cpuid extd_apicid tsc_known_freq pni pclmulqdq ssse3 fma cx16 pcid sse4_1 sse4_2 x2apic movbe popcnt tsc_deadline_timer aes xsave avx f16c rdrand hypervisor lahf_lm cmp_legacy svm cr8_legacy abm sse4a misalignsse 3dnowprefetch osvw topoext perfctr_core ssbd ibrs ibpb stibp vmmcall fsgsbase tsc_adjust bmi1 avx2 smep bmi2 erms invpcid avx512f avx512dq rdseed adx smap avx512ifma clflushopt clwb avx512cd sha_ni avx512bw avx512vl xsaveopt xsavec xgetbv1 xsaves avx512_bf16 clzero xsaveerptr wbnoinvd arat npt nrip_save vgif vnmi avx512vbmi umip pku ospke avx512_vbmi2 gfni vaes vpclmulqdq avx512_vnni avx512_bitalg avx512_vpopcntdq la57 rdpid overflow_recov succor fsrm arch_capabilities\nbugs\t\t: sysret_ss_attrs null_seg spectre_v1 spectre_v2 spec_store_bypass srso ibpb_no_ret tsa\nbogomips\t: 5192.19\nTLB size\t: 1024 4K pages\nclflush size\t: 64\ncache_alignment\t: 64\naddress sizes\t: 40 bits physical, 57 bits virtual\npower management:\n\n"}
{"timestamp":1768073716,"subsystem":"/proc/stat","measurement":"cpu  1816 121 1419 33559 1066 0 11 130 0 0\ncpu0 953 63 706 16759 522 0 4 62 0 0\ncpu1 862 58 712 16800 544 0 7 67 0 0\nintr 115527 68 9 0 0 919 0 0 0 0 0 0 0 15 0 0 0 0 0 0 26 0 0 0 0 0 0 0 0 0 0 0 0 0 0 0 0 0 0 0 0 0 0 0 0 0 0 0 0 0 0 0 0 4811 5069 0 4924 3632 0 0 0 0 0 0 0 0 0 0 0 0 0 0 0 0 0 0 0 0 0 0 0 0 0 0 0 0 0 0 0 0 0 0 0 0 0 0 0 0 0 0 0 0 0 0 0 0 0 0 0 0 0 0 0 0 0 0 0 0 0 0 0 0 0 0 0 0 0 0 0 0 0 0 0 0 0 0 0 0 0 0 0 0 0 0 0 0 0 0 0 0 0 0 0 0 0 0 0 0 0 0 0 0 0 0 0 0 0 0 0 0 0 0 0 0 0 0 0 0 0 0 0 0 0 0 0 0 0 0 0 0 0 0 0 0 0 0 0 0 0 0 0 0 0 0 0 0 0 0 0 0 0 0 0 0 0 0 0 0 0 0 0 0 0 0 0 0 0 0 0 0 0 0 0 0 0 0 0 0 0 0 0 0 0 0 0 0 0 0 0 0 0 0 0 0 0 0 0 0 0 0 0 0 0 0 0 0 0 0 0 0 0 0 0 0 0 0 0 0 0 0 0 0 0 0 0 0 0 0 0 0 0 0 0 0 0 0 0 0 0 0 0 0 0 0 0 0 0 0 0 0 0 0 0 0 0 0 0 0 0 0 0 0 0 0 0 0 0 0 0 0 0 0 0 0 0 0 0 0 0 0 0 0 0 0 0 0 0 0 0 0 0 0 0 0 0 0 0 0 0 0 0 0 0 0 0 0 0 0 0 0 0 0 0 0 0 0 0 0 0 0 0 0 0 0 0 0 0 0 0 0 0 0 0 0 0 0 0 0 0 0 0 0 0 0 0 0 0 0 0 0 0 0 0 0 0 0 0 0 0 0 0 0 0 0 0 0 0 0 0 0 0 0 0 0 0 0 0 0 0 0 0\nctxt 147944\nbtime 1768073525\nprocesses 3007\nprocs_running 3\nprocs_blocked 0\nsoftirq 75858 5 10388 7 7855 1465 0 120 12913 0 43105\n"}
{"timestamp":1768073716,"subsystem":"/proc/meminfo","measurement":"MemTotal:        4004580 kB\nMemFree:         2257496 kB\nMemAvailable:    3351840 kB\nBuffers:           29544 kB\nCached:          1275012 kB\nSwapCached:            0 kB\nActive:           825624 kB\nInactive:         685536 kB\nActive(anon):     226944 kB\nInactive(anon):        0 kB\nActive(file):     598680 kB\nInactive(file):   685536 kB\nUnevictable:       39208 kB\nMlocked:           35208 kB\nSwapTotal:             0 kB\nSwapFree:              0 kB\nZswap:                 0 kB\nZswapped:              0 kB\nDirty:               272 kB\nWriteback:             0 kB\nAnonPages:        246004 kB\nMapped:           278196 kB\nShmem:              5620 kB\nKReclaimable:      35656 kB\nSlab:              98408 kB\nSReclaimable:      35656 kB\nSUnreclaim:        62752 kB\nKernelStack:        4880 kB\nPageTables:         5744 kB\nSecPageTables:         0 kB\nNFS_Unstable:          0 kB\nBounce:                0 kB\nWritebackTmp:          0 kB\nCommitLimit:     2002288 kB\nCommitted_AS:    2118532 kB\nVmallocTotal:   13743895347199 kB\nVmallocUsed:       21692 kB\nVmallocChunk:          0 kB\nPercpu:             1136 kB\nHardwareCorrupted:     0 kB\nAnonHugePages:         0 kB\nShmemHugePages:        0 kB\nShmemPmdMapped:        0 kB\nFileHugePages:         0 kB\nFilePmdMapped:         0 kB\nUnaccepted:            0 kB\nHugePages_Total:       0\nHugePages_Free:        0\nHugePages_Rsvd:        0\nHugePages_Surp:        0\nHugepagesize:       2048 kB\nHugetlb:               0 kB\nDirectMap4k:      136104 kB\nDirectMap2M:     4052992 kB\nDirectMap1G:     2097152 kB\n"}
{"timestamp":1768073716,"subsystem":"/proc/net/dev","measurement":"Inter-|   Receive                                                |  Transmit\n face |bytes    packets errs drop fifo frame compressed multicast|bytes    packets errs drop fifo colls carrier compressed\n    lo:   12591      82    0    0    0     0          0         0    12591      82    0    0    0     0       0          0\nenp0s5: 15167670    5471    0    0    0     0          0         0   542955    3694    0    0    0     0       0          0\ndocker0:  133409    2492    0    0    0     0          0         0 13666420    3764    0    2    0     0       0          0\nveth0055899:   37641     551    0    0    0     0          0         0  4534846     941    0    0    0     0       0          0\nvethbb5940e:   64041     951    0    0    0     0          0         0  4564790    1395    0    0    0     0       0          0\nveth1babadb:   66615     990    0    0    0     0          0         0  4570802    1485    0    0    0     0       0          0\n"}
{"timestamp":1768073716,"subsystem":"/proc/diskstats","measurement":"   7       0 loop0 41 0 688 19 0 0 0 0 0 19 19 0 0 0 0 0 0\n   7       1 loop1 48 0 716 27 0 0 0 0 0 28 27 0 0 0 0 0 0\n   7       2 loop2 680 0 52116 737 0 0 0 0 0 592 737 0 0 0 0 0 0\n   7       3 loop3 43 0 692 22 0 0 0 0 0 19 22 0 0 0 0 0 0\n   7       4 loop4 653 0 47728 3232 0 0 0 0 0 1919 3232 0 0 0 0 0 0\n   7       5 loop5 10 0 20 0 0 0 0 0 0 0 0 0 0 0 0 0 0\n   7       6 loop6 0 0 0 0 0 0 0 0 0 0 0 0 0 0 0 0 0\n   7       7 loop7 0 0 0 0 0 0 0 0 0 0 0 0 0 0 0 0 0\n   8       0 sda 8990 5256 2207641 40400 1896 1131 619582 99210 0 13058 139719 141 30 1902440 107 0 0\n   8       1 sda1 8398 3561 2169088 40075 1878 1110 619354 99198 0 14941 139381 141 30 1902440 107 0 0\n   8      14 sda14 109 0 1120 46 0 0 0 0 0 48 46 0 0 0 0 0 0\n   8      15 sda15 191 1662 20265 118 2 0 2 1 0 78 120 0 0 0 0 0 0\n 259       0 sda16 192 33 13328 105 16 21 226 10 0 83 115 0 0 0 0 0 0\n"}
{"timestamp":1768073716,"subsystem":"statfs[*]","measurement":"{\"mount_point\":\"/\",\"block_size\":4096,\"blocks_total\":12422878,\"blocks_free\":11453402,\"blocks_available\":11449306}\n{\"mount_point\":\"/boot\",\"block_size\":4096,\"blocks_total\":225380,\"blocks_free\":186421,\"blocks_available\":170639}\n{\"mount_point\":\"/boot/efi\",\"block_size\":512,\"blocks_total\":213663,\"blocks_free\":201164,\"blocks_available\":201164}\n"}
{"timestamp":1768073721,"subsystem":"/proc/cpuinfo","measurement":"processor\t: 0\nvendor_id\t: AuthenticAMD\ncpu family\t: 25\nmodel\t\t: 17\nmodel name\t: AMD EPYC 9J14 96-Core Processor\nstepping\t: 1\nmicrocode\t: 0xa101154\ncpu MHz\t\t: 2596.098\ncache size\t: 512 KB\nphysical id\t: 0\nsiblings\t: 2\ncore id\t\t: 0\ncpu cores\t: 1\napicid\t\t: 0\ninitial apicid\t: 0\nfpu\t\t: yes\nfpu_exception\t: yes\ncpuid level\t: 16\nwp\t\t: yes\nflags\t\t: fpu vme de pse tsc msr pae mce cx8 apic sep mtrr pge mca cmov pat pse36 clflush mmx fxsr sse sse2 ht syscall nx mmxext fxsr_opt pdpe1gb rdtscp lm rep_good nopl xtopology cpuid extd_apicid tsc_known_freq pni pclmulqdq ssse3 fma cx16 pcid sse4_1 sse4_2 x2apic movbe popcnt tsc_deadline_timer aes xsave avx f16c rdrand hypervisor lahf_lm cmp_legacy svm cr8_legacy abm sse4a misalignsse 3dnowprefetch osvw topoext perfctr_core ssbd ibrs ibpb stibp vmmcall fsgsbase tsc_adjust bmi1 avx2 smep bmi2 erms invpcid avx512f avx512dq rdseed adx smap avx512ifma clflushopt clwb avx512cd sha_ni avx512bw avx512vl xsaveopt xsavec xgetbv1 xsaves avx512_bf16 clzero xsaveerptr wbnoinvd arat npt nrip_save vgif vnmi avx512vbmi umip pku ospke avx512_vbmi2 gfni vaes vpclmulqdq avx512_vnni avx512_bitalg avx512_vpopcntdq la57 rdpid overflow_recov succor fsrm arch_capabilities\nbugs\t\t: sysret_ss_attrs null_seg spectre_v1 spectre_v2 spec_store_bypass srso ibpb_no_ret tsa\nbogomips\t: 5192.19\nTLB size\t: 1024 4K pages\nclflush size\t: 64\ncache_alignment\t: 64\naddress sizes\t: 40 bits physical, 57 bits virtual\npower management:\n\nprocessor\t: 1\nvendor_id\t: AuthenticAMD\ncpu family\t: 25\nmodel\t\t: 17\nmodel name\t: AMD EPYC 9J14 96-Core Processor\nstepping\t: 1\nmicrocode\t: 0xa101154\ncpu MHz\t\t: 2596.098\ncache size\t: 512 KB\nphysical id\t: 0\nsiblings\t: 2\ncore id\t\t: 0\ncpu cores\t: 1\napicid\t\t: 1\ninitial apicid\t: 1\nfpu\t\t: yes\nfpu_exception\t: yes\ncpuid level\t: 16\nwp\t\t: yes\nflags\t\t: fpu vme de pse tsc msr pae mce cx8 apic sep mtrr pge mca cmov pat pse36 clflush mmx fxsr sse sse2 ht syscall nx mmxext fxsr_opt pdpe1gb rdtscp lm rep_good nopl xtopology cpuid extd_apicid tsc_known_freq pni pclmulqdq ssse3 fma cx16 pcid sse4_1 sse4_2 x2apic movbe popcnt tsc_deadline_timer aes xsave avx f16c rdrand hypervisor lahf_lm cmp_legacy svm cr8_legacy abm sse4a misalignsse 3dnowprefetch osvw topoext perfctr_core ssbd ibrs ibpb stibp vmmcall fsgsbase tsc_adjust bmi1 avx2 smep bmi2 erms invpcid avx512f avx512dq rdseed adx smap avx512ifma clflushopt clwb avx512cd sha_ni avx512bw avx512vl xsaveopt xsavec xgetbv1 xsaves avx512_bf16 clzero xsaveerptr wbnoinvd arat npt nrip_save vgif vnmi avx512vbmi umip pku ospke avx512_vbmi2 gfni vaes vpclmulqdq avx512_vnni avx512_bitalg avx512_vpopcntdq la57 rdpid overflow_recov succor fsrm arch_capabilities\nbugs\t\t: sysret_ss_attrs null_seg spectre_v1 spectre_v2 spec_store_bypass srso ibpb_no_ret tsa\nbogomips\t: 5192.19\nTLB size\t: 1024 4K pages\nclflush size\t: 64\ncache_alignment\t: 64\naddress sizes\t: 40 bits physical, 57 bits virtual\npower management:\n\n"}
{"timestamp":1768073721,"subsystem":"/proc/stat","measurement":"cpu  2795 121 1435 33559 1067 0 11 132 0 0\ncpu0 1447 63 710 16759 523 0 4 63 0 0\ncpu1 1348 58 724 16800 544 0 7 69 0 0\nintr 127497 68 9 0 0 919 0 0 0 0 0 0 0 15 0 0 0 0 0 0 26 0 0 0 0 0 0 0 0 0 0 0 0 0 0 0 0 0 0 0 0 0 0 0 0 0 0 0 0 0 0 0 0 4824 5166 0 4934 3646 0 0 0 0 0 0 0 0 0 0 0 0 0 0 0 0 0 0 0 0 0 0 0 0 0 0 0 0 0 0 0 0 0 0 0 0 0 0 0 0 0 0 0 0 0 0 0 0 0 0 0 0 0 0 0 0 0 0 0 0 0 0 0 0 0 0 0 0 0 0 0 0 0 0 0 0 0 0 0 0 0 0 0 0 0 0 0 0 0 0 0 0 0 0 0 0 0 0 0 0 0 0 0 0 0 0 0 0 0 0 0 0 0 0 0 0 0 0 0 0 0 0 0 0 0 0 0 0 0 0 0 0 0 0 0 0 0 0 0 0 0 0 0 0 0 0 0 0 0 0 0 0 0 0 0 0 0 0 0 0 0 0 0 0 0 0 0 0 0 0 0 0 0 0 0 0 0 0 0 0 0 0 0 0 0 0 0 0 0 0 0 0 0 0 0 0 0 0 0 0 0 0 0 0 0 0 0 0 0 0 0 0 0 0 0 0 0 0 0 0 0 0 0 0 0 0 0 0 0 0 0 0 0 0 0 0 0 0 0 0 0 0 0 0 0 0 0 0 0 0 0 0 0 0 0 0 0 0 0 0 0 0 0 0 0 0 0 0 0 0 0 0 0 0 0 0 0 0 0 0 0 0 0 0 0 0 0 0 0 0 0 0 0 0 0 0 0 0 0 0 0 0 0 0 0 0 0 0 0 0 0 0 0 0 0 0 0 0 0 0 0 0 0 0 0 0 0 0 0 0 0 0 0 0 0 0 0 0 0 0 0 0 0 0 0 0 0 0 0 0 0 0 0 0 0 0 0 0 0 0 0 0 0 0 0 0 0 0 0 0 0 0 0 0 0 0 0 0 0 0 0 0 0\nctxt 158177\nbtime 1768073525\nprocesses 3108\nprocs_running 9\nprocs_blocked 0\nsoftirq 77406 5 10640 7 7879 1465 0 120 13105 0 44185\n"}
{"timestamp":1768073721,"subsystem":"/proc/meminfo","measurement":"MemTotal:        4004580 kB\nMemFree:         2206672 kB\nMemAvailable:    3340352 kB\nBuffers:           29544 kB\nCached:          1314092 kB\nSwapCached:            0 kB\nActive:           873824 kB\nInactive:         686320 kB\nActive(anon):     236852 kB\nInactive(anon):        0 kB\nActive(file):     636972 kB\nInactive(file):   686320 kB\nUnevictable:       39208 kB\nMlocked:           35208 kB\nSwapTotal:             0 kB\nSwapFree:              0 kB\nZswap:                 0 kB\nZswapped:              0 kB\nDirty:               396 kB\nWriteback:             0 kB\nAnonPages:        255860 kB\nMapped:           290684 kB\nShmem:              5632 kB\nKReclaimable:      36172 kB\nSlab:              99564 kB\nSReclaimable:      36172 kB\nSUnreclaim:        63392 kB\nKernelStack:        5088 kB\nPageTables:         6372 kB\nSecPageTables:         0 kB\nNFS_Unstable:          0 kB\nBounce:                0 kB\nWritebackTmp:          0 kB\nCommitLimit:     2002288 kB\nCommitted_AS:    2150232 kB\nVmallocTotal:   13743895347199 kB\nVmallocUsed:       21904 kB\nVmallocChunk:          0 kB\nPercpu:             1136 kB\nHardwareCorrupted:     0 kB\nAnonHugePages:         0 kB\nShmemHugePages:        0 kB\nShmemPmdMapped:        0 kB\nFileHugePages:         0 kB\nFilePmdMapped:         0 kB\nUnaccepted:            0 kB\nHugePages_Total:       0\nHugePages_Free:        0\nHugePages_Rsvd:        0\nHugePages_Surp:        0\nHugepagesize:       2048 kB\nHugetlb:               0 kB\nDirectMap4k:      136104 kB\nDirectMap2M:     4052992 kB\nDirectMap1G:     2097152 kB\n"}
{"timestamp":1768073721,"subsystem":"/proc/net/dev","measurement":"Inter-|   Receive                                                |  Transmit\n face |bytes    packets errs drop fifo frame compressed multicast|bytes    packets errs drop fifo colls carrier compressed\n    lo:   12591      82    0    0    0     0          0         0    12591      82    0    0    0     0       0          0\nenp0s5: 15168320    5481    0    0    0     0          0         0   544907    3708    0    0    0     0       0          0\ndocker0:  133409    2492    0    0    0     0          0         0 13666420    3764    0    2    0     0       0          0\nveth0055899:   37641     551    0    0    0     0          0         0  4534846     941    0    0    0     0       0          0\nvethbb5940e:   64041     951    0    0    0     0          0         0  4564790    1395    0    0    0     0       0          0\nveth1babadb:   66615     990    0    0    0     0          0         0  4570802    1485    0    0    0     0       0          0\n"}
{"timestamp":1768073721,"subsystem":"/proc/diskstats","measurement":"   7       0 loop0 41 0 688 19 0 0 0 0 0 19 19 0 0 0 0 0 0\n   7       1 loop1 48 0 716 27 0 0 0 0 0 28 27 0 0 0 0 0 0\n   7       2 loop2 680 0 52116 737 0 0 0 0 0 592 737 0 0 0 0 0 0\n   7       3 loop3 43 0 692 22 0 0 0 0 0 19 22 0 0 0 0 0 0\n   7       4 loop4 653 0 47728 3232 0 0 0 0 0 1919 3232 0 0 0 0 0 0\n   7       5 loop5 10 0 20 0 0 0 0 0 0 0 0 0 0 0 0 0 0\n   7       6 loop6 0 0 0 0 0 0 0 0 0 0 0 0 0 0 0 0 0\n   7       7 loop7 0 0 0 0 0 0 0 0 0 0 0 0 0 0 0 0 0\n   8       0 sda 9109 5264 2285729 40546 1897 1132 619598 99211 0 13146 139865 141 30 1902440 107 0 0\n   8       1 sda1 8517 3569 2247176 40220 1879 1111 619370 99199 0 15029 139527 141 30 1902440 107 0 0\n   8      14 sda14 109 0 1120 46 0 0 0 0 0 48 46 0 0 0 0 0 0\n   8      15 sda15 191 1662 20265 118 2 0 2 1 0 78 120 0 0 0 0 0 0\n 259       0 sda16 192 33 13328 105 16 21 226 10 0 83 115 0 0 0 0 0 0\n"}
{"timestamp":1768073721,"subsystem":"statfs[*]","measurement":"{\"mount_point\":\"/\",\"block_size\":4096,\"blocks_total\":12422878,\"blocks_free\":11453398,\"blocks_available\":11449302}\n{\"mount_point\":\"/boot\",\"block_size\":4096,\"blocks_total\":225380,\"blocks_free\":186421,\"blocks_available\":170639}\n{\"mount_point\":\"/boot/efi\",\"block_size\":512,\"blocks_total\":213663,\"blocks_free\":201164,\"blocks_available\":201164}\n"}
{"timestamp":1768073726,"subsystem":"/proc/cpuinfo","measurement":"processor\t: 0\nvendor_id\t: AuthenticAMD\ncpu family\t: 25\nmodel\t\t: 17\nmodel name\t: AMD EPYC 9J14 96-Core Processor\nstepping\t: 1\nmicrocode\t: 0xa101154\ncpu MHz\t\t: 2596.098\ncache size\t: 512 KB\nphysical id\t: 0\nsiblings\t: 2\ncore id\t\t: 0\ncpu cores\t: 1\napicid\t\t: 0\ninitial apicid\t: 0\nfpu\t\t: yes\nfpu_exception\t: yes\ncpuid level\t: 16\nwp\t\t: yes\nflags\t\t: fpu vme de pse tsc msr pae mce cx8 apic sep mtrr pge mca cmov pat pse36 clflush mmx fxsr sse sse2 ht syscall nx mmxext fxsr_opt pdpe1gb rdtscp lm rep_good nopl xtopology cpuid extd_apicid tsc_known_freq pni pclmulqdq ssse3 fma cx16 pcid sse4_1 sse4_2 x2apic movbe popcnt tsc_deadline_timer aes xsave avx f16c rdrand hypervisor lahf_lm cmp_legacy svm cr8_legacy abm sse4a misalignsse 3dnowprefetch osvw topoext perfctr_core ssbd ibrs ibpb stibp vmmcall fsgsbase tsc_adjust bmi1 avx2 smep bmi2 erms invpcid avx512f avx512dq rdseed adx smap avx512ifma clflushopt clwb avx512cd sha_ni avx512bw avx512vl xsaveopt xsavec xgetbv1 xsaves avx512_bf16 clzero xsaveerptr wbnoinvd arat npt nrip_save vgif vnmi avx512vbmi umip pku ospke avx512_vbmi2 gfni vaes vpclmulqdq avx512_vnni avx512_bitalg avx512_vpopcntdq la57 rdpid overflow_recov succor fsrm arch_capabilities\nbugs\t\t: sysret_ss_attrs null_seg spectre_v1 spectre_v2 spec_store_bypass srso ibpb_no_ret tsa\nbogomips\t: 5192.19\nTLB size\t: 1024 4K pages\nclflush size\t: 64\ncache_alignment\t: 64\naddress sizes\t: 40 bits physical, 57 bits virtual\npower management:\n\nprocessor\t: 1\nvendor_id\t: AuthenticAMD\ncpu family\t: 25\nmodel\t\t: 17\nmodel name\t: AMD EPYC 9J14 96-Core Processor\nstepping\t: 1\nmicrocode\t: 0xa101154\ncpu MHz\t\t: 2596.098\ncache size\t: 512 KB\nphysical id\t: 0\nsiblings\t: 2\ncore id\t\t: 0\ncpu cores\t: 1\napicid\t\t: 1\ninitial apicid\t: 1\nfpu\t\t: yes\nfpu_exception\t: yes\ncpuid level\t: 16\nwp\t\t: yes\nflags\t\t: fpu vme de pse tsc msr pae mce cx8 apic sep mtrr pge mca cmov pat pse36 clflush mmx fxsr sse sse2 ht syscall nx mmxext fxsr_opt pdpe1gb rdtscp lm rep_good nopl xtopology cpuid extd_apicid tsc_known_freq pni pclmulqdq ssse3 fma cx16 pcid sse4_1 sse4_2 x2apic movbe popcnt tsc_deadline_timer aes xsave avx f16c rdrand hypervisor lahf_lm cmp_legacy svm cr8_legacy abm sse4a misalignsse 3dnowprefetch osvw topoext perfctr_core ssbd ibrs ibpb stibp vmmcall fsgsbase tsc_adjust bmi1 avx2 smep bmi2 erms invpcid avx512f avx512dq rdseed adx smap avx512ifma clflushopt clwb avx512cd sha_ni avx512bw avx512vl xsaveopt xsavec xgetbv1 xsaves avx512_bf16 clzero xsaveerptr wbnoinvd arat npt nrip_save vgif vnmi avx512vbmi umip pku ospke avx512_vbmi2 gfni vaes vpclmulqdq avx512_vnni avx512_bitalg avx512_vpopcntdq la57 rdpid overflow_recov succor fsrm arch_capabilities\nbugs\t\t: sysret_ss_attrs null_seg spectre_v1 spectre_v2 spec_store_bypass srso ibpb_no_ret tsa\nbogomips\t: 5192.19\nTLB size\t: 1024 4K pages\nclflush size\t: 64\ncache_alignment\t: 64\naddress sizes\t: 40 bits physical, 57 bits virtual\npower management:\n\n"}
{"timestamp":1768073726,"subsystem":"/proc/stat","measurement":"cpu  3794 121 1436 33559 1067 0 11 132 0 0\ncpu0 1946 63 711 16759 523 0 4 63 0 0\ncpu1 1848 58 725 16800 544 0 7 69 0 0\nintr 138027 68 9 0 0 919 0 0 0 0 0 0 0 15 0 0 0 0 0 0 26 0 0 0 0 0 0 0 0 0 0 0 0 0 0 0 0 0 0 0 0 0 0 0 0 0 0 0 0 0 0 0 0 4824 5166 0 4938 3650 0 0 0 0 0 0 0 0 0 0 0 0 0 0 0 0 0 0 0 0 0 0 0 0 0 0 0 0 0 0 0 0 0 0 0 0 0 0 0 0 0 0 0 0 0 0 0 0 0 0 0 0 0 0 0 0 0 0 0 0 0 0 0 0 0 0 0 0 0 0 0 0 0 0 0 0 0 0 0 0 0 0 0 0 0 0 0 0 0 0 0 0 0 0 0 0 0 0 0 0 0 0 0 0 0 0 0 0 0 0 0 0 0 0 0 0 0 0 0 0 0 0 0 0 0 0 0 0 0 0 0 0 0 0 0 0 0 0 0 0 0 0 0 0 0 0 0 0 0 0 0 0 0 0 0 0 0 0 0 0 0 0 0 0 0 0 0 0 0 0 0 0 0 0 0 0 0 0 0 0 0 0 0 0 0 0 0 0 0 0 0 0 0 0 0 0 0 0 0 0 0 0 0 0 0 0 0 0 0 0 0 0 0 0 0 0 0 0 0 0 0 0 0 0 0 0 0 0 0 0 0 0 0 0 0 0 0 0 0 0 0 0 0 0 0 0 0 0 0 0 0 0 0 0 0 0 0 0 0 0 0 0 0 0 0 0 0 0 0 0 0 0 0 0 0 0 0 0 0 0 0 0 0 0 0 0 0 0 0 0 0 0 0 0 0 0 0 0 0 0 0 0 0 0 0 0 0 0 0 0 0 0 0 0 0 0 0 0 0 0 0 0 0 0 0 0 0 0 0 0 0 0 0 0 0 0 0 0 0 0 0 0 0 0 0 0 0 0 0 0 0 0 0 0 0 0 0 0 0 0 0 0 0 0 0 0 0 0 0 0 0 0 0 0 0 0 0 0 0 0 0 0 0\nctxt 164343\nbtime 1768073525\nprocesses 3111\nprocs_running 8\nprocs_blocked 0\nsoftirq 77799 5 10790 7 7886 1465 0 120 13265 0 44261\n"}
{"timestamp":1768073726,"subsystem":"/proc/meminfo","measurement":"MemTotal:        4004580 kB\nMemFree:         2206672 kB\nMemAvailable:    3340356 kB\nBuffers:           29544 kB\nCached:          1314108 kB\nSwapCached:            0 kB\nActive:           874428 kB\nInactive:         686324 kB\nActive(anon):     237456 kB\nInactive(anon):        0 kB\nActive(file):     636972 kB\nInactive(file):   686324 kB\nUnevictable:       39208 kB\nMlocked:           35208 kB\nSwapTotal:             0 kB\nSwapFree:              0 kB\nZswap:                 0 kB\nZswapped:              0 kB\nDirty:               412 kB\nWriteback:             0 kB\nAnonPages:        256504 kB\nMapped:           290684 kB\nShmem:              5632 kB\nKReclaimable:      36172 kB\nSlab:              99572 kB\nSReclaimable:      36172 kB\nSUnreclaim:        63400 kB\nKernelStack:        5088 kB\nPageTables:         6372 kB\nSecPageTables:         0 kB\nNFS_Unstable:          0 kB\nBounce:                0 kB\nWritebackTmp:          0 kB\nCommitLimit:     2002288 kB\nCommitted_AS:    2150232 kB\nVmallocTotal:   13743895347199 kB\nVmallocUsed:       21952 kB\nVmallocChunk:          0 kB\nPercpu:             1136 kB\nHardwareCorrupted:     0 kB\nAnonHugePages:         0 kB\nShmemHugePages:        0 kB\nShmemPmdMapped:        0 kB\nFileHugePages:         0 kB\nFilePmdMapped:         0 kB\nUnaccepted:            0 kB\nHugePages_Total:       0\nHugePages_Free:        0\nHugePages_Rsvd:        0\nHugePages_Surp:        0\nHugepagesize:       2048 kB\nHugetlb:               0 kB\nDirectMap4k:      136104 kB\nDirectMap2M:     4052992 kB\nDirectMap1G:     2097152 kB\n"}
{"timestamp":1768073726,"subsystem":"/proc/net/dev","measurement":"Inter-|   Receive                                                |  Transmit\n face |bytes    packets errs drop fifo frame compressed multicast|bytes    packets errs drop fifo colls carrier compressed\n    lo:   12591      82    0    0    0     0          0         0    12591      82    0    0    0     0       0          0\nenp0s5: 15168574    5485    0    0    0     0          0         0   545147    3712    0    0    0     0       0          0\ndocker0:  133409    2492    0    0    0     0          0         0 13666420    3764    0    2    0     0       0          0\nveth0055899:   37641     551    0    0    0     0          0         0  4534846     941    0    0    0     0       0          0\nvethbb5940e:   64041     951    0    0    0     0          0         0  4564790    1395    0    0    0     0       0          0\nveth1babadb:   66615     990    0    0    0     0          0         0  4570802    1485    0    0    0     0       0          0\n"}
{"timestamp":1768073726,"subsystem":"/proc/diskstats","measurement":"   7       0 loop0 41 0 688 19 0 0 0 0 0 19 19 0 0 0 0 0 0\n   7       1 loop1 48 0 716 27 0 0 0 0 0 28 27 0 0 0 0 0 0\n   7       2 loop2 680 0 52116 737 0 0 0 0 0 592 737 0 0 0 0 0 0\n   7       3 loop3 43 0 692 22 0 0 0 0 0 19 22 0 0 0 0 0 0\n   7       4 loop4 653 0 47728 3232 0 0 0 0 0 1919 3232 0 0 0 0 0 0\n   7       5 loop5 10 0 20 0 0 0 0 0 0 0 0 0 0 0 0 0 0\n   7       6 loop6 0 0 0 0 0 0 0 0 0 0 0 0 0 0 0 0 0\n   7       7 loop7 0 0 0 0 0 0 0 0 0 0 0 0 0 0 0 0 0\n   8       0 sda 9109 5264 2285729 40546 1897 1132 619598 99211 0 13146 139865 141 30 1902440 107 0 0\n   8       1 sda1 8517 3569 2247176 40220 1879 1111 619370 99199 0 15029 139527 141 30 1902440 107 0 0\n   8      14 sda14 109 0 1120 46 0 0 0 0 0 48 46 0 0 0 0 0 0\n   8      15 sda15 191 1662 20265 118 2 0 2 1 0 78 120 0 0 0 0 0 0\n 259       0 sda16 192 33 13328 105 16 21 226 10 0 83 115 0 0 0 0 0 0\n"}
{"timestamp":1768073726,"subsystem":"statfs[*]","measurement":"{\"mount_point\":\"/\",\"block_size\":4096,\"blocks_total\":12422878,\"blocks_free\":11453395,\"blocks_available\":11449299}\n{\"mount_point\":\"/boot\",\"block_size\":4096,\"blocks_total\":225380,\"blocks_free\":186421,\"blocks_available\":170639}\n{\"mount_point\":\"/boot/efi\",\"block_size\":512,\"blocks_total\":213663,\"blocks_free\":201164,\"blocks_available\":201164}\n"}
{"timestamp":1768073731,"subsystem":"/proc/cpuinfo","measurement":"processor\t: 0\nvendor_id\t: AuthenticAMD\ncpu family\t: 25\nmodel\t\t: 17\nmodel name\t: AMD EPYC 9J14 96-Core Processor\nstepping\t: 1\nmicrocode\t: 0xa101154\ncpu MHz\t\t: 2596.098\ncache size\t: 512 KB\nphysical id\t: 0\nsiblings\t: 2\ncore id\t\t: 0\ncpu cores\t: 1\napicid\t\t: 0\ninitial apicid\t: 0\nfpu\t\t: yes\nfpu_exception\t: yes\ncpuid level\t: 16\nwp\t\t: yes\nflags\t\t: fpu vme de pse tsc msr pae mce cx8 apic sep mtrr pge mca cmov pat pse36 clflush mmx fxsr sse sse2 ht syscall nx mmxext fxsr_opt pdpe1gb rdtscp lm rep_good nopl xtopology cpuid extd_apicid tsc_known_freq pni pclmulqdq ssse3 fma cx16 pcid sse4_1 sse4_2 x2apic movbe popcnt tsc_deadline_timer aes xsave avx f16c rdrand hypervisor lahf_lm cmp_legacy svm cr8_legacy abm sse4a misalignsse 3dnowprefetch osvw topoext perfctr_core ssbd ibrs ibpb stibp vmmcall fsgsbase tsc_adjust bmi1 avx2 smep bmi2 erms invpcid avx512f avx512dq rdseed adx smap avx512ifma clflushopt clwb avx512cd sha_ni avx512bw avx512vl xsaveopt xsavec xgetbv1 xsaves avx512_bf16 clzero xsaveerptr wbnoinvd arat npt nrip_save vgif vnmi avx512vbmi umip pku ospke avx512_vbmi2 gfni vaes vpclmulqdq avx512_vnni avx512_bitalg avx512_vpopcntdq la57 rdpid overflow_recov succor fsrm arch_capabilities\nbugs\t\t: sysret_ss_attrs null_seg spectre_v1 spectre_v2 spec_store_bypass srso ibpb_no_ret tsa\nbogomips\t: 5192.19\nTLB size\t: 1024 4K pages\nclflush size\t: 64\ncache_alignment\t: 64\naddress sizes\t: 40 bits physical, 57 bits virtual\npower management:\n\nprocessor\t: 1\nvendor_id\t: AuthenticAMD\ncpu family\t: 25\nmodel\t\t: 17\nmodel name\t: AMD EPYC 9J14 96-Core Processor\nstepping\t: 1\nmicrocode\t: 0xa101154\ncpu MHz\t\t: 2596.098\ncache size\t: 512 KB\nphysical id\t: 0\nsiblings\t: 2\ncore id\t\t: 0\ncpu cores\t: 1\napicid\t\t: 1\ninitial apicid\t: 1\nfpu\t\t: yes\nfpu_exception\t: yes\ncpuid level\t: 16\nwp\t\t: yes\nflags\t\t: fpu vme de pse tsc msr pae mce cx8 apic sep mtrr pge mca cmov pat pse36 clflush mmx fxsr sse sse2 ht syscall nx mmxext fxsr_opt pdpe1gb rdtscp lm rep_good nopl xtopology cpuid extd_apicid tsc_known_freq pni pclmulqdq ssse3 fma cx16 pcid sse4_1 sse4_2 x2apic movbe popcnt tsc_deadline_timer aes xsave avx f16c rdrand hypervisor lahf_lm cmp_legacy svm cr8_legacy abm sse4a misalignsse 3dnowprefetch osvw topoext perfctr_core ssbd ibrs ibpb stibp vmmcall fsgsbase tsc_adjust bmi1 avx2 smep bmi2 erms invpcid avx512f avx512dq rdseed adx smap avx512ifma clflushopt clwb avx512cd sha_ni avx512bw avx512vl xsaveopt xsavec xgetbv1 xsaves avx512_bf16 clzero xsaveerptr wbnoinvd arat npt nrip_save vgif vnmi avx512vbmi umip pku ospke avx512_vbmi2 gfni vaes vpclmulqdq avx512_vnni avx512_bitalg avx512_vpopcntdq la57 rdpid overflow_recov succor fsrm arch_capabilities\nbugs\t\t: sysret_ss_attrs null_seg spectre_v1 spectre_v2 spec_store_bypass srso ibpb_no_ret tsa\nbogomips\t: 5192.19\nTLB size\t: 1024 4K pages\nclflush size\t: 64\ncache_alignment\t: 64\naddress sizes\t: 40 bits physical, 57 bits virtual\npower management:\n\n"}
{"timestamp":1768073731,"subsystem":"/proc/stat","measurement":"cpu  4793 121 1438 33559 1067 0 11 133 0 0\ncpu0 2445 63 712 16759 523 0 4 63 0 0\ncpu1 2347 58 725 16800 544 0 7 70 0 0\nintr 148576 68 9 0 0 919 0 0 0 0 0 0 0 15 0 0 0 0 0 0 26 0 0 0 0 0 0 0 0 0 0 0 0 0 0 0 0 0 0 0 0 0 0 0 0 0 0 0 0 0 0 0 0 4824 5166 0 4952 3659 0 0 0 0 0 0 0 0 0 0 0 0 0 0 0 0 0 0 0 0 0 0 0 0 0 0 0 0 0 0 0 0 0 0 0 0 0 0 0 0 0 0 0 0 0 0 0 0 0 0 0 0 0 0 0 0 0 0 0 0 0 0 0 0 0 0 0 0 0 0 0 0 0 0 0 0 0 0 0 0 0 0 0 0 0 0 0 0 0 0 0 0 0 0 0 0 0 0 0 0 0 0 0 0 0 0 0 0 0 0 0 0 0 0 0 0 0 0 0 0 0 0 0 0 0 0 0 0 0 0 0 0 0 0 0 0 0 0 0 0 0 0 0 0 0 0 0 0 0 0 0 0 0 0 0 0 0 0 0 0 0 0 0 0 0 0 0 0 0 0 0 0 0 0 0 0 0 0 0 0 0 0 0 0 0 0 0 0 0 0 0 0 0 0 0 0 0 0 0 0 0 0 0 0 0 0 0 0 0 0 0 0 0 0 0 0 0 0 0 0 0 0 0 0 0 0 0 0 0 0 0 0 0 0 0 0 0 0 0 0 0 0 0 0 0 0 0 0 0 0 0 0 0 0 0 0 0 0 0 0 0 0 0 0 0 0 0 0 0 0 0 0 0 0 0 0 0 0 0 0 0 0 0 0 0 0 0 0 0 0 0 0 0 0 0 0 0 0 0 0 0 0 0 0 0 0 0 0 0 0 0 0 0 0 0 0 0 0 0 0 0 0 0 0 0 0 0 0 0 0 0 0 0 0 0 0 0 0 0 0 0 0 0 0 0 0 0 0 0 0 0 0 0 0 0 0 0 0 0 0 0 0 0 0 0 0 0 0 0 0 0 0 0 0 0 0 0 0 0 0 0 0 0\nctxt 170572\nbtime 1768073525\nprocesses 3115\nprocs_running 7\nprocs_blocked 0\nsoftirq 78256 5 10944 7 7907 1465 0 120 13426 0 44382\n"}
{"timestamp":1768073731,"subsystem":"/proc/meminfo","measurement":"MemTotal:        4004580 kB\nMemFree:         2205916 kB\nMemAvailable:    3339620 kB\nBuffers:           29544 kB\nCached:          1314116 kB\nSwapCached:            0 kB\nActive:           873984 kB\nInactive:         686344 kB\nActive(anon):     237012 kB\nInactive(anon):        0 kB\nActive(file):     636972 kB\nInactive(file):   686344 kB\nUnevictable:       39208 kB\nMlocked:           35208 kB\nSwapTotal:             0 kB\nSwapFree:              0 kB\nZswap:                 0 kB\nZswapped:              0 kB\nDirty:               420 kB\nWriteback:             0 kB\nAnonPages:        255944 kB\nMapped:           290684 kB\nShmem:              5632 kB\nKReclaimable:      36172 kB\nSlab:              99568 kB\nSReclaimable:      36172 kB\nSUnreclaim:        63396 kB\nKernelStack:        5104 kB\nPageTables:         6372 kB\nSecPageTables:         0 kB\nNFS_Unstable:          0 kB\nBounce:                0 kB\nWritebackTmp:          0 kB\nCommitLimit:     2002288 kB\nCommitted_AS:    2150232 kB\nVmallocTotal:   13743895347199 kB\nVmallocUsed:       21952 kB\nVmallocChunk:          0 kB\nPercpu:             1136 kB\nHardwareCorrupted:     0 kB\nAnonHugePages:         0 kB\nShmemHugePages:        0 kB\nShmemPmdMapped:        0 kB\nFileHugePages:         0 kB\nFilePmdMapped:         0 kB\nUnaccepted:            0 kB\nHugePages_Total:       0\nHugePages_Free:        0\nHugePages_Rsvd:        0\nHugePages_Surp:        0\nHugepagesize:       2048 kB\nHugetlb:               0 kB\nDirectMap4k:      136104 kB\nDirectMap2M:     4052992 kB\nDirectMap1G:     2097152 kB\n"}
{"timestamp":1768073731,"subsystem":"/proc/net/dev","measurement":"Inter-|   Receive                                                |  Transmit\n face |bytes    packets errs drop fifo frame compressed multicast|bytes    packets errs drop fifo colls carrier compressed\n    lo:   12591      82    0    0    0     0          0         0    12591      82    0    0    0     0       0          0\nenp0s5: 15169519    5499    0    0    0     0          0         0   545772    3721    0    0    0     0       0          0\ndocker0:  133409    2492    0    0    0     0          0         0 13666420    3764    0    2    0     0       0          0\nveth0055899:   37641     551    0    0    0     0          0         0  4534846     941    0    0    0     0       0          0\nvethbb5940e:   64041     951    0    0    0     0          0         0  4564790    1395    0    0    0     0       0          0\nveth1babadb:   66615     990    0    0    0     0          0         0  4570802    1485    0    0    0     0       0          0\n"}
{"timestamp":1768073731,"subsystem":"/proc/diskstats","measurement":"   7       0 loop0 41 0 688 19 0 0 0 0 0 19 19 0 0 0 0 0 0\n   7       1 loop1 48 0 716 27 0 0 0 0 0 28 27 0 0 0 0 0 0\n   7       2 loop2 680 0 52116 737 0 0 0 0 0 592 737 0 0 0 0 0 0\n   7       3 loop3 43 0 692 22 0 0 0 0 0 19 22 0 0 0 0 0 0\n   7       4 loop4 653 0 47728 3232 0 0 0 0 0 1919 3232 0 0 0 0 0 0\n   7       5 loop5 10 0 20 0 0 0 0 0 0 0 0 0 0 0 0 0 0\n   7       6 loop6 0 0 0 0 0 0 0 0 0 0 0 0 0 0 0 0 0\n   7       7 loop7 0 0 0 0 0 0 0 0 0 0 0 0 0 0 0 0 0\n   8       0 sda 9109 5264 2285729 40546 1897 1132 619598 99211 0 13146 139865 141 30 1902440 107 0 0\n   8       1 sda1 8517 3569 2247176 40220 1879 1111 619370 99199 0 15029 139527 141 30 1902440 107 0 0\n   8      14 sda14 109 0 1120 46 0 0 0 0 0 48 46 0 0 0 0 0 0\n   8      15 sda15 191 1662 20265 118 2 0 2 1 0 78 120 0 0 0 0 0 0\n 259       0 sda16 192 33 13328 105 16 21 226 10 0 83 115 0 0 0 0 0 0\n"}
{"timestamp":1768073731,"subsystem":"statfs[*]","measurement":"{\"mount_point\":\"/\",\"block_size\":4096,\"blocks_total\":12422878,\"blocks_free\":11453392,\"blocks_available\":11449296}\n{\"mount_point\":\"/boot\",\"block_size\":4096,\"blocks_total\":225380,\"blocks_free\":186421,\"blocks_available\":170639}\n{\"mount_point\":\"/boot/efi\",\"block_size\":512,\"blocks_total\":213663,\"blocks_free\":201164,\"blocks_available\":201164}\n"}
{"timestamp":1768073736,"subsystem":"/proc/cpuinfo","measurement":"processor\t: 0\nvendor_id\t: AuthenticAMD\ncpu family\t: 25\nmodel\t\t: 17\nmodel name\t: AMD EPYC 9J14 96-Core Processor\nstepping\t: 1\nmicrocode\t: 0xa101154\ncpu MHz\t\t: 2596.098\ncache size\t: 512 KB\nphysical id\t: 0\nsiblings\t: 2\ncore id\t\t: 0\ncpu cores\t: 1\napicid\t\t: 0\ninitial apicid\t: 0\nfpu\t\t: yes\nfpu_exception\t: yes\ncpuid level\t: 16\nwp\t\t: yes\nflags\t\t: fpu vme de pse tsc msr pae mce cx8 apic sep mtrr pge mca cmov pat pse36 clflush mmx fxsr sse sse2 ht syscall nx mmxext fxsr_opt pdpe1gb rdtscp lm rep_good nopl xtopology cpuid extd_apicid tsc_known_freq pni pclmulqdq ssse3 fma cx16 pcid sse4_1 sse4_2 x2apic movbe popcnt tsc_deadline_timer aes xsave avx f16c rdrand hypervisor lahf_lm cmp_legacy svm cr8_legacy abm sse4a misalignsse 3dnowprefetch osvw topoext perfctr_core ssbd ibrs ibpb stibp vmmcall fsgsbase tsc_adjust bmi1 avx2 smep bmi2 erms invpcid avx512f avx512dq rdseed adx smap avx512ifma clflushopt clwb avx512cd sha_ni avx512bw avx512vl xsaveopt xsavec xgetbv1 xsaves avx512_bf16 clzero xsaveerptr wbnoinvd arat npt nrip_save vgif vnmi avx512vbmi umip pku ospke avx512_vbmi2 gfni vaes vpclmulqdq avx512_vnni avx512_bitalg avx512_vpopcntdq la57 rdpid overflow_recov succor fsrm arch_capabilities\nbugs\t\t: sysret_ss_attrs null_seg spectre_v1 spectre_v2 spec_store_bypass srso ibpb_no_ret tsa\nbogomips\t: 5192.19\nTLB size\t: 1024 4K pages\nclflush size\t: 64\ncache_alignment\t: 64\naddress sizes\t: 40 bits physical, 57 bits virtual\npower management:\n\nprocessor\t: 1\nvendor_id\t: AuthenticAMD\ncpu family\t: 25\nmodel\t\t: 17\nmodel name\t: AMD EPYC 9J14 96-Core Processor\nstepping\t: 1\nmicrocode\t: 0xa101154\ncpu MHz\t\t: 2596.098\ncache size\t: 512 KB\nphysical id\t: 0\nsiblings\t: 2\ncore id\t\t: 0\ncpu cores\t: 1\napicid\t\t: 1\ninitial apicid\t: 1\nfpu\t\t: yes\nfpu_exception\t: yes\ncpuid level\t: 16\nwp\t\t: yes\nflags\t\t: fpu vme de pse tsc msr pae mce cx8 apic sep mtrr pge mca cmov pat pse36 clflush mmx fxsr sse sse2 ht syscall nx mmxext fxsr_opt pdpe1gb rdtscp lm rep_good nopl xtopology cpuid extd_apicid tsc_known_freq pni pclmulqdq ssse3 fma cx16 pcid sse4_1 sse4_2 x2apic movbe popcnt tsc_deadline_timer aes xsave avx f16c rdrand hypervisor lahf_lm cmp_legacy svm cr8_legacy abm sse4a misalignsse 3dnowprefetch osvw topoext perfctr_core ssbd ibrs ibpb stibp vmmcall fsgsbase tsc_adjust bmi1 avx2 smep bmi2 erms invpcid avx512f avx512dq rdseed adx smap avx512ifma clflushopt clwb avx512cd sha_ni avx512bw avx512vl xsaveopt xsavec xgetbv1 xsaves avx512_bf16 clzero xsaveerptr wbnoinvd arat npt nrip_save vgif vnmi avx512vbmi umip pku ospke avx512_vbmi2 gfni vaes vpclmulqdq avx512_vnni avx512_bitalg avx512_vpopcntdq la57 rdpid overflow_recov succor fsrm arch_capabilities\nbugs\t\t: sysret_ss_attrs null_seg spectre_v1 spectre_v2 spec_store_bypass srso ibpb_no_ret tsa\nbogomips\t: 5192.19\nTLB size\t: 1024 4K pages\nclflush size\t: 64\ncache_alignment\t: 64\naddress sizes\t: 40 bits physical, 57 bits virtual\npower management:\n\n"}
{"timestamp":1768073736,"subsystem":"/proc/stat","measurement":"cpu  5792 121 1439 33559 1067 0 11 133 0 0\ncpu0 2945 63 713 16759 523 0 4 63 0 0\ncpu1 2846 58 725 16800 544 0 7 70 0 0\nintr 158890 68 9 0 0 919 0 0 0 0 0 0 0 15 0 0 0 0 0 0 26 0 0 0 0 0 0 0 0 0 0 0 0 0 0 0 0 0 0 0 0 0 0 0 0 0 0 0 0 0 0 0 0 4824 5173 0 4952 3659 0 0 0 0 0 0 0 0 0 0 0 0 0 0 0 0 0 0 0 0 0 0 0 0 0 0 0 0 0 0 0 0 0 0 0 0 0 0 0 0 0 0 0 0 0 0 0 0 0 0 0 0 0 0 0 0 0 0 0 0 0 0 0 0 0 0 0 0 0 0 0 0 0 0 0 0 0 0 0 0 0 0 0 0 0 0 0 0 0 0 0 0 0 0 0 0 0 0 0 0 0 0 0 0 0 0 0 0 0 0 0 0 0 0 0 0 0 0 0 0 0 0 0 0 0 0 0 0 0 0 0 0 0 0 0 0 0 0 0 0 0 0 0 0 0 0 0 0 0 0 0 0 0 0 0 0 0 0 0 0 0 0 0 0 0 0 0 0 0 0 0 0 0 0 0 0 0 0 0 0 0 0 0 0 0 0 0 0 0 0 0 0 0 0 0 0 0 0 0 0 0 0 0 0 0 0 0 0 0 0 0 0 0 0 0 0 0 0 0 0 0 0 0 0 0 0 0 0 0 0 0 0 0 0 0 0 0 0 0 0 0 0 0 0 0 0 0 0 0 0 0 0 0 0 0 0 0 0 0 0 0 0 0 0 0 0 0 0 0 0 0 0 0 0 0 0 0 0 0 0 0 0 0 0 0 0 0 0 0 0 0 0 0 0 0 0 0 0 0 0 0 0 0 0 0 0 0 0 0 0 0 0 0 0 0 0 0 0 0 0 0 0 0 0 0 0 0 0 0 0 0 0 0 0 0 0 0 0 0 0 0 0 0 0 0 0 0 0 0 0 0 0 0 0 0 0 0 0 0 0 0 0 0 0 0 0 0 0 0 0 0 0 0 0 0 0 0 0 0 0 0 0 0\nctxt 176302\nbtime 1768073525\nprocesses 3118\nprocs_running 8\nprocs_blocked 0\nsoftirq 78657 5 11102 7 7907 1465 0 120 13585 0 44466\n"}
{"timestamp":1768073736,"subsystem":"/proc/meminfo","measurement":"MemTotal:        4004580 kB\nMemFree:         2205916 kB\nMemAvailable:    3339632 kB\nBuffers:           29552 kB\nCached:          1314132 kB\nSwapCached:            0 kB\nActive:           874548 kB\nInactive:         686356 kB\nActive(anon):     237576 kB\nInactive(anon):        0 kB\nActive(file):     636972 kB\nInactive(file):   686356 kB\nUnevictable:       39208 kB\nMlocked:           35208 kB\nSwapTotal:             0 kB\nSwapFree:              0 kB\nZswap:                 0 kB\nZswapped:              0 kB\nDirty:               464 kB\nWriteback:             0 kB\nAnonPages:        256504 kB\nMapped:           290684 kB\nShmem:              5632 kB\nKReclaimable:      36172 kB\nSlab:              99560 kB\nSReclaimable:      36172 kB\nSUnreclaim:        63388 kB\nKernelStack:        5104 kB\nPageTables:         6372 kB\nSecPageTables:         0 kB\nNFS_Unstable:          0 kB\nBounce:                0 kB\nWritebackTmp:          0 kB\nCommitLimit:     2002288 kB\nCommitted_AS:    2150232 kB\nVmallocTotal:   13743895347199 kB\nVmallocUsed:       21952 kB\nVmallocChunk:          0 kB\nPercpu:             1136 kB\nHardwareCorrupted:     0 kB\nAnonHugePages:         0 kB\nShmemHugePages:        0 kB\nShmemPmdMapped:        0 kB\nFileHugePages:         0 kB\nFilePmdMapped:         0 kB\nUnaccepted:            0 kB\nHugePages_Total:       0\nHugePages_Free:        0\nHugePages_Rsvd:        0\nHugePages_Surp:        0\nHugepagesize:       2048 kB\nHugetlb:               0 kB\nDirectMap4k:      136104 kB\nDirectMap2M:     4052992 kB\nDirectMap1G:     2097152 kB\n"}
{"timestamp":1768073736,"subsystem":"/proc/net/dev","measurement":"Inter-|   Receive                                                |  Transmit\n face |bytes    packets errs drop fifo frame compressed multicast|bytes    packets errs drop fifo colls carrier compressed\n    lo:   12591      82    0    0    0     0          0         0    12591      82    0    0    0     0       0          0\nenp0s5: 15169519    5499    0    0    0     0          0         0   545772    3721    0    0    0     0       0          0\ndocker0:  133409    2492    0    0    0     0          0         0 13666420    3764    0    2    0     0       0          0\nveth0055899:   37641     551    0    0    0     0          0         0  4534846     941    0    0    0     0       0          0\nvethbb5940e:   64041     951    0    0    0     0          0         0  4564790    1395    0    0    0     0       0          0\nveth1babadb:   66615     990    0    0    0     0          0         0  4570802    1485    0    0    0     0       0          0\n"}
{"timestamp":1768073736,"subsystem":"/proc/diskstats","measurement":"   7       0 loop0 41 0 688 19 0 0 0 0 0 19 19 0 0 0 0 0 0\n   7       1 loop1 48 0 716 27 0 0 0 0 0 28 27 0 0 0 0 0 0\n   7       2 loop2 680 0 52116 737 0 0 0 0 0 592 737 0 0 0 0 0 0\n   7       3 loop3 43 0 692 22 0 0 0 0 0 19 22 0 0 0 0 0 0\n   7       4 loop4 653 0 47728 3232 0 0 0 0 0 1919 3232 0 0 0 0 0 0\n   7       5 loop5 10 0 20 0 0 0 0 0 0 0 0 0 0 0 0 0 0\n   7       6 loop6 0 0 0 0 0 0 0 0 0 0 0 0 0 0 0 0 0\n   7       7 loop7 0 0 0 0 0 0 0 0 0 0 0 0 0 0 0 0 0\n   8       0 sda 9109 5264 2285729 40546 1907 1160 619902 99220 0 13150 139875 143 30 1902464 108 0 0\n   8       1 sda1 8517 3569 2247176 40220 1889 1139 619674 99208 0 15033 139537 143 30 1902464 108 0 0\n   8      14 sda14 109 0 1120 46 0 0 0 0 0 48 46 0 0 0 0 0 0\n   8      15 sda15 191 1662 20265 118 2 0 2 1 0 78 120 0 0 0 0 0 0\n 259       0 sda16 192 33 13328 105 16 21 226 10 0 83 115 0 0 0 0 0 0\n"}
{"timestamp":1768073736,"subsystem":"statfs[*]","measurement":"{\"mount_point\":\"/\",\"block_size\":4096,\"blocks_total\":12422878,\"blocks_free\":11453389,\"blocks_available\":11449293}\n{\"mount_point\":\"/boot\",\"block_size\":4096,\"blocks_total\":225380,\"blocks_free\":186421,\"blocks_available\":170639}\n{\"mount_point\":\"/boot/efi\",\"block_size\":512,\"blocks_total\":213663,\"blocks_free\":201164,\"blocks_available\":201164}\n"}
{"timestamp":1768073741,"subsystem":"/proc/cpuinfo","measurement":"processor\t: 0\nvendor_id\t: AuthenticAMD\ncpu family\t: 25\nmodel\t\t: 17\nmodel name\t: AMD EPYC 9J14 96-Core Processor\nstepping\t: 1\nmicrocode\t: 0xa101154\ncpu MHz\t\t: 2596.098\ncache size\t: 512 KB\nphysical id\t: 0\nsiblings\t: 2\ncore id\t\t: 0\ncpu cores\t: 1\napicid\t\t: 0\ninitial apicid\t: 0\nfpu\t\t: yes\nfpu_exception\t: yes\ncpuid level\t: 16\nwp\t\t: yes\nflags\t\t: fpu vme de pse tsc msr pae mce cx8 apic sep mtrr pge mca cmov pat pse36 clflush mmx fxsr sse sse2 ht syscall nx mmxext fxsr_opt pdpe1gb rdtscp lm rep_good nopl xtopology cpuid extd_apicid tsc_known_freq pni pclmulqdq ssse3 fma cx16 pcid sse4_1 sse4_2 x2apic movbe popcnt tsc_deadline_timer aes xsave avx f16c rdrand hypervisor lahf_lm cmp_legacy svm cr8_legacy abm sse4a misalignsse 3dnowprefetch osvw topoext perfctr_core ssbd ibrs ibpb stibp vmmcall fsgsbase tsc_adjust bmi1 avx2 smep bmi2 erms invpcid avx512f avx512dq rdseed adx smap avx512ifma clflushopt clwb avx512cd sha_ni avx512bw avx512vl xsaveopt xsavec xgetbv1 xsaves avx512_bf16 clzero xsaveerptr wbnoinvd arat npt nrip_save vgif vnmi avx512vbmi umip pku ospke avx512_vbmi2 gfni vaes vpclmulqdq avx512_vnni avx512_bitalg avx512_vpopcntdq la57 rdpid overflow_recov succor fsrm arch_capabilities\nbugs\t\t: sysret_ss_attrs null_seg spectre_v1 spectre_v2 spec_store_bypass srso ibpb_no_ret tsa\nbogomips\t: 5192.19\nTLB size\t: 1024 4K pages\nclflush size\t: 64\ncache_alignment\t: 64\naddress sizes\t: 40 bits physical, 57 bits virtual\npower management:\n\nprocessor\t: 1\nvendor_id\t: AuthenticAMD\ncpu family\t: 25\nmodel\t\t: 17\nmodel name\t: AMD EPYC 9J14 96-Core Processor\nstepping\t: 1\nmicrocode\t: 0xa101154\ncpu MHz\t\t: 2596.098\ncache size\t: 512 KB\nphysical id\t: 0\nsiblings\t: 2\ncore id\t\t: 0\ncpu cores\t: 1\napicid\t\t: 1\ninitial apicid\t: 1\nfpu\t\t: yes\nfpu_exception\t: yes\ncpuid level\t: 16\nwp\t\t: yes\nflags\t\t: fpu vme de pse tsc msr pae mce cx8 apic sep mtrr pge mca cmov pat pse36 clflush mmx fxsr sse sse2 ht syscall nx mmxext fxsr_opt pdpe1gb rdtscp lm rep_good nopl xtopology cpuid extd_apicid tsc_known_freq pni pclmulqdq ssse3 fma cx16 pcid sse4_1 sse4_2 x2apic movbe popcnt tsc_deadline_timer aes xsave avx f16c rdrand hypervisor lahf_lm cmp_legacy svm cr8_legacy abm sse4a misalignsse 3dnowprefetch osvw topoext perfctr_core ssbd ibrs ibpb stibp vmmcall fsgsbase tsc_adjust bmi1 avx2 smep bmi2 erms invpcid avx512f avx512dq rdseed adx smap avx512ifma clflushopt clwb avx512cd sha_ni avx512bw avx512vl xsaveopt xsavec xgetbv1 xsaves avx512_bf16 clzero xsaveerptr wbnoinvd arat npt nrip_save vgif vnmi avx512vbmi umip pku ospke avx512_vbmi2 gfni vaes vpclmulqdq avx512_vnni avx512_bitalg avx512_vpopcntdq la57 rdpid overflow_recov succor fsrm arch_capabilities\nbugs\t\t: sysret_ss_attrs null_seg spectre_v1 spectre_v2 spec_store_bypass srso ibpb_no_ret tsa\nbogomips\t: 5192.19\nTLB size\t: 1024 4K pages\nclflush size\t: 64\ncache_alignment\t: 64\naddress sizes\t: 40 bits physical, 57 bits virtual\npower management:\n\n"}
{"timestamp":1768073741,"subsystem":"/proc/stat","measurement":"cpu  6790 121 1439 33559 1067 0 11 133 0 0\ncpu0 3444 63 713 16759 523 0 4 63 0 0\ncpu1 3346 58 726 16800 544 0 7 70 0 0\nintr 169250 68 9 0 0 919 0 0 0 0 0 0 0 15 0 0 0 0 0 0 26 0 0 0 0 0 0 0 0 0 0 0 0 0 0 0 0 0 0 0 0 0 0 0 0 0 0 0 0 0 0 0 0 4824 5196 0 4956 3664 0 0 0 0 0 0 0 0 0 0 0 0 0 0 0 0 0 0 0 0 0 0 0 0 0 0 0 0 0 0 0 0 0 0 0 0 0 0 0 0 0 0 0 0 0 0 0 0 0 0 0 0 0 0 0 0 0 0 0 0 0 0 0 0 0 0 0 0 0 0 0 0 0 0 0 0 0 0 0 0 0 0 0 0 0 0 0 0 0 0 0 0 0 0 0 0 0 0 0 0 0 0 0 0 0 0 0 0 0 0 0 0 0 0 0 0 0 0 0 0 0 0 0 0 0 0 0 0 0 0 0 0 0 0 0 0 0 0 0 0 0 0 0 0 0 0 0 0 0 0 0 0 0 0 0 0 0 0 0 0 0 0 0 0 0 0 0 0 0 0 0 0 0 0 0 0 0 0 0 0 0 0 0 0 0 0 0 0 0 0 0 0 0 0 0 0 0 0 0 0 0 0 0 0 0 0 0 0 0 0 0 0 0 0 0 0 0 0 0 0 0 0 0 0 0 0 0 0 0 0 0 0 0 0 0 0 0 0 0 0 0 0 0 0 0 0 0 0 0 0 0 0 0 0 0 0 0 0 0 0 0 0 0 0 0 0 0 0 0 0 0 0 0 0 0 0 0 0 0 0 0 0 0 0 0 0 0 0 0 0 0 0 0 0 0 0 0 0 0 0 0 0 0 0 0 0 0 0 0 0 0 0 0 0 0 0 0 0 0 0 0 0 0 0 0 0 0 0 0 0 0 0 0 0 0 0 0 0 0 0 0 0 0 0 0 0 0 0 0 0 0 0 0 0 0 0 0 0 0 0 0 0 0 0 0 0 0 0 0 0 0 0 0 0 0 0 0 0 0 0 0 0 0\nctxt 182101\nbtime 1768073525\nprocesses 3121\nprocs_running 7\nprocs_blocked 0\nsoftirq 79084 5 11263 7 7916 1465 0 120 13745 0 44563\n"}
{"timestamp":1768073741,"subsystem":"/proc/meminfo","measurement":"MemTotal:        4004580 kB\nMemFree:         2205664 kB\nMemAvailable:    3339392 kB\nBuffers:           29552 kB\nCached:          1314140 kB\nSwapCached:            0 kB\nActive:           875172 kB\nInactive:         686368 kB\nActive(anon):     238200 kB\nInactive(anon):        0 kB\nActive(file):     636972 kB\nInactive(file):   686368 kB\nUnevictable:       39208 kB\nMlocked:           35208 kB\nSwapTotal:             0 kB\nSwapFree:              0 kB\nZswap:                 0 kB\nZswapped:              0 kB\nDirty:               184 kB\nWriteback:             0 kB\nAnonPages:        257124 kB\nMapped:           290684 kB\nShmem:              5632 kB\nKReclaimable:      36172 kB\nSlab:              99576 kB\nSReclaimable:      36172 kB\nSUnreclaim:        63404 kB\nKernelStack:        5104 kB\nPageTables:         6376 kB\nSecPageTables:         0 kB\nNFS_Unstable:          0 kB\nBounce:                0 kB\nWritebackTmp:          0 kB\nCommitLimit:     2002288 kB\nCommitted_AS:    2154328 kB\nVmallocTotal:   13743895347199 kB\nVmallocUsed:       21952 kB\nVmallocChunk:          0 kB\nPercpu:             1136 kB\nHardwareCorrupted:     0 kB\nAnonHugePages:         0 kB\nShmemHugePages:        0 kB\nShmemPmdMapped:        0 kB\nFileHugePages:         0 kB\nFilePmdMapped:         0 kB\nUnaccepted:            0 kB\nHugePages_Total:       0\nHugePages_Free:        0\nHugePages_Rsvd:        0\nHugePages_Surp:        0\nHugepagesize:       2048 kB\nHugetlb:               0 kB\nDirectMap4k:      136104 kB\nDirectMap2M:     4052992 kB\nDirectMap1G:     2097152 kB\n"}
{"timestamp":1768073741,"subsystem":"/proc/net/dev","measurement":"Inter-|   Receive                                                |  Transmit\n face |bytes    packets errs drop fifo frame compressed multicast|bytes    packets errs drop fifo colls carrier compressed\n    lo:   12591      82    0    0    0     0          0         0    12591      82    0    0    0     0       0          0\nenp0s5: 15169860    5504    0    0    0     0          0         0   546109    3726    0    0    0     0       0          0\ndocker0:  133409    2492    0    0    0     0          0         0 13666420    3764    0    2    0     0       0          0\nveth0055899:   37641     551    0    0    0     0          0         0  4534846     941    0    0    0     0       0          0\nvethbb5940e:   64041     951    0    0    0     0          0         0  4564790    1395    0    0    0     0       0          0\nveth1babadb:   66615     990    0    0    0     0          0         0  4570802    1485    0    0    0     0       0          0\n"}
{"timestamp":1768073741,"subsystem":"/proc/diskstats","measurement":"   7       0 loop0 41 0 688 19 0 0 0 0 0 19 19 0 0 0 0 0 0\n   7       1 loop1 48 0 716 27 0 0 0 0 0 28 27 0 0 0 0 0 0\n   7       2 loop2 680 0 52116 737 0 0 0 0 0 592 737 0 0 0 0 0 0\n   7       3 loop3 43 0 692 22 0 0 0 0 0 19 22 0 0 0 0 0 0\n   7       4 loop4 653 0 47728 3232 0 0 0 0 0 1919 3232 0 0 0 0 0 0\n   7       5 loop5 10 0 20 0 0 0 0 0 0 0 0 0 0 0 0 0 0\n   7       6 loop6 0 0 0 0 0 0 0 0 0 0 0 0 0 0 0 0 0\n   7       7 loop7 0 0 0 0 0 0 0 0 0 0 0 0 0 0 0 0 0\n   8       0 sda 9109 5264 2285729 40546 1960 1163 620486 99259 0 13152 139914 143 30 1902464 108 0 0\n   8       1 sda1 8517 3569 2247176 40220 1942 1142 620258 99247 0 15035 139576 143 30 1902464 108 0 0\n   8      14 sda14 109 0 1120 46 0 0 0 0 0 48 46 0 0 0 0 0 0\n   8      15 sda15 191 1662 20265 118 2 0 2 1 0 78 120 0 0 0 0 0 0\n 259       0 sda16 192 33 13328 105 16 21 226 10 0 83 115 0 0 0 0 0 0\n"}
{"timestamp":1768073741,"subsystem":"statfs[*]","measurement":"{\"mount_point\":\"/\",\"block_size\":4096,\"blocks_total\":12422878,\"blocks_free\":11453386,\"blocks_available\":11449290}\n{\"mount_point\":\"/boot\",\"block_size\":4096,\"blocks_total\":225380,\"blocks_free\":186421,\"blocks_available\":170639}\n{\"mount_point\":\"/boot/efi\",\"block_size\":512,\"blocks_total\":213663,\"blocks_free\":201164,\"blocks_available\":201164}\n"}
{"timestamp":1768073746,"subsystem":"/proc/cpuinfo","measurement":"processor\t: 0\nvendor_id\t: AuthenticAMD\ncpu family\t: 25\nmodel\t\t: 17\nmodel name\t: AMD EPYC 9J14 96-Core Processor\nstepping\t: 1\nmicrocode\t: 0xa101154\ncpu MHz\t\t: 2596.098\ncache size\t: 512 KB\nphysical id\t: 0\nsiblings\t: 2\ncore id\t\t: 0\ncpu cores\t: 1\napicid\t\t: 0\ninitial apicid\t: 0\nfpu\t\t: yes\nfpu_exception\t: yes\ncpuid level\t: 16\nwp\t\t: yes\nflags\t\t: fpu vme de pse tsc msr pae mce cx8 apic sep mtrr pge mca cmov pat pse36 clflush mmx fxsr sse sse2 ht syscall nx mmxext fxsr_opt pdpe1gb rdtscp lm rep_good nopl xtopology cpuid extd_apicid tsc_known_freq pni pclmulqdq ssse3 fma cx16 pcid sse4_1 sse4_2 x2apic movbe popcnt tsc_deadline_timer aes xsave avx f16c rdrand hypervisor lahf_lm cmp_legacy svm cr8_legacy abm sse4a misalignsse 3dnowprefetch osvw topoext perfctr_core ssbd ibrs ibpb stibp vmmcall fsgsbase tsc_adjust bmi1 avx2 smep bmi2 erms invpcid avx512f avx512dq rdseed adx smap avx512ifma clflushopt clwb avx512cd sha_ni avx512bw avx512vl xsaveopt xsavec xgetbv1 xsaves avx512_bf16 clzero xsaveerptr wbnoinvd arat npt nrip_save vgif vnmi avx512vbmi umip pku ospke avx512_vbmi2 gfni vaes vpclmulqdq avx512_vnni avx512_bitalg avx512_vpopcntdq la57 rdpid overflow_recov succor fsrm arch_capabilities\nbugs\t\t: sysret_ss_attrs null_seg spectre_v1 spectre_v2 spec_store_bypass srso ibpb_no_ret tsa\nbogomips\t: 5192.19\nTLB size\t: 1024 4K pages\nclflush size\t: 64\ncache_alignment\t: 64\naddress sizes\t: 40 bits physical, 57 bits virtual\npower management:\n\nprocessor\t: 1\nvendor_id\t: AuthenticAMD\ncpu family\t: 25\nmodel\t\t: 17\nmodel name\t: AMD EPYC 9J14 96-Core Processor\nstepping\t: 1\nmicrocode\t: 0xa101154\ncpu MHz\t\t: 2596.098\ncache size\t: 512 KB\nphysical id\t: 0\nsiblings\t: 2\ncore id\t\t: 0\ncpu cores\t: 1\napicid\t\t: 1\ninitial apicid\t: 1\nfpu\t\t: yes\nfpu_exception\t: yes\ncpuid level\t: 16\nwp\t\t: yes\nflags\t\t: fpu vme de pse tsc msr pae mce cx8 apic sep mtrr pge mca cmov pat pse36 clflush mmx fxsr sse sse2 ht syscall nx mmxext fxsr_opt pdpe1gb rdtscp lm rep_good nopl xtopology cpuid extd_apicid tsc_known_freq pni pclmulqdq ssse3 fma cx16 pcid sse4_1 sse4_2 x2apic movbe popcnt tsc_deadline_timer aes xsave avx f16c rdrand hypervisor lahf_lm cmp_legacy svm cr8_legacy abm sse4a misalignsse 3dnowprefetch osvw topoext perfctr_core ssbd ibrs ibpb stibp vmmcall fsgsbase tsc_adjust bmi1 avx2 smep bmi2 erms invpcid avx512f avx512dq rdseed adx smap avx512ifma clflushopt clwb avx512cd sha_ni avx512bw avx512vl xsaveopt xsavec xgetbv1 xsaves avx512_bf16 clzero xsaveerptr wbnoinvd arat npt nrip_save vgif vnmi avx512vbmi umip pku ospke avx512_vbmi2 gfni vaes vpclmulqdq avx512_vnni avx512_bitalg avx512_vpopcntdq la57 rdpid overflow_recov succor fsrm arch_capabilities\nbugs\t\t: sysret_ss_attrs null_seg spectre_v1 spectre_v2 spec_store_bypass srso ibpb_no_ret tsa\nbogomips\t: 5192.19\nTLB size\t: 1024 4K pages\nclflush size\t: 64\ncache_alignment\t: 64\naddress sizes\t: 40 bits physical, 57 bits virtual\npower management:\n\n"}
{"timestamp":1768073746,"subsystem":"/proc/stat","measurement":"cpu  7790 121 1440 33559 1067 0 11 133 0 0\ncpu0 3944 63 714 16759 523 0 4 63 0 0\ncpu1 3845 58 726 16800 544 0 7 70 0 0\nintr 179611 68 9 0 0 919 0 0 0 0 0 0 0 15 0 0 0 0 0 0 26 0 0 0 0 0 0 0 0 0 0 0 0 0 0 0 0 0 0 0 0 0 0 0 0 0 0 0 0 0 0 0 0 4824 5197 0 4956 3664 0 0 0 0 0 0 0 0 0 0 0 0 0 0 0 0 0 0 0 0 0 0 0 0 0 0 0 0 0 0 0 0 0 0 0 0 0 0 0 0 0 0 0 0 0 0 0 0 0 0 0 0 0 0 0 0 0 0 0 0 0 0 0 0 0 0 0 0 0 0 0 0 0 0 0 0 0 0 0 0 0 0 0 0 0 0 0 0 0 0 0 0 0 0 0 0 0 0 0 0 0 0 0 0 0 0 0 0 0 0 0 0 0 0 0 0 0 0 0 0 0 0 0 0 0 0 0 0 0 0 0 0 0 0 0 0 0 0 0 0 0 0 0 0 0 0 0 0 0 0 0 0 0 0 0 0 0 0 0 0 0 0 0 0 0 0 0 0 0 0 0 0 0 0 0 0 0 0 0 0 0 0 0 0 0 0 0 0 0 0 0 0 0 0 0 0 0 0 0 0 0 0 0 0 0 0 0 0 0 0 0 0 0 0 0 0 0 0 0 0 0 0 0 0 0 0 0 0 0 0 0 0 0 0 0 0 0 0 0 0 0 0 0 0 0 0 0 0 0 0 0 0 0 0 0 0 0 0 0 0 0 0 0 0 0 0 0 0 0 0 0 0 0 0 0 0 0 0 0 0 0 0 0 0 0 0 0 0 0 0 0 0 0 0 0 0 0 0 0 0 0 0 0 0 0 0 0 0 0 0 0 0 0 0 0 0 0 0 0 0 0 0 0 0 0 0 0 0 0 0 0 0 0 0 0 0 0 0 0 0 0 0 0 0 0 0 0 0 0 0 0 0 0 0 0 0 0 0 0 0 0 0 0 0 0 0 0 0 0 0 0 0 0 0 0 0 0 0 0 0 0 0 0\nctxt 187932\nbtime 1768073525\nprocesses 3124\nprocs_running 8\nprocs_blocked 0\nsoftirq 79476 5 11414 7 7916 1465 0 120 13905 0 44644\n"}
{"timestamp":1768073746,"subsystem":"/proc/meminfo","measurement":"MemTotal:        4004580 kB\nMemFree:         2205160 kB\nMemAvailable:    3338900 kB\nBuffers:           29552 kB\nCached:          1314156 kB\nSwapCached:            0 kB\nActive:           875632 kB\nInactive:         686380 kB\nActive(anon):     238660 kB\nInactive(anon):        0 kB\nActive(file):     636972 kB\nInactive(file):   686380 kB\nUnevictable:       39208 kB\nMlocked:           35208 kB\nSwapTotal:             0 kB\nSwapFree:              0 kB\nZswap:                 0 kB\nZswapped:              0 kB\nDirty:               144 kB\nWriteback:             0 kB\nAnonPages:        257704 kB\nMapped:           290684 kB\nShmem:              5632 kB\nKReclaimable:      36172 kB\nSlab:              99568 kB\nSReclaimable:      36172 kB\nSUnreclaim:        63396 kB\nKernelStack:        5104 kB\nPageTables:         6376 kB\nSecPageTables:         0 kB\nNFS_Unstable:          0 kB\nBounce:                0 kB\nWritebackTmp:          0 kB\nCommitLimit:     2002288 kB\nCommitted_AS:    2154328 kB\nVmallocTotal:   13743895347199 kB\nVmallocUsed:       21952 kB\nVmallocChunk:          0 kB\nPercpu:             1136 kB\nHardwareCorrupted:     0 kB\nAnonHugePages:         0 kB\nShmemHugePages:        0 kB\nShmemPmdMapped:        0 kB\nFileHugePages:         0 kB\nFilePmdMapped:         0 kB\nUnaccepted:            0 kB\nHugePages_Total:       0\nHugePages_Free:        0\nHugePages_Rsvd:        0\nHugePages_Surp:        0\nHugepagesize:       2048 kB\nHugetlb:               0 kB\nDirectMap4k:      136104 kB\nDirectMap2M:     4052992 kB\nDirectMap1G:     2097152 kB\n"}
{"timestamp":1768073746,"subsystem":"/proc/net/dev","measurement":"Inter-|   Receive                                                |  Transmit\n face |bytes    packets errs drop fifo frame compressed multicast|bytes    packets errs drop fifo colls carrier compressed\n    lo:   12591      82    0    0    0     0          0         0    12591      82    0    0    0     0       0          0\nenp0s5: 15169860    5504    0    0    0     0          0         0   546109    3726    0    0    0     0       0          0\ndocker0:  133409    2492    0    0    0     0          0         0 13666420    3764    0    2    0     0       0          0\nveth0055899:   37641     551    0    0    0     0          0         0  4534846     941    0    0    0     0       0          0\nvethbb5940e:   64041     951    0    0    0     0          0         0  4564790    1395    0    0    0     0       0          0\nveth1babadb:   66615     990    0    0    0     0          0         0  4570802    1485    0    0    0     0       0          0\n"}
{"timestamp":1768073746,"subsystem":"/proc/diskstats","measurement":"   7       0 loop0 41 0 688 19 0 0 0 0 0 19 19 0 0 0 0 0 0\n   7       1 loop1 48 0 716 27 0 0 0 0 0 28 27 0 0 0 0 0 0\n   7       2 loop2 680 0 52116 737 0 0 0 0 0 592 737 0 0 0 0 0 0\n   7       3 loop3 43 0 692 22 0 0 0 0 0 19 22 0 0 0 0 0 0\n   7       4 loop4 653 0 47728 3232 0 0 0 0 0 1919 3232 0 0 0 0 0 0\n   7       5 loop5 10 0 20 0 0 0 0 0 0 0 0 0 0 0 0 0 0\n   7       6 loop6 0 0 0 0 0 0 0 0 0 0 0 0 0 0 0 0 0\n   7       7 loop7 0 0 0 0 0 0 0 0 0 0 0 0 0 0 0 0 0\n   8       0 sda 9109 5264 2285729 40546 1961 1163 620606 99260 0 13152 139915 143 30 1902464 108 0 0\n   8       1 sda1 8517 3569 2247176 40220 1943 1142 620378 99248 0 15035 139577 143 30 1902464 108 0 0\n   8      14 sda14 109 0 1120 46 0 0 0 0 0 48 46 0 0 0 0 0 0\n   8      15 sda15 191 1662 20265 118 2 0 2 1 0 78 120 0 0 0 0 0 0\n 259       0 sda16 192 33 13328 105 16 21 226 10 0 83 115 0 0 0 0 0 0\n"}
{"timestamp":1768073746,"subsystem":"statfs[*]","measurement":"{\"mount_point\":\"/\",\"block_size\":4096,\"blocks_total\":12422878,\"blocks_free\":11453383,\"blocks_available\":11449287}\n{\"mount_point\":\"/boot\",\"block_size\":4096,\"blocks_total\":225380,\"blocks_free\":186421,\"blocks_available\":170639}\n{\"mount_point\":\"/boot/efi\",\"block_size\":512,\"blocks_total\":213663,\"blocks_free\":201164,\"blocks_available\":201164}\n"}
{"timestamp":1768073751,"subsystem":"/proc/cpuinfo","measurement":"processor\t: 0\nvendor_id\t: AuthenticAMD\ncpu family\t: 25\nmodel\t\t: 17\nmodel name\t: AMD EPYC 9J14 96-Core Processor\nstepping\t: 1\nmicrocode\t: 0xa101154\ncpu MHz\t\t: 2596.098\ncache size\t: 512 KB\nphysical id\t: 0\nsiblings\t: 2\ncore id\t\t: 0\ncpu cores\t: 1\napicid\t\t: 0\ninitial apicid\t: 0\nfpu\t\t: yes\nfpu_exception\t: yes\ncpuid level\t: 16\nwp\t\t: yes\nflags\t\t: fpu vme de pse tsc msr pae mce cx8 apic sep mtrr pge mca cmov pat pse36 clflush mmx fxsr sse sse2 ht syscall nx mmxext fxsr_opt pdpe1gb rdtscp lm rep_good nopl xtopology cpuid extd_apicid tsc_known_freq pni pclmulqdq ssse3 fma cx16 pcid sse4_1 sse4_2 x2apic movbe popcnt tsc_deadline_timer aes xsave avx f16c rdrand hypervisor lahf_lm cmp_legacy svm cr8_legacy abm sse4a misalignsse 3dnowprefetch osvw topoext perfctr_core ssbd ibrs ibpb stibp vmmcall fsgsbase tsc_adjust bmi1 avx2 smep bmi2 erms invpcid avx512f avx512dq rdseed adx smap avx512ifma clflushopt clwb avx512cd sha_ni avx512bw avx512vl xsaveopt xsavec xgetbv1 xsaves avx512_bf16 clzero xsaveerptr wbnoinvd arat npt nrip_save vgif vnmi avx512vbmi umip pku ospke avx512_vbmi2 gfni vaes vpclmulqdq avx512_vnni avx512_bitalg avx512_vpopcntdq la57 rdpid overflow_recov succor fsrm arch_capabilities\nbugs\t\t: sysret_ss_attrs null_seg spectre_v1 spectre_v2 spec_store_bypass srso ibpb_no_ret tsa\nbogomips\t: 5192.19\nTLB size\t: 1024 4K pages\nclflush size\t: 64\ncache_alignment\t: 64\naddress sizes\t: 40 bits physical, 57 bits virtual\npower management:\n\nprocessor\t: 1\nvendor_id\t: AuthenticAMD\ncpu family\t: 25\nmodel\t\t: 17\nmodel name\t: AMD EPYC 9J14 96-Core Processor\nstepping\t: 1\nmicrocode\t: 0xa101154\ncpu MHz\t\t: 2596.098\ncache size\t: 512 KB\nphysical id\t: 0\nsiblings\t: 2\ncore id\t\t: 0\ncpu cores\t: 1\napicid\t\t: 1\ninitial apicid\t: 1\nfpu\t\t: yes\nfpu_exception\t: yes\ncpuid level\t: 16\nwp\t\t: yes\nflags\t\t: fpu vme de pse tsc msr pae mce cx8 apic sep mtrr pge mca cmov pat pse36 clflush mmx fxsr sse sse2 ht syscall nx mmxext fxsr_opt pdpe1gb rdtscp lm rep_good nopl xtopology cpuid extd_apicid tsc_known_freq pni pclmulqdq ssse3 fma cx16 pcid sse4_1 sse4_2 x2apic movbe popcnt tsc_deadline_timer aes xsave avx f16c rdrand hypervisor lahf_lm cmp_legacy svm cr8_legacy abm sse4a misalignsse 3dnowprefetch osvw topoext perfctr_core ssbd ibrs ibpb stibp vmmcall fsgsbase tsc_adjust bmi1 avx2 smep bmi2 erms invpcid avx512f avx512dq rdseed adx smap avx512ifma clflushopt clwb avx512cd sha_ni avx512bw avx512vl xsaveopt xsavec xgetbv1 xsaves avx512_bf16 clzero xsaveerptr wbnoinvd arat npt nrip_save vgif vnmi avx512vbmi umip pku ospke avx512_vbmi2 gfni vaes vpclmulqdq avx512_vnni avx512_bitalg avx512_vpopcntdq la57 rdpid overflow_recov succor fsrm arch_capabilities\nbugs\t\t: sysret_ss_attrs null_seg spectre_v1 spectre_v2 spec_store_bypass srso ibpb_no_ret tsa\nbogomips\t: 5192.19\nTLB size\t: 1024 4K pages\nclflush size\t: 64\ncache_alignment\t: 64\naddress sizes\t: 40 bits physical, 57 bits virtual\npower management:\n\n"}
{"timestamp":1768073751,"subsystem":"/proc/stat","measurement":"cpu  8789 121 1441 33559 1067 0 11 133 0 0\ncpu0 4443 63 715 16759 523 0 4 63 0 0\ncpu1 4345 58 726 16800 544 0 7 70 0 0\nintr 189957 68 9 0 0 919 0 0 0 0 0 0 0 15 0 0 0 0 0 0 26 0 0 0 0 0 0 0 0 0 0 0 0 0 0 0 0 0 0 0 0 0 0 0 0 0 0 0 0 0 0 0 0 4824 5199 0 4956 3664 0 0 0 0 0 0 0 0 0 0 0 0 0 0 0 0 0 0 0 0 0 0 0 0 0 0 0 0 0 0 0 0 0 0 0 0 0 0 0 0 0 0 0 0 0 0 0 0 0 0 0 0 0 0 0 0 0 0 0 0 0 0 0 0 0 0 0 0 0 0 0 0 0 0 0 0 0 0 0 0 0 0 0 0 0 0 0 0 0 0 0 0 0 0 0 0 0 0 0 0 0 0 0 0 0 0 0 0 0 0 0 0 0 0 0 0 0 0 0 0 0 0 0 0 0 0 0 0 0 0 0 0 0 0 0 0 0 0 0 0 0 0 0 0 0 0 0 0 0 0 0 0 0 0 0 0 0 0 0 0 0 0 0 0 0 0 0 0 0 0 0 0 0 0 0 0 0 0 0 0 0 0 0 0 0 0 0 0 0 0 0 0 0 0 0 0 0 0 0 0 0 0 0 0 0 0 0 0 0 0 0 0 0 0 0 0 0 0 0 0 0 0 0 0 0 0 0 0 0 0 0 0 0 0 0 0 0 0 0 0 0 0 0 0 0 0 0 0 0 0 0 0 0 0 0 0 0 0 0 0 0 0 0 0 0 0 0 0 0 0 0 0 0 0 0 0 0 0 0 0 0 0 0 0 0 0 0 0 0 0 0 0 0 0 0 0 0 0 0 0 0 0 0 0 0 0 0 0 0 0 0 0 0 0 0 0 0 0 0 0 0 0 0 0 0 0 0 0 0 0 0 0 0 0 0 0 0 0 0 0 0 0 0 0 0 0 0 0 0 0 0 0 0 0 0 0 0 0 0 0 0 0 0 0 0 0 0 0 0 0 0 0 0 0 0 0 0 0 0 0 0 0 0\nctxt 193725\nbtime 1768073525\nprocesses 3127\nprocs_running 7\nprocs_blocked 0\nsoftirq 79873 5 11565 7 7916 1465 0 120 14063 0 44732\n"}
{"timestamp":1768073751,"subsystem":"/proc/meminfo","measurement":"MemTotal:        4004580 kB\nMemFree:         2204152 kB\nMemAvailable:    3337904 kB\nBuffers:           29552 kB\nCached:          1314164 kB\nSwapCached:            0 kB\nActive:           874032 kB\nInactive:         686392 kB\nActive(anon):     237060 kB\nInactive(anon):        0 kB\nActive(file):     636972 kB\nInactive(file):   686392 kB\nUnevictable:       39208 kB\nMlocked:           35208 kB\nSwapTotal:             0 kB\nSwapFree:              0 kB\nZswap:                 0 kB\nZswapped:              0 kB\nDirty:               140 kB\nWriteback:             0 kB\nAnonPages:        256040 kB\nMapped:           290684 kB\nShmem:              5632 kB\nKReclaimable:      36172 kB\nSlab:              99564 kB\nSReclaimable:      36172 kB\nSUnreclaim:        63392 kB\nKernelStack:        5104 kB\nPageTables:         6376 kB\nSecPageTables:         0 kB\nNFS_Unstable:          0 kB\nBounce:                0 kB\nWritebackTmp:          0 kB\nCommitLimit:     2002288 kB\nCommitted_AS:    2154328 kB\nVmallocTotal:   13743895347199 kB\nVmallocUsed:       21952 kB\nVmallocChunk:          0 kB\nPercpu:             1136 kB\nHardwareCorrupted:     0 kB\nAnonHugePages:         0 kB\nShmemHugePages:        0 kB\nShmemPmdMapped:        0 kB\nFileHugePages:         0 kB\nFilePmdMapped:         0 kB\nUnaccepted:            0 kB\nHugePages_Total:       0\nHugePages_Free:        0\nHugePages_Rsvd:        0\nHugePages_Surp:        0\nHugepagesize:       2048 kB\nHugetlb:               0 kB\nDirectMap4k:      136104 kB\nDirectMap2M:     4052992 kB\nDirectMap1G:     2097152 kB\n"}
{"timestamp":1768073751,"subsystem":"/proc/net/dev","measurement":"Inter-|   Receive                                                |  Transmit\n face |bytes    packets errs drop fifo frame compressed multicast|bytes    packets errs drop fifo colls carrier compressed\n    lo:   12591      82    0    0    0     0          0         0    12591      82    0    0    0     0       0          0\nenp0s5: 15169860    5504    0    0    0     0          0         0   546109    3726    0    0    0     0       0          0\ndocker0:  133409    2492    0    0    0     0          0         0 13666420    3764    0    2    0     0       0          0\nveth0055899:   37641     551    0    0    0     0          0         0  4534846     941    0    0    0     0       0          0\nvethbb5940e:   64041     951    0    0    0     0          0         0  4564790    1395    0    0    0     0       0          0\nveth1babadb:   66615     990    0    0    0     0          0         0  4570802    1485    0    0    0     0       0          0\n"}
{"timestamp":1768073751,"subsystem":"/proc/diskstats","measurement":"   7       0 loop0 41 0 688 19 0 0 0 0 0 19 19 0 0 0 0 0 0\n   7       1 loop1 48 0 716 27 0 0 0 0 0 28 27 0 0 0 0 0 0\n   7       2 loop2 680 0 52116 737 0 0 0 0 0 592 737 0 0 0 0 0 0\n   7       3 loop3 43 0 692 22 0 0 0 0 0 19 22 0 0 0 0 0 0\n   7       4 loop4 653 0 47728 3232 0 0 0 0 0 1919 3232 0 0 0 0 0 0\n   7       5 loop5 10 0 20 0 0 0 0 0 0 0 0 0 0 0 0 0 0\n   7       6 loop6 0 0 0 0 0 0 0 0 0 0 0 0 0 0 0 0 0\n   7       7 loop7 0 0 0 0 0 0 0 0 0 0 0 0 0 0 0 0 0\n   8       0 sda 9109 5264 2285729 40546 1965 1163 620638 99262 0 13152 139917 143 30 1902464 108 0 0\n   8       1 sda1 8517 3569 2247176 40220 1947 1142 620410 99250 0 15035 139579 143 30 1902464 108 0 0\n   8      14 sda14 109 0 1120 46 0 0 0 0 0 48 46 0 0 0 0 0 0\n   8      15 sda15 191 1662 20265 118 2 0 2 1 0 78 120 0 0 0 0 0 0\n 259       0 sda16 192 33 13328 105 16 21 226 10 0 83 115 0 0 0 0 0 0\n"}
{"timestamp":1768073751,"subsystem":"statfs[*]","measurement":"{\"mount_point\":\"/\",\"block_size\":4096,\"blocks_total\":12422878,\"blocks_free\":11453380,\"blocks_available\":11449284}\n{\"mount_point\":\"/boot\",\"block_size\":4096,\"blocks_total\":225380,\"blocks_free\":186421,\"blocks_available\":170639}\n{\"mount_point\":\"/boot/efi\",\"block_size\":512,\"blocks_total\":213663,\"blocks_free\":201164,\"blocks_available\":201164}\n"}
{"timestamp":1768073756,"subsystem":"/proc/cpuinfo","measurement":"processor\t: 0\nvendor_id\t: AuthenticAMD\ncpu family\t: 25\nmodel\t\t: 17\nmodel name\t: AMD EPYC 9J14 96-Core Processor\nstepping\t: 1\nmicrocode\t: 0xa101154\ncpu MHz\t\t: 2596.098\ncache size\t: 512 KB\nphysical id\t: 0\nsiblings\t: 2\ncore id\t\t: 0\ncpu cores\t: 1\napicid\t\t: 0\ninitial apicid\t: 0\nfpu\t\t: yes\nfpu_exception\t: yes\ncpuid level\t: 16\nwp\t\t: yes\nflags\t\t: fpu vme de pse tsc msr pae mce cx8 apic sep mtrr pge mca cmov pat pse36 clflush mmx fxsr sse sse2 ht syscall nx mmxext fxsr_opt pdpe1gb rdtscp lm rep_good nopl xtopology cpuid extd_apicid tsc_known_freq pni pclmulqdq ssse3 fma cx16 pcid sse4_1 sse4_2 x2apic movbe popcnt tsc_deadline_timer aes xsave avx f16c rdrand hypervisor lahf_lm cmp_legacy svm cr8_legacy abm sse4a misalignsse 3dnowprefetch osvw topoext perfctr_core ssbd ibrs ibpb stibp vmmcall fsgsbase tsc_adjust bmi1 avx2 smep bmi2 erms invpcid avx512f avx512dq rdseed adx smap avx512ifma clflushopt clwb avx512cd sha_ni avx512bw avx512vl xsaveopt xsavec xgetbv1 xsaves avx512_bf16 clzero xsaveerptr wbnoinvd arat npt nrip_save vgif vnmi avx512vbmi umip pku ospke avx512_vbmi2 gfni vaes vpclmulqdq avx512_vnni avx512_bitalg avx512_vpopcntdq la57 rdpid overflow_recov succor fsrm arch_capabilities\nbugs\t\t: sysret_ss_attrs null_seg spectre_v1 spectre_v2 spec_store_bypass srso ibpb_no_ret tsa\nbogomips\t: 5192.19\nTLB size\t: 1024 4K pages\nclflush size\t: 64\ncache_alignment\t: 64\naddress sizes\t: 40 bits physical, 57 bits virtual\npower management:\n\nprocessor\t: 1\nvendor_id\t: AuthenticAMD\ncpu family\t: 25\nmodel\t\t: 17\nmodel name\t: AMD EPYC 9J14 96-Core Processor\nstepping\t: 1\nmicrocode\t: 0xa101154\ncpu MHz\t\t: 2596.098\ncache size\t: 512 KB\nphysical id\t: 0\nsiblings\t: 2\ncore id\t\t: 0\ncpu cores\t: 1\napicid\t\t: 1\ninitial apicid\t: 1\nfpu\t\t: yes\nfpu_exception\t: yes\ncpuid level\t: 16\nwp\t\t: yes\nflags\t\t: fpu vme de pse tsc msr pae mce cx8 apic sep mtrr pge mca cmov pat pse36 clflush mmx fxsr sse sse2 ht syscall nx mmxext fxsr_opt pdpe1gb rdtscp lm rep_good nopl xtopology cpuid extd_apicid tsc_known_freq pni pclmulqdq ssse3 fma cx16 pcid sse4_1 sse4_2 x2apic movbe popcnt tsc_deadline_timer aes xsave avx f16c rdrand hypervisor lahf_lm cmp_legacy svm cr8_legacy abm sse4a misalignsse 3dnowprefetch osvw topoext perfctr_core ssbd ibrs ibpb stibp vmmcall fsgsbase tsc_adjust bmi1 avx2 smep bmi2 erms invpcid avx512f avx512dq rdseed adx smap avx512ifma clflushopt clwb avx512cd sha_ni avx512bw avx512vl xsaveopt xsavec xgetbv1 xsaves avx512_bf16 clzero xsaveerptr wbnoinvd arat npt nrip_save vgif vnmi avx512vbmi umip pku ospke avx512_vbmi2 gfni vaes vpclmulqdq avx512_vnni avx512_bitalg avx512_vpopcntdq la57 rdpid overflow_recov succor fsrm arch_capabilities\nbugs\t\t: sysret_ss_attrs null_seg spectre_v1 spectre_v2 spec_store_bypass srso ibpb_no_ret tsa\nbogomips\t: 5192.19\nTLB size\t: 1024 4K pages\nclflush size\t: 64\ncache_alignment\t: 64\naddress sizes\t: 40 bits physical, 57 bits virtual\npower management:\n\n"}
{"timestamp":1768073756,"subsystem":"/proc/stat","measurement":"cpu  9788 121 1442 33559 1067 0 11 134 0 0\ncpu0 4942 63 715 16759 523 0 4 63 0 0\ncpu1 4845 58 726 16800 544 0 7 71 0 0\nintr 200302 68 9 0 0 919 0 0 0 0 0 0 0 15 0 0 0 0 0 0 26 0 0 0 0 0 0 0 0 0 0 0 0 0 0 0 0 0 0 0 0 0 0 0 0 0 0 0 0 0 0 0 0 4824 5199 0 4959 3667 0 0 0 0 0 0 0 0 0 0 0 0 0 0 0 0 0 0 0 0 0 0 0 0 0 0 0 0 0 0 0 0 0 0 0 0 0 0 0 0 0 0 0 0 0 0 0 0 0 0 0 0 0 0 0 0 0 0 0 0 0 0 0 0 0 0 0 0 0 0 0 0 0 0 0 0 0 0 0 0 0 0 0 0 0 0 0 0 0 0 0 0 0 0 0 0 0 0 0 0 0 0 0 0 0 0 0 0 0 0 0 0 0 0 0 0 0 0 0 0 0 0 0 0 0 0 0 0 0 0 0 0 0 0 0 0 0 0 0 0 0 0 0 0 0 0 0 0 0 0 0 0 0 0 0 0 0 0 0 0 0 0 0 0 0 0 0 0 0 0 0 0 0 0 0 0 0 0 0 0 0 0 0 0 0 0 0 0 0 0 0 0 0 0 0 0 0 0 0 0 0 0 0 0 0 0 0 0 0 0 0 0 0 0 0 0 0 0 0 0 0 0 0 0 0 0 0 0 0 0 0 0 0 0 0 0 0 0 0 0 0 0 0 0 0 0 0 0 0 0 0 0 0 0 0 0 0 0 0 0 0 0 0 0 0 0 0 0 0 0 0 0 0 0 0 0 0 0 0 0 0 0 0 0 0 0 0 0 0 0 0 0 0 0 0 0 0 0 0 0 0 0 0 0 0 0 0 0 0 0 0 0 0 0 0 0 0 0 0 0 0 0 0 0 0 0 0 0 0 0 0 0 0 0 0 0 0 0 0 0 0 0 0 0 0 0 0 0 0 0 0 0 0 0 0 0 0 0 0 0 0 0 0 0 0 0 0 0 0 0 0 0 0 0 0 0 0 0 0 0 0 0 0\nctxt 199499\nbtime 1768073525\nprocesses 3130\nprocs_running 6\nprocs_blocked 0\nsoftirq 80276 5 11714 7 7922 1465 0 120 14223 0 44820\n"}
{"timestamp":1768073756,"subsystem":"/proc/meminfo","measurement":"MemTotal:        4004580 kB\nMemFree:         2204152 kB\nMemAvailable:    3337928 kB\nBuffers:           29552 kB\nCached:          1314180 kB\nSwapCached:            0 kB\nActive:           874988 kB\nInactive:         686416 kB\nActive(anon):     238016 kB\nInactive(anon):        0 kB\nActive(file):     636972 kB\nInactive(file):   686416 kB\nUnevictable:       39208 kB\nMlocked:           35208 kB\nSwapTotal:             0 kB\nSwapFree:              0 kB\nZswap:                 0 kB\nZswapped:              0 kB\nDirty:               156 kB\nWriteback:             0 kB\nAnonPages:        257028 kB\nMapped:           290684 kB\nShmem:              5632 kB\nKReclaimable:      36172 kB\nSlab:              99580 kB\nSReclaimable:      36172 kB\nSUnreclaim:        63408 kB\nKernelStack:        5104 kB\nPageTables:         6380 kB\nSecPageTables:         0 kB\nNFS_Unstable:          0 kB\nBounce:                0 kB\nWritebackTmp:          0 kB\nCommitLimit:     2002288 kB\nCommitted_AS:    2154648 kB\nVmallocTotal:   13743895347199 kB\nVmallocUsed:       21968 kB\nVmallocChunk:          0 kB\nPercpu:             1136 kB\nHardwareCorrupted:     0 kB\nAnonHugePages:         0 kB\nShmemHugePages:        0 kB\nShmemPmdMapped:        0 kB\nFileHugePages:         0 kB\nFilePmdMapped:         0 kB\nUnaccepted:            0 kB\nHugePages_Total:       0\nHugePages_Free:        0\nHugePages_Rsvd:        0\nHugePages_Surp:        0\nHugepagesize:       2048 kB\nHugetlb:               0 kB\nDirectMap4k:      136104 kB\nDirectMap2M:     4052992 kB\nDirectMap1G:     2097152 kB\n"}
{"timestamp":1768073756,"subsystem":"/proc/net/dev","measurement":"Inter-|   Receive                                                |  Transmit\n face |bytes    packets errs drop fifo frame compressed multicast|bytes    packets errs drop fifo colls carrier compressed\n    lo:   12591      82    0    0    0     0          0         0    12591      82    0    0    0     0       0          0\nenp0s5: 15170072    5507    0    0    0     0          0         0   546307    3729    0    0    0     0       0          0\ndocker0:  133409    2492    0    0    0     0          0         0 13666420    3764    0    2    0     0       0          0\nveth0055899:   37641     551    0    0    0     0          0         0  4534846     941    0    0    0     0       0          0\nvethbb5940e:   64041     951    0    0    0     0          0         0  4564790    1395    0    0    0     0       0          0\nveth1babadb:   66615     990    0    0    0     0          0         0  4570802    1485    0    0    0     0       0          0\n"}
{"timestamp":1768073756,"subsystem":"/proc/diskstats","measurement":"   7       0 loop0 41 0 688 19 0 0 0 0 0 19 19 0 0 0 0 0 0\n   7       1 loop1 48 0 716 27 0 0 0 0 0 28 27 0 0 0 0 0 0\n   7       2 loop2 680 0 52116 737 0 0 0 0 0 592 737 0 0 0 0 0 0\n   7       3 loop3 43 0 692 22 0 0 0 0 0 19 22 0 0 0 0 0 0\n   7       4 loop4 653 0 47728 3232 0 0 0 0 0 1919 3232 0 0 0 0 0 0\n   7       5 loop5 10 0 20 0 0 0 0 0 0 0 0 0 0 0 0 0 0\n   7       6 loop6 0 0 0 0 0 0 0 0 0 0 0 0 0 0 0 0 0\n   7       7 loop7 0 0 0 0 0 0 0 0 0 0 0 0 0 0 0 0 0\n   8       0 sda 9109 5264 2285729 40546 1965 1163 620638 99262 0 13152 139917 143 30 1902464 108 0 0\n   8       1 sda1 8517 3569 2247176 40220 1947 1142 620410 99250 0 15035 139579 143 30 1902464 108 0 0\n   8      14 sda14 109 0 1120 46 0 0 0 0 0 48 46 0 0 0 0 0 0\n   8      15 sda15 191 1662 20265 118 2 0 2 1 0 78 120 0 0 0 0 0 0\n 259       0 sda16 192 33 13328 105 16 21 226 10 0 83 115 0 0 0 0 0 0\n"}
{"timestamp":1768073756,"subsystem":"statfs[*]","measurement":"{\"mount_point\":\"/\",\"block_size\":4096,\"blocks_total\":12422878,\"blocks_free\":11453377,\"blocks_available\":11449281}\n{\"mount_point\":\"/boot\",\"block_size\":4096,\"blocks_total\":225380,\"blocks_free\":186421,\"blocks_available\":170639}\n{\"mount_point\":\"/boot/efi\",\"block_size\":512,\"blocks_total\":213663,\"blocks_free\":201164,\"blocks_available\":201164}\n"}
{"timestamp":1768073761,"subsystem":"/proc/cpuinfo","measurement":"processor\t: 0\nvendor_id\t: AuthenticAMD\ncpu family\t: 25\nmodel\t\t: 17\nmodel name\t: AMD EPYC 9J14 96-Core Processor\nstepping\t: 1\nmicrocode\t: 0xa101154\ncpu MHz\t\t: 2596.098\ncache size\t: 512 KB\nphysical id\t: 0\nsiblings\t: 2\ncore id\t\t: 0\ncpu cores\t: 1\napicid\t\t: 0\ninitial apicid\t: 0\nfpu\t\t: yes\nfpu_exception\t: yes\ncpuid level\t: 16\nwp\t\t: yes\nflags\t\t: fpu vme de pse tsc msr pae mce cx8 apic sep mtrr pge mca cmov pat pse36 clflush mmx fxsr sse sse2 ht syscall nx mmxext fxsr_opt pdpe1gb rdtscp lm rep_good nopl xtopology cpuid extd_apicid tsc_known_freq pni pclmulqdq ssse3 fma cx16 pcid sse4_1 sse4_2 x2apic movbe popcnt tsc_deadline_timer aes xsave avx f16c rdrand hypervisor lahf_lm cmp_legacy svm cr8_legacy abm sse4a misalignsse 3dnowprefetch osvw topoext perfctr_core ssbd ibrs ibpb stibp vmmcall fsgsbase tsc_adjust bmi1 avx2 smep bmi2 erms invpcid avx512f avx512dq rdseed adx smap avx512ifma clflushopt clwb avx512cd sha_ni avx512bw avx512vl xsaveopt xsavec xgetbv1 xsaves avx512_bf16 clzero xsaveerptr wbnoinvd arat npt nrip_save vgif vnmi avx512vbmi umip pku ospke avx512_vbmi2 gfni vaes vpclmulqdq avx512_vnni avx512_bitalg avx512_vpopcntdq la57 rdpid overflow_recov succor fsrm arch_capabilities\nbugs\t\t: sysret_ss_attrs null_seg spectre_v1 spectre_v2 spec_store_bypass srso ibpb_no_ret tsa\nbogomips\t: 5192.19\nTLB size\t: 1024 4K pages\nclflush size\t: 64\ncache_alignment\t: 64\naddress sizes\t: 40 bits physical, 57 bits virtual\npower management:\n\nprocessor\t: 1\nvendor_id\t: AuthenticAMD\ncpu family\t: 25\nmodel\t\t: 17\nmodel name\t: AMD EPYC 9J14 96-Core Processor\nstepping\t: 1\nmicrocode\t: 0xa101154\ncpu MHz\t\t: 2596.098\ncache size\t: 512 KB\nphysical id\t: 0\nsiblings\t: 2\ncore id\t\t: 0\ncpu cores\t: 1\napicid\t\t: 1\ninitial apicid\t: 1\nfpu\t\t: yes\nfpu_exception\t: yes\ncpuid level\t: 16\nwp\t\t: yes\nflags\t\t: fpu vme de pse tsc msr pae mce cx8 apic sep mtrr pge mca cmov pat pse36 clflush mmx fxsr sse sse2 ht syscall nx mmxext fxsr_opt pdpe1gb rdtscp lm rep_good nopl xtopology cpuid extd_apicid tsc_known_freq pni pclmulqdq ssse3 fma cx16 pcid sse4_1 sse4_2 x2apic movbe popcnt tsc_deadline_timer aes xsave avx f16c rdrand hypervisor lahf_lm cmp_legacy svm cr8_legacy abm sse4a misalignsse 3dnowprefetch osvw topoext perfctr_core ssbd ibrs ibpb stibp vmmcall fsgsbase tsc_adjust bmi1 avx2 smep bmi2 erms invpcid avx512f avx512dq rdseed adx smap avx512ifma clflushopt clwb avx512cd sha_ni avx512bw avx512vl xsaveopt xsavec xgetbv1 xsaves avx512_bf16 clzero xsaveerptr wbnoinvd arat npt nrip_save vgif vnmi avx512vbmi umip pku ospke avx512_vbmi2 gfni vaes vpclmulqdq avx512_vnni avx512_bitalg avx512_vpopcntdq la57 rdpid overflow_recov succor fsrm arch_capabilities\nbugs\t\t: sysret_ss_attrs null_seg spectre_v1 spectre_v2 spec_store_bypass srso ibpb_no_ret tsa\nbogomips\t: 5192.19\nTLB size\t: 1024 4K pages\nclflush size\t: 64\ncache_alignment\t: 64\naddress sizes\t: 40 bits physical, 57 bits virtual\npower management:\n\n"}
{"timestamp":1768073761,"subsystem":"/proc/stat","measurement":"cpu  10787 121 1443 33559 1067 0 11 134 0 0\ncpu0 5442 63 716 16759 523 0 4 63 0 0\ncpu1 5344 58 727 16800 544 0 7 71 0 0\nintr 210666 68 9 0 0 919 0 0 0 0 0 0 0 15 0 0 0 0 0 0 26 0 0 0 0 0 0 0 0 0 0 0 0 0 0 0 0 0 0 0 0 0 0 0 0 0 0 0 0 0 0 0 0 4824 5199 0 4960 3668 0 0 0 0 0 0 0 0 0 0 0 0 0 0 0 0 0 0 0 0 0 0 0 0 0 0 0 0 0 0 0 0 0 0 0 0 0 0 0 0 0 0 0 0 0 0 0 0 0 0 0 0 0 0 0 0 0 0 0 0 0 0 0 0 0 0 0 0 0 0 0 0 0 0 0 0 0 0 0 0 0 0 0 0 0 0 0 0 0 0 0 0 0 0 0 0 0 0 0 0 0 0 0 0 0 0 0 0 0 0 0 0 0 0 0 0 0 0 0 0 0 0 0 0 0 0 0 0 0 0 0 0 0 0 0 0 0 0 0 0 0 0 0 0 0 0 0 0 0 0 0 0 0 0 0 0 0 0 0 0 0 0 0 0 0 0 0 0 0 0 0 0 0 0 0 0 0 0 0 0 0 0 0 0 0 0 0 0 0 0 0 0 0 0 0 0 0 0 0 0 0 0 0 0 0 0 0 0 0 0 0 0 0 0 0 0 0 0 0 0 0 0 0 0 0 0 0 0 0 0 0 0 0 0 0 0 0 0 0 0 0 0 0 0 0 0 0 0 0 0 0 0 0 0 0 0 0 0 0 0 0 0 0 0 0 0 0 0 0 0 0 0 0 0 0 0 0 0 0 0 0 0 0 0 0 0 0 0 0 0 0 0 0 0 0 0 0 0 0 0 0 0 0 0 0 0 0 0 0 0 0 0 0 0 0 0 0 0 0 0 0 0 0 0 0 0 0 0 0 0 0 0 0 0 0 0 0 0 0 0 0 0 0 0 0 0 0 0 0 0 0 0 0 0 0 0 0 0 0 0 0 0 0 0 0 0 0 0 0 0 0 0 0 0 0 0 0 0 0 0 0 0 0\nctxt 205438\nbtime 1768073525\nprocesses 3133\nprocs_running 7\nprocs_blocked 0\nsoftirq 80672 5 11861 7 7924 1465 0 120 14381 0 44909\n"}
{"timestamp":1768073761,"subsystem":"/proc/meminfo","measurement":"MemTotal:        4004580 kB\nMemFree:         2203900 kB\nMemAvailable:    3337676 kB\nBuffers:           29552 kB\nCached:          1314188 kB\nSwapCached:            0 kB\nActive:           875580 kB\nInactive:         686416 kB\nActive(anon):     238608 kB\nInactive(anon):        0 kB\nActive(file):     636972 kB\nInactive(file):   686416 kB\nUnevictable:       39208 kB\nMlocked:           35208 kB\nSwapTotal:             0 kB\nSwapFree:              0 kB\nZswap:                 0 kB\nZswapped:              0 kB\nDirty:               164 kB\nWriteback:             0 kB\nAnonPages:        257536 kB\nMapped:           290684 kB\nShmem:              5632 kB\nKReclaimable:      36172 kB\nSlab:              99560 kB\nSReclaimable:      36172 kB\nSUnreclaim:        63388 kB\nKernelStack:        5104 kB\nPageTables:         6380 kB\nSecPageTables:         0 kB\nNFS_Unstable:          0 kB\nBounce:                0 kB\nWritebackTmp:          0 kB\nCommitLimit:     2002288 kB\nCommitted_AS:    2154648 kB\nVmallocTotal:   13743895347199 kB\nVmallocUsed:       21968 kB\nVmallocChunk:          0 kB\nPercpu:             1136 kB\nHardwareCorrupted:     0 kB\nAnonHugePages:         0 kB\nShmemHugePages:        0 kB\nShmemPmdMapped:        0 kB\nFileHugePages:         0 kB\nFilePmdMapped:         0 kB\nUnaccepted:            0 kB\nHugePages_Total:       0\nHugePages_Free:        0\nHugePages_Rsvd:        0\nHugePages_Surp:        0\nHugepagesize:       2048 kB\nHugetlb:               0 kB\nDirectMap4k:      136104 kB\nDirectMap2M:     4052992 kB\nDirectMap1G:     2097152 kB\n"}
{"timestamp":1768073761,"subsystem":"/proc/net/dev","measurement":"Inter-|   Receive                                                |  Transmit\n face |bytes    packets errs drop fifo frame compressed multicast|bytes    packets errs drop fifo colls carrier compressed\n    lo:   12591      82    0    0    0     0          0         0    12591      82    0    0    0     0       0          0\nenp0s5: 15170128    5508    0    0    0     0          0         0   546349    3730    0    0    0     0       0          0\ndocker0:  133409    2492    0    0    0     0          0         0 13666420    3764    0    2    0     0       0          0\nveth0055899:   37641     551    0    0    0     0          0         0  4534846     941    0    0    0     0       0          0\nvethbb5940e:   64041     951    0    0    0     0          0         0  4564790    1395    0    0    0     0       0          0\nveth1babadb:   66615     990    0    0    0     0          0         0  4570802    1485    0    0    0     0       0          0\n"}
{"timestamp":1768073761,"subsystem":"/proc/diskstats","measurement":"   7       0 loop0 41 0 688 19 0 0 0 0 0 19 19 0 0 0 0 0 0\n   7       1 loop1 48 0 716 27 0 0 0 0 0 28 27 0 0 0 0 0 0\n   7       2 loop2 680 0 52116 737 0 0 0 0 0 592 737 0 0 0 0 0 0\n   7       3 loop3 43 0 692 22 0 0 0 0 0 19 22 0 0 0 0 0 0\n   7       4 loop4 653 0 47728 3232 0 0 0 0 0 1919 3232 0 0 0 0 0 0\n   7       5 loop5 10 0 20 0 0 0 0 0 0 0 0 0 0 0 0 0 0\n   7       6 loop6 0 0 0 0 0 0 0 0 0 0 0 0 0 0 0 0 0\n   7       7 loop7 0 0 0 0 0 0 0 0 0 0 0 0 0 0 0 0 0\n   8       0 sda 9109 5264 2285729 40546 1965 1163 620638 99262 0 13152 139917 143 30 1902464 108 0 0\n   8       1 sda1 8517 3569 2247176 40220 1947 1142 620410 99250 0 15035 139579 143 30 1902464 108 0 0\n   8      14 sda14 109 0 1120 46 0 0 0 0 0 48 46 0 0 0 0 0 0\n   8      15 sda15 191 1662 20265 118 2 0 2 1 0 78 120 0 0 0 0 0 0\n 259       0 sda16 192 33 13328 105 16 21 226 10 0 83 115 0 0 0 0 0 0\n"}
{"timestamp":1768073761,"subsystem":"statfs[*]","measurement":"{\"mount_point\":\"/\",\"block_size\":4096,\"blocks_total\":12422878,\"blocks_free\":11453374,\"blocks_available\":11449278}\n{\"mount_point\":\"/boot\",\"block_size\":4096,\"blocks_total\":225380,\"blocks_free\":186421,\"blocks_available\":170639}\n{\"mount_point\":\"/boot/efi\",\"block_size\":512,\"blocks_total\":213663,\"blocks_free\":201164,\"blocks_available\":201164}\n"}
{"timestamp":1768073766,"subsystem":"/proc/cpuinfo","measurement":"processor\t: 0\nvendor_id\t: AuthenticAMD\ncpu family\t: 25\nmodel\t\t: 17\nmodel name\t: AMD EPYC 9J14 96-Core Processor\nstepping\t: 1\nmicrocode\t: 0xa101154\ncpu MHz\t\t: 2596.098\ncache size\t: 512 KB\nphysical id\t: 0\nsiblings\t: 2\ncore id\t\t: 0\ncpu cores\t: 1\napicid\t\t: 0\ninitial apicid\t: 0\nfpu\t\t: yes\nfpu_exception\t: yes\ncpuid level\t: 16\nwp\t\t: yes\nflags\t\t: fpu vme de pse tsc msr pae mce cx8 apic sep mtrr pge mca cmov pat pse36 clflush mmx fxsr sse sse2 ht syscall nx mmxext fxsr_opt pdpe1gb rdtscp lm rep_good nopl xtopology cpuid extd_apicid tsc_known_freq pni pclmulqdq ssse3 fma cx16 pcid sse4_1 sse4_2 x2apic movbe popcnt tsc_deadline_timer aes xsave avx f16c rdrand hypervisor lahf_lm cmp_legacy svm cr8_legacy abm sse4a misalignsse 3dnowprefetch osvw topoext perfctr_core ssbd ibrs ibpb stibp vmmcall fsgsbase tsc_adjust bmi1 avx2 smep bmi2 erms invpcid avx512f avx512dq rdseed adx smap avx512ifma clflushopt clwb avx512cd sha_ni avx512bw avx512vl xsaveopt xsavec xgetbv1 xsaves avx512_bf16 clzero xsaveerptr wbnoinvd arat npt nrip_save vgif vnmi avx512vbmi umip pku ospke avx512_vbmi2 gfni vaes vpclmulqdq avx512_vnni avx512_bitalg avx512_vpopcntdq la57 rdpid overflow_recov succor fsrm arch_capabilities\nbugs\t\t: sysret_ss_attrs null_seg spectre_v1 spectre_v2 spec_store_bypass srso ibpb_no_ret tsa\nbogomips\t: 5192.19\nTLB size\t: 1024 4K pages\nclflush size\t: 64\ncache_alignment\t: 64\naddress sizes\t: 40 bits physical, 57 bits virtual\npower management:\n\nprocessor\t: 1\nvendor_id\t: AuthenticAMD\ncpu family\t: 25\nmodel\t\t: 17\nmodel name\t: AMD EPYC 9J14 96-Core Processor\nstepping\t: 1\nmicrocode\t: 0xa101154\ncpu MHz\t\t: 2596.098\ncache size\t: 512 KB\nphysical id\t: 0\nsiblings\t: 2\ncore id\t\t: 0\ncpu cores\t: 1\napicid\t\t: 1\ninitial apicid\t: 1\nfpu\t\t: yes\nfpu_exception\t: yes\ncpuid level\t: 16\nwp\t\t: yes\nflags\t\t: fpu vme de pse tsc msr pae mce cx8 apic sep mtrr pge mca cmov pat pse36 clflush mmx fxsr sse sse2 ht syscall nx mmxext fxsr_opt pdpe1gb rdtscp lm rep_good nopl xtopology cpuid extd_apicid tsc_known_freq pni pclmulqdq ssse3 fma cx16 pcid sse4_1 sse4_2 x2apic movbe popcnt tsc_deadline_timer aes xsave avx f16c rdrand hypervisor lahf_lm cmp_legacy svm cr8_legacy abm sse4a misalignsse 3dnowprefetch osvw topoext perfctr_core ssbd ibrs ibpb stibp vmmcall fsgsbase tsc_adjust bmi1 avx2 smep bmi2 erms invpcid avx512f avx512dq rdseed adx smap avx512ifma clflushopt clwb avx512cd sha_ni avx512bw avx512vl xsaveopt xsavec xgetbv1 xsaves avx512_bf16 clzero xsaveerptr wbnoinvd arat npt nrip_save vgif vnmi avx512vbmi umip pku ospke avx512_vbmi2 gfni vaes vpclmulqdq avx512_vnni avx512_bitalg avx512_vpopcntdq la57 rdpid overflow_recov succor fsrm arch_capabilities\nbugs\t\t: sysret_ss_attrs null_seg spectre_v1 spectre_v2 spec_store_bypass srso ibpb_no_ret tsa\nbogomips\t: 5192.19\nTLB size\t: 1024 4K pages\nclflush size\t: 64\ncache_alignment\t: 64\naddress sizes\t: 40 bits physical, 57 bits virtual\npower management:\n\n"}
{"timestamp":1768073766,"subsystem":"/proc/stat","measurement":"cpu  11786 121 1444 33559 1067 0 11 134 0 0\ncpu0 5941 63 716 16759 523 0 4 63 0 0\ncpu1 5844 58 727 16800 544 0 7 71 0 0\nintr 220982 68 9 0 0 919 0 0 0 0 0 0 0 15 0 0 0 0 0 0 26 0 0 0 0 0 0 0 0 0 0 0 0 0 0 0 0 0 0 0 0 0 0 0 0 0 0 0 0 0 0 0 0 4824 5204 0 4960 3668 0 0 0 0 0 0 0 0 0 0 0 0 0 0 0 0 0 0 0 0 0 0 0 0 0 0 0 0 0 0 0 0 0 0 0 0 0 0 0 0 0 0 0 0 0 0 0 0 0 0 0 0 0 0 0 0 0 0 0 0 0 0 0 0 0 0 0 0 0 0 0 0 0 0 0 0 0 0 0 0 0 0 0 0 0 0 0 0 0 0 0 0 0 0 0 0 0 0 0 0 0 0 0 0 0 0 0 0 0 0 0 0 0 0 0 0 0 0 0 0 0 0 0 0 0 0 0 0 0 0 0 0 0 0 0 0 0 0 0 0 0 0 0 0 0 0 0 0 0 0 0 0 0 0 0 0 0 0 0 0 0 0 0 0 0 0 0 0 0 0 0 0 0 0 0 0 0 0 0 0 0 0 0 0 0 0 0 0 0 0 0 0 0 0 0 0 0 0 0 0 0 0 0 0 0 0 0 0 0 0 0 0 0 0 0 0 0 0 0 0 0 0 0 0 0 0 0 0 0 0 0 0 0 0 0 0 0 0 0 0 0 0 0 0 0 0 0 0 0 0 0 0 0 0 0 0 0 0 0 0 0 0 0 0 0 0 0 0 0 0 0 0 0 0 0 0 0 0 0 0 0 0 0 0 0 0 0 0 0 0 0 0 0 0 0 0 0 0 0 0 0 0 0 0 0 0 0 0 0 0 0 0 0 0 0 0 0 0 0 0 0 0 0 0 0 0 0 0 0 0 0 0 0 0 0 0 0 0 0 0 0 0 0 0 0 0 0 0 0 0 0 0 0 0 0 0 0 0 0 0 0 0 0 0 0 0 0 0 0 0 0 0 0 0 0 0 0 0 0 0 0 0 0\nctxt 211167\nbtime 1768073525\nprocesses 3136\nprocs_running 7\nprocs_blocked 0\nsoftirq 81072 5 12002 7 7925 1465 0 120 14542 0 45006\n"}
{"timestamp":1768073766,"subsystem":"/proc/meminfo","measurement":"MemTotal:        4004580 kB\nMemFree:         2203396 kB\nMemAvailable:    3337196 kB\nBuffers:           29560 kB\nCached:          1314204 kB\nSwapCached:            0 kB\nActive:           876196 kB\nInactive:         686440 kB\nActive(anon):     239224 kB\nInactive(anon):        0 kB\nActive(file):     636972 kB\nInactive(file):   686440 kB\nUnevictable:       39208 kB\nMlocked:           35208 kB\nSwapTotal:             0 kB\nSwapFree:              0 kB\nZswap:                 0 kB\nZswapped:              0 kB\nDirty:                68 kB\nWriteback:             0 kB\nAnonPages:        258116 kB\nMapped:           290684 kB\nShmem:              5632 kB\nKReclaimable:      36172 kB\nSlab:              99560 kB\nSReclaimable:      36172 kB\nSUnreclaim:        63388 kB\nKernelStack:        5104 kB\nPageTables:         6380 kB\nSecPageTables:         0 kB\nNFS_Unstable:          0 kB\nBounce:                0 kB\nWritebackTmp:          0 kB\nCommitLimit:     2002288 kB\nCommitted_AS:    2154648 kB\nVmallocTotal:   13743895347199 kB\nVmallocUsed:       21952 kB\nVmallocChunk:          0 kB\nPercpu:             1136 kB\nHardwareCorrupted:     0 kB\nAnonHugePages:         0 kB\nShmemHugePages:        0 kB\nShmemPmdMapped:        0 kB\nFileHugePages:         0 kB\nFilePmdMapped:         0 kB\nUnaccepted:            0 kB\nHugePages_Total:       0\nHugePages_Free:        0\nHugePages_Rsvd:        0\nHugePages_Surp:        0\nHugepagesize:       2048 kB\nHugetlb:               0 kB\nDirectMap4k:      136104 kB\nDirectMap2M:     4052992 kB\nDirectMap1G:     2097152 kB\n"}
{"timestamp":1768073766,"subsystem":"/proc/net/dev","measurement":"Inter-|   Receive                                                |  Transmit\n face |bytes    packets errs drop fifo frame compressed multicast|bytes    packets errs drop fifo colls carrier compressed\n    lo:   12591      82    0    0    0     0          0         0    12591      82    0    0    0     0       0          0\nenp0s5: 15170128    5508    0    0    0     0          0         0   546349    3730    0    0    0     0       0          0\ndocker0:  133409    2492    0    0    0     0          0         0 13666420    3764    0    2    0     0       0          0\nveth0055899:   37641     551    0    0    0     0          0         0  4534846     941    0    0    0     0       0          0\nvethbb5940e:   64041     951    0    0    0     0          0         0  4564860    1396    0    0    0     0       0          0\nveth1babadb:   66615     990    0    0    0     0          0         0  4570802    1485    0    0    0     0       0          0\n"}
