{"timestamp":1767800521,"subsystem":"/proc/stat","measurement":"cpu  35757 289 6634 310984 12369 0 44 231 0 0\ncpu0 7891 156 3201 165781 5951 0 23 148 0 0\ncpu1 27865 132 3432 145203 6418 0 20 82 0 0\nintr 1124282 23 9 0 0 2009 0 0 0 1 0 0 0 15 0 0 0 0 0 0 22 0 0 0 0 0 0 0 0 0 0 0 0 0 0 0 0 0 0 0 0 0 0 0 0 0 0 0 0 0 0 0 35167 32153 0 0 0 65114 65544 0 0 0 0 0 0 0 0 0 0 0 0 0 0 0 0 0 0 0 0 0 0 0 0 0 0 0 0 0 0 0 0 0 0 0 0 0 0 0 0 0 0 0 0 0 0 0 0 0 0 0 0 0 0 0 0 0 0 0 0 0 0 0 0 0 0 0 0 0 0 0 0 0 0 0 0 0 0 0 0 0 0 0 0 0 0 0 0 0 0 0 0 0 0 0 0 0 0 0 0 0 0 0 0 0 0 0 0 0 0 0 0 0 0 0 0 0 0 0 0 0 0 0 0 0 0 0 0 0 0 0 0 0 0 0 0 0 0 0 0 0 0 0 0 0 0 0 0 0 0 0 0 0 0 0 0 0 0 0 0 0 0 0 0 0 0 0 0 0 0 0 0 0 0 0 0 0 0 0 0 0 0 0 0 0 0 0 0 0 0 0 0 0 0 0 0 0 0 0 0 0 0 0 0 0 0 0 0 0 0 0 0 0 0 0 0 0 0 0 0 0 0 0 0 0 0 0 0 0 0 0 0 0 0 0 0 0 0 0 0 0 0 0 0 0 0 0 0 0 0 0 0 0 0 0 0 0 0 0 0 0 0 0 0 0 0 0 0 0 0 0 0 0 0 0 0 0 0 0 0 0 0 0 0 0 0 0 0 0 0 0 0 0 0 0 0 0 0 0 0 0 0 0 0 0 0 0 0 0 0 0 0 0 0 0 0 0 0 0 0 0 0 0 0 0 0 0 0 0 0 0 0 0 0 0 0 0 0 0 0 0 0 0 0 0 0 0 0 0 0 0 0 0 0 0 0 0 0 0 0 0 0 0 0 0 0 0 0 0 0 0 0 0 0 0 0 0 0 0 0 0 0\nctxt 1285206\nbtime 1767798686\nprocesses 48329\nprocs_running 4\nprocs_blocked 0\nsoftirq 593273 4 121951 333 65667 0 0 139 151604 0 253575\n"}
{"timestamp":1767800521,"subsystem":"/proc/meminfo","measurement":"MemTotal:        3707644 kB\nMemFree:         1236440 kB\nMemAvailable:    3017040 kB\nBuffers:              28 kB\nCached:          1972812 kB\nSwapCached:        21624 kB\nActive:           802556 kB\nInactive:        1366824 kB\nActive(anon):      12528 kB\nInactive(anon):   201836 kB\nActive(file):     790028 kB\nInactive(file):  1164988 kB\nUnevictable:       12472 kB\nMlocked:           12472 kB\nSwapTotal:       5804024 kB\nSwapFree:        5708224 kB\nDirty:               328 kB\nWriteback:             0 kB\nAnonPages:        191932 kB\nMapped:           106840 kB\nShmem:              7144 kB\nKReclaimable:      66396 kB\nSlab:             136456 kB\nSReclaimable:      66396 kB\nSUnreclaim:        70060 kB\nKernelStack:        4496 kB\nPageTables:        11276 kB\nNFS_Unstable:          0 kB\nBounce:                0 kB\nWritebackTmp:          0 kB\nCommitLimit:     7657844 kB\nCommitted_AS:    3097888 kB\nVmallocTotal:   13743895347199 kB\nVmallocUsed:       24864 kB\nVmallocChunk:          0 kB\nPercpu:             1544 kB\nHardwareCorrupted:     0 kB\nAnonHugePages:     59392 kB\nShmemHugePages:        0 kB\nShmemPmdMapped:        0 kB\nFileHugePages:     34816 kB\nFilePmdMapped:     32768 kB\nCmaTotal:              0 kB\nCmaFree:               0 kB\nHugePages_Total:       0\nHugePages_Free:        0\nHugePages_Rsvd:        0\nHugePages_Surp:        0\nHugepagesize:       2048 kB\nHugetlb:               0 kB\nDirectMap4k:      211880 kB\nDirectMap2M:     3977216 kB\nDirectMap1G:     2097152 kB\n"}
{"timestamp":1767800521,"subsystem":"/proc/net/dev","measurement":"Inter-|   Receive                                                |  Transmit\n face |bytes    packets errs drop fifo frame compressed multicast|bytes    packets errs drop fifo colls carrier compressed\n    lo:    5840      72    0    0    0     0          0         0     5840      72    0    0    0     0       0          0\nenp0s5: 875638575   92533    0    0    0     0          0         0  4113149   32643    0    0    0     0       0          0\n"}
{"timestamp":1767800521,"subsystem":"/proc/diskstats","measurement":"   8       0 sda 119395 322748 6234260 155970 15012 472832 8339924 2589930 0 123208 2745901 0 0 0 0 0 0\n   8       1 sda1 244 199 16229 102 12 0 13 10 0 118 113 0 0 0 0 0 0\n   8       2 sda2 696 5 45255 318 58 5 73274 3843 0 583 4162 0 0 0 0 0 0\n   8       3 sda3 118273 322544 6164856 155477 14942 472827 8266637 2586075 0 122620 2741553 0 0 0 0 0 0\n 252       0 dm-0 440004 0 6137754 442093 485839 0 8216930 403355922 0 119800 403798015 0 0 0 0 0 0\n 252       1 dm-1 380 0 14366 401 368 0 49707 32769 0 8007 33170 0 0 0 0 0 0\n"}
{"timestamp":1767800521,"subsystem":"statfs[*]","measurement":"{\"mount_point\":\"/\",\"block_size\":4096,\"blocks_total\":9301568,\"blocks_free\":5874717,\"blocks_available\":5874717}\n{\"mount_point\":\"/var/oled\",\"block_size\":4096,\"blocks_total\":2618880,\"blocks_free\":2586162,\"blocks_available\":2586162}\n{\"mount_point\":\"/boot\",\"block_size\":4096,\"blocks_total\":259584,\"blocks_free\":160217,\"blocks_available\":160217}\n{\"mount_point\":\"/boot/efi\",\"block_size\":2048,\"blocks_total\":51091,\"blocks_free\":48041,\"blocks_available\":48041}\n"}
{"timestamp":1767800526,"subsystem":"/proc/stat","measurement":"cpu  36260 289 6639 311474 12372 0 44 231 0 0\ncpu0 7921 156 3205 166245 5953 0 23 149 0 0\ncpu1 28338 132 3434 145229 6418 0 20 82 0 0\nintr 1130334 23 9 0 0 2009 0 0 0 1 0 0 0 15 0 0 0 0 0 0 22 0 0 0 0 0 0 0 0 0 0 0 0 0 0 0 0 0 0 0 0 0 0 0 0 0 0 0 0 0 0 0 35173 32160 0 0 0 65164 65544 0 0 0 0 0 0 0 0 0 0 0 0 0 0 0 0 0 0 0 0 0 0 0 0 0 0 0 0 0 0 0 0 0 0 0 0 0 0 0 0 0 0 0 0 0 0 0 0 0 0 0 0 0 0 0 0 0 0 0 0 0 0 0 0 0 0 0 0 0 0 0 0 0 0 0 0 0 0 0 0 0 0 0 0 0 0 0 0 0 0 0 0 0 0 0 0 0 0 0 0 0 0 0 0 0 0 0 0 0 0 0 0 0 0 0 0 0 0 0 0 0 0 0 0 0 0 0 0 0 0 0 0 0 0 0 0 0 0 0 0 0 0 0 0 0 0 0 0 0 0 0 0 0 0 0 0 0 0 0 0 0 0 0 0 0 0 0 0 0 0 0 0 0 0 0 0 0 0 0 0 0 0 0 0 0 0 0 0 0 0 0 0 0 0 0 0 0 0 0 0 0 0 0 0 0 0 0 0 0 0 0 0 0 0 0 0 0 0 0 0 0 0 0 0 0 0 0 0 0 0 0 0 0 0 0 0 0 0 0 0 0 0 0 0 0 0 0 0 0 0 0 0 0 0 0 0 0 0 0 0 0 0 0 0 0 0 0 0 0 0 0 0 0 0 0 0 0 0 0 0 0 0 0 0 0 0 0 0 0 0 0 0 0 0 0 0 0 0 0 0 0 0 0 0 0 0 0 0 0 0 0 0 0 0 0 0 0 0 0 0 0 0 0 0 0 0 0 0 0 0 0 0 0 0 0 0 0 0 0 0 0 0 0 0 0 0 0 0 0 0 0 0 0 0 0 0 0 0 0 0 0 0 0 0 0 0 0 0 0 0 0 0 0 0 0 0 0 0 0 0 0 0\nctxt 1287145\nbtime 1767798686\nprocesses 48335\nprocs_running 4\nprocs_blocked 0\nsoftirq 594228 4 122263 333 65680 0 0 139 152073 0 253736\n"}
{"timestamp":1767800526,"subsystem":"/proc/meminfo","measurement":"MemTotal:        3707644 kB\nMemFree:         1225364 kB\nMemAvailable:    3016748 kB\nBuffers:              28 kB\nCached:          1983588 kB\nSwapCached:        21828 kB\nActive:           803664 kB\nInactive:        1377048 kB\nActive(anon):      12664 kB\nInactive(anon):   202264 kB\nActive(file):     791000 kB\nInactive(file):  1174784 kB\nUnevictable:       12472 kB\nMlocked:           12472 kB\nSwapTotal:       5804024 kB\nSwapFree:        5708224 kB\nDirty:               336 kB\nWriteback:             0 kB\nAnonPages:        192436 kB\nMapped:           112300 kB\nShmem:              7144 kB\nKReclaimable:      66432 kB\nSlab:             136392 kB\nSReclaimable:      66432 kB\nSUnreclaim:        69960 kB\nKernelStack:        4496 kB\nPageTables:        11280 kB\nNFS_Unstable:          0 kB\nBounce:                0 kB\nWritebackTmp:          0 kB\nCommitLimit:     7657844 kB\nCommitted_AS:    3097888 kB\nVmallocTotal:   13743895347199 kB\nVmallocUsed:       24880 kB\nVmallocChunk:          0 kB\nPercpu:             1544 kB\nHardwareCorrupted:     0 kB\nAnonHugePages:     59392 kB\nShmemHugePages:        0 kB\nShmemPmdMapped:        0 kB\nFileHugePages:     34816 kB\nFilePmdMapped:     32768 kB\nCmaTotal:              0 kB\nCmaFree:               0 kB\nHugePages_Total:       0\nHugePages_Free:        0\nHugePages_Rsvd:        0\nHugePages_Surp:        0\nHugepagesize:       2048 kB\nHugetlb:               0 kB\nDirectMap4k:      211880 kB\nDirectMap2M:     3977216 kB\nDirectMap1G:     2097152 kB\n"}
{"timestamp":1767800526,"subsystem":"/proc/net/dev","measurement":"Inter-|   Receive                                                |  Transmit\n face |bytes    packets errs drop fifo frame compressed multicast|bytes    packets errs drop fifo colls carrier compressed\n    lo:    5840      72    0    0    0     0          0         0     5840      72    0    0    0     0       0          0\nenp0s5: 875639308   92539    0    0    0     0          0         0  4113790   32650    0    0    0     0       0          0\n"}
{"timestamp":1767800526,"subsystem":"/proc/diskstats","measurement":"   8       0 sda 119451 322806 6256596 156019 15012 472832 8339924 2589930 0 123250 2745949 0 0 0 0 0 0\n   8       1 sda1 244 199 16229 102 12 0 13 10 0 118 113 0 0 0 0 0 0\n   8       2 sda2 696 5 45255 318 58 5 73274 3843 0 583 4162 0 0 0 0 0 0\n   8       3 sda3 118329 322602 6187192 155525 14942 472827 8266637 2586075 0 122662 2741601 0 0 0 0 0 0\n 252       0 dm-0 440113 0 6160090 442143 485839 0 8216930 403355922 0 119842 403798065 0 0 0 0 0 0\n 252       1 dm-1 380 0 14366 401 368 0 49707 32769 0 8007 33170 0 0 0 0 0 0\n"}
{"timestamp":1767800526,"subsystem":"statfs[*]","measurement":"{\"mount_point\":\"/\",\"block_size\":4096,\"blocks_total\":9301568,\"blocks_free\":5874710,\"blocks_available\":5874710}\n{\"mount_point\":\"/var/oled\",\"block_size\":4096,\"blocks_total\":2618880,\"blocks_free\":2586162,\"blocks_available\":2586162}\n{\"mount_point\":\"/boot\",\"block_size\":4096,\"blocks_total\":259584,\"blocks_free\":160217,\"blocks_available\":160217}\n{\"mount_point\":\"/boot/efi\",\"block_size\":2048,\"blocks_total\":51091,\"blocks_free\":48041,\"blocks_available\":48041}\n"}
{"timestamp":1767800531,"subsystem":"/proc/stat","measurement":"cpu  36769 289 6659 311943 12372 0 45 231 0 0\ncpu0 7936 156 3220 166713 5954 0 24 149 0 0\ncpu1 28833 132 3438 145230 6418 0 20 82 0 0\nintr 1136945 23 9 0 0 2009 0 0 0 1 0 0 0 15 0 0 0 0 0 0 22 0 0 0 0 0 0 0 0 0 0 0 0 0 0 0 0 0 0 0 0 0 0 0 0 0 0 0 0 0 0 0 35189 32178 0 0 0 65180 65544 0 0 0 0 0 0 0 0 0 0 0 0 0 0 0 0 0 0 0 0 0 0 0 0 0 0 0 0 0 0 0 0 0 0 0 0 0 0 0 0 0 0 0 0 0 0 0 0 0 0 0 0 0 0 0 0 0 0 0 0 0 0 0 0 0 0 0 0 0 0 0 0 0 0 0 0 0 0 0 0 0 0 0 0 0 0 0 0 0 0 0 0 0 0 0 0 0 0 0 0 0 0 0 0 0 0 0 0 0 0 0 0 0 0 0 0 0 0 0 0 0 0 0 0 0 0 0 0 0 0 0 0 0 0 0 0 0 0 0 0 0 0 0 0 0 0 0 0 0 0 0 0 0 0 0 0 0 0 0 0 0 0 0 0 0 0 0 0 0 0 0 0 0 0 0 0 0 0 0 0 0 0 0 0 0 0 0 0 0 0 0 0 0 0 0 0 0 0 0 0 0 0 0 0 0 0 0 0 0 0 0 0 0 0 0 0 0 0 0 0 0 0 0 0 0 0 0 0 0 0 0 0 0 0 0 0 0 0 0 0 0 0 0 0 0 0 0 0 0 0 0 0 0 0 0 0 0 0 0 0 0 0 0 0 0 0 0 0 0 0 0 0 0 0 0 0 0 0 0 0 0 0 0 0 0 0 0 0 0 0 0 0 0 0 0 0 0 0 0 0 0 0 0 0 0 0 0 0 0 0 0 0 0 0 0 0 0 0 0 0 0 0 0 0 0 0 0 0 0 0 0 0 0 0 0 0 0 0 0 0 0 0 0 0 0 0 0 0 0 0 0 0 0 0 0 0 0 0 0 0 0 0 0 0 0 0 0 0 0 0 0 0 0 0 0 0 0 0 0 0 0 0\nctxt 1291335\nbtime 1767798686\nprocesses 48367\nprocs_running 4\nprocs_blocked 0\nsoftirq 596982 4 122682 334 65714 0 0 139 152574 0 255535\n"}
{"timestamp":1767800531,"subsystem":"/proc/meminfo","measurement":"MemTotal:        3707644 kB\nMemFree:         1221336 kB\nMemAvailable:    3012800 kB\nBuffers:              28 kB\nCached:          1983700 kB\nSwapCached:        21888 kB\nActive:           803888 kB\nInactive:        1380900 kB\nActive(anon):      12724 kB\nInactive(anon):   206200 kB\nActive(file):     791164 kB\nInactive(file):  1174700 kB\nUnevictable:       12472 kB\nMlocked:           12472 kB\nSwapTotal:       5804024 kB\nSwapFree:        5708480 kB\nDirty:               424 kB\nWriteback:             0 kB\nAnonPages:        196328 kB\nMapped:           113752 kB\nShmem:              7184 kB\nKReclaimable:      66428 kB\nSlab:             136652 kB\nSReclaimable:      66428 kB\nSUnreclaim:        70224 kB\nKernelStack:        4512 kB\nPageTables:        11780 kB\nNFS_Unstable:          0 kB\nBounce:                0 kB\nWritebackTmp:          0 kB\nCommitLimit:     7657844 kB\nCommitted_AS:    3123392 kB\nVmallocTotal:   13743895347199 kB\nVmallocUsed:       24888 kB\nVmallocChunk:          0 kB\nPercpu:             1544 kB\nHardwareCorrupted:     0 kB\nAnonHugePages:     59392 kB\nShmemHugePages:        0 kB\nShmemPmdMapped:        0 kB\nFileHugePages:     34816 kB\nFilePmdMapped:     32768 kB\nCmaTotal:              0 kB\nCmaFree:               0 kB\nHugePages_Total:       0\nHugePages_Free:        0\nHugePages_Rsvd:        0\nHugePages_Surp:        0\nHugepagesize:       2048 kB\nHugetlb:               0 kB\nDirectMap4k:      213928 kB\nDirectMap2M:     3975168 kB\nDirectMap1G:     2097152 kB\n"}
{"timestamp":1767800531,"subsystem":"/proc/net/dev","measurement":"Inter-|   Receive                                                |  Transmit\n face |bytes    packets errs drop fifo frame compressed multicast|bytes    packets errs drop fifo colls carrier compressed\n    lo:    5840      72    0    0    0     0          0         0     5840      72    0    0    0     0       0          0\nenp0s5: 875646789   92556    0    0    0     0          0         0  4118762   32668    0    0    0     0       0          0\n"}
{"timestamp":1767800531,"subsystem":"/proc/diskstats","measurement":"   8       0 sda 119467 322831 6256924 156027 15015 472832 8339968 2589931 0 123266 2745959 0 0 0 0 0 0\n   8       1 sda1 244 199 16229 102 12 0 13 10 0 118 113 0 0 0 0 0 0\n   8       2 sda2 696 5 45255 318 58 5 73274 3843 0 583 4162 0 0 0 0 0 0\n   8       3 sda3 118345 322627 6187520 155533 14945 472827 8266681 2586077 0 122678 2741611 0 0 0 0 0 0\n 252       0 dm-0 440154 0 6160418 442159 485842 0 8216974 403355924 0 119859 403798083 0 0 0 0 0 0\n 252       1 dm-1 380 0 14366 401 368 0 49707 32769 0 8007 33170 0 0 0 0 0 0\n"}
{"timestamp":1767800531,"subsystem":"statfs[*]","measurement":"{\"mount_point\":\"/\",\"block_size\":4096,\"blocks_total\":9301568,\"blocks_free\":5874698,\"blocks_available\":5874698}\n{\"mount_point\":\"/var/oled\",\"block_size\":4096,\"blocks_total\":2618880,\"blocks_free\":2586162,\"blocks_available\":2586162}\n{\"mount_point\":\"/boot\",\"block_size\":4096,\"blocks_total\":259584,\"blocks_free\":160217,\"blocks_available\":160217}\n{\"mount_point\":\"/boot/efi\",\"block_size\":2048,\"blocks_total\":51091,\"blocks_free\":48041,\"blocks_available\":48041}\n"}
{"timestamp":1767800536,"subsystem":"/proc/stat","measurement":"cpu  37270 289 6662 312437 12372 0 45 231 0 0\ncpu0 8327 156 3223 166818 5954 0 24 149 0 0\ncpu1 28942 132 3439 145619 6418 0 21 82 0 0\nintr 1142881 23 9 0 0 2009 0 0 0 1 0 0 0 15 0 0 0 0 0 0 22 0 0 0 0 0 0 0 0 0 0 0 0 0 0 0 0 0 0 0 0 0 0 0 0 0 0 0 0 0 0 0 35194 32184 0 0 0 65180 65544 0 0 0 0 0 0 0 0 0 0 0 0 0 0 0 0 0 0 0 0 0 0 0 0 0 0 0 0 0 0 0 0 0 0 0 0 0 0 0 0 0 0 0 0 0 0 0 0 0 0 0 0 0 0 0 0 0 0 0 0 0 0 0 0 0 0 0 0 0 0 0 0 0 0 0 0 0 0 0 0 0 0 0 0 0 0 0 0 0 0 0 0 0 0 0 0 0 0 0 0 0 0 0 0 0 0 0 0 0 0 0 0 0 0 0 0 0 0 0 0 0 0 0 0 0 0 0 0 0 0 0 0 0 0 0 0 0 0 0 0 0 0 0 0 0 0 0 0 0 0 0 0 0 0 0 0 0 0 0 0 0 0 0 0 0 0 0 0 0 0 0 0 0 0 0 0 0 0 0 0 0 0 0 0 0 0 0 0 0 0 0 0 0 0 0 0 0 0 0 0 0 0 0 0 0 0 0 0 0 0 0 0 0 0 0 0 0 0 0 0 0 0 0 0 0 0 0 0 0 0 0 0 0 0 0 0 0 0 0 0 0 0 0 0 0 0 0 0 0 0 0 0 0 0 0 0 0 0 0 0 0 0 0 0 0 0 0 0 0 0 0 0 0 0 0 0 0 0 0 0 0 0 0 0 0 0 0 0 0 0 0 0 0 0 0 0 0 0 0 0 0 0 0 0 0 0 0 0 0 0 0 0 0 0 0 0 0 0 0 0 0 0 0 0 0 0 0 0 0 0 0 0 0 0 0 0 0 0 0 0 0 0 0 0 0 0 0 0 0 0 0 0 0 0 0 0 0 0 0 0 0 0 0 0 0 0 0 0 0 0 0 0 0 0 0 0 0 0 0 0 0 0\nctxt 1293247\nbtime 1767798686\nprocesses 48372\nprocs_running 3\nprocs_blocked 0\nsoftirq 597840 4 122956 335 65725 0 0 139 153018 0 255663\n"}
{"timestamp":1767800536,"subsystem":"/proc/meminfo","measurement":"MemTotal:        3707644 kB\nMemFree:         1221336 kB\nMemAvailable:    3012800 kB\nBuffers:              28 kB\nCached:          1983704 kB\nSwapCached:        21888 kB\nActive:           803932 kB\nInactive:        1380928 kB\nActive(anon):      12724 kB\nInactive(anon):   206272 kB\nActive(file):     791208 kB\nInactive(file):  1174656 kB\nUnevictable:       12472 kB\nMlocked:           12472 kB\nSwapTotal:       5804024 kB\nSwapFree:        5708480 kB\nDirty:               428 kB\nWriteback:             0 kB\nAnonPages:        196440 kB\nMapped:           113752 kB\nShmem:              7184 kB\nKReclaimable:      66428 kB\nSlab:             136672 kB\nSReclaimable:      66428 kB\nSUnreclaim:        70244 kB\nKernelStack:        4512 kB\nPageTables:        11780 kB\nNFS_Unstable:          0 kB\nBounce:                0 kB\nWritebackTmp:          0 kB\nCommitLimit:     7657844 kB\nCommitted_AS:    3123392 kB\nVmallocTotal:   13743895347199 kB\nVmallocUsed:       24904 kB\nVmallocChunk:          0 kB\nPercpu:             1544 kB\nHardwareCorrupted:     0 kB\nAnonHugePages:     59392 kB\nShmemHugePages:        0 kB\nShmemPmdMapped:        0 kB\nFileHugePages:     34816 kB\nFilePmdMapped:     32768 kB\nCmaTotal:              0 kB\nCmaFree:               0 kB\nHugePages_Total:       0\nHugePages_Free:        0\nHugePages_Rsvd:        0\nHugePages_Surp:        0\nHugepagesize:       2048 kB\nHugetlb:               0 kB\nDirectMap4k:      213928 kB\nDirectMap2M:     3975168 kB\nDirectMap1G:     2097152 kB\n"}
{"timestamp":1767800536,"subsystem":"/proc/net/dev","measurement":"Inter-|   Receive                                                |  Transmit\n face |bytes    packets errs drop fifo frame compressed multicast|bytes    packets errs drop fifo colls carrier compressed\n    lo:    5840      72    0    0    0     0          0         0     5840      72    0    0    0     0       0          0\nenp0s5: 875647456   92561    0    0    0     0          0         0  4119337   32674    0    0    0     0       0          0\n"}
{"timestamp":1767800536,"subsystem":"/proc/diskstats","measurement":"   8       0 sda 119467 322831 6256924 156027 15015 472832 8339968 2589931 0 123266 2745959 0 0 0 0 0 0\n   8       1 sda1 244 199 16229 102 12 0 13 10 0 118 113 0 0 0 0 0 0\n   8       2 sda2 696 5 45255 318 58 5 73274 3843 0 583 4162 0 0 0 0 0 0\n   8       3 sda3 118345 322627 6187520 155533 14945 472827 8266681 2586077 0 122678 2741611 0 0 0 0 0 0\n 252       0 dm-0 440154 0 6160418 442159 485842 0 8216974 403355924 0 119859 403798083 0 0 0 0 0 0\n 252       1 dm-1 380 0 14366 401 368 0 49707 32769 0 8007 33170 0 0 0 0 0 0\n"}
{"timestamp":1767800536,"subsystem":"statfs[*]","measurement":"{\"mount_point\":\"/\",\"block_size\":4096,\"blocks_total\":9301568,\"blocks_free\":5874697,\"blocks_available\":5874697}\n{\"mount_point\":\"/var/oled\",\"block_size\":4096,\"blocks_total\":2618880,\"blocks_free\":2586162,\"blocks_available\":2586162}\n{\"mount_point\":\"/boot\",\"block_size\":4096,\"blocks_total\":259584,\"blocks_free\":160217,\"blocks_available\":160217}\n{\"mount_point\":\"/boot/efi\",\"block_size\":2048,\"blocks_total\":51091,\"blocks_free\":48041,\"blocks_available\":48041}\n"}
{"timestamp":1767800541,"subsystem":"/proc/stat","measurement":"cpu  37775 289 6670 312923 12372 0 45 231 0 0\ncpu0 8627 156 3228 167012 5954 0 24 149 0 0\ncpu1 29147 132 3442 145911 6418 0 21 82 0 0\nintr 1148922 23 9 0 0 2009 0 0 0 1 0 0 0 15 0 0 0 0 0 0 22 0 0 0 0 0 0 0 0 0 0 0 0 0 0 0 0 0 0 0 0 0 0 0 0 0 0 0 0 0 0 0 35198 32188 0 0 0 65181 65546 0 0 0 0 0 0 0 0 0 0 0 0 0 0 0 0 0 0 0 0 0 0 0 0 0 0 0 0 0 0 0 0 0 0 0 0 0 0 0 0 0 0 0 0 0 0 0 0 0 0 0 0 0 0 0 0 0 0 0 0 0 0 0 0 0 0 0 0 0 0 0 0 0 0 0 0 0 0 0 0 0 0 0 0 0 0 0 0 0 0 0 0 0 0 0 0 0 0 0 0 0 0 0 0 0 0 0 0 0 0 0 0 0 0 0 0 0 0 0 0 0 0 0 0 0 0 0 0 0 0 0 0 0 0 0 0 0 0 0 0 0 0 0 0 0 0 0 0 0 0 0 0 0 0 0 0 0 0 0 0 0 0 0 0 0 0 0 0 0 0 0 0 0 0 0 0 0 0 0 0 0 0 0 0 0 0 0 0 0 0 0 0 0 0 0 0 0 0 0 0 0 0 0 0 0 0 0 0 0 0 0 0 0 0 0 0 0 0 0 0 0 0 0 0 0 0 0 0 0 0 0 0 0 0 0 0 0 0 0 0 0 0 0 0 0 0 0 0 0 0 0 0 0 0 0 0 0 0 0 0 0 0 0 0 0 0 0 0 0 0 0 0 0 0 0 0 0 0 0 0 0 0 0 0 0 0 0 0 0 0 0 0 0 0 0 0 0 0 0 0 0 0 0 0 0 0 0 0 0 0 0 0 0 0 0 0 0 0 0 0 0 0 0 0 0 0 0 0 0 0 0 0 0 0 0 0 0 0 0 0 0 0 0 0 0 0 0 0 0 0 0 0 0 0 0 0 0 0 0 0 0 0 0 0 0 0 0 0 0 0 0 0 0 0 0 0 0 0 0 0 0 0\nctxt 1295638\nbtime 1767798686\nprocesses 48383\nprocs_running 4\nprocs_blocked 0\nsoftirq 599595 4 123290 336 65733 0 0 139 153468 0 256625\n"}
{"timestamp":1767800541,"subsystem":"/proc/meminfo","measurement":"MemTotal:        3707644 kB\nMemFree:         1225276 kB\nMemAvailable:    3016992 kB\nBuffers:              28 kB\nCached:          1983980 kB\nSwapCached:        21888 kB\nActive:           803996 kB\nInactive:        1377160 kB\nActive(anon):      12720 kB\nInactive(anon):   202300 kB\nActive(file):     791276 kB\nInactive(file):  1174860 kB\nUnevictable:       12472 kB\nMlocked:           12472 kB\nSwapTotal:       5804024 kB\nSwapFree:        5708480 kB\nDirty:                56 kB\nWriteback:             0 kB\nAnonPages:        192420 kB\nMapped:           113752 kB\nShmem:              7192 kB\nKReclaimable:      66392 kB\nSlab:             136508 kB\nSReclaimable:      66392 kB\nSUnreclaim:        70116 kB\nKernelStack:        4480 kB\nPageTables:        11280 kB\nNFS_Unstable:          0 kB\nBounce:                0 kB\nWritebackTmp:          0 kB\nCommitLimit:     7657844 kB\nCommitted_AS:    3097084 kB\nVmallocTotal:   13743895347199 kB\nVmallocUsed:       24832 kB\nVmallocChunk:          0 kB\nPercpu:             1544 kB\nHardwareCorrupted:     0 kB\nAnonHugePages:     59392 kB\nShmemHugePages:        0 kB\nShmemPmdMapped:        0 kB\nFileHugePages:     34816 kB\nFilePmdMapped:     32768 kB\nCmaTotal:              0 kB\nCmaFree:               0 kB\nHugePages_Total:       0\nHugePages_Free:        0\nHugePages_Rsvd:        0\nHugePages_Surp:        0\nHugepagesize:       2048 kB\nHugetlb:               0 kB\nDirectMap4k:      213928 kB\nDirectMap2M:     3975168 kB\nDirectMap1G:     2097152 kB\n"}
{"timestamp":1767800541,"subsystem":"/proc/net/dev","measurement":"Inter-|   Receive                                                |  Transmit\n face |bytes    packets errs drop fifo frame compressed multicast|bytes    packets errs drop fifo colls carrier compressed\n    lo:    5840      72    0    0    0     0          0         0     5840      72    0    0    0     0       0          0\nenp0s5: 875647786   92566    0    0    0     0          0         0  4119601   32678    0    0    0     0       0          0\n"}
{"timestamp":1767800541,"subsystem":"/proc/diskstats","measurement":"   8       0 sda 119468 322834 6256956 156027 15018 472834 8341248 2589935 0 123271 2745963 0 0 0 0 0 0\n   8       1 sda1 244 199 16229 102 12 0 13 10 0 118 113 0 0 0 0 0 0\n   8       2 sda2 696 5 45255 318 58 5 73274 3843 0 583 4162 0 0 0 0 0 0\n   8       3 sda3 118346 322630 6187552 155534 14948 472829 8267961 2586081 0 122683 2741615 0 0 0 0 0 0\n 252       0 dm-0 440158 0 6160450 442163 485842 0 8216974 403355924 0 119861 403798087 0 0 0 0 0 0\n 252       1 dm-1 380 0 14366 401 373 0 50987 32776 0 8010 33177 0 0 0 0 0 0\n"}
{"timestamp":1767800541,"subsystem":"statfs[*]","measurement":"{\"mount_point\":\"/\",\"block_size\":4096,\"blocks_total\":9301568,\"blocks_free\":5874696,\"blocks_available\":5874696}\n{\"mount_point\":\"/var/oled\",\"block_size\":4096,\"blocks_total\":2618880,\"blocks_free\":2586162,\"blocks_available\":2586162}\n{\"mount_point\":\"/boot\",\"block_size\":4096,\"blocks_total\":259584,\"blocks_free\":160217,\"blocks_available\":160217}\n{\"mount_point\":\"/boot/efi\",\"block_size\":2048,\"blocks_total\":51091,\"blocks_free\":48041,\"blocks_available\":48041}\n"}
{"timestamp":1767800546,"subsystem":"/proc/stat","measurement":"cpu  38277 289 6674 313417 12372 0 46 231 0 0\ncpu0 8713 156 3230 167425 5954 0 24 149 0 0\ncpu1 29563 132 3443 145992 6418 0 21 82 0 0\nintr 1154818 23 9 0 0 2009 0 0 0 1 0 0 0 15 0 0 0 0 0 0 22 0 0 0 0 0 0 0 0 0 0 0 0 0 0 0 0 0 0 0 0 0 0 0 0 0 0 0 0 0 0 0 35205 32196 0 0 0 65182 65549 0 0 0 0 0 0 0 0 0 0 0 0 0 0 0 0 0 0 0 0 0 0 0 0 0 0 0 0 0 0 0 0 0 0 0 0 0 0 0 0 0 0 0 0 0 0 0 0 0 0 0 0 0 0 0 0 0 0 0 0 0 0 0 0 0 0 0 0 0 0 0 0 0 0 0 0 0 0 0 0 0 0 0 0 0 0 0 0 0 0 0 0 0 0 0 0 0 0 0 0 0 0 0 0 0 0 0 0 0 0 0 0 0 0 0 0 0 0 0 0 0 0 0 0 0 0 0 0 0 0 0 0 0 0 0 0 0 0 0 0 0 0 0 0 0 0 0 0 0 0 0 0 0 0 0 0 0 0 0 0 0 0 0 0 0 0 0 0 0 0 0 0 0 0 0 0 0 0 0 0 0 0 0 0 0 0 0 0 0 0 0 0 0 0 0 0 0 0 0 0 0 0 0 0 0 0 0 0 0 0 0 0 0 0 0 0 0 0 0 0 0 0 0 0 0 0 0 0 0 0 0 0 0 0 0 0 0 0 0 0 0 0 0 0 0 0 0 0 0 0 0 0 0 0 0 0 0 0 0 0 0 0 0 0 0 0 0 0 0 0 0 0 0 0 0 0 0 0 0 0 0 0 0 0 0 0 0 0 0 0 0 0 0 0 0 0 0 0 0 0 0 0 0 0 0 0 0 0 0 0 0 0 0 0 0 0 0 0 0 0 0 0 0 0 0 0 0 0 0 0 0 0 0 0 0 0 0 0 0 0 0 0 0 0 0 0 0 0 0 0 0 0 0 0 0 0 0 0 0 0 0 0 0 0 0 0 0 0 0 0 0 0 0 0 0 0 0 0 0 0 0 0\nctxt 1297370\nbtime 1767798686\nprocesses 48388\nprocs_running 4\nprocs_blocked 0\nsoftirq 600477 4 123599 337 65748 0 0 139 153895 0 256755\n"}
{"timestamp":1767800546,"subsystem":"/proc/meminfo","measurement":"MemTotal:        3707644 kB\nMemFree:         1225276 kB\nMemAvailable:    3016996 kB\nBuffers:              28 kB\nCached:          1983984 kB\nSwapCached:        21888 kB\nActive:           804000 kB\nInactive:        1377172 kB\nActive(anon):      12720 kB\nInactive(anon):   202312 kB\nActive(file):     791280 kB\nInactive(file):  1174860 kB\nUnevictable:       12472 kB\nMlocked:           12472 kB\nSwapTotal:       5804024 kB\nSwapFree:        5708480 kB\nDirty:                60 kB\nWriteback:             0 kB\nAnonPages:        192432 kB\nMapped:           113752 kB\nShmem:              7192 kB\nKReclaimable:      66392 kB\nSlab:             136500 kB\nSReclaimable:      66392 kB\nSUnreclaim:        70108 kB\nKernelStack:        4480 kB\nPageTables:        11280 kB\nNFS_Unstable:          0 kB\nBounce:                0 kB\nWritebackTmp:          0 kB\nCommitLimit:     7657844 kB\nCommitted_AS:    3097084 kB\nVmallocTotal:   13743895347199 kB\nVmallocUsed:       24864 kB\nVmallocChunk:          0 kB\nPercpu:             1544 kB\nHardwareCorrupted:     0 kB\nAnonHugePages:     59392 kB\nShmemHugePages:        0 kB\nShmemPmdMapped:        0 kB\nFileHugePages:     34816 kB\nFilePmdMapped:     32768 kB\nCmaTotal:              0 kB\nCmaFree:               0 kB\nHugePages_Total:       0\nHugePages_Free:        0\nHugePages_Rsvd:        0\nHugePages_Surp:        0\nHugepagesize:       2048 kB\nHugetlb:               0 kB\nDirectMap4k:      213928 kB\nDirectMap2M:     3975168 kB\nDirectMap1G:     2097152 kB\n"}
{"timestamp":1767800546,"subsystem":"/proc/net/dev","measurement":"Inter-|   Receive                                                |  Transmit\n face |bytes    packets errs drop fifo frame compressed multicast|bytes    packets errs drop fifo colls carrier compressed\n    lo:    5840      72    0    0    0     0          0         0     5840      72    0    0    0     0       0          0\nenp0s5: 875648575   92573    0    0    0     0          0         0  4120284   32686    0    0    0     0       0          0\n"}
{"timestamp":1767800546,"subsystem":"/proc/diskstats","measurement":"   8       0 sda 119468 322834 6256956 156027 15033 472839 8341683 2589953 0 123275 2745980 0 0 0 0 0 0\n   8       1 sda1 244 199 16229 102 12 0 13 10 0 118 113 0 0 0 0 0 0\n   8       2 sda2 696 5 45255 318 58 5 73274 3843 0 583 4162 0 0 0 0 0 0\n   8       3 sda3 118346 322630 6187552 155534 14963 472834 8268396 2586098 0 122687 2741632 0 0 0 0 0 0\n 252       0 dm-0 440158 0 6160450 442163 485861 0 8217405 403355938 0 119863 403798101 0 0 0 0 0 0\n 252       1 dm-1 380 0 14366 401 374 0 50991 32777 0 8012 33178 0 0 0 0 0 0\n"}
{"timestamp":1767800546,"subsystem":"statfs[*]","measurement":"{\"mount_point\":\"/\",\"block_size\":4096,\"blocks_total\":9301568,\"blocks_free\":5874695,\"blocks_available\":5874695}\n{\"mount_point\":\"/var/oled\",\"block_size\":4096,\"blocks_total\":2618880,\"blocks_free\":2586162,\"blocks_available\":2586162}\n{\"mount_point\":\"/boot\",\"block_size\":4096,\"blocks_total\":259584,\"blocks_free\":160217,\"blocks_available\":160217}\n{\"mount_point\":\"/boot/efi\",\"block_size\":2048,\"blocks_total\":51091,\"blocks_free\":48041,\"blocks_available\":48041}\n"}
{"timestamp":1767800551,"subsystem":"/proc/stat","measurement":"cpu  38779 289 6677 313911 12372 0 46 231 0 0\ncpu0 9116 156 3233 167518 5954 0 24 149 0 0\ncpu1 29662 132 3443 146393 6418 0 21 82 0 0\nintr 1160727 23 9 0 0 2009 0 0 0 1 0 0 0 15 0 0 0 0 0 0 22 0 0 0 0 0 0 0 0 0 0 0 0 0 0 0 0 0 0 0 0 0 0 0 0 0 0 0 0 0 0 0 35209 32199 0 0 0 65182 65549 0 0 0 0 0 0 0 0 0 0 0 0 0 0 0 0 0 0 0 0 0 0 0 0 0 0 0 0 0 0 0 0 0 0 0 0 0 0 0 0 0 0 0 0 0 0 0 0 0 0 0 0 0 0 0 0 0 0 0 0 0 0 0 0 0 0 0 0 0 0 0 0 0 0 0 0 0 0 0 0 0 0 0 0 0 0 0 0 0 0 0 0 0 0 0 0 0 0 0 0 0 0 0 0 0 0 0 0 0 0 0 0 0 0 0 0 0 0 0 0 0 0 0 0 0 0 0 0 0 0 0 0 0 0 0 0 0 0 0 0 0 0 0 0 0 0 0 0 0 0 0 0 0 0 0 0 0 0 0 0 0 0 0 0 0 0 0 0 0 0 0 0 0 0 0 0 0 0 0 0 0 0 0 0 0 0 0 0 0 0 0 0 0 0 0 0 0 0 0 0 0 0 0 0 0 0 0 0 0 0 0 0 0 0 0 0 0 0 0 0 0 0 0 0 0 0 0 0 0 0 0 0 0 0 0 0 0 0 0 0 0 0 0 0 0 0 0 0 0 0 0 0 0 0 0 0 0 0 0 0 0 0 0 0 0 0 0 0 0 0 0 0 0 0 0 0 0 0 0 0 0 0 0 0 0 0 0 0 0 0 0 0 0 0 0 0 0 0 0 0 0 0 0 0 0 0 0 0 0 0 0 0 0 0 0 0 0 0 0 0 0 0 0 0 0 0 0 0 0 0 0 0 0 0 0 0 0 0 0 0 0 0 0 0 0 0 0 0 0 0 0 0 0 0 0 0 0 0 0 0 0 0 0 0 0 0 0 0 0 0 0 0 0 0 0 0 0 0 0 0 0 0\nctxt 1299190\nbtime 1767798686\nprocesses 48393\nprocs_running 4\nprocs_blocked 0\nsoftirq 601356 4 123876 338 65755 0 0 139 154338 0 256906\n"}
{"timestamp":1767800551,"subsystem":"/proc/meminfo","measurement":"MemTotal:        3707644 kB\nMemFree:         1225276 kB\nMemAvailable:    3017044 kB\nBuffers:              28 kB\nCached:          1984036 kB\nSwapCached:        21888 kB\nActive:           804012 kB\nInactive:        1377304 kB\nActive(anon):      12720 kB\nInactive(anon):   202408 kB\nActive(file):     791292 kB\nInactive(file):  1174896 kB\nUnevictable:       12472 kB\nMlocked:           12472 kB\nSwapTotal:       5804024 kB\nSwapFree:        5708480 kB\nDirty:               116 kB\nWriteback:             0 kB\nAnonPages:        192540 kB\nMapped:           113880 kB\nShmem:              7192 kB\nKReclaimable:      66392 kB\nSlab:             136496 kB\nSReclaimable:      66392 kB\nSUnreclaim:        70104 kB\nKernelStack:        4480 kB\nPageTables:        11280 kB\nNFS_Unstable:          0 kB\nBounce:                0 kB\nWritebackTmp:          0 kB\nCommitLimit:     7657844 kB\nCommitted_AS:    3097324 kB\nVmallocTotal:   13743895347199 kB\nVmallocUsed:       24864 kB\nVmallocChunk:          0 kB\nPercpu:             1544 kB\nHardwareCorrupted:     0 kB\nAnonHugePages:     59392 kB\nShmemHugePages:        0 kB\nShmemPmdMapped:        0 kB\nFileHugePages:     34816 kB\nFilePmdMapped:     32768 kB\nCmaTotal:              0 kB\nCmaFree:               0 kB\nHugePages_Total:       0\nHugePages_Free:        0\nHugePages_Rsvd:        0\nHugePages_Surp:        0\nHugepagesize:       2048 kB\nHugetlb:               0 kB\nDirectMap4k:      213928 kB\nDirectMap2M:     3975168 kB\nDirectMap1G:     2097152 kB\n"}
{"timestamp":1767800551,"subsystem":"/proc/net/dev","measurement":"Inter-|   Receive                                                |  Transmit\n face |bytes    packets errs drop fifo frame compressed multicast|bytes    packets errs drop fifo colls carrier compressed\n    lo:    5840      72    0    0    0     0          0         0     5840      72    0    0    0     0       0          0\nenp0s5: 875648839   92577    0    0    0     0          0         0  4120482   32689    0    0    0     0       0          0\n"}
{"timestamp":1767800551,"subsystem":"/proc/diskstats","measurement":"   8       0 sda 119468 322834 6256956 156027 15033 472839 8341683 2589953 0 123275 2745980 0 0 0 0 0 0\n   8       1 sda1 244 199 16229 102 12 0 13 10 0 118 113 0 0 0 0 0 0\n   8       2 sda2 696 5 45255 318 58 5 73274 3843 0 583 4162 0 0 0 0 0 0\n   8       3 sda3 118346 322630 6187552 155534 14963 472834 8268396 2586098 0 122687 2741632 0 0 0 0 0 0\n 252       0 dm-0 440158 0 6160450 442163 485861 0 8217405 403355938 0 119863 403798101 0 0 0 0 0 0\n 252       1 dm-1 380 0 14366 401 374 0 50991 32777 0 8012 33178 0 0 0 0 0 0\n"}
{"timestamp":1767800551,"subsystem":"statfs[*]","measurement":"{\"mount_point\":\"/\",\"block_size\":4096,\"blocks_total\":9301568,\"blocks_free\":5874694,\"blocks_available\":5874694}\n{\"mount_point\":\"/var/oled\",\"block_size\":4096,\"blocks_total\":2618880,\"blocks_free\":2586162,\"blocks_available\":2586162}\n{\"mount_point\":\"/boot\",\"block_size\":4096,\"blocks_total\":259584,\"blocks_free\":160217,\"blocks_available\":160217}\n{\"mount_point\":\"/boot/efi\",\"block_size\":2048,\"blocks_total\":51091,\"blocks_free\":48041,\"blocks_available\":48041}\n"}
{"timestamp":1767800556,"subsystem":"/proc/stat","measurement":"cpu  39282 289 6680 314405 12372 0 46 231 0 0\ncpu0 9374 156 3235 167759 5954 0 24 149 0 0\ncpu1 29908 132 3445 146646 6418 0 21 82 0 0\nintr 1166599 23 9 0 0 2009 0 0 0 1 0 0 0 15 0 0 0 0 0 0 22 0 0 0 0 0 0 0 0 0 0 0 0 0 0 0 0 0 0 0 0 0 0 0 0 0 0 0 0 0 0 0 35214 32205 0 0 0 65182 65550 0 0 0 0 0 0 0 0 0 0 0 0 0 0 0 0 0 0 0 0 0 0 0 0 0 0 0 0 0 0 0 0 0 0 0 0 0 0 0 0 0 0 0 0 0 0 0 0 0 0 0 0 0 0 0 0 0 0 0 0 0 0 0 0 0 0 0 0 0 0 0 0 0 0 0 0 0 0 0 0 0 0 0 0 0 0 0 0 0 0 0 0 0 0 0 0 0 0 0 0 0 0 0 0 0 0 0 0 0 0 0 0 0 0 0 0 0 0 0 0 0 0 0 0 0 0 0 0 0 0 0 0 0 0 0 0 0 0 0 0 0 0 0 0 0 0 0 0 0 0 0 0 0 0 0 0 0 0 0 0 0 0 0 0 0 0 0 0 0 0 0 0 0 0 0 0 0 0 0 0 0 0 0 0 0 0 0 0 0 0 0 0 0 0 0 0 0 0 0 0 0 0 0 0 0 0 0 0 0 0 0 0 0 0 0 0 0 0 0 0 0 0 0 0 0 0 0 0 0 0 0 0 0 0 0 0 0 0 0 0 0 0 0 0 0 0 0 0 0 0 0 0 0 0 0 0 0 0 0 0 0 0 0 0 0 0 0 0 0 0 0 0 0 0 0 0 0 0 0 0 0 0 0 0 0 0 0 0 0 0 0 0 0 0 0 0 0 0 0 0 0 0 0 0 0 0 0 0 0 0 0 0 0 0 0 0 0 0 0 0 0 0 0 0 0 0 0 0 0 0 0 0 0 0 0 0 0 0 0 0 0 0 0 0 0 0 0 0 0 0 0 0 0 0 0 0 0 0 0 0 0 0 0 0 0 0 0 0 0 0 0 0 0 0 0 0 0 0 0 0 0 0\nctxt 1300898\nbtime 1767798686\nprocesses 48398\nprocs_running 3\nprocs_blocked 0\nsoftirq 602240 4 124169 339 65766 0 0 139 154789 0 257034\n"}
{"timestamp":1767800556,"subsystem":"/proc/meminfo","measurement":"MemTotal:        3707644 kB\nMemFree:         1225276 kB\nMemAvailable:    3017052 kB\nBuffers:              28 kB\nCached:          1984040 kB\nSwapCached:        21888 kB\nActive:           804012 kB\nInactive:        1377432 kB\nActive(anon):      12720 kB\nInactive(anon):   202528 kB\nActive(file):     791292 kB\nInactive(file):  1174904 kB\nUnevictable:       12472 kB\nMlocked:           12472 kB\nSwapTotal:       5804024 kB\nSwapFree:        5708480 kB\nDirty:                88 kB\nWriteback:             0 kB\nAnonPages:        192652 kB\nMapped:           113880 kB\nShmem:              7192 kB\nKReclaimable:      66392 kB\nSlab:             136404 kB\nSReclaimable:      66392 kB\nSUnreclaim:        70012 kB\nKernelStack:        4480 kB\nPageTables:        11280 kB\nNFS_Unstable:          0 kB\nBounce:                0 kB\nWritebackTmp:          0 kB\nCommitLimit:     7657844 kB\nCommitted_AS:    3097324 kB\nVmallocTotal:   13743895347199 kB\nVmallocUsed:       24864 kB\nVmallocChunk:          0 kB\nPercpu:             1544 kB\nHardwareCorrupted:     0 kB\nAnonHugePages:     59392 kB\nShmemHugePages:        0 kB\nShmemPmdMapped:        0 kB\nFileHugePages:     34816 kB\nFilePmdMapped:     32768 kB\nCmaTotal:              0 kB\nCmaFree:               0 kB\nHugePages_Total:       0\nHugePages_Free:        0\nHugePages_Rsvd:        0\nHugePages_Surp:        0\nHugepagesize:       2048 kB\nHugetlb:               0 kB\nDirectMap4k:      213928 kB\nDirectMap2M:     3975168 kB\nDirectMap1G:     2097152 kB\n"}
{"timestamp":1767800556,"subsystem":"/proc/net/dev","measurement":"Inter-|   Receive                                                |  Transmit\n face |bytes    packets errs drop fifo frame compressed multicast|bytes    packets errs drop fifo colls carrier compressed\n    lo:    5840      72    0    0    0     0          0         0     5840      72    0    0    0     0       0          0\nenp0s5: 875649572   92583    0    0    0     0          0         0  4121123   32696    0    0    0     0       0          0\n"}
{"timestamp":1767800556,"subsystem":"/proc/diskstats","measurement":"   8       0 sda 119468 322834 6256956 156027 15034 472839 8341747 2589953 0 123276 2745981 0 0 0 0 0 0\n   8       1 sda1 244 199 16229 102 12 0 13 10 0 118 113 0 0 0 0 0 0\n   8       2 sda2 696 5 45255 318 58 5 73274 3843 0 583 4162 0 0 0 0 0 0\n   8       3 sda3 118346 322630 6187552 155534 14964 472834 8268460 2586099 0 122688 2741633 0 0 0 0 0 0\n 252       0 dm-0 440158 0 6160450 442163 485862 0 8217469 403355938 0 119864 403798101 0 0 0 0 0 0\n 252       1 dm-1 380 0 14366 401 374 0 50991 32777 0 8012 33178 0 0 0 0 0 0\n"}
{"timestamp":1767800556,"subsystem":"statfs[*]","measurement":"{\"mount_point\":\"/\",\"block_size\":4096,\"blocks_total\":9301568,\"blocks_free\":5874698,\"blocks_available\":5874698}\n{\"mount_point\":\"/var/oled\",\"block_size\":4096,\"blocks_total\":2618880,\"blocks_free\":2586162,\"blocks_available\":2586162}\n{\"mount_point\":\"/boot\",\"block_size\":4096,\"blocks_total\":259584,\"blocks_free\":160217,\"blocks_available\":160217}\n{\"mount_point\":\"/boot/efi\",\"block_size\":2048,\"blocks_total\":51091,\"blocks_free\":48041,\"blocks_available\":48041}\n"}
{"timestamp":1767800561,"subsystem":"/proc/stat","measurement":"cpu  39794 289 6683 314888 12372 0 46 231 0 0\ncpu0 9763 156 3237 167867 5954 0 24 149 0 0\ncpu1 30031 132 3446 147021 6418 0 21 82 0 0\nintr 1172738 23 9 0 0 2009 0 0 0 1 0 0 0 15 0 0 0 0 0 0 22 0 0 0 0 0 0 0 0 0 0 0 0 0 0 0 0 0 0 0 0 0 0 0 0 0 0 0 0 0 0 0 35260 32255 0 0 0 65182 65550 0 0 0 0 0 0 0 0 0 0 0 0 0 0 0 0 0 0 0 0 0 0 0 0 0 0 0 0 0 0 0 0 0 0 0 0 0 0 0 0 0 0 0 0 0 0 0 0 0 0 0 0 0 0 0 0 0 0 0 0 0 0 0 0 0 0 0 0 0 0 0 0 0 0 0 0 0 0 0 0 0 0 0 0 0 0 0 0 0 0 0 0 0 0 0 0 0 0 0 0 0 0 0 0 0 0 0 0 0 0 0 0 0 0 0 0 0 0 0 0 0 0 0 0 0 0 0 0 0 0 0 0 0 0 0 0 0 0 0 0 0 0 0 0 0 0 0 0 0 0 0 0 0 0 0 0 0 0 0 0 0 0 0 0 0 0 0 0 0 0 0 0 0 0 0 0 0 0 0 0 0 0 0 0 0 0 0 0 0 0 0 0 0 0 0 0 0 0 0 0 0 0 0 0 0 0 0 0 0 0 0 0 0 0 0 0 0 0 0 0 0 0 0 0 0 0 0 0 0 0 0 0 0 0 0 0 0 0 0 0 0 0 0 0 0 0 0 0 0 0 0 0 0 0 0 0 0 0 0 0 0 0 0 0 0 0 0 0 0 0 0 0 0 0 0 0 0 0 0 0 0 0 0 0 0 0 0 0 0 0 0 0 0 0 0 0 0 0 0 0 0 0 0 0 0 0 0 0 0 0 0 0 0 0 0 0 0 0 0 0 0 0 0 0 0 0 0 0 0 0 0 0 0 0 0 0 0 0 0 0 0 0 0 0 0 0 0 0 0 0 0 0 0 0 0 0 0 0 0 0 0 0 0 0 0 0 0 0 0 0 0 0 0 0 0 0 0 0 0 0 0 0\nctxt 1302940\nbtime 1767798686\nprocesses 48403\nprocs_running 4\nprocs_blocked 0\nsoftirq 603252 4 124464 340 65862 0 0 139 155239 0 257204\n"}
{"timestamp":1767800561,"subsystem":"/proc/meminfo","measurement":"MemTotal:        3707644 kB\nMemFree:         1225276 kB\nMemAvailable:    3017100 kB\nBuffers:              28 kB\nCached:          1984088 kB\nSwapCached:        21888 kB\nActive:           804024 kB\nInactive:        1377724 kB\nActive(anon):      12720 kB\nInactive(anon):   202784 kB\nActive(file):     791304 kB\nInactive(file):  1174940 kB\nUnevictable:       12472 kB\nMlocked:           12472 kB\nSwapTotal:       5804024 kB\nSwapFree:        5708480 kB\nDirty:               144 kB\nWriteback:             0 kB\nAnonPages:        192952 kB\nMapped:           113880 kB\nShmem:              7192 kB\nKReclaimable:      66392 kB\nSlab:             136404 kB\nSReclaimable:      66392 kB\nSUnreclaim:        70012 kB\nKernelStack:        4480 kB\nPageTables:        11280 kB\nNFS_Unstable:          0 kB\nBounce:                0 kB\nWritebackTmp:          0 kB\nCommitLimit:     7657844 kB\nCommitted_AS:    3097324 kB\nVmallocTotal:   13743895347199 kB\nVmallocUsed:       24864 kB\nVmallocChunk:          0 kB\nPercpu:             1544 kB\nHardwareCorrupted:     0 kB\nAnonHugePages:     59392 kB\nShmemHugePages:        0 kB\nShmemPmdMapped:        0 kB\nFileHugePages:     34816 kB\nFilePmdMapped:     32768 kB\nCmaTotal:              0 kB\nCmaFree:               0 kB\nHugePages_Total:       0\nHugePages_Free:        0\nHugePages_Rsvd:        0\nHugePages_Surp:        0\nHugepagesize:       2048 kB\nHugetlb:               0 kB\nDirectMap4k:      213928 kB\nDirectMap2M:     3975168 kB\nDirectMap1G:     2097152 kB\n"}
{"timestamp":1767800561,"subsystem":"/proc/net/dev","measurement":"Inter-|   Receive                                                |  Transmit\n face |bytes    packets errs drop fifo frame compressed multicast|bytes    packets errs drop fifo colls carrier compressed\n    lo:    5840      72    0    0    0     0          0         0     5840      72    0    0    0     0       0          0\nenp0s5: 875680655   92635    0    0    0     0          0         0  4181478   32747    0    0    0     0       0          0\n"}
{"timestamp":1767800561,"subsystem":"/proc/diskstats","measurement":"   8       0 sda 119468 322834 6256956 156027 15034 472839 8341747 2589953 0 123276 2745981 0 0 0 0 0 0\n   8       1 sda1 244 199 16229 102 12 0 13 10 0 118 113 0 0 0 0 0 0\n   8       2 sda2 696 5 45255 318 58 5 73274 3843 0 583 4162 0 0 0 0 0 0\n   8       3 sda3 118346 322630 6187552 155534 14964 472834 8268460 2586099 0 122688 2741633 0 0 0 0 0 0\n 252       0 dm-0 440158 0 6160450 442163 485862 0 8217469 403355938 0 119864 403798101 0 0 0 0 0 0\n 252       1 dm-1 380 0 14366 401 374 0 50991 32777 0 8012 33178 0 0 0 0 0 0\n"}
{"timestamp":1767800561,"subsystem":"statfs[*]","measurement":"{\"mount_point\":\"/\",\"block_size\":4096,\"blocks_total\":9301568,\"blocks_free\":5874692,\"blocks_available\":5874692}\n{\"mount_point\":\"/var/oled\",\"block_size\":4096,\"blocks_total\":2618880,\"blocks_free\":2586162,\"blocks_available\":2586162}\n{\"mount_point\":\"/boot\",\"block_size\":4096,\"blocks_total\":259584,\"blocks_free\":160217,\"blocks_available\":160217}\n{\"mount_point\":\"/boot/efi\",\"block_size\":2048,\"blocks_total\":51091,\"blocks_free\":48041,\"blocks_available\":48041}\n"}
{"timestamp":1767800566,"subsystem":"/proc/stat","measurement":"cpu  40296 289 6687 315382 12372 0 47 232 0 0\ncpu0 9765 156 3240 168360 5954 0 25 149 0 0\ncpu1 30531 132 3446 147021 6418 0 21 82 0 0\nintr 1178653 23 9 0 0 2009 0 0 0 1 0 0 0 15 0 0 0 0 0 0 22 0 0 0 0 0 0 0 0 0 0 0 0 0 0 0 0 0 0 0 0 0 0 0 0 0 0 0 0 0 0 0 35266 32262 0 0 0 65189 65550 0 0 0 0 0 0 0 0 0 0 0 0 0 0 0 0 0 0 0 0 0 0 0 0 0 0 0 0 0 0 0 0 0 0 0 0 0 0 0 0 0 0 0 0 0 0 0 0 0 0 0 0 0 0 0 0 0 0 0 0 0 0 0 0 0 0 0 0 0 0 0 0 0 0 0 0 0 0 0 0 0 0 0 0 0 0 0 0 0 0 0 0 0 0 0 0 0 0 0 0 0 0 0 0 0 0 0 0 0 0 0 0 0 0 0 0 0 0 0 0 0 0 0 0 0 0 0 0 0 0 0 0 0 0 0 0 0 0 0 0 0 0 0 0 0 0 0 0 0 0 0 0 0 0 0 0 0 0 0 0 0 0 0 0 0 0 0 0 0 0 0 0 0 0 0 0 0 0 0 0 0 0 0 0 0 0 0 0 0 0 0 0 0 0 0 0 0 0 0 0 0 0 0 0 0 0 0 0 0 0 0 0 0 0 0 0 0 0 0 0 0 0 0 0 0 0 0 0 0 0 0 0 0 0 0 0 0 0 0 0 0 0 0 0 0 0 0 0 0 0 0 0 0 0 0 0 0 0 0 0 0 0 0 0 0 0 0 0 0 0 0 0 0 0 0 0 0 0 0 0 0 0 0 0 0 0 0 0 0 0 0 0 0 0 0 0 0 0 0 0 0 0 0 0 0 0 0 0 0 0 0 0 0 0 0 0 0 0 0 0 0 0 0 0 0 0 0 0 0 0 0 0 0 0 0 0 0 0 0 0 0 0 0 0 0 0 0 0 0 0 0 0 0 0 0 0 0 0 0 0 0 0 0 0 0 0 0 0 0 0 0 0 0 0 0 0 0 0 0 0 0 0\nctxt 1304784\nbtime 1767798686\nprocesses 48408\nprocs_running 4\nprocs_blocked 0\nsoftirq 604139 4 124775 341 65875 0 0 139 155692 0 257313\n"}
{"timestamp":1767800566,"subsystem":"/proc/meminfo","measurement":"MemTotal:        3707644 kB\nMemFree:         1225276 kB\nMemAvailable:    3017108 kB\nBuffers:              28 kB\nCached:          1984096 kB\nSwapCached:        21888 kB\nActive:           804024 kB\nInactive:        1377920 kB\nActive(anon):      12720 kB\nInactive(anon):   202972 kB\nActive(file):     791304 kB\nInactive(file):  1174948 kB\nUnevictable:       12472 kB\nMlocked:           12472 kB\nSwapTotal:       5804024 kB\nSwapFree:        5708480 kB\nDirty:                96 kB\nWriteback:             0 kB\nAnonPages:        193096 kB\nMapped:           113880 kB\nShmem:              7192 kB\nKReclaimable:      66392 kB\nSlab:             136400 kB\nSReclaimable:      66392 kB\nSUnreclaim:        70008 kB\nKernelStack:        4480 kB\nPageTables:        11280 kB\nNFS_Unstable:          0 kB\nBounce:                0 kB\nWritebackTmp:          0 kB\nCommitLimit:     7657844 kB\nCommitted_AS:    3097324 kB\nVmallocTotal:   13743895347199 kB\nVmallocUsed:       24864 kB\nVmallocChunk:          0 kB\nPercpu:             1544 kB\nHardwareCorrupted:     0 kB\nAnonHugePages:     59392 kB\nShmemHugePages:        0 kB\nShmemPmdMapped:        0 kB\nFileHugePages:     34816 kB\nFilePmdMapped:     32768 kB\nCmaTotal:              0 kB\nCmaFree:               0 kB\nHugePages_Total:       0\nHugePages_Free:        0\nHugePages_Rsvd:        0\nHugePages_Surp:        0\nHugepagesize:       2048 kB\nHugetlb:               0 kB\nDirectMap4k:      213928 kB\nDirectMap2M:     3975168 kB\nDirectMap1G:     2097152 kB\n"}
{"timestamp":1767800566,"subsystem":"/proc/net/dev","measurement":"Inter-|   Receive                                                |  Transmit\n face |bytes    packets errs drop fifo frame compressed multicast|bytes    packets errs drop fifo colls carrier compressed\n    lo:    5840      72    0    0    0     0          0         0     5840      72    0    0    0     0       0          0\nenp0s5: 875681378   92641    0    0    0     0          0         0  4182095   32754    0    0    0     0       0          0\n"}
{"timestamp":1767800566,"subsystem":"/proc/diskstats","measurement":"   8       0 sda 119468 322834 6256956 156027 15043 472841 8341859 2589958 0 123278 2745986 0 0 0 0 0 0\n   8       1 sda1 244 199 16229 102 12 0 13 10 0 118 113 0 0 0 0 0 0\n   8       2 sda2 696 5 45255 318 58 5 73274 3843 0 583 4162 0 0 0 0 0 0\n   8       3 sda3 118346 322630 6187552 155534 14973 472836 8268572 2586104 0 122690 2741638 0 0 0 0 0 0\n 252       0 dm-0 440158 0 6160450 442163 485873 0 8217581 403355944 0 119866 403798107 0 0 0 0 0 0\n 252       1 dm-1 380 0 14366 401 374 0 50991 32777 0 8012 33178 0 0 0 0 0 0\n"}
{"timestamp":1767800566,"subsystem":"statfs[*]","measurement":"{\"mount_point\":\"/\",\"block_size\":4096,\"blocks_total\":9301568,\"blocks_free\":5874705,\"blocks_available\":5874705}\n{\"mount_point\":\"/var/oled\",\"block_size\":4096,\"blocks_total\":2618880,\"blocks_free\":2586162,\"blocks_available\":2586162}\n{\"mount_point\":\"/boot\",\"block_size\":4096,\"blocks_total\":259584,\"blocks_free\":160217,\"blocks_available\":160217}\n{\"mount_point\":\"/boot/efi\",\"block_size\":2048,\"blocks_total\":51091,\"blocks_free\":48041,\"blocks_available\":48041}\n"}
{"timestamp":1767800571,"subsystem":"/proc/stat","measurement":"cpu  40799 289 6692 315873 12372 0 47 232 0 0\ncpu0 9820 156 3245 168800 5954 0 25 149 0 0\ncpu1 30978 132 3447 147073 6418 0 21 82 0 0\nintr 1184605 23 9 0 0 2009 0 0 0 1 0 0 0 15 0 0 0 0 0 0 22 0 0 0 0 0 0 0 0 0 0 0 0 0 0 0 0 0 0 0 0 0 0 0 0 0 0 0 0 0 0 0 35270 32266 0 0 0 65189 65550 0 0 0 0 0 0 0 0 0 0 0 0 0 0 0 0 0 0 0 0 0 0 0 0 0 0 0 0 0 0 0 0 0 0 0 0 0 0 0 0 0 0 0 0 0 0 0 0 0 0 0 0 0 0 0 0 0 0 0 0 0 0 0 0 0 0 0 0 0 0 0 0 0 0 0 0 0 0 0 0 0 0 0 0 0 0 0 0 0 0 0 0 0 0 0 0 0 0 0 0 0 0 0 0 0 0 0 0 0 0 0 0 0 0 0 0 0 0 0 0 0 0 0 0 0 0 0 0 0 0 0 0 0 0 0 0 0 0 0 0 0 0 0 0 0 0 0 0 0 0 0 0 0 0 0 0 0 0 0 0 0 0 0 0 0 0 0 0 0 0 0 0 0 0 0 0 0 0 0 0 0 0 0 0 0 0 0 0 0 0 0 0 0 0 0 0 0 0 0 0 0 0 0 0 0 0 0 0 0 0 0 0 0 0 0 0 0 0 0 0 0 0 0 0 0 0 0 0 0 0 0 0 0 0 0 0 0 0 0 0 0 0 0 0 0 0 0 0 0 0 0 0 0 0 0 0 0 0 0 0 0 0 0 0 0 0 0 0 0 0 0 0 0 0 0 0 0 0 0 0 0 0 0 0 0 0 0 0 0 0 0 0 0 0 0 0 0 0 0 0 0 0 0 0 0 0 0 0 0 0 0 0 0 0 0 0 0 0 0 0 0 0 0 0 0 0 0 0 0 0 0 0 0 0 0 0 0 0 0 0 0 0 0 0 0 0 0 0 0 0 0 0 0 0 0 0 0 0 0 0 0 0 0 0 0 0 0 0 0 0 0 0 0 0 0 0 0 0 0 0 0 0\nctxt 1306670\nbtime 1767798686\nprocesses 48413\nprocs_running 4\nprocs_blocked 0\nsoftirq 605286 4 125090 342 65883 0 0 139 156147 0 257681\n"}
{"timestamp":1767800571,"subsystem":"/proc/meminfo","measurement":"MemTotal:        3707644 kB\nMemFree:         1225276 kB\nMemAvailable:    3017380 kB\nBuffers:              28 kB\nCached:          1984368 kB\nSwapCached:        21888 kB\nActive:           804024 kB\nInactive:        1378620 kB\nActive(anon):      12720 kB\nInactive(anon):   203400 kB\nActive(file):     791304 kB\nInactive(file):  1175220 kB\nUnevictable:       12472 kB\nMlocked:           12472 kB\nSwapTotal:       5804024 kB\nSwapFree:        5708480 kB\nDirty:               380 kB\nWriteback:             0 kB\nAnonPages:        193524 kB\nMapped:           113880 kB\nShmem:              7192 kB\nKReclaimable:      66392 kB\nSlab:             136404 kB\nSReclaimable:      66392 kB\nSUnreclaim:        70012 kB\nKernelStack:        4480 kB\nPageTables:        11280 kB\nNFS_Unstable:          0 kB\nBounce:                0 kB\nWritebackTmp:          0 kB\nCommitLimit:     7657844 kB\nCommitted_AS:    3097892 kB\nVmallocTotal:   13743895347199 kB\nVmallocUsed:       24864 kB\nVmallocChunk:          0 kB\nPercpu:             1544 kB\nHardwareCorrupted:     0 kB\nAnonHugePages:     59392 kB\nShmemHugePages:        0 kB\nShmemPmdMapped:        0 kB\nFileHugePages:     34816 kB\nFilePmdMapped:     32768 kB\nCmaTotal:              0 kB\nCmaFree:               0 kB\nHugePages_Total:       0\nHugePages_Free:        0\nHugePages_Rsvd:        0\nHugePages_Surp:        0\nHugepagesize:       2048 kB\nHugetlb:               0 kB\nDirectMap4k:      213928 kB\nDirectMap2M:     3975168 kB\nDirectMap1G:     2097152 kB\n"}
{"timestamp":1767800571,"subsystem":"/proc/net/dev","measurement":"Inter-|   Receive                                                |  Transmit\n face |bytes    packets errs drop fifo frame compressed multicast|bytes    packets errs drop fifo colls carrier compressed\n    lo:    5840      72    0    0    0     0          0         0     5840      72    0    0    0     0       0          0\nenp0s5: 875681708   92646    0    0    0     0          0         0  4182359   32758    0    0    0     0       0          0\n"}
{"timestamp":1767800571,"subsystem":"/proc/diskstats","measurement":"   8       0 sda 119468 322834 6256956 156027 15043 472841 8341859 2589958 0 123278 2745986 0 0 0 0 0 0\n   8       1 sda1 244 199 16229 102 12 0 13 10 0 118 113 0 0 0 0 0 0\n   8       2 sda2 696 5 45255 318 58 5 73274 3843 0 583 4162 0 0 0 0 0 0\n   8       3 sda3 118346 322630 6187552 155534 14973 472836 8268572 2586104 0 122690 2741638 0 0 0 0 0 0\n 252       0 dm-0 440158 0 6160450 442163 485873 0 8217581 403355944 0 119866 403798107 0 0 0 0 0 0\n 252       1 dm-1 380 0 14366 401 374 0 50991 32777 0 8012 33178 0 0 0 0 0 0\n"}
{"timestamp":1767800571,"subsystem":"statfs[*]","measurement":"{\"mount_point\":\"/\",\"block_size\":4096,\"blocks_total\":9301568,\"blocks_free\":5874699,\"blocks_available\":5874699}\n{\"mount_point\":\"/var/oled\",\"block_size\":4096,\"blocks_total\":2618880,\"blocks_free\":2586162,\"blocks_available\":2586162}\n{\"mount_point\":\"/boot\",\"block_size\":4096,\"blocks_total\":259584,\"blocks_free\":160217,\"blocks_available\":160217}\n{\"mount_point\":\"/boot/efi\",\"block_size\":2048,\"blocks_total\":51091,\"blocks_free\":48041,\"blocks_available\":48041}\n"}
{"timestamp":1767800576,"subsystem":"/proc/stat","measurement":"cpu  41302 289 6695 316366 12372 0 47 232 0 0\ncpu0 9930 156 3247 169186 5954 0 25 149 0 0\ncpu1 31371 132 3447 147179 6418 0 22 82 0 0\nintr 1190514 23 9 0 0 2009 0 0 0 1 0 0 0 15 0 0 0 0 0 0 22 0 0 0 0 0 0 0 0 0 0 0 0 0 0 0 0 0 0 0 0 0 0 0 0 0 0 0 0 0 0 0 35280 32276 0 0 0 65194 65553 0 0 0 0 0 0 0 0 0 0 0 0 0 0 0 0 0 0 0 0 0 0 0 0 0 0 0 0 0 0 0 0 0 0 0 0 0 0 0 0 0 0 0 0 0 0 0 0 0 0 0 0 0 0 0 0 0 0 0 0 0 0 0 0 0 0 0 0 0 0 0 0 0 0 0 0 0 0 0 0 0 0 0 0 0 0 0 0 0 0 0 0 0 0 0 0 0 0 0 0 0 0 0 0 0 0 0 0 0 0 0 0 0 0 0 0 0 0 0 0 0 0 0 0 0 0 0 0 0 0 0 0 0 0 0 0 0 0 0 0 0 0 0 0 0 0 0 0 0 0 0 0 0 0 0 0 0 0 0 0 0 0 0 0 0 0 0 0 0 0 0 0 0 0 0 0 0 0 0 0 0 0 0 0 0 0 0 0 0 0 0 0 0 0 0 0 0 0 0 0 0 0 0 0 0 0 0 0 0 0 0 0 0 0 0 0 0 0 0 0 0 0 0 0 0 0 0 0 0 0 0 0 0 0 0 0 0 0 0 0 0 0 0 0 0 0 0 0 0 0 0 0 0 0 0 0 0 0 0 0 0 0 0 0 0 0 0 0 0 0 0 0 0 0 0 0 0 0 0 0 0 0 0 0 0 0 0 0 0 0 0 0 0 0 0 0 0 0 0 0 0 0 0 0 0 0 0 0 0 0 0 0 0 0 0 0 0 0 0 0 0 0 0 0 0 0 0 0 0 0 0 0 0 0 0 0 0 0 0 0 0 0 0 0 0 0 0 0 0 0 0 0 0 0 0 0 0 0 0 0 0 0 0 0 0 0 0 0 0 0 0 0 0 0 0 0 0 0 0 0 0 0\nctxt 1308462\nbtime 1767798686\nprocesses 48418\nprocs_running 4\nprocs_blocked 0\nsoftirq 606143 4 125401 342 65903 0 0 139 156556 0 257798\n"}
{"timestamp":1767800576,"subsystem":"/proc/meminfo","measurement":"MemTotal:        3707644 kB\nMemFree:         1225276 kB\nMemAvailable:    3017384 kB\nBuffers:              28 kB\nCached:          1984372 kB\nSwapCached:        21908 kB\nActive:           804028 kB\nInactive:        1378740 kB\nActive(anon):      12720 kB\nInactive(anon):   203520 kB\nActive(file):     791308 kB\nInactive(file):  1175220 kB\nUnevictable:       12472 kB\nMlocked:           12472 kB\nSwapTotal:       5804024 kB\nSwapFree:        5708480 kB\nDirty:               372 kB\nWriteback:             0 kB\nAnonPages:        193640 kB\nMapped:           114516 kB\nShmem:              7192 kB\nKReclaimable:      66392 kB\nSlab:             136404 kB\nSReclaimable:      66392 kB\nSUnreclaim:        70012 kB\nKernelStack:        4480 kB\nPageTables:        11280 kB\nNFS_Unstable:          0 kB\nBounce:                0 kB\nWritebackTmp:          0 kB\nCommitLimit:     7657844 kB\nCommitted_AS:    3097892 kB\nVmallocTotal:   13743895347199 kB\nVmallocUsed:       24864 kB\nVmallocChunk:          0 kB\nPercpu:             1544 kB\nHardwareCorrupted:     0 kB\nAnonHugePages:     59392 kB\nShmemHugePages:        0 kB\nShmemPmdMapped:        0 kB\nFileHugePages:     34816 kB\nFilePmdMapped:     32768 kB\nCmaTotal:              0 kB\nCmaFree:               0 kB\nHugePages_Total:       0\nHugePages_Free:        0\nHugePages_Rsvd:        0\nHugePages_Surp:        0\nHugepagesize:       2048 kB\nHugetlb:               0 kB\nDirectMap4k:      213928 kB\nDirectMap2M:     3975168 kB\nDirectMap1G:     2097152 kB\n"}
{"timestamp":1767800576,"subsystem":"/proc/net/dev","measurement":"Inter-|   Receive                                                |  Transmit\n face |bytes    packets errs drop fifo frame compressed multicast|bytes    packets errs drop fifo colls carrier compressed\n    lo:    5840      72    0    0    0     0          0         0     5840      72    0    0    0     0       0          0\nenp0s5: 875682695   92656    0    0    0     0          0         0  4183174   32768    0    0    0     0       0          0\n"}
{"timestamp":1767800576,"subsystem":"/proc/diskstats","measurement":"   8       0 sda 119471 322836 6256996 156029 15052 472842 8342016 2589967 0 123285 2745997 0 0 0 0 0 0\n   8       1 sda1 244 199 16229 102 12 0 13 10 0 118 113 0 0 0 0 0 0\n   8       2 sda2 696 5 45255 318 58 5 73274 3843 0 583 4162 0 0 0 0 0 0\n   8       3 sda3 118349 322632 6187592 155536 14982 472837 8268729 2586113 0 122697 2741649 0 0 0 0 0 0\n 252       0 dm-0 440163 0 6160490 442166 485882 0 8217734 403355953 0 119872 403798119 0 0 0 0 0 0\n 252       1 dm-1 380 0 14366 401 375 0 50995 32777 0 8013 33178 0 0 0 0 0 0\n"}
{"timestamp":1767800576,"subsystem":"statfs[*]","measurement":"{\"mount_point\":\"/\",\"block_size\":4096,\"blocks_total\":9301568,\"blocks_free\":5874703,\"blocks_available\":5874703}\n{\"mount_point\":\"/var/oled\",\"block_size\":4096,\"blocks_total\":2618880,\"blocks_free\":2586162,\"blocks_available\":2586162}\n{\"mount_point\":\"/boot\",\"block_size\":4096,\"blocks_total\":259584,\"blocks_free\":160217,\"blocks_available\":160217}\n{\"mount_point\":\"/boot/efi\",\"block_size\":2048,\"blocks_total\":51091,\"blocks_free\":48041,\"blocks_available\":48041}\n"}
{"timestamp":1767800581,"subsystem":"/proc/stat","measurement":"cpu  41804 289 6698 316859 12372 0 48 232 0 0\ncpu0 9936 156 3248 169678 5954 0 26 149 0 0\ncpu1 31867 132 3449 147180 6418 0 22 82 0 0\nintr 1196443 23 9 0 0 2009 0 0 0 1 0 0 0 15 0 0 0 0 0 0 22 0 0 0 0 0 0 0 0 0 0 0 0 0 0 0 0 0 0 0 0 0 0 0 0 0 0 0 0 0 0 0 35286 32280 0 0 0 65195 65553 0 0 0 0 0 0 0 0 0 0 0 0 0 0 0 0 0 0 0 0 0 0 0 0 0 0 0 0 0 0 0 0 0 0 0 0 0 0 0 0 0 0 0 0 0 0 0 0 0 0 0 0 0 0 0 0 0 0 0 0 0 0 0 0 0 0 0 0 0 0 0 0 0 0 0 0 0 0 0 0 0 0 0 0 0 0 0 0 0 0 0 0 0 0 0 0 0 0 0 0 0 0 0 0 0 0 0 0 0 0 0 0 0 0 0 0 0 0 0 0 0 0 0 0 0 0 0 0 0 0 0 0 0 0 0 0 0 0 0 0 0 0 0 0 0 0 0 0 0 0 0 0 0 0 0 0 0 0 0 0 0 0 0 0 0 0 0 0 0 0 0 0 0 0 0 0 0 0 0 0 0 0 0 0 0 0 0 0 0 0 0 0 0 0 0 0 0 0 0 0 0 0 0 0 0 0 0 0 0 0 0 0 0 0 0 0 0 0 0 0 0 0 0 0 0 0 0 0 0 0 0 0 0 0 0 0 0 0 0 0 0 0 0 0 0 0 0 0 0 0 0 0 0 0 0 0 0 0 0 0 0 0 0 0 0 0 0 0 0 0 0 0 0 0 0 0 0 0 0 0 0 0 0 0 0 0 0 0 0 0 0 0 0 0 0 0 0 0 0 0 0 0 0 0 0 0 0 0 0 0 0 0 0 0 0 0 0 0 0 0 0 0 0 0 0 0 0 0 0 0 0 0 0 0 0 0 0 0 0 0 0 0 0 0 0 0 0 0 0 0 0 0 0 0 0 0 0 0 0 0 0 0 0 0 0 0 0 0 0 0 0 0 0 0 0 0 0 0 0 0 0 0\nctxt 1310303\nbtime 1767798686\nprocesses 48423\nprocs_running 4\nprocs_blocked 0\nsoftirq 607094 4 125719 343 65913 0 0 139 157018 0 257958\n"}
{"timestamp":1767800581,"subsystem":"/proc/meminfo","measurement":"MemTotal:        3707644 kB\nMemFree:         1225276 kB\nMemAvailable:    3017436 kB\nBuffers:              28 kB\nCached:          1984424 kB\nSwapCached:        21904 kB\nActive:           804028 kB\nInactive:        1378908 kB\nActive(anon):      12720 kB\nInactive(anon):   203636 kB\nActive(file):     791308 kB\nInactive(file):  1175272 kB\nUnevictable:       12472 kB\nMlocked:           12472 kB\nSwapTotal:       5804024 kB\nSwapFree:        5708480 kB\nDirty:                24 kB\nWriteback:             0 kB\nAnonPages:        193760 kB\nMapped:           114516 kB\nShmem:              7192 kB\nKReclaimable:      66392 kB\nSlab:             136468 kB\nSReclaimable:      66392 kB\nSUnreclaim:        70076 kB\nKernelStack:        4480 kB\nPageTables:        11280 kB\nNFS_Unstable:          0 kB\nBounce:                0 kB\nWritebackTmp:          0 kB\nCommitLimit:     7657844 kB\nCommitted_AS:    3097892 kB\nVmallocTotal:   13743895347199 kB\nVmallocUsed:       24848 kB\nVmallocChunk:          0 kB\nPercpu:             1544 kB\nHardwareCorrupted:     0 kB\nAnonHugePages:     59392 kB\nShmemHugePages:        0 kB\nShmemPmdMapped:        0 kB\nFileHugePages:     34816 kB\nFilePmdMapped:     32768 kB\nCmaTotal:              0 kB\nCmaFree:               0 kB\nHugePages_Total:       0\nHugePages_Free:        0\nHugePages_Rsvd:        0\nHugePages_Surp:        0\nHugepagesize:       2048 kB\nHugetlb:               0 kB\nDirectMap4k:      213928 kB\nDirectMap2M:     3975168 kB\nDirectMap1G:     2097152 kB\n"}
{"timestamp":1767800581,"subsystem":"/proc/net/dev","measurement":"Inter-|   Receive                                                |  Transmit\n face |bytes    packets errs drop fifo frame compressed multicast|bytes    packets errs drop fifo colls carrier compressed\n    lo:    5840      72    0    0    0     0          0         0     5840      72    0    0    0     0       0          0\nenp0s5: 875683091   92662    0    0    0     0          0         0  4183438   32772    0    0    0     0       0          0\n"}
{"timestamp":1767800581,"subsystem":"/proc/diskstats","measurement":"   8       0 sda 119471 322836 6256996 156029 15053 472843 8342824 2589969 0 123287 2745999 0 0 0 0 0 0\n   8       1 sda1 244 199 16229 102 12 0 13 10 0 118 113 0 0 0 0 0 0\n   8       2 sda2 696 5 45255 318 58 5 73274 3843 0 583 4162 0 0 0 0 0 0\n   8       3 sda3 118349 322632 6187592 155536 14983 472838 8269537 2586115 0 122699 2741651 0 0 0 0 0 0\n 252       0 dm-0 440163 0 6160490 442166 485882 0 8217734 403355953 0 119872 403798119 0 0 0 0 0 0\n 252       1 dm-1 380 0 14366 401 377 0 51803 32779 0 8015 33180 0 0 0 0 0 0\n"}
{"timestamp":1767800581,"subsystem":"statfs[*]","measurement":"{\"mount_point\":\"/\",\"block_size\":4096,\"blocks_total\":9301568,\"blocks_free\":5874697,\"blocks_available\":5874697}\n{\"mount_point\":\"/var/oled\",\"block_size\":4096,\"blocks_total\":2618880,\"blocks_free\":2586162,\"blocks_available\":2586162}\n{\"mount_point\":\"/boot\",\"block_size\":4096,\"blocks_total\":259584,\"blocks_free\":160217,\"blocks_available\":160217}\n{\"mount_point\":\"/boot/efi\",\"block_size\":2048,\"blocks_total\":51091,\"blocks_free\":48041,\"blocks_available\":48041}\n"}
{"timestamp":1767800586,"subsystem":"/proc/stat","measurement":"cpu  42306 289 6702 317353 12372 0 48 232 0 0\ncpu0 10128 156 3249 169986 5954 0 26 150 0 0\ncpu1 32178 132 3453 147367 6418 0 22 82 0 0\nintr 1202408 23 9 0 0 2009 0 0 0 1 0 0 0 15 0 0 0 0 0 0 22 0 0 0 0 0 0 0 0 0 0 0 0 0 0 0 0 0 0 0 0 0 0 0 0 0 0 0 0 0 0 0 35291 32286 0 0 0 65195 65554 0 0 0 0 0 0 0 0 0 0 0 0 0 0 0 0 0 0 0 0 0 0 0 0 0 0 0 0 0 0 0 0 0 0 0 0 0 0 0 0 0 0 0 0 0 0 0 0 0 0 0 0 0 0 0 0 0 0 0 0 0 0 0 0 0 0 0 0 0 0 0 0 0 0 0 0 0 0 0 0 0 0 0 0 0 0 0 0 0 0 0 0 0 0 0 0 0 0 0 0 0 0 0 0 0 0 0 0 0 0 0 0 0 0 0 0 0 0 0 0 0 0 0 0 0 0 0 0 0 0 0 0 0 0 0 0 0 0 0 0 0 0 0 0 0 0 0 0 0 0 0 0 0 0 0 0 0 0 0 0 0 0 0 0 0 0 0 0 0 0 0 0 0 0 0 0 0 0 0 0 0 0 0 0 0 0 0 0 0 0 0 0 0 0 0 0 0 0 0 0 0 0 0 0 0 0 0 0 0 0 0 0 0 0 0 0 0 0 0 0 0 0 0 0 0 0 0 0 0 0 0 0 0 0 0 0 0 0 0 0 0 0 0 0 0 0 0 0 0 0 0 0 0 0 0 0 0 0 0 0 0 0 0 0 0 0 0 0 0 0 0 0 0 0 0 0 0 0 0 0 0 0 0 0 0 0 0 0 0 0 0 0 0 0 0 0 0 0 0 0 0 0 0 0 0 0 0 0 0 0 0 0 0 0 0 0 0 0 0 0 0 0 0 0 0 0 0 0 0 0 0 0 0 0 0 0 0 0 0 0 0 0 0 0 0 0 0 0 0 0 0 0 0 0 0 0 0 0 0 0 0 0 0 0 0 0 0 0 0 0 0 0 0 0 0 0 0 0 0 0 0 0\nctxt 1312192\nbtime 1767798686\nprocesses 48428\nprocs_running 4\nprocs_blocked 0\nsoftirq 607966 4 126018 344 65924 0 0 139 157461 0 258076\n"}
{"timestamp":1767800586,"subsystem":"/proc/meminfo","measurement":"MemTotal:        3707644 kB\nMemFree:         1225276 kB\nMemAvailable:    3017440 kB\nBuffers:              28 kB\nCached:          1984428 kB\nSwapCached:        21904 kB\nActive:           804032 kB\nInactive:        1379024 kB\nActive(anon):      12720 kB\nInactive(anon):   203752 kB\nActive(file):     791312 kB\nInactive(file):  1175272 kB\nUnevictable:       12472 kB\nMlocked:           12472 kB\nSwapTotal:       5804024 kB\nSwapFree:        5708480 kB\nDirty:                16 kB\nWriteback:             0 kB\nAnonPages:        193872 kB\nMapped:           114516 kB\nShmem:              7192 kB\nKReclaimable:      66392 kB\nSlab:             136412 kB\nSReclaimable:      66392 kB\nSUnreclaim:        70020 kB\nKernelStack:        4480 kB\nPageTables:        11280 kB\nNFS_Unstable:          0 kB\nBounce:                0 kB\nWritebackTmp:          0 kB\nCommitLimit:     7657844 kB\nCommitted_AS:    3097892 kB\nVmallocTotal:   13743895347199 kB\nVmallocUsed:       24848 kB\nVmallocChunk:          0 kB\nPercpu:             1544 kB\nHardwareCorrupted:     0 kB\nAnonHugePages:     59392 kB\nShmemHugePages:        0 kB\nShmemPmdMapped:        0 kB\nFileHugePages:     34816 kB\nFilePmdMapped:     32768 kB\nCmaTotal:              0 kB\nCmaFree:               0 kB\nHugePages_Total:       0\nHugePages_Free:        0\nHugePages_Rsvd:        0\nHugePages_Surp:        0\nHugepagesize:       2048 kB\nHugetlb:               0 kB\nDirectMap4k:      213928 kB\nDirectMap2M:     3975168 kB\nDirectMap1G:     2097152 kB\n"}
{"timestamp":1767800586,"subsystem":"/proc/net/dev","measurement":"Inter-|   Receive                                                |  Transmit\n face |bytes    packets errs drop fifo frame compressed multicast|bytes    packets errs drop fifo colls carrier compressed\n    lo:    5840      72    0    0    0     0          0         0     5840      72    0    0    0     0       0          0\nenp0s5: 875683758   92667    0    0    0     0          0         0  4184013   32778    0    0    0     0       0          0\n"}
{"timestamp":1767800586,"subsystem":"/proc/diskstats","measurement":"   8       0 sda 119471 322836 6256996 156029 15054 472844 8342848 2589970 0 123288 2745999 0 0 0 0 0 0\n   8       1 sda1 244 199 16229 102 12 0 13 10 0 118 113 0 0 0 0 0 0\n   8       2 sda2 696 5 45255 318 58 5 73274 3843 0 583 4162 0 0 0 0 0 0\n   8       3 sda3 118349 322632 6187592 155536 14984 472839 8269561 2586115 0 122700 2741651 0 0 0 0 0 0\n 252       0 dm-0 440163 0 6160490 442166 485884 0 8217758 403355953 0 119873 403798119 0 0 0 0 0 0\n 252       1 dm-1 380 0 14366 401 377 0 51803 32779 0 8015 33180 0 0 0 0 0 0\n"}
{"timestamp":1767800586,"subsystem":"statfs[*]","measurement":"{\"mount_point\":\"/\",\"block_size\":4096,\"blocks_total\":9301568,\"blocks_free\":5874701,\"blocks_available\":5874701}\n{\"mount_point\":\"/var/oled\",\"block_size\":4096,\"blocks_total\":2618880,\"blocks_free\":2586162,\"blocks_available\":2586162}\n{\"mount_point\":\"/boot\",\"block_size\":4096,\"blocks_total\":259584,\"blocks_free\":160217,\"blocks_available\":160217}\n{\"mount_point\":\"/boot/efi\",\"block_size\":2048,\"blocks_total\":51091,\"blocks_free\":48041,\"blocks_available\":48041}\n"}
{"timestamp":1767800591,"subsystem":"/proc/stat","measurement":"cpu  42808 289 6705 317846 12372 0 48 232 0 0\ncpu0 10134 156 3249 170478 5954 0 26 150 0 0\ncpu1 32674 132 3455 147367 6418 0 22 82 0 0\nintr 1208350 23 9 0 0 2009 0 0 0 1 0 0 0 15 0 0 0 0 0 0 22 0 0 0 0 0 0 0 0 0 0 0 0 0 0 0 0 0 0 0 0 0 0 0 0 0 0 0 0 0 0 0 35303 32298 0 0 0 65195 65554 0 0 0 0 0 0 0 0 0 0 0 0 0 0 0 0 0 0 0 0 0 0 0 0 0 0 0 0 0 0 0 0 0 0 0 0 0 0 0 0 0 0 0 0 0 0 0 0 0 0 0 0 0 0 0 0 0 0 0 0 0 0 0 0 0 0 0 0 0 0 0 0 0 0 0 0 0 0 0 0 0 0 0 0 0 0 0 0 0 0 0 0 0 0 0 0 0 0 0 0 0 0 0 0 0 0 0 0 0 0 0 0 0 0 0 0 0 0 0 0 0 0 0 0 0 0 0 0 0 0 0 0 0 0 0 0 0 0 0 0 0 0 0 0 0 0 0 0 0 0 0 0 0 0 0 0 0 0 0 0 0 0 0 0 0 0 0 0 0 0 0 0 0 0 0 0 0 0 0 0 0 0 0 0 0 0 0 0 0 0 0 0 0 0 0 0 0 0 0 0 0 0 0 0 0 0 0 0 0 0 0 0 0 0 0 0 0 0 0 0 0 0 0 0 0 0 0 0 0 0 0 0 0 0 0 0 0 0 0 0 0 0 0 0 0 0 0 0 0 0 0 0 0 0 0 0 0 0 0 0 0 0 0 0 0 0 0 0 0 0 0 0 0 0 0 0 0 0 0 0 0 0 0 0 0 0 0 0 0 0 0 0 0 0 0 0 0 0 0 0 0 0 0 0 0 0 0 0 0 0 0 0 0 0 0 0 0 0 0 0 0 0 0 0 0 0 0 0 0 0 0 0 0 0 0 0 0 0 0 0 0 0 0 0 0 0 0 0 0 0 0 0 0 0 0 0 0 0 0 0 0 0 0 0 0 0 0 0 0 0 0 0 0 0 0 0 0 0 0 0 0 0\nctxt 1313946\nbtime 1767798686\nprocesses 48433\nprocs_running 4\nprocs_blocked 0\nsoftirq 608919 4 126330 345 65947 0 0 139 157916 0 258238\n"}
{"timestamp":1767800591,"subsystem":"/proc/meminfo","measurement":"MemTotal:        3707644 kB\nMemFree:         1225276 kB\nMemAvailable:    3017488 kB\nBuffers:              28 kB\nCached:          1984476 kB\nSwapCached:        21904 kB\nActive:           804036 kB\nInactive:        1379148 kB\nActive(anon):      12720 kB\nInactive(anon):   203832 kB\nActive(file):     791316 kB\nInactive(file):  1175316 kB\nUnevictable:       12472 kB\nMlocked:           12472 kB\nSwapTotal:       5804024 kB\nSwapFree:        5708480 kB\nDirty:                72 kB\nWriteback:             0 kB\nAnonPages:        193972 kB\nMapped:           114516 kB\nShmem:              7192 kB\nKReclaimable:      66392 kB\nSlab:             136416 kB\nSReclaimable:      66392 kB\nSUnreclaim:        70024 kB\nKernelStack:        4480 kB\nPageTables:        11280 kB\nNFS_Unstable:          0 kB\nBounce:                0 kB\nWritebackTmp:          0 kB\nCommitLimit:     7657844 kB\nCommitted_AS:    3097892 kB\nVmallocTotal:   13743895347199 kB\nVmallocUsed:       24848 kB\nVmallocChunk:          0 kB\nPercpu:             1544 kB\nHardwareCorrupted:     0 kB\nAnonHugePages:     59392 kB\nShmemHugePages:        0 kB\nShmemPmdMapped:        0 kB\nFileHugePages:     34816 kB\nFilePmdMapped:     32768 kB\nCmaTotal:              0 kB\nCmaFree:               0 kB\nHugePages_Total:       0\nHugePages_Free:        0\nHugePages_Rsvd:        0\nHugePages_Surp:        0\nHugepagesize:       2048 kB\nHugetlb:               0 kB\nDirectMap4k:      213928 kB\nDirectMap2M:     3975168 kB\nDirectMap1G:     2097152 kB\n"}
{"timestamp":1767800591,"subsystem":"/proc/net/dev","measurement":"Inter-|   Receive                                                |  Transmit\n face |bytes    packets errs drop fifo frame compressed multicast|bytes    packets errs drop fifo colls carrier compressed\n    lo:    5840      72    0    0    0     0          0         0     5840      72    0    0    0     0       0          0\nenp0s5: 875684651   92680    0    0    0     0          0         0  4184836   32790    0    0    0     0       0          0\n"}
{"timestamp":1767800591,"subsystem":"/proc/diskstats","measurement":"   8       0 sda 119471 322836 6256996 156029 15054 472844 8342848 2589970 0 123288 2745999 0 0 0 0 0 0\n   8       1 sda1 244 199 16229 102 12 0 13 10 0 118 113 0 0 0 0 0 0\n   8       2 sda2 696 5 45255 318 58 5 73274 3843 0 583 4162 0 0 0 0 0 0\n   8       3 sda3 118349 322632 6187592 155536 14984 472839 8269561 2586115 0 122700 2741651 0 0 0 0 0 0\n 252       0 dm-0 440163 0 6160490 442166 485884 0 8217758 403355953 0 119873 403798119 0 0 0 0 0 0\n 252       1 dm-1 380 0 14366 401 377 0 51803 32779 0 8015 33180 0 0 0 0 0 0\n"}
{"timestamp":1767800591,"subsystem":"statfs[*]","measurement":"{\"mount_point\":\"/\",\"block_size\":4096,\"blocks_total\":9301568,\"blocks_free\":5874695,\"blocks_available\":5874695}\n{\"mount_point\":\"/var/oled\",\"block_size\":4096,\"blocks_total\":2618880,\"blocks_free\":2586162,\"blocks_available\":2586162}\n{\"mount_point\":\"/boot\",\"block_size\":4096,\"blocks_total\":259584,\"blocks_free\":160217,\"blocks_available\":160217}\n{\"mount_point\":\"/boot/efi\",\"block_size\":2048,\"blocks_total\":51091,\"blocks_free\":48041,\"blocks_available\":48041}\n"}
{"timestamp":1767800596,"subsystem":"/proc/stat","measurement":"cpu  43310 289 6709 318340 12372 0 48 232 0 0\ncpu0 10185 156 3252 170925 5954 0 26 150 0 0\ncpu1 33125 132 3457 147415 6418 0 22 82 0 0\nintr 1214234 23 9 0 0 2009 0 0 0 1 0 0 0 15 0 0 0 0 0 0 22 0 0 0 0 0 0 0 0 0 0 0 0 0 0 0 0 0 0 0 0 0 0 0 0 0 0 0 0 0 0 0 35308 32304 0 0 0 65195 65555 0 0 0 0 0 0 0 0 0 0 0 0 0 0 0 0 0 0 0 0 0 0 0 0 0 0 0 0 0 0 0 0 0 0 0 0 0 0 0 0 0 0 0 0 0 0 0 0 0 0 0 0 0 0 0 0 0 0 0 0 0 0 0 0 0 0 0 0 0 0 0 0 0 0 0 0 0 0 0 0 0 0 0 0 0 0 0 0 0 0 0 0 0 0 0 0 0 0 0 0 0 0 0 0 0 0 0 0 0 0 0 0 0 0 0 0 0 0 0 0 0 0 0 0 0 0 0 0 0 0 0 0 0 0 0 0 0 0 0 0 0 0 0 0 0 0 0 0 0 0 0 0 0 0 0 0 0 0 0 0 0 0 0 0 0 0 0 0 0 0 0 0 0 0 0 0 0 0 0 0 0 0 0 0 0 0 0 0 0 0 0 0 0 0 0 0 0 0 0 0 0 0 0 0 0 0 0 0 0 0 0 0 0 0 0 0 0 0 0 0 0 0 0 0 0 0 0 0 0 0 0 0 0 0 0 0 0 0 0 0 0 0 0 0 0 0 0 0 0 0 0 0 0 0 0 0 0 0 0 0 0 0 0 0 0 0 0 0 0 0 0 0 0 0 0 0 0 0 0 0 0 0 0 0 0 0 0 0 0 0 0 0 0 0 0 0 0 0 0 0 0 0 0 0 0 0 0 0 0 0 0 0 0 0 0 0 0 0 0 0 0 0 0 0 0 0 0 0 0 0 0 0 0 0 0 0 0 0 0 0 0 0 0 0 0 0 0 0 0 0 0 0 0 0 0 0 0 0 0 0 0 0 0 0 0 0 0 0 0 0 0 0 0 0 0 0 0 0 0 0 0 0\nctxt 1315674\nbtime 1767798686\nprocesses 48438\nprocs_running 4\nprocs_blocked 0\nsoftirq 609818 4 126639 346 65958 0 0 139 158374 0 258358\n"}
{"timestamp":1767800596,"subsystem":"/proc/meminfo","measurement":"MemTotal:        3707644 kB\nMemFree:         1225276 kB\nMemAvailable:    3017492 kB\nBuffers:              28 kB\nCached:          1984480 kB\nSwapCached:        21904 kB\nActive:           804036 kB\nInactive:        1379356 kB\nActive(anon):      12720 kB\nInactive(anon):   204036 kB\nActive(file):     791316 kB\nInactive(file):  1175320 kB\nUnevictable:       12472 kB\nMlocked:           12472 kB\nSwapTotal:       5804024 kB\nSwapFree:        5708480 kB\nDirty:                64 kB\nWriteback:             0 kB\nAnonPages:        194108 kB\nMapped:           114516 kB\nShmem:              7192 kB\nKReclaimable:      66392 kB\nSlab:             136412 kB\nSReclaimable:      66392 kB\nSUnreclaim:        70020 kB\nKernelStack:        4480 kB\nPageTables:        11280 kB\nNFS_Unstable:          0 kB\nBounce:                0 kB\nWritebackTmp:          0 kB\nCommitLimit:     7657844 kB\nCommitted_AS:    3097892 kB\nVmallocTotal:   13743895347199 kB\nVmallocUsed:       24864 kB\nVmallocChunk:          0 kB\nPercpu:             1544 kB\nHardwareCorrupted:     0 kB\nAnonHugePages:     57344 kB\nShmemHugePages:        0 kB\nShmemPmdMapped:        0 kB\nFileHugePages:     34816 kB\nFilePmdMapped:     32768 kB\nCmaTotal:              0 kB\nCmaFree:               0 kB\nHugePages_Total:       0\nHugePages_Free:        0\nHugePages_Rsvd:        0\nHugePages_Surp:        0\nHugepagesize:       2048 kB\nHugetlb:               0 kB\nDirectMap4k:      213928 kB\nDirectMap2M:     3975168 kB\nDirectMap1G:     2097152 kB\n"}
{"timestamp":1767800596,"subsystem":"/proc/net/dev","measurement":"Inter-|   Receive                                                |  Transmit\n face |bytes    packets errs drop fifo frame compressed multicast|bytes    packets errs drop fifo colls carrier compressed\n    lo:    5840      72    0    0    0     0          0         0     5840      72    0    0    0     0       0          0\nenp0s5: 875685318   92685    0    0    0     0          0         0  4185411   32796    0    0    0     0       0          0\n"}
{"timestamp":1767800596,"subsystem":"/proc/diskstats","measurement":"   8       0 sda 119471 322836 6256996 156029 15056 472844 8342872 2589971 0 123289 2746001 0 0 0 0 0 0\n   8       1 sda1 244 199 16229 102 12 0 13 10 0 118 113 0 0 0 0 0 0\n   8       2 sda2 696 5 45255 318 58 5 73274 3843 0 583 4162 0 0 0 0 0 0\n   8       3 sda3 118349 322632 6187592 155536 14986 472839 8269585 2586117 0 122701 2741653 0 0 0 0 0 0\n 252       0 dm-0 440163 0 6160490 442166 485886 0 8217782 403355953 0 119874 403798119 0 0 0 0 0 0\n 252       1 dm-1 380 0 14366 401 377 0 51803 32779 0 8015 33180 0 0 0 0 0 0\n"}
{"timestamp":1767800596,"subsystem":"statfs[*]","measurement":"{\"mount_point\":\"/\",\"block_size\":4096,\"blocks_total\":9301568,\"blocks_free\":5874684,\"blocks_available\":5874684}\n{\"mount_point\":\"/var/oled\",\"block_size\":4096,\"blocks_total\":2618880,\"blocks_free\":2586162,\"blocks_available\":2586162}\n{\"mount_point\":\"/boot\",\"block_size\":4096,\"blocks_total\":259584,\"blocks_free\":160217,\"blocks_available\":160217}\n{\"mount_point\":\"/boot/efi\",\"block_size\":2048,\"blocks_total\":51091,\"blocks_free\":48041,\"blocks_available\":48041}\n"}
{"timestamp":1767800601,"subsystem":"/proc/stat","measurement":"cpu  43814 289 6714 318830 12372 0 49 232 0 0\ncpu0 10190 156 3256 171414 5954 0 26 150 0 0\ncpu1 33623 132 3458 147415 6418 0 22 82 0 0\nintr 1220189 23 9 0 0 2009 0 0 0 1 0 0 0 15 0 0 0 0 0 0 22 0 0 0 0 0 0 0 0 0 0 0 0 0 0 0 0 0 0 0 0 0 0 0 0 0 0 0 0 0 0 0 35315 32310 0 0 0 65197 65555 0 0 0 0 0 0 0 0 0 0 0 0 0 0 0 0 0 0 0 0 0 0 0 0 0 0 0 0 0 0 0 0 0 0 0 0 0 0 0 0 0 0 0 0 0 0 0 0 0 0 0 0 0 0 0 0 0 0 0 0 0 0 0 0 0 0 0 0 0 0 0 0 0 0 0 0 0 0 0 0 0 0 0 0 0 0 0 0 0 0 0 0 0 0 0 0 0 0 0 0 0 0 0 0 0 0 0 0 0 0 0 0 0 0 0 0 0 0 0 0 0 0 0 0 0 0 0 0 0 0 0 0 0 0 0 0 0 0 0 0 0 0 0 0 0 0 0 0 0 0 0 0 0 0 0 0 0 0 0 0 0 0 0 0 0 0 0 0 0 0 0 0 0 0 0 0 0 0 0 0 0 0 0 0 0 0 0 0 0 0 0 0 0 0 0 0 0 0 0 0 0 0 0 0 0 0 0 0 0 0 0 0 0 0 0 0 0 0 0 0 0 0 0 0 0 0 0 0 0 0 0 0 0 0 0 0 0 0 0 0 0 0 0 0 0 0 0 0 0 0 0 0 0 0 0 0 0 0 0 0 0 0 0 0 0 0 0 0 0 0 0 0 0 0 0 0 0 0 0 0 0 0 0 0 0 0 0 0 0 0 0 0 0 0 0 0 0 0 0 0 0 0 0 0 0 0 0 0 0 0 0 0 0 0 0 0 0 0 0 0 0 0 0 0 0 0 0 0 0 0 0 0 0 0 0 0 0 0 0 0 0 0 0 0 0 0 0 0 0 0 0 0 0 0 0 0 0 0 0 0 0 0 0 0 0 0 0 0 0 0 0 0 0 0 0 0 0 0 0 0 0 0\nctxt 1317518\nbtime 1767798686\nprocesses 48443\nprocs_running 4\nprocs_blocked 0\nsoftirq 610975 4 126963 347 65971 0 0 139 158840 0 258711\n"}
{"timestamp":1767800601,"subsystem":"/proc/meminfo","measurement":"MemTotal:        3707644 kB\nMemFree:         1225276 kB\nMemAvailable:    3017756 kB\nBuffers:              28 kB\nCached:          1984744 kB\nSwapCached:        21904 kB\nActive:           804036 kB\nInactive:        1379304 kB\nActive(anon):      12720 kB\nInactive(anon):   203720 kB\nActive(file):     791316 kB\nInactive(file):  1175584 kB\nUnevictable:       12472 kB\nMlocked:           12472 kB\nSwapTotal:       5804024 kB\nSwapFree:        5708480 kB\nDirty:               316 kB\nWriteback:             0 kB\nAnonPages:        193612 kB\nMapped:           114516 kB\nShmem:              7192 kB\nKReclaimable:      66388 kB\nSlab:             136392 kB\nSReclaimable:      66388 kB\nSUnreclaim:        70004 kB\nKernelStack:        4480 kB\nPageTables:        11280 kB\nNFS_Unstable:          0 kB\nBounce:                0 kB\nWritebackTmp:          0 kB\nCommitLimit:     7657844 kB\nCommitted_AS:    3097696 kB\nVmallocTotal:   13743895347199 kB\nVmallocUsed:       24864 kB\nVmallocChunk:          0 kB\nPercpu:             1544 kB\nHardwareCorrupted:     0 kB\nAnonHugePages:     57344 kB\nShmemHugePages:        0 kB\nShmemPmdMapped:        0 kB\nFileHugePages:     34816 kB\nFilePmdMapped:     32768 kB\nCmaTotal:              0 kB\nCmaFree:               0 kB\nHugePages_Total:       0\nHugePages_Free:        0\nHugePages_Rsvd:        0\nHugePages_Surp:        0\nHugepagesize:       2048 kB\nHugetlb:               0 kB\nDirectMap4k:      213928 kB\nDirectMap2M:     3975168 kB\nDirectMap1G:     2097152 kB\n"}
{"timestamp":1767800601,"subsystem":"/proc/net/dev","measurement":"Inter-|   Receive                                                |  Transmit\n face |bytes    packets errs drop fifo frame compressed multicast|bytes    packets errs drop fifo colls carrier compressed\n    lo:    5840      72    0    0    0     0          0         0     5840      72    0    0    0     0       0          0\nenp0s5: 875685801   92692    0    0    0     0          0         0  4185838   32802    0    0    0     0       0          0\n"}
{"timestamp":1767800601,"subsystem":"/proc/diskstats","measurement":"   8       0 sda 119471 322836 6256996 156029 15058 472845 8342904 2589973 0 123290 2746002 0 0 0 0 0 0\n   8       1 sda1 244 199 16229 102 12 0 13 10 0 118 113 0 0 0 0 0 0\n   8       2 sda2 696 5 45255 318 58 5 73274 3843 0 583 4162 0 0 0 0 0 0\n   8       3 sda3 118349 322632 6187592 155536 14988 472840 8269617 2586118 0 122702 2741654 0 0 0 0 0 0\n 252       0 dm-0 440163 0 6160490 442166 485886 0 8217782 403355953 0 119874 403798119 0 0 0 0 0 0\n 252       1 dm-1 380 0 14366 401 380 0 51835 32779 0 8016 33180 0 0 0 0 0 0\n"}
{"timestamp":1767800601,"subsystem":"statfs[*]","measurement":"{\"mount_point\":\"/\",\"block_size\":4096,\"blocks_total\":9301568,\"blocks_free\":5874684,\"blocks_available\":5874684}\n{\"mount_point\":\"/var/oled\",\"block_size\":4096,\"blocks_total\":2618880,\"blocks_free\":2586162,\"blocks_available\":2586162}\n{\"mount_point\":\"/boot\",\"block_size\":4096,\"blocks_total\":259584,\"blocks_free\":160217,\"blocks_available\":160217}\n{\"mount_point\":\"/boot/efi\",\"block_size\":2048,\"blocks_total\":51091,\"blocks_free\":48041,\"blocks_available\":48041}\n"}
{"timestamp":1767800606,"subsystem":"/proc/stat","measurement":"cpu  44316 289 6717 319324 12372 0 49 232 0 0\ncpu0 10193 156 3258 171908 5954 0 27 150 0 0\ncpu1 34123 132 3458 147415 6418 0 22 82 0 0\nintr 1226062 23 9 0 0 2009 0 0 0 1 0 0 0 15 0 0 0 0 0 0 22 0 0 0 0 0 0 0 0 0 0 0 0 0 0 0 0 0 0 0 0 0 0 0 0 0 0 0 0 0 0 0 35323 32319 0 0 0 65204 65556 0 0 0 0 0 0 0 0 0 0 0 0 0 0 0 0 0 0 0 0 0 0 0 0 0 0 0 0 0 0 0 0 0 0 0 0 0 0 0 0 0 0 0 0 0 0 0 0 0 0 0 0 0 0 0 0 0 0 0 0 0 0 0 0 0 0 0 0 0 0 0 0 0 0 0 0 0 0 0 0 0 0 0 0 0 0 0 0 0 0 0 0 0 0 0 0 0 0 0 0 0 0 0 0 0 0 0 0 0 0 0 0 0 0 0 0 0 0 0 0 0 0 0 0 0 0 0 0 0 0 0 0 0 0 0 0 0 0 0 0 0 0 0 0 0 0 0 0 0 0 0 0 0 0 0 0 0 0 0 0 0 0 0 0 0 0 0 0 0 0 0 0 0 0 0 0 0 0 0 0 0 0 0 0 0 0 0 0 0 0 0 0 0 0 0 0 0 0 0 0 0 0 0 0 0 0 0 0 0 0 0 0 0 0 0 0 0 0 0 0 0 0 0 0 0 0 0 0 0 0 0 0 0 0 0 0 0 0 0 0 0 0 0 0 0 0 0 0 0 0 0 0 0 0 0 0 0 0 0 0 0 0 0 0 0 0 0 0 0 0 0 0 0 0 0 0 0 0 0 0 0 0 0 0 0 0 0 0 0 0 0 0 0 0 0 0 0 0 0 0 0 0 0 0 0 0 0 0 0 0 0 0 0 0 0 0 0 0 0 0 0 0 0 0 0 0 0 0 0 0 0 0 0 0 0 0 0 0 0 0 0 0 0 0 0 0 0 0 0 0 0 0 0 0 0 0 0 0 0 0 0 0 0 0 0 0 0 0 0 0 0 0 0 0 0 0 0 0 0 0 0 0\nctxt 1319266\nbtime 1767798686\nprocesses 48448\nprocs_running 4\nprocs_blocked 0\nsoftirq 611837 4 127280 348 65988 0 0 139 159260 0 258818\n"}
{"timestamp":1767800606,"subsystem":"/proc/meminfo","measurement":"MemTotal:        3707644 kB\nMemFree:         1225276 kB\nMemAvailable:    3017760 kB\nBuffers:              28 kB\nCached:          1984748 kB\nSwapCached:        21904 kB\nActive:           804036 kB\nInactive:        1379432 kB\nActive(anon):      12720 kB\nInactive(anon):   203844 kB\nActive(file):     791316 kB\nInactive(file):  1175588 kB\nUnevictable:       12472 kB\nMlocked:           12472 kB\nSwapTotal:       5804024 kB\nSwapFree:        5708480 kB\nDirty:               308 kB\nWriteback:             0 kB\nAnonPages:        193720 kB\nMapped:           114516 kB\nShmem:              7192 kB\nKReclaimable:      66388 kB\nSlab:             136392 kB\nSReclaimable:      66388 kB\nSUnreclaim:        70004 kB\nKernelStack:        4480 kB\nPageTables:        11280 kB\nNFS_Unstable:          0 kB\nBounce:                0 kB\nWritebackTmp:          0 kB\nCommitLimit:     7657844 kB\nCommitted_AS:    3097696 kB\nVmallocTotal:   13743895347199 kB\nVmallocUsed:       24864 kB\nVmallocChunk:          0 kB\nPercpu:             1544 kB\nHardwareCorrupted:     0 kB\nAnonHugePages:     57344 kB\nShmemHugePages:        0 kB\nShmemPmdMapped:        0 kB\nFileHugePages:     34816 kB\nFilePmdMapped:     32768 kB\nCmaTotal:              0 kB\nCmaFree:               0 kB\nHugePages_Total:       0\nHugePages_Free:        0\nHugePages_Rsvd:        0\nHugePages_Surp:        0\nHugepagesize:       2048 kB\nHugetlb:               0 kB\nDirectMap4k:      213928 kB\nDirectMap2M:     3975168 kB\nDirectMap1G:     2097152 kB\n"}
{"timestamp":1767800606,"subsystem":"/proc/net/dev","measurement":"Inter-|   Receive                                                |  Transmit\n face |bytes    packets errs drop fifo frame compressed multicast|bytes    packets errs drop fifo colls carrier compressed\n    lo:    5840      72    0    0    0     0          0         0     5840      72    0    0    0     0       0          0\nenp0s5: 875686646   92700    0    0    0     0          0         0  4186563   32811    0    0    0     0       0          0\n"}
{"timestamp":1767800606,"subsystem":"/proc/diskstats","measurement":"   8       0 sda 119471 322836 6256996 156029 15070 472848 8343133 2589983 0 123295 2746013 0 0 0 0 0 0\n   8       1 sda1 244 199 16229 102 12 0 13 10 0 118 113 0 0 0 0 0 0\n   8       2 sda2 696 5 45255 318 58 5 73274 3843 0 583 4162 0 0 0 0 0 0\n   8       3 sda3 118349 322632 6187592 155536 15000 472843 8269846 2586129 0 122707 2741665 0 0 0 0 0 0\n 252       0 dm-0 440163 0 6160490 442166 485900 0 8218007 403355964 0 119877 403798130 0 0 0 0 0 0\n 252       1 dm-1 380 0 14366 401 381 0 51839 32780 0 8018 33181 0 0 0 0 0 0\n"}
{"timestamp":1767800606,"subsystem":"statfs[*]","measurement":"{\"mount_point\":\"/\",\"block_size\":4096,\"blocks_total\":9301568,\"blocks_free\":5874684,\"blocks_available\":5874684}\n{\"mount_point\":\"/var/oled\",\"block_size\":4096,\"blocks_total\":2618880,\"blocks_free\":2586162,\"blocks_available\":2586162}\n{\"mount_point\":\"/boot\",\"block_size\":4096,\"blocks_total\":259584,\"blocks_free\":160217,\"blocks_available\":160217}\n{\"mount_point\":\"/boot/efi\",\"block_size\":2048,\"blocks_total\":51091,\"blocks_free\":48041,\"blocks_available\":48041}\n"}
{"timestamp":1767800611,"subsystem":"/proc/stat","measurement":"cpu  44818 289 6721 319818 12372 0 49 232 0 0\ncpu0 10195 156 3262 172402 5954 0 27 150 0 0\ncpu1 34623 132 3458 147415 6418 0 22 82 0 0\nintr 1231945 23 9 0 0 2009 0 0 0 1 0 0 0 15 0 0 0 0 0 0 22 0 0 0 0 0 0 0 0 0 0 0 0 0 0 0 0 0 0 0 0 0 0 0 0 0 0 0 0 0 0 0 35327 32322 0 0 0 65205 65556 0 0 0 0 0 0 0 0 0 0 0 0 0 0 0 0 0 0 0 0 0 0 0 0 0 0 0 0 0 0 0 0 0 0 0 0 0 0 0 0 0 0 0 0 0 0 0 0 0 0 0 0 0 0 0 0 0 0 0 0 0 0 0 0 0 0 0 0 0 0 0 0 0 0 0 0 0 0 0 0 0 0 0 0 0 0 0 0 0 0 0 0 0 0 0 0 0 0 0 0 0 0 0 0 0 0 0 0 0 0 0 0 0 0 0 0 0 0 0 0 0 0 0 0 0 0 0 0 0 0 0 0 0 0 0 0 0 0 0 0 0 0 0 0 0 0 0 0 0 0 0 0 0 0 0 0 0 0 0 0 0 0 0 0 0 0 0 0 0 0 0 0 0 0 0 0 0 0 0 0 0 0 0 0 0 0 0 0 0 0 0 0 0 0 0 0 0 0 0 0 0 0 0 0 0 0 0 0 0 0 0 0 0 0 0 0 0 0 0 0 0 0 0 0 0 0 0 0 0 0 0 0 0 0 0 0 0 0 0 0 0 0 0 0 0 0 0 0 0 0 0 0 0 0 0 0 0 0 0 0 0 0 0 0 0 0 0 0 0 0 0 0 0 0 0 0 0 0 0 0 0 0 0 0 0 0 0 0 0 0 0 0 0 0 0 0 0 0 0 0 0 0 0 0 0 0 0 0 0 0 0 0 0 0 0 0 0 0 0 0 0 0 0 0 0 0 0 0 0 0 0 0 0 0 0 0 0 0 0 0 0 0 0 0 0 0 0 0 0 0 0 0 0 0 0 0 0 0 0 0 0 0 0 0 0 0 0 0 0 0 0 0 0 0 0 0 0 0 0 0 0 0\nctxt 1321042\nbtime 1767798686\nprocesses 48453\nprocs_running 4\nprocs_blocked 0\nsoftirq 612754 4 127594 349 65995 0 0 139 159719 0 258954\n"}
{"timestamp":1767800611,"subsystem":"/proc/meminfo","measurement":"MemTotal:        3707644 kB\nMemFree:         1225276 kB\nMemAvailable:    3017812 kB\nBuffers:              28 kB\nCached:          1984800 kB\nSwapCached:        21904 kB\nActive:           804044 kB\nInactive:        1379544 kB\nActive(anon):      12720 kB\nInactive(anon):   203912 kB\nActive(file):     791324 kB\nInactive(file):  1175632 kB\nUnevictable:       12472 kB\nMlocked:           12472 kB\nSwapTotal:       5804024 kB\nSwapFree:        5708480 kB\nDirty:                12 kB\nWriteback:             0 kB\nAnonPages:        193772 kB\nMapped:           114516 kB\nShmem:              7192 kB\nKReclaimable:      66388 kB\nSlab:             136392 kB\nSReclaimable:      66388 kB\nSUnreclaim:        70004 kB\nKernelStack:        4480 kB\nPageTables:        11280 kB\nNFS_Unstable:          0 kB\nBounce:                0 kB\nWritebackTmp:          0 kB\nCommitLimit:     7657844 kB\nCommitted_AS:    3097236 kB\nVmallocTotal:   13743895347199 kB\nVmallocUsed:       24864 kB\nVmallocChunk:          0 kB\nPercpu:             1544 kB\nHardwareCorrupted:     0 kB\nAnonHugePages:     57344 kB\nShmemHugePages:        0 kB\nShmemPmdMapped:        0 kB\nFileHugePages:     34816 kB\nFilePmdMapped:     32768 kB\nCmaTotal:              0 kB\nCmaFree:               0 kB\nHugePages_Total:       0\nHugePages_Free:        0\nHugePages_Rsvd:        0\nHugePages_Surp:        0\nHugepagesize:       2048 kB\nHugetlb:               0 kB\nDirectMap4k:      213928 kB\nDirectMap2M:     3975168 kB\nDirectMap1G:     2097152 kB\n"}
{"timestamp":1767800611,"subsystem":"/proc/net/dev","measurement":"Inter-|   Receive                                                |  Transmit\n face |bytes    packets errs drop fifo frame compressed multicast|bytes    packets errs drop fifo colls carrier compressed\n    lo:    5840      72    0    0    0     0          0         0     5840      72    0    0    0     0       0          0\nenp0s5: 875686910   92704    0    0    0     0          0         0  4186761   32814    0    0    0     0       0          0\n"}
{"timestamp":1767800611,"subsystem":"/proc/diskstats","measurement":"   8       0 sda 119471 322836 6256996 156029 15071 472849 8343837 2589985 0 123298 2746015 0 0 0 0 0 0\n   8       1 sda1 244 199 16229 102 12 0 13 10 0 118 113 0 0 0 0 0 0\n   8       2 sda2 696 5 45255 318 58 5 73274 3843 0 583 4162 0 0 0 0 0 0\n   8       3 sda3 118349 322632 6187592 155536 15001 472844 8270550 2586131 0 122710 2741667 0 0 0 0 0 0\n 252       0 dm-0 440163 0 6160490 442166 485900 0 8218007 403355964 0 119877 403798130 0 0 0 0 0 0\n 252       1 dm-1 380 0 14366 401 383 0 52543 32784 0 8021 33185 0 0 0 0 0 0\n"}
{"timestamp":1767800611,"subsystem":"statfs[*]","measurement":"{\"mount_point\":\"/\",\"block_size\":4096,\"blocks_total\":9301568,\"blocks_free\":5874684,\"blocks_available\":5874684}\n{\"mount_point\":\"/var/oled\",\"block_size\":4096,\"blocks_total\":2618880,\"blocks_free\":2586162,\"blocks_available\":2586162}\n{\"mount_point\":\"/boot\",\"block_size\":4096,\"blocks_total\":259584,\"blocks_free\":160217,\"blocks_available\":160217}\n{\"mount_point\":\"/boot/efi\",\"block_size\":2048,\"blocks_total\":51091,\"blocks_free\":48041,\"blocks_available\":48041}\n"}
{"timestamp":1767800616,"subsystem":"/proc/stat","measurement":"cpu  45321 289 6723 320312 12372 0 49 232 0 0\ncpu0 10640 156 3265 172454 5954 0 27 150 0 0\ncpu1 34680 132 3458 147858 6418 0 22 82 0 0\nintr 1237892 23 9 0 0 2009 0 0 0 1 0 0 0 15 0 0 0 0 0 0 22 0 0 0 0 0 0 0 0 0 0 0 0 0 0 0 0 0 0 0 0 0 0 0 0 0 0 0 0 0 0 0 35332 32328 0 0 0 65206 65556 0 0 0 0 0 0 0 0 0 0 0 0 0 0 0 0 0 0 0 0 0 0 0 0 0 0 0 0 0 0 0 0 0 0 0 0 0 0 0 0 0 0 0 0 0 0 0 0 0 0 0 0 0 0 0 0 0 0 0 0 0 0 0 0 0 0 0 0 0 0 0 0 0 0 0 0 0 0 0 0 0 0 0 0 0 0 0 0 0 0 0 0 0 0 0 0 0 0 0 0 0 0 0 0 0 0 0 0 0 0 0 0 0 0 0 0 0 0 0 0 0 0 0 0 0 0 0 0 0 0 0 0 0 0 0 0 0 0 0 0 0 0 0 0 0 0 0 0 0 0 0 0 0 0 0 0 0 0 0 0 0 0 0 0 0 0 0 0 0 0 0 0 0 0 0 0 0 0 0 0 0 0 0 0 0 0 0 0 0 0 0 0 0 0 0 0 0 0 0 0 0 0 0 0 0 0 0 0 0 0 0 0 0 0 0 0 0 0 0 0 0 0 0 0 0 0 0 0 0 0 0 0 0 0 0 0 0 0 0 0 0 0 0 0 0 0 0 0 0 0 0 0 0 0 0 0 0 0 0 0 0 0 0 0 0 0 0 0 0 0 0 0 0 0 0 0 0 0 0 0 0 0 0 0 0 0 0 0 0 0 0 0 0 0 0 0 0 0 0 0 0 0 0 0 0 0 0 0 0 0 0 0 0 0 0 0 0 0 0 0 0 0 0 0 0 0 0 0 0 0 0 0 0 0 0 0 0 0 0 0 0 0 0 0 0 0 0 0 0 0 0 0 0 0 0 0 0 0 0 0 0 0 0 0 0 0 0 0 0 0 0 0 0 0 0 0 0 0 0 0 0 0\nctxt 1322990\nbtime 1767798686\nprocesses 48458\nprocs_running 4\nprocs_blocked 0\nsoftirq 613578 4 127872 350 66006 0 0 139 160149 0 259058\n"}
{"timestamp":1767800616,"subsystem":"/proc/meminfo","measurement":"MemTotal:        3707644 kB\nMemFree:         1221180 kB\nMemAvailable:    3013720 kB\nBuffers:              28 kB\nCached:          1984804 kB\nSwapCached:        21900 kB\nActive:           804044 kB\nInactive:        1381696 kB\nActive(anon):      12720 kB\nInactive(anon):   206060 kB\nActive(file):     791324 kB\nInactive(file):  1175636 kB\nUnevictable:       12472 kB\nMlocked:           12472 kB\nSwapTotal:       5804024 kB\nSwapFree:        5708480 kB\nDirty:                 0 kB\nWriteback:             0 kB\nAnonPages:        195912 kB\nMapped:           114516 kB\nShmem:              7192 kB\nKReclaimable:      66388 kB\nSlab:             136392 kB\nSReclaimable:      66388 kB\nSUnreclaim:        70004 kB\nKernelStack:        4480 kB\nPageTables:        11284 kB\nNFS_Unstable:          0 kB\nBounce:                0 kB\nWritebackTmp:          0 kB\nCommitLimit:     7657844 kB\nCommitted_AS:    3101332 kB\nVmallocTotal:   13743895347199 kB\nVmallocUsed:       24864 kB\nVmallocChunk:          0 kB\nPercpu:             1544 kB\nHardwareCorrupted:     0 kB\nAnonHugePages:     59392 kB\nShmemHugePages:        0 kB\nShmemPmdMapped:        0 kB\nFileHugePages:     34816 kB\nFilePmdMapped:     32768 kB\nCmaTotal:              0 kB\nCmaFree:               0 kB\nHugePages_Total:       0\nHugePages_Free:        0\nHugePages_Rsvd:        0\nHugePages_Surp:        0\nHugepagesize:       2048 kB\nHugetlb:               0 kB\nDirectMap4k:      213928 kB\nDirectMap2M:     3975168 kB\nDirectMap1G:     2097152 kB\n"}
{"timestamp":1767800616,"subsystem":"/proc/net/dev","measurement":"Inter-|   Receive                                                |  Transmit\n face |bytes    packets errs drop fifo frame compressed multicast|bytes    packets errs drop fifo colls carrier compressed\n    lo:    5840      72    0    0    0     0          0         0     5840      72    0    0    0     0       0          0\nenp0s5: 875687577   92709    0    0    0     0          0         0  4187336   32820    0    0    0     0       0          0\n"}
{"timestamp":1767800616,"subsystem":"/proc/diskstats","measurement":"   8       0 sda 119471 322836 6256996 156029 15072 472850 8343869 2589986 0 123299 2746015 0 0 0 0 0 0\n   8       1 sda1 244 199 16229 102 12 0 13 10 0 118 113 0 0 0 0 0 0\n   8       2 sda2 696 5 45255 318 58 5 73274 3843 0 583 4162 0 0 0 0 0 0\n   8       3 sda3 118349 322632 6187592 155536 15002 472845 8270582 2586131 0 122711 2741667 0 0 0 0 0 0\n 252       0 dm-0 440163 0 6160490 442166 485902 0 8218039 403355964 0 119878 403798130 0 0 0 0 0 0\n 252       1 dm-1 380 0 14366 401 383 0 52543 32784 0 8021 33185 0 0 0 0 0 0\n"}
{"timestamp":1767800616,"subsystem":"statfs[*]","measurement":"{\"mount_point\":\"/\",\"block_size\":4096,\"blocks_total\":9301568,\"blocks_free\":5874684,\"blocks_available\":5874684}\n{\"mount_point\":\"/var/oled\",\"block_size\":4096,\"blocks_total\":2618880,\"blocks_free\":2586162,\"blocks_available\":2586162}\n{\"mount_point\":\"/boot\",\"block_size\":4096,\"blocks_total\":259584,\"blocks_free\":160217,\"blocks_available\":160217}\n{\"mount_point\":\"/boot/efi\",\"block_size\":2048,\"blocks_total\":51091,\"blocks_free\":48041,\"blocks_available\":48041}\n"}
{"timestamp":1767800621,"subsystem":"/proc/stat","measurement":"cpu  45824 289 6726 320804 12372 0 50 232 0 0\ncpu0 10808 156 3265 172786 5954 0 27 150 0 0\ncpu1 35016 132 3461 148018 6418 0 22 82 0 0\nintr 1243854 23 9 0 0 2009 0 0 0 1 0 0 0 15 0 0 0 0 0 0 22 0 0 0 0 0 0 0 0 0 0 0 0 0 0 0 0 0 0 0 0 0 0 0 0 0 0 0 0 0 0 0 35359 32352 0 0 0 65206 65556 0 0 0 0 0 0 0 0 0 0 0 0 0 0 0 0 0 0 0 0 0 0 0 0 0 0 0 0 0 0 0 0 0 0 0 0 0 0 0 0 0 0 0 0 0 0 0 0 0 0 0 0 0 0 0 0 0 0 0 0 0 0 0 0 0 0 0 0 0 0 0 0 0 0 0 0 0 0 0 0 0 0 0 0 0 0 0 0 0 0 0 0 0 0 0 0 0 0 0 0 0 0 0 0 0 0 0 0 0 0 0 0 0 0 0 0 0 0 0 0 0 0 0 0 0 0 0 0 0 0 0 0 0 0 0 0 0 0 0 0 0 0 0 0 0 0 0 0 0 0 0 0 0 0 0 0 0 0 0 0 0 0 0 0 0 0 0 0 0 0 0 0 0 0 0 0 0 0 0 0 0 0 0 0 0 0 0 0 0 0 0 0 0 0 0 0 0 0 0 0 0 0 0 0 0 0 0 0 0 0 0 0 0 0 0 0 0 0 0 0 0 0 0 0 0 0 0 0 0 0 0 0 0 0 0 0 0 0 0 0 0 0 0 0 0 0 0 0 0 0 0 0 0 0 0 0 0 0 0 0 0 0 0 0 0 0 0 0 0 0 0 0 0 0 0 0 0 0 0 0 0 0 0 0 0 0 0 0 0 0 0 0 0 0 0 0 0 0 0 0 0 0 0 0 0 0 0 0 0 0 0 0 0 0 0 0 0 0 0 0 0 0 0 0 0 0 0 0 0 0 0 0 0 0 0 0 0 0 0 0 0 0 0 0 0 0 0 0 0 0 0 0 0 0 0 0 0 0 0 0 0 0 0 0 0 0 0 0 0 0 0 0 0 0 0 0 0 0 0 0 0 0\nctxt 1324825\nbtime 1767798686\nprocesses 48463\nprocs_running 4\nprocs_blocked 0\nsoftirq 614507 4 128171 351 66057 0 0 139 160569 0 259216\n"}
{"timestamp":1767800621,"subsystem":"/proc/meminfo","measurement":"MemTotal:        3707644 kB\nMemFree:         1220932 kB\nMemAvailable:    3013520 kB\nBuffers:              28 kB\nCached:          1984856 kB\nSwapCached:        21900 kB\nActive:           804044 kB\nInactive:        1382020 kB\nActive(anon):      12720 kB\nInactive(anon):   206336 kB\nActive(file):     791324 kB\nInactive(file):  1175684 kB\nUnevictable:       12472 kB\nMlocked:           12472 kB\nSwapTotal:       5804024 kB\nSwapFree:        5708480 kB\nDirty:                64 kB\nWriteback:             0 kB\nAnonPages:        195956 kB\nMapped:           114516 kB\nShmem:              7192 kB\nKReclaimable:      66388 kB\nSlab:             136392 kB\nSReclaimable:      66388 kB\nSUnreclaim:        70004 kB\nKernelStack:        4480 kB\nPageTables:        11284 kB\nNFS_Unstable:          0 kB\nBounce:                0 kB\nWritebackTmp:          0 kB\nCommitLimit:     7657844 kB\nCommitted_AS:    3101332 kB\nVmallocTotal:   13743895347199 kB\nVmallocUsed:       24864 kB\nVmallocChunk:          0 kB\nPercpu:             1544 kB\nHardwareCorrupted:     0 kB\nAnonHugePages:     59392 kB\nShmemHugePages:        0 kB\nShmemPmdMapped:        0 kB\nFileHugePages:     34816 kB\nFilePmdMapped:     32768 kB\nCmaTotal:              0 kB\nCmaFree:               0 kB\nHugePages_Total:       0\nHugePages_Free:        0\nHugePages_Rsvd:        0\nHugePages_Surp:        0\nHugepagesize:       2048 kB\nHugetlb:               0 kB\nDirectMap4k:      213928 kB\nDirectMap2M:     3975168 kB\nDirectMap1G:     2097152 kB\n"}
{"timestamp":1767800621,"subsystem":"/proc/net/dev","measurement":"Inter-|   Receive                                                |  Transmit\n face |bytes    packets errs drop fifo frame compressed multicast|bytes    packets errs drop fifo colls carrier compressed\n    lo:    5840      72    0    0    0     0          0         0     5840      72    0    0    0     0       0          0\nenp0s5: 875693904   92736    0    0    0     0          0         0  4238316   32844    0    0    0     0       0          0\n"}
{"timestamp":1767800621,"subsystem":"/proc/diskstats","measurement":"   8       0 sda 119471 322836 6256996 156029 15072 472850 8343869 2589986 0 123299 2746015 0 0 0 0 0 0\n   8       1 sda1 244 199 16229 102 12 0 13 10 0 118 113 0 0 0 0 0 0\n   8       2 sda2 696 5 45255 318 58 5 73274 3843 0 583 4162 0 0 0 0 0 0\n   8       3 sda3 118349 322632 6187592 155536 15002 472845 8270582 2586131 0 122711 2741667 0 0 0 0 0 0\n 252       0 dm-0 440163 0 6160490 442166 485902 0 8218039 403355964 0 119878 403798130 0 0 0 0 0 0\n 252       1 dm-1 380 0 14366 401 383 0 52543 32784 0 8021 33185 0 0 0 0 0 0\n"}
{"timestamp":1767800621,"subsystem":"statfs[*]","measurement":"{\"mount_point\":\"/\",\"block_size\":4096,\"blocks_total\":9301568,\"blocks_free\":5874684,\"blocks_available\":5874684}\n{\"mount_point\":\"/var/oled\",\"block_size\":4096,\"blocks_total\":2618880,\"blocks_free\":2586162,\"blocks_available\":2586162}\n{\"mount_point\":\"/boot\",\"block_size\":4096,\"blocks_total\":259584,\"blocks_free\":160217,\"blocks_available\":160217}\n{\"mount_point\":\"/boot/efi\",\"block_size\":2048,\"blocks_total\":51091,\"blocks_free\":48041,\"blocks_available\":48041}\n"}
{"timestamp":1767800626,"subsystem":"/proc/stat","measurement":"cpu  46326 289 6729 321299 12372 0 50 232 0 0\ncpu0 11243 156 3268 172848 5954 0 27 150 0 0\ncpu1 35083 132 3461 148450 6418 0 22 82 0 0\nintr 1249755 23 9 0 0 2009 0 0 0 1 0 0 0 15 0 0 0 0 0 0 22 0 0 0 0 0 0 0 0 0 0 0 0 0 0 0 0 0 0 0 0 0 0 0 0 0 0 0 0 0 0 0 35372 32364 0 0 0 65208 65556 0 0 0 0 0 0 0 0 0 0 0 0 0 0 0 0 0 0 0 0 0 0 0 0 0 0 0 0 0 0 0 0 0 0 0 0 0 0 0 0 0 0 0 0 0 0 0 0 0 0 0 0 0 0 0 0 0 0 0 0 0 0 0 0 0 0 0 0 0 0 0 0 0 0 0 0 0 0 0 0 0 0 0 0 0 0 0 0 0 0 0 0 0 0 0 0 0 0 0 0 0 0 0 0 0 0 0 0 0 0 0 0 0 0 0 0 0 0 0 0 0 0 0 0 0 0 0 0 0 0 0 0 0 0 0 0 0 0 0 0 0 0 0 0 0 0 0 0 0 0 0 0 0 0 0 0 0 0 0 0 0 0 0 0 0 0 0 0 0 0 0 0 0 0 0 0 0 0 0 0 0 0 0 0 0 0 0 0 0 0 0 0 0 0 0 0 0 0 0 0 0 0 0 0 0 0 0 0 0 0 0 0 0 0 0 0 0 0 0 0 0 0 0 0 0 0 0 0 0 0 0 0 0 0 0 0 0 0 0 0 0 0 0 0 0 0 0 0 0 0 0 0 0 0 0 0 0 0 0 0 0 0 0 0 0 0 0 0 0 0 0 0 0 0 0 0 0 0 0 0 0 0 0 0 0 0 0 0 0 0 0 0 0 0 0 0 0 0 0 0 0 0 0 0 0 0 0 0 0 0 0 0 0 0 0 0 0 0 0 0 0 0 0 0 0 0 0 0 0 0 0 0 0 0 0 0 0 0 0 0 0 0 0 0 0 0 0 0 0 0 0 0 0 0 0 0 0 0 0 0 0 0 0 0 0 0 0 0 0 0 0 0 0 0 0 0 0 0 0 0 0 0\nctxt 1326553\nbtime 1767798686\nprocesses 48468\nprocs_running 4\nprocs_blocked 0\nsoftirq 615358 4 128449 352 66081 0 0 139 160979 0 259354\n"}
{"timestamp":1767800626,"subsystem":"/proc/meminfo","measurement":"MemTotal:        3707644 kB\nMemFree:         1220932 kB\nMemAvailable:    3013528 kB\nBuffers:              28 kB\nCached:          1984860 kB\nSwapCached:        21900 kB\nActive:           804044 kB\nInactive:        1382080 kB\nActive(anon):      12720 kB\nInactive(anon):   206388 kB\nActive(file):     791324 kB\nInactive(file):  1175692 kB\nUnevictable:       12472 kB\nMlocked:           12472 kB\nSwapTotal:       5804024 kB\nSwapFree:        5708480 kB\nDirty:                52 kB\nWriteback:             0 kB\nAnonPages:        195972 kB\nMapped:           114516 kB\nShmem:              7192 kB\nKReclaimable:      66388 kB\nSlab:             136392 kB\nSReclaimable:      66388 kB\nSUnreclaim:        70004 kB\nKernelStack:        4480 kB\nPageTables:        11284 kB\nNFS_Unstable:          0 kB\nBounce:                0 kB\nWritebackTmp:          0 kB\nCommitLimit:     7657844 kB\nCommitted_AS:    3101332 kB\nVmallocTotal:   13743895347199 kB\nVmallocUsed:       24864 kB\nVmallocChunk:          0 kB\nPercpu:             1544 kB\nHardwareCorrupted:     0 kB\nAnonHugePages:     59392 kB\nShmemHugePages:        0 kB\nShmemPmdMapped:        0 kB\nFileHugePages:     34816 kB\nFilePmdMapped:     32768 kB\nCmaTotal:              0 kB\nCmaFree:               0 kB\nHugePages_Total:       0\nHugePages_Free:        0\nHugePages_Rsvd:        0\nHugePages_Surp:        0\nHugepagesize:       2048 kB\nHugetlb:               0 kB\nDirectMap4k:      213928 kB\nDirectMap2M:     3975168 kB\nDirectMap1G:     2097152 kB\n"}
{"timestamp":1767800626,"subsystem":"/proc/net/dev","measurement":"Inter-|   Receive                                                |  Transmit\n face |bytes    packets errs drop fifo frame compressed multicast|bytes    packets errs drop fifo colls carrier compressed\n    lo:    5840      72    0    0    0     0          0         0     5840      72    0    0    0     0       0          0\nenp0s5: 875695120   92749    0    0    0     0          0         0  4239318   32856    0    0    0     0       0          0\n"}
{"timestamp":1767800626,"subsystem":"/proc/diskstats","measurement":"   8       0 sda 119471 322836 6256996 156029 15074 472851 8343901 2589987 0 123300 2746017 0 0 0 0 0 0\n   8       1 sda1 244 199 16229 102 12 0 13 10 0 118 113 0 0 0 0 0 0\n   8       2 sda2 696 5 45255 318 58 5 73274 3843 0 583 4162 0 0 0 0 0 0\n   8       3 sda3 118349 322632 6187592 155536 15004 472846 8270614 2586133 0 122712 2741669 0 0 0 0 0 0\n 252       0 dm-0 440163 0 6160490 442166 485905 0 8218071 403355964 0 119879 403798130 0 0 0 0 0 0\n 252       1 dm-1 380 0 14366 401 383 0 52543 32784 0 8021 33185 0 0 0 0 0 0\n"}
