{"timestamp":1767800523,"subsystem":"/proc/stat","measurement":"cpu  16045 292 6309 331876 12051 0 27 189 0 0\ncpu0 12440 146 3227 161428 6070 0 11 92 0 0\ncpu1 3604 145 3081 170448 5981 0 16 97 0 0\nintr 909464 26 9 0 0 1786 0 0 0 1 0 0 0 15 0 0 0 0 0 0 22 0 0 0 0 0 0 0 0 0 0 0 0 0 0 0 0 0 0 0 0 0 0 0 0 0 0 0 0 0 0 0 0 63876 60129 0 0 35889 32859 0 0 0 0 0 0 0 0 0 0 0 0 0 0 0 0 0 0 0 0 0 0 0 0 0 0 0 0 0 0 0 0 0 0 0 0 0 0 0 0 0 0 0 0 0 0 0 0 0 0 0 0 0 0 0 0 0 0 0 0 0 0 0 0 0 0 0 0 0 0 0 0 0 0 0 0 0 0 0 0 0 0 0 0 0 0 0 0 0 0 0 0 0 0 0 0 0 0 0 0 0 0 0 0 0 0 0 0 0 0 0 0 0 0 0 0 0 0 0 0 0 0 0 0 0 0 0 0 0 0 0 0 0 0 0 0 0 0 0 0 0 0 0 0 0 0 0 0 0 0 0 0 0 0 0 0 0 0 0 0 0 0 0 0 0 0 0 0 0 0 0 0 0 0 0 0 0 0 0 0 0 0 0 0 0 0 0 0 0 0 0 0 0 0 0 0 0 0 0 0 0 0 0 0 0 0 0 0 0 0 0 0 0 0 0 0 0 0 0 0 0 0 0 0 0 0 0 0 0 0 0 0 0 0 0 0 0 0 0 0 0 0 0 0 0 0 0 0 0 0 0 0 0 0 0 0 0 0 0 0 0 0 0 0 0 0 0 0 0 0 0 0 0 0 0 0 0 0 0 0 0 0 0 0 0 0 0 0 0 0 0 0 0 0 0 0 0 0 0 0 0 0 0 0 0 0 0 0 0 0 0 0 0 0 0 0 0 0 0 0 0 0 0 0 0 0 0 0 0 0 0 0 0 0 0 0 0 0 0 0 0 0 0 0 0 0 0 0 0 0 0 0 0 0 0 0 0 0 0 0 0 0 0 0 0 0 0 0 0 0 0 0 0 0 0 0 0 0 0 0 0 0\nctxt 1246683\nbtime 1767798686\nprocesses 47645\nprocs_running 4\nprocs_blocked 0\nsoftirq 563089 4 118871 333 68438 0 0 128 141296 31 233988\n"}
{"timestamp":1767800523,"subsystem":"/proc/meminfo","measurement":"MemTotal:        3707636 kB\nMemFree:         1283468 kB\nMemAvailable:    3051292 kB\nBuffers:              28 kB\nCached:          1960096 kB\nSwapCached:        21604 kB\nActive:           351204 kB\nInactive:        1800532 kB\nActive(anon):      13944 kB\nInactive(anon):   194124 kB\nActive(file):     337260 kB\nInactive(file):  1606408 kB\nUnevictable:       12472 kB\nMlocked:           12472 kB\nSwapTotal:       5804024 kB\nSwapFree:        5703124 kB\nDirty:                40 kB\nWriteback:             0 kB\nAnonPages:        187624 kB\nMapped:           105124 kB\nShmem:              5776 kB\nKReclaimable:      63932 kB\nSlab:             133716 kB\nSReclaimable:      63932 kB\nSUnreclaim:        69784 kB\nKernelStack:        4512 kB\nPageTables:        11424 kB\nNFS_Unstable:          0 kB\nBounce:                0 kB\nWritebackTmp:          0 kB\nCommitLimit:     7657840 kB\nCommitted_AS:    3098088 kB\nVmallocTotal:   13743895347199 kB\nVmallocUsed:       24864 kB\nVmallocChunk:          0 kB\nPercpu:             1568 kB\nHardwareCorrupted:     0 kB\nAnonHugePages:     51200 kB\nShmemHugePages:        0 kB\nShmemPmdMapped:        0 kB\nFileHugePages:     32768 kB\nFilePmdMapped:     30720 kB\nCmaTotal:              0 kB\nCmaFree:               0 kB\nHugePages_Total:       0\nHugePages_Free:        0\nHugePages_Rsvd:        0\nHugePages_Surp:        0\nHugepagesize:       2048 kB\nHugetlb:               0 kB\nDirectMap4k:      193448 kB\nDirectMap2M:     3995648 kB\nDirectMap1G:     2097152 kB\n"}
{"timestamp":1767800523,"subsystem":"/proc/net/dev","measurement":"Inter-|   Receive                                                |  Transmit\n face |bytes    packets errs drop fifo frame compressed multicast|bytes    packets errs drop fifo colls carrier compressed\n    lo:    3800      48    0    0    0     0          0         0     3800      48    0    0    0     0       0          0\nenp0s5: 861563174   86523    0    0    0     0          0         0  4068674   33173    0    0    0     0       0          0\n"}
{"timestamp":1767800523,"subsystem":"/proc/diskstats","measurement":"   8       0 sda 112705 302064 6005594 147743 14570 452393 8067293 2489842 0 119034 2637585 0 0 0 0 0 0\n   8       1 sda1 244 199 16229 100 11 0 12 15 0 120 116 0 0 0 0 0 0\n   8       2 sda2 695 2 45255 305 73 5 73274 4695 0 575 5000 0 0 0 0 0 0\n   8       3 sda3 111584 301863 5936190 147264 14486 452388 7994007 2485131 0 118420 2632395 0 0 0 0 0 0\n 252       0 dm-0 412641 0 5909218 435388 464981 0 7943790 360952788 0 116696 361388176 0 0 0 0 0 0\n 252       1 dm-1 371 0 14236 341 403 0 50217 41117 0 4859 41458 0 0 0 0 0 0\n"}
{"timestamp":1767800523,"subsystem":"statfs[*]","measurement":"{\"mount_point\":\"/\",\"block_size\":4096,\"blocks_total\":9301568,\"blocks_free\":5874761,\"blocks_available\":5874761}\n{\"mount_point\":\"/var/oled\",\"block_size\":4096,\"blocks_total\":2618880,\"blocks_free\":2586210,\"blocks_available\":2586210}\n{\"mount_point\":\"/boot\",\"block_size\":4096,\"blocks_total\":259584,\"blocks_free\":160217,\"blocks_available\":160217}\n{\"mount_point\":\"/boot/efi\",\"block_size\":2048,\"blocks_total\":51091,\"blocks_free\":48041,\"blocks_available\":48041}\n"}
{"timestamp":1767800528,"subsystem":"/proc/stat","measurement":"cpu  16547 292 6313 332363 12055 0 27 189 0 0\ncpu0 12940 146 3227 161428 6070 0 11 92 0 0\ncpu1 3607 145 3086 170935 5985 0 16 97 0 0\nintr 915410 26 9 0 0 1786 0 0 0 1 0 0 0 15 0 0 0 0 0 0 22 0 0 0 0 0 0 0 0 0 0 0 0 0 0 0 0 0 0 0 0 0 0 0 0 0 0 0 0 0 0 0 0 63876 60236 0 0 35894 32863 0 0 0 0 0 0 0 0 0 0 0 0 0 0 0 0 0 0 0 0 0 0 0 0 0 0 0 0 0 0 0 0 0 0 0 0 0 0 0 0 0 0 0 0 0 0 0 0 0 0 0 0 0 0 0 0 0 0 0 0 0 0 0 0 0 0 0 0 0 0 0 0 0 0 0 0 0 0 0 0 0 0 0 0 0 0 0 0 0 0 0 0 0 0 0 0 0 0 0 0 0 0 0 0 0 0 0 0 0 0 0 0 0 0 0 0 0 0 0 0 0 0 0 0 0 0 0 0 0 0 0 0 0 0 0 0 0 0 0 0 0 0 0 0 0 0 0 0 0 0 0 0 0 0 0 0 0 0 0 0 0 0 0 0 0 0 0 0 0 0 0 0 0 0 0 0 0 0 0 0 0 0 0 0 0 0 0 0 0 0 0 0 0 0 0 0 0 0 0 0 0 0 0 0 0 0 0 0 0 0 0 0 0 0 0 0 0 0 0 0 0 0 0 0 0 0 0 0 0 0 0 0 0 0 0 0 0 0 0 0 0 0 0 0 0 0 0 0 0 0 0 0 0 0 0 0 0 0 0 0 0 0 0 0 0 0 0 0 0 0 0 0 0 0 0 0 0 0 0 0 0 0 0 0 0 0 0 0 0 0 0 0 0 0 0 0 0 0 0 0 0 0 0 0 0 0 0 0 0 0 0 0 0 0 0 0 0 0 0 0 0 0 0 0 0 0 0 0 0 0 0 0 0 0 0 0 0 0 0 0 0 0 0 0 0 0 0 0 0 0 0 0 0 0 0 0 0 0 0 0 0 0 0 0 0 0 0 0 0 0 0 0 0 0 0 0 0 0 0 0 0 0\nctxt 1248566\nbtime 1767798686\nprocesses 47651\nprocs_running 4\nprocs_blocked 0\nsoftirq 564067 4 119186 334 68447 0 0 128 141761 31 234176\n"}
{"timestamp":1767800528,"subsystem":"/proc/meminfo","measurement":"MemTotal:        3707636 kB\nMemFree:         1276420 kB\nMemAvailable:    3055076 kB\nBuffers:              28 kB\nCached:          1970920 kB\nSwapCached:        21900 kB\nActive:           353576 kB\nInactive:        1809636 kB\nActive(anon):      14224 kB\nInactive(anon):   194496 kB\nActive(file):     339352 kB\nInactive(file):  1615140 kB\nUnevictable:       12472 kB\nMlocked:           12472 kB\nSwapTotal:       5804024 kB\nSwapFree:        5703380 kB\nDirty:               100 kB\nWriteback:             0 kB\nAnonPages:        188200 kB\nMapped:           110680 kB\nShmem:              5776 kB\nKReclaimable:      63948 kB\nSlab:             133724 kB\nSReclaimable:      63948 kB\nSUnreclaim:        69776 kB\nKernelStack:        4512 kB\nPageTables:        11428 kB\nNFS_Unstable:          0 kB\nBounce:                0 kB\nWritebackTmp:          0 kB\nCommitLimit:     7657840 kB\nCommitted_AS:    3098088 kB\nVmallocTotal:   13743895347199 kB\nVmallocUsed:       24864 kB\nVmallocChunk:          0 kB\nPercpu:             1568 kB\nHardwareCorrupted:     0 kB\nAnonHugePages:     51200 kB\nShmemHugePages:        0 kB\nShmemPmdMapped:        0 kB\nFileHugePages:     32768 kB\nFilePmdMapped:     30720 kB\nCmaTotal:              0 kB\nCmaFree:               0 kB\nHugePages_Total:       0\nHugePages_Free:        0\nHugePages_Rsvd:        0\nHugePages_Surp:        0\nHugepagesize:       2048 kB\nHugetlb:               0 kB\nDirectMap4k:      193448 kB\nDirectMap2M:     3995648 kB\nDirectMap1G:     2097152 kB\n"}
{"timestamp":1767800528,"subsystem":"/proc/net/dev","measurement":"Inter-|   Receive                                                |  Transmit\n face |bytes    packets errs drop fifo frame compressed multicast|bytes    packets errs drop fifo colls carrier compressed\n    lo:    3800      48    0    0    0     0          0         0     3800      48    0    0    0     0       0          0\nenp0s5: 861563504   86528    0    0    0     0          0         0  4068938   33177    0    0    0     0       0          0\n"}
{"timestamp":1767800528,"subsystem":"/proc/diskstats","measurement":"   8       0 sda 112820 302107 6028258 147807 14570 452393 8067293 2489842 0 119097 2637650 0 0 0 0 0 0\n   8       1 sda1 244 199 16229 100 11 0 12 15 0 120 116 0 0 0 0 0 0\n   8       2 sda2 695 2 45255 305 73 5 73274 4695 0 575 5000 0 0 0 0 0 0\n   8       3 sda3 111699 301906 5958854 147329 14486 452388 7994007 2485131 0 118483 2632460 0 0 0 0 0 0\n 252       0 dm-0 412793 0 5931882 435461 464981 0 7943790 360952788 0 116759 361388249 0 0 0 0 0 0\n 252       1 dm-1 371 0 14236 341 403 0 50217 41117 0 4859 41458 0 0 0 0 0 0\n"}
{"timestamp":1767800528,"subsystem":"statfs[*]","measurement":"{\"mount_point\":\"/\",\"block_size\":4096,\"blocks_total\":9301568,\"blocks_free\":5874754,\"blocks_available\":5874754}\n{\"mount_point\":\"/var/oled\",\"block_size\":4096,\"blocks_total\":2618880,\"blocks_free\":2586210,\"blocks_available\":2586210}\n{\"mount_point\":\"/boot\",\"block_size\":4096,\"blocks_total\":259584,\"blocks_free\":160217,\"blocks_available\":160217}\n{\"mount_point\":\"/boot/efi\",\"block_size\":2048,\"blocks_total\":51091,\"blocks_free\":48041,\"blocks_available\":48041}\n"}
{"timestamp":1767800533,"subsystem":"/proc/stat","measurement":"cpu  17050 292 6317 332856 12056 0 28 190 0 0\ncpu0 13393 146 3229 161473 6070 0 11 92 0 0\ncpu1 3656 145 3088 171382 5985 0 16 97 0 0\nintr 921390 26 9 0 0 1786 0 0 0 1 0 0 0 15 0 0 0 0 0 0 22 0 0 0 0 0 0 0 0 0 0 0 0 0 0 0 0 0 0 0 0 0 0 0 0 0 0 0 0 0 0 0 0 63876 60252 0 0 35901 32872 0 0 0 0 0 0 0 0 0 0 0 0 0 0 0 0 0 0 0 0 0 0 0 0 0 0 0 0 0 0 0 0 0 0 0 0 0 0 0 0 0 0 0 0 0 0 0 0 0 0 0 0 0 0 0 0 0 0 0 0 0 0 0 0 0 0 0 0 0 0 0 0 0 0 0 0 0 0 0 0 0 0 0 0 0 0 0 0 0 0 0 0 0 0 0 0 0 0 0 0 0 0 0 0 0 0 0 0 0 0 0 0 0 0 0 0 0 0 0 0 0 0 0 0 0 0 0 0 0 0 0 0 0 0 0 0 0 0 0 0 0 0 0 0 0 0 0 0 0 0 0 0 0 0 0 0 0 0 0 0 0 0 0 0 0 0 0 0 0 0 0 0 0 0 0 0 0 0 0 0 0 0 0 0 0 0 0 0 0 0 0 0 0 0 0 0 0 0 0 0 0 0 0 0 0 0 0 0 0 0 0 0 0 0 0 0 0 0 0 0 0 0 0 0 0 0 0 0 0 0 0 0 0 0 0 0 0 0 0 0 0 0 0 0 0 0 0 0 0 0 0 0 0 0 0 0 0 0 0 0 0 0 0 0 0 0 0 0 0 0 0 0 0 0 0 0 0 0 0 0 0 0 0 0 0 0 0 0 0 0 0 0 0 0 0 0 0 0 0 0 0 0 0 0 0 0 0 0 0 0 0 0 0 0 0 0 0 0 0 0 0 0 0 0 0 0 0 0 0 0 0 0 0 0 0 0 0 0 0 0 0 0 0 0 0 0 0 0 0 0 0 0 0 0 0 0 0 0 0 0 0 0 0 0 0 0 0 0 0 0 0 0 0 0 0 0 0 0 0 0 0 0\nctxt 1250473\nbtime 1767798686\nprocesses 47656\nprocs_running 4\nprocs_blocked 0\nsoftirq 565002 4 119495 335 68463 0 0 128 142231 31 234315\n"}
{"timestamp":1767800533,"subsystem":"/proc/meminfo","measurement":"MemTotal:        3707636 kB\nMemFree:         1272072 kB\nMemAvailable:    3050732 kB\nBuffers:              28 kB\nCached:          1970924 kB\nSwapCached:        21992 kB\nActive:           353772 kB\nInactive:        1811652 kB\nActive(anon):      14308 kB\nInactive(anon):   196620 kB\nActive(file):     339464 kB\nInactive(file):  1615032 kB\nUnevictable:       12472 kB\nMlocked:           12472 kB\nSwapTotal:       5804024 kB\nSwapFree:        5703380 kB\nDirty:               104 kB\nWriteback:             0 kB\nAnonPages:        190348 kB\nMapped:           112088 kB\nShmem:              5776 kB\nKReclaimable:      63948 kB\nSlab:             133704 kB\nSReclaimable:      63948 kB\nSUnreclaim:        69756 kB\nKernelStack:        4512 kB\nPageTables:        11432 kB\nNFS_Unstable:          0 kB\nBounce:                0 kB\nWritebackTmp:          0 kB\nCommitLimit:     7657840 kB\nCommitted_AS:    3098092 kB\nVmallocTotal:   13743895347199 kB\nVmallocUsed:       24896 kB\nVmallocChunk:          0 kB\nPercpu:             1568 kB\nHardwareCorrupted:     0 kB\nAnonHugePages:     53248 kB\nShmemHugePages:        0 kB\nShmemPmdMapped:        0 kB\nFileHugePages:     32768 kB\nFilePmdMapped:     30720 kB\nCmaTotal:              0 kB\nCmaFree:               0 kB\nHugePages_Total:       0\nHugePages_Free:        0\nHugePages_Rsvd:        0\nHugePages_Surp:        0\nHugepagesize:       2048 kB\nHugetlb:               0 kB\nDirectMap4k:      193448 kB\nDirectMap2M:     3995648 kB\nDirectMap1G:     2097152 kB\n"}
{"timestamp":1767800533,"subsystem":"/proc/net/dev","measurement":"Inter-|   Receive                                                |  Transmit\n face |bytes    packets errs drop fifo frame compressed multicast|bytes    packets errs drop fifo colls carrier compressed\n    lo:    3800      48    0    0    0     0          0         0     3800      48    0    0    0     0       0          0\nenp0s5: 861564390   86536    0    0    0     0          0         0  4069742   33186    0    0    0     0       0          0\n"}
{"timestamp":1767800533,"subsystem":"/proc/diskstats","measurement":"   8       0 sda 112836 302126 6028538 147814 14570 452393 8067293 2489842 0 119107 2637656 0 0 0 0 0 0\n   8       1 sda1 244 199 16229 100 11 0 12 15 0 120 116 0 0 0 0 0 0\n   8       2 sda2 695 2 45255 305 73 5 73274 4695 0 575 5000 0 0 0 0 0 0\n   8       3 sda3 111715 301925 5959134 147335 14486 452388 7994007 2485131 0 118493 2632466 0 0 0 0 0 0\n 252       0 dm-0 412828 0 5932162 435477 464981 0 7943790 360952788 0 116769 361388265 0 0 0 0 0 0\n 252       1 dm-1 371 0 14236 341 403 0 50217 41117 0 4859 41458 0 0 0 0 0 0\n"}
{"timestamp":1767800533,"subsystem":"statfs[*]","measurement":"{\"mount_point\":\"/\",\"block_size\":4096,\"blocks_total\":9301568,\"blocks_free\":5874753,\"blocks_available\":5874753}\n{\"mount_point\":\"/var/oled\",\"block_size\":4096,\"blocks_total\":2618880,\"blocks_free\":2586210,\"blocks_available\":2586210}\n{\"mount_point\":\"/boot\",\"block_size\":4096,\"blocks_total\":259584,\"blocks_free\":160217,\"blocks_available\":160217}\n{\"mount_point\":\"/boot/efi\",\"block_size\":2048,\"blocks_total\":51091,\"blocks_free\":48041,\"blocks_available\":48041}\n"}
{"timestamp":1767800538,"subsystem":"/proc/stat","measurement":"cpu  17552 292 6322 333347 12056 0 28 190 0 0\ncpu0 13893 146 3229 161473 6070 0 11 92 0 0\ncpu1 3659 145 3093 171873 5985 0 16 97 0 0\nintr 927248 26 9 0 0 1786 0 0 0 1 0 0 0 15 0 0 0 0 0 0 22 0 0 0 0 0 0 0 0 0 0 0 0 0 0 0 0 0 0 0 0 0 0 0 0 0 0 0 0 0 0 0 0 63876 60253 0 0 35909 32879 0 0 0 0 0 0 0 0 0 0 0 0 0 0 0 0 0 0 0 0 0 0 0 0 0 0 0 0 0 0 0 0 0 0 0 0 0 0 0 0 0 0 0 0 0 0 0 0 0 0 0 0 0 0 0 0 0 0 0 0 0 0 0 0 0 0 0 0 0 0 0 0 0 0 0 0 0 0 0 0 0 0 0 0 0 0 0 0 0 0 0 0 0 0 0 0 0 0 0 0 0 0 0 0 0 0 0 0 0 0 0 0 0 0 0 0 0 0 0 0 0 0 0 0 0 0 0 0 0 0 0 0 0 0 0 0 0 0 0 0 0 0 0 0 0 0 0 0 0 0 0 0 0 0 0 0 0 0 0 0 0 0 0 0 0 0 0 0 0 0 0 0 0 0 0 0 0 0 0 0 0 0 0 0 0 0 0 0 0 0 0 0 0 0 0 0 0 0 0 0 0 0 0 0 0 0 0 0 0 0 0 0 0 0 0 0 0 0 0 0 0 0 0 0 0 0 0 0 0 0 0 0 0 0 0 0 0 0 0 0 0 0 0 0 0 0 0 0 0 0 0 0 0 0 0 0 0 0 0 0 0 0 0 0 0 0 0 0 0 0 0 0 0 0 0 0 0 0 0 0 0 0 0 0 0 0 0 0 0 0 0 0 0 0 0 0 0 0 0 0 0 0 0 0 0 0 0 0 0 0 0 0 0 0 0 0 0 0 0 0 0 0 0 0 0 0 0 0 0 0 0 0 0 0 0 0 0 0 0 0 0 0 0 0 0 0 0 0 0 0 0 0 0 0 0 0 0 0 0 0 0 0 0 0 0 0 0 0 0 0 0 0 0 0 0 0 0 0 0 0 0 0\nctxt 1252219\nbtime 1767798686\nprocesses 47661\nprocs_running 4\nprocs_blocked 0\nsoftirq 566144 4 119822 336 68478 0 0 128 142685 31 234660\n"}
{"timestamp":1767800538,"subsystem":"/proc/meminfo","measurement":"MemTotal:        3707636 kB\nMemFree:         1272072 kB\nMemAvailable:    3051000 kB\nBuffers:              28 kB\nCached:          1971192 kB\nSwapCached:        21992 kB\nActive:           354016 kB\nInactive:        1811728 kB\nActive(anon):      14308 kB\nInactive(anon):   196672 kB\nActive(file):     339708 kB\nInactive(file):  1615056 kB\nUnevictable:       12472 kB\nMlocked:           12472 kB\nSwapTotal:       5804024 kB\nSwapFree:        5703380 kB\nDirty:               376 kB\nWriteback:             0 kB\nAnonPages:        190404 kB\nMapped:           112088 kB\nShmem:              5776 kB\nKReclaimable:      63948 kB\nSlab:             133704 kB\nSReclaimable:      63948 kB\nSUnreclaim:        69756 kB\nKernelStack:        4512 kB\nPageTables:        11432 kB\nNFS_Unstable:          0 kB\nBounce:                0 kB\nWritebackTmp:          0 kB\nCommitLimit:     7657840 kB\nCommitted_AS:    3098092 kB\nVmallocTotal:   13743895347199 kB\nVmallocUsed:       24896 kB\nVmallocChunk:          0 kB\nPercpu:             1568 kB\nHardwareCorrupted:     0 kB\nAnonHugePages:     53248 kB\nShmemHugePages:        0 kB\nShmemPmdMapped:        0 kB\nFileHugePages:     32768 kB\nFilePmdMapped:     30720 kB\nCmaTotal:              0 kB\nCmaFree:               0 kB\nHugePages_Total:       0\nHugePages_Free:        0\nHugePages_Rsvd:        0\nHugePages_Surp:        0\nHugepagesize:       2048 kB\nHugetlb:               0 kB\nDirectMap4k:      193448 kB\nDirectMap2M:     3995648 kB\nDirectMap1G:     2097152 kB\n"}
{"timestamp":1767800538,"subsystem":"/proc/net/dev","measurement":"Inter-|   Receive                                                |  Transmit\n face |bytes    packets errs drop fifo frame compressed multicast|bytes    packets errs drop fifo colls carrier compressed\n    lo:    3800      48    0    0    0     0          0         0     3800      48    0    0    0     0       0          0\nenp0s5: 861564898   86544    0    0    0     0          0         0  4070156   33193    0    0    0     0       0          0\n"}
{"timestamp":1767800538,"subsystem":"/proc/diskstats","measurement":"   8       0 sda 112837 302129 6028570 147814 14570 452393 8067293 2489842 0 119108 2637657 0 0 0 0 0 0\n   8       1 sda1 244 199 16229 100 11 0 12 15 0 120 116 0 0 0 0 0 0\n   8       2 sda2 695 2 45255 305 73 5 73274 4695 0 575 5000 0 0 0 0 0 0\n   8       3 sda3 111716 301928 5959166 147336 14486 452388 7994007 2485131 0 118494 2632467 0 0 0 0 0 0\n 252       0 dm-0 412832 0 5932194 435477 464981 0 7943790 360952788 0 116770 361388265 0 0 0 0 0 0\n 252       1 dm-1 371 0 14236 341 403 0 50217 41117 0 4859 41458 0 0 0 0 0 0\n"}
{"timestamp":1767800538,"subsystem":"statfs[*]","measurement":"{\"mount_point\":\"/\",\"block_size\":4096,\"blocks_total\":9301568,\"blocks_free\":5874752,\"blocks_available\":5874752}\n{\"mount_point\":\"/var/oled\",\"block_size\":4096,\"blocks_total\":2618880,\"blocks_free\":2586210,\"blocks_available\":2586210}\n{\"mount_point\":\"/boot\",\"block_size\":4096,\"blocks_total\":259584,\"blocks_free\":160217,\"blocks_available\":160217}\n{\"mount_point\":\"/boot/efi\",\"block_size\":2048,\"blocks_total\":51091,\"blocks_free\":48041,\"blocks_available\":48041}\n"}
{"timestamp":1767800543,"subsystem":"/proc/stat","measurement":"cpu  18055 292 6324 333840 12056 0 28 190 0 0\ncpu0 14270 146 3229 161596 6070 0 11 92 0 0\ncpu1 3784 145 3095 172244 5985 0 16 97 0 0\nintr 933140 26 9 0 0 1786 0 0 0 1 0 0 0 15 0 0 0 0 0 0 22 0 0 0 0 0 0 0 0 0 0 0 0 0 0 0 0 0 0 0 0 0 0 0 0 0 0 0 0 0 0 0 0 63882 60256 0 0 35914 32885 0 0 0 0 0 0 0 0 0 0 0 0 0 0 0 0 0 0 0 0 0 0 0 0 0 0 0 0 0 0 0 0 0 0 0 0 0 0 0 0 0 0 0 0 0 0 0 0 0 0 0 0 0 0 0 0 0 0 0 0 0 0 0 0 0 0 0 0 0 0 0 0 0 0 0 0 0 0 0 0 0 0 0 0 0 0 0 0 0 0 0 0 0 0 0 0 0 0 0 0 0 0 0 0 0 0 0 0 0 0 0 0 0 0 0 0 0 0 0 0 0 0 0 0 0 0 0 0 0 0 0 0 0 0 0 0 0 0 0 0 0 0 0 0 0 0 0 0 0 0 0 0 0 0 0 0 0 0 0 0 0 0 0 0 0 0 0 0 0 0 0 0 0 0 0 0 0 0 0 0 0 0 0 0 0 0 0 0 0 0 0 0 0 0 0 0 0 0 0 0 0 0 0 0 0 0 0 0 0 0 0 0 0 0 0 0 0 0 0 0 0 0 0 0 0 0 0 0 0 0 0 0 0 0 0 0 0 0 0 0 0 0 0 0 0 0 0 0 0 0 0 0 0 0 0 0 0 0 0 0 0 0 0 0 0 0 0 0 0 0 0 0 0 0 0 0 0 0 0 0 0 0 0 0 0 0 0 0 0 0 0 0 0 0 0 0 0 0 0 0 0 0 0 0 0 0 0 0 0 0 0 0 0 0 0 0 0 0 0 0 0 0 0 0 0 0 0 0 0 0 0 0 0 0 0 0 0 0 0 0 0 0 0 0 0 0 0 0 0 0 0 0 0 0 0 0 0 0 0 0 0 0 0 0 0 0 0 0 0 0 0 0 0 0 0 0 0 0 0 0 0 0\nctxt 1254003\nbtime 1767798686\nprocesses 47666\nprocs_running 4\nprocs_blocked 0\nsoftirq 567017 4 120131 337 68489 0 0 128 143111 31 234786\n"}
{"timestamp":1767800543,"subsystem":"/proc/meminfo","measurement":"MemTotal:        3707636 kB\nMemFree:         1271596 kB\nMemAvailable:    3050528 kB\nBuffers:              28 kB\nCached:          1971196 kB\nSwapCached:        22004 kB\nActive:           354120 kB\nInactive:        1811672 kB\nActive(anon):      14320 kB\nInactive(anon):   196704 kB\nActive(file):     339800 kB\nInactive(file):  1614968 kB\nUnevictable:       12472 kB\nMlocked:           12472 kB\nSwapTotal:       5804024 kB\nSwapFree:        5703380 kB\nDirty:               376 kB\nWriteback:             0 kB\nAnonPages:        190432 kB\nMapped:           112088 kB\nShmem:              5776 kB\nKReclaimable:      63948 kB\nSlab:             133704 kB\nSReclaimable:      63948 kB\nSUnreclaim:        69756 kB\nKernelStack:        4512 kB\nPageTables:        11432 kB\nNFS_Unstable:          0 kB\nBounce:                0 kB\nWritebackTmp:          0 kB\nCommitLimit:     7657840 kB\nCommitted_AS:    3098092 kB\nVmallocTotal:   13743895347199 kB\nVmallocUsed:       24896 kB\nVmallocChunk:          0 kB\nPercpu:             1568 kB\nHardwareCorrupted:     0 kB\nAnonHugePages:     53248 kB\nShmemHugePages:        0 kB\nShmemPmdMapped:        0 kB\nFileHugePages:     32768 kB\nFilePmdMapped:     30720 kB\nCmaTotal:              0 kB\nCmaFree:               0 kB\nHugePages_Total:       0\nHugePages_Free:        0\nHugePages_Rsvd:        0\nHugePages_Surp:        0\nHugepagesize:       2048 kB\nHugetlb:               0 kB\nDirectMap4k:      193448 kB\nDirectMap2M:     3995648 kB\nDirectMap1G:     2097152 kB\n"}
{"timestamp":1767800543,"subsystem":"/proc/net/dev","measurement":"Inter-|   Receive                                                |  Transmit\n face |bytes    packets errs drop fifo frame compressed multicast|bytes    packets errs drop fifo colls carrier compressed\n    lo:    3800      48    0    0    0     0          0         0     3800      48    0    0    0     0       0          0\nenp0s5: 861565565   86549    0    0    0     0          0         0  4070731   33199    0    0    0     0       0          0\n"}
{"timestamp":1767800543,"subsystem":"/proc/diskstats","measurement":"   8       0 sda 112839 302133 6028618 147816 14581 452394 8067564 2489850 0 119115 2637666 0 0 0 0 0 0\n   8       1 sda1 244 199 16229 100 11 0 12 15 0 120 116 0 0 0 0 0 0\n   8       2 sda2 695 2 45255 305 73 5 73274 4695 0 575 5000 0 0 0 0 0 0\n   8       3 sda3 111718 301932 5959214 147337 14497 452389 7994278 2485139 0 118501 2632476 0 0 0 0 0 0\n 252       0 dm-0 412838 0 5932242 435483 464992 0 7944053 360952792 0 116776 361388275 0 0 0 0 0 0\n 252       1 dm-1 371 0 14236 341 404 0 50225 41117 0 4860 41458 0 0 0 0 0 0\n"}
{"timestamp":1767800543,"subsystem":"statfs[*]","measurement":"{\"mount_point\":\"/\",\"block_size\":4096,\"blocks_total\":9301568,\"blocks_free\":5874751,\"blocks_available\":5874751}\n{\"mount_point\":\"/var/oled\",\"block_size\":4096,\"blocks_total\":2618880,\"blocks_free\":2586210,\"blocks_available\":2586210}\n{\"mount_point\":\"/boot\",\"block_size\":4096,\"blocks_total\":259584,\"blocks_free\":160217,\"blocks_available\":160217}\n{\"mount_point\":\"/boot/efi\",\"block_size\":2048,\"blocks_total\":51091,\"blocks_free\":48041,\"blocks_available\":48041}\n"}
{"timestamp":1767800548,"subsystem":"/proc/stat","measurement":"cpu  18557 292 6327 334334 12056 0 28 190 0 0\ncpu0 14770 146 3229 161596 6070 0 11 92 0 0\ncpu1 3787 145 3098 172737 5985 0 16 97 0 0\nintr 939004 26 9 0 0 1786 0 0 0 1 0 0 0 15 0 0 0 0 0 0 22 0 0 0 0 0 0 0 0 0 0 0 0 0 0 0 0 0 0 0 0 0 0 0 0 0 0 0 0 0 0 0 0 63882 60259 0 0 35918 32888 0 0 0 0 0 0 0 0 0 0 0 0 0 0 0 0 0 0 0 0 0 0 0 0 0 0 0 0 0 0 0 0 0 0 0 0 0 0 0 0 0 0 0 0 0 0 0 0 0 0 0 0 0 0 0 0 0 0 0 0 0 0 0 0 0 0 0 0 0 0 0 0 0 0 0 0 0 0 0 0 0 0 0 0 0 0 0 0 0 0 0 0 0 0 0 0 0 0 0 0 0 0 0 0 0 0 0 0 0 0 0 0 0 0 0 0 0 0 0 0 0 0 0 0 0 0 0 0 0 0 0 0 0 0 0 0 0 0 0 0 0 0 0 0 0 0 0 0 0 0 0 0 0 0 0 0 0 0 0 0 0 0 0 0 0 0 0 0 0 0 0 0 0 0 0 0 0 0 0 0 0 0 0 0 0 0 0 0 0 0 0 0 0 0 0 0 0 0 0 0 0 0 0 0 0 0 0 0 0 0 0 0 0 0 0 0 0 0 0 0 0 0 0 0 0 0 0 0 0 0 0 0 0 0 0 0 0 0 0 0 0 0 0 0 0 0 0 0 0 0 0 0 0 0 0 0 0 0 0 0 0 0 0 0 0 0 0 0 0 0 0 0 0 0 0 0 0 0 0 0 0 0 0 0 0 0 0 0 0 0 0 0 0 0 0 0 0 0 0 0 0 0 0 0 0 0 0 0 0 0 0 0 0 0 0 0 0 0 0 0 0 0 0 0 0 0 0 0 0 0 0 0 0 0 0 0 0 0 0 0 0 0 0 0 0 0 0 0 0 0 0 0 0 0 0 0 0 0 0 0 0 0 0 0 0 0 0 0 0 0 0 0 0 0 0 0 0 0 0 0 0 0\nctxt 1255745\nbtime 1767798686\nprocesses 47671\nprocs_running 4\nprocs_blocked 0\nsoftirq 567851 4 120445 337 68496 0 0 128 143486 31 234924\n"}
{"timestamp":1767800548,"subsystem":"/proc/meminfo","measurement":"MemTotal:        3707636 kB\nMemFree:         1271596 kB\nMemAvailable:    3050576 kB\nBuffers:              28 kB\nCached:          1971244 kB\nSwapCached:        22012 kB\nActive:           354176 kB\nInactive:        1811688 kB\nActive(anon):      14328 kB\nInactive(anon):   196720 kB\nActive(file):     339848 kB\nInactive(file):  1614968 kB\nUnevictable:       12472 kB\nMlocked:           12472 kB\nSwapTotal:       5804024 kB\nSwapFree:        5703380 kB\nDirty:               424 kB\nWriteback:             0 kB\nAnonPages:        190448 kB\nMapped:           112088 kB\nShmem:              5776 kB\nKReclaimable:      63948 kB\nSlab:             133704 kB\nSReclaimable:      63948 kB\nSUnreclaim:        69756 kB\nKernelStack:        4512 kB\nPageTables:        11432 kB\nNFS_Unstable:          0 kB\nBounce:                0 kB\nWritebackTmp:          0 kB\nCommitLimit:     7657840 kB\nCommitted_AS:    3098092 kB\nVmallocTotal:   13743895347199 kB\nVmallocUsed:       24896 kB\nVmallocChunk:          0 kB\nPercpu:             1568 kB\nHardwareCorrupted:     0 kB\nAnonHugePages:     53248 kB\nShmemHugePages:        0 kB\nShmemPmdMapped:        0 kB\nFileHugePages:     32768 kB\nFilePmdMapped:     30720 kB\nCmaTotal:              0 kB\nCmaFree:               0 kB\nHugePages_Total:       0\nHugePages_Free:        0\nHugePages_Rsvd:        0\nHugePages_Surp:        0\nHugepagesize:       2048 kB\nHugetlb:               0 kB\nDirectMap4k:      193448 kB\nDirectMap2M:     3995648 kB\nDirectMap1G:     2097152 kB\n"}
{"timestamp":1767800548,"subsystem":"/proc/net/dev","measurement":"Inter-|   Receive                                                |  Transmit\n face |bytes    packets errs drop fifo frame compressed multicast|bytes    packets errs drop fifo colls carrier compressed\n    lo:    3800      48    0    0    0     0          0         0     3800      48    0    0    0     0       0          0\nenp0s5: 861565829   86553    0    0    0     0          0         0  4070929   33202    0    0    0     0       0          0\n"}
{"timestamp":1767800548,"subsystem":"/proc/diskstats","measurement":"   8       0 sda 112841 302137 6028666 147817 14582 452394 8067568 2489851 0 119120 2637668 0 0 0 0 0 0\n   8       1 sda1 244 199 16229 100 11 0 12 15 0 120 116 0 0 0 0 0 0\n   8       2 sda2 695 2 45255 305 73 5 73274 4695 0 575 5000 0 0 0 0 0 0\n   8       3 sda3 111720 301936 5959262 147338 14498 452389 7994282 2485140 0 118506 2632478 0 0 0 0 0 0\n 252       0 dm-0 412844 0 5932290 435489 464992 0 7944053 360952792 0 116780 361388281 0 0 0 0 0 0\n 252       1 dm-1 371 0 14236 341 405 0 50229 41117 0 4861 41458 0 0 0 0 0 0\n"}
{"timestamp":1767800548,"subsystem":"statfs[*]","measurement":"{\"mount_point\":\"/\",\"block_size\":4096,\"blocks_total\":9301568,\"blocks_free\":5874750,\"blocks_available\":5874750}\n{\"mount_point\":\"/var/oled\",\"block_size\":4096,\"blocks_total\":2618880,\"blocks_free\":2586210,\"blocks_available\":2586210}\n{\"mount_point\":\"/boot\",\"block_size\":4096,\"blocks_total\":259584,\"blocks_free\":160217,\"blocks_available\":160217}\n{\"mount_point\":\"/boot/efi\",\"block_size\":2048,\"blocks_total\":51091,\"blocks_free\":48041,\"blocks_available\":48041}\n"}
{"timestamp":1767800553,"subsystem":"/proc/stat","measurement":"cpu  19060 292 6331 334827 12056 0 28 190 0 0\ncpu0 15269 146 3229 161597 6070 0 11 92 0 0\ncpu1 3790 145 3101 173230 5986 0 17 97 0 0\nintr 944934 26 9 0 0 1786 0 0 0 1 0 0 0 15 0 0 0 0 0 0 22 0 0 0 0 0 0 0 0 0 0 0 0 0 0 0 0 0 0 0 0 0 0 0 0 0 0 0 0 0 0 0 0 63882 60265 0 0 35925 32896 0 0 0 0 0 0 0 0 0 0 0 0 0 0 0 0 0 0 0 0 0 0 0 0 0 0 0 0 0 0 0 0 0 0 0 0 0 0 0 0 0 0 0 0 0 0 0 0 0 0 0 0 0 0 0 0 0 0 0 0 0 0 0 0 0 0 0 0 0 0 0 0 0 0 0 0 0 0 0 0 0 0 0 0 0 0 0 0 0 0 0 0 0 0 0 0 0 0 0 0 0 0 0 0 0 0 0 0 0 0 0 0 0 0 0 0 0 0 0 0 0 0 0 0 0 0 0 0 0 0 0 0 0 0 0 0 0 0 0 0 0 0 0 0 0 0 0 0 0 0 0 0 0 0 0 0 0 0 0 0 0 0 0 0 0 0 0 0 0 0 0 0 0 0 0 0 0 0 0 0 0 0 0 0 0 0 0 0 0 0 0 0 0 0 0 0 0 0 0 0 0 0 0 0 0 0 0 0 0 0 0 0 0 0 0 0 0 0 0 0 0 0 0 0 0 0 0 0 0 0 0 0 0 0 0 0 0 0 0 0 0 0 0 0 0 0 0 0 0 0 0 0 0 0 0 0 0 0 0 0 0 0 0 0 0 0 0 0 0 0 0 0 0 0 0 0 0 0 0 0 0 0 0 0 0 0 0 0 0 0 0 0 0 0 0 0 0 0 0 0 0 0 0 0 0 0 0 0 0 0 0 0 0 0 0 0 0 0 0 0 0 0 0 0 0 0 0 0 0 0 0 0 0 0 0 0 0 0 0 0 0 0 0 0 0 0 0 0 0 0 0 0 0 0 0 0 0 0 0 0 0 0 0 0 0 0 0 0 0 0 0 0 0 0 0 0 0 0 0 0 0 0\nctxt 1257607\nbtime 1767798686\nprocesses 47676\nprocs_running 4\nprocs_blocked 0\nsoftirq 568720 4 120767 338 68511 0 0 128 143872 31 235069\n"}
{"timestamp":1767800553,"subsystem":"/proc/meminfo","measurement":"MemTotal:        3707636 kB\nMemFree:         1267500 kB\nMemAvailable:    3046484 kB\nBuffers:              28 kB\nCached:          1971248 kB\nSwapCached:        22024 kB\nActive:           352464 kB\nInactive:        1814104 kB\nActive(anon):      14344 kB\nInactive(anon):   197404 kB\nActive(file):     338120 kB\nInactive(file):  1616700 kB\nUnevictable:       12472 kB\nMlocked:           12472 kB\nSwapTotal:       5804024 kB\nSwapFree:        5703380 kB\nDirty:               400 kB\nWriteback:             0 kB\nAnonPages:        191148 kB\nMapped:           112432 kB\nShmem:              5776 kB\nKReclaimable:      63948 kB\nSlab:             133700 kB\nSReclaimable:      63948 kB\nSUnreclaim:        69752 kB\nKernelStack:        4512 kB\nPageTables:        11428 kB\nNFS_Unstable:          0 kB\nBounce:                0 kB\nWritebackTmp:          0 kB\nCommitLimit:     7657840 kB\nCommitted_AS:    3098100 kB\nVmallocTotal:   13743895347199 kB\nVmallocUsed:       24880 kB\nVmallocChunk:          0 kB\nPercpu:             1568 kB\nHardwareCorrupted:     0 kB\nAnonHugePages:     55296 kB\nShmemHugePages:        0 kB\nShmemPmdMapped:        0 kB\nFileHugePages:     34816 kB\nFilePmdMapped:     32768 kB\nCmaTotal:              0 kB\nCmaFree:               0 kB\nHugePages_Total:       0\nHugePages_Free:        0\nHugePages_Rsvd:        0\nHugePages_Surp:        0\nHugepagesize:       2048 kB\nHugetlb:               0 kB\nDirectMap4k:      193448 kB\nDirectMap2M:     3995648 kB\nDirectMap1G:     2097152 kB\n"}
{"timestamp":1767800553,"subsystem":"/proc/net/dev","measurement":"Inter-|   Receive                                                |  Transmit\n face |bytes    packets errs drop fifo frame compressed multicast|bytes    packets errs drop fifo colls carrier compressed\n    lo:    3800      48    0    0    0     0          0         0     3800      48    0    0    0     0       0          0\nenp0s5: 861566618   86560    0    0    0     0          0         0  4071612   33210    0    0    0     0       0          0\n"}
{"timestamp":1767800553,"subsystem":"/proc/diskstats","measurement":"   8       0 sda 112845 302149 6028794 147819 14586 452397 8067624 2489854 0 119125 2637673 0 0 0 0 0 0\n   8       1 sda1 244 199 16229 100 11 0 12 15 0 120 116 0 0 0 0 0 0\n   8       2 sda2 695 2 45255 305 73 5 73274 4695 0 575 5000 0 0 0 0 0 0\n   8       3 sda3 111724 301948 5959390 147340 14502 452392 7994338 2485143 0 118511 2632483 0 0 0 0 0 0\n 252       0 dm-0 412860 0 5932418 435497 464999 0 7944109 360952792 0 116785 361388289 0 0 0 0 0 0\n 252       1 dm-1 371 0 14236 341 405 0 50229 41117 0 4861 41458 0 0 0 0 0 0\n"}
{"timestamp":1767800553,"subsystem":"statfs[*]","measurement":"{\"mount_point\":\"/\",\"block_size\":4096,\"blocks_total\":9301568,\"blocks_free\":5874759,\"blocks_available\":5874759}\n{\"mount_point\":\"/var/oled\",\"block_size\":4096,\"blocks_total\":2618880,\"blocks_free\":2586210,\"blocks_available\":2586210}\n{\"mount_point\":\"/boot\",\"block_size\":4096,\"blocks_total\":259584,\"blocks_free\":160217,\"blocks_available\":160217}\n{\"mount_point\":\"/boot/efi\",\"block_size\":2048,\"blocks_total\":51091,\"blocks_free\":48041,\"blocks_available\":48041}\n"}
{"timestamp":1767800558,"subsystem":"/proc/stat","measurement":"cpu  19562 292 6334 335320 12056 0 28 190 0 0\ncpu0 15769 146 3229 161597 6070 0 11 92 0 0\ncpu1 3793 145 3105 173723 5986 0 17 97 0 0\nintr 950806 26 9 0 0 1786 0 0 0 1 0 0 0 15 0 0 0 0 0 0 22 0 0 0 0 0 0 0 0 0 0 0 0 0 0 0 0 0 0 0 0 0 0 0 0 0 0 0 0 0 0 0 0 63882 60267 0 0 35931 32901 0 0 0 0 0 0 0 0 0 0 0 0 0 0 0 0 0 0 0 0 0 0 0 0 0 0 0 0 0 0 0 0 0 0 0 0 0 0 0 0 0 0 0 0 0 0 0 0 0 0 0 0 0 0 0 0 0 0 0 0 0 0 0 0 0 0 0 0 0 0 0 0 0 0 0 0 0 0 0 0 0 0 0 0 0 0 0 0 0 0 0 0 0 0 0 0 0 0 0 0 0 0 0 0 0 0 0 0 0 0 0 0 0 0 0 0 0 0 0 0 0 0 0 0 0 0 0 0 0 0 0 0 0 0 0 0 0 0 0 0 0 0 0 0 0 0 0 0 0 0 0 0 0 0 0 0 0 0 0 0 0 0 0 0 0 0 0 0 0 0 0 0 0 0 0 0 0 0 0 0 0 0 0 0 0 0 0 0 0 0 0 0 0 0 0 0 0 0 0 0 0 0 0 0 0 0 0 0 0 0 0 0 0 0 0 0 0 0 0 0 0 0 0 0 0 0 0 0 0 0 0 0 0 0 0 0 0 0 0 0 0 0 0 0 0 0 0 0 0 0 0 0 0 0 0 0 0 0 0 0 0 0 0 0 0 0 0 0 0 0 0 0 0 0 0 0 0 0 0 0 0 0 0 0 0 0 0 0 0 0 0 0 0 0 0 0 0 0 0 0 0 0 0 0 0 0 0 0 0 0 0 0 0 0 0 0 0 0 0 0 0 0 0 0 0 0 0 0 0 0 0 0 0 0 0 0 0 0 0 0 0 0 0 0 0 0 0 0 0 0 0 0 0 0 0 0 0 0 0 0 0 0 0 0 0 0 0 0 0 0 0 0 0 0 0 0 0 0 0 0 0 0\nctxt 1259358\nbtime 1767798686\nprocesses 47681\nprocs_running 4\nprocs_blocked 0\nsoftirq 569630 4 121090 339 68522 0 0 128 144317 31 235199\n"}
{"timestamp":1767800558,"subsystem":"/proc/meminfo","measurement":"MemTotal:        3707636 kB\nMemFree:         1267248 kB\nMemAvailable:    3046284 kB\nBuffers:              28 kB\nCached:          1971300 kB\nSwapCached:        22032 kB\nActive:           352520 kB\nInactive:        1814128 kB\nActive(anon):      14352 kB\nInactive(anon):   197424 kB\nActive(file):     338168 kB\nInactive(file):  1616704 kB\nUnevictable:       12472 kB\nMlocked:           12472 kB\nSwapTotal:       5804024 kB\nSwapFree:        5703380 kB\nDirty:               412 kB\nWriteback:             0 kB\nAnonPages:        191160 kB\nMapped:           112432 kB\nShmem:              5776 kB\nKReclaimable:      63948 kB\nSlab:             133700 kB\nSReclaimable:      63948 kB\nSUnreclaim:        69752 kB\nKernelStack:        4512 kB\nPageTables:        11428 kB\nNFS_Unstable:          0 kB\nBounce:                0 kB\nWritebackTmp:          0 kB\nCommitLimit:     7657840 kB\nCommitted_AS:    3098100 kB\nVmallocTotal:   13743895347199 kB\nVmallocUsed:       24896 kB\nVmallocChunk:          0 kB\nPercpu:             1568 kB\nHardwareCorrupted:     0 kB\nAnonHugePages:     55296 kB\nShmemHugePages:        0 kB\nShmemPmdMapped:        0 kB\nFileHugePages:     34816 kB\nFilePmdMapped:     32768 kB\nCmaTotal:              0 kB\nCmaFree:               0 kB\nHugePages_Total:       0\nHugePages_Free:        0\nHugePages_Rsvd:        0\nHugePages_Surp:        0\nHugepagesize:       2048 kB\nHugetlb:               0 kB\nDirectMap4k:      193448 kB\nDirectMap2M:     3995648 kB\nDirectMap1G:     2097152 kB\n"}
{"timestamp":1767800558,"subsystem":"/proc/net/dev","measurement":"Inter-|   Receive                                                |  Transmit\n face |bytes    packets errs drop fifo frame compressed multicast|bytes    packets errs drop fifo colls carrier compressed\n    lo:    3800      48    0    0    0     0          0         0     3800      48    0    0    0     0       0          0\nenp0s5: 861567014   86566    0    0    0     0          0         0  4071942   33215    0    0    0     0       0          0\n"}
{"timestamp":1767800558,"subsystem":"/proc/diskstats","measurement":"   8       0 sda 112847 302153 6028842 147820 14588 452398 8067704 2489855 0 119128 2637675 0 0 0 0 0 0\n   8       1 sda1 244 199 16229 100 11 0 12 15 0 120 116 0 0 0 0 0 0\n   8       2 sda2 695 2 45255 305 73 5 73274 4695 0 575 5000 0 0 0 0 0 0\n   8       3 sda3 111726 301952 5959438 147341 14504 452393 7994418 2485144 0 118514 2632485 0 0 0 0 0 0\n 252       0 dm-0 412866 0 5932466 435503 465002 0 7944189 360952792 0 116788 361388295 0 0 0 0 0 0\n 252       1 dm-1 371 0 14236 341 405 0 50229 41117 0 4861 41458 0 0 0 0 0 0\n"}
{"timestamp":1767800558,"subsystem":"statfs[*]","measurement":"{\"mount_point\":\"/\",\"block_size\":4096,\"blocks_total\":9301568,\"blocks_free\":5874773,\"blocks_available\":5874773}\n{\"mount_point\":\"/var/oled\",\"block_size\":4096,\"blocks_total\":2618880,\"blocks_free\":2586210,\"blocks_available\":2586210}\n{\"mount_point\":\"/boot\",\"block_size\":4096,\"blocks_total\":259584,\"blocks_free\":160217,\"blocks_available\":160217}\n{\"mount_point\":\"/boot/efi\",\"block_size\":2048,\"blocks_total\":51091,\"blocks_free\":48041,\"blocks_available\":48041}\n"}
{"timestamp":1767800563,"subsystem":"/proc/stat","measurement":"cpu  20073 292 6338 335805 12056 0 29 190 0 0\ncpu0 16052 146 3229 161813 6070 0 11 92 0 0\ncpu1 4021 145 3109 173991 5986 0 17 97 0 0\nintr 957054 26 9 0 0 1786 0 0 0 1 0 0 0 15 0 0 0 0 0 0 22 0 0 0 0 0 0 0 0 0 0 0 0 0 0 0 0 0 0 0 0 0 0 0 0 0 0 0 0 0 0 0 0 63882 60272 0 0 35976 32951 0 0 0 0 0 0 0 0 0 0 0 0 0 0 0 0 0 0 0 0 0 0 0 0 0 0 0 0 0 0 0 0 0 0 0 0 0 0 0 0 0 0 0 0 0 0 0 0 0 0 0 0 0 0 0 0 0 0 0 0 0 0 0 0 0 0 0 0 0 0 0 0 0 0 0 0 0 0 0 0 0 0 0 0 0 0 0 0 0 0 0 0 0 0 0 0 0 0 0 0 0 0 0 0 0 0 0 0 0 0 0 0 0 0 0 0 0 0 0 0 0 0 0 0 0 0 0 0 0 0 0 0 0 0 0 0 0 0 0 0 0 0 0 0 0 0 0 0 0 0 0 0 0 0 0 0 0 0 0 0 0 0 0 0 0 0 0 0 0 0 0 0 0 0 0 0 0 0 0 0 0 0 0 0 0 0 0 0 0 0 0 0 0 0 0 0 0 0 0 0 0 0 0 0 0 0 0 0 0 0 0 0 0 0 0 0 0 0 0 0 0 0 0 0 0 0 0 0 0 0 0 0 0 0 0 0 0 0 0 0 0 0 0 0 0 0 0 0 0 0 0 0 0 0 0 0 0 0 0 0 0 0 0 0 0 0 0 0 0 0 0 0 0 0 0 0 0 0 0 0 0 0 0 0 0 0 0 0 0 0 0 0 0 0 0 0 0 0 0 0 0 0 0 0 0 0 0 0 0 0 0 0 0 0 0 0 0 0 0 0 0 0 0 0 0 0 0 0 0 0 0 0 0 0 0 0 0 0 0 0 0 0 0 0 0 0 0 0 0 0 0 0 0 0 0 0 0 0 0 0 0 0 0 0 0 0 0 0 0 0 0 0 0 0 0 0 0 0 0 0 0 0\nctxt 1261592\nbtime 1767798686\nprocesses 47686\nprocs_running 4\nprocs_blocked 0\nsoftirq 570562 4 121403 340 68617 0 0 128 144702 31 235337\n"}
{"timestamp":1767800563,"subsystem":"/proc/meminfo","measurement":"MemTotal:        3707636 kB\nMemFree:         1263152 kB\nMemAvailable:    3042192 kB\nBuffers:              28 kB\nCached:          1971304 kB\nSwapCached:        21984 kB\nActive:           352536 kB\nInactive:        1812612 kB\nActive(anon):      14360 kB\nInactive(anon):   195912 kB\nActive(file):     338176 kB\nInactive(file):  1616700 kB\nUnevictable:       12472 kB\nMlocked:           12472 kB\nSwapTotal:       5804024 kB\nSwapFree:        5703636 kB\nDirty:                20 kB\nWriteback:             0 kB\nAnonPages:        191244 kB\nMapped:           112432 kB\nShmem:              5776 kB\nKReclaimable:      63948 kB\nSlab:             133700 kB\nSReclaimable:      63948 kB\nSUnreclaim:        69752 kB\nKernelStack:        4512 kB\nPageTables:        11428 kB\nNFS_Unstable:          0 kB\nBounce:                0 kB\nWritebackTmp:          0 kB\nCommitLimit:     7657840 kB\nCommitted_AS:    3098100 kB\nVmallocTotal:   13743895347199 kB\nVmallocUsed:       24896 kB\nVmallocChunk:          0 kB\nPercpu:             1568 kB\nHardwareCorrupted:     0 kB\nAnonHugePages:     57344 kB\nShmemHugePages:        0 kB\nShmemPmdMapped:        0 kB\nFileHugePages:     34816 kB\nFilePmdMapped:     32768 kB\nCmaTotal:              0 kB\nCmaFree:               0 kB\nHugePages_Total:       0\nHugePages_Free:        0\nHugePages_Rsvd:        0\nHugePages_Surp:        0\nHugepagesize:       2048 kB\nHugetlb:               0 kB\nDirectMap4k:      193448 kB\nDirectMap2M:     3995648 kB\nDirectMap1G:     2097152 kB\n"}
{"timestamp":1767800563,"subsystem":"/proc/net/dev","measurement":"Inter-|   Receive                                                |  Transmit\n face |bytes    packets errs drop fifo frame compressed multicast|bytes    packets errs drop fifo colls carrier compressed\n    lo:    3800      48    0    0    0     0          0         0     3800      48    0    0    0     0       0          0\nenp0s5: 861598114   86613    0    0    0     0          0         0  4132437   33265    0    0    0     0       0          0\n"}
{"timestamp":1767800563,"subsystem":"/proc/diskstats","measurement":"   8       0 sda 112851 302158 6028914 147822 14589 452399 8068512 2489857 0 119136 2637680 0 0 0 0 0 0\n   8       1 sda1 244 199 16229 100 11 0 12 15 0 120 116 0 0 0 0 0 0\n   8       2 sda2 695 2 45255 305 73 5 73274 4695 0 575 5000 0 0 0 0 0 0\n   8       3 sda3 111730 301957 5959510 147344 14505 452394 7995226 2485146 0 118522 2632490 0 0 0 0 0 0\n 252       0 dm-0 412875 0 5932538 435512 465002 0 7944189 360952792 0 116794 361388304 0 0 0 0 0 0\n 252       1 dm-1 371 0 14236 341 407 0 51037 41119 0 4863 41460 0 0 0 0 0 0\n"}
{"timestamp":1767800563,"subsystem":"statfs[*]","measurement":"{\"mount_point\":\"/\",\"block_size\":4096,\"blocks_total\":9301568,\"blocks_free\":5874767,\"blocks_available\":5874767}\n{\"mount_point\":\"/var/oled\",\"block_size\":4096,\"blocks_total\":2618880,\"blocks_free\":2586210,\"blocks_available\":2586210}\n{\"mount_point\":\"/boot\",\"block_size\":4096,\"blocks_total\":259584,\"blocks_free\":160217,\"blocks_available\":160217}\n{\"mount_point\":\"/boot/efi\",\"block_size\":2048,\"blocks_total\":51091,\"blocks_free\":48041,\"blocks_available\":48041}\n"}
{"timestamp":1767800568,"subsystem":"/proc/stat","measurement":"cpu  20576 292 6342 336295 12056 0 29 190 0 0\ncpu0 16059 146 3231 162304 6070 0 11 92 0 0\ncpu1 4517 145 3111 173991 5986 0 17 97 0 0\nintr 962868 26 9 0 0 1786 0 0 0 1 0 0 0 15 0 0 0 0 0 0 22 0 0 0 0 0 0 0 0 0 0 0 0 0 0 0 0 0 0 0 0 0 0 0 0 0 0 0 0 0 0 0 0 63882 60273 0 0 35983 32957 0 0 0 0 0 0 0 0 0 0 0 0 0 0 0 0 0 0 0 0 0 0 0 0 0 0 0 0 0 0 0 0 0 0 0 0 0 0 0 0 0 0 0 0 0 0 0 0 0 0 0 0 0 0 0 0 0 0 0 0 0 0 0 0 0 0 0 0 0 0 0 0 0 0 0 0 0 0 0 0 0 0 0 0 0 0 0 0 0 0 0 0 0 0 0 0 0 0 0 0 0 0 0 0 0 0 0 0 0 0 0 0 0 0 0 0 0 0 0 0 0 0 0 0 0 0 0 0 0 0 0 0 0 0 0 0 0 0 0 0 0 0 0 0 0 0 0 0 0 0 0 0 0 0 0 0 0 0 0 0 0 0 0 0 0 0 0 0 0 0 0 0 0 0 0 0 0 0 0 0 0 0 0 0 0 0 0 0 0 0 0 0 0 0 0 0 0 0 0 0 0 0 0 0 0 0 0 0 0 0 0 0 0 0 0 0 0 0 0 0 0 0 0 0 0 0 0 0 0 0 0 0 0 0 0 0 0 0 0 0 0 0 0 0 0 0 0 0 0 0 0 0 0 0 0 0 0 0 0 0 0 0 0 0 0 0 0 0 0 0 0 0 0 0 0 0 0 0 0 0 0 0 0 0 0 0 0 0 0 0 0 0 0 0 0 0 0 0 0 0 0 0 0 0 0 0 0 0 0 0 0 0 0 0 0 0 0 0 0 0 0 0 0 0 0 0 0 0 0 0 0 0 0 0 0 0 0 0 0 0 0 0 0 0 0 0 0 0 0 0 0 0 0 0 0 0 0 0 0 0 0 0 0 0 0 0 0 0 0 0 0 0 0 0 0 0 0 0 0 0 0 0\nctxt 1263296\nbtime 1767798686\nprocesses 47691\nprocs_running 4\nprocs_blocked 0\nsoftirq 571616 4 121678 341 68630 0 0 128 145127 31 235677\n"}
{"timestamp":1767800568,"subsystem":"/proc/meminfo","measurement":"MemTotal:        3707636 kB\nMemFree:         1263152 kB\nMemAvailable:    3042460 kB\nBuffers:              28 kB\nCached:          1971572 kB\nSwapCached:        22000 kB\nActive:           352556 kB\nInactive:        1812932 kB\nActive(anon):      14376 kB\nInactive(anon):   195968 kB\nActive(file):     338180 kB\nInactive(file):  1616964 kB\nUnevictable:       12472 kB\nMlocked:           12472 kB\nSwapTotal:       5804024 kB\nSwapFree:        5703636 kB\nDirty:               296 kB\nWriteback:             0 kB\nAnonPages:        191300 kB\nMapped:           112432 kB\nShmem:              5776 kB\nKReclaimable:      63948 kB\nSlab:             133700 kB\nSReclaimable:      63948 kB\nSUnreclaim:        69752 kB\nKernelStack:        4512 kB\nPageTables:        11428 kB\nNFS_Unstable:          0 kB\nBounce:                0 kB\nWritebackTmp:          0 kB\nCommitLimit:     7657840 kB\nCommitted_AS:    3098100 kB\nVmallocTotal:   13743895347199 kB\nVmallocUsed:       24896 kB\nVmallocChunk:          0 kB\nPercpu:             1568 kB\nHardwareCorrupted:     0 kB\nAnonHugePages:     57344 kB\nShmemHugePages:        0 kB\nShmemPmdMapped:        0 kB\nFileHugePages:     34816 kB\nFilePmdMapped:     32768 kB\nCmaTotal:              0 kB\nCmaFree:               0 kB\nHugePages_Total:       0\nHugePages_Free:        0\nHugePages_Rsvd:        0\nHugePages_Surp:        0\nHugepagesize:       2048 kB\nHugetlb:               0 kB\nDirectMap4k:      193448 kB\nDirectMap2M:     3995648 kB\nDirectMap1G:     2097152 kB\n"}
{"timestamp":1767800568,"subsystem":"/proc/net/dev","measurement":"Inter-|   Receive                                                |  Transmit\n face |bytes    packets errs drop fifo frame compressed multicast|bytes    packets errs drop fifo colls carrier compressed\n    lo:    3800      48    0    0    0     0          0         0     3800      48    0    0    0     0       0          0\nenp0s5: 861598556   86620    0    0    0     0          0         0  4132785   33271    0    0    0     0       0          0\n"}
{"timestamp":1767800568,"subsystem":"/proc/diskstats","measurement":"   8       0 sda 112852 302165 6028978 147823 14589 452399 8068512 2489857 0 119138 2637680 0 0 0 0 0 0\n   8       1 sda1 244 199 16229 100 11 0 12 15 0 120 116 0 0 0 0 0 0\n   8       2 sda2 695 2 45255 305 73 5 73274 4695 0 575 5000 0 0 0 0 0 0\n   8       3 sda3 111731 301964 5959574 147344 14505 452394 7995226 2485146 0 118524 2632490 0 0 0 0 0 0\n 252       0 dm-0 412883 0 5932602 435520 465002 0 7944189 360952792 0 116796 361388312 0 0 0 0 0 0\n 252       1 dm-1 371 0 14236 341 407 0 51037 41119 0 4863 41460 0 0 0 0 0 0\n"}
{"timestamp":1767800568,"subsystem":"statfs[*]","measurement":"{\"mount_point\":\"/\",\"block_size\":4096,\"blocks_total\":9301568,\"blocks_free\":5874765,\"blocks_available\":5874765}\n{\"mount_point\":\"/var/oled\",\"block_size\":4096,\"blocks_total\":2618880,\"blocks_free\":2586210,\"blocks_available\":2586210}\n{\"mount_point\":\"/boot\",\"block_size\":4096,\"blocks_total\":259584,\"blocks_free\":160217,\"blocks_available\":160217}\n{\"mount_point\":\"/boot/efi\",\"block_size\":2048,\"blocks_total\":51091,\"blocks_free\":48041,\"blocks_available\":48041}\n"}
{"timestamp":1767800573,"subsystem":"/proc/stat","measurement":"cpu  21079 292 6345 336790 12056 0 29 190 0 0\ncpu0 16416 146 3231 162446 6070 0 11 92 0 0\ncpu1 4662 145 3114 174343 5986 0 17 98 0 0\nintr 968907 26 9 0 0 1786 0 0 0 1 0 0 0 15 0 0 0 0 0 0 22 0 0 0 0 0 0 0 0 0 0 0 0 0 0 0 0 0 0 0 0 0 0 0 0 0 0 0 0 0 0 0 0 63887 60275 0 0 35991 32965 0 0 0 0 0 0 0 0 0 0 0 0 0 0 0 0 0 0 0 0 0 0 0 0 0 0 0 0 0 0 0 0 0 0 0 0 0 0 0 0 0 0 0 0 0 0 0 0 0 0 0 0 0 0 0 0 0 0 0 0 0 0 0 0 0 0 0 0 0 0 0 0 0 0 0 0 0 0 0 0 0 0 0 0 0 0 0 0 0 0 0 0 0 0 0 0 0 0 0 0 0 0 0 0 0 0 0 0 0 0 0 0 0 0 0 0 0 0 0 0 0 0 0 0 0 0 0 0 0 0 0 0 0 0 0 0 0 0 0 0 0 0 0 0 0 0 0 0 0 0 0 0 0 0 0 0 0 0 0 0 0 0 0 0 0 0 0 0 0 0 0 0 0 0 0 0 0 0 0 0 0 0 0 0 0 0 0 0 0 0 0 0 0 0 0 0 0 0 0 0 0 0 0 0 0 0 0 0 0 0 0 0 0 0 0 0 0 0 0 0 0 0 0 0 0 0 0 0 0 0 0 0 0 0 0 0 0 0 0 0 0 0 0 0 0 0 0 0 0 0 0 0 0 0 0 0 0 0 0 0 0 0 0 0 0 0 0 0 0 0 0 0 0 0 0 0 0 0 0 0 0 0 0 0 0 0 0 0 0 0 0 0 0 0 0 0 0 0 0 0 0 0 0 0 0 0 0 0 0 0 0 0 0 0 0 0 0 0 0 0 0 0 0 0 0 0 0 0 0 0 0 0 0 0 0 0 0 0 0 0 0 0 0 0 0 0 0 0 0 0 0 0 0 0 0 0 0 0 0 0 0 0 0 0 0 0 0 0 0 0 0 0 0 0 0 0 0 0 0 0 0 0\nctxt 1265344\nbtime 1767798686\nprocesses 47696\nprocs_running 4\nprocs_blocked 0\nsoftirq 572481 4 121994 342 68646 0 0 128 145534 31 235802\n"}
{"timestamp":1767800573,"subsystem":"/proc/meminfo","measurement":"MemTotal:        3707636 kB\nMemFree:         1263152 kB\nMemAvailable:    3042464 kB\nBuffers:              28 kB\nCached:          1971576 kB\nSwapCached:        22016 kB\nActive:           352572 kB\nInactive:        1812952 kB\nActive(anon):      14392 kB\nInactive(anon):   195984 kB\nActive(file):     338180 kB\nInactive(file):  1616968 kB\nUnevictable:       12472 kB\nMlocked:           12472 kB\nSwapTotal:       5804024 kB\nSwapFree:        5703636 kB\nDirty:               292 kB\nWriteback:             0 kB\nAnonPages:        191316 kB\nMapped:           112432 kB\nShmem:              5776 kB\nKReclaimable:      63948 kB\nSlab:             133700 kB\nSReclaimable:      63948 kB\nSUnreclaim:        69752 kB\nKernelStack:        4512 kB\nPageTables:        11428 kB\nNFS_Unstable:          0 kB\nBounce:                0 kB\nWritebackTmp:          0 kB\nCommitLimit:     7657840 kB\nCommitted_AS:    3098100 kB\nVmallocTotal:   13743895347199 kB\nVmallocUsed:       24896 kB\nVmallocChunk:          0 kB\nPercpu:             1568 kB\nHardwareCorrupted:     0 kB\nAnonHugePages:     57344 kB\nShmemHugePages:        0 kB\nShmemPmdMapped:        0 kB\nFileHugePages:     34816 kB\nFilePmdMapped:     32768 kB\nCmaTotal:              0 kB\nCmaFree:               0 kB\nHugePages_Total:       0\nHugePages_Free:        0\nHugePages_Rsvd:        0\nHugePages_Surp:        0\nHugepagesize:       2048 kB\nHugetlb:               0 kB\nDirectMap4k:      193448 kB\nDirectMap2M:     3995648 kB\nDirectMap1G:     2097152 kB\n"}
{"timestamp":1767800573,"subsystem":"/proc/net/dev","measurement":"Inter-|   Receive                                                |  Transmit\n face |bytes    packets errs drop fifo frame compressed multicast|bytes    packets errs drop fifo colls carrier compressed\n    lo:    3800      48    0    0    0     0          0         0     3800      48    0    0    0     0       0          0\nenp0s5: 861599421   86628    0    0    0     0          0         0  4133492   33279    0    0    0     0       0          0\n"}
{"timestamp":1767800573,"subsystem":"/proc/diskstats","measurement":"   8       0 sda 112853 302172 6029042 147823 14605 452401 8068863 2489872 0 119143 2637696 0 0 0 0 0 0\n   8       1 sda1 244 199 16229 100 11 0 12 15 0 120 116 0 0 0 0 0 0\n   8       2 sda2 695 2 45255 305 73 5 73274 4695 0 575 5000 0 0 0 0 0 0\n   8       3 sda3 111732 301971 5959638 147345 14521 452396 7995577 2485161 0 118529 2632506 0 0 0 0 0 0\n 252       0 dm-0 412891 0 5932666 435528 465018 0 7944524 360952808 0 116800 361388336 0 0 0 0 0 0\n 252       1 dm-1 371 0 14236 341 409 0 51053 41119 0 4864 41460 0 0 0 0 0 0\n"}
{"timestamp":1767800573,"subsystem":"statfs[*]","measurement":"{\"mount_point\":\"/\",\"block_size\":4096,\"blocks_total\":9301568,\"blocks_free\":5874764,\"blocks_available\":5874764}\n{\"mount_point\":\"/var/oled\",\"block_size\":4096,\"blocks_total\":2618880,\"blocks_free\":2586210,\"blocks_available\":2586210}\n{\"mount_point\":\"/boot\",\"block_size\":4096,\"blocks_total\":259584,\"blocks_free\":160217,\"blocks_available\":160217}\n{\"mount_point\":\"/boot/efi\",\"block_size\":2048,\"blocks_total\":51091,\"blocks_free\":48041,\"blocks_available\":48041}\n"}
{"timestamp":1767800578,"subsystem":"/proc/stat","measurement":"cpu  21581 292 6349 337283 12056 0 29 190 0 0\ncpu0 16858 146 3232 162503 6070 0 11 92 0 0\ncpu1 4722 145 3117 174780 5986 0 17 98 0 0\nintr 974797 26 9 0 0 1786 0 0 0 1 0 0 0 15 0 0 0 0 0 0 22 0 0 0 0 0 0 0 0 0 0 0 0 0 0 0 0 0 0 0 0 0 0 0 0 0 0 0 0 0 0 0 0 63887 60280 0 0 35998 32970 0 0 0 0 0 0 0 0 0 0 0 0 0 0 0 0 0 0 0 0 0 0 0 0 0 0 0 0 0 0 0 0 0 0 0 0 0 0 0 0 0 0 0 0 0 0 0 0 0 0 0 0 0 0 0 0 0 0 0 0 0 0 0 0 0 0 0 0 0 0 0 0 0 0 0 0 0 0 0 0 0 0 0 0 0 0 0 0 0 0 0 0 0 0 0 0 0 0 0 0 0 0 0 0 0 0 0 0 0 0 0 0 0 0 0 0 0 0 0 0 0 0 0 0 0 0 0 0 0 0 0 0 0 0 0 0 0 0 0 0 0 0 0 0 0 0 0 0 0 0 0 0 0 0 0 0 0 0 0 0 0 0 0 0 0 0 0 0 0 0 0 0 0 0 0 0 0 0 0 0 0 0 0 0 0 0 0 0 0 0 0 0 0 0 0 0 0 0 0 0 0 0 0 0 0 0 0 0 0 0 0 0 0 0 0 0 0 0 0 0 0 0 0 0 0 0 0 0 0 0 0 0 0 0 0 0 0 0 0 0 0 0 0 0 0 0 0 0 0 0 0 0 0 0 0 0 0 0 0 0 0 0 0 0 0 0 0 0 0 0 0 0 0 0 0 0 0 0 0 0 0 0 0 0 0 0 0 0 0 0 0 0 0 0 0 0 0 0 0 0 0 0 0 0 0 0 0 0 0 0 0 0 0 0 0 0 0 0 0 0 0 0 0 0 0 0 0 0 0 0 0 0 0 0 0 0 0 0 0 0 0 0 0 0 0 0 0 0 0 0 0 0 0 0 0 0 0 0 0 0 0 0 0 0 0 0 0 0 0 0 0 0 0 0 0 0 0 0 0 0 0 0\nctxt 1267106\nbtime 1767798686\nprocesses 47701\nprocs_running 2\nprocs_blocked 0\nsoftirq 573408 4 122300 343 68658 0 0 128 145983 31 235961\n"}
{"timestamp":1767800578,"subsystem":"/proc/meminfo","measurement":"MemTotal:        3707636 kB\nMemFree:         1262148 kB\nMemAvailable:    3041504 kB\nBuffers:              28 kB\nCached:          1971624 kB\nSwapCached:        22056 kB\nActive:           352592 kB\nInactive:        1813044 kB\nActive(anon):      14408 kB\nInactive(anon):   196036 kB\nActive(file):     338184 kB\nInactive(file):  1617008 kB\nUnevictable:       12472 kB\nMlocked:           12472 kB\nSwapTotal:       5804024 kB\nSwapFree:        5703636 kB\nDirty:               340 kB\nWriteback:             0 kB\nAnonPages:        191376 kB\nMapped:           112940 kB\nShmem:              5776 kB\nKReclaimable:      63948 kB\nSlab:             133696 kB\nSReclaimable:      63948 kB\nSUnreclaim:        69748 kB\nKernelStack:        4512 kB\nPageTables:        11428 kB\nNFS_Unstable:          0 kB\nBounce:                0 kB\nWritebackTmp:          0 kB\nCommitLimit:     7657840 kB\nCommitted_AS:    3098100 kB\nVmallocTotal:   13743895347199 kB\nVmallocUsed:       24896 kB\nVmallocChunk:          0 kB\nPercpu:             1568 kB\nHardwareCorrupted:     0 kB\nAnonHugePages:     57344 kB\nShmemHugePages:        0 kB\nShmemPmdMapped:        0 kB\nFileHugePages:     34816 kB\nFilePmdMapped:     32768 kB\nCmaTotal:              0 kB\nCmaFree:               0 kB\nHugePages_Total:       0\nHugePages_Free:        0\nHugePages_Rsvd:        0\nHugePages_Surp:        0\nHugepagesize:       2048 kB\nHugetlb:               0 kB\nDirectMap4k:      193448 kB\nDirectMap2M:     3995648 kB\nDirectMap1G:     2097152 kB\n"}
{"timestamp":1767800578,"subsystem":"/proc/net/dev","measurement":"Inter-|   Receive                                                |  Transmit\n face |bytes    packets errs drop fifo frame compressed multicast|bytes    packets errs drop fifo colls carrier compressed\n    lo:    3800      48    0    0    0     0          0         0     3800      48    0    0    0     0       0          0\nenp0s5: 861599883   86635    0    0    0     0          0         0  4133822   33284    0    0    0     0       0          0\n"}
{"timestamp":1767800578,"subsystem":"/proc/diskstats","measurement":"   8       0 sda 112857 302183 6029162 147825 14606 452401 8068867 2489873 0 119148 2637699 0 0 0 0 0 0\n   8       1 sda1 244 199 16229 100 11 0 12 15 0 120 116 0 0 0 0 0 0\n   8       2 sda2 695 2 45255 305 73 5 73274 4695 0 575 5000 0 0 0 0 0 0\n   8       3 sda3 111736 301982 5959758 147346 14522 452396 7995581 2485162 0 118534 2632509 0 0 0 0 0 0\n 252       0 dm-0 412906 0 5932786 435538 465018 0 7944524 360952808 0 116803 361388346 0 0 0 0 0 0\n 252       1 dm-1 371 0 14236 341 410 0 51057 41120 0 4866 41461 0 0 0 0 0 0\n"}
{"timestamp":1767800578,"subsystem":"statfs[*]","measurement":"{\"mount_point\":\"/\",\"block_size\":4096,\"blocks_total\":9301568,\"blocks_free\":5874763,\"blocks_available\":5874763}\n{\"mount_point\":\"/var/oled\",\"block_size\":4096,\"blocks_total\":2618880,\"blocks_free\":2586210,\"blocks_available\":2586210}\n{\"mount_point\":\"/boot\",\"block_size\":4096,\"blocks_total\":259584,\"blocks_free\":160217,\"blocks_available\":160217}\n{\"mount_point\":\"/boot/efi\",\"block_size\":2048,\"blocks_total\":51091,\"blocks_free\":48041,\"blocks_available\":48041}\n"}
{"timestamp":1767800583,"subsystem":"/proc/stat","measurement":"cpu  22082 292 6352 337777 12056 0 29 190 0 0\ncpu0 17358 146 3232 162503 6070 0 11 92 0 0\ncpu1 4724 145 3120 175273 5986 0 17 98 0 0\nintr 980606 26 9 0 0 1786 0 0 0 1 0 0 0 15 0 0 0 0 0 0 22 0 0 0 0 0 0 0 0 0 0 0 0 0 0 0 0 0 0 0 0 0 0 0 0 0 0 0 0 0 0 0 0 63887 60280 0 0 36004 32977 0 0 0 0 0 0 0 0 0 0 0 0 0 0 0 0 0 0 0 0 0 0 0 0 0 0 0 0 0 0 0 0 0 0 0 0 0 0 0 0 0 0 0 0 0 0 0 0 0 0 0 0 0 0 0 0 0 0 0 0 0 0 0 0 0 0 0 0 0 0 0 0 0 0 0 0 0 0 0 0 0 0 0 0 0 0 0 0 0 0 0 0 0 0 0 0 0 0 0 0 0 0 0 0 0 0 0 0 0 0 0 0 0 0 0 0 0 0 0 0 0 0 0 0 0 0 0 0 0 0 0 0 0 0 0 0 0 0 0 0 0 0 0 0 0 0 0 0 0 0 0 0 0 0 0 0 0 0 0 0 0 0 0 0 0 0 0 0 0 0 0 0 0 0 0 0 0 0 0 0 0 0 0 0 0 0 0 0 0 0 0 0 0 0 0 0 0 0 0 0 0 0 0 0 0 0 0 0 0 0 0 0 0 0 0 0 0 0 0 0 0 0 0 0 0 0 0 0 0 0 0 0 0 0 0 0 0 0 0 0 0 0 0 0 0 0 0 0 0 0 0 0 0 0 0 0 0 0 0 0 0 0 0 0 0 0 0 0 0 0 0 0 0 0 0 0 0 0 0 0 0 0 0 0 0 0 0 0 0 0 0 0 0 0 0 0 0 0 0 0 0 0 0 0 0 0 0 0 0 0 0 0 0 0 0 0 0 0 0 0 0 0 0 0 0 0 0 0 0 0 0 0 0 0 0 0 0 0 0 0 0 0 0 0 0 0 0 0 0 0 0 0 0 0 0 0 0 0 0 0 0 0 0 0 0 0 0 0 0 0 0 0 0 0 0 0 0 0 0 0 0 0\nctxt 1268775\nbtime 1767798686\nprocesses 47706\nprocs_running 4\nprocs_blocked 0\nsoftirq 574287 4 122608 344 68671 0 0 128 146431 31 236070\n"}
{"timestamp":1767800583,"subsystem":"/proc/meminfo","measurement":"MemTotal:        3707636 kB\nMemFree:         1262148 kB\nMemAvailable:    3041512 kB\nBuffers:              28 kB\nCached:          1971628 kB\nSwapCached:        22040 kB\nActive:           352580 kB\nInactive:        1813088 kB\nActive(anon):      14392 kB\nInactive(anon):   196076 kB\nActive(file):     338188 kB\nInactive(file):  1617012 kB\nUnevictable:       12472 kB\nMlocked:           12472 kB\nSwapTotal:       5804024 kB\nSwapFree:        5703636 kB\nDirty:               344 kB\nWriteback:             0 kB\nAnonPages:        191400 kB\nMapped:           112940 kB\nShmem:              5776 kB\nKReclaimable:      63948 kB\nSlab:             133696 kB\nSReclaimable:      63948 kB\nSUnreclaim:        69748 kB\nKernelStack:        4512 kB\nPageTables:        11428 kB\nNFS_Unstable:          0 kB\nBounce:                0 kB\nWritebackTmp:          0 kB\nCommitLimit:     7657840 kB\nCommitted_AS:    3098100 kB\nVmallocTotal:   13743895347199 kB\nVmallocUsed:       24896 kB\nVmallocChunk:          0 kB\nPercpu:             1568 kB\nHardwareCorrupted:     0 kB\nAnonHugePages:     57344 kB\nShmemHugePages:        0 kB\nShmemPmdMapped:        0 kB\nFileHugePages:     34816 kB\nFilePmdMapped:     32768 kB\nCmaTotal:              0 kB\nCmaFree:               0 kB\nHugePages_Total:       0\nHugePages_Free:        0\nHugePages_Rsvd:        0\nHugePages_Surp:        0\nHugepagesize:       2048 kB\nHugetlb:               0 kB\nDirectMap4k:      193448 kB\nDirectMap2M:     3995648 kB\nDirectMap1G:     2097152 kB\n"}
{"timestamp":1767800583,"subsystem":"/proc/net/dev","measurement":"Inter-|   Receive                                                |  Transmit\n face |bytes    packets errs drop fifo frame compressed multicast|bytes    packets errs drop fifo colls carrier compressed\n    lo:    3800      48    0    0    0     0          0         0     3800      48    0    0    0     0       0          0\nenp0s5: 861600606   86641    0    0    0     0          0         0  4134439   33291    0    0    0     0       0          0\n"}
{"timestamp":1767800583,"subsystem":"/proc/diskstats","measurement":"   8       0 sda 112857 302183 6029162 147825 14606 452401 8068867 2489873 0 119148 2637699 0 0 0 0 0 0\n   8       1 sda1 244 199 16229 100 11 0 12 15 0 120 116 0 0 0 0 0 0\n   8       2 sda2 695 2 45255 305 73 5 73274 4695 0 575 5000 0 0 0 0 0 0\n   8       3 sda3 111736 301982 5959758 147346 14522 452396 7995581 2485162 0 118534 2632509 0 0 0 0 0 0\n 252       0 dm-0 412906 0 5932786 435538 465018 0 7944524 360952808 0 116803 361388346 0 0 0 0 0 0\n 252       1 dm-1 371 0 14236 341 410 0 51057 41120 0 4866 41461 0 0 0 0 0 0\n"}
{"timestamp":1767800583,"subsystem":"statfs[*]","measurement":"{\"mount_point\":\"/\",\"block_size\":4096,\"blocks_total\":9301568,\"blocks_free\":5874762,\"blocks_available\":5874762}\n{\"mount_point\":\"/var/oled\",\"block_size\":4096,\"blocks_total\":2618880,\"blocks_free\":2586210,\"blocks_available\":2586210}\n{\"mount_point\":\"/boot\",\"block_size\":4096,\"blocks_total\":259584,\"blocks_free\":160217,\"blocks_available\":160217}\n{\"mount_point\":\"/boot/efi\",\"block_size\":2048,\"blocks_total\":51091,\"blocks_free\":48041,\"blocks_available\":48041}\n"}
{"timestamp":1767800588,"subsystem":"/proc/stat","measurement":"cpu  22584 292 6355 338270 12057 0 29 190 0 0\ncpu0 17858 146 3232 162503 6070 0 11 92 0 0\ncpu1 4726 145 3123 175767 5986 0 17 98 0 0\nintr 986463 26 9 0 0 1786 0 0 0 1 0 0 0 15 0 0 0 0 0 0 22 0 0 0 0 0 0 0 0 0 0 0 0 0 0 0 0 0 0 0 0 0 0 0 0 0 0 0 0 0 0 0 0 63887 60282 0 0 36009 32981 0 0 0 0 0 0 0 0 0 0 0 0 0 0 0 0 0 0 0 0 0 0 0 0 0 0 0 0 0 0 0 0 0 0 0 0 0 0 0 0 0 0 0 0 0 0 0 0 0 0 0 0 0 0 0 0 0 0 0 0 0 0 0 0 0 0 0 0 0 0 0 0 0 0 0 0 0 0 0 0 0 0 0 0 0 0 0 0 0 0 0 0 0 0 0 0 0 0 0 0 0 0 0 0 0 0 0 0 0 0 0 0 0 0 0 0 0 0 0 0 0 0 0 0 0 0 0 0 0 0 0 0 0 0 0 0 0 0 0 0 0 0 0 0 0 0 0 0 0 0 0 0 0 0 0 0 0 0 0 0 0 0 0 0 0 0 0 0 0 0 0 0 0 0 0 0 0 0 0 0 0 0 0 0 0 0 0 0 0 0 0 0 0 0 0 0 0 0 0 0 0 0 0 0 0 0 0 0 0 0 0 0 0 0 0 0 0 0 0 0 0 0 0 0 0 0 0 0 0 0 0 0 0 0 0 0 0 0 0 0 0 0 0 0 0 0 0 0 0 0 0 0 0 0 0 0 0 0 0 0 0 0 0 0 0 0 0 0 0 0 0 0 0 0 0 0 0 0 0 0 0 0 0 0 0 0 0 0 0 0 0 0 0 0 0 0 0 0 0 0 0 0 0 0 0 0 0 0 0 0 0 0 0 0 0 0 0 0 0 0 0 0 0 0 0 0 0 0 0 0 0 0 0 0 0 0 0 0 0 0 0 0 0 0 0 0 0 0 0 0 0 0 0 0 0 0 0 0 0 0 0 0 0 0 0 0 0 0 0 0 0 0 0 0 0 0 0 0 0 0 0 0\nctxt 1270509\nbtime 1767798686\nprocesses 47711\nprocs_running 4\nprocs_blocked 0\nsoftirq 575185 4 122916 345 68680 0 0 128 146885 31 236196\n"}
{"timestamp":1767800588,"subsystem":"/proc/meminfo","measurement":"MemTotal:        3707636 kB\nMemFree:         1262148 kB\nMemAvailable:    3041564 kB\nBuffers:              28 kB\nCached:          1971680 kB\nSwapCached:        22052 kB\nActive:           352608 kB\nInactive:        1813152 kB\nActive(anon):      14404 kB\nInactive(anon):   196104 kB\nActive(file):     338204 kB\nInactive(file):  1617048 kB\nUnevictable:       12472 kB\nMlocked:           12472 kB\nSwapTotal:       5804024 kB\nSwapFree:        5703636 kB\nDirty:               396 kB\nWriteback:             0 kB\nAnonPages:        191428 kB\nMapped:           112940 kB\nShmem:              5776 kB\nKReclaimable:      63948 kB\nSlab:             133696 kB\nSReclaimable:      63948 kB\nSUnreclaim:        69748 kB\nKernelStack:        4512 kB\nPageTables:        11428 kB\nNFS_Unstable:          0 kB\nBounce:                0 kB\nWritebackTmp:          0 kB\nCommitLimit:     7657840 kB\nCommitted_AS:    3098100 kB\nVmallocTotal:   13743895347199 kB\nVmallocUsed:       24896 kB\nVmallocChunk:          0 kB\nPercpu:             1568 kB\nHardwareCorrupted:     0 kB\nAnonHugePages:     57344 kB\nShmemHugePages:        0 kB\nShmemPmdMapped:        0 kB\nFileHugePages:     34816 kB\nFilePmdMapped:     32768 kB\nCmaTotal:              0 kB\nCmaFree:               0 kB\nHugePages_Total:       0\nHugePages_Free:        0\nHugePages_Rsvd:        0\nHugePages_Surp:        0\nHugepagesize:       2048 kB\nHugetlb:               0 kB\nDirectMap4k:      193448 kB\nDirectMap2M:     3995648 kB\nDirectMap1G:     2097152 kB\n"}
{"timestamp":1767800588,"subsystem":"/proc/net/dev","measurement":"Inter-|   Receive                                                |  Transmit\n face |bytes    packets errs drop fifo frame compressed multicast|bytes    packets errs drop fifo colls carrier compressed\n    lo:    3800      48    0    0    0     0          0         0     3800      48    0    0    0     0       0          0\nenp0s5: 861600936   86646    0    0    0     0          0         0  4134703   33295    0    0    0     0       0          0\n"}
{"timestamp":1767800588,"subsystem":"/proc/diskstats","measurement":"   8       0 sda 112859 302188 6029218 147826 14606 452401 8068867 2489873 0 119150 2637700 0 0 0 0 0 0\n   8       1 sda1 244 199 16229 100 11 0 12 15 0 120 116 0 0 0 0 0 0\n   8       2 sda2 695 2 45255 305 73 5 73274 4695 0 575 5000 0 0 0 0 0 0\n   8       3 sda3 111738 301987 5959814 147348 14522 452396 7995581 2485162 0 118536 2632510 0 0 0 0 0 0\n 252       0 dm-0 412913 0 5932842 435545 465018 0 7944524 360952808 0 116805 361388353 0 0 0 0 0 0\n 252       1 dm-1 371 0 14236 341 410 0 51057 41120 0 4866 41461 0 0 0 0 0 0\n"}
{"timestamp":1767800588,"subsystem":"statfs[*]","measurement":"{\"mount_point\":\"/\",\"block_size\":4096,\"blocks_total\":9301568,\"blocks_free\":5874761,\"blocks_available\":5874761}\n{\"mount_point\":\"/var/oled\",\"block_size\":4096,\"blocks_total\":2618880,\"blocks_free\":2586210,\"blocks_available\":2586210}\n{\"mount_point\":\"/boot\",\"block_size\":4096,\"blocks_total\":259584,\"blocks_free\":160217,\"blocks_available\":160217}\n{\"mount_point\":\"/boot/efi\",\"block_size\":2048,\"blocks_total\":51091,\"blocks_free\":48041,\"blocks_available\":48041}\n"}
{"timestamp":1767800593,"subsystem":"/proc/stat","measurement":"cpu  23088 292 6358 338763 12057 0 29 190 0 0\ncpu0 18214 146 3232 162647 6070 0 11 92 0 0\ncpu1 4874 145 3126 176115 5986 0 17 98 0 0\nintr 992441 26 9 0 0 1786 0 0 0 1 0 0 0 15 0 0 0 0 0 0 22 0 0 0 0 0 0 0 0 0 0 0 0 0 0 0 0 0 0 0 0 0 0 0 0 0 0 0 0 0 0 0 0 63887 60283 0 0 36018 32992 0 0 0 0 0 0 0 0 0 0 0 0 0 0 0 0 0 0 0 0 0 0 0 0 0 0 0 0 0 0 0 0 0 0 0 0 0 0 0 0 0 0 0 0 0 0 0 0 0 0 0 0 0 0 0 0 0 0 0 0 0 0 0 0 0 0 0 0 0 0 0 0 0 0 0 0 0 0 0 0 0 0 0 0 0 0 0 0 0 0 0 0 0 0 0 0 0 0 0 0 0 0 0 0 0 0 0 0 0 0 0 0 0 0 0 0 0 0 0 0 0 0 0 0 0 0 0 0 0 0 0 0 0 0 0 0 0 0 0 0 0 0 0 0 0 0 0 0 0 0 0 0 0 0 0 0 0 0 0 0 0 0 0 0 0 0 0 0 0 0 0 0 0 0 0 0 0 0 0 0 0 0 0 0 0 0 0 0 0 0 0 0 0 0 0 0 0 0 0 0 0 0 0 0 0 0 0 0 0 0 0 0 0 0 0 0 0 0 0 0 0 0 0 0 0 0 0 0 0 0 0 0 0 0 0 0 0 0 0 0 0 0 0 0 0 0 0 0 0 0 0 0 0 0 0 0 0 0 0 0 0 0 0 0 0 0 0 0 0 0 0 0 0 0 0 0 0 0 0 0 0 0 0 0 0 0 0 0 0 0 0 0 0 0 0 0 0 0 0 0 0 0 0 0 0 0 0 0 0 0 0 0 0 0 0 0 0 0 0 0 0 0 0 0 0 0 0 0 0 0 0 0 0 0 0 0 0 0 0 0 0 0 0 0 0 0 0 0 0 0 0 0 0 0 0 0 0 0 0 0 0 0 0 0 0 0 0 0 0 0 0 0 0 0 0 0 0 0 0 0 0 0\nctxt 1272445\nbtime 1767798686\nprocesses 47716\nprocs_running 4\nprocs_blocked 0\nsoftirq 576089 4 123227 346 68700 0 0 128 147339 31 236314\n"}
{"timestamp":1767800593,"subsystem":"/proc/meminfo","measurement":"MemTotal:        3707636 kB\nMemFree:         1262148 kB\nMemAvailable:    3041568 kB\nBuffers:              28 kB\nCached:          1971684 kB\nSwapCached:        22040 kB\nActive:           352596 kB\nInactive:        1813168 kB\nActive(anon):      14392 kB\nInactive(anon):   196116 kB\nActive(file):     338204 kB\nInactive(file):  1617052 kB\nUnevictable:       12472 kB\nMlocked:           12472 kB\nSwapTotal:       5804024 kB\nSwapFree:        5703636 kB\nDirty:               364 kB\nWriteback:             0 kB\nAnonPages:        191440 kB\nMapped:           112940 kB\nShmem:              5776 kB\nKReclaimable:      63948 kB\nSlab:             133696 kB\nSReclaimable:      63948 kB\nSUnreclaim:        69748 kB\nKernelStack:        4512 kB\nPageTables:        11428 kB\nNFS_Unstable:          0 kB\nBounce:                0 kB\nWritebackTmp:          0 kB\nCommitLimit:     7657840 kB\nCommitted_AS:    3098100 kB\nVmallocTotal:   13743895347199 kB\nVmallocUsed:       24896 kB\nVmallocChunk:          0 kB\nPercpu:             1568 kB\nHardwareCorrupted:     0 kB\nAnonHugePages:     57344 kB\nShmemHugePages:        0 kB\nShmemPmdMapped:        0 kB\nFileHugePages:     34816 kB\nFilePmdMapped:     32768 kB\nCmaTotal:              0 kB\nCmaFree:               0 kB\nHugePages_Total:       0\nHugePages_Free:        0\nHugePages_Rsvd:        0\nHugePages_Surp:        0\nHugepagesize:       2048 kB\nHugetlb:               0 kB\nDirectMap4k:      193448 kB\nDirectMap2M:     3995648 kB\nDirectMap1G:     2097152 kB\n"}
{"timestamp":1767800593,"subsystem":"/proc/net/dev","measurement":"Inter-|   Receive                                                |  Transmit\n face |bytes    packets errs drop fifo frame compressed multicast|bytes    packets errs drop fifo colls carrier compressed\n    lo:    3800      48    0    0    0     0          0         0     3800      48    0    0    0     0       0          0\nenp0s5: 861601954   86656    0    0    0     0          0         0  4135639   33306    0    0    0     0       0          0\n"}
{"timestamp":1767800593,"subsystem":"/proc/diskstats","measurement":"   8       0 sda 112859 302188 6029218 147826 14607 452402 8068939 2489874 0 119151 2637701 0 0 0 0 0 0\n   8       1 sda1 244 199 16229 100 11 0 12 15 0 120 116 0 0 0 0 0 0\n   8       2 sda2 695 2 45255 305 73 5 73274 4695 0 575 5000 0 0 0 0 0 0\n   8       3 sda3 111738 301987 5959814 147348 14523 452397 7995653 2485163 0 118537 2632511 0 0 0 0 0 0\n 252       0 dm-0 412913 0 5932842 435545 465020 0 7944596 360952808 0 116806 361388353 0 0 0 0 0 0\n 252       1 dm-1 371 0 14236 341 410 0 51057 41120 0 4866 41461 0 0 0 0 0 0\n"}
{"timestamp":1767800593,"subsystem":"statfs[*]","measurement":"{\"mount_point\":\"/\",\"block_size\":4096,\"blocks_total\":9301568,\"blocks_free\":5874765,\"blocks_available\":5874765}\n{\"mount_point\":\"/var/oled\",\"block_size\":4096,\"blocks_total\":2618880,\"blocks_free\":2586210,\"blocks_available\":2586210}\n{\"mount_point\":\"/boot\",\"block_size\":4096,\"blocks_total\":259584,\"blocks_free\":160217,\"blocks_available\":160217}\n{\"mount_point\":\"/boot/efi\",\"block_size\":2048,\"blocks_total\":51091,\"blocks_free\":48041,\"blocks_available\":48041}\n"}
{"timestamp":1767800598,"subsystem":"/proc/stat","measurement":"cpu  23591 292 6363 339254 12057 0 29 190 0 0\ncpu0 18417 146 3234 162940 6070 0 11 92 0 0\ncpu1 5173 145 3129 176313 5986 0 17 98 0 0\nintr 998338 26 9 0 0 1786 0 0 0 1 0 0 0 15 0 0 0 0 0 0 22 0 0 0 0 0 0 0 0 0 0 0 0 0 0 0 0 0 0 0 0 0 0 0 0 0 0 0 0 0 0 0 0 63889 60285 0 0 36024 32997 0 0 0 0 0 0 0 0 0 0 0 0 0 0 0 0 0 0 0 0 0 0 0 0 0 0 0 0 0 0 0 0 0 0 0 0 0 0 0 0 0 0 0 0 0 0 0 0 0 0 0 0 0 0 0 0 0 0 0 0 0 0 0 0 0 0 0 0 0 0 0 0 0 0 0 0 0 0 0 0 0 0 0 0 0 0 0 0 0 0 0 0 0 0 0 0 0 0 0 0 0 0 0 0 0 0 0 0 0 0 0 0 0 0 0 0 0 0 0 0 0 0 0 0 0 0 0 0 0 0 0 0 0 0 0 0 0 0 0 0 0 0 0 0 0 0 0 0 0 0 0 0 0 0 0 0 0 0 0 0 0 0 0 0 0 0 0 0 0 0 0 0 0 0 0 0 0 0 0 0 0 0 0 0 0 0 0 0 0 0 0 0 0 0 0 0 0 0 0 0 0 0 0 0 0 0 0 0 0 0 0 0 0 0 0 0 0 0 0 0 0 0 0 0 0 0 0 0 0 0 0 0 0 0 0 0 0 0 0 0 0 0 0 0 0 0 0 0 0 0 0 0 0 0 0 0 0 0 0 0 0 0 0 0 0 0 0 0 0 0 0 0 0 0 0 0 0 0 0 0 0 0 0 0 0 0 0 0 0 0 0 0 0 0 0 0 0 0 0 0 0 0 0 0 0 0 0 0 0 0 0 0 0 0 0 0 0 0 0 0 0 0 0 0 0 0 0 0 0 0 0 0 0 0 0 0 0 0 0 0 0 0 0 0 0 0 0 0 0 0 0 0 0 0 0 0 0 0 0 0 0 0 0 0 0 0 0 0 0 0 0 0 0 0 0 0 0 0 0 0 0 0\nctxt 1274212\nbtime 1767798686\nprocesses 47721\nprocs_running 4\nprocs_blocked 0\nsoftirq 577191 4 123519 347 68711 0 0 128 147797 31 236654\n"}
{"timestamp":1767800598,"subsystem":"/proc/meminfo","measurement":"MemTotal:        3707636 kB\nMemFree:         1261392 kB\nMemAvailable:    3041076 kB\nBuffers:              28 kB\nCached:          1971948 kB\nSwapCached:        22068 kB\nActive:           352628 kB\nInactive:        1813456 kB\nActive(anon):      14424 kB\nInactive(anon):   196140 kB\nActive(file):     338204 kB\nInactive(file):  1617316 kB\nUnevictable:       12472 kB\nMlocked:           12472 kB\nSwapTotal:       5804024 kB\nSwapFree:        5703636 kB\nDirty:               628 kB\nWriteback:             0 kB\nAnonPages:        191468 kB\nMapped:           112940 kB\nShmem:              5776 kB\nKReclaimable:      63948 kB\nSlab:             133696 kB\nSReclaimable:      63948 kB\nSUnreclaim:        69748 kB\nKernelStack:        4512 kB\nPageTables:        11428 kB\nNFS_Unstable:          0 kB\nBounce:                0 kB\nWritebackTmp:          0 kB\nCommitLimit:     7657840 kB\nCommitted_AS:    3098100 kB\nVmallocTotal:   13743895347199 kB\nVmallocUsed:       24896 kB\nVmallocChunk:          0 kB\nPercpu:             1568 kB\nHardwareCorrupted:     0 kB\nAnonHugePages:     57344 kB\nShmemHugePages:        0 kB\nShmemPmdMapped:        0 kB\nFileHugePages:     34816 kB\nFilePmdMapped:     32768 kB\nCmaTotal:              0 kB\nCmaFree:               0 kB\nHugePages_Total:       0\nHugePages_Free:        0\nHugePages_Rsvd:        0\nHugePages_Surp:        0\nHugepagesize:       2048 kB\nHugetlb:               0 kB\nDirectMap4k:      193448 kB\nDirectMap2M:     3995648 kB\nDirectMap1G:     2097152 kB\n"}
{"timestamp":1767800598,"subsystem":"/proc/net/dev","measurement":"Inter-|   Receive                                                |  Transmit\n face |bytes    packets errs drop fifo frame compressed multicast|bytes    packets errs drop fifo colls carrier compressed\n    lo:    3800      48    0    0    0     0          0         0     3800      48    0    0    0     0       0          0\nenp0s5: 861602330   86662    0    0    0     0          0         0  4135921   33311    0    0    0     0       0          0\n"}
{"timestamp":1767800598,"subsystem":"/proc/diskstats","measurement":"   8       0 sda 112862 302196 6029306 147829 14608 452402 8068947 2489875 0 119156 2637704 0 0 0 0 0 0\n   8       1 sda1 244 199 16229 100 11 0 12 15 0 120 116 0 0 0 0 0 0\n   8       2 sda2 695 2 45255 305 73 5 73274 4695 0 575 5000 0 0 0 0 0 0\n   8       3 sda3 111741 301995 5959902 147350 14524 452397 7995661 2485163 0 118542 2632514 0 0 0 0 0 0\n 252       0 dm-0 412924 0 5932930 435556 465021 0 7944604 360952808 0 116811 361388364 0 0 0 0 0 0\n 252       1 dm-1 371 0 14236 341 410 0 51057 41120 0 4866 41461 0 0 0 0 0 0\n"}
{"timestamp":1767800598,"subsystem":"statfs[*]","measurement":"{\"mount_point\":\"/\",\"block_size\":4096,\"blocks_total\":9301568,\"blocks_free\":5874728,\"blocks_available\":5874728}\n{\"mount_point\":\"/var/oled\",\"block_size\":4096,\"blocks_total\":2618880,\"blocks_free\":2586210,\"blocks_available\":2586210}\n{\"mount_point\":\"/boot\",\"block_size\":4096,\"blocks_total\":259584,\"blocks_free\":160217,\"blocks_available\":160217}\n{\"mount_point\":\"/boot/efi\",\"block_size\":2048,\"blocks_total\":51091,\"blocks_free\":48041,\"blocks_available\":48041}\n"}
{"timestamp":1767800603,"subsystem":"/proc/stat","measurement":"cpu  24093 292 6366 339747 12057 0 29 190 0 0\ncpu0 18793 146 3237 163062 6070 0 11 92 0 0\ncpu1 5300 145 3129 176685 5986 0 17 98 0 0\nintr 1004308 26 9 0 0 1786 0 0 0 1 0 0 0 15 0 0 0 0 0 0 22 0 0 0 0 0 0 0 0 0 0 0 0 0 0 0 0 0 0 0 0 0 0 0 0 0 0 0 0 0 0 0 0 63895 60287 0 0 36029 33003 0 0 0 0 0 0 0 0 0 0 0 0 0 0 0 0 0 0 0 0 0 0 0 0 0 0 0 0 0 0 0 0 0 0 0 0 0 0 0 0 0 0 0 0 0 0 0 0 0 0 0 0 0 0 0 0 0 0 0 0 0 0 0 0 0 0 0 0 0 0 0 0 0 0 0 0 0 0 0 0 0 0 0 0 0 0 0 0 0 0 0 0 0 0 0 0 0 0 0 0 0 0 0 0 0 0 0 0 0 0 0 0 0 0 0 0 0 0 0 0 0 0 0 0 0 0 0 0 0 0 0 0 0 0 0 0 0 0 0 0 0 0 0 0 0 0 0 0 0 0 0 0 0 0 0 0 0 0 0 0 0 0 0 0 0 0 0 0 0 0 0 0 0 0 0 0 0 0 0 0 0 0 0 0 0 0 0 0 0 0 0 0 0 0 0 0 0 0 0 0 0 0 0 0 0 0 0 0 0 0 0 0 0 0 0 0 0 0 0 0 0 0 0 0 0 0 0 0 0 0 0 0 0 0 0 0 0 0 0 0 0 0 0 0 0 0 0 0 0 0 0 0 0 0 0 0 0 0 0 0 0 0 0 0 0 0 0 0 0 0 0 0 0 0 0 0 0 0 0 0 0 0 0 0 0 0 0 0 0 0 0 0 0 0 0 0 0 0 0 0 0 0 0 0 0 0 0 0 0 0 0 0 0 0 0 0 0 0 0 0 0 0 0 0 0 0 0 0 0 0 0 0 0 0 0 0 0 0 0 0 0 0 0 0 0 0 0 0 0 0 0 0 0 0 0 0 0 0 0 0 0 0 0 0 0 0 0 0 0 0 0 0 0 0 0 0 0 0 0 0 0 0\nctxt 1276164\nbtime 1767798686\nprocesses 47726\nprocs_running 3\nprocs_blocked 0\nsoftirq 578094 4 123832 348 68722 0 0 128 148246 31 236783\n"}
{"timestamp":1767800603,"subsystem":"/proc/meminfo","measurement":"MemTotal:        3707636 kB\nMemFree:         1261168 kB\nMemAvailable:    3040856 kB\nBuffers:              28 kB\nCached:          1971952 kB\nSwapCached:        22084 kB\nActive:           352664 kB\nInactive:        1813472 kB\nActive(anon):      14440 kB\nInactive(anon):   196172 kB\nActive(file):     338224 kB\nInactive(file):  1617300 kB\nUnevictable:       12472 kB\nMlocked:           12472 kB\nSwapTotal:       5804024 kB\nSwapFree:        5703636 kB\nDirty:                12 kB\nWriteback:             0 kB\nAnonPages:        191500 kB\nMapped:           112940 kB\nShmem:              5776 kB\nKReclaimable:      63948 kB\nSlab:             133696 kB\nSReclaimable:      63948 kB\nSUnreclaim:        69748 kB\nKernelStack:        4512 kB\nPageTables:        11428 kB\nNFS_Unstable:          0 kB\nBounce:                0 kB\nWritebackTmp:          0 kB\nCommitLimit:     7657840 kB\nCommitted_AS:    3098356 kB\nVmallocTotal:   13743895347199 kB\nVmallocUsed:       24896 kB\nVmallocChunk:          0 kB\nPercpu:             1568 kB\nHardwareCorrupted:     0 kB\nAnonHugePages:     57344 kB\nShmemHugePages:        0 kB\nShmemPmdMapped:        0 kB\nFileHugePages:     34816 kB\nFilePmdMapped:     32768 kB\nCmaTotal:              0 kB\nCmaFree:               0 kB\nHugePages_Total:       0\nHugePages_Free:        0\nHugePages_Rsvd:        0\nHugePages_Surp:        0\nHugepagesize:       2048 kB\nHugetlb:               0 kB\nDirectMap4k:      193448 kB\nDirectMap2M:     3995648 kB\nDirectMap1G:     2097152 kB\n"}
{"timestamp":1767800603,"subsystem":"/proc/net/dev","measurement":"Inter-|   Receive                                                |  Transmit\n face |bytes    packets errs drop fifo frame compressed multicast|bytes    packets errs drop fifo colls carrier compressed\n    lo:    3800      48    0    0    0     0          0         0     3800      48    0    0    0     0       0          0\nenp0s5: 861602997   86667    0    0    0     0          0         0  4136496   33317    0    0    0     0       0          0\n"}
{"timestamp":1767800603,"subsystem":"/proc/diskstats","measurement":"   8       0 sda 112864 302202 6029370 147830 14617 452404 8070337 2489882 0 119163 2637713 0 0 0 0 0 0\n   8       1 sda1 244 199 16229 100 11 0 12 15 0 120 116 0 0 0 0 0 0\n   8       2 sda2 695 2 45255 305 73 5 73274 4695 0 575 5000 0 0 0 0 0 0\n   8       3 sda3 111743 302001 5959966 147352 14533 452399 7997051 2485171 0 118549 2632523 0 0 0 0 0 0\n 252       0 dm-0 412932 0 5932994 435560 465029 0 7944754 360952809 0 116816 361388369 0 0 0 0 0 0\n 252       1 dm-1 371 0 14236 341 413 0 52297 41122 0 4868 41463 0 0 0 0 0 0\n"}
{"timestamp":1767800603,"subsystem":"statfs[*]","measurement":"{\"mount_point\":\"/\",\"block_size\":4096,\"blocks_total\":9301568,\"blocks_free\":5874728,\"blocks_available\":5874728}\n{\"mount_point\":\"/var/oled\",\"block_size\":4096,\"blocks_total\":2618880,\"blocks_free\":2586210,\"blocks_available\":2586210}\n{\"mount_point\":\"/boot\",\"block_size\":4096,\"blocks_total\":259584,\"blocks_free\":160217,\"blocks_available\":160217}\n{\"mount_point\":\"/boot/efi\",\"block_size\":2048,\"blocks_total\":51091,\"blocks_free\":48041,\"blocks_available\":48041}\n"}
{"timestamp":1767800608,"subsystem":"/proc/stat","measurement":"cpu  24596 292 6370 340240 12057 0 29 190 0 0\ncpu0 19213 146 3238 163139 6070 0 12 92 0 0\ncpu1 5382 145 3131 177101 5986 0 17 98 0 0\nintr 1010186 26 9 0 0 1786 0 0 0 1 0 0 0 15 0 0 0 0 0 0 22 0 0 0 0 0 0 0 0 0 0 0 0 0 0 0 0 0 0 0 0 0 0 0 0 0 0 0 0 0 0 0 0 63896 60289 0 0 36035 33008 0 0 0 0 0 0 0 0 0 0 0 0 0 0 0 0 0 0 0 0 0 0 0 0 0 0 0 0 0 0 0 0 0 0 0 0 0 0 0 0 0 0 0 0 0 0 0 0 0 0 0 0 0 0 0 0 0 0 0 0 0 0 0 0 0 0 0 0 0 0 0 0 0 0 0 0 0 0 0 0 0 0 0 0 0 0 0 0 0 0 0 0 0 0 0 0 0 0 0 0 0 0 0 0 0 0 0 0 0 0 0 0 0 0 0 0 0 0 0 0 0 0 0 0 0 0 0 0 0 0 0 0 0 0 0 0 0 0 0 0 0 0 0 0 0 0 0 0 0 0 0 0 0 0 0 0 0 0 0 0 0 0 0 0 0 0 0 0 0 0 0 0 0 0 0 0 0 0 0 0 0 0 0 0 0 0 0 0 0 0 0 0 0 0 0 0 0 0 0 0 0 0 0 0 0 0 0 0 0 0 0 0 0 0 0 0 0 0 0 0 0 0 0 0 0 0 0 0 0 0 0 0 0 0 0 0 0 0 0 0 0 0 0 0 0 0 0 0 0 0 0 0 0 0 0 0 0 0 0 0 0 0 0 0 0 0 0 0 0 0 0 0 0 0 0 0 0 0 0 0 0 0 0 0 0 0 0 0 0 0 0 0 0 0 0 0 0 0 0 0 0 0 0 0 0 0 0 0 0 0 0 0 0 0 0 0 0 0 0 0 0 0 0 0 0 0 0 0 0 0 0 0 0 0 0 0 0 0 0 0 0 0 0 0 0 0 0 0 0 0 0 0 0 0 0 0 0 0 0 0 0 0 0 0 0 0 0 0 0 0 0 0 0 0 0 0 0 0 0 0 0 0\nctxt 1277874\nbtime 1767798686\nprocesses 47731\nprocs_running 2\nprocs_blocked 0\nsoftirq 579038 4 124143 349 68733 0 0 128 148716 31 236934\n"}
{"timestamp":1767800608,"subsystem":"/proc/meminfo","measurement":"MemTotal:        3707636 kB\nMemFree:         1259656 kB\nMemAvailable:    3039392 kB\nBuffers:              28 kB\nCached:          1972004 kB\nSwapCached:        22084 kB\nActive:           352664 kB\nInactive:        1813536 kB\nActive(anon):      14440 kB\nInactive(anon):   196188 kB\nActive(file):     338224 kB\nInactive(file):  1617348 kB\nUnevictable:       12472 kB\nMlocked:           12472 kB\nSwapTotal:       5804024 kB\nSwapFree:        5703636 kB\nDirty:                68 kB\nWriteback:             0 kB\nAnonPages:        191532 kB\nMapped:           112940 kB\nShmem:              5776 kB\nKReclaimable:      63948 kB\nSlab:             133696 kB\nSReclaimable:      63948 kB\nSUnreclaim:        69748 kB\nKernelStack:        4512 kB\nPageTables:        11428 kB\nNFS_Unstable:          0 kB\nBounce:                0 kB\nWritebackTmp:          0 kB\nCommitLimit:     7657840 kB\nCommitted_AS:    3098356 kB\nVmallocTotal:   13743895347199 kB\nVmallocUsed:       24896 kB\nVmallocChunk:          0 kB\nPercpu:             1568 kB\nHardwareCorrupted:     0 kB\nAnonHugePages:     57344 kB\nShmemHugePages:        0 kB\nShmemPmdMapped:        0 kB\nFileHugePages:     34816 kB\nFilePmdMapped:     32768 kB\nCmaTotal:              0 kB\nCmaFree:               0 kB\nHugePages_Total:       0\nHugePages_Free:        0\nHugePages_Rsvd:        0\nHugePages_Surp:        0\nHugepagesize:       2048 kB\nHugetlb:               0 kB\nDirectMap4k:      193448 kB\nDirectMap2M:     3995648 kB\nDirectMap1G:     2097152 kB\n"}
{"timestamp":1767800608,"subsystem":"/proc/net/dev","measurement":"Inter-|   Receive                                                |  Transmit\n face |bytes    packets errs drop fifo frame compressed multicast|bytes    packets errs drop fifo colls carrier compressed\n    lo:    3800      48    0    0    0     0          0         0     3800      48    0    0    0     0       0          0\nenp0s5: 861603393   86673    0    0    0     0          0         0  4136826   33322    0    0    0     0       0          0\n"}
{"timestamp":1767800608,"subsystem":"/proc/diskstats","measurement":"   8       0 sda 112865 302205 6029402 147831 14619 452404 8070372 2489884 0 119167 2637715 0 0 0 0 0 0\n   8       1 sda1 244 199 16229 100 11 0 12 15 0 120 116 0 0 0 0 0 0\n   8       2 sda2 695 2 45255 305 73 5 73274 4695 0 575 5000 0 0 0 0 0 0\n   8       3 sda3 111744 302004 5959998 147352 14535 452399 7997086 2485173 0 118553 2632525 0 0 0 0 0 0\n 252       0 dm-0 412936 0 5933026 435564 465029 0 7944754 360952809 0 116818 361388373 0 0 0 0 0 0\n 252       1 dm-1 371 0 14236 341 415 0 52332 41123 0 4870 41464 0 0 0 0 0 0\n"}
{"timestamp":1767800608,"subsystem":"statfs[*]","measurement":"{\"mount_point\":\"/\",\"block_size\":4096,\"blocks_total\":9301568,\"blocks_free\":5874728,\"blocks_available\":5874728}\n{\"mount_point\":\"/var/oled\",\"block_size\":4096,\"blocks_total\":2618880,\"blocks_free\":2586210,\"blocks_available\":2586210}\n{\"mount_point\":\"/boot\",\"block_size\":4096,\"blocks_total\":259584,\"blocks_free\":160217,\"blocks_available\":160217}\n{\"mount_point\":\"/boot/efi\",\"block_size\":2048,\"blocks_total\":51091,\"blocks_free\":48041,\"blocks_available\":48041}\n"}
{"timestamp":1767800613,"subsystem":"/proc/stat","measurement":"cpu  25098 292 6372 340734 12057 0 29 190 0 0\ncpu0 19674 146 3239 163178 6070 0 12 92 0 0\ncpu1 5423 145 3133 177556 5986 0 17 98 0 0\nintr 1016068 26 9 0 0 1786 0 0 0 1 0 0 0 15 0 0 0 0 0 0 22 0 0 0 0 0 0 0 0 0 0 0 0 0 0 0 0 0 0 0 0 0 0 0 0 0 0 0 0 0 0 0 0 63899 60289 0 0 36040 33014 0 0 0 0 0 0 0 0 0 0 0 0 0 0 0 0 0 0 0 0 0 0 0 0 0 0 0 0 0 0 0 0 0 0 0 0 0 0 0 0 0 0 0 0 0 0 0 0 0 0 0 0 0 0 0 0 0 0 0 0 0 0 0 0 0 0 0 0 0 0 0 0 0 0 0 0 0 0 0 0 0 0 0 0 0 0 0 0 0 0 0 0 0 0 0 0 0 0 0 0 0 0 0 0 0 0 0 0 0 0 0 0 0 0 0 0 0 0 0 0 0 0 0 0 0 0 0 0 0 0 0 0 0 0 0 0 0 0 0 0 0 0 0 0 0 0 0 0 0 0 0 0 0 0 0 0 0 0 0 0 0 0 0 0 0 0 0 0 0 0 0 0 0 0 0 0 0 0 0 0 0 0 0 0 0 0 0 0 0 0 0 0 0 0 0 0 0 0 0 0 0 0 0 0 0 0 0 0 0 0 0 0 0 0 0 0 0 0 0 0 0 0 0 0 0 0 0 0 0 0 0 0 0 0 0 0 0 0 0 0 0 0 0 0 0 0 0 0 0 0 0 0 0 0 0 0 0 0 0 0 0 0 0 0 0 0 0 0 0 0 0 0 0 0 0 0 0 0 0 0 0 0 0 0 0 0 0 0 0 0 0 0 0 0 0 0 0 0 0 0 0 0 0 0 0 0 0 0 0 0 0 0 0 0 0 0 0 0 0 0 0 0 0 0 0 0 0 0 0 0 0 0 0 0 0 0 0 0 0 0 0 0 0 0 0 0 0 0 0 0 0 0 0 0 0 0 0 0 0 0 0 0 0 0 0 0 0 0 0 0 0 0 0 0 0 0 0 0 0 0 0 0\nctxt 1279593\nbtime 1767798686\nprocesses 47736\nprocs_running 4\nprocs_blocked 0\nsoftirq 579939 4 124449 349 68744 0 0 128 149174 31 237060\n"}
{"timestamp":1767800613,"subsystem":"/proc/meminfo","measurement":"MemTotal:        3707636 kB\nMemFree:         1259404 kB\nMemAvailable:    3039152 kB\nBuffers:              28 kB\nCached:          1972012 kB\nSwapCached:        22124 kB\nActive:           352712 kB\nInactive:        1815644 kB\nActive(anon):      14480 kB\nInactive(anon):   198292 kB\nActive(file):     338232 kB\nInactive(file):  1617352 kB\nUnevictable:       12472 kB\nMlocked:           12472 kB\nSwapTotal:       5804024 kB\nSwapFree:        5703636 kB\nDirty:                76 kB\nWriteback:             0 kB\nAnonPages:        193620 kB\nMapped:           112940 kB\nShmem:              5776 kB\nKReclaimable:      63948 kB\nSlab:             133696 kB\nSReclaimable:      63948 kB\nSUnreclaim:        69748 kB\nKernelStack:        4512 kB\nPageTables:        11428 kB\nNFS_Unstable:          0 kB\nBounce:                0 kB\nWritebackTmp:          0 kB\nCommitLimit:     7657840 kB\nCommitted_AS:    3102452 kB\nVmallocTotal:   13743895347199 kB\nVmallocUsed:       24880 kB\nVmallocChunk:          0 kB\nPercpu:             1568 kB\nHardwareCorrupted:     0 kB\nAnonHugePages:     59392 kB\nShmemHugePages:        0 kB\nShmemPmdMapped:        0 kB\nFileHugePages:     34816 kB\nFilePmdMapped:     32768 kB\nCmaTotal:              0 kB\nCmaFree:               0 kB\nHugePages_Total:       0\nHugePages_Free:        0\nHugePages_Rsvd:        0\nHugePages_Surp:        0\nHugepagesize:       2048 kB\nHugetlb:               0 kB\nDirectMap4k:      193448 kB\nDirectMap2M:     3995648 kB\nDirectMap1G:     2097152 kB\n"}
{"timestamp":1767800613,"subsystem":"/proc/net/dev","measurement":"Inter-|   Receive                                                |  Transmit\n face |bytes    packets errs drop fifo frame compressed multicast|bytes    packets errs drop fifo colls carrier compressed\n    lo:    3800      48    0    0    0     0          0         0     3800      48    0    0    0     0       0          0\nenp0s5: 861604050   86678    0    0    0     0          0         0  4137377   33328    0    0    0     0       0          0\n"}
{"timestamp":1767800613,"subsystem":"/proc/diskstats","measurement":"   8       0 sda 112868 302216 6029514 147832 14619 452404 8070372 2489884 0 119170 2637717 0 0 0 0 0 0\n   8       1 sda1 244 199 16229 100 11 0 12 15 0 120 116 0 0 0 0 0 0\n   8       2 sda2 695 2 45255 305 73 5 73274 4695 0 575 5000 0 0 0 0 0 0\n   8       3 sda3 111747 302015 5960110 147354 14535 452399 7997086 2485173 0 118556 2632527 0 0 0 0 0 0\n 252       0 dm-0 412950 0 5933138 435564 465029 0 7944754 360952809 0 116821 361388373 0 0 0 0 0 0\n 252       1 dm-1 371 0 14236 341 415 0 52332 41123 0 4870 41464 0 0 0 0 0 0\n"}
{"timestamp":1767800613,"subsystem":"statfs[*]","measurement":"{\"mount_point\":\"/\",\"block_size\":4096,\"blocks_total\":9301568,\"blocks_free\":5874728,\"blocks_available\":5874728}\n{\"mount_point\":\"/var/oled\",\"block_size\":4096,\"blocks_total\":2618880,\"blocks_free\":2586210,\"blocks_available\":2586210}\n{\"mount_point\":\"/boot\",\"block_size\":4096,\"blocks_total\":259584,\"blocks_free\":160217,\"blocks_available\":160217}\n{\"mount_point\":\"/boot/efi\",\"block_size\":2048,\"blocks_total\":51091,\"blocks_free\":48041,\"blocks_available\":48041}\n"}
{"timestamp":1767800618,"subsystem":"/proc/stat","measurement":"cpu  25600 292 6376 341228 12057 0 29 190 0 0\ncpu0 19925 146 3242 163423 6070 0 12 92 0 0\ncpu1 5674 145 3134 177804 5986 0 17 98 0 0\nintr 1021942 26 9 0 0 1786 0 0 0 1 0 0 0 15 0 0 0 0 0 0 22 0 0 0 0 0 0 0 0 0 0 0 0 0 0 0 0 0 0 0 0 0 0 0 0 0 0 0 0 0 0 0 0 63901 60289 0 0 36044 33017 0 0 0 0 0 0 0 0 0 0 0 0 0 0 0 0 0 0 0 0 0 0 0 0 0 0 0 0 0 0 0 0 0 0 0 0 0 0 0 0 0 0 0 0 0 0 0 0 0 0 0 0 0 0 0 0 0 0 0 0 0 0 0 0 0 0 0 0 0 0 0 0 0 0 0 0 0 0 0 0 0 0 0 0 0 0 0 0 0 0 0 0 0 0 0 0 0 0 0 0 0 0 0 0 0 0 0 0 0 0 0 0 0 0 0 0 0 0 0 0 0 0 0 0 0 0 0 0 0 0 0 0 0 0 0 0 0 0 0 0 0 0 0 0 0 0 0 0 0 0 0 0 0 0 0 0 0 0 0 0 0 0 0 0 0 0 0 0 0 0 0 0 0 0 0 0 0 0 0 0 0 0 0 0 0 0 0 0 0 0 0 0 0 0 0 0 0 0 0 0 0 0 0 0 0 0 0 0 0 0 0 0 0 0 0 0 0 0 0 0 0 0 0 0 0 0 0 0 0 0 0 0 0 0 0 0 0 0 0 0 0 0 0 0 0 0 0 0 0 0 0 0 0 0 0 0 0 0 0 0 0 0 0 0 0 0 0 0 0 0 0 0 0 0 0 0 0 0 0 0 0 0 0 0 0 0 0 0 0 0 0 0 0 0 0 0 0 0 0 0 0 0 0 0 0 0 0 0 0 0 0 0 0 0 0 0 0 0 0 0 0 0 0 0 0 0 0 0 0 0 0 0 0 0 0 0 0 0 0 0 0 0 0 0 0 0 0 0 0 0 0 0 0 0 0 0 0 0 0 0 0 0 0 0 0 0 0 0 0 0 0 0 0 0 0 0 0 0 0 0 0 0\nctxt 1281323\nbtime 1767798686\nprocesses 47741\nprocs_running 4\nprocs_blocked 0\nsoftirq 580832 4 124741 350 68751 0 0 128 149620 31 237207\n"}
{"timestamp":1767800618,"subsystem":"/proc/meminfo","measurement":"MemTotal:        3707636 kB\nMemFree:         1259404 kB\nMemAvailable:    3039196 kB\nBuffers:              28 kB\nCached:          1972060 kB\nSwapCached:        22132 kB\nActive:           352732 kB\nInactive:        1815696 kB\nActive(anon):      14488 kB\nInactive(anon):   198312 kB\nActive(file):     338244 kB\nInactive(file):  1617384 kB\nUnevictable:       12472 kB\nMlocked:           12472 kB\nSwapTotal:       5804024 kB\nSwapFree:        5703636 kB\nDirty:               124 kB\nWriteback:             0 kB\nAnonPages:        193644 kB\nMapped:           112940 kB\nShmem:              5776 kB\nKReclaimable:      63948 kB\nSlab:             133696 kB\nSReclaimable:      63948 kB\nSUnreclaim:        69748 kB\nKernelStack:        4512 kB\nPageTables:        11432 kB\nNFS_Unstable:          0 kB\nBounce:                0 kB\nWritebackTmp:          0 kB\nCommitLimit:     7657840 kB\nCommitted_AS:    3102452 kB\nVmallocTotal:   13743895347199 kB\nVmallocUsed:       24896 kB\nVmallocChunk:          0 kB\nPercpu:             1568 kB\nHardwareCorrupted:     0 kB\nAnonHugePages:     59392 kB\nShmemHugePages:        0 kB\nShmemPmdMapped:        0 kB\nFileHugePages:     34816 kB\nFilePmdMapped:     32768 kB\nCmaTotal:              0 kB\nCmaFree:               0 kB\nHugePages_Total:       0\nHugePages_Free:        0\nHugePages_Rsvd:        0\nHugePages_Surp:        0\nHugepagesize:       2048 kB\nHugetlb:               0 kB\nDirectMap4k:      193448 kB\nDirectMap2M:     3995648 kB\nDirectMap1G:     2097152 kB\n"}
{"timestamp":1767800618,"subsystem":"/proc/net/dev","measurement":"Inter-|   Receive                                                |  Transmit\n face |bytes    packets errs drop fifo frame compressed multicast|bytes    packets errs drop fifo colls carrier compressed\n    lo:    3800      48    0    0    0     0          0         0     3800      48    0    0    0     0       0          0\nenp0s5: 861604314   86682    0    0    0     0          0         0  4137575   33331    0    0    0     0       0          0\n"}
{"timestamp":1767800618,"subsystem":"/proc/diskstats","measurement":"   8       0 sda 112870 302220 6029562 147834 14619 452404 8070372 2489884 0 119174 2637718 0 0 0 0 0 0\n   8       1 sda1 244 199 16229 100 11 0 12 15 0 120 116 0 0 0 0 0 0\n   8       2 sda2 695 2 45255 305 73 5 73274 4695 0 575 5000 0 0 0 0 0 0\n   8       3 sda3 111749 302019 5960158 147355 14535 452399 7997086 2485173 0 118560 2632528 0 0 0 0 0 0\n 252       0 dm-0 412956 0 5933186 435570 465029 0 7944754 360952809 0 116825 361388379 0 0 0 0 0 0\n 252       1 dm-1 371 0 14236 341 415 0 52332 41123 0 4870 41464 0 0 0 0 0 0\n"}
{"timestamp":1767800618,"subsystem":"statfs[*]","measurement":"{\"mount_point\":\"/\",\"block_size\":4096,\"blocks_total\":9301568,\"blocks_free\":5874728,\"blocks_available\":5874728}\n{\"mount_point\":\"/var/oled\",\"block_size\":4096,\"blocks_total\":2618880,\"blocks_free\":2586210,\"blocks_available\":2586210}\n{\"mount_point\":\"/boot\",\"block_size\":4096,\"blocks_total\":259584,\"blocks_free\":160217,\"blocks_available\":160217}\n{\"mount_point\":\"/boot/efi\",\"block_size\":2048,\"blocks_total\":51091,\"blocks_free\":48041,\"blocks_available\":48041}\n"}
{"timestamp":1767800623,"subsystem":"/proc/stat","measurement":"cpu  26103 292 6379 341720 12057 0 30 191 0 0\ncpu0 20312 146 3245 163533 6070 0 12 92 0 0\ncpu1 5791 145 3134 178187 5986 0 17 98 0 0\nintr 1027953 26 9 0 0 1786 0 0 0 1 0 0 0 15 0 0 0 0 0 0 22 0 0 0 0 0 0 0 0 0 0 0 0 0 0 0 0 0 0 0 0 0 0 0 0 0 0 0 0 0 0 0 0 63902 60289 0 0 36069 33047 0 0 0 0 0 0 0 0 0 0 0 0 0 0 0 0 0 0 0 0 0 0 0 0 0 0 0 0 0 0 0 0 0 0 0 0 0 0 0 0 0 0 0 0 0 0 0 0 0 0 0 0 0 0 0 0 0 0 0 0 0 0 0 0 0 0 0 0 0 0 0 0 0 0 0 0 0 0 0 0 0 0 0 0 0 0 0 0 0 0 0 0 0 0 0 0 0 0 0 0 0 0 0 0 0 0 0 0 0 0 0 0 0 0 0 0 0 0 0 0 0 0 0 0 0 0 0 0 0 0 0 0 0 0 0 0 0 0 0 0 0 0 0 0 0 0 0 0 0 0 0 0 0 0 0 0 0 0 0 0 0 0 0 0 0 0 0 0 0 0 0 0 0 0 0 0 0 0 0 0 0 0 0 0 0 0 0 0 0 0 0 0 0 0 0 0 0 0 0 0 0 0 0 0 0 0 0 0 0 0 0 0 0 0 0 0 0 0 0 0 0 0 0 0 0 0 0 0 0 0 0 0 0 0 0 0 0 0 0 0 0 0 0 0 0 0 0 0 0 0 0 0 0 0 0 0 0 0 0 0 0 0 0 0 0 0 0 0 0 0 0 0 0 0 0 0 0 0 0 0 0 0 0 0 0 0 0 0 0 0 0 0 0 0 0 0 0 0 0 0 0 0 0 0 0 0 0 0 0 0 0 0 0 0 0 0 0 0 0 0 0 0 0 0 0 0 0 0 0 0 0 0 0 0 0 0 0 0 0 0 0 0 0 0 0 0 0 0 0 0 0 0 0 0 0 0 0 0 0 0 0 0 0 0 0 0 0 0 0 0 0 0 0 0 0 0 0 0 0 0 0 0\nctxt 1283223\nbtime 1767798686\nprocesses 47746\nprocs_running 4\nprocs_blocked 0\nsoftirq 581746 4 125051 351 68806 0 0 128 150049 31 237326\n"}
{"timestamp":1767800623,"subsystem":"/proc/meminfo","measurement":"MemTotal:        3707636 kB\nMemFree:         1259404 kB\nMemAvailable:    3039204 kB\nBuffers:              28 kB\nCached:          1972064 kB\nSwapCached:        22132 kB\nActive:           352744 kB\nInactive:        1815756 kB\nActive(anon):      14500 kB\nInactive(anon):   198364 kB\nActive(file):     338244 kB\nInactive(file):  1617392 kB\nUnevictable:       12472 kB\nMlocked:           12472 kB\nSwapTotal:       5804024 kB\nSwapFree:        5703636 kB\nDirty:               132 kB\nWriteback:             0 kB\nAnonPages:        193640 kB\nMapped:           113000 kB\nShmem:              5776 kB\nKReclaimable:      63948 kB\nSlab:             133696 kB\nSReclaimable:      63948 kB\nSUnreclaim:        69748 kB\nKernelStack:        4512 kB\nPageTables:        11432 kB\nNFS_Unstable:          0 kB\nBounce:                0 kB\nWritebackTmp:          0 kB\nCommitLimit:     7657840 kB\nCommitted_AS:    3102452 kB\nVmallocTotal:   13743895347199 kB\nVmallocUsed:       24896 kB\nVmallocChunk:          0 kB\nPercpu:             1568 kB\nHardwareCorrupted:     0 kB\nAnonHugePages:     59392 kB\nShmemHugePages:        0 kB\nShmemPmdMapped:        0 kB\nFileHugePages:     34816 kB\nFilePmdMapped:     32768 kB\nCmaTotal:              0 kB\nCmaFree:               0 kB\nHugePages_Total:       0\nHugePages_Free:        0\nHugePages_Rsvd:        0\nHugePages_Surp:        0\nHugepagesize:       2048 kB\nHugetlb:               0 kB\nDirectMap4k:      193448 kB\nDirectMap2M:     3995648 kB\nDirectMap1G:     2097152 kB\n"}
{"timestamp":1767800623,"subsystem":"/proc/net/dev","measurement":"Inter-|   Receive                                                |  Transmit\n face |bytes    packets errs drop fifo frame compressed multicast|bytes    packets errs drop fifo colls carrier compressed\n    lo:    3800      48    0    0    0     0          0         0     3800      48    0    0    0     0       0          0\nenp0s5: 861619998   86711    0    0    0     0          0         0  4189308   33361    0    0    0     0       0          0\n"}
{"timestamp":1767800623,"subsystem":"/proc/diskstats","measurement":"   8       0 sda 112871 302227 6029626 147834 14619 452404 8070372 2489884 0 119176 2637719 0 0 0 0 0 0\n   8       1 sda1 244 199 16229 100 11 0 12 15 0 120 116 0 0 0 0 0 0\n   8       2 sda2 695 2 45255 305 73 5 73274 4695 0 575 5000 0 0 0 0 0 0\n   8       3 sda3 111750 302026 5960222 147356 14535 452399 7997086 2485173 0 118562 2632529 0 0 0 0 0 0\n 252       0 dm-0 412964 0 5933250 435578 465029 0 7944754 360952809 0 116827 361388387 0 0 0 0 0 0\n 252       1 dm-1 371 0 14236 341 415 0 52332 41123 0 4870 41464 0 0 0 0 0 0\n"}
{"timestamp":1767800623,"subsystem":"statfs[*]","measurement":"{\"mount_point\":\"/\",\"block_size\":4096,\"blocks_total\":9301568,\"blocks_free\":5874728,\"blocks_available\":5874728}\n{\"mount_point\":\"/var/oled\",\"block_size\":4096,\"blocks_total\":2618880,\"blocks_free\":2586210,\"blocks_available\":2586210}\n{\"mount_point\":\"/boot\",\"block_size\":4096,\"blocks_total\":259584,\"blocks_free\":160217,\"blocks_available\":160217}\n{\"mount_point\":\"/boot/efi\",\"block_size\":2048,\"blocks_total\":51091,\"blocks_free\":48041,\"blocks_available\":48041}\n"}
{"timestamp":1767800628,"subsystem":"/proc/stat","measurement":"cpu  26606 292 6385 342211 12057 0 30 191 0 0\ncpu0 20670 146 3246 163673 6070 0 12 92 0 0\ncpu1 5936 145 3138 178537 5986 0 17 98 0 0\nintr 1033962 26 9 0 0 1786 0 0 0 1 0 0 0 15 0 0 0 0 0 0 22 0 0 0 0 0 0 0 0 0 0 0 0 0 0 0 0 0 0 0 0 0 0 0 0 0 0 0 0 0 0 0 0 63902 60291 0 0 36081 33057 0 0 0 0 0 0 0 0 0 0 0 0 0 0 0 0 0 0 0 0 0 0 0 0 0 0 0 0 0 0 0 0 0 0 0 0 0 0 0 0 0 0 0 0 0 0 0 0 0 0 0 0 0 0 0 0 0 0 0 0 0 0 0 0 0 0 0 0 0 0 0 0 0 0 0 0 0 0 0 0 0 0 0 0 0 0 0 0 0 0 0 0 0 0 0 0 0 0 0 0 0 0 0 0 0 0 0 0 0 0 0 0 0 0 0 0 0 0 0 0 0 0 0 0 0 0 0 0 0 0 0 0 0 0 0 0 0 0 0 0 0 0 0 0 0 0 0 0 0 0 0 0 0 0 0 0 0 0 0 0 0 0 0 0 0 0 0 0 0 0 0 0 0 0 0 0 0 0 0 0 0 0 0 0 0 0 0 0 0 0 0 0 0 0 0 0 0 0 0 0 0 0 0 0 0 0 0 0 0 0 0 0 0 0 0 0 0 0 0 0 0 0 0 0 0 0 0 0 0 0 0 0 0 0 0 0 0 0 0 0 0 0 0 0 0 0 0 0 0 0 0 0 0 0 0 0 0 0 0 0 0 0 0 0 0 0 0 0 0 0 0 0 0 0 0 0 0 0 0 0 0 0 0 0 0 0 0 0 0 0 0 0 0 0 0 0 0 0 0 0 0 0 0 0 0 0 0 0 0 0 0 0 0 0 0 0 0 0 0 0 0 0 0 0 0 0 0 0 0 0 0 0 0 0 0 0 0 0 0 0 0 0 0 0 0 0 0 0 0 0 0 0 0 0 0 0 0 0 0 0 0 0 0 0 0 0 0 0 0 0 0 0 0 0 0 0 0 0 0 0 0 0\nctxt 1285174\nbtime 1767798686\nprocesses 47751\nprocs_running 2\nprocs_blocked 0\nsoftirq 582906 4 125366 352 68828 0 0 128 150485 31 237712\n"}
{"timestamp":1767800628,"subsystem":"/proc/meminfo","measurement":"MemTotal:        3707636 kB\nMemFree:         1259180 kB\nMemAvailable:    3039248 kB\nBuffers:              28 kB\nCached:          1972336 kB\nSwapCached:        22148 kB\nActive:           352772 kB\nInactive:        1816032 kB\nActive(anon):      14516 kB\nInactive(anon):   198384 kB\nActive(file):     338256 kB\nInactive(file):  1617648 kB\nUnevictable:       12472 kB\nMlocked:           12472 kB\nSwapTotal:       5804024 kB\nSwapFree:        5703636 kB\nDirty:               380 kB\nWriteback:             0 kB\nAnonPages:        193668 kB\nMapped:           113000 kB\nShmem:              5776 kB\nKReclaimable:      63948 kB\nSlab:             133696 kB\nSReclaimable:      63948 kB\nSUnreclaim:        69748 kB\nKernelStack:        4496 kB\nPageTables:        11432 kB\nNFS_Unstable:          0 kB\nBounce:                0 kB\nWritebackTmp:          0 kB\nCommitLimit:     7657840 kB\nCommitted_AS:    3102452 kB\nVmallocTotal:   13743895347199 kB\nVmallocUsed:       24880 kB\nVmallocChunk:          0 kB\nPercpu:             1568 kB\nHardwareCorrupted:     0 kB\nAnonHugePages:     59392 kB\nShmemHugePages:        0 kB\nShmemPmdMapped:        0 kB\nFileHugePages:     34816 kB\nFilePmdMapped:     32768 kB\nCmaTotal:              0 kB\nCmaFree:               0 kB\nHugePages_Total:       0\nHugePages_Free:        0\nHugePages_Rsvd:        0\nHugePages_Surp:        0\nHugepagesize:       2048 kB\nHugetlb:               0 kB\nDirectMap4k:      193448 kB\nDirectMap2M:     3995648 kB\nDirectMap1G:     2097152 kB\n"}
{"timestamp":1767800628,"subsystem":"/proc/net/dev","measurement":"Inter-|   Receive                                                |  Transmit\n face |bytes    packets errs drop fifo frame compressed multicast|bytes    packets errs drop fifo colls carrier compressed\n    lo:    3800      48    0    0    0     0          0         0     3800      48    0    0    0     0       0          0\nenp0s5: 861620791   86723    0    0    0     0          0         0  4189951   33371    0    0    0     0       0          0\n"}
{"timestamp":1767800628,"subsystem":"/proc/diskstats","measurement":"   8       0 sda 112872 302234 6029690 147836 14620 452405 8070444 2489885 0 119180 2637721 0 0 0 0 0 0\n   8       1 sda1 244 199 16229 100 11 0 12 15 0 120 116 0 0 0 0 0 0\n   8       2 sda2 695 2 45255 305 73 5 73274 4695 0 575 5000 0 0 0 0 0 0\n   8       3 sda3 111751 302033 5960286 147357 14536 452400 7997158 2485174 0 118566 2632531 0 0 0 0 0 0\n 252       0 dm-0 412972 0 5933314 435586 465031 0 7944826 360952811 0 116831 361388397 0 0 0 0 0 0\n 252       1 dm-1 371 0 14236 341 415 0 52332 41123 0 4870 41464 0 0 0 0 0 0\n"}
