{"timestamp":1767829424,"subsystem":"/proc/stat","measurement":"cpu  4608 0 1180 73188 1082 0 106 0 0 0\ncpu0 2259 0 578 36835 349 0 38 0 0 0\ncpu1 2349 0 602 36353 733 0 68 0 0 0\nintr 51858 0 0 0 0 3114 0 0 0 0 0 0 0 0 0 0 0 0 0 0 0 0 0 0 0 0 0 0 0 0 0 0 0 0 0 0 0 0 0 0 0 0 0 0 0 0 0 0 0 0 0 0 0 0 0 0 0 0 0 0 0 0 0 0 0 0 0 0 0 0 0 0 0 0 0 0 0 0 0 0 0 0 0 0 0 0 0 0 0 0 0 0 0 0 0 0 0 0 0 0 0 0 0 0 0 0 0 0 0 0 0 0 0 0 0 0 0 0 0 0 0 0 0 0 0 0 0 0 0 0 0 0 0 0 0 0 0 0 0 0 0 0 0 0 0 0 0 0 0 0 0 0 0 0 0 0 0 0 0 0 0 0 0 0 0 0 0 0 0 0 0 0 0 0 0 0 0 0 0 0 0 0 0 0 0 0 0 0 0 0 0 0 0 0 0 0 0 0 0 0 0 0 0 0 0 0 0 0 0 0 0 0 0 0 0 0 0 0 0 0 0 0 0 0 0 0 0 0 0 0 0 0 0 0 0 0 0 0 0 0 0 0 0 0 0 0 0 0 0 0 0 0 0 0 0 0 0 0 0 0 0 0 0 0 0 0 0 0 0 0 0 0 0 0 0 0 0 0 0 0 0 0 0 0 0 0 0 0 0 0 0 0 0 0 0 0 0 0 0 0 0 0 0 0 0 0 0 0 0 0 0 0 0 0 0 0 0 0 0 0 0 0 0 0 0 0 0 0 0 0 0 0 0 0 0 0 0 0 0 0 0 0 0 0 0 0 0 0 0 0 0 0 0 0 0 0 0 0 0 0 0 0 0 0 0 0 0 0 0 0 0 0 0 0 0 0 0 0 0 0 0 0 0 0 0 0 0 0 0 0 0 0 0 0 0 0 0 0 0 0 0 0 0 0 0 0 0 0 0 0 0 0 0 0 0 0 0 0 0 0 0 0 0 0 0 0 0 0 0 0 0 0 0 0 0 0 0 0 0 0 0\nctxt 170093\nbtime 1767829022\nprocesses 3992\nprocs_running 4\nprocs_blocked 0\nsoftirq 120834 0 20266 4 12413 0 0 10136 31534 14 46467\n"}
{"timestamp":1767829424,"subsystem":"/proc/meminfo","measurement":"MemTotal:        3955152 kB\nMemFree:         3339948 kB\nMemAvailable:    3525048 kB\nBuffers:            4008 kB\nCached:           398808 kB\nSwapCached:            0 kB\nActive:           208120 kB\nInactive:         267132 kB\nActive(anon):        636 kB\nInactive(anon):    92124 kB\nActive(file):     207484 kB\nInactive(file):   175008 kB\nUnevictable:        3152 kB\nMlocked:              80 kB\nSwapTotal:             0 kB\nSwapFree:              0 kB\nDirty:                16 kB\nWriteback:             0 kB\nAnonPages:         73564 kB\nMapped:            35368 kB\nShmem:             20324 kB\nKReclaimable:      30380 kB\nSlab:              56616 kB\nSReclaimable:      30380 kB\nSUnreclaim:        26236 kB\nKernelStack:        2240 kB\nPageTables:         2708 kB\nNFS_Unstable:          0 kB\nBounce:                0 kB\nWritebackTmp:          0 kB\nCommitLimit:     1977576 kB\nCommitted_AS:     276436 kB\nVmallocTotal:   34359738367 kB\nVmallocUsed:       34696 kB\nVmallocChunk:          0 kB\nPercpu:              600 kB\nHardwareCorrupted:     0 kB\nAnonHugePages:     16384 kB\nShmemHugePages:        0 kB\nShmemPmdMapped:        0 kB\nFileHugePages:         0 kB\nFilePmdMapped:         0 kB\nCmaTotal:              0 kB\nCmaFree:               0 kB\nUnaccepted:            0 kB\nHugePages_Total:       0\nHugePages_Free:        0\nHugePages_Rsvd:        0\nHugePages_Surp:        0\nHugepagesize:       2048 kB\nHugetlb:               0 kB\nDirectMap4k:      109752 kB\nDirectMap2M:     4032512 kB\nDirectMap1G:     2097152 kB\n"}
{"timestamp":1767829424,"subsystem":"/proc/net/dev","measurement":"Inter-|   Receive                                                |  Transmit\n face |bytes    packets errs drop fifo frame compressed multicast|bytes    packets errs drop fifo colls carrier compressed\n    lo:    2072      14    0    0    0     0          0         0     2072      14    0    0    0     0       0          0\n  eth0: 53372913   40225    0    0    0     0          0         0  2635719    8894    0    0    0     0       0          0\n"}
{"timestamp":1767829424,"subsystem":"/proc/diskstats","measurement":"   8       0 sda 4472 1 570078 12574 2036 823 324991 13471 0 15836 26724 0 0 0 0 100 678\n   8       1 sda1 69 0 800 26 0 0 0 0 0 56 26 0 0 0 0 0 0\n   8       2 sda2 159 0 8576 60 1 0 1 0 0 92 60 0 0 0 0 0 0\n   8       3 sda3 168 0 16958 62 8 0 4137 10 0 124 73 0 0 0 0 0 0\n   8       4 sda4 3979 1 540024 12391 2027 823 320853 13461 0 15724 25853 0 0 0 0 0 0\n   8      16 sdb 409 1 23778 157 221 1037 401856 22240 0 3368 22399 5 4 16773128 1 0 0\n   8      17 sdb1 135 1 8530 95 221 1037 401856 22240 0 3256 22337 5 4 16773128 1 0 0\n  11       0 sr0 63 0 440 64 0 0 0 0 0 100 64 0 0 0 0 0 0\n"}
{"timestamp":1767829424,"subsystem":"statfs[*]","measurement":"{\"mount_point\":\"/\",\"block_size\":4096,\"blocks_total\":7466684,\"blocks_free\":6506420,\"blocks_available\":6506420}\n{\"mount_point\":\"/boot\",\"block_size\":4096,\"blocks_total\":259584,\"blocks_free\":230628,\"blocks_available\":230628}\n{\"mount_point\":\"/boot/efi\",\"block_size\":8192,\"blocks_total\":65500,\"blocks_free\":65118,\"blocks_available\":65118}\n{\"mount_point\":\"/mnt\",\"block_size\":4096,\"blocks_total\":2038135,\"blocks_free\":2038129,\"blocks_available\":1929201}\n"}
{"timestamp":1767829429,"subsystem":"/proc/stat","measurement":"cpu  5110 0 1185 73667 1097 0 110 0 0 0\ncpu0 2759 0 578 36835 349 0 38 0 0 0\ncpu1 2351 0 607 36831 748 0 72 0 0 0\nintr 52287 0 0 0 0 3114 0 0 0 0 0 0 0 0 0 0 0 0 0 0 0 0 0 0 0 0 0 0 0 0 0 0 0 0 0 0 0 0 0 0 0 0 0 0 0 0 0 0 0 0 0 0 0 0 0 0 0 0 0 0 0 0 0 0 0 0 0 0 0 0 0 0 0 0 0 0 0 0 0 0 0 0 0 0 0 0 0 0 0 0 0 0 0 0 0 0 0 0 0 0 0 0 0 0 0 0 0 0 0 0 0 0 0 0 0 0 0 0 0 0 0 0 0 0 0 0 0 0 0 0 0 0 0 0 0 0 0 0 0 0 0 0 0 0 0 0 0 0 0 0 0 0 0 0 0 0 0 0 0 0 0 0 0 0 0 0 0 0 0 0 0 0 0 0 0 0 0 0 0 0 0 0 0 0 0 0 0 0 0 0 0 0 0 0 0 0 0 0 0 0 0 0 0 0 0 0 0 0 0 0 0 0 0 0 0 0 0 0 0 0 0 0 0 0 0 0 0 0 0 0 0 0 0 0 0 0 0 0 0 0 0 0 0 0 0 0 0 0 0 0 0 0 0 0 0 0 0 0 0 0 0 0 0 0 0 0 0 0 0 0 0 0 0 0 0 0 0 0 0 0 0 0 0 0 0 0 0 0 0 0 0 0 0 0 0 0 0 0 0 0 0 0 0 0 0 0 0 0 0 0 0 0 0 0 0 0 0 0 0 0 0 0 0 0 0 0 0 0 0 0 0 0 0 0 0 0 0 0 0 0 0 0 0 0 0 0 0 0 0 0 0 0 0 0 0 0 0 0 0 0 0 0 0 0 0 0 0 0 0 0 0 0 0 0 0 0 0 0 0 0 0 0 0 0 0 0 0 0 0 0 0 0 0 0 0 0 0 0 0 0 0 0 0 0 0 0 0 0 0 0 0 0 0 0 0 0 0 0 0 0 0 0 0 0 0 0 0 0 0 0 0 0 0 0 0 0 0 0 0 0 0\nctxt 172371\nbtime 1767829022\nprocesses 4005\nprocs_running 4\nprocs_blocked 0\nsoftirq 122094 0 20439 4 12423 0 0 10657 31908 14 46649\n"}
{"timestamp":1767829429,"subsystem":"/proc/meminfo","measurement":"MemTotal:        3955152 kB\nMemFree:         3333840 kB\nMemAvailable:    3520400 kB\nBuffers:            4008 kB\nCached:           400288 kB\nSwapCached:            0 kB\nActive:           208180 kB\nInactive:         274228 kB\nActive(anon):        632 kB\nInactive(anon):    97812 kB\nActive(file):     207548 kB\nInactive(file):   176416 kB\nUnevictable:        3152 kB\nMlocked:              80 kB\nSwapTotal:             0 kB\nSwapFree:              0 kB\nDirty:                40 kB\nWriteback:             0 kB\nAnonPages:         77224 kB\nMapped:            36076 kB\nShmem:             20324 kB\nKReclaimable:      30356 kB\nSlab:              56628 kB\nSReclaimable:      30356 kB\nSUnreclaim:        26272 kB\nKernelStack:        2240 kB\nPageTables:         2548 kB\nNFS_Unstable:          0 kB\nBounce:                0 kB\nWritebackTmp:          0 kB\nCommitLimit:     1977576 kB\nCommitted_AS:     306080 kB\nVmallocTotal:   34359738367 kB\nVmallocUsed:       34744 kB\nVmallocChunk:          0 kB\nPercpu:              600 kB\nHardwareCorrupted:     0 kB\nAnonHugePages:     20480 kB\nShmemHugePages:        0 kB\nShmemPmdMapped:        0 kB\nFileHugePages:         0 kB\nFilePmdMapped:         0 kB\nCmaTotal:              0 kB\nCmaFree:               0 kB\nUnaccepted:            0 kB\nHugePages_Total:       0\nHugePages_Free:        0\nHugePages_Rsvd:        0\nHugePages_Surp:        0\nHugepagesize:       2048 kB\nHugetlb:               0 kB\nDirectMap4k:      109752 kB\nDirectMap2M:     4032512 kB\nDirectMap1G:     2097152 kB\n"}
{"timestamp":1767829429,"subsystem":"/proc/net/dev","measurement":"Inter-|   Receive                                                |  Transmit\n face |bytes    packets errs drop fifo frame compressed multicast|bytes    packets errs drop fifo colls carrier compressed\n    lo:    2072      14    0    0    0     0          0         0     2072      14    0    0    0     0       0          0\n  eth0: 53373413   40231    0    0    0     0          0         0  2636707    8900    0    0    0     0       0          0\n"}
{"timestamp":1767829429,"subsystem":"/proc/diskstats","measurement":"   8       0 sda 4494 1 573070 12739 2063 829 325689 13530 0 16040 26963 0 0 0 0 102 693\n   8       1 sda1 69 0 800 26 0 0 0 0 0 56 26 0 0 0 0 0 0\n   8       2 sda2 159 0 8576 60 1 0 1 0 0 92 60 0 0 0 0 0 0\n   8       3 sda3 168 0 16958 62 8 0 4137 10 0 124 73 0 0 0 0 0 0\n   8       4 sda4 4001 1 543016 12557 2054 829 321551 13520 0 15928 26077 0 0 0 0 0 0\n   8      16 sdb 409 1 23778 157 221 1037 401856 22240 0 3368 22399 5 4 16773128 1 0 0\n   8      17 sdb1 135 1 8530 95 221 1037 401856 22240 0 3256 22337 5 4 16773128 1 0 0\n  11       0 sr0 63 0 440 64 0 0 0 0 0 100 64 0 0 0 0 0 0\n"}
{"timestamp":1767829429,"subsystem":"statfs[*]","measurement":"{\"mount_point\":\"/\",\"block_size\":4096,\"blocks_total\":7466684,\"blocks_free\":6506413,\"blocks_available\":6506413}\n{\"mount_point\":\"/boot\",\"block_size\":4096,\"blocks_total\":259584,\"blocks_free\":230628,\"blocks_available\":230628}\n{\"mount_point\":\"/boot/efi\",\"block_size\":8192,\"blocks_total\":65500,\"blocks_free\":65118,\"blocks_available\":65118}\n{\"mount_point\":\"/mnt\",\"block_size\":4096,\"blocks_total\":2038135,\"blocks_free\":2038129,\"blocks_available\":1929201}\n"}
{"timestamp":1767829434,"subsystem":"/proc/stat","measurement":"cpu  5619 0 1190 74152 1097 0 114 0 0 0\ncpu0 3259 0 578 36835 349 0 38 0 0 0\ncpu1 2360 0 612 37316 748 0 76 0 0 0\nintr 52450 0 0 0 0 3114 0 0 0 0 0 0 0 0 0 0 0 0 0 0 0 0 0 0 0 0 0 0 0 0 0 0 0 0 0 0 0 0 0 0 0 0 0 0 0 0 0 0 0 0 0 0 0 0 0 0 0 0 0 0 0 0 0 0 0 0 0 0 0 0 0 0 0 0 0 0 0 0 0 0 0 0 0 0 0 0 0 0 0 0 0 0 0 0 0 0 0 0 0 0 0 0 0 0 0 0 0 0 0 0 0 0 0 0 0 0 0 0 0 0 0 0 0 0 0 0 0 0 0 0 0 0 0 0 0 0 0 0 0 0 0 0 0 0 0 0 0 0 0 0 0 0 0 0 0 0 0 0 0 0 0 0 0 0 0 0 0 0 0 0 0 0 0 0 0 0 0 0 0 0 0 0 0 0 0 0 0 0 0 0 0 0 0 0 0 0 0 0 0 0 0 0 0 0 0 0 0 0 0 0 0 0 0 0 0 0 0 0 0 0 0 0 0 0 0 0 0 0 0 0 0 0 0 0 0 0 0 0 0 0 0 0 0 0 0 0 0 0 0 0 0 0 0 0 0 0 0 0 0 0 0 0 0 0 0 0 0 0 0 0 0 0 0 0 0 0 0 0 0 0 0 0 0 0 0 0 0 0 0 0 0 0 0 0 0 0 0 0 0 0 0 0 0 0 0 0 0 0 0 0 0 0 0 0 0 0 0 0 0 0 0 0 0 0 0 0 0 0 0 0 0 0 0 0 0 0 0 0 0 0 0 0 0 0 0 0 0 0 0 0 0 0 0 0 0 0 0 0 0 0 0 0 0 0 0 0 0 0 0 0 0 0 0 0 0 0 0 0 0 0 0 0 0 0 0 0 0 0 0 0 0 0 0 0 0 0 0 0 0 0 0 0 0 0 0 0 0 0 0 0 0 0 0 0 0 0 0 0 0 0 0 0 0 0 0 0 0 0 0 0 0 0 0 0 0 0 0 0 0 0 0\nctxt 173419\nbtime 1767829022\nprocesses 4088\nprocs_running 4\nprocs_blocked 0\nsoftirq 123008 0 20613 4 12490 0 0 10664 32260 14 46963\n"}
{"timestamp":1767829434,"subsystem":"/proc/meminfo","measurement":"MemTotal:        3955152 kB\nMemFree:         3329820 kB\nMemAvailable:    3516392 kB\nBuffers:            4008 kB\nCached:           400292 kB\nSwapCached:            0 kB\nActive:           208224 kB\nInactive:         274408 kB\nActive(anon):        632 kB\nInactive(anon):    98024 kB\nActive(file):     207592 kB\nInactive(file):   176384 kB\nUnevictable:        3152 kB\nMlocked:              80 kB\nSwapTotal:             0 kB\nSwapFree:              0 kB\nDirty:                44 kB\nWriteback:             0 kB\nAnonPages:         77436 kB\nMapped:            36076 kB\nShmem:             20324 kB\nKReclaimable:      30356 kB\nSlab:              56764 kB\nSReclaimable:      30356 kB\nSUnreclaim:        26408 kB\nKernelStack:        2240 kB\nPageTables:         2552 kB\nNFS_Unstable:          0 kB\nBounce:                0 kB\nWritebackTmp:          0 kB\nCommitLimit:     1977576 kB\nCommitted_AS:     306080 kB\nVmallocTotal:   34359738367 kB\nVmallocUsed:       34744 kB\nVmallocChunk:          0 kB\nPercpu:              600 kB\nHardwareCorrupted:     0 kB\nAnonHugePages:     20480 kB\nShmemHugePages:        0 kB\nShmemPmdMapped:        0 kB\nFileHugePages:         0 kB\nFilePmdMapped:         0 kB\nCmaTotal:              0 kB\nCmaFree:               0 kB\nUnaccepted:            0 kB\nHugePages_Total:       0\nHugePages_Free:        0\nHugePages_Rsvd:        0\nHugePages_Surp:        0\nHugepagesize:       2048 kB\nHugetlb:               0 kB\nDirectMap4k:      109752 kB\nDirectMap2M:     4032512 kB\nDirectMap1G:     2097152 kB\n"}
{"timestamp":1767829434,"subsystem":"/proc/net/dev","measurement":"Inter-|   Receive                                                |  Transmit\n face |bytes    packets errs drop fifo frame compressed multicast|bytes    packets errs drop fifo colls carrier compressed\n    lo:    2072      14    0    0    0     0          0         0     2072      14    0    0    0     0       0          0\n  eth0: 53379703   40264    0    0    0     0          0         0  2645433    8955    0    0    0     0       0          0\n"}
{"timestamp":1767829434,"subsystem":"/proc/diskstats","measurement":"   8       0 sda 4494 1 573070 12739 2064 829 325697 13530 0 16044 26963 0 0 0 0 102 693\n   8       1 sda1 69 0 800 26 0 0 0 0 0 56 26 0 0 0 0 0 0\n   8       2 sda2 159 0 8576 60 1 0 1 0 0 92 60 0 0 0 0 0 0\n   8       3 sda3 168 0 16958 62 8 0 4137 10 0 124 73 0 0 0 0 0 0\n   8       4 sda4 4001 1 543016 12557 2055 829 321559 13520 0 15932 26077 0 0 0 0 0 0\n   8      16 sdb 409 1 23778 157 221 1037 401856 22240 0 3368 22399 5 4 16773128 1 0 0\n   8      17 sdb1 135 1 8530 95 221 1037 401856 22240 0 3256 22337 5 4 16773128 1 0 0\n  11       0 sr0 63 0 440 64 0 0 0 0 0 100 64 0 0 0 0 0 0\n"}
{"timestamp":1767829434,"subsystem":"statfs[*]","measurement":"{\"mount_point\":\"/\",\"block_size\":4096,\"blocks_total\":7466684,\"blocks_free\":6506412,\"blocks_available\":6506412}\n{\"mount_point\":\"/boot\",\"block_size\":4096,\"blocks_total\":259584,\"blocks_free\":230628,\"blocks_available\":230628}\n{\"mount_point\":\"/boot/efi\",\"block_size\":8192,\"blocks_total\":65500,\"blocks_free\":65118,\"blocks_available\":65118}\n{\"mount_point\":\"/mnt\",\"block_size\":4096,\"blocks_total\":2038135,\"blocks_free\":2038129,\"blocks_available\":1929201}\n"}
{"timestamp":1767829439,"subsystem":"/proc/stat","measurement":"cpu  6121 0 1190 74649 1097 0 117 0 0 0\ncpu0 3759 0 578 36835 349 0 38 0 0 0\ncpu1 2362 0 612 37813 748 0 79 0 0 0\nintr 52584 0 0 0 0 3114 0 0 0 0 0 0 0 0 0 0 0 0 0 0 0 0 0 0 0 0 0 0 0 0 0 0 0 0 0 0 0 0 0 0 0 0 0 0 0 0 0 0 0 0 0 0 0 0 0 0 0 0 0 0 0 0 0 0 0 0 0 0 0 0 0 0 0 0 0 0 0 0 0 0 0 0 0 0 0 0 0 0 0 0 0 0 0 0 0 0 0 0 0 0 0 0 0 0 0 0 0 0 0 0 0 0 0 0 0 0 0 0 0 0 0 0 0 0 0 0 0 0 0 0 0 0 0 0 0 0 0 0 0 0 0 0 0 0 0 0 0 0 0 0 0 0 0 0 0 0 0 0 0 0 0 0 0 0 0 0 0 0 0 0 0 0 0 0 0 0 0 0 0 0 0 0 0 0 0 0 0 0 0 0 0 0 0 0 0 0 0 0 0 0 0 0 0 0 0 0 0 0 0 0 0 0 0 0 0 0 0 0 0 0 0 0 0 0 0 0 0 0 0 0 0 0 0 0 0 0 0 0 0 0 0 0 0 0 0 0 0 0 0 0 0 0 0 0 0 0 0 0 0 0 0 0 0 0 0 0 0 0 0 0 0 0 0 0 0 0 0 0 0 0 0 0 0 0 0 0 0 0 0 0 0 0 0 0 0 0 0 0 0 0 0 0 0 0 0 0 0 0 0 0 0 0 0 0 0 0 0 0 0 0 0 0 0 0 0 0 0 0 0 0 0 0 0 0 0 0 0 0 0 0 0 0 0 0 0 0 0 0 0 0 0 0 0 0 0 0 0 0 0 0 0 0 0 0 0 0 0 0 0 0 0 0 0 0 0 0 0 0 0 0 0 0 0 0 0 0 0 0 0 0 0 0 0 0 0 0 0 0 0 0 0 0 0 0 0 0 0 0 0 0 0 0 0 0 0 0 0 0 0 0 0 0 0 0 0 0 0 0 0 0 0 0 0 0 0 0 0 0 0 0 0\nctxt 174025\nbtime 1767829022\nprocesses 4091\nprocs_running 3\nprocs_blocked 0\nsoftirq 123573 0 20767 4 12513 0 0 10671 32605 14 46999\n"}
{"timestamp":1767829439,"subsystem":"/proc/meminfo","measurement":"MemTotal:        3955152 kB\nMemFree:         3329820 kB\nMemAvailable:    3516396 kB\nBuffers:            4008 kB\nCached:           400296 kB\nSwapCached:            0 kB\nActive:           208224 kB\nInactive:         274460 kB\nActive(anon):        632 kB\nInactive(anon):    98072 kB\nActive(file):     207592 kB\nInactive(file):   176388 kB\nUnevictable:        3152 kB\nMlocked:              80 kB\nSwapTotal:             0 kB\nSwapFree:              0 kB\nDirty:                48 kB\nWriteback:             0 kB\nAnonPages:         77484 kB\nMapped:            36076 kB\nShmem:             20324 kB\nKReclaimable:      30356 kB\nSlab:              56764 kB\nSReclaimable:      30356 kB\nSUnreclaim:        26408 kB\nKernelStack:        2240 kB\nPageTables:         2552 kB\nNFS_Unstable:          0 kB\nBounce:                0 kB\nWritebackTmp:          0 kB\nCommitLimit:     1977576 kB\nCommitted_AS:     306080 kB\nVmallocTotal:   34359738367 kB\nVmallocUsed:       34744 kB\nVmallocChunk:          0 kB\nPercpu:              600 kB\nHardwareCorrupted:     0 kB\nAnonHugePages:     20480 kB\nShmemHugePages:        0 kB\nShmemPmdMapped:        0 kB\nFileHugePages:         0 kB\nFilePmdMapped:         0 kB\nCmaTotal:              0 kB\nCmaFree:               0 kB\nUnaccepted:            0 kB\nHugePages_Total:       0\nHugePages_Free:        0\nHugePages_Rsvd:        0\nHugePages_Surp:        0\nHugepagesize:       2048 kB\nHugetlb:               0 kB\nDirectMap4k:      109752 kB\nDirectMap2M:     4032512 kB\nDirectMap1G:     2097152 kB\n"}
{"timestamp":1767829439,"subsystem":"/proc/net/dev","measurement":"Inter-|   Receive                                                |  Transmit\n face |bytes    packets errs drop fifo frame compressed multicast|bytes    packets errs drop fifo colls carrier compressed\n    lo:    2072      14    0    0    0     0          0         0     2072      14    0    0    0     0       0          0\n  eth0: 53383506   40279    0    0    0     0          0         0  2650678    8974    0    0    0     0       0          0\n"}
{"timestamp":1767829439,"subsystem":"/proc/diskstats","measurement":"   8       0 sda 4494 1 573070 12739 2065 829 325705 13531 0 16048 26964 0 0 0 0 102 693\n   8       1 sda1 69 0 800 26 0 0 0 0 0 56 26 0 0 0 0 0 0\n   8       2 sda2 159 0 8576 60 1 0 1 0 0 92 60 0 0 0 0 0 0\n   8       3 sda3 168 0 16958 62 8 0 4137 10 0 124 73 0 0 0 0 0 0\n   8       4 sda4 4001 1 543016 12557 2056 829 321567 13520 0 15936 26077 0 0 0 0 0 0\n   8      16 sdb 409 1 23778 157 221 1037 401856 22240 0 3368 22399 5 4 16773128 1 0 0\n   8      17 sdb1 135 1 8530 95 221 1037 401856 22240 0 3256 22337 5 4 16773128 1 0 0\n  11       0 sr0 63 0 440 64 0 0 0 0 0 100 64 0 0 0 0 0 0\n"}
{"timestamp":1767829439,"subsystem":"statfs[*]","measurement":"{\"mount_point\":\"/\",\"block_size\":4096,\"blocks_total\":7466684,\"blocks_free\":6506411,\"blocks_available\":6506411}\n{\"mount_point\":\"/boot\",\"block_size\":4096,\"blocks_total\":259584,\"blocks_free\":230628,\"blocks_available\":230628}\n{\"mount_point\":\"/boot/efi\",\"block_size\":8192,\"blocks_total\":65500,\"blocks_free\":65118,\"blocks_available\":65118}\n{\"mount_point\":\"/mnt\",\"block_size\":4096,\"blocks_total\":2038135,\"blocks_free\":2038129,\"blocks_available\":1929201}\n"}
{"timestamp":1767829444,"subsystem":"/proc/stat","measurement":"cpu  6653 0 1196 75111 1098 0 119 0 0 0\ncpu0 4259 0 578 36835 349 0 38 0 0 0\ncpu1 2394 0 618 38275 748 0 81 0 0 0\nintr 52803 0 0 0 0 3114 0 0 0 0 0 0 0 0 0 0 0 0 0 0 0 0 0 0 0 0 0 0 0 0 0 0 0 0 0 0 0 0 0 0 0 0 0 0 0 0 0 0 0 0 0 0 0 0 0 0 0 0 0 0 0 0 0 0 0 0 0 0 0 0 0 0 0 0 0 0 0 0 0 0 0 0 0 0 0 0 0 0 0 0 0 0 0 0 0 0 0 0 0 0 0 0 0 0 0 0 0 0 0 0 0 0 0 0 0 0 0 0 0 0 0 0 0 0 0 0 0 0 0 0 0 0 0 0 0 0 0 0 0 0 0 0 0 0 0 0 0 0 0 0 0 0 0 0 0 0 0 0 0 0 0 0 0 0 0 0 0 0 0 0 0 0 0 0 0 0 0 0 0 0 0 0 0 0 0 0 0 0 0 0 0 0 0 0 0 0 0 0 0 0 0 0 0 0 0 0 0 0 0 0 0 0 0 0 0 0 0 0 0 0 0 0 0 0 0 0 0 0 0 0 0 0 0 0 0 0 0 0 0 0 0 0 0 0 0 0 0 0 0 0 0 0 0 0 0 0 0 0 0 0 0 0 0 0 0 0 0 0 0 0 0 0 0 0 0 0 0 0 0 0 0 0 0 0 0 0 0 0 0 0 0 0 0 0 0 0 0 0 0 0 0 0 0 0 0 0 0 0 0 0 0 0 0 0 0 0 0 0 0 0 0 0 0 0 0 0 0 0 0 0 0 0 0 0 0 0 0 0 0 0 0 0 0 0 0 0 0 0 0 0 0 0 0 0 0 0 0 0 0 0 0 0 0 0 0 0 0 0 0 0 0 0 0 0 0 0 0 0 0 0 0 0 0 0 0 0 0 0 0 0 0 0 0 0 0 0 0 0 0 0 0 0 0 0 0 0 0 0 0 0 0 0 0 0 0 0 0 0 0 0 0 0 0 0 0 0 0 0 0 0 0 0 0 0 0 0 0 0 0 0 0\nctxt 174802\nbtime 1767829022\nprocesses 4098\nprocs_running 3\nprocs_blocked 0\nsoftirq 124536 0 20995 4 12589 0 0 10679 32989 14 47266\n"}
{"timestamp":1767829444,"subsystem":"/proc/meminfo","measurement":"MemTotal:        3955152 kB\nMemFree:         3338088 kB\nMemAvailable:    3524668 kB\nBuffers:            4008 kB\nCached:           400300 kB\nSwapCached:            0 kB\nActive:           208224 kB\nInactive:         274500 kB\nActive(anon):        632 kB\nInactive(anon):    98108 kB\nActive(file):     207592 kB\nInactive(file):   176392 kB\nUnevictable:        3152 kB\nMlocked:              80 kB\nSwapTotal:             0 kB\nSwapFree:              0 kB\nDirty:                56 kB\nWriteback:             0 kB\nAnonPages:         77520 kB\nMapped:            36080 kB\nShmem:             20324 kB\nKReclaimable:      30356 kB\nSlab:              56668 kB\nSReclaimable:      30356 kB\nSUnreclaim:        26312 kB\nKernelStack:        2224 kB\nPageTables:         2552 kB\nNFS_Unstable:          0 kB\nBounce:                0 kB\nWritebackTmp:          0 kB\nCommitLimit:     1977576 kB\nCommitted_AS:     306080 kB\nVmallocTotal:   34359738367 kB\nVmallocUsed:       34728 kB\nVmallocChunk:          0 kB\nPercpu:              600 kB\nHardwareCorrupted:     0 kB\nAnonHugePages:     20480 kB\nShmemHugePages:        0 kB\nShmemPmdMapped:        0 kB\nFileHugePages:         0 kB\nFilePmdMapped:         0 kB\nCmaTotal:              0 kB\nCmaFree:               0 kB\nUnaccepted:            0 kB\nHugePages_Total:       0\nHugePages_Free:        0\nHugePages_Rsvd:        0\nHugePages_Surp:        0\nHugepagesize:       2048 kB\nHugetlb:               0 kB\nDirectMap4k:      109752 kB\nDirectMap2M:     4032512 kB\nDirectMap1G:     2097152 kB\n"}
{"timestamp":1767829444,"subsystem":"/proc/net/dev","measurement":"Inter-|   Receive                                                |  Transmit\n face |bytes    packets errs drop fifo frame compressed multicast|bytes    packets errs drop fifo colls carrier compressed\n    lo:    2072      14    0    0    0     0          0         0     2072      14    0    0    0     0       0          0\n  eth0: 53402541   40326    0    0    0     0          0         0  2664301    9030    0    0    0     0       0          0\n"}
{"timestamp":1767829444,"subsystem":"/proc/diskstats","measurement":"   8       0 sda 4494 1 573070 12739 2067 829 325721 13531 0 16056 26964 0 0 0 0 102 693\n   8       1 sda1 69 0 800 26 0 0 0 0 0 56 26 0 0 0 0 0 0\n   8       2 sda2 159 0 8576 60 1 0 1 0 0 92 60 0 0 0 0 0 0\n   8       3 sda3 168 0 16958 62 8 0 4137 10 0 124 73 0 0 0 0 0 0\n   8       4 sda4 4001 1 543016 12557 2058 829 321583 13521 0 15944 26078 0 0 0 0 0 0\n   8      16 sdb 409 1 23778 157 221 1037 401856 22240 0 3368 22399 5 4 16773128 1 0 0\n   8      17 sdb1 135 1 8530 95 221 1037 401856 22240 0 3256 22337 5 4 16773128 1 0 0\n  11       0 sr0 63 0 440 64 0 0 0 0 0 100 64 0 0 0 0 0 0\n"}
{"timestamp":1767829444,"subsystem":"statfs[*]","measurement":"{\"mount_point\":\"/\",\"block_size\":4096,\"blocks_total\":7466684,\"blocks_free\":6506410,\"blocks_available\":6506410}\n{\"mount_point\":\"/boot\",\"block_size\":4096,\"blocks_total\":259584,\"blocks_free\":230628,\"blocks_available\":230628}\n{\"mount_point\":\"/boot/efi\",\"block_size\":8192,\"blocks_total\":65500,\"blocks_free\":65118,\"blocks_available\":65118}\n{\"mount_point\":\"/mnt\",\"block_size\":4096,\"blocks_total\":2038135,\"blocks_free\":2038129,\"blocks_available\":1929201}\n"}
{"timestamp":1767829449,"subsystem":"/proc/stat","measurement":"cpu  7154 0 1196 75608 1098 0 123 0 0 0\ncpu0 4759 0 578 36835 349 0 38 0 0 0\ncpu1 2395 0 618 38773 748 0 85 0 0 0\nintr 52962 0 0 0 0 3114 0 0 0 0 0 0 0 0 0 0 0 0 0 0 0 0 0 0 0 0 0 0 0 0 0 0 0 0 0 0 0 0 0 0 0 0 0 0 0 0 0 0 0 0 0 0 0 0 0 0 0 0 0 0 0 0 0 0 0 0 0 0 0 0 0 0 0 0 0 0 0 0 0 0 0 0 0 0 0 0 0 0 0 0 0 0 0 0 0 0 0 0 0 0 0 0 0 0 0 0 0 0 0 0 0 0 0 0 0 0 0 0 0 0 0 0 0 0 0 0 0 0 0 0 0 0 0 0 0 0 0 0 0 0 0 0 0 0 0 0 0 0 0 0 0 0 0 0 0 0 0 0 0 0 0 0 0 0 0 0 0 0 0 0 0 0 0 0 0 0 0 0 0 0 0 0 0 0 0 0 0 0 0 0 0 0 0 0 0 0 0 0 0 0 0 0 0 0 0 0 0 0 0 0 0 0 0 0 0 0 0 0 0 0 0 0 0 0 0 0 0 0 0 0 0 0 0 0 0 0 0 0 0 0 0 0 0 0 0 0 0 0 0 0 0 0 0 0 0 0 0 0 0 0 0 0 0 0 0 0 0 0 0 0 0 0 0 0 0 0 0 0 0 0 0 0 0 0 0 0 0 0 0 0 0 0 0 0 0 0 0 0 0 0 0 0 0 0 0 0 0 0 0 0 0 0 0 0 0 0 0 0 0 0 0 0 0 0 0 0 0 0 0 0 0 0 0 0 0 0 0 0 0 0 0 0 0 0 0 0 0 0 0 0 0 0 0 0 0 0 0 0 0 0 0 0 0 0 0 0 0 0 0 0 0 0 0 0 0 0 0 0 0 0 0 0 0 0 0 0 0 0 0 0 0 0 0 0 0 0 0 0 0 0 0 0 0 0 0 0 0 0 0 0 0 0 0 0 0 0 0 0 0 0 0 0 0 0 0 0 0 0 0 0 0 0 0 0 0 0 0 0 0 0 0\nctxt 175307\nbtime 1767829022\nprocesses 4101\nprocs_running 3\nprocs_blocked 0\nsoftirq 125116 0 21148 4 12619 0 0 10687 33336 14 47308\n"}
{"timestamp":1767829449,"subsystem":"/proc/meminfo","measurement":"MemTotal:        3955152 kB\nMemFree:         3336328 kB\nMemAvailable:    3522912 kB\nBuffers:            4008 kB\nCached:           400304 kB\nSwapCached:            0 kB\nActive:           208224 kB\nInactive:         274708 kB\nActive(anon):        632 kB\nInactive(anon):    98312 kB\nActive(file):     207592 kB\nInactive(file):   176396 kB\nUnevictable:        3152 kB\nMlocked:              80 kB\nSwapTotal:             0 kB\nSwapFree:              0 kB\nDirty:                60 kB\nWriteback:             0 kB\nAnonPages:         77724 kB\nMapped:            36080 kB\nShmem:             20324 kB\nKReclaimable:      30356 kB\nSlab:              56668 kB\nSReclaimable:      30356 kB\nSUnreclaim:        26312 kB\nKernelStack:        2224 kB\nPageTables:         2552 kB\nNFS_Unstable:          0 kB\nBounce:                0 kB\nWritebackTmp:          0 kB\nCommitLimit:     1977576 kB\nCommitted_AS:     306080 kB\nVmallocTotal:   34359738367 kB\nVmallocUsed:       34728 kB\nVmallocChunk:          0 kB\nPercpu:              600 kB\nHardwareCorrupted:     0 kB\nAnonHugePages:     20480 kB\nShmemHugePages:        0 kB\nShmemPmdMapped:        0 kB\nFileHugePages:         0 kB\nFilePmdMapped:         0 kB\nCmaTotal:              0 kB\nCmaFree:               0 kB\nUnaccepted:            0 kB\nHugePages_Total:       0\nHugePages_Free:        0\nHugePages_Rsvd:        0\nHugePages_Surp:        0\nHugepagesize:       2048 kB\nHugetlb:               0 kB\nDirectMap4k:      109752 kB\nDirectMap2M:     4032512 kB\nDirectMap1G:     2097152 kB\n"}
{"timestamp":1767829449,"subsystem":"/proc/net/dev","measurement":"Inter-|   Receive                                                |  Transmit\n face |bytes    packets errs drop fifo frame compressed multicast|bytes    packets errs drop fifo colls carrier compressed\n    lo:    2072      14    0    0    0     0          0         0     2072      14    0    0    0     0       0          0\n  eth0: 53406524   40343    0    0    0     0          0         0  2669636    9050    0    0    0     0       0          0\n"}
{"timestamp":1767829449,"subsystem":"/proc/diskstats","measurement":"   8       0 sda 4494 1 573070 12739 2070 831 325761 13533 0 16064 26966 0 0 0 0 102 693\n   8       1 sda1 69 0 800 26 0 0 0 0 0 56 26 0 0 0 0 0 0\n   8       2 sda2 159 0 8576 60 1 0 1 0 0 92 60 0 0 0 0 0 0\n   8       3 sda3 168 0 16958 62 8 0 4137 10 0 124 73 0 0 0 0 0 0\n   8       4 sda4 4001 1 543016 12557 2061 831 321623 13523 0 15952 26080 0 0 0 0 0 0\n   8      16 sdb 409 1 23778 157 221 1037 401856 22240 0 3368 22399 5 4 16773128 1 0 0\n   8      17 sdb1 135 1 8530 95 221 1037 401856 22240 0 3256 22337 5 4 16773128 1 0 0\n  11       0 sr0 63 0 440 64 0 0 0 0 0 100 64 0 0 0 0 0 0\n"}
{"timestamp":1767829449,"subsystem":"statfs[*]","measurement":"{\"mount_point\":\"/\",\"block_size\":4096,\"blocks_total\":7466684,\"blocks_free\":6506409,\"blocks_available\":6506409}\n{\"mount_point\":\"/boot\",\"block_size\":4096,\"blocks_total\":259584,\"blocks_free\":230628,\"blocks_available\":230628}\n{\"mount_point\":\"/boot/efi\",\"block_size\":8192,\"blocks_total\":65500,\"blocks_free\":65118,\"blocks_available\":65118}\n{\"mount_point\":\"/mnt\",\"block_size\":4096,\"blocks_total\":2038135,\"blocks_free\":2038129,\"blocks_available\":1929201}\n"}
{"timestamp":1767829454,"subsystem":"/proc/stat","measurement":"cpu  7656 0 1197 76105 1098 0 127 0 0 0\ncpu0 5259 0 578 36835 349 0 38 0 0 0\ncpu1 2397 0 619 39269 749 0 89 0 0 0\nintr 53117 0 0 0 0 3114 0 0 0 0 0 0 0 0 0 0 0 0 0 0 0 0 0 0 0 0 0 0 0 0 0 0 0 0 0 0 0 0 0 0 0 0 0 0 0 0 0 0 0 0 0 0 0 0 0 0 0 0 0 0 0 0 0 0 0 0 0 0 0 0 0 0 0 0 0 0 0 0 0 0 0 0 0 0 0 0 0 0 0 0 0 0 0 0 0 0 0 0 0 0 0 0 0 0 0 0 0 0 0 0 0 0 0 0 0 0 0 0 0 0 0 0 0 0 0 0 0 0 0 0 0 0 0 0 0 0 0 0 0 0 0 0 0 0 0 0 0 0 0 0 0 0 0 0 0 0 0 0 0 0 0 0 0 0 0 0 0 0 0 0 0 0 0 0 0 0 0 0 0 0 0 0 0 0 0 0 0 0 0 0 0 0 0 0 0 0 0 0 0 0 0 0 0 0 0 0 0 0 0 0 0 0 0 0 0 0 0 0 0 0 0 0 0 0 0 0 0 0 0 0 0 0 0 0 0 0 0 0 0 0 0 0 0 0 0 0 0 0 0 0 0 0 0 0 0 0 0 0 0 0 0 0 0 0 0 0 0 0 0 0 0 0 0 0 0 0 0 0 0 0 0 0 0 0 0 0 0 0 0 0 0 0 0 0 0 0 0 0 0 0 0 0 0 0 0 0 0 0 0 0 0 0 0 0 0 0 0 0 0 0 0 0 0 0 0 0 0 0 0 0 0 0 0 0 0 0 0 0 0 0 0 0 0 0 0 0 0 0 0 0 0 0 0 0 0 0 0 0 0 0 0 0 0 0 0 0 0 0 0 0 0 0 0 0 0 0 0 0 0 0 0 0 0 0 0 0 0 0 0 0 0 0 0 0 0 0 0 0 0 0 0 0 0 0 0 0 0 0 0 0 0 0 0 0 0 0 0 0 0 0 0 0 0 0 0 0 0 0 0 0 0 0 0 0 0 0 0 0 0 0 0\nctxt 175857\nbtime 1767829022\nprocesses 4104\nprocs_running 3\nprocs_blocked 0\nsoftirq 125806 0 21316 4 12685 0 0 10696 33712 14 47379\n"}
{"timestamp":1767829454,"subsystem":"/proc/meminfo","measurement":"MemTotal:        3955152 kB\nMemFree:         3332232 kB\nMemAvailable:    3518820 kB\nBuffers:            4008 kB\nCached:           400308 kB\nSwapCached:            0 kB\nActive:           208224 kB\nInactive:         274748 kB\nActive(anon):        632 kB\nInactive(anon):    98348 kB\nActive(file):     207592 kB\nInactive(file):   176400 kB\nUnevictable:        3152 kB\nMlocked:              80 kB\nSwapTotal:             0 kB\nSwapFree:              0 kB\nDirty:                40 kB\nWriteback:             0 kB\nAnonPages:         79784 kB\nMapped:            36080 kB\nShmem:             20324 kB\nKReclaimable:      30356 kB\nSlab:              56668 kB\nSReclaimable:      30356 kB\nSUnreclaim:        26312 kB\nKernelStack:        2224 kB\nPageTables:         2552 kB\nNFS_Unstable:          0 kB\nBounce:                0 kB\nWritebackTmp:          0 kB\nCommitLimit:     1977576 kB\nCommitted_AS:     306080 kB\nVmallocTotal:   34359738367 kB\nVmallocUsed:       34728 kB\nVmallocChunk:          0 kB\nPercpu:              600 kB\nHardwareCorrupted:     0 kB\nAnonHugePages:     22528 kB\nShmemHugePages:        0 kB\nShmemPmdMapped:        0 kB\nFileHugePages:         0 kB\nFilePmdMapped:         0 kB\nCmaTotal:              0 kB\nCmaFree:               0 kB\nUnaccepted:            0 kB\nHugePages_Total:       0\nHugePages_Free:        0\nHugePages_Rsvd:        0\nHugePages_Surp:        0\nHugepagesize:       2048 kB\nHugetlb:               0 kB\nDirectMap4k:      109752 kB\nDirectMap2M:     4032512 kB\nDirectMap1G:     2097152 kB\n"}
{"timestamp":1767829454,"subsystem":"/proc/net/dev","measurement":"Inter-|   Receive                                                |  Transmit\n face |bytes    packets errs drop fifo frame compressed multicast|bytes    packets errs drop fifo colls carrier compressed\n    lo:    2072      14    0    0    0     0          0         0     2072      14    0    0    0     0       0          0\n  eth0: 53416048   40382    0    0    0     0          0         0  2678698    9100    0    0    0     0       0          0\n"}
{"timestamp":1767829454,"subsystem":"/proc/diskstats","measurement":"   8       0 sda 4494 1 573070 12739 2072 832 325785 13534 0 16072 26967 0 0 0 0 102 693\n   8       1 sda1 69 0 800 26 0 0 0 0 0 56 26 0 0 0 0 0 0\n   8       2 sda2 159 0 8576 60 1 0 1 0 0 92 60 0 0 0 0 0 0\n   8       3 sda3 168 0 16958 62 8 0 4137 10 0 124 73 0 0 0 0 0 0\n   8       4 sda4 4001 1 543016 12557 2063 832 321647 13524 0 15960 26081 0 0 0 0 0 0\n   8      16 sdb 409 1 23778 157 221 1037 401856 22240 0 3368 22399 5 4 16773128 1 0 0\n   8      17 sdb1 135 1 8530 95 221 1037 401856 22240 0 3256 22337 5 4 16773128 1 0 0\n  11       0 sr0 63 0 440 64 0 0 0 0 0 100 64 0 0 0 0 0 0\n"}
{"timestamp":1767829454,"subsystem":"statfs[*]","measurement":"{\"mount_point\":\"/\",\"block_size\":4096,\"blocks_total\":7466684,\"blocks_free\":6506418,\"blocks_available\":6506418}\n{\"mount_point\":\"/boot\",\"block_size\":4096,\"blocks_total\":259584,\"blocks_free\":230628,\"blocks_available\":230628}\n{\"mount_point\":\"/boot/efi\",\"block_size\":8192,\"blocks_total\":65500,\"blocks_free\":65118,\"blocks_available\":65118}\n{\"mount_point\":\"/mnt\",\"block_size\":4096,\"blocks_total\":2038135,\"blocks_free\":2038129,\"blocks_available\":1929201}\n"}
{"timestamp":1767829459,"subsystem":"/proc/stat","measurement":"cpu  8157 0 1198 76603 1098 0 129 0 0 0\ncpu0 5759 0 578 36835 349 0 38 0 0 0\ncpu1 2398 0 620 39767 749 0 91 0 0 0\nintr 53256 0 0 0 0 3114 0 0 0 0 0 0 0 0 0 0 0 0 0 0 0 0 0 0 0 0 0 0 0 0 0 0 0 0 0 0 0 0 0 0 0 0 0 0 0 0 0 0 0 0 0 0 0 0 0 0 0 0 0 0 0 0 0 0 0 0 0 0 0 0 0 0 0 0 0 0 0 0 0 0 0 0 0 0 0 0 0 0 0 0 0 0 0 0 0 0 0 0 0 0 0 0 0 0 0 0 0 0 0 0 0 0 0 0 0 0 0 0 0 0 0 0 0 0 0 0 0 0 0 0 0 0 0 0 0 0 0 0 0 0 0 0 0 0 0 0 0 0 0 0 0 0 0 0 0 0 0 0 0 0 0 0 0 0 0 0 0 0 0 0 0 0 0 0 0 0 0 0 0 0 0 0 0 0 0 0 0 0 0 0 0 0 0 0 0 0 0 0 0 0 0 0 0 0 0 0 0 0 0 0 0 0 0 0 0 0 0 0 0 0 0 0 0 0 0 0 0 0 0 0 0 0 0 0 0 0 0 0 0 0 0 0 0 0 0 0 0 0 0 0 0 0 0 0 0 0 0 0 0 0 0 0 0 0 0 0 0 0 0 0 0 0 0 0 0 0 0 0 0 0 0 0 0 0 0 0 0 0 0 0 0 0 0 0 0 0 0 0 0 0 0 0 0 0 0 0 0 0 0 0 0 0 0 0 0 0 0 0 0 0 0 0 0 0 0 0 0 0 0 0 0 0 0 0 0 0 0 0 0 0 0 0 0 0 0 0 0 0 0 0 0 0 0 0 0 0 0 0 0 0 0 0 0 0 0 0 0 0 0 0 0 0 0 0 0 0 0 0 0 0 0 0 0 0 0 0 0 0 0 0 0 0 0 0 0 0 0 0 0 0 0 0 0 0 0 0 0 0 0 0 0 0 0 0 0 0 0 0 0 0 0 0 0 0 0 0 0 0 0 0 0 0 0 0 0 0 0 0 0 0 0\nctxt 176367\nbtime 1767829022\nprocesses 4107\nprocs_running 3\nprocs_blocked 0\nsoftirq 126367 0 21477 4 12685 0 0 10714 34062 14 47411\n"}
{"timestamp":1767829459,"subsystem":"/proc/meminfo","measurement":"MemTotal:        3955152 kB\nMemFree:         3332232 kB\nMemAvailable:    3518820 kB\nBuffers:            4008 kB\nCached:           400312 kB\nSwapCached:            0 kB\nActive:           208224 kB\nInactive:         274768 kB\nActive(anon):        632 kB\nInactive(anon):    98368 kB\nActive(file):     207592 kB\nInactive(file):   176400 kB\nUnevictable:        3152 kB\nMlocked:              80 kB\nSwapTotal:             0 kB\nSwapFree:              0 kB\nDirty:                44 kB\nWriteback:             0 kB\nAnonPages:         79816 kB\nMapped:            36080 kB\nShmem:             20324 kB\nKReclaimable:      30356 kB\nSlab:              56640 kB\nSReclaimable:      30356 kB\nSUnreclaim:        26284 kB\nKernelStack:        2224 kB\nPageTables:         2552 kB\nNFS_Unstable:          0 kB\nBounce:                0 kB\nWritebackTmp:          0 kB\nCommitLimit:     1977576 kB\nCommitted_AS:     306080 kB\nVmallocTotal:   34359738367 kB\nVmallocUsed:       34728 kB\nVmallocChunk:          0 kB\nPercpu:              600 kB\nHardwareCorrupted:     0 kB\nAnonHugePages:     22528 kB\nShmemHugePages:        0 kB\nShmemPmdMapped:        0 kB\nFileHugePages:         0 kB\nFilePmdMapped:         0 kB\nCmaTotal:              0 kB\nCmaFree:               0 kB\nUnaccepted:            0 kB\nHugePages_Total:       0\nHugePages_Free:        0\nHugePages_Rsvd:        0\nHugePages_Surp:        0\nHugepagesize:       2048 kB\nHugetlb:               0 kB\nDirectMap4k:      109752 kB\nDirectMap2M:     4032512 kB\nDirectMap1G:     2097152 kB\n"}
{"timestamp":1767829459,"subsystem":"/proc/net/dev","measurement":"Inter-|   Receive                                                |  Transmit\n face |bytes    packets errs drop fifo frame compressed multicast|bytes    packets errs drop fifo colls carrier compressed\n    lo:    2072      14    0    0    0     0          0         0     2072      14    0    0    0     0       0          0\n  eth0: 53416048   40382    0    0    0     0          0         0  2678698    9100    0    0    0     0       0          0\n"}
{"timestamp":1767829459,"subsystem":"/proc/diskstats","measurement":"   8       0 sda 4494 1 573070 12739 2096 832 326377 13553 0 16080 26988 0 0 0 0 103 695\n   8       1 sda1 69 0 800 26 0 0 0 0 0 56 26 0 0 0 0 0 0\n   8       2 sda2 159 0 8576 60 1 0 1 0 0 92 60 0 0 0 0 0 0\n   8       3 sda3 168 0 16958 62 8 0 4137 10 0 124 73 0 0 0 0 0 0\n   8       4 sda4 4001 1 543016 12557 2087 832 322239 13542 0 15968 26099 0 0 0 0 0 0\n   8      16 sdb 409 1 23778 157 221 1037 401856 22240 0 3368 22399 5 4 16773128 1 0 0\n   8      17 sdb1 135 1 8530 95 221 1037 401856 22240 0 3256 22337 5 4 16773128 1 0 0\n  11       0 sr0 63 0 440 64 0 0 0 0 0 100 64 0 0 0 0 0 0\n"}
{"timestamp":1767829459,"subsystem":"statfs[*]","measurement":"{\"mount_point\":\"/\",\"block_size\":4096,\"blocks_total\":7466684,\"blocks_free\":6506422,\"blocks_available\":6506422}\n{\"mount_point\":\"/boot\",\"block_size\":4096,\"blocks_total\":259584,\"blocks_free\":230628,\"blocks_available\":230628}\n{\"mount_point\":\"/boot/efi\",\"block_size\":8192,\"blocks_total\":65500,\"blocks_free\":65118,\"blocks_available\":65118}\n{\"mount_point\":\"/mnt\",\"block_size\":4096,\"blocks_total\":2038135,\"blocks_free\":2038129,\"blocks_available\":1929201}\n"}
{"timestamp":1767829464,"subsystem":"/proc/stat","measurement":"cpu  8658 0 1199 77100 1098 0 133 0 0 0\ncpu0 6259 0 578 36835 349 0 38 0 0 0\ncpu1 2399 0 620 40265 749 0 95 0 0 0\nintr 53391 0 0 0 0 3114 0 0 0 0 0 0 0 0 0 0 0 0 0 0 0 0 0 0 0 0 0 0 0 0 0 0 0 0 0 0 0 0 0 0 0 0 0 0 0 0 0 0 0 0 0 0 0 0 0 0 0 0 0 0 0 0 0 0 0 0 0 0 0 0 0 0 0 0 0 0 0 0 0 0 0 0 0 0 0 0 0 0 0 0 0 0 0 0 0 0 0 0 0 0 0 0 0 0 0 0 0 0 0 0 0 0 0 0 0 0 0 0 0 0 0 0 0 0 0 0 0 0 0 0 0 0 0 0 0 0 0 0 0 0 0 0 0 0 0 0 0 0 0 0 0 0 0 0 0 0 0 0 0 0 0 0 0 0 0 0 0 0 0 0 0 0 0 0 0 0 0 0 0 0 0 0 0 0 0 0 0 0 0 0 0 0 0 0 0 0 0 0 0 0 0 0 0 0 0 0 0 0 0 0 0 0 0 0 0 0 0 0 0 0 0 0 0 0 0 0 0 0 0 0 0 0 0 0 0 0 0 0 0 0 0 0 0 0 0 0 0 0 0 0 0 0 0 0 0 0 0 0 0 0 0 0 0 0 0 0 0 0 0 0 0 0 0 0 0 0 0 0 0 0 0 0 0 0 0 0 0 0 0 0 0 0 0 0 0 0 0 0 0 0 0 0 0 0 0 0 0 0 0 0 0 0 0 0 0 0 0 0 0 0 0 0 0 0 0 0 0 0 0 0 0 0 0 0 0 0 0 0 0 0 0 0 0 0 0 0 0 0 0 0 0 0 0 0 0 0 0 0 0 0 0 0 0 0 0 0 0 0 0 0 0 0 0 0 0 0 0 0 0 0 0 0 0 0 0 0 0 0 0 0 0 0 0 0 0 0 0 0 0 0 0 0 0 0 0 0 0 0 0 0 0 0 0 0 0 0 0 0 0 0 0 0 0 0 0 0 0 0 0 0 0 0 0 0 0 0 0 0 0 0 0\nctxt 176853\nbtime 1767829022\nprocesses 4110\nprocs_running 3\nprocs_blocked 0\nsoftirq 126936 0 21638 4 12709 0 0 10723 34407 14 47441\n"}
{"timestamp":1767829464,"subsystem":"/proc/meminfo","measurement":"MemTotal:        3955152 kB\nMemFree:         3332232 kB\nMemAvailable:    3518828 kB\nBuffers:            4008 kB\nCached:           400316 kB\nSwapCached:            0 kB\nActive:           208224 kB\nInactive:         274872 kB\nActive(anon):        632 kB\nInactive(anon):    98464 kB\nActive(file):     207592 kB\nInactive(file):   176408 kB\nUnevictable:        3152 kB\nMlocked:              80 kB\nSwapTotal:             0 kB\nSwapFree:              0 kB\nDirty:                12 kB\nWriteback:             0 kB\nAnonPages:         79900 kB\nMapped:            36080 kB\nShmem:             20324 kB\nKReclaimable:      30356 kB\nSlab:              56640 kB\nSReclaimable:      30356 kB\nSUnreclaim:        26284 kB\nKernelStack:        2224 kB\nPageTables:         2552 kB\nNFS_Unstable:          0 kB\nBounce:                0 kB\nWritebackTmp:          0 kB\nCommitLimit:     1977576 kB\nCommitted_AS:     306080 kB\nVmallocTotal:   34359738367 kB\nVmallocUsed:       34728 kB\nVmallocChunk:          0 kB\nPercpu:              600 kB\nHardwareCorrupted:     0 kB\nAnonHugePages:     22528 kB\nShmemHugePages:        0 kB\nShmemPmdMapped:        0 kB\nFileHugePages:         0 kB\nFilePmdMapped:         0 kB\nCmaTotal:              0 kB\nCmaFree:               0 kB\nUnaccepted:            0 kB\nHugePages_Total:       0\nHugePages_Free:        0\nHugePages_Rsvd:        0\nHugePages_Surp:        0\nHugepagesize:       2048 kB\nHugetlb:               0 kB\nDirectMap4k:      109752 kB\nDirectMap2M:     4032512 kB\nDirectMap1G:     2097152 kB\n"}
{"timestamp":1767829464,"subsystem":"/proc/net/dev","measurement":"Inter-|   Receive                                                |  Transmit\n face |bytes    packets errs drop fifo frame compressed multicast|bytes    packets errs drop fifo colls carrier compressed\n    lo:    2072      14    0    0    0     0          0         0     2072      14    0    0    0     0       0          0\n  eth0: 53419851   40397    0    0    0     0          0         0  2683943    9119    0    0    0     0       0          0\n"}
{"timestamp":1767829464,"subsystem":"/proc/diskstats","measurement":"   8       0 sda 4494 1 573070 12739 2100 832 326465 13557 0 16088 26993 0 0 0 0 103 695\n   8       1 sda1 69 0 800 26 0 0 0 0 0 56 26 0 0 0 0 0 0\n   8       2 sda2 159 0 8576 60 1 0 1 0 0 92 60 0 0 0 0 0 0\n   8       3 sda3 168 0 16958 62 8 0 4137 10 0 124 73 0 0 0 0 0 0\n   8       4 sda4 4001 1 543016 12557 2091 832 322327 13546 0 15976 26104 0 0 0 0 0 0\n   8      16 sdb 409 1 23778 157 221 1037 401856 22240 0 3368 22399 5 4 16773128 1 0 0\n   8      17 sdb1 135 1 8530 95 221 1037 401856 22240 0 3256 22337 5 4 16773128 1 0 0\n  11       0 sr0 63 0 440 64 0 0 0 0 0 100 64 0 0 0 0 0 0\n"}
{"timestamp":1767829464,"subsystem":"statfs[*]","measurement":"{\"mount_point\":\"/\",\"block_size\":4096,\"blocks_total\":7466684,\"blocks_free\":6506416,\"blocks_available\":6506416}\n{\"mount_point\":\"/boot\",\"block_size\":4096,\"blocks_total\":259584,\"blocks_free\":230628,\"blocks_available\":230628}\n{\"mount_point\":\"/boot/efi\",\"block_size\":8192,\"blocks_total\":65500,\"blocks_free\":65118,\"blocks_available\":65118}\n{\"mount_point\":\"/mnt\",\"block_size\":4096,\"blocks_total\":2038135,\"blocks_free\":2038129,\"blocks_available\":1929201}\n"}
{"timestamp":1767829469,"subsystem":"/proc/stat","measurement":"cpu  9160 0 1200 77598 1098 0 136 0 0 0\ncpu0 6759 0 578 36835 349 0 38 0 0 0\ncpu1 2400 0 621 40762 749 0 98 0 0 0\nintr 53526 0 0 0 0 3114 0 0 0 0 0 0 0 0 0 0 0 0 0 0 0 0 0 0 0 0 0 0 0 0 0 0 0 0 0 0 0 0 0 0 0 0 0 0 0 0 0 0 0 0 0 0 0 0 0 0 0 0 0 0 0 0 0 0 0 0 0 0 0 0 0 0 0 0 0 0 0 0 0 0 0 0 0 0 0 0 0 0 0 0 0 0 0 0 0 0 0 0 0 0 0 0 0 0 0 0 0 0 0 0 0 0 0 0 0 0 0 0 0 0 0 0 0 0 0 0 0 0 0 0 0 0 0 0 0 0 0 0 0 0 0 0 0 0 0 0 0 0 0 0 0 0 0 0 0 0 0 0 0 0 0 0 0 0 0 0 0 0 0 0 0 0 0 0 0 0 0 0 0 0 0 0 0 0 0 0 0 0 0 0 0 0 0 0 0 0 0 0 0 0 0 0 0 0 0 0 0 0 0 0 0 0 0 0 0 0 0 0 0 0 0 0 0 0 0 0 0 0 0 0 0 0 0 0 0 0 0 0 0 0 0 0 0 0 0 0 0 0 0 0 0 0 0 0 0 0 0 0 0 0 0 0 0 0 0 0 0 0 0 0 0 0 0 0 0 0 0 0 0 0 0 0 0 0 0 0 0 0 0 0 0 0 0 0 0 0 0 0 0 0 0 0 0 0 0 0 0 0 0 0 0 0 0 0 0 0 0 0 0 0 0 0 0 0 0 0 0 0 0 0 0 0 0 0 0 0 0 0 0 0 0 0 0 0 0 0 0 0 0 0 0 0 0 0 0 0 0 0 0 0 0 0 0 0 0 0 0 0 0 0 0 0 0 0 0 0 0 0 0 0 0 0 0 0 0 0 0 0 0 0 0 0 0 0 0 0 0 0 0 0 0 0 0 0 0 0 0 0 0 0 0 0 0 0 0 0 0 0 0 0 0 0 0 0 0 0 0 0 0 0 0 0 0 0 0 0 0 0 0 0 0\nctxt 177344\nbtime 1767829022\nprocesses 4113\nprocs_running 4\nprocs_blocked 0\nsoftirq 127498 0 21789 4 12733 0 0 10730 34748 14 47480\n"}
{"timestamp":1767829469,"subsystem":"/proc/meminfo","measurement":"MemTotal:        3955152 kB\nMemFree:         3331980 kB\nMemAvailable:    3518584 kB\nBuffers:            4008 kB\nCached:           400324 kB\nSwapCached:            0 kB\nActive:           208224 kB\nInactive:         274908 kB\nActive(anon):        632 kB\nInactive(anon):    98492 kB\nActive(file):     207592 kB\nInactive(file):   176416 kB\nUnevictable:        3152 kB\nMlocked:              80 kB\nSwapTotal:             0 kB\nSwapFree:              0 kB\nDirty:                20 kB\nWriteback:             0 kB\nAnonPages:         79928 kB\nMapped:            36080 kB\nShmem:             20324 kB\nKReclaimable:      30356 kB\nSlab:              56640 kB\nSReclaimable:      30356 kB\nSUnreclaim:        26284 kB\nKernelStack:        2224 kB\nPageTables:         2552 kB\nNFS_Unstable:          0 kB\nBounce:                0 kB\nWritebackTmp:          0 kB\nCommitLimit:     1977576 kB\nCommitted_AS:     306080 kB\nVmallocTotal:   34359738367 kB\nVmallocUsed:       34728 kB\nVmallocChunk:          0 kB\nPercpu:              600 kB\nHardwareCorrupted:     0 kB\nAnonHugePages:     22528 kB\nShmemHugePages:        0 kB\nShmemPmdMapped:        0 kB\nFileHugePages:         0 kB\nFilePmdMapped:         0 kB\nCmaTotal:              0 kB\nCmaFree:               0 kB\nUnaccepted:            0 kB\nHugePages_Total:       0\nHugePages_Free:        0\nHugePages_Rsvd:        0\nHugePages_Surp:        0\nHugepagesize:       2048 kB\nHugetlb:               0 kB\nDirectMap4k:      109752 kB\nDirectMap2M:     4032512 kB\nDirectMap1G:     2097152 kB\n"}
{"timestamp":1767829469,"subsystem":"/proc/net/dev","measurement":"Inter-|   Receive                                                |  Transmit\n face |bytes    packets errs drop fifo frame compressed multicast|bytes    packets errs drop fifo colls carrier compressed\n    lo:    2072      14    0    0    0     0          0         0     2072      14    0    0    0     0       0          0\n  eth0: 53423654   40412    0    0    0     0          0         0  2689188    9138    0    0    0     0       0          0\n"}
{"timestamp":1767829469,"subsystem":"/proc/diskstats","measurement":"   8       0 sda 4494 1 573070 12739 2101 832 326473 13557 0 16092 26993 0 0 0 0 103 695\n   8       1 sda1 69 0 800 26 0 0 0 0 0 56 26 0 0 0 0 0 0\n   8       2 sda2 159 0 8576 60 1 0 1 0 0 92 60 0 0 0 0 0 0\n   8       3 sda3 168 0 16958 62 8 0 4137 10 0 124 73 0 0 0 0 0 0\n   8       4 sda4 4001 1 543016 12557 2092 832 322335 13547 0 15980 26104 0 0 0 0 0 0\n   8      16 sdb 409 1 23778 157 221 1037 401856 22240 0 3368 22399 5 4 16773128 1 0 0\n   8      17 sdb1 135 1 8530 95 221 1037 401856 22240 0 3256 22337 5 4 16773128 1 0 0\n  11       0 sr0 63 0 440 64 0 0 0 0 0 100 64 0 0 0 0 0 0\n"}
{"timestamp":1767829469,"subsystem":"statfs[*]","measurement":"{\"mount_point\":\"/\",\"block_size\":4096,\"blocks_total\":7466684,\"blocks_free\":6506414,\"blocks_available\":6506414}\n{\"mount_point\":\"/boot\",\"block_size\":4096,\"blocks_total\":259584,\"blocks_free\":230628,\"blocks_available\":230628}\n{\"mount_point\":\"/boot/efi\",\"block_size\":8192,\"blocks_total\":65500,\"blocks_free\":65118,\"blocks_available\":65118}\n{\"mount_point\":\"/mnt\",\"block_size\":4096,\"blocks_total\":2038135,\"blocks_free\":2038129,\"blocks_available\":1929201}\n"}
{"timestamp":1767829474,"subsystem":"/proc/stat","measurement":"cpu  9661 0 1200 78095 1098 0 139 0 0 0\ncpu0 7259 0 578 36835 349 0 38 0 0 0\ncpu1 2402 0 622 41260 749 0 101 0 0 0\nintr 53659 0 0 0 0 3114 0 0 0 0 0 0 0 0 0 0 0 0 0 0 0 0 0 0 0 0 0 0 0 0 0 0 0 0 0 0 0 0 0 0 0 0 0 0 0 0 0 0 0 0 0 0 0 0 0 0 0 0 0 0 0 0 0 0 0 0 0 0 0 0 0 0 0 0 0 0 0 0 0 0 0 0 0 0 0 0 0 0 0 0 0 0 0 0 0 0 0 0 0 0 0 0 0 0 0 0 0 0 0 0 0 0 0 0 0 0 0 0 0 0 0 0 0 0 0 0 0 0 0 0 0 0 0 0 0 0 0 0 0 0 0 0 0 0 0 0 0 0 0 0 0 0 0 0 0 0 0 0 0 0 0 0 0 0 0 0 0 0 0 0 0 0 0 0 0 0 0 0 0 0 0 0 0 0 0 0 0 0 0 0 0 0 0 0 0 0 0 0 0 0 0 0 0 0 0 0 0 0 0 0 0 0 0 0 0 0 0 0 0 0 0 0 0 0 0 0 0 0 0 0 0 0 0 0 0 0 0 0 0 0 0 0 0 0 0 0 0 0 0 0 0 0 0 0 0 0 0 0 0 0 0 0 0 0 0 0 0 0 0 0 0 0 0 0 0 0 0 0 0 0 0 0 0 0 0 0 0 0 0 0 0 0 0 0 0 0 0 0 0 0 0 0 0 0 0 0 0 0 0 0 0 0 0 0 0 0 0 0 0 0 0 0 0 0 0 0 0 0 0 0 0 0 0 0 0 0 0 0 0 0 0 0 0 0 0 0 0 0 0 0 0 0 0 0 0 0 0 0 0 0 0 0 0 0 0 0 0 0 0 0 0 0 0 0 0 0 0 0 0 0 0 0 0 0 0 0 0 0 0 0 0 0 0 0 0 0 0 0 0 0 0 0 0 0 0 0 0 0 0 0 0 0 0 0 0 0 0 0 0 0 0 0 0 0 0 0 0 0 0 0 0 0 0 0 0 0 0 0 0 0 0\nctxt 177827\nbtime 1767829022\nprocesses 4116\nprocs_running 3\nprocs_blocked 0\nsoftirq 128043 0 21941 4 12755 0 0 10737 35082 14 47510\n"}
{"timestamp":1767829474,"subsystem":"/proc/meminfo","measurement":"MemTotal:        3955152 kB\nMemFree:         3331980 kB\nMemAvailable:    3518588 kB\nBuffers:            4008 kB\nCached:           400328 kB\nSwapCached:            0 kB\nActive:           208224 kB\nInactive:         274928 kB\nActive(anon):        632 kB\nInactive(anon):    98508 kB\nActive(file):     207592 kB\nInactive(file):   176420 kB\nUnevictable:        3152 kB\nMlocked:              80 kB\nSwapTotal:             0 kB\nSwapFree:              0 kB\nDirty:                24 kB\nWriteback:             0 kB\nAnonPages:         79944 kB\nMapped:            36080 kB\nShmem:             20324 kB\nKReclaimable:      30356 kB\nSlab:              56640 kB\nSReclaimable:      30356 kB\nSUnreclaim:        26284 kB\nKernelStack:        2224 kB\nPageTables:         2552 kB\nNFS_Unstable:          0 kB\nBounce:                0 kB\nWritebackTmp:          0 kB\nCommitLimit:     1977576 kB\nCommitted_AS:     306080 kB\nVmallocTotal:   34359738367 kB\nVmallocUsed:       34728 kB\nVmallocChunk:          0 kB\nPercpu:              600 kB\nHardwareCorrupted:     0 kB\nAnonHugePages:     22528 kB\nShmemHugePages:        0 kB\nShmemPmdMapped:        0 kB\nFileHugePages:         0 kB\nFilePmdMapped:         0 kB\nCmaTotal:              0 kB\nCmaFree:               0 kB\nUnaccepted:            0 kB\nHugePages_Total:       0\nHugePages_Free:        0\nHugePages_Rsvd:        0\nHugePages_Surp:        0\nHugepagesize:       2048 kB\nHugetlb:               0 kB\nDirectMap4k:      109752 kB\nDirectMap2M:     4032512 kB\nDirectMap1G:     2097152 kB\n"}
{"timestamp":1767829474,"subsystem":"/proc/net/dev","measurement":"Inter-|   Receive                                                |  Transmit\n face |bytes    packets errs drop fifo frame compressed multicast|bytes    packets errs drop fifo colls carrier compressed\n    lo:    2072      14    0    0    0     0          0         0     2072      14    0    0    0     0       0          0\n  eth0: 53427457   40427    0    0    0     0          0         0  2694433    9157    0    0    0     0       0          0\n"}
{"timestamp":1767829474,"subsystem":"/proc/diskstats","measurement":"   8       0 sda 4494 1 573070 12739 2102 832 326481 13558 0 16100 26993 0 0 0 0 103 695\n   8       1 sda1 69 0 800 26 0 0 0 0 0 56 26 0 0 0 0 0 0\n   8       2 sda2 159 0 8576 60 1 0 1 0 0 92 60 0 0 0 0 0 0\n   8       3 sda3 168 0 16958 62 8 0 4137 10 0 124 73 0 0 0 0 0 0\n   8       4 sda4 4001 1 543016 12557 2093 832 322343 13547 0 15988 26104 0 0 0 0 0 0\n   8      16 sdb 409 1 23778 157 221 1037 401856 22240 0 3368 22399 5 4 16773128 1 0 0\n   8      17 sdb1 135 1 8530 95 221 1037 401856 22240 0 3256 22337 5 4 16773128 1 0 0\n  11       0 sr0 63 0 440 64 0 0 0 0 0 100 64 0 0 0 0 0 0\n"}
{"timestamp":1767829474,"subsystem":"statfs[*]","measurement":"{\"mount_point\":\"/\",\"block_size\":4096,\"blocks_total\":7466684,\"blocks_free\":6506413,\"blocks_available\":6506413}\n{\"mount_point\":\"/boot\",\"block_size\":4096,\"blocks_total\":259584,\"blocks_free\":230628,\"blocks_available\":230628}\n{\"mount_point\":\"/boot/efi\",\"block_size\":8192,\"blocks_total\":65500,\"blocks_free\":65118,\"blocks_available\":65118}\n{\"mount_point\":\"/mnt\",\"block_size\":4096,\"blocks_total\":2038135,\"blocks_free\":2038129,\"blocks_available\":1929201}\n"}
{"timestamp":1767829479,"subsystem":"/proc/stat","measurement":"cpu  10162 0 1200 78593 1099 0 143 0 0 0\ncpu0 7759 0 578 36835 349 0 38 0 0 0\ncpu1 2403 0 622 41757 749 0 105 0 0 0\nintr 53801 0 0 0 0 3114 0 0 0 0 0 0 0 0 0 0 0 0 0 0 0 0 0 0 0 0 0 0 0 0 0 0 0 0 0 0 0 0 0 0 0 0 0 0 0 0 0 0 0 0 0 0 0 0 0 0 0 0 0 0 0 0 0 0 0 0 0 0 0 0 0 0 0 0 0 0 0 0 0 0 0 0 0 0 0 0 0 0 0 0 0 0 0 0 0 0 0 0 0 0 0 0 0 0 0 0 0 0 0 0 0 0 0 0 0 0 0 0 0 0 0 0 0 0 0 0 0 0 0 0 0 0 0 0 0 0 0 0 0 0 0 0 0 0 0 0 0 0 0 0 0 0 0 0 0 0 0 0 0 0 0 0 0 0 0 0 0 0 0 0 0 0 0 0 0 0 0 0 0 0 0 0 0 0 0 0 0 0 0 0 0 0 0 0 0 0 0 0 0 0 0 0 0 0 0 0 0 0 0 0 0 0 0 0 0 0 0 0 0 0 0 0 0 0 0 0 0 0 0 0 0 0 0 0 0 0 0 0 0 0 0 0 0 0 0 0 0 0 0 0 0 0 0 0 0 0 0 0 0 0 0 0 0 0 0 0 0 0 0 0 0 0 0 0 0 0 0 0 0 0 0 0 0 0 0 0 0 0 0 0 0 0 0 0 0 0 0 0 0 0 0 0 0 0 0 0 0 0 0 0 0 0 0 0 0 0 0 0 0 0 0 0 0 0 0 0 0 0 0 0 0 0 0 0 0 0 0 0 0 0 0 0 0 0 0 0 0 0 0 0 0 0 0 0 0 0 0 0 0 0 0 0 0 0 0 0 0 0 0 0 0 0 0 0 0 0 0 0 0 0 0 0 0 0 0 0 0 0 0 0 0 0 0 0 0 0 0 0 0 0 0 0 0 0 0 0 0 0 0 0 0 0 0 0 0 0 0 0 0 0 0 0 0 0 0 0 0 0 0 0 0 0 0 0 0 0 0 0 0 0 0\nctxt 178330\nbtime 1767829022\nprocesses 4119\nprocs_running 3\nprocs_blocked 0\nsoftirq 128623 0 22101 4 12783 0 0 10745 35430 14 47546\n"}
{"timestamp":1767829479,"subsystem":"/proc/meminfo","measurement":"MemTotal:        3955152 kB\nMemFree:         3331980 kB\nMemAvailable:    3518592 kB\nBuffers:            4008 kB\nCached:           400332 kB\nSwapCached:            0 kB\nActive:           208224 kB\nInactive:         274956 kB\nActive(anon):        632 kB\nInactive(anon):    98532 kB\nActive(file):     207592 kB\nInactive(file):   176424 kB\nUnevictable:        3152 kB\nMlocked:              80 kB\nSwapTotal:             0 kB\nSwapFree:              0 kB\nDirty:                24 kB\nWriteback:             0 kB\nAnonPages:         79968 kB\nMapped:            36080 kB\nShmem:             20324 kB\nKReclaimable:      30356 kB\nSlab:              56640 kB\nSReclaimable:      30356 kB\nSUnreclaim:        26284 kB\nKernelStack:        2224 kB\nPageTables:         2552 kB\nNFS_Unstable:          0 kB\nBounce:                0 kB\nWritebackTmp:          0 kB\nCommitLimit:     1977576 kB\nCommitted_AS:     306080 kB\nVmallocTotal:   34359738367 kB\nVmallocUsed:       34728 kB\nVmallocChunk:          0 kB\nPercpu:              600 kB\nHardwareCorrupted:     0 kB\nAnonHugePages:     22528 kB\nShmemHugePages:        0 kB\nShmemPmdMapped:        0 kB\nFileHugePages:         0 kB\nFilePmdMapped:         0 kB\nCmaTotal:              0 kB\nCmaFree:               0 kB\nUnaccepted:            0 kB\nHugePages_Total:       0\nHugePages_Free:        0\nHugePages_Rsvd:        0\nHugePages_Surp:        0\nHugepagesize:       2048 kB\nHugetlb:               0 kB\nDirectMap4k:      109752 kB\nDirectMap2M:     4032512 kB\nDirectMap1G:     2097152 kB\n"}
{"timestamp":1767829479,"subsystem":"/proc/net/dev","measurement":"Inter-|   Receive                                                |  Transmit\n face |bytes    packets errs drop fifo frame compressed multicast|bytes    packets errs drop fifo colls carrier compressed\n    lo:    2072      14    0    0    0     0          0         0     2072      14    0    0    0     0       0          0\n  eth0: 53431260   40442    0    0    0     0          0         0  2699678    9176    0    0    0     0       0          0\n"}
{"timestamp":1767829479,"subsystem":"/proc/diskstats","measurement":"   8       0 sda 4494 1 573070 12739 2104 832 326497 13559 0 16108 26995 0 0 0 0 103 695\n   8       1 sda1 69 0 800 26 0 0 0 0 0 56 26 0 0 0 0 0 0\n   8       2 sda2 159 0 8576 60 1 0 1 0 0 92 60 0 0 0 0 0 0\n   8       3 sda3 168 0 16958 62 8 0 4137 10 0 124 73 0 0 0 0 0 0\n   8       4 sda4 4001 1 543016 12557 2095 832 322359 13548 0 15996 26106 0 0 0 0 0 0\n   8      16 sdb 409 1 23778 157 221 1037 401856 22240 0 3368 22399 5 4 16773128 1 0 0\n   8      17 sdb1 135 1 8530 95 221 1037 401856 22240 0 3256 22337 5 4 16773128 1 0 0\n  11       0 sr0 63 0 440 64 0 0 0 0 0 100 64 0 0 0 0 0 0\n"}
{"timestamp":1767829479,"subsystem":"statfs[*]","measurement":"{\"mount_point\":\"/\",\"block_size\":4096,\"blocks_total\":7466684,\"blocks_free\":6506412,\"blocks_available\":6506412}\n{\"mount_point\":\"/boot\",\"block_size\":4096,\"blocks_total\":259584,\"blocks_free\":230628,\"blocks_available\":230628}\n{\"mount_point\":\"/boot/efi\",\"block_size\":8192,\"blocks_total\":65500,\"blocks_free\":65118,\"blocks_available\":65118}\n{\"mount_point\":\"/mnt\",\"block_size\":4096,\"blocks_total\":2038135,\"blocks_free\":2038129,\"blocks_available\":1929201}\n"}
{"timestamp":1767829484,"subsystem":"/proc/stat","measurement":"cpu  10663 0 1201 79090 1099 0 146 0 0 0\ncpu0 8259 0 578 36835 349 0 38 0 0 0\ncpu1 2404 0 622 42255 750 0 108 0 0 0\nintr 53932 0 0 0 0 3114 0 0 0 0 0 0 0 0 0 0 0 0 0 0 0 0 0 0 0 0 0 0 0 0 0 0 0 0 0 0 0 0 0 0 0 0 0 0 0 0 0 0 0 0 0 0 0 0 0 0 0 0 0 0 0 0 0 0 0 0 0 0 0 0 0 0 0 0 0 0 0 0 0 0 0 0 0 0 0 0 0 0 0 0 0 0 0 0 0 0 0 0 0 0 0 0 0 0 0 0 0 0 0 0 0 0 0 0 0 0 0 0 0 0 0 0 0 0 0 0 0 0 0 0 0 0 0 0 0 0 0 0 0 0 0 0 0 0 0 0 0 0 0 0 0 0 0 0 0 0 0 0 0 0 0 0 0 0 0 0 0 0 0 0 0 0 0 0 0 0 0 0 0 0 0 0 0 0 0 0 0 0 0 0 0 0 0 0 0 0 0 0 0 0 0 0 0 0 0 0 0 0 0 0 0 0 0 0 0 0 0 0 0 0 0 0 0 0 0 0 0 0 0 0 0 0 0 0 0 0 0 0 0 0 0 0 0 0 0 0 0 0 0 0 0 0 0 0 0 0 0 0 0 0 0 0 0 0 0 0 0 0 0 0 0 0 0 0 0 0 0 0 0 0 0 0 0 0 0 0 0 0 0 0 0 0 0 0 0 0 0 0 0 0 0 0 0 0 0 0 0 0 0 0 0 0 0 0 0 0 0 0 0 0 0 0 0 0 0 0 0 0 0 0 0 0 0 0 0 0 0 0 0 0 0 0 0 0 0 0 0 0 0 0 0 0 0 0 0 0 0 0 0 0 0 0 0 0 0 0 0 0 0 0 0 0 0 0 0 0 0 0 0 0 0 0 0 0 0 0 0 0 0 0 0 0 0 0 0 0 0 0 0 0 0 0 0 0 0 0 0 0 0 0 0 0 0 0 0 0 0 0 0 0 0 0 0 0 0 0 0 0 0 0 0 0 0 0 0 0 0 0 0 0 0\nctxt 178816\nbtime 1767829022\nprocesses 4122\nprocs_running 3\nprocs_blocked 0\nsoftirq 129183 0 22252 4 12804 0 0 10752 35766 14 47591\n"}
{"timestamp":1767829484,"subsystem":"/proc/meminfo","measurement":"MemTotal:        3955152 kB\nMemFree:         3331980 kB\nMemAvailable:    3518592 kB\nBuffers:            4008 kB\nCached:           400336 kB\nSwapCached:            0 kB\nActive:           208224 kB\nInactive:         274956 kB\nActive(anon):        632 kB\nInactive(anon):    98532 kB\nActive(file):     207592 kB\nInactive(file):   176424 kB\nUnevictable:        3152 kB\nMlocked:              80 kB\nSwapTotal:             0 kB\nSwapFree:              0 kB\nDirty:                28 kB\nWriteback:             0 kB\nAnonPages:         79968 kB\nMapped:            36080 kB\nShmem:             20324 kB\nKReclaimable:      30356 kB\nSlab:              56640 kB\nSReclaimable:      30356 kB\nSUnreclaim:        26284 kB\nKernelStack:        2224 kB\nPageTables:         2552 kB\nNFS_Unstable:          0 kB\nBounce:                0 kB\nWritebackTmp:          0 kB\nCommitLimit:     1977576 kB\nCommitted_AS:     306080 kB\nVmallocTotal:   34359738367 kB\nVmallocUsed:       34728 kB\nVmallocChunk:          0 kB\nPercpu:              600 kB\nHardwareCorrupted:     0 kB\nAnonHugePages:     22528 kB\nShmemHugePages:        0 kB\nShmemPmdMapped:        0 kB\nFileHugePages:         0 kB\nFilePmdMapped:         0 kB\nCmaTotal:              0 kB\nCmaFree:               0 kB\nUnaccepted:            0 kB\nHugePages_Total:       0\nHugePages_Free:        0\nHugePages_Rsvd:        0\nHugePages_Surp:        0\nHugepagesize:       2048 kB\nHugetlb:               0 kB\nDirectMap4k:      109752 kB\nDirectMap2M:     4032512 kB\nDirectMap1G:     2097152 kB\n"}
{"timestamp":1767829484,"subsystem":"/proc/net/dev","measurement":"Inter-|   Receive                                                |  Transmit\n face |bytes    packets errs drop fifo frame compressed multicast|bytes    packets errs drop fifo colls carrier compressed\n    lo:    2072      14    0    0    0     0          0         0     2072      14    0    0    0     0       0          0\n  eth0: 53435063   40457    0    0    0     0          0         0  2704923    9195    0    0    0     0       0          0\n"}
{"timestamp":1767829484,"subsystem":"/proc/diskstats","measurement":"   8       0 sda 4494 1 573070 12739 2105 832 326505 13559 0 16112 26995 0 0 0 0 103 695\n   8       1 sda1 69 0 800 26 0 0 0 0 0 56 26 0 0 0 0 0 0\n   8       2 sda2 159 0 8576 60 1 0 1 0 0 92 60 0 0 0 0 0 0\n   8       3 sda3 168 0 16958 62 8 0 4137 10 0 124 73 0 0 0 0 0 0\n   8       4 sda4 4001 1 543016 12557 2096 832 322367 13549 0 16000 26106 0 0 0 0 0 0\n   8      16 sdb 409 1 23778 157 221 1037 401856 22240 0 3368 22399 5 4 16773128 1 0 0\n   8      17 sdb1 135 1 8530 95 221 1037 401856 22240 0 3256 22337 5 4 16773128 1 0 0\n  11       0 sr0 63 0 440 64 0 0 0 0 0 100 64 0 0 0 0 0 0\n"}
{"timestamp":1767829484,"subsystem":"statfs[*]","measurement":"{\"mount_point\":\"/\",\"block_size\":4096,\"blocks_total\":7466684,\"blocks_free\":6506411,\"blocks_available\":6506411}\n{\"mount_point\":\"/boot\",\"block_size\":4096,\"blocks_total\":259584,\"blocks_free\":230628,\"blocks_available\":230628}\n{\"mount_point\":\"/boot/efi\",\"block_size\":8192,\"blocks_total\":65500,\"blocks_free\":65118,\"blocks_available\":65118}\n{\"mount_point\":\"/mnt\",\"block_size\":4096,\"blocks_total\":2038135,\"blocks_free\":2038129,\"blocks_available\":1929201}\n"}
{"timestamp":1767829489,"subsystem":"/proc/stat","measurement":"cpu  11164 0 1204 79587 1099 0 150 0 0 0\ncpu0 8758 0 578 36835 349 0 38 0 0 0\ncpu1 2405 0 625 42751 750 0 112 0 0 0\nintr 54307 0 0 0 0 3114 0 0 0 0 0 0 0 0 0 0 0 0 0 0 0 0 0 0 0 0 0 0 0 0 0 0 0 0 0 0 0 0 0 0 0 0 0 0 0 0 0 0 0 0 0 0 0 0 0 0 0 0 0 0 0 0 0 0 0 0 0 0 0 0 0 0 0 0 0 0 0 0 0 0 0 0 0 0 0 0 0 0 0 0 0 0 0 0 0 0 0 0 0 0 0 0 0 0 0 0 0 0 0 0 0 0 0 0 0 0 0 0 0 0 0 0 0 0 0 0 0 0 0 0 0 0 0 0 0 0 0 0 0 0 0 0 0 0 0 0 0 0 0 0 0 0 0 0 0 0 0 0 0 0 0 0 0 0 0 0 0 0 0 0 0 0 0 0 0 0 0 0 0 0 0 0 0 0 0 0 0 0 0 0 0 0 0 0 0 0 0 0 0 0 0 0 0 0 0 0 0 0 0 0 0 0 0 0 0 0 0 0 0 0 0 0 0 0 0 0 0 0 0 0 0 0 0 0 0 0 0 0 0 0 0 0 0 0 0 0 0 0 0 0 0 0 0 0 0 0 0 0 0 0 0 0 0 0 0 0 0 0 0 0 0 0 0 0 0 0 0 0 0 0 0 0 0 0 0 0 0 0 0 0 0 0 0 0 0 0 0 0 0 0 0 0 0 0 0 0 0 0 0 0 0 0 0 0 0 0 0 0 0 0 0 0 0 0 0 0 0 0 0 0 0 0 0 0 0 0 0 0 0 0 0 0 0 0 0 0 0 0 0 0 0 0 0 0 0 0 0 0 0 0 0 0 0 0 0 0 0 0 0 0 0 0 0 0 0 0 0 0 0 0 0 0 0 0 0 0 0 0 0 0 0 0 0 0 0 0 0 0 0 0 0 0 0 0 0 0 0 0 0 0 0 0 0 0 0 0 0 0 0 0 0 0 0 0 0 0 0 0 0 0 0 0 0 0 0 0 0 0 0 0 0\nctxt 180703\nbtime 1767829022\nprocesses 4125\nprocs_running 3\nprocs_blocked 0\nsoftirq 130226 0 22408 4 12804 0 0 11243 36107 14 47646\n"}
{"timestamp":1767829489,"subsystem":"/proc/meminfo","measurement":"MemTotal:        3955152 kB\nMemFree:         3331980 kB\nMemAvailable:    3518600 kB\nBuffers:            4008 kB\nCached:           400340 kB\nSwapCached:            0 kB\nActive:           208224 kB\nInactive:         274980 kB\nActive(anon):        632 kB\nInactive(anon):    98548 kB\nActive(file):     207592 kB\nInactive(file):   176432 kB\nUnevictable:        3152 kB\nMlocked:              80 kB\nSwapTotal:             0 kB\nSwapFree:              0 kB\nDirty:                32 kB\nWriteback:             0 kB\nAnonPages:         79984 kB\nMapped:            36080 kB\nShmem:             20324 kB\nKReclaimable:      30356 kB\nSlab:              56640 kB\nSReclaimable:      30356 kB\nSUnreclaim:        26284 kB\nKernelStack:        2224 kB\nPageTables:         2552 kB\nNFS_Unstable:          0 kB\nBounce:                0 kB\nWritebackTmp:          0 kB\nCommitLimit:     1977576 kB\nCommitted_AS:     306080 kB\nVmallocTotal:   34359738367 kB\nVmallocUsed:       34728 kB\nVmallocChunk:          0 kB\nPercpu:              600 kB\nHardwareCorrupted:     0 kB\nAnonHugePages:     22528 kB\nShmemHugePages:        0 kB\nShmemPmdMapped:        0 kB\nFileHugePages:         0 kB\nFilePmdMapped:         0 kB\nCmaTotal:              0 kB\nCmaFree:               0 kB\nUnaccepted:            0 kB\nHugePages_Total:       0\nHugePages_Free:        0\nHugePages_Rsvd:        0\nHugePages_Surp:        0\nHugepagesize:       2048 kB\nHugetlb:               0 kB\nDirectMap4k:      109752 kB\nDirectMap2M:     4032512 kB\nDirectMap1G:     2097152 kB\n"}
{"timestamp":1767829489,"subsystem":"/proc/net/dev","measurement":"Inter-|   Receive                                                |  Transmit\n face |bytes    packets errs drop fifo frame compressed multicast|bytes    packets errs drop fifo colls carrier compressed\n    lo:    2072      14    0    0    0     0          0         0     2072      14    0    0    0     0       0          0\n  eth0: 53435063   40457    0    0    0     0          0         0  2704923    9195    0    0    0     0       0          0\n"}
{"timestamp":1767829489,"subsystem":"/proc/diskstats","measurement":"   8       0 sda 4494 1 573070 12739 2115 832 326722 13568 0 16120 27007 0 0 0 0 104 698\n   8       1 sda1 69 0 800 26 0 0 0 0 0 56 26 0 0 0 0 0 0\n   8       2 sda2 159 0 8576 60 1 0 1 0 0 92 60 0 0 0 0 0 0\n   8       3 sda3 168 0 16958 62 8 0 4137 10 0 124 73 0 0 0 0 0 0\n   8       4 sda4 4001 1 543016 12557 2106 832 322584 13558 0 16008 26115 0 0 0 0 0 0\n   8      16 sdb 409 1 23778 157 221 1037 401856 22240 0 3368 22399 5 4 16773128 1 0 0\n   8      17 sdb1 135 1 8530 95 221 1037 401856 22240 0 3256 22337 5 4 16773128 1 0 0\n  11       0 sr0 63 0 440 64 0 0 0 0 0 100 64 0 0 0 0 0 0\n"}
{"timestamp":1767829489,"subsystem":"statfs[*]","measurement":"{\"mount_point\":\"/\",\"block_size\":4096,\"blocks_total\":7466684,\"blocks_free\":6506410,\"blocks_available\":6506410}\n{\"mount_point\":\"/boot\",\"block_size\":4096,\"blocks_total\":259584,\"blocks_free\":230628,\"blocks_available\":230628}\n{\"mount_point\":\"/boot/efi\",\"block_size\":8192,\"blocks_total\":65500,\"blocks_free\":65118,\"blocks_available\":65118}\n{\"mount_point\":\"/mnt\",\"block_size\":4096,\"blocks_total\":2038135,\"blocks_free\":2038129,\"blocks_available\":1929201}\n"}
{"timestamp":1767829494,"subsystem":"/proc/stat","measurement":"cpu  11672 0 1210 80072 1099 0 153 0 0 0\ncpu0 9258 0 578 36835 349 0 38 0 0 0\ncpu1 2413 0 631 43236 750 0 114 0 0 0\nintr 54468 0 0 0 0 3114 0 0 0 0 0 0 0 0 0 0 0 0 0 0 0 0 0 0 0 0 0 0 0 0 0 0 0 0 0 0 0 0 0 0 0 0 0 0 0 0 0 0 0 0 0 0 0 0 0 0 0 0 0 0 0 0 0 0 0 0 0 0 0 0 0 0 0 0 0 0 0 0 0 0 0 0 0 0 0 0 0 0 0 0 0 0 0 0 0 0 0 0 0 0 0 0 0 0 0 0 0 0 0 0 0 0 0 0 0 0 0 0 0 0 0 0 0 0 0 0 0 0 0 0 0 0 0 0 0 0 0 0 0 0 0 0 0 0 0 0 0 0 0 0 0 0 0 0 0 0 0 0 0 0 0 0 0 0 0 0 0 0 0 0 0 0 0 0 0 0 0 0 0 0 0 0 0 0 0 0 0 0 0 0 0 0 0 0 0 0 0 0 0 0 0 0 0 0 0 0 0 0 0 0 0 0 0 0 0 0 0 0 0 0 0 0 0 0 0 0 0 0 0 0 0 0 0 0 0 0 0 0 0 0 0 0 0 0 0 0 0 0 0 0 0 0 0 0 0 0 0 0 0 0 0 0 0 0 0 0 0 0 0 0 0 0 0 0 0 0 0 0 0 0 0 0 0 0 0 0 0 0 0 0 0 0 0 0 0 0 0 0 0 0 0 0 0 0 0 0 0 0 0 0 0 0 0 0 0 0 0 0 0 0 0 0 0 0 0 0 0 0 0 0 0 0 0 0 0 0 0 0 0 0 0 0 0 0 0 0 0 0 0 0 0 0 0 0 0 0 0 0 0 0 0 0 0 0 0 0 0 0 0 0 0 0 0 0 0 0 0 0 0 0 0 0 0 0 0 0 0 0 0 0 0 0 0 0 0 0 0 0 0 0 0 0 0 0 0 0 0 0 0 0 0 0 0 0 0 0 0 0 0 0 0 0 0 0 0 0 0 0 0 0 0 0 0 0 0 0 0 0 0 0 0\nctxt 181698\nbtime 1767829022\nprocesses 4208\nprocs_running 3\nprocs_blocked 0\nsoftirq 131175 0 22604 4 12869 0 0 11251 36470 14 47963\n"}
{"timestamp":1767829494,"subsystem":"/proc/meminfo","measurement":"MemTotal:        3955152 kB\nMemFree:         3327236 kB\nMemAvailable:    3513864 kB\nBuffers:            4008 kB\nCached:           400344 kB\nSwapCached:            0 kB\nActive:           208224 kB\nInactive:         275024 kB\nActive(anon):        632 kB\nInactive(anon):    98588 kB\nActive(file):     207592 kB\nInactive(file):   176436 kB\nUnevictable:        3152 kB\nMlocked:              80 kB\nSwapTotal:             0 kB\nSwapFree:              0 kB\nDirty:                 8 kB\nWriteback:             0 kB\nAnonPages:         80024 kB\nMapped:            36080 kB\nShmem:             20324 kB\nKReclaimable:      30364 kB\nSlab:              56704 kB\nSReclaimable:      30364 kB\nSUnreclaim:        26340 kB\nKernelStack:        2224 kB\nPageTables:         2552 kB\nNFS_Unstable:          0 kB\nBounce:                0 kB\nWritebackTmp:          0 kB\nCommitLimit:     1977576 kB\nCommitted_AS:     306080 kB\nVmallocTotal:   34359738367 kB\nVmallocUsed:       34728 kB\nVmallocChunk:          0 kB\nPercpu:              600 kB\nHardwareCorrupted:     0 kB\nAnonHugePages:     22528 kB\nShmemHugePages:        0 kB\nShmemPmdMapped:        0 kB\nFileHugePages:         0 kB\nFilePmdMapped:         0 kB\nCmaTotal:              0 kB\nCmaFree:               0 kB\nUnaccepted:            0 kB\nHugePages_Total:       0\nHugePages_Free:        0\nHugePages_Rsvd:        0\nHugePages_Surp:        0\nHugepagesize:       2048 kB\nHugetlb:               0 kB\nDirectMap4k:      109752 kB\nDirectMap2M:     4032512 kB\nDirectMap1G:     2097152 kB\n"}
{"timestamp":1767829494,"subsystem":"/proc/net/dev","measurement":"Inter-|   Receive                                                |  Transmit\n face |bytes    packets errs drop fifo frame compressed multicast|bytes    packets errs drop fifo colls carrier compressed\n    lo:    2072      14    0    0    0     0          0         0     2072      14    0    0    0     0       0          0\n  eth0: 53441353   40490    0    0    0     0          0         0  2713649    9250    0    0    0     0       0          0\n"}
{"timestamp":1767829494,"subsystem":"/proc/diskstats","measurement":"   8       0 sda 4494 1 573070 12739 2118 832 326802 13571 0 16128 27009 0 0 0 0 104 698\n   8       1 sda1 69 0 800 26 0 0 0 0 0 56 26 0 0 0 0 0 0\n   8       2 sda2 159 0 8576 60 1 0 1 0 0 92 60 0 0 0 0 0 0\n   8       3 sda3 168 0 16958 62 8 0 4137 10 0 124 73 0 0 0 0 0 0\n   8       4 sda4 4001 1 543016 12557 2109 832 322664 13560 0 16016 26117 0 0 0 0 0 0\n   8      16 sdb 409 1 23778 157 221 1037 401856 22240 0 3368 22399 5 4 16773128 1 0 0\n   8      17 sdb1 135 1 8530 95 221 1037 401856 22240 0 3256 22337 5 4 16773128 1 0 0\n  11       0 sr0 63 0 440 64 0 0 0 0 0 100 64 0 0 0 0 0 0\n"}
{"timestamp":1767829494,"subsystem":"statfs[*]","measurement":"{\"mount_point\":\"/\",\"block_size\":4096,\"blocks_total\":7466684,\"blocks_free\":6506414,\"blocks_available\":6506414}\n{\"mount_point\":\"/boot\",\"block_size\":4096,\"blocks_total\":259584,\"blocks_free\":230628,\"blocks_available\":230628}\n{\"mount_point\":\"/boot/efi\",\"block_size\":8192,\"blocks_total\":65500,\"blocks_free\":65118,\"blocks_available\":65118}\n{\"mount_point\":\"/mnt\",\"block_size\":4096,\"blocks_total\":2038135,\"blocks_free\":2038129,\"blocks_available\":1929201}\n"}
{"timestamp":1767829499,"subsystem":"/proc/stat","measurement":"cpu  12174 0 1210 80569 1099 0 156 0 0 0\ncpu0 9758 0 578 36835 349 0 38 0 0 0\ncpu1 2415 0 632 43734 750 0 118 0 0 0\nintr 54608 0 0 0 0 3114 0 0 0 0 0 0 0 0 0 0 0 0 0 0 0 0 0 0 0 0 0 0 0 0 0 0 0 0 0 0 0 0 0 0 0 0 0 0 0 0 0 0 0 0 0 0 0 0 0 0 0 0 0 0 0 0 0 0 0 0 0 0 0 0 0 0 0 0 0 0 0 0 0 0 0 0 0 0 0 0 0 0 0 0 0 0 0 0 0 0 0 0 0 0 0 0 0 0 0 0 0 0 0 0 0 0 0 0 0 0 0 0 0 0 0 0 0 0 0 0 0 0 0 0 0 0 0 0 0 0 0 0 0 0 0 0 0 0 0 0 0 0 0 0 0 0 0 0 0 0 0 0 0 0 0 0 0 0 0 0 0 0 0 0 0 0 0 0 0 0 0 0 0 0 0 0 0 0 0 0 0 0 0 0 0 0 0 0 0 0 0 0 0 0 0 0 0 0 0 0 0 0 0 0 0 0 0 0 0 0 0 0 0 0 0 0 0 0 0 0 0 0 0 0 0 0 0 0 0 0 0 0 0 0 0 0 0 0 0 0 0 0 0 0 0 0 0 0 0 0 0 0 0 0 0 0 0 0 0 0 0 0 0 0 0 0 0 0 0 0 0 0 0 0 0 0 0 0 0 0 0 0 0 0 0 0 0 0 0 0 0 0 0 0 0 0 0 0 0 0 0 0 0 0 0 0 0 0 0 0 0 0 0 0 0 0 0 0 0 0 0 0 0 0 0 0 0 0 0 0 0 0 0 0 0 0 0 0 0 0 0 0 0 0 0 0 0 0 0 0 0 0 0 0 0 0 0 0 0 0 0 0 0 0 0 0 0 0 0 0 0 0 0 0 0 0 0 0 0 0 0 0 0 0 0 0 0 0 0 0 0 0 0 0 0 0 0 0 0 0 0 0 0 0 0 0 0 0 0 0 0 0 0 0 0 0 0 0 0 0 0 0 0 0 0 0 0 0 0 0 0 0 0 0 0\nctxt 182197\nbtime 1767829022\nprocesses 4211\nprocs_running 3\nprocs_blocked 0\nsoftirq 131743 0 22759 4 12891 0 0 11257 36817 14 48001\n"}
{"timestamp":1767829499,"subsystem":"/proc/meminfo","measurement":"MemTotal:        3955152 kB\nMemFree:         3327236 kB\nMemAvailable:    3513868 kB\nBuffers:            4008 kB\nCached:           400348 kB\nSwapCached:            0 kB\nActive:           208224 kB\nInactive:         275036 kB\nActive(anon):        632 kB\nInactive(anon):    98596 kB\nActive(file):     207592 kB\nInactive(file):   176440 kB\nUnevictable:        3152 kB\nMlocked:              80 kB\nSwapTotal:             0 kB\nSwapFree:              0 kB\nDirty:                16 kB\nWriteback:             0 kB\nAnonPages:         80032 kB\nMapped:            36080 kB\nShmem:             20324 kB\nKReclaimable:      30364 kB\nSlab:              56704 kB\nSReclaimable:      30364 kB\nSUnreclaim:        26340 kB\nKernelStack:        2224 kB\nPageTables:         2552 kB\nNFS_Unstable:          0 kB\nBounce:                0 kB\nWritebackTmp:          0 kB\nCommitLimit:     1977576 kB\nCommitted_AS:     306080 kB\nVmallocTotal:   34359738367 kB\nVmallocUsed:       34728 kB\nVmallocChunk:          0 kB\nPercpu:              600 kB\nHardwareCorrupted:     0 kB\nAnonHugePages:     22528 kB\nShmemHugePages:        0 kB\nShmemPmdMapped:        0 kB\nFileHugePages:         0 kB\nFilePmdMapped:         0 kB\nCmaTotal:              0 kB\nCmaFree:               0 kB\nUnaccepted:            0 kB\nHugePages_Total:       0\nHugePages_Free:        0\nHugePages_Rsvd:        0\nHugePages_Surp:        0\nHugepagesize:       2048 kB\nHugetlb:               0 kB\nDirectMap4k:      109752 kB\nDirectMap2M:     4032512 kB\nDirectMap1G:     2097152 kB\n"}
{"timestamp":1767829499,"subsystem":"/proc/net/dev","measurement":"Inter-|   Receive                                                |  Transmit\n face |bytes    packets errs drop fifo frame compressed multicast|bytes    packets errs drop fifo colls carrier compressed\n    lo:    2072      14    0    0    0     0          0         0     2072      14    0    0    0     0       0          0\n  eth0: 53445156   40505    0    0    0     0          0         0  2718894    9269    0    0    0     0       0          0\n"}
{"timestamp":1767829499,"subsystem":"/proc/diskstats","measurement":"   8       0 sda 4494 1 573070 12739 2119 832 326810 13571 0 16132 27009 0 0 0 0 104 698\n   8       1 sda1 69 0 800 26 0 0 0 0 0 56 26 0 0 0 0 0 0\n   8       2 sda2 159 0 8576 60 1 0 1 0 0 92 60 0 0 0 0 0 0\n   8       3 sda3 168 0 16958 62 8 0 4137 10 0 124 73 0 0 0 0 0 0\n   8       4 sda4 4001 1 543016 12557 2110 832 322672 13560 0 16020 26117 0 0 0 0 0 0\n   8      16 sdb 409 1 23778 157 221 1037 401856 22240 0 3368 22399 5 4 16773128 1 0 0\n   8      17 sdb1 135 1 8530 95 221 1037 401856 22240 0 3256 22337 5 4 16773128 1 0 0\n  11       0 sr0 63 0 440 64 0 0 0 0 0 100 64 0 0 0 0 0 0\n"}
{"timestamp":1767829499,"subsystem":"statfs[*]","measurement":"{\"mount_point\":\"/\",\"block_size\":4096,\"blocks_total\":7466684,\"blocks_free\":6506393,\"blocks_available\":6506393}\n{\"mount_point\":\"/boot\",\"block_size\":4096,\"blocks_total\":259584,\"blocks_free\":230628,\"blocks_available\":230628}\n{\"mount_point\":\"/boot/efi\",\"block_size\":8192,\"blocks_total\":65500,\"blocks_free\":65118,\"blocks_available\":65118}\n{\"mount_point\":\"/mnt\",\"block_size\":4096,\"blocks_total\":2038135,\"blocks_free\":2038129,\"blocks_available\":1929201}\n"}
{"timestamp":1767829504,"subsystem":"/proc/stat","measurement":"cpu  12707 0 1216 81021 1108 0 159 0 0 0\ncpu0 10258 0 578 36835 349 0 38 0 0 0\ncpu1 2448 0 638 44185 758 0 121 0 0 0\nintr 54805 0 0 0 0 3114 0 0 0 0 0 0 0 0 0 0 0 0 0 0 0 0 0 0 0 0 0 0 0 0 0 0 0 0 0 0 0 0 0 0 0 0 0 0 0 0 0 0 0 0 0 0 0 0 0 0 0 0 0 0 0 0 0 0 0 0 0 0 0 0 0 0 0 0 0 0 0 0 0 0 0 0 0 0 0 0 0 0 0 0 0 0 0 0 0 0 0 0 0 0 0 0 0 0 0 0 0 0 0 0 0 0 0 0 0 0 0 0 0 0 0 0 0 0 0 0 0 0 0 0 0 0 0 0 0 0 0 0 0 0 0 0 0 0 0 0 0 0 0 0 0 0 0 0 0 0 0 0 0 0 0 0 0 0 0 0 0 0 0 0 0 0 0 0 0 0 0 0 0 0 0 0 0 0 0 0 0 0 0 0 0 0 0 0 0 0 0 0 0 0 0 0 0 0 0 0 0 0 0 0 0 0 0 0 0 0 0 0 0 0 0 0 0 0 0 0 0 0 0 0 0 0 0 0 0 0 0 0 0 0 0 0 0 0 0 0 0 0 0 0 0 0 0 0 0 0 0 0 0 0 0 0 0 0 0 0 0 0 0 0 0 0 0 0 0 0 0 0 0 0 0 0 0 0 0 0 0 0 0 0 0 0 0 0 0 0 0 0 0 0 0 0 0 0 0 0 0 0 0 0 0 0 0 0 0 0 0 0 0 0 0 0 0 0 0 0 0 0 0 0 0 0 0 0 0 0 0 0 0 0 0 0 0 0 0 0 0 0 0 0 0 0 0 0 0 0 0 0 0 0 0 0 0 0 0 0 0 0 0 0 0 0 0 0 0 0 0 0 0 0 0 0 0 0 0 0 0 0 0 0 0 0 0 0 0 0 0 0 0 0 0 0 0 0 0 0 0 0 0 0 0 0 0 0 0 0 0 0 0 0 0 0 0 0 0 0 0 0 0 0 0 0 0 0 0 0 0 0 0 0 0\nctxt 183138\nbtime 1767829022\nprocesses 4236\nprocs_running 3\nprocs_blocked 0\nsoftirq 132766 0 22998 4 12964 0 0 11270 37221 14 48295\n"}
{"timestamp":1767829504,"subsystem":"/proc/meminfo","measurement":"MemTotal:        3955152 kB\nMemFree:         3337404 kB\nMemAvailable:    3524148 kB\nBuffers:            4008 kB\nCached:           400452 kB\nSwapCached:            0 kB\nActive:           208372 kB\nInactive:         275004 kB\nActive(anon):        632 kB\nInactive(anon):    98608 kB\nActive(file):     207740 kB\nInactive(file):   176396 kB\nUnevictable:        3152 kB\nMlocked:              80 kB\nSwapTotal:             0 kB\nSwapFree:              0 kB\nDirty:                24 kB\nWriteback:             0 kB\nAnonPages:         80044 kB\nMapped:            36084 kB\nShmem:             20324 kB\nKReclaimable:      30380 kB\nSlab:              56688 kB\nSReclaimable:      30380 kB\nSUnreclaim:        26308 kB\nKernelStack:        2224 kB\nPageTables:         2552 kB\nNFS_Unstable:          0 kB\nBounce:                0 kB\nWritebackTmp:          0 kB\nCommitLimit:     1977576 kB\nCommitted_AS:     306080 kB\nVmallocTotal:   34359738367 kB\nVmallocUsed:       34728 kB\nVmallocChunk:          0 kB\nPercpu:              600 kB\nHardwareCorrupted:     0 kB\nAnonHugePages:     22528 kB\nShmemHugePages:        0 kB\nShmemPmdMapped:        0 kB\nFileHugePages:         0 kB\nFilePmdMapped:         0 kB\nCmaTotal:              0 kB\nCmaFree:               0 kB\nUnaccepted:            0 kB\nHugePages_Total:       0\nHugePages_Free:        0\nHugePages_Rsvd:        0\nHugePages_Surp:        0\nHugepagesize:       2048 kB\nHugetlb:               0 kB\nDirectMap4k:      109752 kB\nDirectMap2M:     4032512 kB\nDirectMap1G:     2097152 kB\n"}
{"timestamp":1767829504,"subsystem":"/proc/net/dev","measurement":"Inter-|   Receive                                                |  Transmit\n face |bytes    packets errs drop fifo frame compressed multicast|bytes    packets errs drop fifo colls carrier compressed\n    lo:    2072      14    0    0    0     0          0         0     2072      14    0    0    0     0       0          0\n  eth0: 53464077   40551    0    0    0     0          0         0  2732241    9322    0    0    0     0       0          0\n"}
{"timestamp":1767829504,"subsystem":"/proc/diskstats","measurement":"   8       0 sda 4498 1 573270 12825 2121 832 326826 13571 0 16236 27095 0 0 0 0 104 698\n   8       1 sda1 69 0 800 26 0 0 0 0 0 56 26 0 0 0 0 0 0\n   8       2 sda2 159 0 8576 60 1 0 1 0 0 92 60 0 0 0 0 0 0\n   8       3 sda3 168 0 16958 62 8 0 4137 10 0 124 73 0 0 0 0 0 0\n   8       4 sda4 4005 1 543216 12642 2112 832 322688 13561 0 16124 26203 0 0 0 0 0 0\n   8      16 sdb 409 1 23778 157 221 1037 401856 22240 0 3368 22399 5 4 16773128 1 0 0\n   8      17 sdb1 135 1 8530 95 221 1037 401856 22240 0 3256 22337 5 4 16773128 1 0 0\n  11       0 sr0 63 0 440 64 0 0 0 0 0 100 64 0 0 0 0 0 0\n"}
{"timestamp":1767829504,"subsystem":"statfs[*]","measurement":"{\"mount_point\":\"/\",\"block_size\":4096,\"blocks_total\":7466684,\"blocks_free\":6506393,\"blocks_available\":6506393}\n{\"mount_point\":\"/boot\",\"block_size\":4096,\"blocks_total\":259584,\"blocks_free\":230628,\"blocks_available\":230628}\n{\"mount_point\":\"/boot/efi\",\"block_size\":8192,\"blocks_total\":65500,\"blocks_free\":65118,\"blocks_available\":65118}\n{\"mount_point\":\"/mnt\",\"block_size\":4096,\"blocks_total\":2038135,\"blocks_free\":2038129,\"blocks_available\":1929201}\n"}
{"timestamp":1767829509,"subsystem":"/proc/stat","measurement":"cpu  13208 0 1217 81518 1108 0 161 0 0 0\ncpu0 10758 0 578 36835 349 0 38 0 0 0\ncpu1 2450 0 638 44682 758 0 123 0 0 0\nintr 54981 0 0 0 0 3114 0 0 0 0 0 0 0 0 0 0 0 0 0 0 0 0 0 0 0 0 0 0 0 0 0 0 0 0 0 0 0 0 0 0 0 0 0 0 0 0 0 0 0 0 0 0 0 0 0 0 0 0 0 0 0 0 0 0 0 0 0 0 0 0 0 0 0 0 0 0 0 0 0 0 0 0 0 0 0 0 0 0 0 0 0 0 0 0 0 0 0 0 0 0 0 0 0 0 0 0 0 0 0 0 0 0 0 0 0 0 0 0 0 0 0 0 0 0 0 0 0 0 0 0 0 0 0 0 0 0 0 0 0 0 0 0 0 0 0 0 0 0 0 0 0 0 0 0 0 0 0 0 0 0 0 0 0 0 0 0 0 0 0 0 0 0 0 0 0 0 0 0 0 0 0 0 0 0 0 0 0 0 0 0 0 0 0 0 0 0 0 0 0 0 0 0 0 0 0 0 0 0 0 0 0 0 0 0 0 0 0 0 0 0 0 0 0 0 0 0 0 0 0 0 0 0 0 0 0 0 0 0 0 0 0 0 0 0 0 0 0 0 0 0 0 0 0 0 0 0 0 0 0 0 0 0 0 0 0 0 0 0 0 0 0 0 0 0 0 0 0 0 0 0 0 0 0 0 0 0 0 0 0 0 0 0 0 0 0 0 0 0 0 0 0 0 0 0 0 0 0 0 0 0 0 0 0 0 0 0 0 0 0 0 0 0 0 0 0 0 0 0 0 0 0 0 0 0 0 0 0 0 0 0 0 0 0 0 0 0 0 0 0 0 0 0 0 0 0 0 0 0 0 0 0 0 0 0 0 0 0 0 0 0 0 0 0 0 0 0 0 0 0 0 0 0 0 0 0 0 0 0 0 0 0 0 0 0 0 0 0 0 0 0 0 0 0 0 0 0 0 0 0 0 0 0 0 0 0 0 0 0 0 0 0 0 0 0 0 0 0 0 0 0 0 0 0 0 0 0 0 0 0 0 0\nctxt 183661\nbtime 1767829022\nprocesses 4239\nprocs_running 3\nprocs_blocked 0\nsoftirq 133358 0 23153 4 12991 0 0 11276 37571 14 48349\n"}
{"timestamp":1767829509,"subsystem":"/proc/meminfo","measurement":"MemTotal:        3955152 kB\nMemFree:         3335896 kB\nMemAvailable:    3522648 kB\nBuffers:            4008 kB\nCached:           400460 kB\nSwapCached:            0 kB\nActive:           208372 kB\nInactive:         275032 kB\nActive(anon):        632 kB\nInactive(anon):    98628 kB\nActive(file):     207740 kB\nInactive(file):   176404 kB\nUnevictable:        3152 kB\nMlocked:              80 kB\nSwapTotal:             0 kB\nSwapFree:              0 kB\nDirty:                32 kB\nWriteback:             0 kB\nAnonPages:         80064 kB\nMapped:            36084 kB\nShmem:             20324 kB\nKReclaimable:      30380 kB\nSlab:              56684 kB\nSReclaimable:      30380 kB\nSUnreclaim:        26304 kB\nKernelStack:        2224 kB\nPageTables:         2552 kB\nNFS_Unstable:          0 kB\nBounce:                0 kB\nWritebackTmp:          0 kB\nCommitLimit:     1977576 kB\nCommitted_AS:     306080 kB\nVmallocTotal:   34359738367 kB\nVmallocUsed:       34728 kB\nVmallocChunk:          0 kB\nPercpu:              600 kB\nHardwareCorrupted:     0 kB\nAnonHugePages:     22528 kB\nShmemHugePages:        0 kB\nShmemPmdMapped:        0 kB\nFileHugePages:         0 kB\nFilePmdMapped:         0 kB\nCmaTotal:              0 kB\nCmaFree:               0 kB\nUnaccepted:            0 kB\nHugePages_Total:       0\nHugePages_Free:        0\nHugePages_Rsvd:        0\nHugePages_Surp:        0\nHugepagesize:       2048 kB\nHugetlb:               0 kB\nDirectMap4k:      109752 kB\nDirectMap2M:     4032512 kB\nDirectMap1G:     2097152 kB\n"}
{"timestamp":1767829509,"subsystem":"/proc/net/dev","measurement":"Inter-|   Receive                                                |  Transmit\n face |bytes    packets errs drop fifo frame compressed multicast|bytes    packets errs drop fifo colls carrier compressed\n    lo:    2072      14    0    0    0     0          0         0     2072      14    0    0    0     0       0          0\n  eth0: 53468150   40569    0    0    0     0          0         0  2737756    9344    0    0    0     0       0          0\n"}
{"timestamp":1767829509,"subsystem":"/proc/diskstats","measurement":"   8       0 sda 4498 1 573270 12825 2122 832 326834 13572 0 16240 27096 0 0 0 0 104 698\n   8       1 sda1 69 0 800 26 0 0 0 0 0 56 26 0 0 0 0 0 0\n   8       2 sda2 159 0 8576 60 1 0 1 0 0 92 60 0 0 0 0 0 0\n   8       3 sda3 168 0 16958 62 8 0 4137 10 0 124 73 0 0 0 0 0 0\n   8       4 sda4 4005 1 543216 12642 2113 832 322696 13561 0 16128 26204 0 0 0 0 0 0\n   8      16 sdb 409 1 23778 157 221 1037 401856 22240 0 3368 22399 5 4 16773128 1 0 0\n   8      17 sdb1 135 1 8530 95 221 1037 401856 22240 0 3256 22337 5 4 16773128 1 0 0\n  11       0 sr0 63 0 440 64 0 0 0 0 0 100 64 0 0 0 0 0 0\n"}
{"timestamp":1767829509,"subsystem":"statfs[*]","measurement":"{\"mount_point\":\"/\",\"block_size\":4096,\"blocks_total\":7466684,\"blocks_free\":6506393,\"blocks_available\":6506393}\n{\"mount_point\":\"/boot\",\"block_size\":4096,\"blocks_total\":259584,\"blocks_free\":230628,\"blocks_available\":230628}\n{\"mount_point\":\"/boot/efi\",\"block_size\":8192,\"blocks_total\":65500,\"blocks_free\":65118,\"blocks_available\":65118}\n{\"mount_point\":\"/mnt\",\"block_size\":4096,\"blocks_total\":2038135,\"blocks_free\":2038129,\"blocks_available\":1929201}\n"}
{"timestamp":1767829514,"subsystem":"/proc/stat","measurement":"cpu  13710 0 1217 82015 1108 0 164 0 0 0\ncpu0 11258 0 578 36835 349 0 38 0 0 0\ncpu1 2451 0 639 45179 759 0 125 0 0 0\nintr 55140 0 0 0 0 3114 0 0 0 0 0 0 0 0 0 0 0 0 0 0 0 0 0 0 0 0 0 0 0 0 0 0 0 0 0 0 0 0 0 0 0 0 0 0 0 0 0 0 0 0 0 0 0 0 0 0 0 0 0 0 0 0 0 0 0 0 0 0 0 0 0 0 0 0 0 0 0 0 0 0 0 0 0 0 0 0 0 0 0 0 0 0 0 0 0 0 0 0 0 0 0 0 0 0 0 0 0 0 0 0 0 0 0 0 0 0 0 0 0 0 0 0 0 0 0 0 0 0 0 0 0 0 0 0 0 0 0 0 0 0 0 0 0 0 0 0 0 0 0 0 0 0 0 0 0 0 0 0 0 0 0 0 0 0 0 0 0 0 0 0 0 0 0 0 0 0 0 0 0 0 0 0 0 0 0 0 0 0 0 0 0 0 0 0 0 0 0 0 0 0 0 0 0 0 0 0 0 0 0 0 0 0 0 0 0 0 0 0 0 0 0 0 0 0 0 0 0 0 0 0 0 0 0 0 0 0 0 0 0 0 0 0 0 0 0 0 0 0 0 0 0 0 0 0 0 0 0 0 0 0 0 0 0 0 0 0 0 0 0 0 0 0 0 0 0 0 0 0 0 0 0 0 0 0 0 0 0 0 0 0 0 0 0 0 0 0 0 0 0 0 0 0 0 0 0 0 0 0 0 0 0 0 0 0 0 0 0 0 0 0 0 0 0 0 0 0 0 0 0 0 0 0 0 0 0 0 0 0 0 0 0 0 0 0 0 0 0 0 0 0 0 0 0 0 0 0 0 0 0 0 0 0 0 0 0 0 0 0 0 0 0 0 0 0 0 0 0 0 0 0 0 0 0 0 0 0 0 0 0 0 0 0 0 0 0 0 0 0 0 0 0 0 0 0 0 0 0 0 0 0 0 0 0 0 0 0 0 0 0 0 0 0 0 0 0 0 0 0 0 0 0 0 0 0 0 0 0 0 0 0 0\nctxt 184207\nbtime 1767829022\nprocesses 4242\nprocs_running 3\nprocs_blocked 0\nsoftirq 134012 0 23313 4 13050 0 0 11285 37929 14 48417\n"}
{"timestamp":1767829514,"subsystem":"/proc/meminfo","measurement":"MemTotal:        3955152 kB\nMemFree:         3335896 kB\nMemAvailable:    3522648 kB\nBuffers:            4008 kB\nCached:           400464 kB\nSwapCached:            0 kB\nActive:           208372 kB\nInactive:         275032 kB\nActive(anon):        632 kB\nInactive(anon):    98628 kB\nActive(file):     207740 kB\nInactive(file):   176404 kB\nUnevictable:        3152 kB\nMlocked:              80 kB\nSwapTotal:             0 kB\nSwapFree:              0 kB\nDirty:                36 kB\nWriteback:             0 kB\nAnonPages:         80088 kB\nMapped:            36084 kB\nShmem:             20324 kB\nKReclaimable:      30380 kB\nSlab:              56684 kB\nSReclaimable:      30380 kB\nSUnreclaim:        26304 kB\nKernelStack:        2224 kB\nPageTables:         2552 kB\nNFS_Unstable:          0 kB\nBounce:                0 kB\nWritebackTmp:          0 kB\nCommitLimit:     1977576 kB\nCommitted_AS:     306080 kB\nVmallocTotal:   34359738367 kB\nVmallocUsed:       34728 kB\nVmallocChunk:          0 kB\nPercpu:              600 kB\nHardwareCorrupted:     0 kB\nAnonHugePages:     22528 kB\nShmemHugePages:        0 kB\nShmemPmdMapped:        0 kB\nFileHugePages:         0 kB\nFilePmdMapped:         0 kB\nCmaTotal:              0 kB\nCmaFree:               0 kB\nUnaccepted:            0 kB\nHugePages_Total:       0\nHugePages_Free:        0\nHugePages_Rsvd:        0\nHugePages_Surp:        0\nHugepagesize:       2048 kB\nHugetlb:               0 kB\nDirectMap4k:      109752 kB\nDirectMap2M:     4032512 kB\nDirectMap1G:     2097152 kB\n"}
{"timestamp":1767829514,"subsystem":"/proc/net/dev","measurement":"Inter-|   Receive                                                |  Transmit\n face |bytes    packets errs drop fifo frame compressed multicast|bytes    packets errs drop fifo colls carrier compressed\n    lo:    2072      14    0    0    0     0          0         0     2072      14    0    0    0     0       0          0\n  eth0: 53477352   40607    0    0    0     0          0         0  2746704    9393    0    0    0     0       0          0\n"}
{"timestamp":1767829514,"subsystem":"/proc/diskstats","measurement":"   8       0 sda 4498 1 573270 12825 2123 832 326842 13572 0 16244 27096 0 0 0 0 104 698\n   8       1 sda1 69 0 800 26 0 0 0 0 0 56 26 0 0 0 0 0 0\n   8       2 sda2 159 0 8576 60 1 0 1 0 0 92 60 0 0 0 0 0 0\n   8       3 sda3 168 0 16958 62 8 0 4137 10 0 124 73 0 0 0 0 0 0\n   8       4 sda4 4005 1 543216 12642 2114 832 322704 13561 0 16132 26204 0 0 0 0 0 0\n   8      16 sdb 409 1 23778 157 221 1037 401856 22240 0 3368 22399 5 4 16773128 1 0 0\n   8      17 sdb1 135 1 8530 95 221 1037 401856 22240 0 3256 22337 5 4 16773128 1 0 0\n  11       0 sr0 63 0 440 64 0 0 0 0 0 100 64 0 0 0 0 0 0\n"}
{"timestamp":1767829514,"subsystem":"statfs[*]","measurement":"{\"mount_point\":\"/\",\"block_size\":4096,\"blocks_total\":7466684,\"blocks_free\":6506393,\"blocks_available\":6506393}\n{\"mount_point\":\"/boot\",\"block_size\":4096,\"blocks_total\":259584,\"blocks_free\":230628,\"blocks_available\":230628}\n{\"mount_point\":\"/boot/efi\",\"block_size\":8192,\"blocks_total\":65500,\"blocks_free\":65118,\"blocks_available\":65118}\n{\"mount_point\":\"/mnt\",\"block_size\":4096,\"blocks_total\":2038135,\"blocks_free\":2038129,\"blocks_available\":1929201}\n"}
{"timestamp":1767829519,"subsystem":"/proc/stat","measurement":"cpu  14211 0 1218 82513 1108 0 167 0 0 0\ncpu0 11758 0 578 36835 349 0 38 0 0 0\ncpu1 2452 0 639 45677 759 0 129 0 0 0\nintr 55277 0 0 0 0 3114 0 0 0 0 0 0 0 0 0 0 0 0 0 0 0 0 0 0 0 0 0 0 0 0 0 0 0 0 0 0 0 0 0 0 0 0 0 0 0 0 0 0 0 0 0 0 0 0 0 0 0 0 0 0 0 0 0 0 0 0 0 0 0 0 0 0 0 0 0 0 0 0 0 0 0 0 0 0 0 0 0 0 0 0 0 0 0 0 0 0 0 0 0 0 0 0 0 0 0 0 0 0 0 0 0 0 0 0 0 0 0 0 0 0 0 0 0 0 0 0 0 0 0 0 0 0 0 0 0 0 0 0 0 0 0 0 0 0 0 0 0 0 0 0 0 0 0 0 0 0 0 0 0 0 0 0 0 0 0 0 0 0 0 0 0 0 0 0 0 0 0 0 0 0 0 0 0 0 0 0 0 0 0 0 0 0 0 0 0 0 0 0 0 0 0 0 0 0 0 0 0 0 0 0 0 0 0 0 0 0 0 0 0 0 0 0 0 0 0 0 0 0 0 0 0 0 0 0 0 0 0 0 0 0 0 0 0 0 0 0 0 0 0 0 0 0 0 0 0 0 0 0 0 0 0 0 0 0 0 0 0 0 0 0 0 0 0 0 0 0 0 0 0 0 0 0 0 0 0 0 0 0 0 0 0 0 0 0 0 0 0 0 0 0 0 0 0 0 0 0 0 0 0 0 0 0 0 0 0 0 0 0 0 0 0 0 0 0 0 0 0 0 0 0 0 0 0 0 0 0 0 0 0 0 0 0 0 0 0 0 0 0 0 0 0 0 0 0 0 0 0 0 0 0 0 0 0 0 0 0 0 0 0 0 0 0 0 0 0 0 0 0 0 0 0 0 0 0 0 0 0 0 0 0 0 0 0 0 0 0 0 0 0 0 0 0 0 0 0 0 0 0 0 0 0 0 0 0 0 0 0 0 0 0 0 0 0 0 0 0 0 0 0 0 0 0 0 0 0 0 0 0 0 0 0\nctxt 184681\nbtime 1767829022\nprocesses 4245\nprocs_running 3\nprocs_blocked 0\nsoftirq 134519 0 23457 4 13050 0 0 11292 38259 14 48443\n"}
{"timestamp":1767829519,"subsystem":"/proc/meminfo","measurement":"MemTotal:        3955152 kB\nMemFree:         3335896 kB\nMemAvailable:    3522656 kB\nBuffers:            4008 kB\nCached:           400468 kB\nSwapCached:            0 kB\nActive:           208372 kB\nInactive:         275096 kB\nActive(anon):        632 kB\nInactive(anon):    98684 kB\nActive(file):     207740 kB\nInactive(file):   176412 kB\nUnevictable:        3152 kB\nMlocked:              80 kB\nSwapTotal:             0 kB\nSwapFree:              0 kB\nDirty:                40 kB\nWriteback:             0 kB\nAnonPages:         80120 kB\nMapped:            36084 kB\nShmem:             20324 kB\nKReclaimable:      30380 kB\nSlab:              56684 kB\nSReclaimable:      30380 kB\nSUnreclaim:        26304 kB\nKernelStack:        2224 kB\nPageTables:         2552 kB\nNFS_Unstable:          0 kB\nBounce:                0 kB\nWritebackTmp:          0 kB\nCommitLimit:     1977576 kB\nCommitted_AS:     306080 kB\nVmallocTotal:   34359738367 kB\nVmallocUsed:       34728 kB\nVmallocChunk:          0 kB\nPercpu:              600 kB\nHardwareCorrupted:     0 kB\nAnonHugePages:     22528 kB\nShmemHugePages:        0 kB\nShmemPmdMapped:        0 kB\nFileHugePages:         0 kB\nFilePmdMapped:         0 kB\nCmaTotal:              0 kB\nCmaFree:               0 kB\nUnaccepted:            0 kB\nHugePages_Total:       0\nHugePages_Free:        0\nHugePages_Rsvd:        0\nHugePages_Surp:        0\nHugepagesize:       2048 kB\nHugetlb:               0 kB\nDirectMap4k:      109752 kB\nDirectMap2M:     4032512 kB\nDirectMap1G:     2097152 kB\n"}
{"timestamp":1767829519,"subsystem":"/proc/net/dev","measurement":"Inter-|   Receive                                                |  Transmit\n face |bytes    packets errs drop fifo frame compressed multicast|bytes    packets errs drop fifo colls carrier compressed\n    lo:    2072      14    0    0    0     0          0         0     2072      14    0    0    0     0       0          0\n  eth0: 53477352   40607    0    0    0     0          0         0  2746704    9393    0    0    0     0       0          0\n"}
{"timestamp":1767829519,"subsystem":"/proc/diskstats","measurement":"   8       0 sda 4498 1 573270 12825 2124 832 326861 13574 0 16248 27099 0 0 0 0 105 698\n   8       1 sda1 69 0 800 26 0 0 0 0 0 56 26 0 0 0 0 0 0\n   8       2 sda2 159 0 8576 60 1 0 1 0 0 92 60 0 0 0 0 0 0\n   8       3 sda3 168 0 16958 62 8 0 4137 10 0 124 73 0 0 0 0 0 0\n   8       4 sda4 4005 1 543216 12642 2115 832 322723 13564 0 16136 26207 0 0 0 0 0 0\n   8      16 sdb 409 1 23778 157 221 1037 401856 22240 0 3368 22399 5 4 16773128 1 0 0\n   8      17 sdb1 135 1 8530 95 221 1037 401856 22240 0 3256 22337 5 4 16773128 1 0 0\n  11       0 sr0 63 0 440 64 0 0 0 0 0 100 64 0 0 0 0 0 0\n"}
{"timestamp":1767829519,"subsystem":"statfs[*]","measurement":"{\"mount_point\":\"/\",\"block_size\":4096,\"blocks_total\":7466684,\"blocks_free\":6506393,\"blocks_available\":6506393}\n{\"mount_point\":\"/boot\",\"block_size\":4096,\"blocks_total\":259584,\"blocks_free\":230628,\"blocks_available\":230628}\n{\"mount_point\":\"/boot/efi\",\"block_size\":8192,\"blocks_total\":65500,\"blocks_free\":65118,\"blocks_available\":65118}\n{\"mount_point\":\"/mnt\",\"block_size\":4096,\"blocks_total\":2038135,\"blocks_free\":2038129,\"blocks_available\":1929201}\n"}
{"timestamp":1767829524,"subsystem":"/proc/stat","measurement":"cpu  14712 0 1218 83010 1108 0 172 0 0 0\ncpu0 12258 0 578 36835 349 0 38 0 0 0\ncpu1 2453 0 640 46175 759 0 134 0 0 0\nintr 55418 0 0 0 0 3114 0 0 0 0 0 0 0 0 0 0 0 0 0 0 0 0 0 0 0 0 0 0 0 0 0 0 0 0 0 0 0 0 0 0 0 0 0 0 0 0 0 0 0 0 0 0 0 0 0 0 0 0 0 0 0 0 0 0 0 0 0 0 0 0 0 0 0 0 0 0 0 0 0 0 0 0 0 0 0 0 0 0 0 0 0 0 0 0 0 0 0 0 0 0 0 0 0 0 0 0 0 0 0 0 0 0 0 0 0 0 0 0 0 0 0 0 0 0 0 0 0 0 0 0 0 0 0 0 0 0 0 0 0 0 0 0 0 0 0 0 0 0 0 0 0 0 0 0 0 0 0 0 0 0 0 0 0 0 0 0 0 0 0 0 0 0 0 0 0 0 0 0 0 0 0 0 0 0 0 0 0 0 0 0 0 0 0 0 0 0 0 0 0 0 0 0 0 0 0 0 0 0 0 0 0 0 0 0 0 0 0 0 0 0 0 0 0 0 0 0 0 0 0 0 0 0 0 0 0 0 0 0 0 0 0 0 0 0 0 0 0 0 0 0 0 0 0 0 0 0 0 0 0 0 0 0 0 0 0 0 0 0 0 0 0 0 0 0 0 0 0 0 0 0 0 0 0 0 0 0 0 0 0 0 0 0 0 0 0 0 0 0 0 0 0 0 0 0 0 0 0 0 0 0 0 0 0 0 0 0 0 0 0 0 0 0 0 0 0 0 0 0 0 0 0 0 0 0 0 0 0 0 0 0 0 0 0 0 0 0 0 0 0 0 0 0 0 0 0 0 0 0 0 0 0 0 0 0 0 0 0 0 0 0 0 0 0 0 0 0 0 0 0 0 0 0 0 0 0 0 0 0 0 0 0 0 0 0 0 0 0 0 0 0 0 0 0 0 0 0 0 0 0 0 0 0 0 0 0 0 0 0 0 0 0 0 0 0 0 0 0 0 0 0 0 0 0 0 0 0 0 0 0 0 0\nctxt 185186\nbtime 1767829022\nprocesses 4248\nprocs_running 3\nprocs_blocked 0\nsoftirq 135096 0 23618 4 13076 0 0 11301 38610 14 48473\n"}
{"timestamp":1767829524,"subsystem":"/proc/meminfo","measurement":"MemTotal:        3955152 kB\nMemFree:         3331800 kB\nMemAvailable:    3518564 kB\nBuffers:            4008 kB\nCached:           400472 kB\nSwapCached:            0 kB\nActive:           208372 kB\nInactive:         277160 kB\nActive(anon):        632 kB\nInactive(anon):   100744 kB\nActive(file):     207740 kB\nInactive(file):   176416 kB\nUnevictable:        3152 kB\nMlocked:              80 kB\nSwapTotal:             0 kB\nSwapFree:              0 kB\nDirty:                36 kB\nWriteback:             0 kB\nAnonPages:         82180 kB\nMapped:            36084 kB\nShmem:             20324 kB\nKReclaimable:      30380 kB\nSlab:              56684 kB\nSReclaimable:      30380 kB\nSUnreclaim:        26304 kB\nKernelStack:        2224 kB\nPageTables:         2556 kB\nNFS_Unstable:          0 kB\nBounce:                0 kB\nWritebackTmp:          0 kB\nCommitLimit:     1977576 kB\nCommitted_AS:     310176 kB\nVmallocTotal:   34359738367 kB\nVmallocUsed:       34728 kB\nVmallocChunk:          0 kB\nPercpu:              600 kB\nHardwareCorrupted:     0 kB\nAnonHugePages:     24576 kB\nShmemHugePages:        0 kB\nShmemPmdMapped:        0 kB\nFileHugePages:         0 kB\nFilePmdMapped:         0 kB\nCmaTotal:              0 kB\nCmaFree:               0 kB\nUnaccepted:            0 kB\nHugePages_Total:       0\nHugePages_Free:        0\nHugePages_Rsvd:        0\nHugePages_Surp:        0\nHugepagesize:       2048 kB\nHugetlb:               0 kB\nDirectMap4k:      109752 kB\nDirectMap2M:     4032512 kB\nDirectMap1G:     2097152 kB\n"}
{"timestamp":1767829524,"subsystem":"/proc/net/dev","measurement":"Inter-|   Receive                                                |  Transmit\n face |bytes    packets errs drop fifo frame compressed multicast|bytes    packets errs drop fifo colls carrier compressed\n    lo:    2072      14    0    0    0     0          0         0     2072      14    0    0    0     0       0          0\n  eth0: 53481155   40622    0    0    0     0          0         0  2751949    9412    0    0    0     0       0          0\n"}
{"timestamp":1767829524,"subsystem":"/proc/diskstats","measurement":"   8       0 sda 4498 1 573270 12825 2127 832 326885 13575 0 16256 27099 0 0 0 0 105 698\n   8       1 sda1 69 0 800 26 0 0 0 0 0 56 26 0 0 0 0 0 0\n   8       2 sda2 159 0 8576 60 1 0 1 0 0 92 60 0 0 0 0 0 0\n   8       3 sda3 168 0 16958 62 8 0 4137 10 0 124 73 0 0 0 0 0 0\n   8       4 sda4 4005 1 543216 12642 2118 832 322747 13564 0 16144 26207 0 0 0 0 0 0\n   8      16 sdb 409 1 23778 157 221 1037 401856 22240 0 3368 22399 5 4 16773128 1 0 0\n   8      17 sdb1 135 1 8530 95 221 1037 401856 22240 0 3256 22337 5 4 16773128 1 0 0\n  11       0 sr0 63 0 440 64 0 0 0 0 0 100 64 0 0 0 0 0 0\n"}
{"timestamp":1767829524,"subsystem":"statfs[*]","measurement":"{\"mount_point\":\"/\",\"block_size\":4096,\"blocks_total\":7466684,\"blocks_free\":6506393,\"blocks_available\":6506393}\n{\"mount_point\":\"/boot\",\"block_size\":4096,\"blocks_total\":259584,\"blocks_free\":230628,\"blocks_available\":230628}\n{\"mount_point\":\"/boot/efi\",\"block_size\":8192,\"blocks_total\":65500,\"blocks_free\":65118,\"blocks_available\":65118}\n{\"mount_point\":\"/mnt\",\"block_size\":4096,\"blocks_total\":2038135,\"blocks_free\":2038129,\"blocks_available\":1929201}\n"}
{"timestamp":1767829529,"subsystem":"/proc/stat","measurement":"cpu  15212 0 1219 83508 1108 0 177 0 0 0\ncpu0 12758 0 578 36835 349 0 38 0 0 0\ncpu1 2454 0 640 46672 759 0 139 0 0 0\nintr 55559 0 0 0 0 3114 0 0 0 0 0 0 0 0 0 0 0 0 0 0 0 0 0 0 0 0 0 0 0 0 0 0 0 0 0 0 0 0 0 0 0 0 0 0 0 0 0 0 0 0 0 0 0 0 0 0 0 0 0 0 0 0 0 0 0 0 0 0 0 0 0 0 0 0 0 0 0 0 0 0 0 0 0 0 0 0 0 0 0 0 0 0 0 0 0 0 0 0 0 0 0 0 0 0 0 0 0 0 0 0 0 0 0 0 0 0 0 0 0 0 0 0 0 0 0 0 0 0 0 0 0 0 0 0 0 0 0 0 0 0 0 0 0 0 0 0 0 0 0 0 0 0 0 0 0 0 0 0 0 0 0 0 0 0 0 0 0 0 0 0 0 0 0 0 0 0 0 0 0 0 0 0 0 0 0 0 0 0 0 0 0 0 0 0 0 0 0 0 0 0 0 0 0 0 0 0 0 0 0 0 0 0 0 0 0 0 0 0 0 0 0 0 0 0 0 0 0 0 0 0 0 0 0 0 0 0 0 0 0 0 0 0 0 0 0 0 0 0 0 0 0 0 0 0 0 0 0 0 0 0 0 0 0 0 0 0 0 0 0 0 0 0 0 0 0 0 0 0 0 0 0 0 0 0 0 0 0 0 0 0 0 0 0 0 0 0 0 0 0 0 0 0 0 0 0 0 0 0 0 0 0 0 0 0 0 0 0 0 0 0 0 0 0 0 0 0 0 0 0 0 0 0 0 0 0 0 0 0 0 0 0 0 0 0 0 0 0 0 0 0 0 0 0 0 0 0 0 0 0 0 0 0 0 0 0 0 0 0 0 0 0 0 0 0 0 0 0 0 0 0 0 0 0 0 0 0 0 0 0 0 0 0 0 0 0 0 0 0 0 0 0 0 0 0 0 0 0 0 0 0 0 0 0 0 0 0 0 0 0 0 0 0 0 0 0 0 0 0 0 0 0 0 0 0 0 0 0 0 0 0 0\nctxt 185675\nbtime 1767829022\nprocesses 4251\nprocs_running 3\nprocs_blocked 0\nsoftirq 135654 0 23768 4 13101 0 0 11308 38950 14 48509\n"}
{"timestamp":1767829529,"subsystem":"/proc/meminfo","measurement":"MemTotal:        3955152 kB\nMemFree:         3331800 kB\nMemAvailable:    3518568 kB\nBuffers:            4008 kB\nCached:           400476 kB\nSwapCached:            0 kB\nActive:           208372 kB\nInactive:         277168 kB\nActive(anon):        632 kB\nInactive(anon):   100748 kB\nActive(file):     207740 kB\nInactive(file):   176420 kB\nUnevictable:        3152 kB\nMlocked:              80 kB\nSwapTotal:             0 kB\nSwapFree:              0 kB\nDirty:                 4 kB\nWriteback:             0 kB\nAnonPages:         82184 kB\nMapped:            36084 kB\nShmem:             20324 kB\nKReclaimable:      30380 kB\nSlab:              56684 kB\nSReclaimable:      30380 kB\nSUnreclaim:        26304 kB\nKernelStack:        2224 kB\nPageTables:         2556 kB\nNFS_Unstable:          0 kB\nBounce:                0 kB\nWritebackTmp:          0 kB\nCommitLimit:     1977576 kB\nCommitted_AS:     310176 kB\nVmallocTotal:   34359738367 kB\nVmallocUsed:       34728 kB\nVmallocChunk:          0 kB\nPercpu:              600 kB\nHardwareCorrupted:     0 kB\nAnonHugePages:     24576 kB\nShmemHugePages:        0 kB\nShmemPmdMapped:        0 kB\nFileHugePages:         0 kB\nFilePmdMapped:         0 kB\nCmaTotal:              0 kB\nCmaFree:               0 kB\nUnaccepted:            0 kB\nHugePages_Total:       0\nHugePages_Free:        0\nHugePages_Rsvd:        0\nHugePages_Surp:        0\nHugepagesize:       2048 kB\nHugetlb:               0 kB\nDirectMap4k:      109752 kB\nDirectMap2M:     4032512 kB\nDirectMap1G:     2097152 kB\n"}
{"timestamp":1767829529,"subsystem":"/proc/net/dev","measurement":"Inter-|   Receive                                                |  Transmit\n face |bytes    packets errs drop fifo frame compressed multicast|bytes    packets errs drop fifo colls carrier compressed\n    lo:    2072      14    0    0    0     0          0         0     2072      14    0    0    0     0       0          0\n  eth0: 53484958   40637    0    0    0     0          0         0  2757194    9431    0    0    0     0       0          0\n"}
