{"timestamp":1768021423,"subsystem":"/proc/cpuinfo","measurement":"processor\t: 0\nvendor_id\t: AuthenticAMD\ncpu family\t: 25\nmodel\t\t: 17\nmodel name\t: AMD EPYC 9J14 96-Core Processor\nstepping\t: 1\nmicrocode\t: 0xa101154\ncpu MHz\t\t: 2596.096\ncache size\t: 512 KB\nphysical id\t: 0\nsiblings\t: 2\ncore id\t\t: 0\ncpu cores\t: 1\napicid\t\t: 0\ninitial apicid\t: 0\nfpu\t\t: yes\nfpu_exception\t: yes\ncpuid level\t: 16\nwp\t\t: yes\nflags\t\t: fpu vme de pse tsc msr pae mce cx8 apic sep mtrr pge mca cmov pat pse36 clflush mmx fxsr sse sse2 ht syscall nx mmxext fxsr_opt pdpe1gb rdtscp lm rep_good nopl xtopology cpuid extd_apicid tsc_known_freq pni pclmulqdq ssse3 fma cx16 pcid sse4_1 sse4_2 x2apic movbe popcnt tsc_deadline_timer aes xsave avx f16c rdrand hypervisor lahf_lm cmp_legacy svm cr8_legacy abm sse4a misalignsse 3dnowprefetch osvw topoext perfctr_core ssbd ibrs ibpb stibp vmmcall fsgsbase tsc_adjust bmi1 avx2 smep bmi2 erms invpcid avx512f avx512dq rdseed adx smap avx512ifma clflushopt clwb avx512cd sha_ni avx512bw avx512vl xsaveopt xsavec xgetbv1 xsaves avx512_bf16 clzero xsaveerptr wbnoinvd arat npt nrip_save vgif vnmi avx512vbmi umip pku ospke avx512_vbmi2 gfni vaes vpclmulqdq avx512_vnni avx512_bitalg avx512_vpopcntdq la57 rdpid overflow_recov succor fsrm arch_capabilities\nbugs\t\t: sysret_ss_attrs null_seg spectre_v1 spectre_v2 spec_store_bypass srso ibpb_no_ret tsa\nbogomips\t: 5192.19\nTLB size\t: 1024 4K pages\nclflush size\t: 64\ncache_alignment\t: 64\naddress sizes\t: 40 bits physical, 57 bits virtual\npower management:\n\nprocessor\t: 1\nvendor_id\t: AuthenticAMD\ncpu family\t: 25\nmodel\t\t: 17\nmodel name\t: AMD EPYC 9J14 96-Core Processor\nstepping\t: 1\nmicrocode\t: 0xa101154\ncpu MHz\t\t: 2596.096\ncache size\t: 512 KB\nphysical id\t: 0\nsiblings\t: 2\ncore id\t\t: 0\ncpu cores\t: 1\napicid\t\t: 1\ninitial apicid\t: 1\nfpu\t\t: yes\nfpu_exception\t: yes\ncpuid level\t: 16\nwp\t\t: yes\nflags\t\t: fpu vme de pse tsc msr pae mce cx8 apic sep mtrr pge mca cmov pat pse36 clflush mmx fxsr sse sse2 ht syscall nx mmxext fxsr_opt pdpe1gb rdtscp lm rep_good nopl xtopology cpuid extd_apicid tsc_known_freq pni pclmulqdq ssse3 fma cx16 pcid sse4_1 sse4_2 x2apic movbe popcnt tsc_deadline_timer aes xsave avx f16c rdrand hypervisor lahf_lm cmp_legacy svm cr8_legacy abm sse4a misalignsse 3dnowprefetch osvw topoext perfctr_core ssbd ibrs ibpb stibp vmmcall fsgsbase tsc_adjust bmi1 avx2 smep bmi2 erms invpcid avx512f avx512dq rdseed adx smap avx512ifma clflushopt clwb avx512cd sha_ni avx512bw avx512vl xsaveopt xsavec xgetbv1 xsaves avx512_bf16 clzero xsaveerptr wbnoinvd arat npt nrip_save vgif vnmi avx512vbmi umip pku ospke avx512_vbmi2 gfni vaes vpclmulqdq avx512_vnni avx512_bitalg avx512_vpopcntdq la57 rdpid overflow_recov succor fsrm arch_capabilities\nbugs\t\t: sysret_ss_attrs null_seg spectre_v1 spectre_v2 spec_store_bypass srso ibpb_no_ret tsa\nbogomips\t: 5192.19\nTLB size\t: 1024 4K pages\nclflush size\t: 64\ncache_alignment\t: 64\naddress sizes\t: 40 bits physical, 57 bits virtual\npower management:\n\n"}
{"timestamp":1768021423,"subsystem":"/proc/stat","measurement":"cpu  2203 131 1704 42856 1082 0 24 146 0 0\ncpu0 1145 50 920 21409 453 0 8 87 0 0\ncpu1 1057 81 784 21446 628 0 16 59 0 0\nintr 180885 69 9 0 0 774 0 0 0 0 0 0 0 15 0 0 0 0 0 0 24 0 0 0 0 0 0 0 0 0 0 0 0 0 0 0 0 0 0 0 0 0 0 0 0 0 0 0 0 0 0 0 0 5502 6566 0 9702 6996 0 0 0 0 0 0 0 0 0 0 0 0 0 0 0 0 0 0 0 0 0 0 0 0 0 0 0 0 0 0 0 0 0 0 0 0 0 0 0 0 0 0 0 0 0 0 0 0 0 0 0 0 0 0 0 0 0 0 0 0 0 0 0 0 0 0 0 0 0 0 0 0 0 0 0 0 0 0 0 0 0 0 0 0 0 0 0 0 0 0 0 0 0 0 0 0 0 0 0 0 0 0 0 0 0 0 0 0 0 0 0 0 0 0 0 0 0 0 0 0 0 0 0 0 0 0 0 0 0 0 0 0 0 0 0 0 0 0 0 0 0 0 0 0 0 0 0 0 0 0 0 0 0 0 0 0 0 0 0 0 0 0 0 0 0 0 0 0 0 0 0 0 0 0 0 0 0 0 0 0 0 0 0 0 0 0 0 0 0 0 0 0 0 0 0 0 0 0 0 0 0 0 0 0 0 0 0 0 0 0 0 0 0 0 0 0 0 0 0 0 0 0 0 0 0 0 0 0 0 0 0 0 0 0 0 0 0 0 0 0 0 0 0 0 0 0 0 0 0 0 0 0 0 0 0 0 0 0 0 0 0 0 0 0 0 0 0 0 0 0 0 0 0 0 0 0 0 0 0 0 0 0 0 0 0 0 0 0 0 0 0 0 0 0 0 0 0 0 0 0 0 0 0 0 0 0 0 0 0 0 0 0 0 0 0 0 0 0 0 0 0 0 0 0 0 0 0 0 0 0 0 0 0 0 0 0 0 0 0 0 0 0 0 0 0 0 0 0 0 0 0 0 0 0 0 0 0 0 0 0 0 0 0 0 0 0 0 0 0 0 0 0 0 0 0 0 0 0 0 0 0 0 0\nctxt 212825\nbtime 1768021182\nprocesses 3614\nprocs_running 4\nprocs_blocked 0\nsoftirq 98884 5 13495 9 15306 1808 0 122 17178 0 50961\n"}
{"timestamp":1768021423,"subsystem":"/proc/meminfo","measurement":"MemTotal:        4004576 kB\nMemFree:         2084496 kB\nMemAvailable:    3358200 kB\nBuffers:           32416 kB\nCached:          1448384 kB\nSwapCached:            0 kB\nActive:           816076 kB\nInactive:         863092 kB\nActive(anon):     218704 kB\nInactive(anon):        0 kB\nActive(file):     597372 kB\nInactive(file):   863092 kB\nUnevictable:       39208 kB\nMlocked:           35208 kB\nSwapTotal:             0 kB\nSwapFree:              0 kB\nZswap:                 0 kB\nZswapped:              0 kB\nDirty:               368 kB\nWriteback:             0 kB\nAnonPages:        237696 kB\nMapped:           277548 kB\nShmem:              5612 kB\nKReclaimable:      42224 kB\nSlab:             106844 kB\nSReclaimable:      42224 kB\nSUnreclaim:        64620 kB\nKernelStack:        4928 kB\nPageTables:         5668 kB\nSecPageTables:         0 kB\nNFS_Unstable:          0 kB\nBounce:                0 kB\nWritebackTmp:          0 kB\nCommitLimit:     2002288 kB\nCommitted_AS:    2082740 kB\nVmallocTotal:   13743895347199 kB\nVmallocUsed:       21692 kB\nVmallocChunk:          0 kB\nPercpu:             1160 kB\nHardwareCorrupted:     0 kB\nAnonHugePages:         0 kB\nShmemHugePages:        0 kB\nShmemPmdMapped:        0 kB\nFileHugePages:         0 kB\nFilePmdMapped:         0 kB\nUnaccepted:            0 kB\nHugePages_Total:       0\nHugePages_Free:        0\nHugePages_Rsvd:        0\nHugePages_Surp:        0\nHugepagesize:       2048 kB\nHugetlb:               0 kB\nDirectMap4k:      138152 kB\nDirectMap2M:     3002368 kB\nDirectMap1G:     3145728 kB\n"}
{"timestamp":1768021423,"subsystem":"/proc/net/dev","measurement":"Inter-|   Receive                                                |  Transmit\n face |bytes    packets errs drop fifo frame compressed multicast|bytes    packets errs drop fifo colls carrier compressed\n    lo:   15561     106    0    0    0     0          0         0    15561     106    0    0    0     0       0          0\nenp0s5: 76045124   13347    0    0    0     0          0         0   825345    7077    0    0    0     0       0          0\ndocker0:  128209    2392    0    0    0     0          0         0 13663933    3722    0    2    0     0       0          0\nveth9c000f5:   57705     855    0    0    0     0          0         0  4562533    1359    0    0    0     0       0          0\nveth18bc060:   66153     983    0    0    0     0          0         0  4573931    1532    0    0    0     0       0          0\nveth09d29e5:   37839     554    0    0    0     0          0         0  4531697     891    0    0    0     0       0          0\n"}
{"timestamp":1768021423,"subsystem":"/proc/diskstats","measurement":"   7       0 loop0 48 0 718 25 0 0 0 0 0 24 25 0 0 0 0 0 0\n   7       1 loop1 689 0 52406 681 0 0 0 0 0 549 681 0 0 0 0 0 0\n   7       2 loop2 635 0 46830 2482 0 0 0 0 0 1584 2482 0 0 0 0 0 0\n   7       3 loop3 385 0 24846 14 0 0 0 0 0 15 14 0 0 0 0 0 0\n   7       4 loop4 58 0 736 2 0 0 0 0 0 2 2 0 0 0 0 0 0\n   7       5 loop5 0 0 0 0 0 0 0 0 0 0 0 0 0 0 0 0 0\n   7       6 loop6 0 0 0 0 0 0 0 0 0 0 0 0 0 0 0 0 0\n   7       7 loop7 0 0 0 0 0 0 0 0 0 0 0 0 0 0 0 0 0\n   8       0 sda 9394 4051 2281461 34411 3740 7386 963018 110646 0 13384 145279 408 39 1847384 220 0 0\n   8       1 sda1 8783 3343 2241695 34142 3712 7292 962700 110628 0 15269 144992 408 39 1847384 220 0 0\n   8      14 sda14 109 0 1120 39 0 0 0 0 0 38 39 0 0 0 0 0 0\n   8      15 sda15 192 675 19358 91 3 0 10 2 0 67 93 0 0 0 0 0 0\n 259       0 sda16 210 33 15448 97 25 94 308 16 0 83 113 0 0 0 0 0 0\n"}
{"timestamp":1768021423,"subsystem":"statfs[*]","measurement":"{\"mount_point\":\"/\",\"block_size\":4096,\"blocks_total\":12422878,\"blocks_free\":11563824,\"blocks_available\":11559728}\n{\"mount_point\":\"/boot\",\"block_size\":4096,\"blocks_total\":225380,\"blocks_free\":204544,\"blocks_available\":188762}\n{\"mount_point\":\"/boot/efi\",\"block_size\":512,\"blocks_total\":213663,\"blocks_free\":201164,\"blocks_available\":201164}\n"}
{"timestamp":1768021428,"subsystem":"/proc/cpuinfo","measurement":"processor\t: 0\nvendor_id\t: AuthenticAMD\ncpu family\t: 25\nmodel\t\t: 17\nmodel name\t: AMD EPYC 9J14 96-Core Processor\nstepping\t: 1\nmicrocode\t: 0xa101154\ncpu MHz\t\t: 2596.096\ncache size\t: 512 KB\nphysical id\t: 0\nsiblings\t: 2\ncore id\t\t: 0\ncpu cores\t: 1\napicid\t\t: 0\ninitial apicid\t: 0\nfpu\t\t: yes\nfpu_exception\t: yes\ncpuid level\t: 16\nwp\t\t: yes\nflags\t\t: fpu vme de pse tsc msr pae mce cx8 apic sep mtrr pge mca cmov pat pse36 clflush mmx fxsr sse sse2 ht syscall nx mmxext fxsr_opt pdpe1gb rdtscp lm rep_good nopl xtopology cpuid extd_apicid tsc_known_freq pni pclmulqdq ssse3 fma cx16 pcid sse4_1 sse4_2 x2apic movbe popcnt tsc_deadline_timer aes xsave avx f16c rdrand hypervisor lahf_lm cmp_legacy svm cr8_legacy abm sse4a misalignsse 3dnowprefetch osvw topoext perfctr_core ssbd ibrs ibpb stibp vmmcall fsgsbase tsc_adjust bmi1 avx2 smep bmi2 erms invpcid avx512f avx512dq rdseed adx smap avx512ifma clflushopt clwb avx512cd sha_ni avx512bw avx512vl xsaveopt xsavec xgetbv1 xsaves avx512_bf16 clzero xsaveerptr wbnoinvd arat npt nrip_save vgif vnmi avx512vbmi umip pku ospke avx512_vbmi2 gfni vaes vpclmulqdq avx512_vnni avx512_bitalg avx512_vpopcntdq la57 rdpid overflow_recov succor fsrm arch_capabilities\nbugs\t\t: sysret_ss_attrs null_seg spectre_v1 spectre_v2 spec_store_bypass srso ibpb_no_ret tsa\nbogomips\t: 5192.19\nTLB size\t: 1024 4K pages\nclflush size\t: 64\ncache_alignment\t: 64\naddress sizes\t: 40 bits physical, 57 bits virtual\npower management:\n\nprocessor\t: 1\nvendor_id\t: AuthenticAMD\ncpu family\t: 25\nmodel\t\t: 17\nmodel name\t: AMD EPYC 9J14 96-Core Processor\nstepping\t: 1\nmicrocode\t: 0xa101154\ncpu MHz\t\t: 2596.096\ncache size\t: 512 KB\nphysical id\t: 0\nsiblings\t: 2\ncore id\t\t: 0\ncpu cores\t: 1\napicid\t\t: 1\ninitial apicid\t: 1\nfpu\t\t: yes\nfpu_exception\t: yes\ncpuid level\t: 16\nwp\t\t: yes\nflags\t\t: fpu vme de pse tsc msr pae mce cx8 apic sep mtrr pge mca cmov pat pse36 clflush mmx fxsr sse sse2 ht syscall nx mmxext fxsr_opt pdpe1gb rdtscp lm rep_good nopl xtopology cpuid extd_apicid tsc_known_freq pni pclmulqdq ssse3 fma cx16 pcid sse4_1 sse4_2 x2apic movbe popcnt tsc_deadline_timer aes xsave avx f16c rdrand hypervisor lahf_lm cmp_legacy svm cr8_legacy abm sse4a misalignsse 3dnowprefetch osvw topoext perfctr_core ssbd ibrs ibpb stibp vmmcall fsgsbase tsc_adjust bmi1 avx2 smep bmi2 erms invpcid avx512f avx512dq rdseed adx smap avx512ifma clflushopt clwb avx512cd sha_ni avx512bw avx512vl xsaveopt xsavec xgetbv1 xsaves avx512_bf16 clzero xsaveerptr wbnoinvd arat npt nrip_save vgif vnmi avx512vbmi umip pku ospke avx512_vbmi2 gfni vaes vpclmulqdq avx512_vnni avx512_bitalg avx512_vpopcntdq la57 rdpid overflow_recov succor fsrm arch_capabilities\nbugs\t\t: sysret_ss_attrs null_seg spectre_v1 spectre_v2 spec_store_bypass srso ibpb_no_ret tsa\nbogomips\t: 5192.19\nTLB size\t: 1024 4K pages\nclflush size\t: 64\ncache_alignment\t: 64\naddress sizes\t: 40 bits physical, 57 bits virtual\npower management:\n\n"}
{"timestamp":1768021428,"subsystem":"/proc/stat","measurement":"cpu  3181 131 1721 42858 1083 0 24 149 0 0\ncpu0 1637 50 927 21410 454 0 8 87 0 0\ncpu1 1544 81 794 21447 629 0 16 62 0 0\nintr 193329 69 9 0 0 774 0 0 0 0 0 0 0 15 0 0 0 0 0 0 24 0 0 0 0 0 0 0 0 0 0 0 0 0 0 0 0 0 0 0 0 0 0 0 0 0 0 0 0 0 0 0 0 5508 6670 0 9728 7037 0 0 0 0 0 0 0 0 0 0 0 0 0 0 0 0 0 0 0 0 0 0 0 0 0 0 0 0 0 0 0 0 0 0 0 0 0 0 0 0 0 0 0 0 0 0 0 0 0 0 0 0 0 0 0 0 0 0 0 0 0 0 0 0 0 0 0 0 0 0 0 0 0 0 0 0 0 0 0 0 0 0 0 0 0 0 0 0 0 0 0 0 0 0 0 0 0 0 0 0 0 0 0 0 0 0 0 0 0 0 0 0 0 0 0 0 0 0 0 0 0 0 0 0 0 0 0 0 0 0 0 0 0 0 0 0 0 0 0 0 0 0 0 0 0 0 0 0 0 0 0 0 0 0 0 0 0 0 0 0 0 0 0 0 0 0 0 0 0 0 0 0 0 0 0 0 0 0 0 0 0 0 0 0 0 0 0 0 0 0 0 0 0 0 0 0 0 0 0 0 0 0 0 0 0 0 0 0 0 0 0 0 0 0 0 0 0 0 0 0 0 0 0 0 0 0 0 0 0 0 0 0 0 0 0 0 0 0 0 0 0 0 0 0 0 0 0 0 0 0 0 0 0 0 0 0 0 0 0 0 0 0 0 0 0 0 0 0 0 0 0 0 0 0 0 0 0 0 0 0 0 0 0 0 0 0 0 0 0 0 0 0 0 0 0 0 0 0 0 0 0 0 0 0 0 0 0 0 0 0 0 0 0 0 0 0 0 0 0 0 0 0 0 0 0 0 0 0 0 0 0 0 0 0 0 0 0 0 0 0 0 0 0 0 0 0 0 0 0 0 0 0 0 0 0 0 0 0 0 0 0 0 0 0 0 0 0 0 0 0 0 0 0 0 0 0 0 0 0 0 0 0 0\nctxt 223894\nbtime 1768021182\nprocesses 3722\nprocs_running 7\nprocs_blocked 0\nsoftirq 100700 5 13799 9 15375 1808 0 124 17369 0 52211\n"}
{"timestamp":1768021428,"subsystem":"/proc/meminfo","measurement":"MemTotal:        4004576 kB\nMemFree:         2054556 kB\nMemAvailable:    3367576 kB\nBuffers:           32420 kB\nCached:          1487472 kB\nSwapCached:            0 kB\nActive:           865008 kB\nInactive:         863888 kB\nActive(anon):     229344 kB\nInactive(anon):        0 kB\nActive(file):     635664 kB\nInactive(file):   863888 kB\nUnevictable:       39208 kB\nMlocked:           35208 kB\nSwapTotal:             0 kB\nSwapFree:              0 kB\nZswap:                 0 kB\nZswapped:              0 kB\nDirty:               504 kB\nWriteback:             0 kB\nAnonPages:        248312 kB\nMapped:           290432 kB\nShmem:              5624 kB\nKReclaimable:      42676 kB\nSlab:             107864 kB\nSReclaimable:      42676 kB\nSUnreclaim:        65188 kB\nKernelStack:        5136 kB\nPageTables:         6304 kB\nSecPageTables:         0 kB\nNFS_Unstable:          0 kB\nBounce:                0 kB\nWritebackTmp:          0 kB\nCommitLimit:     2002288 kB\nCommitted_AS:    2116036 kB\nVmallocTotal:   13743895347199 kB\nVmallocUsed:       21968 kB\nVmallocChunk:          0 kB\nPercpu:             1160 kB\nHardwareCorrupted:     0 kB\nAnonHugePages:         0 kB\nShmemHugePages:        0 kB\nShmemPmdMapped:        0 kB\nFileHugePages:         0 kB\nFilePmdMapped:         0 kB\nUnaccepted:            0 kB\nHugePages_Total:       0\nHugePages_Free:        0\nHugePages_Rsvd:        0\nHugePages_Surp:        0\nHugepagesize:       2048 kB\nHugetlb:               0 kB\nDirectMap4k:      138152 kB\nDirectMap2M:     3002368 kB\nDirectMap1G:     3145728 kB\n"}
{"timestamp":1768021428,"subsystem":"/proc/net/dev","measurement":"Inter-|   Receive                                                |  Transmit\n face |bytes    packets errs drop fifo frame compressed multicast|bytes    packets errs drop fifo colls carrier compressed\n    lo:   16289     110    0    0    0     0          0         0    16289     110    0    0    0     0       0          0\nenp0s5: 76053931   13379    0    0    0     0          0         0   880084    7118    0    0    0     0       0          0\ndocker0:  128209    2392    0    0    0     0          0         0 13663933    3722    0    2    0     0       0          0\nveth9c000f5:   57705     855    0    0    0     0          0         0  4562533    1359    0    0    0     0       0          0\nveth18bc060:   66153     983    0    0    0     0          0         0  4573931    1532    0    0    0     0       0          0\nveth09d29e5:   37839     554    0    0    0     0          0         0  4531697     891    0    0    0     0       0          0\n"}
{"timestamp":1768021428,"subsystem":"/proc/diskstats","measurement":"   7       0 loop0 48 0 718 25 0 0 0 0 0 24 25 0 0 0 0 0 0\n   7       1 loop1 689 0 52406 681 0 0 0 0 0 549 681 0 0 0 0 0 0\n   7       2 loop2 635 0 46830 2482 0 0 0 0 0 1584 2482 0 0 0 0 0 0\n   7       3 loop3 385 0 24846 14 0 0 0 0 0 15 14 0 0 0 0 0 0\n   7       4 loop4 58 0 736 2 0 0 0 0 0 2 2 0 0 0 0 0 0\n   7       5 loop5 0 0 0 0 0 0 0 0 0 0 0 0 0 0 0 0 0\n   7       6 loop6 0 0 0 0 0 0 0 0 0 0 0 0 0 0 0 0 0\n   7       7 loop7 0 0 0 0 0 0 0 0 0 0 0 0 0 0 0 0 0\n   8       0 sda 9514 4061 2359549 34555 3742 7386 963042 110648 0 13481 145424 408 39 1847384 220 0 0\n   8       1 sda1 8903 3353 2319783 34286 3714 7292 962724 110629 0 15366 145136 408 39 1847384 220 0 0\n   8      14 sda14 109 0 1120 39 0 0 0 0 0 38 39 0 0 0 0 0 0\n   8      15 sda15 192 675 19358 91 3 0 10 2 0 67 93 0 0 0 0 0 0\n 259       0 sda16 210 33 15448 97 25 94 308 16 0 83 113 0 0 0 0 0 0\n"}
{"timestamp":1768021428,"subsystem":"statfs[*]","measurement":"{\"mount_point\":\"/\",\"block_size\":4096,\"blocks_total\":12422878,\"blocks_free\":11563819,\"blocks_available\":11559723}\n{\"mount_point\":\"/boot\",\"block_size\":4096,\"blocks_total\":225380,\"blocks_free\":204544,\"blocks_available\":188762}\n{\"mount_point\":\"/boot/efi\",\"block_size\":512,\"blocks_total\":213663,\"blocks_free\":201164,\"blocks_available\":201164}\n"}
{"timestamp":1768021433,"subsystem":"/proc/cpuinfo","measurement":"processor\t: 0\nvendor_id\t: AuthenticAMD\ncpu family\t: 25\nmodel\t\t: 17\nmodel name\t: AMD EPYC 9J14 96-Core Processor\nstepping\t: 1\nmicrocode\t: 0xa101154\ncpu MHz\t\t: 2596.096\ncache size\t: 512 KB\nphysical id\t: 0\nsiblings\t: 2\ncore id\t\t: 0\ncpu cores\t: 1\napicid\t\t: 0\ninitial apicid\t: 0\nfpu\t\t: yes\nfpu_exception\t: yes\ncpuid level\t: 16\nwp\t\t: yes\nflags\t\t: fpu vme de pse tsc msr pae mce cx8 apic sep mtrr pge mca cmov pat pse36 clflush mmx fxsr sse sse2 ht syscall nx mmxext fxsr_opt pdpe1gb rdtscp lm rep_good nopl xtopology cpuid extd_apicid tsc_known_freq pni pclmulqdq ssse3 fma cx16 pcid sse4_1 sse4_2 x2apic movbe popcnt tsc_deadline_timer aes xsave avx f16c rdrand hypervisor lahf_lm cmp_legacy svm cr8_legacy abm sse4a misalignsse 3dnowprefetch osvw topoext perfctr_core ssbd ibrs ibpb stibp vmmcall fsgsbase tsc_adjust bmi1 avx2 smep bmi2 erms invpcid avx512f avx512dq rdseed adx smap avx512ifma clflushopt clwb avx512cd sha_ni avx512bw avx512vl xsaveopt xsavec xgetbv1 xsaves avx512_bf16 clzero xsaveerptr wbnoinvd arat npt nrip_save vgif vnmi avx512vbmi umip pku ospke avx512_vbmi2 gfni vaes vpclmulqdq avx512_vnni avx512_bitalg avx512_vpopcntdq la57 rdpid overflow_recov succor fsrm arch_capabilities\nbugs\t\t: sysret_ss_attrs null_seg spectre_v1 spectre_v2 spec_store_bypass srso ibpb_no_ret tsa\nbogomips\t: 5192.19\nTLB size\t: 1024 4K pages\nclflush size\t: 64\ncache_alignment\t: 64\naddress sizes\t: 40 bits physical, 57 bits virtual\npower management:\n\nprocessor\t: 1\nvendor_id\t: AuthenticAMD\ncpu family\t: 25\nmodel\t\t: 17\nmodel name\t: AMD EPYC 9J14 96-Core Processor\nstepping\t: 1\nmicrocode\t: 0xa101154\ncpu MHz\t\t: 2596.096\ncache size\t: 512 KB\nphysical id\t: 0\nsiblings\t: 2\ncore id\t\t: 0\ncpu cores\t: 1\napicid\t\t: 1\ninitial apicid\t: 1\nfpu\t\t: yes\nfpu_exception\t: yes\ncpuid level\t: 16\nwp\t\t: yes\nflags\t\t: fpu vme de pse tsc msr pae mce cx8 apic sep mtrr pge mca cmov pat pse36 clflush mmx fxsr sse sse2 ht syscall nx mmxext fxsr_opt pdpe1gb rdtscp lm rep_good nopl xtopology cpuid extd_apicid tsc_known_freq pni pclmulqdq ssse3 fma cx16 pcid sse4_1 sse4_2 x2apic movbe popcnt tsc_deadline_timer aes xsave avx f16c rdrand hypervisor lahf_lm cmp_legacy svm cr8_legacy abm sse4a misalignsse 3dnowprefetch osvw topoext perfctr_core ssbd ibrs ibpb stibp vmmcall fsgsbase tsc_adjust bmi1 avx2 smep bmi2 erms invpcid avx512f avx512dq rdseed adx smap avx512ifma clflushopt clwb avx512cd sha_ni avx512bw avx512vl xsaveopt xsavec xgetbv1 xsaves avx512_bf16 clzero xsaveerptr wbnoinvd arat npt nrip_save vgif vnmi avx512vbmi umip pku ospke avx512_vbmi2 gfni vaes vpclmulqdq avx512_vnni avx512_bitalg avx512_vpopcntdq la57 rdpid overflow_recov succor fsrm arch_capabilities\nbugs\t\t: sysret_ss_attrs null_seg spectre_v1 spectre_v2 spec_store_bypass srso ibpb_no_ret tsa\nbogomips\t: 5192.19\nTLB size\t: 1024 4K pages\nclflush size\t: 64\ncache_alignment\t: 64\naddress sizes\t: 40 bits physical, 57 bits virtual\npower management:\n\n"}
{"timestamp":1768021433,"subsystem":"/proc/stat","measurement":"cpu  4180 131 1722 42858 1083 0 24 150 0 0\ncpu0 2136 50 927 21410 454 0 8 87 0 0\ncpu1 2043 81 794 21447 629 0 16 62 0 0\nintr 203829 69 9 0 0 774 0 0 0 0 0 0 0 15 0 0 0 0 0 0 24 0 0 0 0 0 0 0 0 0 0 0 0 0 0 0 0 0 0 0 0 0 0 0 0 0 0 0 0 0 0 0 0 5508 6670 0 9728 7037 0 0 0 0 0 0 0 0 0 0 0 0 0 0 0 0 0 0 0 0 0 0 0 0 0 0 0 0 0 0 0 0 0 0 0 0 0 0 0 0 0 0 0 0 0 0 0 0 0 0 0 0 0 0 0 0 0 0 0 0 0 0 0 0 0 0 0 0 0 0 0 0 0 0 0 0 0 0 0 0 0 0 0 0 0 0 0 0 0 0 0 0 0 0 0 0 0 0 0 0 0 0 0 0 0 0 0 0 0 0 0 0 0 0 0 0 0 0 0 0 0 0 0 0 0 0 0 0 0 0 0 0 0 0 0 0 0 0 0 0 0 0 0 0 0 0 0 0 0 0 0 0 0 0 0 0 0 0 0 0 0 0 0 0 0 0 0 0 0 0 0 0 0 0 0 0 0 0 0 0 0 0 0 0 0 0 0 0 0 0 0 0 0 0 0 0 0 0 0 0 0 0 0 0 0 0 0 0 0 0 0 0 0 0 0 0 0 0 0 0 0 0 0 0 0 0 0 0 0 0 0 0 0 0 0 0 0 0 0 0 0 0 0 0 0 0 0 0 0 0 0 0 0 0 0 0 0 0 0 0 0 0 0 0 0 0 0 0 0 0 0 0 0 0 0 0 0 0 0 0 0 0 0 0 0 0 0 0 0 0 0 0 0 0 0 0 0 0 0 0 0 0 0 0 0 0 0 0 0 0 0 0 0 0 0 0 0 0 0 0 0 0 0 0 0 0 0 0 0 0 0 0 0 0 0 0 0 0 0 0 0 0 0 0 0 0 0 0 0 0 0 0 0 0 0 0 0 0 0 0 0 0 0 0 0 0 0 0 0 0 0 0 0 0 0 0 0 0 0 0 0 0 0\nctxt 230003\nbtime 1768021182\nprocesses 3725\nprocs_running 7\nprocs_blocked 0\nsoftirq 101092 5 13943 9 15375 1808 0 124 17533 0 52295\n"}
{"timestamp":1768021433,"subsystem":"/proc/meminfo","measurement":"MemTotal:        4004576 kB\nMemFree:         2053548 kB\nMemAvailable:    3366572 kB\nBuffers:           32420 kB\nCached:          1487480 kB\nSwapCached:            0 kB\nActive:           865352 kB\nInactive:         863892 kB\nActive(anon):     229688 kB\nInactive(anon):        0 kB\nActive(file):     635664 kB\nInactive(file):   863892 kB\nUnevictable:       39208 kB\nMlocked:           35208 kB\nSwapTotal:             0 kB\nSwapFree:              0 kB\nZswap:                 0 kB\nZswapped:              0 kB\nDirty:               512 kB\nWriteback:             0 kB\nAnonPages:        248592 kB\nMapped:           290432 kB\nShmem:              5624 kB\nKReclaimable:      42676 kB\nSlab:             107872 kB\nSReclaimable:      42676 kB\nSUnreclaim:        65196 kB\nKernelStack:        5136 kB\nPageTables:         6304 kB\nSecPageTables:         0 kB\nNFS_Unstable:          0 kB\nBounce:                0 kB\nWritebackTmp:          0 kB\nCommitLimit:     2002288 kB\nCommitted_AS:    2116036 kB\nVmallocTotal:   13743895347199 kB\nVmallocUsed:       21968 kB\nVmallocChunk:          0 kB\nPercpu:             1160 kB\nHardwareCorrupted:     0 kB\nAnonHugePages:         0 kB\nShmemHugePages:        0 kB\nShmemPmdMapped:        0 kB\nFileHugePages:         0 kB\nFilePmdMapped:         0 kB\nUnaccepted:            0 kB\nHugePages_Total:       0\nHugePages_Free:        0\nHugePages_Rsvd:        0\nHugePages_Surp:        0\nHugepagesize:       2048 kB\nHugetlb:               0 kB\nDirectMap4k:      138152 kB\nDirectMap2M:     3002368 kB\nDirectMap1G:     3145728 kB\n"}
{"timestamp":1768021433,"subsystem":"/proc/net/dev","measurement":"Inter-|   Receive                                                |  Transmit\n face |bytes    packets errs drop fifo frame compressed multicast|bytes    packets errs drop fifo colls carrier compressed\n    lo:   16289     110    0    0    0     0          0         0    16289     110    0    0    0     0       0          0\nenp0s5: 76053931   13379    0    0    0     0          0         0   880084    7118    0    0    0     0       0          0\ndocker0:  128209    2392    0    0    0     0          0         0 13663933    3722    0    2    0     0       0          0\nveth9c000f5:   57705     855    0    0    0     0          0         0  4562533    1359    0    0    0     0       0          0\nveth18bc060:   66153     983    0    0    0     0          0         0  4573931    1532    0    0    0     0       0          0\nveth09d29e5:   37839     554    0    0    0     0          0         0  4531697     891    0    0    0     0       0          0\n"}
{"timestamp":1768021433,"subsystem":"/proc/diskstats","measurement":"   7       0 loop0 48 0 718 25 0 0 0 0 0 24 25 0 0 0 0 0 0\n   7       1 loop1 689 0 52406 681 0 0 0 0 0 549 681 0 0 0 0 0 0\n   7       2 loop2 635 0 46830 2482 0 0 0 0 0 1584 2482 0 0 0 0 0 0\n   7       3 loop3 385 0 24846 14 0 0 0 0 0 15 14 0 0 0 0 0 0\n   7       4 loop4 58 0 736 2 0 0 0 0 0 2 2 0 0 0 0 0 0\n   7       5 loop5 0 0 0 0 0 0 0 0 0 0 0 0 0 0 0 0 0\n   7       6 loop6 0 0 0 0 0 0 0 0 0 0 0 0 0 0 0 0 0\n   7       7 loop7 0 0 0 0 0 0 0 0 0 0 0 0 0 0 0 0 0\n   8       0 sda 9514 4061 2359549 34555 3742 7386 963042 110648 0 13481 145424 408 39 1847384 220 0 0\n   8       1 sda1 8903 3353 2319783 34286 3714 7292 962724 110629 0 15366 145136 408 39 1847384 220 0 0\n   8      14 sda14 109 0 1120 39 0 0 0 0 0 38 39 0 0 0 0 0 0\n   8      15 sda15 192 675 19358 91 3 0 10 2 0 67 93 0 0 0 0 0 0\n 259       0 sda16 210 33 15448 97 25 94 308 16 0 83 113 0 0 0 0 0 0\n"}
{"timestamp":1768021433,"subsystem":"statfs[*]","measurement":"{\"mount_point\":\"/\",\"block_size\":4096,\"blocks_total\":12422878,\"blocks_free\":11563816,\"blocks_available\":11559720}\n{\"mount_point\":\"/boot\",\"block_size\":4096,\"blocks_total\":225380,\"blocks_free\":204544,\"blocks_available\":188762}\n{\"mount_point\":\"/boot/efi\",\"block_size\":512,\"blocks_total\":213663,\"blocks_free\":201164,\"blocks_available\":201164}\n"}
{"timestamp":1768021438,"subsystem":"/proc/cpuinfo","measurement":"processor\t: 0\nvendor_id\t: AuthenticAMD\ncpu family\t: 25\nmodel\t\t: 17\nmodel name\t: AMD EPYC 9J14 96-Core Processor\nstepping\t: 1\nmicrocode\t: 0xa101154\ncpu MHz\t\t: 2596.096\ncache size\t: 512 KB\nphysical id\t: 0\nsiblings\t: 2\ncore id\t\t: 0\ncpu cores\t: 1\napicid\t\t: 0\ninitial apicid\t: 0\nfpu\t\t: yes\nfpu_exception\t: yes\ncpuid level\t: 16\nwp\t\t: yes\nflags\t\t: fpu vme de pse tsc msr pae mce cx8 apic sep mtrr pge mca cmov pat pse36 clflush mmx fxsr sse sse2 ht syscall nx mmxext fxsr_opt pdpe1gb rdtscp lm rep_good nopl xtopology cpuid extd_apicid tsc_known_freq pni pclmulqdq ssse3 fma cx16 pcid sse4_1 sse4_2 x2apic movbe popcnt tsc_deadline_timer aes xsave avx f16c rdrand hypervisor lahf_lm cmp_legacy svm cr8_legacy abm sse4a misalignsse 3dnowprefetch osvw topoext perfctr_core ssbd ibrs ibpb stibp vmmcall fsgsbase tsc_adjust bmi1 avx2 smep bmi2 erms invpcid avx512f avx512dq rdseed adx smap avx512ifma clflushopt clwb avx512cd sha_ni avx512bw avx512vl xsaveopt xsavec xgetbv1 xsaves avx512_bf16 clzero xsaveerptr wbnoinvd arat npt nrip_save vgif vnmi avx512vbmi umip pku ospke avx512_vbmi2 gfni vaes vpclmulqdq avx512_vnni avx512_bitalg avx512_vpopcntdq la57 rdpid overflow_recov succor fsrm arch_capabilities\nbugs\t\t: sysret_ss_attrs null_seg spectre_v1 spectre_v2 spec_store_bypass srso ibpb_no_ret tsa\nbogomips\t: 5192.19\nTLB size\t: 1024 4K pages\nclflush size\t: 64\ncache_alignment\t: 64\naddress sizes\t: 40 bits physical, 57 bits virtual\npower management:\n\nprocessor\t: 1\nvendor_id\t: AuthenticAMD\ncpu family\t: 25\nmodel\t\t: 17\nmodel name\t: AMD EPYC 9J14 96-Core Processor\nstepping\t: 1\nmicrocode\t: 0xa101154\ncpu MHz\t\t: 2596.096\ncache size\t: 512 KB\nphysical id\t: 0\nsiblings\t: 2\ncore id\t\t: 0\ncpu cores\t: 1\napicid\t\t: 1\ninitial apicid\t: 1\nfpu\t\t: yes\nfpu_exception\t: yes\ncpuid level\t: 16\nwp\t\t: yes\nflags\t\t: fpu vme de pse tsc msr pae mce cx8 apic sep mtrr pge mca cmov pat pse36 clflush mmx fxsr sse sse2 ht syscall nx mmxext fxsr_opt pdpe1gb rdtscp lm rep_good nopl xtopology cpuid extd_apicid tsc_known_freq pni pclmulqdq ssse3 fma cx16 pcid sse4_1 sse4_2 x2apic movbe popcnt tsc_deadline_timer aes xsave avx f16c rdrand hypervisor lahf_lm cmp_legacy svm cr8_legacy abm sse4a misalignsse 3dnowprefetch osvw topoext perfctr_core ssbd ibrs ibpb stibp vmmcall fsgsbase tsc_adjust bmi1 avx2 smep bmi2 erms invpcid avx512f avx512dq rdseed adx smap avx512ifma clflushopt clwb avx512cd sha_ni avx512bw avx512vl xsaveopt xsavec xgetbv1 xsaves avx512_bf16 clzero xsaveerptr wbnoinvd arat npt nrip_save vgif vnmi avx512vbmi umip pku ospke avx512_vbmi2 gfni vaes vpclmulqdq avx512_vnni avx512_bitalg avx512_vpopcntdq la57 rdpid overflow_recov succor fsrm arch_capabilities\nbugs\t\t: sysret_ss_attrs null_seg spectre_v1 spectre_v2 spec_store_bypass srso ibpb_no_ret tsa\nbogomips\t: 5192.19\nTLB size\t: 1024 4K pages\nclflush size\t: 64\ncache_alignment\t: 64\naddress sizes\t: 40 bits physical, 57 bits virtual\npower management:\n\n"}
{"timestamp":1768021438,"subsystem":"/proc/stat","measurement":"cpu  5179 131 1723 42858 1083 0 24 150 0 0\ncpu0 2636 50 928 21410 454 0 8 87 0 0\ncpu1 2542 81 795 21447 629 0 16 62 0 0\nintr 214297 69 9 0 0 774 0 0 0 0 0 0 0 15 0 0 0 0 0 0 24 0 0 0 0 0 0 0 0 0 0 0 0 0 0 0 0 0 0 0 0 0 0 0 0 0 0 0 0 0 0 0 0 5508 6670 0 9728 7037 0 0 0 0 0 0 0 0 0 0 0 0 0 0 0 0 0 0 0 0 0 0 0 0 0 0 0 0 0 0 0 0 0 0 0 0 0 0 0 0 0 0 0 0 0 0 0 0 0 0 0 0 0 0 0 0 0 0 0 0 0 0 0 0 0 0 0 0 0 0 0 0 0 0 0 0 0 0 0 0 0 0 0 0 0 0 0 0 0 0 0 0 0 0 0 0 0 0 0 0 0 0 0 0 0 0 0 0 0 0 0 0 0 0 0 0 0 0 0 0 0 0 0 0 0 0 0 0 0 0 0 0 0 0 0 0 0 0 0 0 0 0 0 0 0 0 0 0 0 0 0 0 0 0 0 0 0 0 0 0 0 0 0 0 0 0 0 0 0 0 0 0 0 0 0 0 0 0 0 0 0 0 0 0 0 0 0 0 0 0 0 0 0 0 0 0 0 0 0 0 0 0 0 0 0 0 0 0 0 0 0 0 0 0 0 0 0 0 0 0 0 0 0 0 0 0 0 0 0 0 0 0 0 0 0 0 0 0 0 0 0 0 0 0 0 0 0 0 0 0 0 0 0 0 0 0 0 0 0 0 0 0 0 0 0 0 0 0 0 0 0 0 0 0 0 0 0 0 0 0 0 0 0 0 0 0 0 0 0 0 0 0 0 0 0 0 0 0 0 0 0 0 0 0 0 0 0 0 0 0 0 0 0 0 0 0 0 0 0 0 0 0 0 0 0 0 0 0 0 0 0 0 0 0 0 0 0 0 0 0 0 0 0 0 0 0 0 0 0 0 0 0 0 0 0 0 0 0 0 0 0 0 0 0 0 0 0 0 0 0 0 0 0 0 0 0 0 0 0 0 0 0 0\nctxt 236062\nbtime 1768021182\nprocesses 3728\nprocs_running 7\nprocs_blocked 0\nsoftirq 101496 5 14091 9 15375 1808 0 124 17693 0 52391\n"}
{"timestamp":1768021438,"subsystem":"/proc/meminfo","measurement":"MemTotal:        4004576 kB\nMemFree:         2053548 kB\nMemAvailable:    3366592 kB\nBuffers:           32420 kB\nCached:          1487492 kB\nSwapCached:            0 kB\nActive:           865436 kB\nInactive:         863912 kB\nActive(anon):     229772 kB\nInactive(anon):        0 kB\nActive(file):     635664 kB\nInactive(file):   863912 kB\nUnevictable:       39208 kB\nMlocked:           35208 kB\nSwapTotal:             0 kB\nSwapFree:              0 kB\nZswap:                 0 kB\nZswapped:              0 kB\nDirty:               524 kB\nWriteback:             0 kB\nAnonPages:        248672 kB\nMapped:           290432 kB\nShmem:              5624 kB\nKReclaimable:      42676 kB\nSlab:             107876 kB\nSReclaimable:      42676 kB\nSUnreclaim:        65200 kB\nKernelStack:        5136 kB\nPageTables:         6304 kB\nSecPageTables:         0 kB\nNFS_Unstable:          0 kB\nBounce:                0 kB\nWritebackTmp:          0 kB\nCommitLimit:     2002288 kB\nCommitted_AS:    2116036 kB\nVmallocTotal:   13743895347199 kB\nVmallocUsed:       21968 kB\nVmallocChunk:          0 kB\nPercpu:             1160 kB\nHardwareCorrupted:     0 kB\nAnonHugePages:         0 kB\nShmemHugePages:        0 kB\nShmemPmdMapped:        0 kB\nFileHugePages:         0 kB\nFilePmdMapped:         0 kB\nUnaccepted:            0 kB\nHugePages_Total:       0\nHugePages_Free:        0\nHugePages_Rsvd:        0\nHugePages_Surp:        0\nHugepagesize:       2048 kB\nHugetlb:               0 kB\nDirectMap4k:      138152 kB\nDirectMap2M:     3002368 kB\nDirectMap1G:     3145728 kB\n"}
{"timestamp":1768021438,"subsystem":"/proc/net/dev","measurement":"Inter-|   Receive                                                |  Transmit\n face |bytes    packets errs drop fifo frame compressed multicast|bytes    packets errs drop fifo colls carrier compressed\n    lo:   16289     110    0    0    0     0          0         0    16289     110    0    0    0     0       0          0\nenp0s5: 76053931   13379    0    0    0     0          0         0   880084    7118    0    0    0     0       0          0\ndocker0:  128209    2392    0    0    0     0          0         0 13663933    3722    0    2    0     0       0          0\nveth9c000f5:   57705     855    0    0    0     0          0         0  4562533    1359    0    0    0     0       0          0\nveth18bc060:   66153     983    0    0    0     0          0         0  4573931    1532    0    0    0     0       0          0\nveth09d29e5:   37839     554    0    0    0     0          0         0  4531697     891    0    0    0     0       0          0\n"}
{"timestamp":1768021438,"subsystem":"/proc/diskstats","measurement":"   7       0 loop0 48 0 718 25 0 0 0 0 0 24 25 0 0 0 0 0 0\n   7       1 loop1 689 0 52406 681 0 0 0 0 0 549 681 0 0 0 0 0 0\n   7       2 loop2 635 0 46830 2482 0 0 0 0 0 1584 2482 0 0 0 0 0 0\n   7       3 loop3 385 0 24846 14 0 0 0 0 0 15 14 0 0 0 0 0 0\n   7       4 loop4 58 0 736 2 0 0 0 0 0 2 2 0 0 0 0 0 0\n   7       5 loop5 0 0 0 0 0 0 0 0 0 0 0 0 0 0 0 0 0\n   7       6 loop6 0 0 0 0 0 0 0 0 0 0 0 0 0 0 0 0 0\n   7       7 loop7 0 0 0 0 0 0 0 0 0 0 0 0 0 0 0 0 0\n   8       0 sda 9514 4061 2359549 34555 3742 7386 963042 110648 0 13481 145424 408 39 1847384 220 0 0\n   8       1 sda1 8903 3353 2319783 34286 3714 7292 962724 110629 0 15366 145136 408 39 1847384 220 0 0\n   8      14 sda14 109 0 1120 39 0 0 0 0 0 38 39 0 0 0 0 0 0\n   8      15 sda15 192 675 19358 91 3 0 10 2 0 67 93 0 0 0 0 0 0\n 259       0 sda16 210 33 15448 97 25 94 308 16 0 83 113 0 0 0 0 0 0\n"}
{"timestamp":1768021438,"subsystem":"statfs[*]","measurement":"{\"mount_point\":\"/\",\"block_size\":4096,\"blocks_total\":12422878,\"blocks_free\":11563814,\"blocks_available\":11559718}\n{\"mount_point\":\"/boot\",\"block_size\":4096,\"blocks_total\":225380,\"blocks_free\":204544,\"blocks_available\":188762}\n{\"mount_point\":\"/boot/efi\",\"block_size\":512,\"blocks_total\":213663,\"blocks_free\":201164,\"blocks_available\":201164}\n"}
{"timestamp":1768021443,"subsystem":"/proc/cpuinfo","measurement":"processor\t: 0\nvendor_id\t: AuthenticAMD\ncpu family\t: 25\nmodel\t\t: 17\nmodel name\t: AMD EPYC 9J14 96-Core Processor\nstepping\t: 1\nmicrocode\t: 0xa101154\ncpu MHz\t\t: 2596.096\ncache size\t: 512 KB\nphysical id\t: 0\nsiblings\t: 2\ncore id\t\t: 0\ncpu cores\t: 1\napicid\t\t: 0\ninitial apicid\t: 0\nfpu\t\t: yes\nfpu_exception\t: yes\ncpuid level\t: 16\nwp\t\t: yes\nflags\t\t: fpu vme de pse tsc msr pae mce cx8 apic sep mtrr pge mca cmov pat pse36 clflush mmx fxsr sse sse2 ht syscall nx mmxext fxsr_opt pdpe1gb rdtscp lm rep_good nopl xtopology cpuid extd_apicid tsc_known_freq pni pclmulqdq ssse3 fma cx16 pcid sse4_1 sse4_2 x2apic movbe popcnt tsc_deadline_timer aes xsave avx f16c rdrand hypervisor lahf_lm cmp_legacy svm cr8_legacy abm sse4a misalignsse 3dnowprefetch osvw topoext perfctr_core ssbd ibrs ibpb stibp vmmcall fsgsbase tsc_adjust bmi1 avx2 smep bmi2 erms invpcid avx512f avx512dq rdseed adx smap avx512ifma clflushopt clwb avx512cd sha_ni avx512bw avx512vl xsaveopt xsavec xgetbv1 xsaves avx512_bf16 clzero xsaveerptr wbnoinvd arat npt nrip_save vgif vnmi avx512vbmi umip pku ospke avx512_vbmi2 gfni vaes vpclmulqdq avx512_vnni avx512_bitalg avx512_vpopcntdq la57 rdpid overflow_recov succor fsrm arch_capabilities\nbugs\t\t: sysret_ss_attrs null_seg spectre_v1 spectre_v2 spec_store_bypass srso ibpb_no_ret tsa\nbogomips\t: 5192.19\nTLB size\t: 1024 4K pages\nclflush size\t: 64\ncache_alignment\t: 64\naddress sizes\t: 40 bits physical, 57 bits virtual\npower management:\n\nprocessor\t: 1\nvendor_id\t: AuthenticAMD\ncpu family\t: 25\nmodel\t\t: 17\nmodel name\t: AMD EPYC 9J14 96-Core Processor\nstepping\t: 1\nmicrocode\t: 0xa101154\ncpu MHz\t\t: 2596.096\ncache size\t: 512 KB\nphysical id\t: 0\nsiblings\t: 2\ncore id\t\t: 0\ncpu cores\t: 1\napicid\t\t: 1\ninitial apicid\t: 1\nfpu\t\t: yes\nfpu_exception\t: yes\ncpuid level\t: 16\nwp\t\t: yes\nflags\t\t: fpu vme de pse tsc msr pae mce cx8 apic sep mtrr pge mca cmov pat pse36 clflush mmx fxsr sse sse2 ht syscall nx mmxext fxsr_opt pdpe1gb rdtscp lm rep_good nopl xtopology cpuid extd_apicid tsc_known_freq pni pclmulqdq ssse3 fma cx16 pcid sse4_1 sse4_2 x2apic movbe popcnt tsc_deadline_timer aes xsave avx f16c rdrand hypervisor lahf_lm cmp_legacy svm cr8_legacy abm sse4a misalignsse 3dnowprefetch osvw topoext perfctr_core ssbd ibrs ibpb stibp vmmcall fsgsbase tsc_adjust bmi1 avx2 smep bmi2 erms invpcid avx512f avx512dq rdseed adx smap avx512ifma clflushopt clwb avx512cd sha_ni avx512bw avx512vl xsaveopt xsavec xgetbv1 xsaves avx512_bf16 clzero xsaveerptr wbnoinvd arat npt nrip_save vgif vnmi avx512vbmi umip pku ospke avx512_vbmi2 gfni vaes vpclmulqdq avx512_vnni avx512_bitalg avx512_vpopcntdq la57 rdpid overflow_recov succor fsrm arch_capabilities\nbugs\t\t: sysret_ss_attrs null_seg spectre_v1 spectre_v2 spec_store_bypass srso ibpb_no_ret tsa\nbogomips\t: 5192.19\nTLB size\t: 1024 4K pages\nclflush size\t: 64\ncache_alignment\t: 64\naddress sizes\t: 40 bits physical, 57 bits virtual\npower management:\n\n"}
{"timestamp":1768021443,"subsystem":"/proc/stat","measurement":"cpu  6178 131 1724 42858 1083 0 24 150 0 0\ncpu0 3135 50 928 21410 454 0 8 87 0 0\ncpu1 3042 81 795 21447 629 0 16 62 0 0\nintr 224679 69 9 0 0 774 0 0 0 0 0 0 0 15 0 0 0 0 0 0 24 0 0 0 0 0 0 0 0 0 0 0 0 0 0 0 0 0 0 0 0 0 0 0 0 0 0 0 0 0 0 0 0 5508 6670 0 9730 7039 0 0 0 0 0 0 0 0 0 0 0 0 0 0 0 0 0 0 0 0 0 0 0 0 0 0 0 0 0 0 0 0 0 0 0 0 0 0 0 0 0 0 0 0 0 0 0 0 0 0 0 0 0 0 0 0 0 0 0 0 0 0 0 0 0 0 0 0 0 0 0 0 0 0 0 0 0 0 0 0 0 0 0 0 0 0 0 0 0 0 0 0 0 0 0 0 0 0 0 0 0 0 0 0 0 0 0 0 0 0 0 0 0 0 0 0 0 0 0 0 0 0 0 0 0 0 0 0 0 0 0 0 0 0 0 0 0 0 0 0 0 0 0 0 0 0 0 0 0 0 0 0 0 0 0 0 0 0 0 0 0 0 0 0 0 0 0 0 0 0 0 0 0 0 0 0 0 0 0 0 0 0 0 0 0 0 0 0 0 0 0 0 0 0 0 0 0 0 0 0 0 0 0 0 0 0 0 0 0 0 0 0 0 0 0 0 0 0 0 0 0 0 0 0 0 0 0 0 0 0 0 0 0 0 0 0 0 0 0 0 0 0 0 0 0 0 0 0 0 0 0 0 0 0 0 0 0 0 0 0 0 0 0 0 0 0 0 0 0 0 0 0 0 0 0 0 0 0 0 0 0 0 0 0 0 0 0 0 0 0 0 0 0 0 0 0 0 0 0 0 0 0 0 0 0 0 0 0 0 0 0 0 0 0 0 0 0 0 0 0 0 0 0 0 0 0 0 0 0 0 0 0 0 0 0 0 0 0 0 0 0 0 0 0 0 0 0 0 0 0 0 0 0 0 0 0 0 0 0 0 0 0 0 0 0 0 0 0 0 0 0 0 0 0 0 0 0 0 0 0 0 0 0\nctxt 241781\nbtime 1768021182\nprocesses 3731\nprocs_running 7\nprocs_blocked 0\nsoftirq 101892 5 14242 9 15379 1808 0 124 17851 0 52474\n"}
{"timestamp":1768021443,"subsystem":"/proc/meminfo","measurement":"MemTotal:        4004576 kB\nMemFree:         2053548 kB\nMemAvailable:    3366592 kB\nBuffers:           32420 kB\nCached:          1487500 kB\nSwapCached:            0 kB\nActive:           865796 kB\nInactive:         863912 kB\nActive(anon):     230132 kB\nInactive(anon):        0 kB\nActive(file):     635664 kB\nInactive(file):   863912 kB\nUnevictable:       39208 kB\nMlocked:           35208 kB\nSwapTotal:             0 kB\nSwapFree:              0 kB\nZswap:                 0 kB\nZswapped:              0 kB\nDirty:               532 kB\nWriteback:             0 kB\nAnonPages:        249076 kB\nMapped:           290432 kB\nShmem:              5624 kB\nKReclaimable:      42676 kB\nSlab:             107884 kB\nSReclaimable:      42676 kB\nSUnreclaim:        65208 kB\nKernelStack:        5136 kB\nPageTables:         6308 kB\nSecPageTables:         0 kB\nNFS_Unstable:          0 kB\nBounce:                0 kB\nWritebackTmp:          0 kB\nCommitLimit:     2002288 kB\nCommitted_AS:    2116036 kB\nVmallocTotal:   13743895347199 kB\nVmallocUsed:       21968 kB\nVmallocChunk:          0 kB\nPercpu:             1160 kB\nHardwareCorrupted:     0 kB\nAnonHugePages:         0 kB\nShmemHugePages:        0 kB\nShmemPmdMapped:        0 kB\nFileHugePages:         0 kB\nFilePmdMapped:         0 kB\nUnaccepted:            0 kB\nHugePages_Total:       0\nHugePages_Free:        0\nHugePages_Rsvd:        0\nHugePages_Surp:        0\nHugepagesize:       2048 kB\nHugetlb:               0 kB\nDirectMap4k:      138152 kB\nDirectMap2M:     3002368 kB\nDirectMap1G:     3145728 kB\n"}
{"timestamp":1768021443,"subsystem":"/proc/net/dev","measurement":"Inter-|   Receive                                                |  Transmit\n face |bytes    packets errs drop fifo frame compressed multicast|bytes    packets errs drop fifo colls carrier compressed\n    lo:   16289     110    0    0    0     0          0         0    16289     110    0    0    0     0       0          0\nenp0s5: 76054053   13381    0    0    0     0          0         0   880192    7120    0    0    0     0       0          0\ndocker0:  128209    2392    0    0    0     0          0         0 13663933    3722    0    2    0     0       0          0\nveth9c000f5:   57705     855    0    0    0     0          0         0  4562533    1359    0    0    0     0       0          0\nveth18bc060:   66153     983    0    0    0     0          0         0  4573931    1532    0    0    0     0       0          0\nveth09d29e5:   37839     554    0    0    0     0          0         0  4531697     891    0    0    0     0       0          0\n"}
{"timestamp":1768021443,"subsystem":"/proc/diskstats","measurement":"   7       0 loop0 48 0 718 25 0 0 0 0 0 24 25 0 0 0 0 0 0\n   7       1 loop1 689 0 52406 681 0 0 0 0 0 549 681 0 0 0 0 0 0\n   7       2 loop2 635 0 46830 2482 0 0 0 0 0 1584 2482 0 0 0 0 0 0\n   7       3 loop3 385 0 24846 14 0 0 0 0 0 15 14 0 0 0 0 0 0\n   7       4 loop4 58 0 736 2 0 0 0 0 0 2 2 0 0 0 0 0 0\n   7       5 loop5 0 0 0 0 0 0 0 0 0 0 0 0 0 0 0 0 0\n   7       6 loop6 0 0 0 0 0 0 0 0 0 0 0 0 0 0 0 0 0\n   7       7 loop7 0 0 0 0 0 0 0 0 0 0 0 0 0 0 0 0 0\n   8       0 sda 9514 4061 2359549 34555 3742 7386 963042 110648 0 13481 145424 408 39 1847384 220 0 0\n   8       1 sda1 8903 3353 2319783 34286 3714 7292 962724 110629 0 15366 145136 408 39 1847384 220 0 0\n   8      14 sda14 109 0 1120 39 0 0 0 0 0 38 39 0 0 0 0 0 0\n   8      15 sda15 192 675 19358 91 3 0 10 2 0 67 93 0 0 0 0 0 0\n 259       0 sda16 210 33 15448 97 25 94 308 16 0 83 113 0 0 0 0 0 0\n"}
{"timestamp":1768021443,"subsystem":"statfs[*]","measurement":"{\"mount_point\":\"/\",\"block_size\":4096,\"blocks_total\":12422878,\"blocks_free\":11563811,\"blocks_available\":11559715}\n{\"mount_point\":\"/boot\",\"block_size\":4096,\"blocks_total\":225380,\"blocks_free\":204544,\"blocks_available\":188762}\n{\"mount_point\":\"/boot/efi\",\"block_size\":512,\"blocks_total\":213663,\"blocks_free\":201164,\"blocks_available\":201164}\n"}
{"timestamp":1768021448,"subsystem":"/proc/cpuinfo","measurement":"processor\t: 0\nvendor_id\t: AuthenticAMD\ncpu family\t: 25\nmodel\t\t: 17\nmodel name\t: AMD EPYC 9J14 96-Core Processor\nstepping\t: 1\nmicrocode\t: 0xa101154\ncpu MHz\t\t: 2596.096\ncache size\t: 512 KB\nphysical id\t: 0\nsiblings\t: 2\ncore id\t\t: 0\ncpu cores\t: 1\napicid\t\t: 0\ninitial apicid\t: 0\nfpu\t\t: yes\nfpu_exception\t: yes\ncpuid level\t: 16\nwp\t\t: yes\nflags\t\t: fpu vme de pse tsc msr pae mce cx8 apic sep mtrr pge mca cmov pat pse36 clflush mmx fxsr sse sse2 ht syscall nx mmxext fxsr_opt pdpe1gb rdtscp lm rep_good nopl xtopology cpuid extd_apicid tsc_known_freq pni pclmulqdq ssse3 fma cx16 pcid sse4_1 sse4_2 x2apic movbe popcnt tsc_deadline_timer aes xsave avx f16c rdrand hypervisor lahf_lm cmp_legacy svm cr8_legacy abm sse4a misalignsse 3dnowprefetch osvw topoext perfctr_core ssbd ibrs ibpb stibp vmmcall fsgsbase tsc_adjust bmi1 avx2 smep bmi2 erms invpcid avx512f avx512dq rdseed adx smap avx512ifma clflushopt clwb avx512cd sha_ni avx512bw avx512vl xsaveopt xsavec xgetbv1 xsaves avx512_bf16 clzero xsaveerptr wbnoinvd arat npt nrip_save vgif vnmi avx512vbmi umip pku ospke avx512_vbmi2 gfni vaes vpclmulqdq avx512_vnni avx512_bitalg avx512_vpopcntdq la57 rdpid overflow_recov succor fsrm arch_capabilities\nbugs\t\t: sysret_ss_attrs null_seg spectre_v1 spectre_v2 spec_store_bypass srso ibpb_no_ret tsa\nbogomips\t: 5192.19\nTLB size\t: 1024 4K pages\nclflush size\t: 64\ncache_alignment\t: 64\naddress sizes\t: 40 bits physical, 57 bits virtual\npower management:\n\nprocessor\t: 1\nvendor_id\t: AuthenticAMD\ncpu family\t: 25\nmodel\t\t: 17\nmodel name\t: AMD EPYC 9J14 96-Core Processor\nstepping\t: 1\nmicrocode\t: 0xa101154\ncpu MHz\t\t: 2596.096\ncache size\t: 512 KB\nphysical id\t: 0\nsiblings\t: 2\ncore id\t\t: 0\ncpu cores\t: 1\napicid\t\t: 1\ninitial apicid\t: 1\nfpu\t\t: yes\nfpu_exception\t: yes\ncpuid level\t: 16\nwp\t\t: yes\nflags\t\t: fpu vme de pse tsc msr pae mce cx8 apic sep mtrr pge mca cmov pat pse36 clflush mmx fxsr sse sse2 ht syscall nx mmxext fxsr_opt pdpe1gb rdtscp lm rep_good nopl xtopology cpuid extd_apicid tsc_known_freq pni pclmulqdq ssse3 fma cx16 pcid sse4_1 sse4_2 x2apic movbe popcnt tsc_deadline_timer aes xsave avx f16c rdrand hypervisor lahf_lm cmp_legacy svm cr8_legacy abm sse4a misalignsse 3dnowprefetch osvw topoext perfctr_core ssbd ibrs ibpb stibp vmmcall fsgsbase tsc_adjust bmi1 avx2 smep bmi2 erms invpcid avx512f avx512dq rdseed adx smap avx512ifma clflushopt clwb avx512cd sha_ni avx512bw avx512vl xsaveopt xsavec xgetbv1 xsaves avx512_bf16 clzero xsaveerptr wbnoinvd arat npt nrip_save vgif vnmi avx512vbmi umip pku ospke avx512_vbmi2 gfni vaes vpclmulqdq avx512_vnni avx512_bitalg avx512_vpopcntdq la57 rdpid overflow_recov succor fsrm arch_capabilities\nbugs\t\t: sysret_ss_attrs null_seg spectre_v1 spectre_v2 spec_store_bypass srso ibpb_no_ret tsa\nbogomips\t: 5192.19\nTLB size\t: 1024 4K pages\nclflush size\t: 64\ncache_alignment\t: 64\naddress sizes\t: 40 bits physical, 57 bits virtual\npower management:\n\n"}
{"timestamp":1768021448,"subsystem":"/proc/stat","measurement":"cpu  7177 131 1725 42858 1083 0 24 150 0 0\ncpu0 3634 50 929 21410 454 0 8 87 0 0\ncpu1 3542 81 795 21447 629 0 16 63 0 0\nintr 235145 69 9 0 0 774 0 0 0 0 0 0 0 15 0 0 0 0 0 0 24 0 0 0 0 0 0 0 0 0 0 0 0 0 0 0 0 0 0 0 0 0 0 0 0 0 0 0 0 0 0 0 0 5540 6670 0 9730 7040 0 0 0 0 0 0 0 0 0 0 0 0 0 0 0 0 0 0 0 0 0 0 0 0 0 0 0 0 0 0 0 0 0 0 0 0 0 0 0 0 0 0 0 0 0 0 0 0 0 0 0 0 0 0 0 0 0 0 0 0 0 0 0 0 0 0 0 0 0 0 0 0 0 0 0 0 0 0 0 0 0 0 0 0 0 0 0 0 0 0 0 0 0 0 0 0 0 0 0 0 0 0 0 0 0 0 0 0 0 0 0 0 0 0 0 0 0 0 0 0 0 0 0 0 0 0 0 0 0 0 0 0 0 0 0 0 0 0 0 0 0 0 0 0 0 0 0 0 0 0 0 0 0 0 0 0 0 0 0 0 0 0 0 0 0 0 0 0 0 0 0 0 0 0 0 0 0 0 0 0 0 0 0 0 0 0 0 0 0 0 0 0 0 0 0 0 0 0 0 0 0 0 0 0 0 0 0 0 0 0 0 0 0 0 0 0 0 0 0 0 0 0 0 0 0 0 0 0 0 0 0 0 0 0 0 0 0 0 0 0 0 0 0 0 0 0 0 0 0 0 0 0 0 0 0 0 0 0 0 0 0 0 0 0 0 0 0 0 0 0 0 0 0 0 0 0 0 0 0 0 0 0 0 0 0 0 0 0 0 0 0 0 0 0 0 0 0 0 0 0 0 0 0 0 0 0 0 0 0 0 0 0 0 0 0 0 0 0 0 0 0 0 0 0 0 0 0 0 0 0 0 0 0 0 0 0 0 0 0 0 0 0 0 0 0 0 0 0 0 0 0 0 0 0 0 0 0 0 0 0 0 0 0 0 0 0 0 0 0 0 0 0 0 0 0 0 0 0 0 0 0 0 0\nctxt 247641\nbtime 1768021182\nprocesses 3734\nprocs_running 7\nprocs_blocked 0\nsoftirq 102269 5 14376 9 15380 1808 0 124 18012 0 52555\n"}
{"timestamp":1768021448,"subsystem":"/proc/meminfo","measurement":"MemTotal:        4004576 kB\nMemFree:         2053548 kB\nMemAvailable:    3366612 kB\nBuffers:           32420 kB\nCached:          1487512 kB\nSwapCached:            0 kB\nActive:           865932 kB\nInactive:         863932 kB\nActive(anon):     230268 kB\nInactive(anon):        0 kB\nActive(file):     635664 kB\nInactive(file):   863932 kB\nUnevictable:       39208 kB\nMlocked:           35208 kB\nSwapTotal:             0 kB\nSwapFree:              0 kB\nZswap:                 0 kB\nZswapped:              0 kB\nDirty:               156 kB\nWriteback:             0 kB\nAnonPages:        249160 kB\nMapped:           290432 kB\nShmem:              5624 kB\nKReclaimable:      42676 kB\nSlab:             107884 kB\nSReclaimable:      42676 kB\nSUnreclaim:        65208 kB\nKernelStack:        5136 kB\nPageTables:         6308 kB\nSecPageTables:         0 kB\nNFS_Unstable:          0 kB\nBounce:                0 kB\nWritebackTmp:          0 kB\nCommitLimit:     2002288 kB\nCommitted_AS:    2116036 kB\nVmallocTotal:   13743895347199 kB\nVmallocUsed:       21968 kB\nVmallocChunk:          0 kB\nPercpu:             1160 kB\nHardwareCorrupted:     0 kB\nAnonHugePages:         0 kB\nShmemHugePages:        0 kB\nShmemPmdMapped:        0 kB\nFileHugePages:         0 kB\nFilePmdMapped:         0 kB\nUnaccepted:            0 kB\nHugePages_Total:       0\nHugePages_Free:        0\nHugePages_Rsvd:        0\nHugePages_Surp:        0\nHugepagesize:       2048 kB\nHugetlb:               0 kB\nDirectMap4k:      138152 kB\nDirectMap2M:     3002368 kB\nDirectMap1G:     3145728 kB\n"}
{"timestamp":1768021448,"subsystem":"/proc/net/dev","measurement":"Inter-|   Receive                                                |  Transmit\n face |bytes    packets errs drop fifo frame compressed multicast|bytes    packets errs drop fifo colls carrier compressed\n    lo:   16289     110    0    0    0     0          0         0    16289     110    0    0    0     0       0          0\nenp0s5: 76054053   13381    0    0    0     0          0         0   880262    7121    0    0    0     0       0          0\ndocker0:  128209    2392    0    0    0     0          0         0 13663933    3722    0    2    0     0       0          0\nveth9c000f5:   57705     855    0    0    0     0          0         0  4562533    1359    0    0    0     0       0          0\nveth18bc060:   66153     983    0    0    0     0          0         0  4573931    1532    0    0    0     0       0          0\nveth09d29e5:   37839     554    0    0    0     0          0         0  4531697     891    0    0    0     0       0          0\n"}
{"timestamp":1768021448,"subsystem":"/proc/diskstats","measurement":"   7       0 loop0 48 0 718 25 0 0 0 0 0 24 25 0 0 0 0 0 0\n   7       1 loop1 689 0 52406 681 0 0 0 0 0 549 681 0 0 0 0 0 0\n   7       2 loop2 635 0 46830 2482 0 0 0 0 0 1584 2482 0 0 0 0 0 0\n   7       3 loop3 385 0 24846 14 0 0 0 0 0 15 14 0 0 0 0 0 0\n   7       4 loop4 58 0 736 2 0 0 0 0 0 2 2 0 0 0 0 0 0\n   7       5 loop5 0 0 0 0 0 0 0 0 0 0 0 0 0 0 0 0 0\n   7       6 loop6 0 0 0 0 0 0 0 0 0 0 0 0 0 0 0 0 0\n   7       7 loop7 0 0 0 0 0 0 0 0 0 0 0 0 0 0 0 0 0\n   8       0 sda 9514 4061 2359549 34555 3807 7388 963818 110687 0 13484 145463 408 39 1847384 220 0 0\n   8       1 sda1 8903 3353 2319783 34286 3779 7294 963500 110668 0 15370 145175 408 39 1847384 220 0 0\n   8      14 sda14 109 0 1120 39 0 0 0 0 0 38 39 0 0 0 0 0 0\n   8      15 sda15 192 675 19358 91 3 0 10 2 0 67 93 0 0 0 0 0 0\n 259       0 sda16 210 33 15448 97 25 94 308 16 0 83 113 0 0 0 0 0 0\n"}
{"timestamp":1768021448,"subsystem":"statfs[*]","measurement":"{\"mount_point\":\"/\",\"block_size\":4096,\"blocks_total\":12422878,\"blocks_free\":11563809,\"blocks_available\":11559713}\n{\"mount_point\":\"/boot\",\"block_size\":4096,\"blocks_total\":225380,\"blocks_free\":204544,\"blocks_available\":188762}\n{\"mount_point\":\"/boot/efi\",\"block_size\":512,\"blocks_total\":213663,\"blocks_free\":201164,\"blocks_available\":201164}\n"}
{"timestamp":1768021453,"subsystem":"/proc/cpuinfo","measurement":"processor\t: 0\nvendor_id\t: AuthenticAMD\ncpu family\t: 25\nmodel\t\t: 17\nmodel name\t: AMD EPYC 9J14 96-Core Processor\nstepping\t: 1\nmicrocode\t: 0xa101154\ncpu MHz\t\t: 2596.096\ncache size\t: 512 KB\nphysical id\t: 0\nsiblings\t: 2\ncore id\t\t: 0\ncpu cores\t: 1\napicid\t\t: 0\ninitial apicid\t: 0\nfpu\t\t: yes\nfpu_exception\t: yes\ncpuid level\t: 16\nwp\t\t: yes\nflags\t\t: fpu vme de pse tsc msr pae mce cx8 apic sep mtrr pge mca cmov pat pse36 clflush mmx fxsr sse sse2 ht syscall nx mmxext fxsr_opt pdpe1gb rdtscp lm rep_good nopl xtopology cpuid extd_apicid tsc_known_freq pni pclmulqdq ssse3 fma cx16 pcid sse4_1 sse4_2 x2apic movbe popcnt tsc_deadline_timer aes xsave avx f16c rdrand hypervisor lahf_lm cmp_legacy svm cr8_legacy abm sse4a misalignsse 3dnowprefetch osvw topoext perfctr_core ssbd ibrs ibpb stibp vmmcall fsgsbase tsc_adjust bmi1 avx2 smep bmi2 erms invpcid avx512f avx512dq rdseed adx smap avx512ifma clflushopt clwb avx512cd sha_ni avx512bw avx512vl xsaveopt xsavec xgetbv1 xsaves avx512_bf16 clzero xsaveerptr wbnoinvd arat npt nrip_save vgif vnmi avx512vbmi umip pku ospke avx512_vbmi2 gfni vaes vpclmulqdq avx512_vnni avx512_bitalg avx512_vpopcntdq la57 rdpid overflow_recov succor fsrm arch_capabilities\nbugs\t\t: sysret_ss_attrs null_seg spectre_v1 spectre_v2 spec_store_bypass srso ibpb_no_ret tsa\nbogomips\t: 5192.19\nTLB size\t: 1024 4K pages\nclflush size\t: 64\ncache_alignment\t: 64\naddress sizes\t: 40 bits physical, 57 bits virtual\npower management:\n\nprocessor\t: 1\nvendor_id\t: AuthenticAMD\ncpu family\t: 25\nmodel\t\t: 17\nmodel name\t: AMD EPYC 9J14 96-Core Processor\nstepping\t: 1\nmicrocode\t: 0xa101154\ncpu MHz\t\t: 2596.096\ncache size\t: 512 KB\nphysical id\t: 0\nsiblings\t: 2\ncore id\t\t: 0\ncpu cores\t: 1\napicid\t\t: 1\ninitial apicid\t: 1\nfpu\t\t: yes\nfpu_exception\t: yes\ncpuid level\t: 16\nwp\t\t: yes\nflags\t\t: fpu vme de pse tsc msr pae mce cx8 apic sep mtrr pge mca cmov pat pse36 clflush mmx fxsr sse sse2 ht syscall nx mmxext fxsr_opt pdpe1gb rdtscp lm rep_good nopl xtopology cpuid extd_apicid tsc_known_freq pni pclmulqdq ssse3 fma cx16 pcid sse4_1 sse4_2 x2apic movbe popcnt tsc_deadline_timer aes xsave avx f16c rdrand hypervisor lahf_lm cmp_legacy svm cr8_legacy abm sse4a misalignsse 3dnowprefetch osvw topoext perfctr_core ssbd ibrs ibpb stibp vmmcall fsgsbase tsc_adjust bmi1 avx2 smep bmi2 erms invpcid avx512f avx512dq rdseed adx smap avx512ifma clflushopt clwb avx512cd sha_ni avx512bw avx512vl xsaveopt xsavec xgetbv1 xsaves avx512_bf16 clzero xsaveerptr wbnoinvd arat npt nrip_save vgif vnmi avx512vbmi umip pku ospke avx512_vbmi2 gfni vaes vpclmulqdq avx512_vnni avx512_bitalg avx512_vpopcntdq la57 rdpid overflow_recov succor fsrm arch_capabilities\nbugs\t\t: sysret_ss_attrs null_seg spectre_v1 spectre_v2 spec_store_bypass srso ibpb_no_ret tsa\nbogomips\t: 5192.19\nTLB size\t: 1024 4K pages\nclflush size\t: 64\ncache_alignment\t: 64\naddress sizes\t: 40 bits physical, 57 bits virtual\npower management:\n\n"}
{"timestamp":1768021453,"subsystem":"/proc/stat","measurement":"cpu  8176 131 1725 42858 1083 0 24 150 0 0\ncpu0 4134 50 930 21410 454 0 8 87 0 0\ncpu1 4042 81 795 21447 629 0 16 63 0 0\nintr 245517 69 9 0 0 774 0 0 0 0 0 0 0 15 0 0 0 0 0 0 24 0 0 0 0 0 0 0 0 0 0 0 0 0 0 0 0 0 0 0 0 0 0 0 0 0 0 0 0 0 0 0 0 5543 6670 0 9730 7040 0 0 0 0 0 0 0 0 0 0 0 0 0 0 0 0 0 0 0 0 0 0 0 0 0 0 0 0 0 0 0 0 0 0 0 0 0 0 0 0 0 0 0 0 0 0 0 0 0 0 0 0 0 0 0 0 0 0 0 0 0 0 0 0 0 0 0 0 0 0 0 0 0 0 0 0 0 0 0 0 0 0 0 0 0 0 0 0 0 0 0 0 0 0 0 0 0 0 0 0 0 0 0 0 0 0 0 0 0 0 0 0 0 0 0 0 0 0 0 0 0 0 0 0 0 0 0 0 0 0 0 0 0 0 0 0 0 0 0 0 0 0 0 0 0 0 0 0 0 0 0 0 0 0 0 0 0 0 0 0 0 0 0 0 0 0 0 0 0 0 0 0 0 0 0 0 0 0 0 0 0 0 0 0 0 0 0 0 0 0 0 0 0 0 0 0 0 0 0 0 0 0 0 0 0 0 0 0 0 0 0 0 0 0 0 0 0 0 0 0 0 0 0 0 0 0 0 0 0 0 0 0 0 0 0 0 0 0 0 0 0 0 0 0 0 0 0 0 0 0 0 0 0 0 0 0 0 0 0 0 0 0 0 0 0 0 0 0 0 0 0 0 0 0 0 0 0 0 0 0 0 0 0 0 0 0 0 0 0 0 0 0 0 0 0 0 0 0 0 0 0 0 0 0 0 0 0 0 0 0 0 0 0 0 0 0 0 0 0 0 0 0 0 0 0 0 0 0 0 0 0 0 0 0 0 0 0 0 0 0 0 0 0 0 0 0 0 0 0 0 0 0 0 0 0 0 0 0 0 0 0 0 0 0 0 0 0 0 0 0 0 0 0 0 0 0 0 0 0 0 0 0 0\nctxt 253344\nbtime 1768021182\nprocesses 3737\nprocs_running 7\nprocs_blocked 0\nsoftirq 102616 5 14496 9 15380 1808 0 124 18170 0 52624\n"}
{"timestamp":1768021453,"subsystem":"/proc/meminfo","measurement":"MemTotal:        4004576 kB\nMemFree:         2053548 kB\nMemAvailable:    3366620 kB\nBuffers:           32420 kB\nCached:          1487520 kB\nSwapCached:            0 kB\nActive:           866308 kB\nInactive:         863940 kB\nActive(anon):     230644 kB\nInactive(anon):        0 kB\nActive(file):     635664 kB\nInactive(file):   863940 kB\nUnevictable:       39208 kB\nMlocked:           35208 kB\nSwapTotal:             0 kB\nSwapFree:              0 kB\nZswap:                 0 kB\nZswapped:              0 kB\nDirty:               140 kB\nWriteback:             0 kB\nAnonPages:        249536 kB\nMapped:           290432 kB\nShmem:              5624 kB\nKReclaimable:      42676 kB\nSlab:             107884 kB\nSReclaimable:      42676 kB\nSUnreclaim:        65208 kB\nKernelStack:        5136 kB\nPageTables:         6308 kB\nSecPageTables:         0 kB\nNFS_Unstable:          0 kB\nBounce:                0 kB\nWritebackTmp:          0 kB\nCommitLimit:     2002288 kB\nCommitted_AS:    2116036 kB\nVmallocTotal:   13743895347199 kB\nVmallocUsed:       21968 kB\nVmallocChunk:          0 kB\nPercpu:             1160 kB\nHardwareCorrupted:     0 kB\nAnonHugePages:         0 kB\nShmemHugePages:        0 kB\nShmemPmdMapped:        0 kB\nFileHugePages:         0 kB\nFilePmdMapped:         0 kB\nUnaccepted:            0 kB\nHugePages_Total:       0\nHugePages_Free:        0\nHugePages_Rsvd:        0\nHugePages_Surp:        0\nHugepagesize:       2048 kB\nHugetlb:               0 kB\nDirectMap4k:      138152 kB\nDirectMap2M:     3002368 kB\nDirectMap1G:     3145728 kB\n"}
{"timestamp":1768021453,"subsystem":"/proc/net/dev","measurement":"Inter-|   Receive                                                |  Transmit\n face |bytes    packets errs drop fifo frame compressed multicast|bytes    packets errs drop fifo colls carrier compressed\n    lo:   16289     110    0    0    0     0          0         0    16289     110    0    0    0     0       0          0\nenp0s5: 76054053   13381    0    0    0     0          0         0   880262    7121    0    0    0     0       0          0\ndocker0:  128209    2392    0    0    0     0          0         0 13663933    3722    0    2    0     0       0          0\nveth9c000f5:   57705     855    0    0    0     0          0         0  4562533    1359    0    0    0     0       0          0\nveth18bc060:   66153     983    0    0    0     0          0         0  4573931    1532    0    0    0     0       0          0\nveth09d29e5:   37839     554    0    0    0     0          0         0  4531697     891    0    0    0     0       0          0\n"}
{"timestamp":1768021453,"subsystem":"/proc/diskstats","measurement":"   7       0 loop0 48 0 718 25 0 0 0 0 0 24 25 0 0 0 0 0 0\n   7       1 loop1 689 0 52406 681 0 0 0 0 0 549 681 0 0 0 0 0 0\n   7       2 loop2 635 0 46830 2482 0 0 0 0 0 1584 2482 0 0 0 0 0 0\n   7       3 loop3 385 0 24846 14 0 0 0 0 0 15 14 0 0 0 0 0 0\n   7       4 loop4 58 0 736 2 0 0 0 0 0 2 2 0 0 0 0 0 0\n   7       5 loop5 0 0 0 0 0 0 0 0 0 0 0 0 0 0 0 0 0\n   7       6 loop6 0 0 0 0 0 0 0 0 0 0 0 0 0 0 0 0 0\n   7       7 loop7 0 0 0 0 0 0 0 0 0 0 0 0 0 0 0 0 0\n   8       0 sda 9514 4061 2359549 34555 3815 7390 963922 110694 0 13485 145470 408 39 1847384 220 0 0\n   8       1 sda1 8903 3353 2319783 34286 3787 7296 963604 110675 0 15371 145182 408 39 1847384 220 0 0\n   8      14 sda14 109 0 1120 39 0 0 0 0 0 38 39 0 0 0 0 0 0\n   8      15 sda15 192 675 19358 91 3 0 10 2 0 67 93 0 0 0 0 0 0\n 259       0 sda16 210 33 15448 97 25 94 308 16 0 83 113 0 0 0 0 0 0\n"}
{"timestamp":1768021453,"subsystem":"statfs[*]","measurement":"{\"mount_point\":\"/\",\"block_size\":4096,\"blocks_total\":12422878,\"blocks_free\":11563806,\"blocks_available\":11559710}\n{\"mount_point\":\"/boot\",\"block_size\":4096,\"blocks_total\":225380,\"blocks_free\":204544,\"blocks_available\":188762}\n{\"mount_point\":\"/boot/efi\",\"block_size\":512,\"blocks_total\":213663,\"blocks_free\":201164,\"blocks_available\":201164}\n"}
{"timestamp":1768021458,"subsystem":"/proc/cpuinfo","measurement":"processor\t: 0\nvendor_id\t: AuthenticAMD\ncpu family\t: 25\nmodel\t\t: 17\nmodel name\t: AMD EPYC 9J14 96-Core Processor\nstepping\t: 1\nmicrocode\t: 0xa101154\ncpu MHz\t\t: 2596.096\ncache size\t: 512 KB\nphysical id\t: 0\nsiblings\t: 2\ncore id\t\t: 0\ncpu cores\t: 1\napicid\t\t: 0\ninitial apicid\t: 0\nfpu\t\t: yes\nfpu_exception\t: yes\ncpuid level\t: 16\nwp\t\t: yes\nflags\t\t: fpu vme de pse tsc msr pae mce cx8 apic sep mtrr pge mca cmov pat pse36 clflush mmx fxsr sse sse2 ht syscall nx mmxext fxsr_opt pdpe1gb rdtscp lm rep_good nopl xtopology cpuid extd_apicid tsc_known_freq pni pclmulqdq ssse3 fma cx16 pcid sse4_1 sse4_2 x2apic movbe popcnt tsc_deadline_timer aes xsave avx f16c rdrand hypervisor lahf_lm cmp_legacy svm cr8_legacy abm sse4a misalignsse 3dnowprefetch osvw topoext perfctr_core ssbd ibrs ibpb stibp vmmcall fsgsbase tsc_adjust bmi1 avx2 smep bmi2 erms invpcid avx512f avx512dq rdseed adx smap avx512ifma clflushopt clwb avx512cd sha_ni avx512bw avx512vl xsaveopt xsavec xgetbv1 xsaves avx512_bf16 clzero xsaveerptr wbnoinvd arat npt nrip_save vgif vnmi avx512vbmi umip pku ospke avx512_vbmi2 gfni vaes vpclmulqdq avx512_vnni avx512_bitalg avx512_vpopcntdq la57 rdpid overflow_recov succor fsrm arch_capabilities\nbugs\t\t: sysret_ss_attrs null_seg spectre_v1 spectre_v2 spec_store_bypass srso ibpb_no_ret tsa\nbogomips\t: 5192.19\nTLB size\t: 1024 4K pages\nclflush size\t: 64\ncache_alignment\t: 64\naddress sizes\t: 40 bits physical, 57 bits virtual\npower management:\n\nprocessor\t: 1\nvendor_id\t: AuthenticAMD\ncpu family\t: 25\nmodel\t\t: 17\nmodel name\t: AMD EPYC 9J14 96-Core Processor\nstepping\t: 1\nmicrocode\t: 0xa101154\ncpu MHz\t\t: 2596.096\ncache size\t: 512 KB\nphysical id\t: 0\nsiblings\t: 2\ncore id\t\t: 0\ncpu cores\t: 1\napicid\t\t: 1\ninitial apicid\t: 1\nfpu\t\t: yes\nfpu_exception\t: yes\ncpuid level\t: 16\nwp\t\t: yes\nflags\t\t: fpu vme de pse tsc msr pae mce cx8 apic sep mtrr pge mca cmov pat pse36 clflush mmx fxsr sse sse2 ht syscall nx mmxext fxsr_opt pdpe1gb rdtscp lm rep_good nopl xtopology cpuid extd_apicid tsc_known_freq pni pclmulqdq ssse3 fma cx16 pcid sse4_1 sse4_2 x2apic movbe popcnt tsc_deadline_timer aes xsave avx f16c rdrand hypervisor lahf_lm cmp_legacy svm cr8_legacy abm sse4a misalignsse 3dnowprefetch osvw topoext perfctr_core ssbd ibrs ibpb stibp vmmcall fsgsbase tsc_adjust bmi1 avx2 smep bmi2 erms invpcid avx512f avx512dq rdseed adx smap avx512ifma clflushopt clwb avx512cd sha_ni avx512bw avx512vl xsaveopt xsavec xgetbv1 xsaves avx512_bf16 clzero xsaveerptr wbnoinvd arat npt nrip_save vgif vnmi avx512vbmi umip pku ospke avx512_vbmi2 gfni vaes vpclmulqdq avx512_vnni avx512_bitalg avx512_vpopcntdq la57 rdpid overflow_recov succor fsrm arch_capabilities\nbugs\t\t: sysret_ss_attrs null_seg spectre_v1 spectre_v2 spec_store_bypass srso ibpb_no_ret tsa\nbogomips\t: 5192.19\nTLB size\t: 1024 4K pages\nclflush size\t: 64\ncache_alignment\t: 64\naddress sizes\t: 40 bits physical, 57 bits virtual\npower management:\n\n"}
{"timestamp":1768021458,"subsystem":"/proc/stat","measurement":"cpu  9175 131 1726 42858 1083 0 24 151 0 0\ncpu0 4633 50 930 21410 454 0 8 87 0 0\ncpu1 4541 81 795 21447 629 0 16 63 0 0\nintr 255905 69 9 0 0 774 0 0 0 0 0 0 0 15 0 0 0 0 0 0 24 0 0 0 0 0 0 0 0 0 0 0 0 0 0 0 0 0 0 0 0 0 0 0 0 0 0 0 0 0 0 0 0 5546 6674 0 9734 7044 0 0 0 0 0 0 0 0 0 0 0 0 0 0 0 0 0 0 0 0 0 0 0 0 0 0 0 0 0 0 0 0 0 0 0 0 0 0 0 0 0 0 0 0 0 0 0 0 0 0 0 0 0 0 0 0 0 0 0 0 0 0 0 0 0 0 0 0 0 0 0 0 0 0 0 0 0 0 0 0 0 0 0 0 0 0 0 0 0 0 0 0 0 0 0 0 0 0 0 0 0 0 0 0 0 0 0 0 0 0 0 0 0 0 0 0 0 0 0 0 0 0 0 0 0 0 0 0 0 0 0 0 0 0 0 0 0 0 0 0 0 0 0 0 0 0 0 0 0 0 0 0 0 0 0 0 0 0 0 0 0 0 0 0 0 0 0 0 0 0 0 0 0 0 0 0 0 0 0 0 0 0 0 0 0 0 0 0 0 0 0 0 0 0 0 0 0 0 0 0 0 0 0 0 0 0 0 0 0 0 0 0 0 0 0 0 0 0 0 0 0 0 0 0 0 0 0 0 0 0 0 0 0 0 0 0 0 0 0 0 0 0 0 0 0 0 0 0 0 0 0 0 0 0 0 0 0 0 0 0 0 0 0 0 0 0 0 0 0 0 0 0 0 0 0 0 0 0 0 0 0 0 0 0 0 0 0 0 0 0 0 0 0 0 0 0 0 0 0 0 0 0 0 0 0 0 0 0 0 0 0 0 0 0 0 0 0 0 0 0 0 0 0 0 0 0 0 0 0 0 0 0 0 0 0 0 0 0 0 0 0 0 0 0 0 0 0 0 0 0 0 0 0 0 0 0 0 0 0 0 0 0 0 0 0 0 0 0 0 0 0 0 0 0 0 0 0 0 0 0 0 0 0\nctxt 259244\nbtime 1768021182\nprocesses 3740\nprocs_running 7\nprocs_blocked 0\nsoftirq 103017 5 14638 9 15387 1808 0 124 18328 0 52718\n"}
{"timestamp":1768021458,"subsystem":"/proc/meminfo","measurement":"MemTotal:        4004576 kB\nMemFree:         2053548 kB\nMemAvailable:    3366640 kB\nBuffers:           32428 kB\nCached:          1487532 kB\nSwapCached:            0 kB\nActive:           866644 kB\nInactive:         863960 kB\nActive(anon):     230980 kB\nInactive(anon):        0 kB\nActive(file):     635664 kB\nInactive(file):   863960 kB\nUnevictable:       39208 kB\nMlocked:           35208 kB\nSwapTotal:             0 kB\nSwapFree:              0 kB\nZswap:                 0 kB\nZswapped:              0 kB\nDirty:                92 kB\nWriteback:             0 kB\nAnonPages:        249852 kB\nMapped:           290432 kB\nShmem:              5624 kB\nKReclaimable:      42676 kB\nSlab:             107884 kB\nSReclaimable:      42676 kB\nSUnreclaim:        65208 kB\nKernelStack:        5136 kB\nPageTables:         6308 kB\nSecPageTables:         0 kB\nNFS_Unstable:          0 kB\nBounce:                0 kB\nWritebackTmp:          0 kB\nCommitLimit:     2002288 kB\nCommitted_AS:    2116036 kB\nVmallocTotal:   13743895347199 kB\nVmallocUsed:       21984 kB\nVmallocChunk:          0 kB\nPercpu:             1160 kB\nHardwareCorrupted:     0 kB\nAnonHugePages:         0 kB\nShmemHugePages:        0 kB\nShmemPmdMapped:        0 kB\nFileHugePages:         0 kB\nFilePmdMapped:         0 kB\nUnaccepted:            0 kB\nHugePages_Total:       0\nHugePages_Free:        0\nHugePages_Rsvd:        0\nHugePages_Surp:        0\nHugepagesize:       2048 kB\nHugetlb:               0 kB\nDirectMap4k:      138152 kB\nDirectMap2M:     3002368 kB\nDirectMap1G:     3145728 kB\n"}
{"timestamp":1768021458,"subsystem":"/proc/net/dev","measurement":"Inter-|   Receive                                                |  Transmit\n face |bytes    packets errs drop fifo frame compressed multicast|bytes    packets errs drop fifo colls carrier compressed\n    lo:   16289     110    0    0    0     0          0         0    16289     110    0    0    0     0       0          0\nenp0s5: 76054338   13385    0    0    0     0          0         0   880557    7125    0    0    0     0       0          0\ndocker0:  128209    2392    0    0    0     0          0         0 13663933    3722    0    2    0     0       0          0\nveth9c000f5:   57705     855    0    0    0     0          0         0  4562533    1359    0    0    0     0       0          0\nveth18bc060:   66153     983    0    0    0     0          0         0  4574001    1533    0    0    0     0       0          0\nveth09d29e5:   37839     554    0    0    0     0          0         0  4531697     891    0    0    0     0       0          0\n"}
{"timestamp":1768021458,"subsystem":"/proc/diskstats","measurement":"   7       0 loop0 48 0 718 25 0 0 0 0 0 24 25 0 0 0 0 0 0\n   7       1 loop1 689 0 52406 681 0 0 0 0 0 549 681 0 0 0 0 0 0\n   7       2 loop2 635 0 46830 2482 0 0 0 0 0 1584 2482 0 0 0 0 0 0\n   7       3 loop3 385 0 24846 14 0 0 0 0 0 15 14 0 0 0 0 0 0\n   7       4 loop4 58 0 736 2 0 0 0 0 0 2 2 0 0 0 0 0 0\n   7       5 loop5 0 0 0 0 0 0 0 0 0 0 0 0 0 0 0 0 0\n   7       6 loop6 0 0 0 0 0 0 0 0 0 0 0 0 0 0 0 0 0\n   7       7 loop7 0 0 0 0 0 0 0 0 0 0 0 0 0 0 0 0 0\n   8       0 sda 9514 4061 2359549 34555 3822 7412 964266 110699 0 13488 145476 409 40 1847408 221 0 0\n   8       1 sda1 8903 3353 2319783 34286 3794 7318 963948 110680 0 15374 145188 409 40 1847408 221 0 0\n   8      14 sda14 109 0 1120 39 0 0 0 0 0 38 39 0 0 0 0 0 0\n   8      15 sda15 192 675 19358 91 3 0 10 2 0 67 93 0 0 0 0 0 0\n 259       0 sda16 210 33 15448 97 25 94 308 16 0 83 113 0 0 0 0 0 0\n"}
{"timestamp":1768021458,"subsystem":"statfs[*]","measurement":"{\"mount_point\":\"/\",\"block_size\":4096,\"blocks_total\":12422878,\"blocks_free\":11563804,\"blocks_available\":11559708}\n{\"mount_point\":\"/boot\",\"block_size\":4096,\"blocks_total\":225380,\"blocks_free\":204544,\"blocks_available\":188762}\n{\"mount_point\":\"/boot/efi\",\"block_size\":512,\"blocks_total\":213663,\"blocks_free\":201164,\"blocks_available\":201164}\n"}
{"timestamp":1768021463,"subsystem":"/proc/cpuinfo","measurement":"processor\t: 0\nvendor_id\t: AuthenticAMD\ncpu family\t: 25\nmodel\t\t: 17\nmodel name\t: AMD EPYC 9J14 96-Core Processor\nstepping\t: 1\nmicrocode\t: 0xa101154\ncpu MHz\t\t: 2596.096\ncache size\t: 512 KB\nphysical id\t: 0\nsiblings\t: 2\ncore id\t\t: 0\ncpu cores\t: 1\napicid\t\t: 0\ninitial apicid\t: 0\nfpu\t\t: yes\nfpu_exception\t: yes\ncpuid level\t: 16\nwp\t\t: yes\nflags\t\t: fpu vme de pse tsc msr pae mce cx8 apic sep mtrr pge mca cmov pat pse36 clflush mmx fxsr sse sse2 ht syscall nx mmxext fxsr_opt pdpe1gb rdtscp lm rep_good nopl xtopology cpuid extd_apicid tsc_known_freq pni pclmulqdq ssse3 fma cx16 pcid sse4_1 sse4_2 x2apic movbe popcnt tsc_deadline_timer aes xsave avx f16c rdrand hypervisor lahf_lm cmp_legacy svm cr8_legacy abm sse4a misalignsse 3dnowprefetch osvw topoext perfctr_core ssbd ibrs ibpb stibp vmmcall fsgsbase tsc_adjust bmi1 avx2 smep bmi2 erms invpcid avx512f avx512dq rdseed adx smap avx512ifma clflushopt clwb avx512cd sha_ni avx512bw avx512vl xsaveopt xsavec xgetbv1 xsaves avx512_bf16 clzero xsaveerptr wbnoinvd arat npt nrip_save vgif vnmi avx512vbmi umip pku ospke avx512_vbmi2 gfni vaes vpclmulqdq avx512_vnni avx512_bitalg avx512_vpopcntdq la57 rdpid overflow_recov succor fsrm arch_capabilities\nbugs\t\t: sysret_ss_attrs null_seg spectre_v1 spectre_v2 spec_store_bypass srso ibpb_no_ret tsa\nbogomips\t: 5192.19\nTLB size\t: 1024 4K pages\nclflush size\t: 64\ncache_alignment\t: 64\naddress sizes\t: 40 bits physical, 57 bits virtual\npower management:\n\nprocessor\t: 1\nvendor_id\t: AuthenticAMD\ncpu family\t: 25\nmodel\t\t: 17\nmodel name\t: AMD EPYC 9J14 96-Core Processor\nstepping\t: 1\nmicrocode\t: 0xa101154\ncpu MHz\t\t: 2596.096\ncache size\t: 512 KB\nphysical id\t: 0\nsiblings\t: 2\ncore id\t\t: 0\ncpu cores\t: 1\napicid\t\t: 1\ninitial apicid\t: 1\nfpu\t\t: yes\nfpu_exception\t: yes\ncpuid level\t: 16\nwp\t\t: yes\nflags\t\t: fpu vme de pse tsc msr pae mce cx8 apic sep mtrr pge mca cmov pat pse36 clflush mmx fxsr sse sse2 ht syscall nx mmxext fxsr_opt pdpe1gb rdtscp lm rep_good nopl xtopology cpuid extd_apicid tsc_known_freq pni pclmulqdq ssse3 fma cx16 pcid sse4_1 sse4_2 x2apic movbe popcnt tsc_deadline_timer aes xsave avx f16c rdrand hypervisor lahf_lm cmp_legacy svm cr8_legacy abm sse4a misalignsse 3dnowprefetch osvw topoext perfctr_core ssbd ibrs ibpb stibp vmmcall fsgsbase tsc_adjust bmi1 avx2 smep bmi2 erms invpcid avx512f avx512dq rdseed adx smap avx512ifma clflushopt clwb avx512cd sha_ni avx512bw avx512vl xsaveopt xsavec xgetbv1 xsaves avx512_bf16 clzero xsaveerptr wbnoinvd arat npt nrip_save vgif vnmi avx512vbmi umip pku ospke avx512_vbmi2 gfni vaes vpclmulqdq avx512_vnni avx512_bitalg avx512_vpopcntdq la57 rdpid overflow_recov succor fsrm arch_capabilities\nbugs\t\t: sysret_ss_attrs null_seg spectre_v1 spectre_v2 spec_store_bypass srso ibpb_no_ret tsa\nbogomips\t: 5192.19\nTLB size\t: 1024 4K pages\nclflush size\t: 64\ncache_alignment\t: 64\naddress sizes\t: 40 bits physical, 57 bits virtual\npower management:\n\n"}
{"timestamp":1768021463,"subsystem":"/proc/stat","measurement":"cpu  10173 131 1727 42858 1083 0 24 151 0 0\ncpu0 5132 50 931 21410 454 0 8 87 0 0\ncpu1 5041 81 795 21447 629 0 16 63 0 0\nintr 266363 69 9 0 0 774 0 0 0 0 0 0 0 15 0 0 0 0 0 0 24 0 0 0 0 0 0 0 0 0 0 0 0 0 0 0 0 0 0 0 0 0 0 0 0 0 0 0 0 0 0 0 0 5546 6674 0 9737 7047 0 0 0 0 0 0 0 0 0 0 0 0 0 0 0 0 0 0 0 0 0 0 0 0 0 0 0 0 0 0 0 0 0 0 0 0 0 0 0 0 0 0 0 0 0 0 0 0 0 0 0 0 0 0 0 0 0 0 0 0 0 0 0 0 0 0 0 0 0 0 0 0 0 0 0 0 0 0 0 0 0 0 0 0 0 0 0 0 0 0 0 0 0 0 0 0 0 0 0 0 0 0 0 0 0 0 0 0 0 0 0 0 0 0 0 0 0 0 0 0 0 0 0 0 0 0 0 0 0 0 0 0 0 0 0 0 0 0 0 0 0 0 0 0 0 0 0 0 0 0 0 0 0 0 0 0 0 0 0 0 0 0 0 0 0 0 0 0 0 0 0 0 0 0 0 0 0 0 0 0 0 0 0 0 0 0 0 0 0 0 0 0 0 0 0 0 0 0 0 0 0 0 0 0 0 0 0 0 0 0 0 0 0 0 0 0 0 0 0 0 0 0 0 0 0 0 0 0 0 0 0 0 0 0 0 0 0 0 0 0 0 0 0 0 0 0 0 0 0 0 0 0 0 0 0 0 0 0 0 0 0 0 0 0 0 0 0 0 0 0 0 0 0 0 0 0 0 0 0 0 0 0 0 0 0 0 0 0 0 0 0 0 0 0 0 0 0 0 0 0 0 0 0 0 0 0 0 0 0 0 0 0 0 0 0 0 0 0 0 0 0 0 0 0 0 0 0 0 0 0 0 0 0 0 0 0 0 0 0 0 0 0 0 0 0 0 0 0 0 0 0 0 0 0 0 0 0 0 0 0 0 0 0 0 0 0 0 0 0 0 0 0 0 0 0 0 0 0 0 0 0 0 0\nctxt 265301\nbtime 1768021182\nprocesses 3743\nprocs_running 7\nprocs_blocked 0\nsoftirq 103401 5 14778 9 15393 1808 0 124 18489 0 52795\n"}
{"timestamp":1768021463,"subsystem":"/proc/meminfo","measurement":"MemTotal:        4004576 kB\nMemFree:         2053548 kB\nMemAvailable:    3366648 kB\nBuffers:           32428 kB\nCached:          1487540 kB\nSwapCached:            0 kB\nActive:           865736 kB\nInactive:         863968 kB\nActive(anon):     230072 kB\nInactive(anon):        0 kB\nActive(file):     635664 kB\nInactive(file):   863968 kB\nUnevictable:       39208 kB\nMlocked:           35208 kB\nSwapTotal:             0 kB\nSwapFree:              0 kB\nZswap:                 0 kB\nZswapped:              0 kB\nDirty:               104 kB\nWriteback:             0 kB\nAnonPages:        248952 kB\nMapped:           290432 kB\nShmem:              5624 kB\nKReclaimable:      42676 kB\nSlab:             107876 kB\nSReclaimable:      42676 kB\nSUnreclaim:        65200 kB\nKernelStack:        5136 kB\nPageTables:         6308 kB\nSecPageTables:         0 kB\nNFS_Unstable:          0 kB\nBounce:                0 kB\nWritebackTmp:          0 kB\nCommitLimit:     2002288 kB\nCommitted_AS:    2116036 kB\nVmallocTotal:   13743895347199 kB\nVmallocUsed:       21984 kB\nVmallocChunk:          0 kB\nPercpu:             1160 kB\nHardwareCorrupted:     0 kB\nAnonHugePages:         0 kB\nShmemHugePages:        0 kB\nShmemPmdMapped:        0 kB\nFileHugePages:         0 kB\nFilePmdMapped:         0 kB\nUnaccepted:            0 kB\nHugePages_Total:       0\nHugePages_Free:        0\nHugePages_Rsvd:        0\nHugePages_Surp:        0\nHugepagesize:       2048 kB\nHugetlb:               0 kB\nDirectMap4k:      138152 kB\nDirectMap2M:     3002368 kB\nDirectMap1G:     3145728 kB\n"}
{"timestamp":1768021463,"subsystem":"/proc/net/dev","measurement":"Inter-|   Receive                                                |  Transmit\n face |bytes    packets errs drop fifo frame compressed multicast|bytes    packets errs drop fifo colls carrier compressed\n    lo:   16289     110    0    0    0     0          0         0    16289     110    0    0    0     0       0          0\nenp0s5: 76054506   13388    0    0    0     0          0         0   880683    7128    0    0    0     0       0          0\ndocker0:  128209    2392    0    0    0     0          0         0 13663933    3722    0    2    0     0       0          0\nveth9c000f5:   57705     855    0    0    0     0          0         0  4562533    1359    0    0    0     0       0          0\nveth18bc060:   66153     983    0    0    0     0          0         0  4574001    1533    0    0    0     0       0          0\nveth09d29e5:   37839     554    0    0    0     0          0         0  4531697     891    0    0    0     0       0          0\n"}
{"timestamp":1768021463,"subsystem":"/proc/diskstats","measurement":"   7       0 loop0 48 0 718 25 0 0 0 0 0 24 25 0 0 0 0 0 0\n   7       1 loop1 689 0 52406 681 0 0 0 0 0 549 681 0 0 0 0 0 0\n   7       2 loop2 635 0 46830 2482 0 0 0 0 0 1584 2482 0 0 0 0 0 0\n   7       3 loop3 385 0 24846 14 0 0 0 0 0 15 14 0 0 0 0 0 0\n   7       4 loop4 58 0 736 2 0 0 0 0 0 2 2 0 0 0 0 0 0\n   7       5 loop5 0 0 0 0 0 0 0 0 0 0 0 0 0 0 0 0 0\n   7       6 loop6 0 0 0 0 0 0 0 0 0 0 0 0 0 0 0 0 0\n   7       7 loop7 0 0 0 0 0 0 0 0 0 0 0 0 0 0 0 0 0\n   8       0 sda 9514 4061 2359549 34555 3822 7412 964266 110699 0 13488 145476 409 40 1847408 221 0 0\n   8       1 sda1 8903 3353 2319783 34286 3794 7318 963948 110680 0 15374 145188 409 40 1847408 221 0 0\n   8      14 sda14 109 0 1120 39 0 0 0 0 0 38 39 0 0 0 0 0 0\n   8      15 sda15 192 675 19358 91 3 0 10 2 0 67 93 0 0 0 0 0 0\n 259       0 sda16 210 33 15448 97 25 94 308 16 0 83 113 0 0 0 0 0 0\n"}
{"timestamp":1768021463,"subsystem":"statfs[*]","measurement":"{\"mount_point\":\"/\",\"block_size\":4096,\"blocks_total\":12422878,\"blocks_free\":11563801,\"blocks_available\":11559705}\n{\"mount_point\":\"/boot\",\"block_size\":4096,\"blocks_total\":225380,\"blocks_free\":204544,\"blocks_available\":188762}\n{\"mount_point\":\"/boot/efi\",\"block_size\":512,\"blocks_total\":213663,\"blocks_free\":201164,\"blocks_available\":201164}\n"}
{"timestamp":1768021468,"subsystem":"/proc/cpuinfo","measurement":"processor\t: 0\nvendor_id\t: AuthenticAMD\ncpu family\t: 25\nmodel\t\t: 17\nmodel name\t: AMD EPYC 9J14 96-Core Processor\nstepping\t: 1\nmicrocode\t: 0xa101154\ncpu MHz\t\t: 2596.096\ncache size\t: 512 KB\nphysical id\t: 0\nsiblings\t: 2\ncore id\t\t: 0\ncpu cores\t: 1\napicid\t\t: 0\ninitial apicid\t: 0\nfpu\t\t: yes\nfpu_exception\t: yes\ncpuid level\t: 16\nwp\t\t: yes\nflags\t\t: fpu vme de pse tsc msr pae mce cx8 apic sep mtrr pge mca cmov pat pse36 clflush mmx fxsr sse sse2 ht syscall nx mmxext fxsr_opt pdpe1gb rdtscp lm rep_good nopl xtopology cpuid extd_apicid tsc_known_freq pni pclmulqdq ssse3 fma cx16 pcid sse4_1 sse4_2 x2apic movbe popcnt tsc_deadline_timer aes xsave avx f16c rdrand hypervisor lahf_lm cmp_legacy svm cr8_legacy abm sse4a misalignsse 3dnowprefetch osvw topoext perfctr_core ssbd ibrs ibpb stibp vmmcall fsgsbase tsc_adjust bmi1 avx2 smep bmi2 erms invpcid avx512f avx512dq rdseed adx smap avx512ifma clflushopt clwb avx512cd sha_ni avx512bw avx512vl xsaveopt xsavec xgetbv1 xsaves avx512_bf16 clzero xsaveerptr wbnoinvd arat npt nrip_save vgif vnmi avx512vbmi umip pku ospke avx512_vbmi2 gfni vaes vpclmulqdq avx512_vnni avx512_bitalg avx512_vpopcntdq la57 rdpid overflow_recov succor fsrm arch_capabilities\nbugs\t\t: sysret_ss_attrs null_seg spectre_v1 spectre_v2 spec_store_bypass srso ibpb_no_ret tsa\nbogomips\t: 5192.19\nTLB size\t: 1024 4K pages\nclflush size\t: 64\ncache_alignment\t: 64\naddress sizes\t: 40 bits physical, 57 bits virtual\npower management:\n\nprocessor\t: 1\nvendor_id\t: AuthenticAMD\ncpu family\t: 25\nmodel\t\t: 17\nmodel name\t: AMD EPYC 9J14 96-Core Processor\nstepping\t: 1\nmicrocode\t: 0xa101154\ncpu MHz\t\t: 2596.096\ncache size\t: 512 KB\nphysical id\t: 0\nsiblings\t: 2\ncore id\t\t: 0\ncpu cores\t: 1\napicid\t\t: 1\ninitial apicid\t: 1\nfpu\t\t: yes\nfpu_exception\t: yes\ncpuid level\t: 16\nwp\t\t: yes\nflags\t\t: fpu vme de pse tsc msr pae mce cx8 apic sep mtrr pge mca cmov pat pse36 clflush mmx fxsr sse sse2 ht syscall nx mmxext fxsr_opt pdpe1gb rdtscp lm rep_good nopl xtopology cpuid extd_apicid tsc_known_freq pni pclmulqdq ssse3 fma cx16 pcid sse4_1 sse4_2 x2apic movbe popcnt tsc_deadline_timer aes xsave avx f16c rdrand hypervisor lahf_lm cmp_legacy svm cr8_legacy abm sse4a misalignsse 3dnowprefetch osvw topoext perfctr_core ssbd ibrs ibpb stibp vmmcall fsgsbase tsc_adjust bmi1 avx2 smep bmi2 erms invpcid avx512f avx512dq rdseed adx smap avx512ifma clflushopt clwb avx512cd sha_ni avx512bw avx512vl xsaveopt xsavec xgetbv1 xsaves avx512_bf16 clzero xsaveerptr wbnoinvd arat npt nrip_save vgif vnmi avx512vbmi umip pku ospke avx512_vbmi2 gfni vaes vpclmulqdq avx512_vnni avx512_bitalg avx512_vpopcntdq la57 rdpid overflow_recov succor fsrm arch_capabilities\nbugs\t\t: sysret_ss_attrs null_seg spectre_v1 spectre_v2 spec_store_bypass srso ibpb_no_ret tsa\nbogomips\t: 5192.19\nTLB size\t: 1024 4K pages\nclflush size\t: 64\ncache_alignment\t: 64\naddress sizes\t: 40 bits physical, 57 bits virtual\npower management:\n\n"}
{"timestamp":1768021468,"subsystem":"/proc/stat","measurement":"cpu  11173 131 1728 42858 1083 0 24 151 0 0\ncpu0 5631 50 932 21410 454 0 8 87 0 0\ncpu1 5541 81 795 21447 629 0 16 63 0 0\nintr 276756 69 9 0 0 774 0 0 0 0 0 0 0 15 0 0 0 0 0 0 24 0 0 0 0 0 0 0 0 0 0 0 0 0 0 0 0 0 0 0 0 0 0 0 0 0 0 0 0 0 0 0 0 5546 6674 0 9737 7047 0 0 0 0 0 0 0 0 0 0 0 0 0 0 0 0 0 0 0 0 0 0 0 0 0 0 0 0 0 0 0 0 0 0 0 0 0 0 0 0 0 0 0 0 0 0 0 0 0 0 0 0 0 0 0 0 0 0 0 0 0 0 0 0 0 0 0 0 0 0 0 0 0 0 0 0 0 0 0 0 0 0 0 0 0 0 0 0 0 0 0 0 0 0 0 0 0 0 0 0 0 0 0 0 0 0 0 0 0 0 0 0 0 0 0 0 0 0 0 0 0 0 0 0 0 0 0 0 0 0 0 0 0 0 0 0 0 0 0 0 0 0 0 0 0 0 0 0 0 0 0 0 0 0 0 0 0 0 0 0 0 0 0 0 0 0 0 0 0 0 0 0 0 0 0 0 0 0 0 0 0 0 0 0 0 0 0 0 0 0 0 0 0 0 0 0 0 0 0 0 0 0 0 0 0 0 0 0 0 0 0 0 0 0 0 0 0 0 0 0 0 0 0 0 0 0 0 0 0 0 0 0 0 0 0 0 0 0 0 0 0 0 0 0 0 0 0 0 0 0 0 0 0 0 0 0 0 0 0 0 0 0 0 0 0 0 0 0 0 0 0 0 0 0 0 0 0 0 0 0 0 0 0 0 0 0 0 0 0 0 0 0 0 0 0 0 0 0 0 0 0 0 0 0 0 0 0 0 0 0 0 0 0 0 0 0 0 0 0 0 0 0 0 0 0 0 0 0 0 0 0 0 0 0 0 0 0 0 0 0 0 0 0 0 0 0 0 0 0 0 0 0 0 0 0 0 0 0 0 0 0 0 0 0 0 0 0 0 0 0 0 0 0 0 0 0 0 0 0 0 0 0 0\nctxt 271188\nbtime 1768021182\nprocesses 3746\nprocs_running 7\nprocs_blocked 0\nsoftirq 103793 5 14919 9 15393 1808 0 124 18648 0 52887\n"}
{"timestamp":1768021468,"subsystem":"/proc/meminfo","measurement":"MemTotal:        4004576 kB\nMemFree:         2053548 kB\nMemAvailable:    3366652 kB\nBuffers:           32428 kB\nCached:          1487552 kB\nSwapCached:            0 kB\nActive:           866004 kB\nInactive:         863972 kB\nActive(anon):     230340 kB\nInactive(anon):        0 kB\nActive(file):     635664 kB\nInactive(file):   863972 kB\nUnevictable:       39208 kB\nMlocked:           35208 kB\nSwapTotal:             0 kB\nSwapFree:              0 kB\nZswap:                 0 kB\nZswapped:              0 kB\nDirty:               116 kB\nWriteback:             0 kB\nAnonPages:        249236 kB\nMapped:           290432 kB\nShmem:              5624 kB\nKReclaimable:      42676 kB\nSlab:             107892 kB\nSReclaimable:      42676 kB\nSUnreclaim:        65216 kB\nKernelStack:        5136 kB\nPageTables:         6308 kB\nSecPageTables:         0 kB\nNFS_Unstable:          0 kB\nBounce:                0 kB\nWritebackTmp:          0 kB\nCommitLimit:     2002288 kB\nCommitted_AS:    2116036 kB\nVmallocTotal:   13743895347199 kB\nVmallocUsed:       22000 kB\nVmallocChunk:          0 kB\nPercpu:             1160 kB\nHardwareCorrupted:     0 kB\nAnonHugePages:         0 kB\nShmemHugePages:        0 kB\nShmemPmdMapped:        0 kB\nFileHugePages:         0 kB\nFilePmdMapped:         0 kB\nUnaccepted:            0 kB\nHugePages_Total:       0\nHugePages_Free:        0\nHugePages_Rsvd:        0\nHugePages_Surp:        0\nHugepagesize:       2048 kB\nHugetlb:               0 kB\nDirectMap4k:      138152 kB\nDirectMap2M:     3002368 kB\nDirectMap1G:     3145728 kB\n"}
{"timestamp":1768021468,"subsystem":"/proc/net/dev","measurement":"Inter-|   Receive                                                |  Transmit\n face |bytes    packets errs drop fifo frame compressed multicast|bytes    packets errs drop fifo colls carrier compressed\n    lo:   16289     110    0    0    0     0          0         0    16289     110    0    0    0     0       0          0\nenp0s5: 76054506   13388    0    0    0     0          0         0   880683    7128    0    0    0     0       0          0\ndocker0:  128209    2392    0    0    0     0          0         0 13663933    3722    0    2    0     0       0          0\nveth9c000f5:   57705     855    0    0    0     0          0         0  4562533    1359    0    0    0     0       0          0\nveth18bc060:   66153     983    0    0    0     0          0         0  4574001    1533    0    0    0     0       0          0\nveth09d29e5:   37839     554    0    0    0     0          0         0  4531697     891    0    0    0     0       0          0\n"}
{"timestamp":1768021468,"subsystem":"/proc/diskstats","measurement":"   7       0 loop0 48 0 718 25 0 0 0 0 0 24 25 0 0 0 0 0 0\n   7       1 loop1 689 0 52406 681 0 0 0 0 0 549 681 0 0 0 0 0 0\n   7       2 loop2 635 0 46830 2482 0 0 0 0 0 1584 2482 0 0 0 0 0 0\n   7       3 loop3 385 0 24846 14 0 0 0 0 0 15 14 0 0 0 0 0 0\n   7       4 loop4 58 0 736 2 0 0 0 0 0 2 2 0 0 0 0 0 0\n   7       5 loop5 0 0 0 0 0 0 0 0 0 0 0 0 0 0 0 0 0\n   7       6 loop6 0 0 0 0 0 0 0 0 0 0 0 0 0 0 0 0 0\n   7       7 loop7 0 0 0 0 0 0 0 0 0 0 0 0 0 0 0 0 0\n   8       0 sda 9514 4061 2359549 34555 3822 7412 964266 110699 0 13488 145476 409 40 1847408 221 0 0\n   8       1 sda1 8903 3353 2319783 34286 3794 7318 963948 110680 0 15374 145188 409 40 1847408 221 0 0\n   8      14 sda14 109 0 1120 39 0 0 0 0 0 38 39 0 0 0 0 0 0\n   8      15 sda15 192 675 19358 91 3 0 10 2 0 67 93 0 0 0 0 0 0\n 259       0 sda16 210 33 15448 97 25 94 308 16 0 83 113 0 0 0 0 0 0\n"}
{"timestamp":1768021468,"subsystem":"statfs[*]","measurement":"{\"mount_point\":\"/\",\"block_size\":4096,\"blocks_total\":12422878,\"blocks_free\":11563799,\"blocks_available\":11559703}\n{\"mount_point\":\"/boot\",\"block_size\":4096,\"blocks_total\":225380,\"blocks_free\":204544,\"blocks_available\":188762}\n{\"mount_point\":\"/boot/efi\",\"block_size\":512,\"blocks_total\":213663,\"blocks_free\":201164,\"blocks_available\":201164}\n"}
{"timestamp":1768021473,"subsystem":"/proc/cpuinfo","measurement":"processor\t: 0\nvendor_id\t: AuthenticAMD\ncpu family\t: 25\nmodel\t\t: 17\nmodel name\t: AMD EPYC 9J14 96-Core Processor\nstepping\t: 1\nmicrocode\t: 0xa101154\ncpu MHz\t\t: 2596.096\ncache size\t: 512 KB\nphysical id\t: 0\nsiblings\t: 2\ncore id\t\t: 0\ncpu cores\t: 1\napicid\t\t: 0\ninitial apicid\t: 0\nfpu\t\t: yes\nfpu_exception\t: yes\ncpuid level\t: 16\nwp\t\t: yes\nflags\t\t: fpu vme de pse tsc msr pae mce cx8 apic sep mtrr pge mca cmov pat pse36 clflush mmx fxsr sse sse2 ht syscall nx mmxext fxsr_opt pdpe1gb rdtscp lm rep_good nopl xtopology cpuid extd_apicid tsc_known_freq pni pclmulqdq ssse3 fma cx16 pcid sse4_1 sse4_2 x2apic movbe popcnt tsc_deadline_timer aes xsave avx f16c rdrand hypervisor lahf_lm cmp_legacy svm cr8_legacy abm sse4a misalignsse 3dnowprefetch osvw topoext perfctr_core ssbd ibrs ibpb stibp vmmcall fsgsbase tsc_adjust bmi1 avx2 smep bmi2 erms invpcid avx512f avx512dq rdseed adx smap avx512ifma clflushopt clwb avx512cd sha_ni avx512bw avx512vl xsaveopt xsavec xgetbv1 xsaves avx512_bf16 clzero xsaveerptr wbnoinvd arat npt nrip_save vgif vnmi avx512vbmi umip pku ospke avx512_vbmi2 gfni vaes vpclmulqdq avx512_vnni avx512_bitalg avx512_vpopcntdq la57 rdpid overflow_recov succor fsrm arch_capabilities\nbugs\t\t: sysret_ss_attrs null_seg spectre_v1 spectre_v2 spec_store_bypass srso ibpb_no_ret tsa\nbogomips\t: 5192.19\nTLB size\t: 1024 4K pages\nclflush size\t: 64\ncache_alignment\t: 64\naddress sizes\t: 40 bits physical, 57 bits virtual\npower management:\n\nprocessor\t: 1\nvendor_id\t: AuthenticAMD\ncpu family\t: 25\nmodel\t\t: 17\nmodel name\t: AMD EPYC 9J14 96-Core Processor\nstepping\t: 1\nmicrocode\t: 0xa101154\ncpu MHz\t\t: 2596.096\ncache size\t: 512 KB\nphysical id\t: 0\nsiblings\t: 2\ncore id\t\t: 0\ncpu cores\t: 1\napicid\t\t: 1\ninitial apicid\t: 1\nfpu\t\t: yes\nfpu_exception\t: yes\ncpuid level\t: 16\nwp\t\t: yes\nflags\t\t: fpu vme de pse tsc msr pae mce cx8 apic sep mtrr pge mca cmov pat pse36 clflush mmx fxsr sse sse2 ht syscall nx mmxext fxsr_opt pdpe1gb rdtscp lm rep_good nopl xtopology cpuid extd_apicid tsc_known_freq pni pclmulqdq ssse3 fma cx16 pcid sse4_1 sse4_2 x2apic movbe popcnt tsc_deadline_timer aes xsave avx f16c rdrand hypervisor lahf_lm cmp_legacy svm cr8_legacy abm sse4a misalignsse 3dnowprefetch osvw topoext perfctr_core ssbd ibrs ibpb stibp vmmcall fsgsbase tsc_adjust bmi1 avx2 smep bmi2 erms invpcid avx512f avx512dq rdseed adx smap avx512ifma clflushopt clwb avx512cd sha_ni avx512bw avx512vl xsaveopt xsavec xgetbv1 xsaves avx512_bf16 clzero xsaveerptr wbnoinvd arat npt nrip_save vgif vnmi avx512vbmi umip pku ospke avx512_vbmi2 gfni vaes vpclmulqdq avx512_vnni avx512_bitalg avx512_vpopcntdq la57 rdpid overflow_recov succor fsrm arch_capabilities\nbugs\t\t: sysret_ss_attrs null_seg spectre_v1 spectre_v2 spec_store_bypass srso ibpb_no_ret tsa\nbogomips\t: 5192.19\nTLB size\t: 1024 4K pages\nclflush size\t: 64\ncache_alignment\t: 64\naddress sizes\t: 40 bits physical, 57 bits virtual\npower management:\n\n"}
{"timestamp":1768021473,"subsystem":"/proc/stat","measurement":"cpu  12172 131 1729 42858 1083 0 24 151 0 0\ncpu0 6130 50 933 21410 454 0 8 88 0 0\ncpu1 6041 81 796 21447 629 0 16 63 0 0\nintr 287115 69 9 0 0 774 0 0 0 0 0 0 0 15 0 0 0 0 0 0 24 0 0 0 0 0 0 0 0 0 0 0 0 0 0 0 0 0 0 0 0 0 0 0 0 0 0 0 0 0 0 0 0 5546 6674 0 9739 7049 0 0 0 0 0 0 0 0 0 0 0 0 0 0 0 0 0 0 0 0 0 0 0 0 0 0 0 0 0 0 0 0 0 0 0 0 0 0 0 0 0 0 0 0 0 0 0 0 0 0 0 0 0 0 0 0 0 0 0 0 0 0 0 0 0 0 0 0 0 0 0 0 0 0 0 0 0 0 0 0 0 0 0 0 0 0 0 0 0 0 0 0 0 0 0 0 0 0 0 0 0 0 0 0 0 0 0 0 0 0 0 0 0 0 0 0 0 0 0 0 0 0 0 0 0 0 0 0 0 0 0 0 0 0 0 0 0 0 0 0 0 0 0 0 0 0 0 0 0 0 0 0 0 0 0 0 0 0 0 0 0 0 0 0 0 0 0 0 0 0 0 0 0 0 0 0 0 0 0 0 0 0 0 0 0 0 0 0 0 0 0 0 0 0 0 0 0 0 0 0 0 0 0 0 0 0 0 0 0 0 0 0 0 0 0 0 0 0 0 0 0 0 0 0 0 0 0 0 0 0 0 0 0 0 0 0 0 0 0 0 0 0 0 0 0 0 0 0 0 0 0 0 0 0 0 0 0 0 0 0 0 0 0 0 0 0 0 0 0 0 0 0 0 0 0 0 0 0 0 0 0 0 0 0 0 0 0 0 0 0 0 0 0 0 0 0 0 0 0 0 0 0 0 0 0 0 0 0 0 0 0 0 0 0 0 0 0 0 0 0 0 0 0 0 0 0 0 0 0 0 0 0 0 0 0 0 0 0 0 0 0 0 0 0 0 0 0 0 0 0 0 0 0 0 0 0 0 0 0 0 0 0 0 0 0 0 0 0 0 0 0 0 0 0 0 0 0 0 0 0 0 0 0\nctxt 276934\nbtime 1768021182\nprocesses 3749\nprocs_running 7\nprocs_blocked 0\nsoftirq 104187 5 15062 9 15397 1808 0 124 18807 0 52975\n"}
{"timestamp":1768021473,"subsystem":"/proc/meminfo","measurement":"MemTotal:        4004576 kB\nMemFree:         2053548 kB\nMemAvailable:    3366660 kB\nBuffers:           32428 kB\nCached:          1487560 kB\nSwapCached:            0 kB\nActive:           866356 kB\nInactive:         863980 kB\nActive(anon):     230692 kB\nInactive(anon):        0 kB\nActive(file):     635664 kB\nInactive(file):   863980 kB\nUnevictable:       39208 kB\nMlocked:           35208 kB\nSwapTotal:             0 kB\nSwapFree:              0 kB\nZswap:                 0 kB\nZswapped:              0 kB\nDirty:               124 kB\nWriteback:             0 kB\nAnonPages:        249644 kB\nMapped:           290432 kB\nShmem:              5624 kB\nKReclaimable:      42676 kB\nSlab:             107876 kB\nSReclaimable:      42676 kB\nSUnreclaim:        65200 kB\nKernelStack:        5136 kB\nPageTables:         6308 kB\nSecPageTables:         0 kB\nNFS_Unstable:          0 kB\nBounce:                0 kB\nWritebackTmp:          0 kB\nCommitLimit:     2002288 kB\nCommitted_AS:    2116036 kB\nVmallocTotal:   13743895347199 kB\nVmallocUsed:       22000 kB\nVmallocChunk:          0 kB\nPercpu:             1160 kB\nHardwareCorrupted:     0 kB\nAnonHugePages:         0 kB\nShmemHugePages:        0 kB\nShmemPmdMapped:        0 kB\nFileHugePages:         0 kB\nFilePmdMapped:         0 kB\nUnaccepted:            0 kB\nHugePages_Total:       0\nHugePages_Free:        0\nHugePages_Rsvd:        0\nHugePages_Surp:        0\nHugepagesize:       2048 kB\nHugetlb:               0 kB\nDirectMap4k:      138152 kB\nDirectMap2M:     3002368 kB\nDirectMap1G:     3145728 kB\n"}
{"timestamp":1768021473,"subsystem":"/proc/net/dev","measurement":"Inter-|   Receive                                                |  Transmit\n face |bytes    packets errs drop fifo frame compressed multicast|bytes    packets errs drop fifo colls carrier compressed\n    lo:   16289     110    0    0    0     0          0         0    16289     110    0    0    0     0       0          0\nenp0s5: 76054628   13390    0    0    0     0          0         0   880791    7130    0    0    0     0       0          0\ndocker0:  128209    2392    0    0    0     0          0         0 13663933    3722    0    2    0     0       0          0\nveth9c000f5:   57705     855    0    0    0     0          0         0  4562533    1359    0    0    0     0       0          0\nveth18bc060:   66153     983    0    0    0     0          0         0  4574001    1533    0    0    0     0       0          0\nveth09d29e5:   37839     554    0    0    0     0          0         0  4531697     891    0    0    0     0       0          0\n"}
{"timestamp":1768021473,"subsystem":"/proc/diskstats","measurement":"   7       0 loop0 48 0 718 25 0 0 0 0 0 24 25 0 0 0 0 0 0\n   7       1 loop1 689 0 52406 681 0 0 0 0 0 549 681 0 0 0 0 0 0\n   7       2 loop2 635 0 46830 2482 0 0 0 0 0 1584 2482 0 0 0 0 0 0\n   7       3 loop3 385 0 24846 14 0 0 0 0 0 15 14 0 0 0 0 0 0\n   7       4 loop4 58 0 736 2 0 0 0 0 0 2 2 0 0 0 0 0 0\n   7       5 loop5 0 0 0 0 0 0 0 0 0 0 0 0 0 0 0 0 0\n   7       6 loop6 0 0 0 0 0 0 0 0 0 0 0 0 0 0 0 0 0\n   7       7 loop7 0 0 0 0 0 0 0 0 0 0 0 0 0 0 0 0 0\n   8       0 sda 9514 4061 2359549 34555 3822 7412 964266 110699 0 13488 145476 409 40 1847408 221 0 0\n   8       1 sda1 8903 3353 2319783 34286 3794 7318 963948 110680 0 15374 145188 409 40 1847408 221 0 0\n   8      14 sda14 109 0 1120 39 0 0 0 0 0 38 39 0 0 0 0 0 0\n   8      15 sda15 192 675 19358 91 3 0 10 2 0 67 93 0 0 0 0 0 0\n 259       0 sda16 210 33 15448 97 25 94 308 16 0 83 113 0 0 0 0 0 0\n"}
{"timestamp":1768021473,"subsystem":"statfs[*]","measurement":"{\"mount_point\":\"/\",\"block_size\":4096,\"blocks_total\":12422878,\"blocks_free\":11563796,\"blocks_available\":11559700}\n{\"mount_point\":\"/boot\",\"block_size\":4096,\"blocks_total\":225380,\"blocks_free\":204544,\"blocks_available\":188762}\n{\"mount_point\":\"/boot/efi\",\"block_size\":512,\"blocks_total\":213663,\"blocks_free\":201164,\"blocks_available\":201164}\n"}
{"timestamp":1768021478,"subsystem":"/proc/cpuinfo","measurement":"processor\t: 0\nvendor_id\t: AuthenticAMD\ncpu family\t: 25\nmodel\t\t: 17\nmodel name\t: AMD EPYC 9J14 96-Core Processor\nstepping\t: 1\nmicrocode\t: 0xa101154\ncpu MHz\t\t: 2596.096\ncache size\t: 512 KB\nphysical id\t: 0\nsiblings\t: 2\ncore id\t\t: 0\ncpu cores\t: 1\napicid\t\t: 0\ninitial apicid\t: 0\nfpu\t\t: yes\nfpu_exception\t: yes\ncpuid level\t: 16\nwp\t\t: yes\nflags\t\t: fpu vme de pse tsc msr pae mce cx8 apic sep mtrr pge mca cmov pat pse36 clflush mmx fxsr sse sse2 ht syscall nx mmxext fxsr_opt pdpe1gb rdtscp lm rep_good nopl xtopology cpuid extd_apicid tsc_known_freq pni pclmulqdq ssse3 fma cx16 pcid sse4_1 sse4_2 x2apic movbe popcnt tsc_deadline_timer aes xsave avx f16c rdrand hypervisor lahf_lm cmp_legacy svm cr8_legacy abm sse4a misalignsse 3dnowprefetch osvw topoext perfctr_core ssbd ibrs ibpb stibp vmmcall fsgsbase tsc_adjust bmi1 avx2 smep bmi2 erms invpcid avx512f avx512dq rdseed adx smap avx512ifma clflushopt clwb avx512cd sha_ni avx512bw avx512vl xsaveopt xsavec xgetbv1 xsaves avx512_bf16 clzero xsaveerptr wbnoinvd arat npt nrip_save vgif vnmi avx512vbmi umip pku ospke avx512_vbmi2 gfni vaes vpclmulqdq avx512_vnni avx512_bitalg avx512_vpopcntdq la57 rdpid overflow_recov succor fsrm arch_capabilities\nbugs\t\t: sysret_ss_attrs null_seg spectre_v1 spectre_v2 spec_store_bypass srso ibpb_no_ret tsa\nbogomips\t: 5192.19\nTLB size\t: 1024 4K pages\nclflush size\t: 64\ncache_alignment\t: 64\naddress sizes\t: 40 bits physical, 57 bits virtual\npower management:\n\nprocessor\t: 1\nvendor_id\t: AuthenticAMD\ncpu family\t: 25\nmodel\t\t: 17\nmodel name\t: AMD EPYC 9J14 96-Core Processor\nstepping\t: 1\nmicrocode\t: 0xa101154\ncpu MHz\t\t: 2596.096\ncache size\t: 512 KB\nphysical id\t: 0\nsiblings\t: 2\ncore id\t\t: 0\ncpu cores\t: 1\napicid\t\t: 1\ninitial apicid\t: 1\nfpu\t\t: yes\nfpu_exception\t: yes\ncpuid level\t: 16\nwp\t\t: yes\nflags\t\t: fpu vme de pse tsc msr pae mce cx8 apic sep mtrr pge mca cmov pat pse36 clflush mmx fxsr sse sse2 ht syscall nx mmxext fxsr_opt pdpe1gb rdtscp lm rep_good nopl xtopology cpuid extd_apicid tsc_known_freq pni pclmulqdq ssse3 fma cx16 pcid sse4_1 sse4_2 x2apic movbe popcnt tsc_deadline_timer aes xsave avx f16c rdrand hypervisor lahf_lm cmp_legacy svm cr8_legacy abm sse4a misalignsse 3dnowprefetch osvw topoext perfctr_core ssbd ibrs ibpb stibp vmmcall fsgsbase tsc_adjust bmi1 avx2 smep bmi2 erms invpcid avx512f avx512dq rdseed adx smap avx512ifma clflushopt clwb avx512cd sha_ni avx512bw avx512vl xsaveopt xsavec xgetbv1 xsaves avx512_bf16 clzero xsaveerptr wbnoinvd arat npt nrip_save vgif vnmi avx512vbmi umip pku ospke avx512_vbmi2 gfni vaes vpclmulqdq avx512_vnni avx512_bitalg avx512_vpopcntdq la57 rdpid overflow_recov succor fsrm arch_capabilities\nbugs\t\t: sysret_ss_attrs null_seg spectre_v1 spectre_v2 spec_store_bypass srso ibpb_no_ret tsa\nbogomips\t: 5192.19\nTLB size\t: 1024 4K pages\nclflush size\t: 64\ncache_alignment\t: 64\naddress sizes\t: 40 bits physical, 57 bits virtual\npower management:\n\n"}
{"timestamp":1768021478,"subsystem":"/proc/stat","measurement":"cpu  13171 131 1729 42858 1083 0 24 151 0 0\ncpu0 6630 50 933 21410 454 0 8 88 0 0\ncpu1 6541 81 796 21447 629 0 16 63 0 0\nintr 297496 69 9 0 0 774 0 0 0 0 0 0 0 15 0 0 0 0 0 0 24 0 0 0 0 0 0 0 0 0 0 0 0 0 0 0 0 0 0 0 0 0 0 0 0 0 0 0 0 0 0 0 0 5546 6674 0 9739 7049 0 0 0 0 0 0 0 0 0 0 0 0 0 0 0 0 0 0 0 0 0 0 0 0 0 0 0 0 0 0 0 0 0 0 0 0 0 0 0 0 0 0 0 0 0 0 0 0 0 0 0 0 0 0 0 0 0 0 0 0 0 0 0 0 0 0 0 0 0 0 0 0 0 0 0 0 0 0 0 0 0 0 0 0 0 0 0 0 0 0 0 0 0 0 0 0 0 0 0 0 0 0 0 0 0 0 0 0 0 0 0 0 0 0 0 0 0 0 0 0 0 0 0 0 0 0 0 0 0 0 0 0 0 0 0 0 0 0 0 0 0 0 0 0 0 0 0 0 0 0 0 0 0 0 0 0 0 0 0 0 0 0 0 0 0 0 0 0 0 0 0 0 0 0 0 0 0 0 0 0 0 0 0 0 0 0 0 0 0 0 0 0 0 0 0 0 0 0 0 0 0 0 0 0 0 0 0 0 0 0 0 0 0 0 0 0 0 0 0 0 0 0 0 0 0 0 0 0 0 0 0 0 0 0 0 0 0 0 0 0 0 0 0 0 0 0 0 0 0 0 0 0 0 0 0 0 0 0 0 0 0 0 0 0 0 0 0 0 0 0 0 0 0 0 0 0 0 0 0 0 0 0 0 0 0 0 0 0 0 0 0 0 0 0 0 0 0 0 0 0 0 0 0 0 0 0 0 0 0 0 0 0 0 0 0 0 0 0 0 0 0 0 0 0 0 0 0 0 0 0 0 0 0 0 0 0 0 0 0 0 0 0 0 0 0 0 0 0 0 0 0 0 0 0 0 0 0 0 0 0 0 0 0 0 0 0 0 0 0 0 0 0 0 0 0 0 0 0 0 0 0 0 0\nctxt 282676\nbtime 1768021182\nprocesses 3752\nprocs_running 7\nprocs_blocked 0\nsoftirq 104584 5 15206 9 15397 1808 0 124 18966 0 53069\n"}
{"timestamp":1768021478,"subsystem":"/proc/meminfo","measurement":"MemTotal:        4004576 kB\nMemFree:         2053548 kB\nMemAvailable:    3366672 kB\nBuffers:           32428 kB\nCached:          1487572 kB\nSwapCached:            0 kB\nActive:           865444 kB\nInactive:         863992 kB\nActive(anon):     229780 kB\nInactive(anon):        0 kB\nActive(file):     635664 kB\nInactive(file):   863992 kB\nUnevictable:       39208 kB\nMlocked:           35208 kB\nSwapTotal:             0 kB\nSwapFree:              0 kB\nZswap:                 0 kB\nZswapped:              0 kB\nDirty:               136 kB\nWriteback:             0 kB\nAnonPages:        248708 kB\nMapped:           290432 kB\nShmem:              5624 kB\nKReclaimable:      42676 kB\nSlab:             107892 kB\nSReclaimable:      42676 kB\nSUnreclaim:        65216 kB\nKernelStack:        5136 kB\nPageTables:         6308 kB\nSecPageTables:         0 kB\nNFS_Unstable:          0 kB\nBounce:                0 kB\nWritebackTmp:          0 kB\nCommitLimit:     2002288 kB\nCommitted_AS:    2116036 kB\nVmallocTotal:   13743895347199 kB\nVmallocUsed:       22000 kB\nVmallocChunk:          0 kB\nPercpu:             1160 kB\nHardwareCorrupted:     0 kB\nAnonHugePages:         0 kB\nShmemHugePages:        0 kB\nShmemPmdMapped:        0 kB\nFileHugePages:         0 kB\nFilePmdMapped:         0 kB\nUnaccepted:            0 kB\nHugePages_Total:       0\nHugePages_Free:        0\nHugePages_Rsvd:        0\nHugePages_Surp:        0\nHugepagesize:       2048 kB\nHugetlb:               0 kB\nDirectMap4k:      138152 kB\nDirectMap2M:     3002368 kB\nDirectMap1G:     3145728 kB\n"}
{"timestamp":1768021478,"subsystem":"/proc/net/dev","measurement":"Inter-|   Receive                                                |  Transmit\n face |bytes    packets errs drop fifo frame compressed multicast|bytes    packets errs drop fifo colls carrier compressed\n    lo:   16289     110    0    0    0     0          0         0    16289     110    0    0    0     0       0          0\nenp0s5: 76054628   13390    0    0    0     0          0         0   880791    7130    0    0    0     0       0          0\ndocker0:  128209    2392    0    0    0     0          0         0 13663933    3722    0    2    0     0       0          0\nveth9c000f5:   57705     855    0    0    0     0          0         0  4562533    1359    0    0    0     0       0          0\nveth18bc060:   66153     983    0    0    0     0          0         0  4574001    1533    0    0    0     0       0          0\nveth09d29e5:   37839     554    0    0    0     0          0         0  4531697     891    0    0    0     0       0          0\n"}
