{"timestamp":1767727813,"subsystem":"/proc/stat","measurement":"cpu  121983 3973 79060 58942664 100005 0 10613 0 0 0\ncpu0 121983 3973 79060 58942664 100005 0 10613 0 0 0\nintr 22764346 0 0 0 0 2934 0 0 0 0 0 0 0 0 0 0 0 0 0 0 0 0 0 0 0 0 0 0 0 0 0 0 0 0 0 0 0 0 0 0 0 0 0 0 0 0 0 0 0 0 0 0 0 0 0 0 0 0 0 0 0 0 0 0 0 0 0 0 0 0 0 0 0 0 0 0 0 0 0 0 0 0 0 0 0 0 0 0 0 0 0 0 0 0 0 0 0 0 0 0 0 0 0 0 0 0 0 0 0 0 0 0 0 0 0 0 0 0 0 0 0 0 0 0 0 0 0 0 0 0 0 0 0 0 0 0 0 0 0 0 0 0 0 0 0 0 0 0 0 0 0 0 0 0 0 0 0 0 0 0 0 0 0 0 0 0 0 0 0 0 0 0 0 0 0 0 0 0 0 0 0 0 0 0 0 0 0 0 0 0 0 0 0 0 0 0 0 0 0 0 0 0 0 0 0 0 0 0 0 0 0 0 0 0 0 0 0 0 0 0 0 0 0 0 0 0 0 0 0 0 0 0 0 0 0 0 0 0 0 0 0 0 0 0 0 0 0 0 0 0 0 0 0 0 0 0 0\nctxt 43693780\nbtime 1767134306\nprocesses 67579\nprocs_running 2\nprocs_blocked 0\nsoftirq 21524346 0 8820742 4 2838813 0 0 6257787 0 878 3606122\n"}
{"timestamp":1767727813,"subsystem":"/proc/meminfo","measurement":"MemTotal:         868988 kB\nMemFree:          193400 kB\nMemAvailable:     485900 kB\nBuffers:           48240 kB\nCached:           360792 kB\nSwapCached:            0 kB\nActive:           148648 kB\nInactive:         354564 kB\nActive(anon):      55156 kB\nInactive(anon):    52148 kB\nActive(file):      93492 kB\nInactive(file):   302416 kB\nUnevictable:       30724 kB\nMlocked:           27652 kB\nSwapTotal:             0 kB\nSwapFree:              0 kB\nZswap:                 0 kB\nZswapped:              0 kB\nDirty:              1068 kB\nWriteback:             0 kB\nAnonPages:        123948 kB\nMapped:            57816 kB\nShmem:              4060 kB\nKReclaimable:      35388 kB\nSlab:              84876 kB\nSReclaimable:      35388 kB\nSUnreclaim:        49488 kB\nKernelStack:        2144 kB\nPageTables:         2744 kB\nSecPageTables:         0 kB\nNFS_Unstable:          0 kB\nBounce:                0 kB\nWritebackTmp:          0 kB\nCommitLimit:      434492 kB\nCommitted_AS:     480836 kB\nVmallocTotal:   34359738367 kB\nVmallocUsed:       32796 kB\nVmallocChunk:          0 kB\nPercpu:              792 kB\nHardwareCorrupted:     0 kB\nAnonHugePages:     30720 kB\nShmemHugePages:        0 kB\nShmemPmdMapped:        0 kB\nFileHugePages:         0 kB\nFilePmdMapped:         0 kB\nUnaccepted:            0 kB\nHugePages_Total:       0\nHugePages_Free:        0\nHugePages_Rsvd:        0\nHugePages_Surp:        0\nHugepagesize:       2048 kB\nHugetlb:               0 kB\nDirectMap4k:       76968 kB\nDirectMap2M:      919552 kB\nDirectMap1G:           0 kB\n"}
{"timestamp":1767727813,"subsystem":"/proc/net/dev","measurement":"Inter-|   Receive                                                |  Transmit\n face |bytes    packets errs drop fifo frame compressed multicast|bytes    packets errs drop fifo colls carrier compressed\n    lo:  198192    1309    0    0    0     0          0         0   198192    1309    0    0    0     0       0          0\n  eth0: 553291254 2035941    0    0    0     0          0         0 681489568 2411626    0    0    0     0       0          0\n"}
{"timestamp":1767727813,"subsystem":"/proc/diskstats","measurement":"   7       0 loop0 268 0 5220 434 0 0 0 0 0 408 434 0 0 0 0 0 0\n   7       1 loop1 74 0 2502 73 0 0 0 0 0 62 73 0 0 0 0 0 0\n   7       2 loop2 94 0 3752 82 0 0 0 0 0 84 82 0 0 0 0 0 0\n   7       3 loop3 11 0 28 0 0 0 0 0 0 0 0 0 0 0 0 0 0\n   7       4 loop4 0 0 0 0 0 0 0 0 0 0 0 0 0 0 0 0 0\n   7       5 loop5 0 0 0 0 0 0 0 0 0 0 0 0 0 0 0 0 0\n   7       6 loop6 0 0 0 0 0 0 0 0 0 0 0 0 0 0 0 0 0\n   7       7 loop7 0 0 0 0 0 0 0 0 0 0 0 0 0 0 0 0 0\n   8       0 sda 58950 7019 9788994 174810 820260 523228 24027482 2711626 0 1011027 3466318 93229 813 82429332 263974 102136 315907\n   8       1 sda1 58557 5597 9768022 174515 820246 523220 24027376 2711602 0 1031919 3150090 93228 812 82228056 263971 0 0\n   8      14 sda14 92 0 1232 70 0 0 0 0 0 70 70 0 0 0 0 0 0\n   8      15 sda15 165 1422 16028 114 2 0 2 1 0 96 119 1 1 201276 3 0 0\n   8      16 sdb 318 0 19226 162 161 532 266776 18879 0 1876 19052 35 34 16465312 11 0 0\n   8      17 sdb1 110 0 6466 80 161 532 266776 18879 0 1964 18970 35 34 16465312 11 0 0\n  11       0 sr0 78 0 560 47 0 0 0 0 0 45 47 0 0 0 0 0 0\n"}
{"timestamp":1767727813,"subsystem":"statfs[*]","measurement":"{\"mount_point\":\"/\",\"block_size\":4096,\"blocks_total\":7574544,\"blocks_free\":7067884,\"blocks_available\":7063788}\n{\"mount_point\":\"/boot/efi\",\"block_size\":512,\"blocks_total\":213663,\"blocks_free\":201276,\"blocks_available\":201276}\n{\"mount_point\":\"/mnt\",\"block_size\":4096,\"blocks_total\":1011128,\"blocks_free\":1011121,\"blocks_available\":954622}\n"}
{"timestamp":1767727818,"subsystem":"/proc/stat","measurement":"cpu  122198 3973 79077 58942925 100010 0 10614 0 0 0\ncpu0 122198 3973 79077 58942925 100010 0 10614 0 0 0\nintr 22767176 0 0 0 0 2934 0 0 0 0 0 0 0 0 0 0 0 0 0 0 0 0 0 0 0 0 0 0 0 0 0 0 0 0 0 0 0 0 0 0 0 0 0 0 0 0 0 0 0 0 0 0 0 0 0 0 0 0 0 0 0 0 0 0 0 0 0 0 0 0 0 0 0 0 0 0 0 0 0 0 0 0 0 0 0 0 0 0 0 0 0 0 0 0 0 0 0 0 0 0 0 0 0 0 0 0 0 0 0 0 0 0 0 0 0 0 0 0 0 0 0 0 0 0 0 0 0 0 0 0 0 0 0 0 0 0 0 0 0 0 0 0 0 0 0 0 0 0 0 0 0 0 0 0 0 0 0 0 0 0 0 0 0 0 0 0 0 0 0 0 0 0 0 0 0 0 0 0 0 0 0 0 0 0 0 0 0 0 0 0 0 0 0 0 0 0 0 0 0 0 0 0 0 0 0 0 0 0 0 0 0 0 0 0 0 0 0 0 0 0 0 0 0 0 0 0 0 0 0 0 0 0 0 0 0 0 0 0 0 0 0 0 0 0 0 0 0 0 0 0 0 0 0 0 0 0 0\nctxt 43696291\nbtime 1767134306\nprocesses 67702\nprocs_running 2\nprocs_blocked 0\nsoftirq 21526167 0 8820968 4 2838925 0 0 6257919 0 878 3607473\n"}
{"timestamp":1767727818,"subsystem":"/proc/meminfo","measurement":"MemTotal:         868988 kB\nMemFree:          188872 kB\nMemAvailable:     486368 kB\nBuffers:           48352 kB\nCached:           365676 kB\nSwapCached:            0 kB\nActive:           161120 kB\nInactive:         355008 kB\nActive(anon):      63084 kB\nInactive(anon):    52148 kB\nActive(file):      98036 kB\nInactive(file):   302860 kB\nUnevictable:       30724 kB\nMlocked:           27652 kB\nSwapTotal:             0 kB\nSwapFree:              0 kB\nZswap:                 0 kB\nZswapped:              0 kB\nDirty:                92 kB\nWriteback:             0 kB\nAnonPages:        131920 kB\nMapped:            61240 kB\nShmem:              4068 kB\nKReclaimable:      35404 kB\nSlab:              85128 kB\nSReclaimable:      35404 kB\nSUnreclaim:        49724 kB\nKernelStack:        2320 kB\nPageTables:         3340 kB\nSecPageTables:         0 kB\nNFS_Unstable:          0 kB\nBounce:                0 kB\nWritebackTmp:          0 kB\nCommitLimit:      434492 kB\nCommitted_AS:     500240 kB\nVmallocTotal:   34359738367 kB\nVmallocUsed:       32944 kB\nVmallocChunk:          0 kB\nPercpu:              792 kB\nHardwareCorrupted:     0 kB\nAnonHugePages:     30720 kB\nShmemHugePages:        0 kB\nShmemPmdMapped:        0 kB\nFileHugePages:         0 kB\nFilePmdMapped:         0 kB\nUnaccepted:            0 kB\nHugePages_Total:       0\nHugePages_Free:        0\nHugePages_Rsvd:        0\nHugePages_Surp:        0\nHugepagesize:       2048 kB\nHugetlb:               0 kB\nDirectMap4k:       76968 kB\nDirectMap2M:      919552 kB\nDirectMap1G:           0 kB\n"}
{"timestamp":1767727818,"subsystem":"/proc/net/dev","measurement":"Inter-|   Receive                                                |  Transmit\n face |bytes    packets errs drop fifo frame compressed multicast|bytes    packets errs drop fifo colls carrier compressed\n    lo:  198192    1309    0    0    0     0          0         0   198192    1309    0    0    0     0       0          0\n  eth0: 553306944 2036016    0    0    0     0          0         0 681506178 2411693    0    0    0     0       0          0\n"}
{"timestamp":1767727818,"subsystem":"/proc/diskstats","measurement":"   7       0 loop0 268 0 5220 434 0 0 0 0 0 408 434 0 0 0 0 0 0\n   7       1 loop1 74 0 2502 73 0 0 0 0 0 62 73 0 0 0 0 0 0\n   7       2 loop2 94 0 3752 82 0 0 0 0 0 84 82 0 0 0 0 0 0\n   7       3 loop3 11 0 28 0 0 0 0 0 0 0 0 0 0 0 0 0 0\n   7       4 loop4 0 0 0 0 0 0 0 0 0 0 0 0 0 0 0 0 0\n   7       5 loop5 0 0 0 0 0 0 0 0 0 0 0 0 0 0 0 0 0\n   7       6 loop6 0 0 0 0 0 0 0 0 0 0 0 0 0 0 0 0 0\n   7       7 loop7 0 0 0 0 0 0 0 0 0 0 0 0 0 0 0 0 0\n   8       0 sda 59051 7041 9798930 174884 820430 523241 24029986 2711764 0 1011096 3466535 93230 813 82429340 263977 102137 315910\n   8       1 sda1 58658 5619 9777958 174589 820416 523233 24029880 2711740 0 1031991 3150304 93229 812 82228064 263973 0 0\n   8      14 sda14 92 0 1232 70 0 0 0 0 0 70 70 0 0 0 0 0 0\n   8      15 sda15 165 1422 16028 114 2 0 2 1 0 96 119 1 1 201276 3 0 0\n   8      16 sdb 318 0 19226 162 161 532 266776 18879 0 1876 19052 35 34 16465312 11 0 0\n   8      17 sdb1 110 0 6466 80 161 532 266776 18879 0 1964 18970 35 34 16465312 11 0 0\n  11       0 sr0 78 0 560 47 0 0 0 0 0 45 47 0 0 0 0 0 0\n"}
{"timestamp":1767727818,"subsystem":"statfs[*]","measurement":"{\"mount_point\":\"/\",\"block_size\":4096,\"blocks_total\":7574544,\"blocks_free\":7067879,\"blocks_available\":7063783}\n{\"mount_point\":\"/boot/efi\",\"block_size\":512,\"blocks_total\":213663,\"blocks_free\":201276,\"blocks_available\":201276}\n{\"mount_point\":\"/mnt\",\"block_size\":4096,\"blocks_total\":1011128,\"blocks_free\":1011121,\"blocks_available\":954622}\n"}
{"timestamp":1767727823,"subsystem":"/proc/stat","measurement":"cpu  122695 3973 79078 58942925 100010 0 10614 0 0 0\ncpu0 122695 3973 79078 58942925 100010 0 10614 0 0 0\nintr 22772305 0 0 0 0 2934 0 0 0 0 0 0 0 0 0 0 0 0 0 0 0 0 0 0 0 0 0 0 0 0 0 0 0 0 0 0 0 0 0 0 0 0 0 0 0 0 0 0 0 0 0 0 0 0 0 0 0 0 0 0 0 0 0 0 0 0 0 0 0 0 0 0 0 0 0 0 0 0 0 0 0 0 0 0 0 0 0 0 0 0 0 0 0 0 0 0 0 0 0 0 0 0 0 0 0 0 0 0 0 0 0 0 0 0 0 0 0 0 0 0 0 0 0 0 0 0 0 0 0 0 0 0 0 0 0 0 0 0 0 0 0 0 0 0 0 0 0 0 0 0 0 0 0 0 0 0 0 0 0 0 0 0 0 0 0 0 0 0 0 0 0 0 0 0 0 0 0 0 0 0 0 0 0 0 0 0 0 0 0 0 0 0 0 0 0 0 0 0 0 0 0 0 0 0 0 0 0 0 0 0 0 0 0 0 0 0 0 0 0 0 0 0 0 0 0 0 0 0 0 0 0 0 0 0 0 0 0 0 0 0 0 0 0 0 0 0 0 0 0 0 0 0 0 0 0 0 0\nctxt 43697013\nbtime 1767134306\nprocesses 67704\nprocs_running 3\nprocs_blocked 0\nsoftirq 21526493 0 8821116 4 2838964 0 0 6257931 0 878 3607600\n"}
{"timestamp":1767727823,"subsystem":"/proc/meminfo","measurement":"MemTotal:         868988 kB\nMemFree:          189488 kB\nMemAvailable:     486988 kB\nBuffers:           48352 kB\nCached:           365680 kB\nSwapCached:            0 kB\nActive:           159320 kB\nInactive:         355012 kB\nActive(anon):      61284 kB\nInactive(anon):    52148 kB\nActive(file):      98036 kB\nInactive(file):   302864 kB\nUnevictable:       30724 kB\nMlocked:           27652 kB\nSwapTotal:             0 kB\nSwapFree:              0 kB\nZswap:                 0 kB\nZswapped:              0 kB\nDirty:               256 kB\nWriteback:             0 kB\nAnonPages:        130068 kB\nMapped:            61096 kB\nShmem:              4068 kB\nKReclaimable:      35408 kB\nSlab:              85084 kB\nSReclaimable:      35408 kB\nSUnreclaim:        49676 kB\nKernelStack:        2304 kB\nPageTables:         3196 kB\nSecPageTables:         0 kB\nNFS_Unstable:          0 kB\nBounce:                0 kB\nWritebackTmp:          0 kB\nCommitLimit:      434492 kB\nCommitted_AS:     496344 kB\nVmallocTotal:   34359738367 kB\nVmallocUsed:       32956 kB\nVmallocChunk:          0 kB\nPercpu:              792 kB\nHardwareCorrupted:     0 kB\nAnonHugePages:     30720 kB\nShmemHugePages:        0 kB\nShmemPmdMapped:        0 kB\nFileHugePages:         0 kB\nFilePmdMapped:         0 kB\nUnaccepted:            0 kB\nHugePages_Total:       0\nHugePages_Free:        0\nHugePages_Rsvd:        0\nHugePages_Surp:        0\nHugepagesize:       2048 kB\nHugetlb:               0 kB\nDirectMap4k:       76968 kB\nDirectMap2M:      919552 kB\nDirectMap1G:           0 kB\n"}
{"timestamp":1767727823,"subsystem":"/proc/net/dev","measurement":"Inter-|   Receive                                                |  Transmit\n face |bytes    packets errs drop fifo frame compressed multicast|bytes    packets errs drop fifo colls carrier compressed\n    lo:  198192    1309    0    0    0     0          0         0   198192    1309    0    0    0     0       0          0\n  eth0: 553311550 2036040    0    0    0     0          0         0 681513181 2411718    0    0    0     0       0          0\n"}
{"timestamp":1767727823,"subsystem":"/proc/diskstats","measurement":"   7       0 loop0 268 0 5220 434 0 0 0 0 0 408 434 0 0 0 0 0 0\n   7       1 loop1 74 0 2502 73 0 0 0 0 0 62 73 0 0 0 0 0 0\n   7       2 loop2 94 0 3752 82 0 0 0 0 0 84 82 0 0 0 0 0 0\n   7       3 loop3 11 0 28 0 0 0 0 0 0 0 0 0 0 0 0 0 0\n   7       4 loop4 0 0 0 0 0 0 0 0 0 0 0 0 0 0 0 0 0\n   7       5 loop5 0 0 0 0 0 0 0 0 0 0 0 0 0 0 0 0 0\n   7       6 loop6 0 0 0 0 0 0 0 0 0 0 0 0 0 0 0 0 0\n   7       7 loop7 0 0 0 0 0 0 0 0 0 0 0 0 0 0 0 0 0\n   8       0 sda 59051 7041 9798930 174884 820436 523263 24030210 2711771 0 1011103 3466548 93231 813 82429348 263979 102138 315913\n   8       1 sda1 58658 5619 9777958 174589 820422 523255 24030104 2711748 0 1031998 3150314 93230 812 82228072 263976 0 0\n   8      14 sda14 92 0 1232 70 0 0 0 0 0 70 70 0 0 0 0 0 0\n   8      15 sda15 165 1422 16028 114 2 0 2 1 0 96 119 1 1 201276 3 0 0\n   8      16 sdb 318 0 19226 162 161 532 266776 18879 0 1876 19052 35 34 16465312 11 0 0\n   8      17 sdb1 110 0 6466 80 161 532 266776 18879 0 1964 18970 35 34 16465312 11 0 0\n  11       0 sr0 78 0 560 47 0 0 0 0 0 45 47 0 0 0 0 0 0\n"}
{"timestamp":1767727823,"subsystem":"statfs[*]","measurement":"{\"mount_point\":\"/\",\"block_size\":4096,\"blocks_total\":7574544,\"blocks_free\":7067878,\"blocks_available\":7063782}\n{\"mount_point\":\"/boot/efi\",\"block_size\":512,\"blocks_total\":213663,\"blocks_free\":201276,\"blocks_available\":201276}\n{\"mount_point\":\"/mnt\",\"block_size\":4096,\"blocks_total\":1011128,\"blocks_free\":1011121,\"blocks_available\":954622}\n"}
{"timestamp":1767727828,"subsystem":"/proc/stat","measurement":"cpu  123193 3973 79078 58942925 100010 0 10614 0 0 0\ncpu0 123193 3973 79078 58942925 100010 0 10614 0 0 0\nintr 22777387 0 0 0 0 2934 0 0 0 0 0 0 0 0 0 0 0 0 0 0 0 0 0 0 0 0 0 0 0 0 0 0 0 0 0 0 0 0 0 0 0 0 0 0 0 0 0 0 0 0 0 0 0 0 0 0 0 0 0 0 0 0 0 0 0 0 0 0 0 0 0 0 0 0 0 0 0 0 0 0 0 0 0 0 0 0 0 0 0 0 0 0 0 0 0 0 0 0 0 0 0 0 0 0 0 0 0 0 0 0 0 0 0 0 0 0 0 0 0 0 0 0 0 0 0 0 0 0 0 0 0 0 0 0 0 0 0 0 0 0 0 0 0 0 0 0 0 0 0 0 0 0 0 0 0 0 0 0 0 0 0 0 0 0 0 0 0 0 0 0 0 0 0 0 0 0 0 0 0 0 0 0 0 0 0 0 0 0 0 0 0 0 0 0 0 0 0 0 0 0 0 0 0 0 0 0 0 0 0 0 0 0 0 0 0 0 0 0 0 0 0 0 0 0 0 0 0 0 0 0 0 0 0 0 0 0 0 0 0 0 0 0 0 0 0 0 0 0 0 0 0 0 0 0 0 0 0\nctxt 43697582\nbtime 1767134306\nprocesses 67705\nprocs_running 2\nprocs_blocked 0\nsoftirq 21526703 0 8821257 4 2838964 0 0 6257943 0 878 3607657\n"}
{"timestamp":1767727828,"subsystem":"/proc/meminfo","measurement":"MemTotal:         868988 kB\nMemFree:          189488 kB\nMemAvailable:     486992 kB\nBuffers:           48352 kB\nCached:           365684 kB\nSwapCached:            0 kB\nActive:           159328 kB\nInactive:         355016 kB\nActive(anon):      61292 kB\nInactive(anon):    52148 kB\nActive(file):      98036 kB\nInactive(file):   302868 kB\nUnevictable:       30724 kB\nMlocked:           27652 kB\nSwapTotal:             0 kB\nSwapFree:              0 kB\nZswap:                 0 kB\nZswapped:              0 kB\nDirty:               244 kB\nWriteback:             0 kB\nAnonPages:        130080 kB\nMapped:            61096 kB\nShmem:              4068 kB\nKReclaimable:      35408 kB\nSlab:              85076 kB\nSReclaimable:      35408 kB\nSUnreclaim:        49668 kB\nKernelStack:        2304 kB\nPageTables:         3196 kB\nSecPageTables:         0 kB\nNFS_Unstable:          0 kB\nBounce:                0 kB\nWritebackTmp:          0 kB\nCommitLimit:      434492 kB\nCommitted_AS:     496344 kB\nVmallocTotal:   34359738367 kB\nVmallocUsed:       32956 kB\nVmallocChunk:          0 kB\nPercpu:              792 kB\nHardwareCorrupted:     0 kB\nAnonHugePages:     30720 kB\nShmemHugePages:        0 kB\nShmemPmdMapped:        0 kB\nFileHugePages:         0 kB\nFilePmdMapped:         0 kB\nUnaccepted:            0 kB\nHugePages_Total:       0\nHugePages_Free:        0\nHugePages_Rsvd:        0\nHugePages_Surp:        0\nHugepagesize:       2048 kB\nHugetlb:               0 kB\nDirectMap4k:       76968 kB\nDirectMap2M:      919552 kB\nDirectMap1G:           0 kB\n"}
{"timestamp":1767727828,"subsystem":"/proc/net/dev","measurement":"Inter-|   Receive                                                |  Transmit\n face |bytes    packets errs drop fifo frame compressed multicast|bytes    packets errs drop fifo colls carrier compressed\n    lo:  198192    1309    0    0    0     0          0         0   198192    1309    0    0    0     0       0          0\n  eth0: 553311550 2036040    0    0    0     0          0         0 681513181 2411718    0    0    0     0       0          0\n"}
{"timestamp":1767727828,"subsystem":"/proc/diskstats","measurement":"   7       0 loop0 268 0 5220 434 0 0 0 0 0 408 434 0 0 0 0 0 0\n   7       1 loop1 74 0 2502 73 0 0 0 0 0 62 73 0 0 0 0 0 0\n   7       2 loop2 94 0 3752 82 0 0 0 0 0 84 82 0 0 0 0 0 0\n   7       3 loop3 11 0 28 0 0 0 0 0 0 0 0 0 0 0 0 0 0\n   7       4 loop4 0 0 0 0 0 0 0 0 0 0 0 0 0 0 0 0 0\n   7       5 loop5 0 0 0 0 0 0 0 0 0 0 0 0 0 0 0 0 0\n   7       6 loop6 0 0 0 0 0 0 0 0 0 0 0 0 0 0 0 0 0\n   7       7 loop7 0 0 0 0 0 0 0 0 0 0 0 0 0 0 0 0 0\n   8       0 sda 59051 7041 9798930 174884 820441 523270 24030314 2711778 0 1011110 3466560 93232 813 82429356 263982 102139 315915\n   8       1 sda1 58658 5619 9777958 174589 820427 523262 24030208 2711754 0 1032005 3150323 93231 812 82228080 263978 0 0\n   8      14 sda14 92 0 1232 70 0 0 0 0 0 70 70 0 0 0 0 0 0\n   8      15 sda15 165 1422 16028 114 2 0 2 1 0 96 119 1 1 201276 3 0 0\n   8      16 sdb 318 0 19226 162 161 532 266776 18879 0 1876 19052 35 34 16465312 11 0 0\n   8      17 sdb1 110 0 6466 80 161 532 266776 18879 0 1964 18970 35 34 16465312 11 0 0\n  11       0 sr0 78 0 560 47 0 0 0 0 0 45 47 0 0 0 0 0 0\n"}
{"timestamp":1767727828,"subsystem":"statfs[*]","measurement":"{\"mount_point\":\"/\",\"block_size\":4096,\"blocks_total\":7574544,\"blocks_free\":7067877,\"blocks_available\":7063781}\n{\"mount_point\":\"/boot/efi\",\"block_size\":512,\"blocks_total\":213663,\"blocks_free\":201276,\"blocks_available\":201276}\n{\"mount_point\":\"/mnt\",\"block_size\":4096,\"blocks_total\":1011128,\"blocks_free\":1011121,\"blocks_available\":954622}\n"}
{"timestamp":1767727833,"subsystem":"/proc/stat","measurement":"cpu  123689 3973 79079 58942925 100010 0 10614 0 0 0\ncpu0 123689 3973 79079 58942925 100010 0 10614 0 0 0\nintr 22782497 0 0 0 0 2934 0 0 0 0 0 0 0 0 0 0 0 0 0 0 0 0 0 0 0 0 0 0 0 0 0 0 0 0 0 0 0 0 0 0 0 0 0 0 0 0 0 0 0 0 0 0 0 0 0 0 0 0 0 0 0 0 0 0 0 0 0 0 0 0 0 0 0 0 0 0 0 0 0 0 0 0 0 0 0 0 0 0 0 0 0 0 0 0 0 0 0 0 0 0 0 0 0 0 0 0 0 0 0 0 0 0 0 0 0 0 0 0 0 0 0 0 0 0 0 0 0 0 0 0 0 0 0 0 0 0 0 0 0 0 0 0 0 0 0 0 0 0 0 0 0 0 0 0 0 0 0 0 0 0 0 0 0 0 0 0 0 0 0 0 0 0 0 0 0 0 0 0 0 0 0 0 0 0 0 0 0 0 0 0 0 0 0 0 0 0 0 0 0 0 0 0 0 0 0 0 0 0 0 0 0 0 0 0 0 0 0 0 0 0 0 0 0 0 0 0 0 0 0 0 0 0 0 0 0 0 0 0 0 0 0 0 0 0 0 0 0 0 0 0 0 0 0 0 0 0 0\nctxt 43698218\nbtime 1767134306\nprocesses 67706\nprocs_running 3\nprocs_blocked 0\nsoftirq 21526934 0 8821393 4 2838985 0 0 6257949 0 878 3607725\n"}
{"timestamp":1767727833,"subsystem":"/proc/meminfo","measurement":"MemTotal:         868988 kB\nMemFree:          189488 kB\nMemAvailable:     486996 kB\nBuffers:           48352 kB\nCached:           365688 kB\nSwapCached:            0 kB\nActive:           159356 kB\nInactive:         355020 kB\nActive(anon):      61320 kB\nInactive(anon):    52148 kB\nActive(file):      98036 kB\nInactive(file):   302872 kB\nUnevictable:       30724 kB\nMlocked:           27652 kB\nSwapTotal:             0 kB\nSwapFree:              0 kB\nZswap:                 0 kB\nZswapped:              0 kB\nDirty:               252 kB\nWriteback:             0 kB\nAnonPages:        130104 kB\nMapped:            61156 kB\nShmem:              4068 kB\nKReclaimable:      35408 kB\nSlab:              85080 kB\nSReclaimable:      35408 kB\nSUnreclaim:        49672 kB\nKernelStack:        2304 kB\nPageTables:         3196 kB\nSecPageTables:         0 kB\nNFS_Unstable:          0 kB\nBounce:                0 kB\nWritebackTmp:          0 kB\nCommitLimit:      434492 kB\nCommitted_AS:     496344 kB\nVmallocTotal:   34359738367 kB\nVmallocUsed:       32956 kB\nVmallocChunk:          0 kB\nPercpu:              792 kB\nHardwareCorrupted:     0 kB\nAnonHugePages:     30720 kB\nShmemHugePages:        0 kB\nShmemPmdMapped:        0 kB\nFileHugePages:         0 kB\nFilePmdMapped:         0 kB\nUnaccepted:            0 kB\nHugePages_Total:       0\nHugePages_Free:        0\nHugePages_Rsvd:        0\nHugePages_Surp:        0\nHugepagesize:       2048 kB\nHugetlb:               0 kB\nDirectMap4k:       76968 kB\nDirectMap2M:      919552 kB\nDirectMap1G:           0 kB\n"}
{"timestamp":1767727833,"subsystem":"/proc/net/dev","measurement":"Inter-|   Receive                                                |  Transmit\n face |bytes    packets errs drop fifo frame compressed multicast|bytes    packets errs drop fifo colls carrier compressed\n    lo:  198192    1309    0    0    0     0          0         0   198192    1309    0    0    0     0       0          0\n  eth0: 553315346 2036055    0    0    0     0          0         0 681518424 2411737    0    0    0     0       0          0\n"}
{"timestamp":1767727833,"subsystem":"/proc/diskstats","measurement":"   7       0 loop0 268 0 5220 434 0 0 0 0 0 408 434 0 0 0 0 0 0\n   7       1 loop1 74 0 2502 73 0 0 0 0 0 62 73 0 0 0 0 0 0\n   7       2 loop2 94 0 3752 82 0 0 0 0 0 84 82 0 0 0 0 0 0\n   7       3 loop3 11 0 28 0 0 0 0 0 0 0 0 0 0 0 0 0 0\n   7       4 loop4 0 0 0 0 0 0 0 0 0 0 0 0 0 0 0 0 0\n   7       5 loop5 0 0 0 0 0 0 0 0 0 0 0 0 0 0 0 0 0\n   7       6 loop6 0 0 0 0 0 0 0 0 0 0 0 0 0 0 0 0 0\n   7       7 loop7 0 0 0 0 0 0 0 0 0 0 0 0 0 0 0 0 0\n   8       0 sda 59051 7041 9798930 174884 820442 523270 24030322 2711778 0 1011110 3466560 93232 813 82429356 263982 102139 315915\n   8       1 sda1 58658 5619 9777958 174589 820428 523262 24030216 2711755 0 1032005 3150323 93231 812 82228080 263978 0 0\n   8      14 sda14 92 0 1232 70 0 0 0 0 0 70 70 0 0 0 0 0 0\n   8      15 sda15 165 1422 16028 114 2 0 2 1 0 96 119 1 1 201276 3 0 0\n   8      16 sdb 318 0 19226 162 161 532 266776 18879 0 1876 19052 35 34 16465312 11 0 0\n   8      17 sdb1 110 0 6466 80 161 532 266776 18879 0 1964 18970 35 34 16465312 11 0 0\n  11       0 sr0 78 0 560 47 0 0 0 0 0 45 47 0 0 0 0 0 0\n"}
{"timestamp":1767727833,"subsystem":"statfs[*]","measurement":"{\"mount_point\":\"/\",\"block_size\":4096,\"blocks_total\":7574544,\"blocks_free\":7067876,\"blocks_available\":7063780}\n{\"mount_point\":\"/boot/efi\",\"block_size\":512,\"blocks_total\":213663,\"blocks_free\":201276,\"blocks_available\":201276}\n{\"mount_point\":\"/mnt\",\"block_size\":4096,\"blocks_total\":1011128,\"blocks_free\":1011121,\"blocks_available\":954622}\n"}
{"timestamp":1767727838,"subsystem":"/proc/stat","measurement":"cpu  124186 3973 79081 58942925 100010 0 10614 0 0 0\ncpu0 124186 3973 79081 58942925 100010 0 10614 0 0 0\nintr 22787613 0 0 0 0 2934 0 0 0 0 0 0 0 0 0 0 0 0 0 0 0 0 0 0 0 0 0 0 0 0 0 0 0 0 0 0 0 0 0 0 0 0 0 0 0 0 0 0 0 0 0 0 0 0 0 0 0 0 0 0 0 0 0 0 0 0 0 0 0 0 0 0 0 0 0 0 0 0 0 0 0 0 0 0 0 0 0 0 0 0 0 0 0 0 0 0 0 0 0 0 0 0 0 0 0 0 0 0 0 0 0 0 0 0 0 0 0 0 0 0 0 0 0 0 0 0 0 0 0 0 0 0 0 0 0 0 0 0 0 0 0 0 0 0 0 0 0 0 0 0 0 0 0 0 0 0 0 0 0 0 0 0 0 0 0 0 0 0 0 0 0 0 0 0 0 0 0 0 0 0 0 0 0 0 0 0 0 0 0 0 0 0 0 0 0 0 0 0 0 0 0 0 0 0 0 0 0 0 0 0 0 0 0 0 0 0 0 0 0 0 0 0 0 0 0 0 0 0 0 0 0 0 0 0 0 0 0 0 0 0 0 0 0 0 0 0 0 0 0 0 0 0 0 0 0 0 0\nctxt 43698892\nbtime 1767134306\nprocesses 67709\nprocs_running 2\nprocs_blocked 0\nsoftirq 21527262 0 8821559 4 2839011 0 0 6257966 0 878 3607844\n"}
{"timestamp":1767727838,"subsystem":"/proc/meminfo","measurement":"MemTotal:         868988 kB\nMemFree:          188764 kB\nMemAvailable:     486276 kB\nBuffers:           48352 kB\nCached:           365692 kB\nSwapCached:            0 kB\nActive:           161212 kB\nInactive:         355024 kB\nActive(anon):      63176 kB\nInactive(anon):    52148 kB\nActive(file):      98036 kB\nInactive(file):   302876 kB\nUnevictable:       30724 kB\nMlocked:           27652 kB\nSwapTotal:             0 kB\nSwapFree:              0 kB\nZswap:                 0 kB\nZswapped:              0 kB\nDirty:               132 kB\nWriteback:             0 kB\nAnonPages:        132000 kB\nMapped:            61300 kB\nShmem:              4068 kB\nKReclaimable:      35408 kB\nSlab:              85116 kB\nSReclaimable:      35408 kB\nSUnreclaim:        49708 kB\nKernelStack:        2328 kB\nPageTables:         3340 kB\nSecPageTables:         0 kB\nNFS_Unstable:          0 kB\nBounce:                0 kB\nWritebackTmp:          0 kB\nCommitLimit:      434492 kB\nCommitted_AS:     500240 kB\nVmallocTotal:   34359738367 kB\nVmallocUsed:       32960 kB\nVmallocChunk:          0 kB\nPercpu:              792 kB\nHardwareCorrupted:     0 kB\nAnonHugePages:     30720 kB\nShmemHugePages:        0 kB\nShmemPmdMapped:        0 kB\nFileHugePages:         0 kB\nFilePmdMapped:         0 kB\nUnaccepted:            0 kB\nHugePages_Total:       0\nHugePages_Free:        0\nHugePages_Rsvd:        0\nHugePages_Surp:        0\nHugepagesize:       2048 kB\nHugetlb:               0 kB\nDirectMap4k:       76968 kB\nDirectMap2M:      919552 kB\nDirectMap1G:           0 kB\n"}
{"timestamp":1767727838,"subsystem":"/proc/net/dev","measurement":"Inter-|   Receive                                                |  Transmit\n face |bytes    packets errs drop fifo frame compressed multicast|bytes    packets errs drop fifo colls carrier compressed\n    lo:  198192    1309    0    0    0     0          0         0   198192    1309    0    0    0     0       0          0\n  eth0: 553319363 2036073    0    0    0     0          0         0 681523915 2411759    0    0    0     0       0          0\n"}
{"timestamp":1767727838,"subsystem":"/proc/diskstats","measurement":"   7       0 loop0 268 0 5220 434 0 0 0 0 0 408 434 0 0 0 0 0 0\n   7       1 loop1 74 0 2502 73 0 0 0 0 0 62 73 0 0 0 0 0 0\n   7       2 loop2 94 0 3752 82 0 0 0 0 0 84 82 0 0 0 0 0 0\n   7       3 loop3 11 0 28 0 0 0 0 0 0 0 0 0 0 0 0 0 0\n   7       4 loop4 0 0 0 0 0 0 0 0 0 0 0 0 0 0 0 0 0\n   7       5 loop5 0 0 0 0 0 0 0 0 0 0 0 0 0 0 0 0 0\n   7       6 loop6 0 0 0 0 0 0 0 0 0 0 0 0 0 0 0 0 0\n   7       7 loop7 0 0 0 0 0 0 0 0 0 0 0 0 0 0 0 0 0\n   8       0 sda 59051 7041 9798930 174884 820468 523277 24030594 2711806 0 1011119 3466594 93233 813 82429364 263984 102140 315918\n   8       1 sda1 58658 5619 9777958 174589 820454 523269 24030488 2711783 0 1032014 3150354 93232 812 82228088 263981 0 0\n   8      14 sda14 92 0 1232 70 0 0 0 0 0 70 70 0 0 0 0 0 0\n   8      15 sda15 165 1422 16028 114 2 0 2 1 0 96 119 1 1 201276 3 0 0\n   8      16 sdb 318 0 19226 162 161 532 266776 18879 0 1876 19052 35 34 16465312 11 0 0\n   8      17 sdb1 110 0 6466 80 161 532 266776 18879 0 1964 18970 35 34 16465312 11 0 0\n  11       0 sr0 78 0 560 47 0 0 0 0 0 45 47 0 0 0 0 0 0\n"}
{"timestamp":1767727838,"subsystem":"statfs[*]","measurement":"{\"mount_point\":\"/\",\"block_size\":4096,\"blocks_total\":7574544,\"blocks_free\":7067875,\"blocks_available\":7063779}\n{\"mount_point\":\"/boot/efi\",\"block_size\":512,\"blocks_total\":213663,\"blocks_free\":201276,\"blocks_available\":201276}\n{\"mount_point\":\"/mnt\",\"block_size\":4096,\"blocks_total\":1011128,\"blocks_free\":1011121,\"blocks_available\":954622}\n"}
{"timestamp":1767727843,"subsystem":"/proc/stat","measurement":"cpu  124681 3973 79082 58942925 100010 0 10614 0 0 0\ncpu0 124681 3973 79082 58942925 100010 0 10614 0 0 0\nintr 22792727 0 0 0 0 2934 0 0 0 0 0 0 0 0 0 0 0 0 0 0 0 0 0 0 0 0 0 0 0 0 0 0 0 0 0 0 0 0 0 0 0 0 0 0 0 0 0 0 0 0 0 0 0 0 0 0 0 0 0 0 0 0 0 0 0 0 0 0 0 0 0 0 0 0 0 0 0 0 0 0 0 0 0 0 0 0 0 0 0 0 0 0 0 0 0 0 0 0 0 0 0 0 0 0 0 0 0 0 0 0 0 0 0 0 0 0 0 0 0 0 0 0 0 0 0 0 0 0 0 0 0 0 0 0 0 0 0 0 0 0 0 0 0 0 0 0 0 0 0 0 0 0 0 0 0 0 0 0 0 0 0 0 0 0 0 0 0 0 0 0 0 0 0 0 0 0 0 0 0 0 0 0 0 0 0 0 0 0 0 0 0 0 0 0 0 0 0 0 0 0 0 0 0 0 0 0 0 0 0 0 0 0 0 0 0 0 0 0 0 0 0 0 0 0 0 0 0 0 0 0 0 0 0 0 0 0 0 0 0 0 0 0 0 0 0 0 0 0 0 0 0 0 0 0 0 0 0\nctxt 43699596\nbtime 1767134306\nprocesses 67710\nprocs_running 2\nprocs_blocked 0\nsoftirq 21527590 0 8821701 4 2839053 0 0 6257991 0 878 3607963\n"}
{"timestamp":1767727843,"subsystem":"/proc/meminfo","measurement":"MemTotal:         868988 kB\nMemFree:          189156 kB\nMemAvailable:     486676 kB\nBuffers:           48352 kB\nCached:           365700 kB\nSwapCached:            0 kB\nActive:           159396 kB\nInactive:         355032 kB\nActive(anon):      61360 kB\nInactive(anon):    52148 kB\nActive(file):      98036 kB\nInactive(file):   302884 kB\nUnevictable:       30724 kB\nMlocked:           27652 kB\nSwapTotal:             0 kB\nSwapFree:              0 kB\nZswap:                 0 kB\nZswapped:              0 kB\nDirty:                36 kB\nWriteback:             0 kB\nAnonPages:        130144 kB\nMapped:            61160 kB\nShmem:              4068 kB\nKReclaimable:      35408 kB\nSlab:              85084 kB\nSReclaimable:      35408 kB\nSUnreclaim:        49676 kB\nKernelStack:        2288 kB\nPageTables:         3196 kB\nSecPageTables:         0 kB\nNFS_Unstable:          0 kB\nBounce:                0 kB\nWritebackTmp:          0 kB\nCommitLimit:      434492 kB\nCommitted_AS:     496344 kB\nVmallocTotal:   34359738367 kB\nVmallocUsed:       32940 kB\nVmallocChunk:          0 kB\nPercpu:              792 kB\nHardwareCorrupted:     0 kB\nAnonHugePages:     30720 kB\nShmemHugePages:        0 kB\nShmemPmdMapped:        0 kB\nFileHugePages:         0 kB\nFilePmdMapped:         0 kB\nUnaccepted:            0 kB\nHugePages_Total:       0\nHugePages_Free:        0\nHugePages_Rsvd:        0\nHugePages_Surp:        0\nHugepagesize:       2048 kB\nHugetlb:               0 kB\nDirectMap4k:       76968 kB\nDirectMap2M:      919552 kB\nDirectMap1G:           0 kB\n"}
{"timestamp":1767727843,"subsystem":"/proc/net/dev","measurement":"Inter-|   Receive                                                |  Transmit\n face |bytes    packets errs drop fifo frame compressed multicast|bytes    packets errs drop fifo colls carrier compressed\n    lo:  198192    1309    0    0    0     0          0         0   198192    1309    0    0    0     0       0          0\n  eth0: 553325175 2036100    0    0    0     0          0         0 681531304 2411787    0    0    0     0       0          0\n"}
{"timestamp":1767727843,"subsystem":"/proc/diskstats","measurement":"   7       0 loop0 268 0 5220 434 0 0 0 0 0 408 434 0 0 0 0 0 0\n   7       1 loop1 74 0 2502 73 0 0 0 0 0 62 73 0 0 0 0 0 0\n   7       2 loop2 94 0 3752 82 0 0 0 0 0 84 82 0 0 0 0 0 0\n   7       3 loop3 11 0 28 0 0 0 0 0 0 0 0 0 0 0 0 0 0\n   7       4 loop4 0 0 0 0 0 0 0 0 0 0 0 0 0 0 0 0 0\n   7       5 loop5 0 0 0 0 0 0 0 0 0 0 0 0 0 0 0 0 0\n   7       6 loop6 0 0 0 0 0 0 0 0 0 0 0 0 0 0 0 0 0\n   7       7 loop7 0 0 0 0 0 0 0 0 0 0 0 0 0 0 0 0 0\n   8       0 sda 59051 7041 9798930 174884 820515 523283 24031042 2711849 0 1011134 3466642 93234 813 82429372 263987 102141 315921\n   8       1 sda1 58658 5619 9777958 174589 820501 523275 24030936 2711826 0 1032029 3150399 93233 812 82228096 263984 0 0\n   8      14 sda14 92 0 1232 70 0 0 0 0 0 70 70 0 0 0 0 0 0\n   8      15 sda15 165 1422 16028 114 2 0 2 1 0 96 119 1 1 201276 3 0 0\n   8      16 sdb 318 0 19226 162 161 532 266776 18879 0 1876 19052 35 34 16465312 11 0 0\n   8      17 sdb1 110 0 6466 80 161 532 266776 18879 0 1964 18970 35 34 16465312 11 0 0\n  11       0 sr0 78 0 560 47 0 0 0 0 0 45 47 0 0 0 0 0 0\n"}
{"timestamp":1767727843,"subsystem":"statfs[*]","measurement":"{\"mount_point\":\"/\",\"block_size\":4096,\"blocks_total\":7574544,\"blocks_free\":7067873,\"blocks_available\":7063777}\n{\"mount_point\":\"/boot/efi\",\"block_size\":512,\"blocks_total\":213663,\"blocks_free\":201276,\"blocks_available\":201276}\n{\"mount_point\":\"/mnt\",\"block_size\":4096,\"blocks_total\":1011128,\"blocks_free\":1011121,\"blocks_available\":954622}\n"}
{"timestamp":1767727848,"subsystem":"/proc/stat","measurement":"cpu  125177 3973 79084 58942925 100010 0 10615 0 0 0\ncpu0 125177 3973 79084 58942925 100010 0 10615 0 0 0\nintr 22797876 0 0 0 0 2934 0 0 0 0 0 0 0 0 0 0 0 0 0 0 0 0 0 0 0 0 0 0 0 0 0 0 0 0 0 0 0 0 0 0 0 0 0 0 0 0 0 0 0 0 0 0 0 0 0 0 0 0 0 0 0 0 0 0 0 0 0 0 0 0 0 0 0 0 0 0 0 0 0 0 0 0 0 0 0 0 0 0 0 0 0 0 0 0 0 0 0 0 0 0 0 0 0 0 0 0 0 0 0 0 0 0 0 0 0 0 0 0 0 0 0 0 0 0 0 0 0 0 0 0 0 0 0 0 0 0 0 0 0 0 0 0 0 0 0 0 0 0 0 0 0 0 0 0 0 0 0 0 0 0 0 0 0 0 0 0 0 0 0 0 0 0 0 0 0 0 0 0 0 0 0 0 0 0 0 0 0 0 0 0 0 0 0 0 0 0 0 0 0 0 0 0 0 0 0 0 0 0 0 0 0 0 0 0 0 0 0 0 0 0 0 0 0 0 0 0 0 0 0 0 0 0 0 0 0 0 0 0 0 0 0 0 0 0 0 0 0 0 0 0 0 0 0 0 0 0 0\nctxt 43700400\nbtime 1767134306\nprocesses 67713\nprocs_running 2\nprocs_blocked 0\nsoftirq 21528006 0 8821870 4 2839094 0 0 6258005 0 878 3608155\n"}
{"timestamp":1767727848,"subsystem":"/proc/meminfo","measurement":"MemTotal:         868988 kB\nMemFree:          184336 kB\nMemAvailable:     481860 kB\nBuffers:           48352 kB\nCached:           365704 kB\nSwapCached:            0 kB\nActive:           161464 kB\nInactive:         355036 kB\nActive(anon):      63428 kB\nInactive(anon):    52148 kB\nActive(file):      98036 kB\nInactive(file):   302888 kB\nUnevictable:       30724 kB\nMlocked:           27652 kB\nSwapTotal:             0 kB\nSwapFree:              0 kB\nZswap:                 0 kB\nZswapped:              0 kB\nDirty:               168 kB\nWriteback:             0 kB\nAnonPages:        132212 kB\nMapped:            61164 kB\nShmem:              4068 kB\nKReclaimable:      35408 kB\nSlab:              85084 kB\nSReclaimable:      35408 kB\nSUnreclaim:        49676 kB\nKernelStack:        2288 kB\nPageTables:         3200 kB\nSecPageTables:         0 kB\nNFS_Unstable:          0 kB\nBounce:                0 kB\nWritebackTmp:          0 kB\nCommitLimit:      434492 kB\nCommitted_AS:     496344 kB\nVmallocTotal:   34359738367 kB\nVmallocUsed:       32940 kB\nVmallocChunk:          0 kB\nPercpu:              792 kB\nHardwareCorrupted:     0 kB\nAnonHugePages:     32768 kB\nShmemHugePages:        0 kB\nShmemPmdMapped:        0 kB\nFileHugePages:         0 kB\nFilePmdMapped:         0 kB\nUnaccepted:            0 kB\nHugePages_Total:       0\nHugePages_Free:        0\nHugePages_Rsvd:        0\nHugePages_Surp:        0\nHugepagesize:       2048 kB\nHugetlb:               0 kB\nDirectMap4k:       76968 kB\nDirectMap2M:      919552 kB\nDirectMap1G:           0 kB\n"}
{"timestamp":1767727848,"subsystem":"/proc/net/dev","measurement":"Inter-|   Receive                                                |  Transmit\n face |bytes    packets errs drop fifo frame compressed multicast|bytes    packets errs drop fifo colls carrier compressed\n    lo:  198192    1309    0    0    0     0          0         0   198192    1309    0    0    0     0       0          0\n  eth0: 553331237 2036130    0    0    0     0          0         0 681539733 2411816    0    0    0     0       0          0\n"}
{"timestamp":1767727848,"subsystem":"/proc/diskstats","measurement":"   7       0 loop0 268 0 5220 434 0 0 0 0 0 408 434 0 0 0 0 0 0\n   7       1 loop1 74 0 2502 73 0 0 0 0 0 62 73 0 0 0 0 0 0\n   7       2 loop2 94 0 3752 82 0 0 0 0 0 84 82 0 0 0 0 0 0\n   7       3 loop3 11 0 28 0 0 0 0 0 0 0 0 0 0 0 0 0 0\n   7       4 loop4 0 0 0 0 0 0 0 0 0 0 0 0 0 0 0 0 0\n   7       5 loop5 0 0 0 0 0 0 0 0 0 0 0 0 0 0 0 0 0\n   7       6 loop6 0 0 0 0 0 0 0 0 0 0 0 0 0 0 0 0 0\n   7       7 loop7 0 0 0 0 0 0 0 0 0 0 0 0 0 0 0 0 0\n   8       0 sda 59051 7041 9798930 174884 820521 523293 24031178 2711855 0 1011141 3466653 93235 813 82429380 263989 102142 315923\n   8       1 sda1 58658 5619 9777958 174589 820507 523285 24031072 2711831 0 1032036 3150408 93234 812 82228104 263986 0 0\n   8      14 sda14 92 0 1232 70 0 0 0 0 0 70 70 0 0 0 0 0 0\n   8      15 sda15 165 1422 16028 114 2 0 2 1 0 96 119 1 1 201276 3 0 0\n   8      16 sdb 318 0 19226 162 161 532 266776 18879 0 1876 19052 35 34 16465312 11 0 0\n   8      17 sdb1 110 0 6466 80 161 532 266776 18879 0 1964 18970 35 34 16465312 11 0 0\n  11       0 sr0 78 0 560 47 0 0 0 0 0 45 47 0 0 0 0 0 0\n"}
{"timestamp":1767727848,"subsystem":"statfs[*]","measurement":"{\"mount_point\":\"/\",\"block_size\":4096,\"blocks_total\":7574544,\"blocks_free\":7067872,\"blocks_available\":7063776}\n{\"mount_point\":\"/boot/efi\",\"block_size\":512,\"blocks_total\":213663,\"blocks_free\":201276,\"blocks_available\":201276}\n{\"mount_point\":\"/mnt\",\"block_size\":4096,\"blocks_total\":1011128,\"blocks_free\":1011121,\"blocks_available\":954622}\n"}
{"timestamp":1767727853,"subsystem":"/proc/stat","measurement":"cpu  125674 3973 79084 58942925 100010 0 10615 0 0 0\ncpu0 125674 3973 79084 58942925 100010 0 10615 0 0 0\nintr 22802973 0 0 0 0 2934 0 0 0 0 0 0 0 0 0 0 0 0 0 0 0 0 0 0 0 0 0 0 0 0 0 0 0 0 0 0 0 0 0 0 0 0 0 0 0 0 0 0 0 0 0 0 0 0 0 0 0 0 0 0 0 0 0 0 0 0 0 0 0 0 0 0 0 0 0 0 0 0 0 0 0 0 0 0 0 0 0 0 0 0 0 0 0 0 0 0 0 0 0 0 0 0 0 0 0 0 0 0 0 0 0 0 0 0 0 0 0 0 0 0 0 0 0 0 0 0 0 0 0 0 0 0 0 0 0 0 0 0 0 0 0 0 0 0 0 0 0 0 0 0 0 0 0 0 0 0 0 0 0 0 0 0 0 0 0 0 0 0 0 0 0 0 0 0 0 0 0 0 0 0 0 0 0 0 0 0 0 0 0 0 0 0 0 0 0 0 0 0 0 0 0 0 0 0 0 0 0 0 0 0 0 0 0 0 0 0 0 0 0 0 0 0 0 0 0 0 0 0 0 0 0 0 0 0 0 0 0 0 0 0 0 0 0 0 0 0 0 0 0 0 0 0 0 0 0 0 0\nctxt 43700997\nbtime 1767134306\nprocesses 67715\nprocs_running 2\nprocs_blocked 0\nsoftirq 21528256 0 8822007 4 2839124 0 0 6258017 0 878 3608226\n"}
{"timestamp":1767727853,"subsystem":"/proc/meminfo","measurement":"MemTotal:         868988 kB\nMemFree:          184336 kB\nMemAvailable:     481868 kB\nBuffers:           48352 kB\nCached:           365712 kB\nSwapCached:            0 kB\nActive:           161468 kB\nInactive:         355044 kB\nActive(anon):      63432 kB\nInactive(anon):    52148 kB\nActive(file):      98036 kB\nInactive(file):   302896 kB\nUnevictable:       30724 kB\nMlocked:           27652 kB\nSwapTotal:             0 kB\nSwapFree:              0 kB\nZswap:                 0 kB\nZswapped:              0 kB\nDirty:               180 kB\nWriteback:             0 kB\nAnonPages:        132216 kB\nMapped:            61164 kB\nShmem:              4068 kB\nKReclaimable:      35408 kB\nSlab:              85076 kB\nSReclaimable:      35408 kB\nSUnreclaim:        49668 kB\nKernelStack:        2304 kB\nPageTables:         3200 kB\nSecPageTables:         0 kB\nNFS_Unstable:          0 kB\nBounce:                0 kB\nWritebackTmp:          0 kB\nCommitLimit:      434492 kB\nCommitted_AS:     496344 kB\nVmallocTotal:   34359738367 kB\nVmallocUsed:       32940 kB\nVmallocChunk:          0 kB\nPercpu:              792 kB\nHardwareCorrupted:     0 kB\nAnonHugePages:     32768 kB\nShmemHugePages:        0 kB\nShmemPmdMapped:        0 kB\nFileHugePages:         0 kB\nFilePmdMapped:         0 kB\nUnaccepted:            0 kB\nHugePages_Total:       0\nHugePages_Free:        0\nHugePages_Rsvd:        0\nHugePages_Surp:        0\nHugepagesize:       2048 kB\nHugetlb:               0 kB\nDirectMap4k:       76968 kB\nDirectMap2M:      919552 kB\nDirectMap1G:           0 kB\n"}
{"timestamp":1767727853,"subsystem":"/proc/net/dev","measurement":"Inter-|   Receive                                                |  Transmit\n face |bytes    packets errs drop fifo frame compressed multicast|bytes    packets errs drop fifo colls carrier compressed\n    lo:  198192    1309    0    0    0     0          0         0   198192    1309    0    0    0     0       0          0\n  eth0: 553335455 2036149    0    0    0     0          0         0 681545690 2411840    0    0    0     0       0          0\n"}
{"timestamp":1767727853,"subsystem":"/proc/diskstats","measurement":"   7       0 loop0 268 0 5220 434 0 0 0 0 0 408 434 0 0 0 0 0 0\n   7       1 loop1 74 0 2502 73 0 0 0 0 0 62 73 0 0 0 0 0 0\n   7       2 loop2 94 0 3752 82 0 0 0 0 0 84 82 0 0 0 0 0 0\n   7       3 loop3 11 0 28 0 0 0 0 0 0 0 0 0 0 0 0 0 0\n   7       4 loop4 0 0 0 0 0 0 0 0 0 0 0 0 0 0 0 0 0\n   7       5 loop5 0 0 0 0 0 0 0 0 0 0 0 0 0 0 0 0 0\n   7       6 loop6 0 0 0 0 0 0 0 0 0 0 0 0 0 0 0 0 0\n   7       7 loop7 0 0 0 0 0 0 0 0 0 0 0 0 0 0 0 0 0\n   8       0 sda 59051 7041 9798930 174884 820526 523300 24031274 2711862 0 1011148 3466666 93236 813 82429388 263992 102143 315927\n   8       1 sda1 58658 5619 9777958 174589 820512 523292 24031168 2711839 0 1032043 3150418 93235 812 82228112 263989 0 0\n   8      14 sda14 92 0 1232 70 0 0 0 0 0 70 70 0 0 0 0 0 0\n   8      15 sda15 165 1422 16028 114 2 0 2 1 0 96 119 1 1 201276 3 0 0\n   8      16 sdb 318 0 19226 162 161 532 266776 18879 0 1876 19052 35 34 16465312 11 0 0\n   8      17 sdb1 110 0 6466 80 161 532 266776 18879 0 1964 18970 35 34 16465312 11 0 0\n  11       0 sr0 78 0 560 47 0 0 0 0 0 45 47 0 0 0 0 0 0\n"}
{"timestamp":1767727853,"subsystem":"statfs[*]","measurement":"{\"mount_point\":\"/\",\"block_size\":4096,\"blocks_total\":7574544,\"blocks_free\":7067870,\"blocks_available\":7063774}\n{\"mount_point\":\"/boot/efi\",\"block_size\":512,\"blocks_total\":213663,\"blocks_free\":201276,\"blocks_available\":201276}\n{\"mount_point\":\"/mnt\",\"block_size\":4096,\"blocks_total\":1011128,\"blocks_free\":1011121,\"blocks_available\":954622}\n"}
{"timestamp":1767727858,"subsystem":"/proc/stat","measurement":"cpu  126169 3973 79085 58942925 100010 0 10615 0 0 0\ncpu0 126169 3973 79085 58942925 100010 0 10615 0 0 0\nintr 22808047 0 0 0 0 2934 0 0 0 0 0 0 0 0 0 0 0 0 0 0 0 0 0 0 0 0 0 0 0 0 0 0 0 0 0 0 0 0 0 0 0 0 0 0 0 0 0 0 0 0 0 0 0 0 0 0 0 0 0 0 0 0 0 0 0 0 0 0 0 0 0 0 0 0 0 0 0 0 0 0 0 0 0 0 0 0 0 0 0 0 0 0 0 0 0 0 0 0 0 0 0 0 0 0 0 0 0 0 0 0 0 0 0 0 0 0 0 0 0 0 0 0 0 0 0 0 0 0 0 0 0 0 0 0 0 0 0 0 0 0 0 0 0 0 0 0 0 0 0 0 0 0 0 0 0 0 0 0 0 0 0 0 0 0 0 0 0 0 0 0 0 0 0 0 0 0 0 0 0 0 0 0 0 0 0 0 0 0 0 0 0 0 0 0 0 0 0 0 0 0 0 0 0 0 0 0 0 0 0 0 0 0 0 0 0 0 0 0 0 0 0 0 0 0 0 0 0 0 0 0 0 0 0 0 0 0 0 0 0 0 0 0 0 0 0 0 0 0 0 0 0 0 0 0 0 0 0\nctxt 43701583\nbtime 1767134306\nprocesses 67716\nprocs_running 2\nprocs_blocked 1\nsoftirq 21528458 0 8822142 4 2839124 0 0 6258029 0 878 3608281\n"}
{"timestamp":1767727858,"subsystem":"/proc/meminfo","measurement":"MemTotal:         868988 kB\nMemFree:          184336 kB\nMemAvailable:     481876 kB\nBuffers:           48356 kB\nCached:           365716 kB\nSwapCached:            0 kB\nActive:           161484 kB\nInactive:         355052 kB\nActive(anon):      63448 kB\nInactive(anon):    52148 kB\nActive(file):      98036 kB\nInactive(file):   302904 kB\nUnevictable:       30724 kB\nMlocked:           27652 kB\nSwapTotal:             0 kB\nSwapFree:              0 kB\nZswap:                 0 kB\nZswapped:              0 kB\nDirty:               168 kB\nWriteback:             0 kB\nAnonPages:        132232 kB\nMapped:            61164 kB\nShmem:              4068 kB\nKReclaimable:      35408 kB\nSlab:              85084 kB\nSReclaimable:      35408 kB\nSUnreclaim:        49676 kB\nKernelStack:        2304 kB\nPageTables:         3200 kB\nSecPageTables:         0 kB\nNFS_Unstable:          0 kB\nBounce:                0 kB\nWritebackTmp:          0 kB\nCommitLimit:      434492 kB\nCommitted_AS:     496600 kB\nVmallocTotal:   34359738367 kB\nVmallocUsed:       32940 kB\nVmallocChunk:          0 kB\nPercpu:              792 kB\nHardwareCorrupted:     0 kB\nAnonHugePages:     32768 kB\nShmemHugePages:        0 kB\nShmemPmdMapped:        0 kB\nFileHugePages:         0 kB\nFilePmdMapped:         0 kB\nUnaccepted:            0 kB\nHugePages_Total:       0\nHugePages_Free:        0\nHugePages_Rsvd:        0\nHugePages_Surp:        0\nHugepagesize:       2048 kB\nHugetlb:               0 kB\nDirectMap4k:       76968 kB\nDirectMap2M:      919552 kB\nDirectMap1G:           0 kB\n"}
{"timestamp":1767727858,"subsystem":"/proc/net/dev","measurement":"Inter-|   Receive                                                |  Transmit\n face |bytes    packets errs drop fifo frame compressed multicast|bytes    packets errs drop fifo colls carrier compressed\n    lo:  198192    1309    0    0    0     0          0         0   198192    1309    0    0    0     0       0          0\n  eth0: 553335455 2036149    0    0    0     0          0         0 681545690 2411840    0    0    0     0       0          0\n"}
{"timestamp":1767727858,"subsystem":"/proc/diskstats","measurement":"   7       0 loop0 268 0 5220 434 0 0 0 0 0 408 434 0 0 0 0 0 0\n   7       1 loop1 74 0 2502 73 0 0 0 0 0 62 73 0 0 0 0 0 0\n   7       2 loop2 94 0 3752 82 0 0 0 0 0 84 82 0 0 0 0 0 0\n   7       3 loop3 11 0 28 0 0 0 0 0 0 0 0 0 0 0 0 0 0\n   7       4 loop4 0 0 0 0 0 0 0 0 0 0 0 0 0 0 0 0 0\n   7       5 loop5 0 0 0 0 0 0 0 0 0 0 0 0 0 0 0 0 0\n   7       6 loop6 0 0 0 0 0 0 0 0 0 0 0 0 0 0 0 0 0\n   7       7 loop7 0 0 0 0 0 0 0 0 0 0 0 0 0 0 0 0 0\n   8       0 sda 59051 7041 9798930 174884 820530 523307 24031378 2711872 1 1011156 3466680 93236 813 82429388 263992 102144 315931\n   8       1 sda1 58658 5619 9777958 174589 820516 523299 24031272 2711848 1 1032051 3150427 93235 812 82228112 263989 0 0\n   8      14 sda14 92 0 1232 70 0 0 0 0 0 70 70 0 0 0 0 0 0\n   8      15 sda15 165 1422 16028 114 2 0 2 1 0 96 119 1 1 201276 3 0 0\n   8      16 sdb 318 0 19226 162 161 532 266776 18879 0 1876 19052 35 34 16465312 11 0 0\n   8      17 sdb1 110 0 6466 80 161 532 266776 18879 0 1964 18970 35 34 16465312 11 0 0\n  11       0 sr0 78 0 560 47 0 0 0 0 0 45 47 0 0 0 0 0 0\n"}
{"timestamp":1767727858,"subsystem":"statfs[*]","measurement":"{\"mount_point\":\"/\",\"block_size\":4096,\"blocks_total\":7574544,\"blocks_free\":7067868,\"blocks_available\":7063772}\n{\"mount_point\":\"/boot/efi\",\"block_size\":512,\"blocks_total\":213663,\"blocks_free\":201276,\"blocks_available\":201276}\n{\"mount_point\":\"/mnt\",\"block_size\":4096,\"blocks_total\":1011128,\"blocks_free\":1011121,\"blocks_available\":954622}\n"}
{"timestamp":1767727863,"subsystem":"/proc/stat","measurement":"cpu  126666 3973 79087 58942925 100010 0 10615 0 0 0\ncpu0 126666 3973 79087 58942925 100010 0 10615 0 0 0\nintr 22813240 0 0 0 0 2934 0 0 0 0 0 0 0 0 0 0 0 0 0 0 0 0 0 0 0 0 0 0 0 0 0 0 0 0 0 0 0 0 0 0 0 0 0 0 0 0 0 0 0 0 0 0 0 0 0 0 0 0 0 0 0 0 0 0 0 0 0 0 0 0 0 0 0 0 0 0 0 0 0 0 0 0 0 0 0 0 0 0 0 0 0 0 0 0 0 0 0 0 0 0 0 0 0 0 0 0 0 0 0 0 0 0 0 0 0 0 0 0 0 0 0 0 0 0 0 0 0 0 0 0 0 0 0 0 0 0 0 0 0 0 0 0 0 0 0 0 0 0 0 0 0 0 0 0 0 0 0 0 0 0 0 0 0 0 0 0 0 0 0 0 0 0 0 0 0 0 0 0 0 0 0 0 0 0 0 0 0 0 0 0 0 0 0 0 0 0 0 0 0 0 0 0 0 0 0 0 0 0 0 0 0 0 0 0 0 0 0 0 0 0 0 0 0 0 0 0 0 0 0 0 0 0 0 0 0 0 0 0 0 0 0 0 0 0 0 0 0 0 0 0 0 0 0 0 0 0 0\nctxt 43702396\nbtime 1767134306\nprocesses 67719\nprocs_running 2\nprocs_blocked 0\nsoftirq 21528914 0 8822304 4 2839212 0 0 6258036 0 878 3608480\n"}
{"timestamp":1767727863,"subsystem":"/proc/meminfo","measurement":"MemTotal:         868988 kB\nMemFree:          184336 kB\nMemAvailable:     481884 kB\nBuffers:           48356 kB\nCached:           365724 kB\nSwapCached:            0 kB\nActive:           161492 kB\nInactive:         355060 kB\nActive(anon):      63456 kB\nInactive(anon):    52148 kB\nActive(file):      98036 kB\nInactive(file):   302912 kB\nUnevictable:       30724 kB\nMlocked:           27652 kB\nSwapTotal:             0 kB\nSwapFree:              0 kB\nZswap:                 0 kB\nZswapped:              0 kB\nDirty:               260 kB\nWriteback:             0 kB\nAnonPages:        132240 kB\nMapped:            61168 kB\nShmem:              4068 kB\nKReclaimable:      35408 kB\nSlab:              85084 kB\nSReclaimable:      35408 kB\nSUnreclaim:        49676 kB\nKernelStack:        2304 kB\nPageTables:         3200 kB\nSecPageTables:         0 kB\nNFS_Unstable:          0 kB\nBounce:                0 kB\nWritebackTmp:          0 kB\nCommitLimit:      434492 kB\nCommitted_AS:     496600 kB\nVmallocTotal:   34359738367 kB\nVmallocUsed:       32956 kB\nVmallocChunk:          0 kB\nPercpu:              792 kB\nHardwareCorrupted:     0 kB\nAnonHugePages:     32768 kB\nShmemHugePages:        0 kB\nShmemPmdMapped:        0 kB\nFileHugePages:         0 kB\nFilePmdMapped:         0 kB\nUnaccepted:            0 kB\nHugePages_Total:       0\nHugePages_Free:        0\nHugePages_Rsvd:        0\nHugePages_Surp:        0\nHugepagesize:       2048 kB\nHugetlb:               0 kB\nDirectMap4k:       76968 kB\nDirectMap2M:      919552 kB\nDirectMap1G:           0 kB\n"}
{"timestamp":1767727863,"subsystem":"/proc/net/dev","measurement":"Inter-|   Receive                                                |  Transmit\n face |bytes    packets errs drop fifo frame compressed multicast|bytes    packets errs drop fifo colls carrier compressed\n    lo:  198192    1309    0    0    0     0          0         0   198192    1309    0    0    0     0       0          0\n  eth0: 553347483 2036197    0    0    0     0          0         0 681556450 2411897    0    0    0     0       0          0\n"}
{"timestamp":1767727863,"subsystem":"/proc/diskstats","measurement":"   7       0 loop0 268 0 5220 434 0 0 0 0 0 408 434 0 0 0 0 0 0\n   7       1 loop1 74 0 2502 73 0 0 0 0 0 62 73 0 0 0 0 0 0\n   7       2 loop2 94 0 3752 82 0 0 0 0 0 84 82 0 0 0 0 0 0\n   7       3 loop3 11 0 28 0 0 0 0 0 0 0 0 0 0 0 0 0 0\n   7       4 loop4 0 0 0 0 0 0 0 0 0 0 0 0 0 0 0 0 0\n   7       5 loop5 0 0 0 0 0 0 0 0 0 0 0 0 0 0 0 0 0\n   7       6 loop6 0 0 0 0 0 0 0 0 0 0 0 0 0 0 0 0 0\n   7       7 loop7 0 0 0 0 0 0 0 0 0 0 0 0 0 0 0 0 0\n   8       0 sda 59051 7041 9798930 174884 820531 523307 24031386 2711872 0 1011158 3466683 93237 813 82429396 263995 102144 315931\n   8       1 sda1 58658 5619 9777958 174589 820517 523299 24031280 2711849 0 1032053 3150431 93236 812 82228120 263991 0 0\n   8      14 sda14 92 0 1232 70 0 0 0 0 0 70 70 0 0 0 0 0 0\n   8      15 sda15 165 1422 16028 114 2 0 2 1 0 96 119 1 1 201276 3 0 0\n   8      16 sdb 318 0 19226 162 161 532 266776 18879 0 1876 19052 35 34 16465312 11 0 0\n   8      17 sdb1 110 0 6466 80 161 532 266776 18879 0 1964 18970 35 34 16465312 11 0 0\n  11       0 sr0 78 0 560 47 0 0 0 0 0 45 47 0 0 0 0 0 0\n"}
{"timestamp":1767727863,"subsystem":"statfs[*]","measurement":"{\"mount_point\":\"/\",\"block_size\":4096,\"blocks_total\":7574544,\"blocks_free\":7067866,\"blocks_available\":7063770}\n{\"mount_point\":\"/boot/efi\",\"block_size\":512,\"blocks_total\":213663,\"blocks_free\":201276,\"blocks_available\":201276}\n{\"mount_point\":\"/mnt\",\"block_size\":4096,\"blocks_total\":1011128,\"blocks_free\":1011121,\"blocks_available\":954622}\n"}
{"timestamp":1767727868,"subsystem":"/proc/stat","measurement":"cpu  127163 3973 79088 58942925 100010 0 10615 0 0 0\ncpu0 127163 3973 79088 58942925 100010 0 10615 0 0 0\nintr 22818338 0 0 0 0 2934 0 0 0 0 0 0 0 0 0 0 0 0 0 0 0 0 0 0 0 0 0 0 0 0 0 0 0 0 0 0 0 0 0 0 0 0 0 0 0 0 0 0 0 0 0 0 0 0 0 0 0 0 0 0 0 0 0 0 0 0 0 0 0 0 0 0 0 0 0 0 0 0 0 0 0 0 0 0 0 0 0 0 0 0 0 0 0 0 0 0 0 0 0 0 0 0 0 0 0 0 0 0 0 0 0 0 0 0 0 0 0 0 0 0 0 0 0 0 0 0 0 0 0 0 0 0 0 0 0 0 0 0 0 0 0 0 0 0 0 0 0 0 0 0 0 0 0 0 0 0 0 0 0 0 0 0 0 0 0 0 0 0 0 0 0 0 0 0 0 0 0 0 0 0 0 0 0 0 0 0 0 0 0 0 0 0 0 0 0 0 0 0 0 0 0 0 0 0 0 0 0 0 0 0 0 0 0 0 0 0 0 0 0 0 0 0 0 0 0 0 0 0 0 0 0 0 0 0 0 0 0 0 0 0 0 0 0 0 0 0 0 0 0 0 0 0 0 0 0 0 0\nctxt 43702982\nbtime 1767134306\nprocesses 67720\nprocs_running 3\nprocs_blocked 0\nsoftirq 21529156 0 8822446 4 2839235 0 0 6258050 0 878 3608543\n"}
{"timestamp":1767727868,"subsystem":"/proc/meminfo","measurement":"MemTotal:         868988 kB\nMemFree:          184336 kB\nMemAvailable:     481888 kB\nBuffers:           48356 kB\nCached:           365728 kB\nSwapCached:            0 kB\nActive:           161496 kB\nInactive:         355064 kB\nActive(anon):      63460 kB\nInactive(anon):    52148 kB\nActive(file):      98036 kB\nInactive(file):   302916 kB\nUnevictable:       30724 kB\nMlocked:           27652 kB\nSwapTotal:             0 kB\nSwapFree:              0 kB\nZswap:                 0 kB\nZswapped:              0 kB\nDirty:               244 kB\nWriteback:             0 kB\nAnonPages:        132244 kB\nMapped:            61168 kB\nShmem:              4068 kB\nKReclaimable:      35408 kB\nSlab:              85080 kB\nSReclaimable:      35408 kB\nSUnreclaim:        49672 kB\nKernelStack:        2304 kB\nPageTables:         3200 kB\nSecPageTables:         0 kB\nNFS_Unstable:          0 kB\nBounce:                0 kB\nWritebackTmp:          0 kB\nCommitLimit:      434492 kB\nCommitted_AS:     496600 kB\nVmallocTotal:   34359738367 kB\nVmallocUsed:       32956 kB\nVmallocChunk:          0 kB\nPercpu:              792 kB\nHardwareCorrupted:     0 kB\nAnonHugePages:     32768 kB\nShmemHugePages:        0 kB\nShmemPmdMapped:        0 kB\nFileHugePages:         0 kB\nFilePmdMapped:         0 kB\nUnaccepted:            0 kB\nHugePages_Total:       0\nHugePages_Free:        0\nHugePages_Rsvd:        0\nHugePages_Surp:        0\nHugepagesize:       2048 kB\nHugetlb:               0 kB\nDirectMap4k:       76968 kB\nDirectMap2M:      919552 kB\nDirectMap1G:           0 kB\n"}
{"timestamp":1767727868,"subsystem":"/proc/net/dev","measurement":"Inter-|   Receive                                                |  Transmit\n face |bytes    packets errs drop fifo frame compressed multicast|bytes    packets errs drop fifo colls carrier compressed\n    lo:  198192    1309    0    0    0     0          0         0   198192    1309    0    0    0     0       0          0\n  eth0: 553351279 2036212    0    0    0     0          0         0 681561693 2411916    0    0    0     0       0          0\n"}
{"timestamp":1767727868,"subsystem":"/proc/diskstats","measurement":"   7       0 loop0 268 0 5220 434 0 0 0 0 0 408 434 0 0 0 0 0 0\n   7       1 loop1 74 0 2502 73 0 0 0 0 0 62 73 0 0 0 0 0 0\n   7       2 loop2 94 0 3752 82 0 0 0 0 0 84 82 0 0 0 0 0 0\n   7       3 loop3 11 0 28 0 0 0 0 0 0 0 0 0 0 0 0 0 0\n   7       4 loop4 0 0 0 0 0 0 0 0 0 0 0 0 0 0 0 0 0\n   7       5 loop5 0 0 0 0 0 0 0 0 0 0 0 0 0 0 0 0 0\n   7       6 loop6 0 0 0 0 0 0 0 0 0 0 0 0 0 0 0 0 0\n   7       7 loop7 0 0 0 0 0 0 0 0 0 0 0 0 0 0 0 0 0\n   8       0 sda 59051 7041 9798930 174884 820538 523313 24031498 2711880 0 1011165 3466696 93238 813 82429404 263997 102145 315933\n   8       1 sda1 58658 5619 9777958 174589 820524 523305 24031392 2711857 0 1032060 3150441 93237 812 82228128 263994 0 0\n   8      14 sda14 92 0 1232 70 0 0 0 0 0 70 70 0 0 0 0 0 0\n   8      15 sda15 165 1422 16028 114 2 0 2 1 0 96 119 1 1 201276 3 0 0\n   8      16 sdb 318 0 19226 162 161 532 266776 18879 0 1876 19052 35 34 16465312 11 0 0\n   8      17 sdb1 110 0 6466 80 161 532 266776 18879 0 1964 18970 35 34 16465312 11 0 0\n  11       0 sr0 78 0 560 47 0 0 0 0 0 45 47 0 0 0 0 0 0\n"}
{"timestamp":1767727868,"subsystem":"statfs[*]","measurement":"{\"mount_point\":\"/\",\"block_size\":4096,\"blocks_total\":7574544,\"blocks_free\":7067865,\"blocks_available\":7063769}\n{\"mount_point\":\"/boot/efi\",\"block_size\":512,\"blocks_total\":213663,\"blocks_free\":201276,\"blocks_available\":201276}\n{\"mount_point\":\"/mnt\",\"block_size\":4096,\"blocks_total\":1011128,\"blocks_free\":1011121,\"blocks_available\":954622}\n"}
{"timestamp":1767727873,"subsystem":"/proc/stat","measurement":"cpu  127653 3973 79091 58942925 100010 0 10616 0 0 0\ncpu0 127653 3973 79091 58942925 100010 0 10616 0 0 0\nintr 22823657 0 0 0 0 2934 0 0 0 0 0 0 0 0 0 0 0 0 0 0 0 0 0 0 0 0 0 0 0 0 0 0 0 0 0 0 0 0 0 0 0 0 0 0 0 0 0 0 0 0 0 0 0 0 0 0 0 0 0 0 0 0 0 0 0 0 0 0 0 0 0 0 0 0 0 0 0 0 0 0 0 0 0 0 0 0 0 0 0 0 0 0 0 0 0 0 0 0 0 0 0 0 0 0 0 0 0 0 0 0 0 0 0 0 0 0 0 0 0 0 0 0 0 0 0 0 0 0 0 0 0 0 0 0 0 0 0 0 0 0 0 0 0 0 0 0 0 0 0 0 0 0 0 0 0 0 0 0 0 0 0 0 0 0 0 0 0 0 0 0 0 0 0 0 0 0 0 0 0 0 0 0 0 0 0 0 0 0 0 0 0 0 0 0 0 0 0 0 0 0 0 0 0 0 0 0 0 0 0 0 0 0 0 0 0 0 0 0 0 0 0 0 0 0 0 0 0 0 0 0 0 0 0 0 0 0 0 0 0 0 0 0 0 0 0 0 0 0 0 0 0 0 0 0 0 0 0\nctxt 43704934\nbtime 1767134306\nprocesses 67722\nprocs_running 2\nprocs_blocked 0\nsoftirq 21529964 0 8822604 4 2839262 0 0 6258552 0 878 3608664\n"}
{"timestamp":1767727873,"subsystem":"/proc/meminfo","measurement":"MemTotal:         868988 kB\nMemFree:          184336 kB\nMemAvailable:     481896 kB\nBuffers:           48360 kB\nCached:           365732 kB\nSwapCached:            0 kB\nActive:           163084 kB\nInactive:         355072 kB\nActive(anon):      65048 kB\nInactive(anon):    52148 kB\nActive(file):      98036 kB\nInactive(file):   302924 kB\nUnevictable:       30724 kB\nMlocked:           27652 kB\nSwapTotal:             0 kB\nSwapFree:              0 kB\nZswap:                 0 kB\nZswapped:              0 kB\nDirty:               208 kB\nWriteback:             0 kB\nAnonPages:        133888 kB\nMapped:            61168 kB\nShmem:              4068 kB\nKReclaimable:      35408 kB\nSlab:              85108 kB\nSReclaimable:      35408 kB\nSUnreclaim:        49700 kB\nKernelStack:        2320 kB\nPageTables:         3272 kB\nSecPageTables:         0 kB\nNFS_Unstable:          0 kB\nBounce:                0 kB\nWritebackTmp:          0 kB\nCommitLimit:      434492 kB\nCommitted_AS:     498548 kB\nVmallocTotal:   34359738367 kB\nVmallocUsed:       32956 kB\nVmallocChunk:          0 kB\nPercpu:              792 kB\nHardwareCorrupted:     0 kB\nAnonHugePages:     32768 kB\nShmemHugePages:        0 kB\nShmemPmdMapped:        0 kB\nFileHugePages:         0 kB\nFilePmdMapped:         0 kB\nUnaccepted:            0 kB\nHugePages_Total:       0\nHugePages_Free:        0\nHugePages_Rsvd:        0\nHugePages_Surp:        0\nHugepagesize:       2048 kB\nHugetlb:               0 kB\nDirectMap4k:       76968 kB\nDirectMap2M:      919552 kB\nDirectMap1G:           0 kB\n"}
{"timestamp":1767727873,"subsystem":"/proc/net/dev","measurement":"Inter-|   Receive                                                |  Transmit\n face |bytes    packets errs drop fifo frame compressed multicast|bytes    packets errs drop fifo colls carrier compressed\n    lo:  198192    1309    0    0    0     0          0         0   198192    1309    0    0    0     0       0          0\n  eth0: 553355215 2036229    0    0    0     0          0         0 681567118 2411937    0    0    0     0       0          0\n"}
{"timestamp":1767727873,"subsystem":"/proc/diskstats","measurement":"   7       0 loop0 268 0 5220 434 0 0 0 0 0 408 434 0 0 0 0 0 0\n   7       1 loop1 74 0 2502 73 0 0 0 0 0 62 73 0 0 0 0 0 0\n   7       2 loop2 94 0 3752 82 0 0 0 0 0 84 82 0 0 0 0 0 0\n   7       3 loop3 11 0 28 0 0 0 0 0 0 0 0 0 0 0 0 0 0\n   7       4 loop4 0 0 0 0 0 0 0 0 0 0 0 0 0 0 0 0 0\n   7       5 loop5 0 0 0 0 0 0 0 0 0 0 0 0 0 0 0 0 0\n   7       6 loop6 0 0 0 0 0 0 0 0 0 0 0 0 0 0 0 0 0\n   7       7 loop7 0 0 0 0 0 0 0 0 0 0 0 0 0 0 0 0 0\n   8       0 sda 59051 7041 9798930 174884 820552 523325 24031706 2711893 0 1011174 3466715 93239 813 82429412 264001 102146 315936\n   8       1 sda1 58658 5619 9777958 174589 820538 523317 24031600 2711870 0 1032069 3150457 93238 812 82228136 263997 0 0\n   8      14 sda14 92 0 1232 70 0 0 0 0 0 70 70 0 0 0 0 0 0\n   8      15 sda15 165 1422 16028 114 2 0 2 1 0 96 119 1 1 201276 3 0 0\n   8      16 sdb 318 0 19226 162 161 532 266776 18879 0 1876 19052 35 34 16465312 11 0 0\n   8      17 sdb1 110 0 6466 80 161 532 266776 18879 0 1964 18970 35 34 16465312 11 0 0\n  11       0 sr0 78 0 560 47 0 0 0 0 0 45 47 0 0 0 0 0 0\n"}
{"timestamp":1767727873,"subsystem":"statfs[*]","measurement":"{\"mount_point\":\"/\",\"block_size\":4096,\"blocks_total\":7574544,\"blocks_free\":7067864,\"blocks_available\":7063768}\n{\"mount_point\":\"/boot/efi\",\"block_size\":512,\"blocks_total\":213663,\"blocks_free\":201276,\"blocks_available\":201276}\n{\"mount_point\":\"/mnt\",\"block_size\":4096,\"blocks_total\":1011128,\"blocks_free\":1011121,\"blocks_available\":954622}\n"}
{"timestamp":1767727878,"subsystem":"/proc/stat","measurement":"cpu  128149 3973 79092 58942925 100010 0 10616 0 0 0\ncpu0 128149 3973 79092 58942925 100010 0 10616 0 0 0\nintr 22828796 0 0 0 0 2934 0 0 0 0 0 0 0 0 0 0 0 0 0 0 0 0 0 0 0 0 0 0 0 0 0 0 0 0 0 0 0 0 0 0 0 0 0 0 0 0 0 0 0 0 0 0 0 0 0 0 0 0 0 0 0 0 0 0 0 0 0 0 0 0 0 0 0 0 0 0 0 0 0 0 0 0 0 0 0 0 0 0 0 0 0 0 0 0 0 0 0 0 0 0 0 0 0 0 0 0 0 0 0 0 0 0 0 0 0 0 0 0 0 0 0 0 0 0 0 0 0 0 0 0 0 0 0 0 0 0 0 0 0 0 0 0 0 0 0 0 0 0 0 0 0 0 0 0 0 0 0 0 0 0 0 0 0 0 0 0 0 0 0 0 0 0 0 0 0 0 0 0 0 0 0 0 0 0 0 0 0 0 0 0 0 0 0 0 0 0 0 0 0 0 0 0 0 0 0 0 0 0 0 0 0 0 0 0 0 0 0 0 0 0 0 0 0 0 0 0 0 0 0 0 0 0 0 0 0 0 0 0 0 0 0 0 0 0 0 0 0 0 0 0 0 0 0 0 0 0 0\nctxt 43705675\nbtime 1767134306\nprocesses 67724\nprocs_running 3\nprocs_blocked 0\nsoftirq 21530319 0 8822753 4 2839301 0 0 6258585 0 878 3608798\n"}
{"timestamp":1767727878,"subsystem":"/proc/meminfo","measurement":"MemTotal:         868988 kB\nMemFree:          186944 kB\nMemAvailable:     484512 kB\nBuffers:           48364 kB\nCached:           365736 kB\nSwapCached:            0 kB\nActive:           161540 kB\nInactive:         355080 kB\nActive(anon):      63504 kB\nInactive(anon):    52148 kB\nActive(file):      98036 kB\nInactive(file):   302932 kB\nUnevictable:       30724 kB\nMlocked:           27652 kB\nSwapTotal:             0 kB\nSwapFree:              0 kB\nZswap:                 0 kB\nZswapped:              0 kB\nDirty:                68 kB\nWriteback:             0 kB\nAnonPages:        132288 kB\nMapped:            61172 kB\nShmem:              4068 kB\nKReclaimable:      35408 kB\nSlab:              85084 kB\nSReclaimable:      35408 kB\nSUnreclaim:        49676 kB\nKernelStack:        2304 kB\nPageTables:         3200 kB\nSecPageTables:         0 kB\nNFS_Unstable:          0 kB\nBounce:                0 kB\nWritebackTmp:          0 kB\nCommitLimit:      434492 kB\nCommitted_AS:     496600 kB\nVmallocTotal:   34359738367 kB\nVmallocUsed:       32956 kB\nVmallocChunk:          0 kB\nPercpu:              792 kB\nHardwareCorrupted:     0 kB\nAnonHugePages:     32768 kB\nShmemHugePages:        0 kB\nShmemPmdMapped:        0 kB\nFileHugePages:         0 kB\nFilePmdMapped:         0 kB\nUnaccepted:            0 kB\nHugePages_Total:       0\nHugePages_Free:        0\nHugePages_Rsvd:        0\nHugePages_Surp:        0\nHugepagesize:       2048 kB\nHugetlb:               0 kB\nDirectMap4k:       76968 kB\nDirectMap2M:      919552 kB\nDirectMap1G:           0 kB\n"}
{"timestamp":1767727878,"subsystem":"/proc/net/dev","measurement":"Inter-|   Receive                                                |  Transmit\n face |bytes    packets errs drop fifo frame compressed multicast|bytes    packets errs drop fifo colls carrier compressed\n    lo:  198192    1309    0    0    0     0          0         0   198192    1309    0    0    0     0       0          0\n  eth0: 553361137 2036257    0    0    0     0          0         0 681575365 2411964    0    0    0     0       0          0\n"}
{"timestamp":1767727878,"subsystem":"/proc/diskstats","measurement":"   7       0 loop0 268 0 5220 434 0 0 0 0 0 408 434 0 0 0 0 0 0\n   7       1 loop1 74 0 2502 73 0 0 0 0 0 62 73 0 0 0 0 0 0\n   7       2 loop2 94 0 3752 82 0 0 0 0 0 84 82 0 0 0 0 0 0\n   7       3 loop3 11 0 28 0 0 0 0 0 0 0 0 0 0 0 0 0 0\n   7       4 loop4 0 0 0 0 0 0 0 0 0 0 0 0 0 0 0 0 0\n   7       5 loop5 0 0 0 0 0 0 0 0 0 0 0 0 0 0 0 0 0\n   7       6 loop6 0 0 0 0 0 0 0 0 0 0 0 0 0 0 0 0 0\n   7       7 loop7 0 0 0 0 0 0 0 0 0 0 0 0 0 0 0 0 0\n   8       0 sda 59051 7041 9798930 174884 820613 523333 24032306 2711946 0 1011188 3466775 93240 813 82429420 264003 102147 315941\n   8       1 sda1 58658 5619 9777958 174589 820599 523325 24032200 2711922 0 1032083 3150513 93239 812 82228144 264000 0 0\n   8      14 sda14 92 0 1232 70 0 0 0 0 0 70 70 0 0 0 0 0 0\n   8      15 sda15 165 1422 16028 114 2 0 2 1 0 96 119 1 1 201276 3 0 0\n   8      16 sdb 318 0 19226 162 161 532 266776 18879 0 1876 19052 35 34 16465312 11 0 0\n   8      17 sdb1 110 0 6466 80 161 532 266776 18879 0 1964 18970 35 34 16465312 11 0 0\n  11       0 sr0 78 0 560 47 0 0 0 0 0 45 47 0 0 0 0 0 0\n"}
{"timestamp":1767727878,"subsystem":"statfs[*]","measurement":"{\"mount_point\":\"/\",\"block_size\":4096,\"blocks_total\":7574544,\"blocks_free\":7067863,\"blocks_available\":7063767}\n{\"mount_point\":\"/boot/efi\",\"block_size\":512,\"blocks_total\":213663,\"blocks_free\":201276,\"blocks_available\":201276}\n{\"mount_point\":\"/mnt\",\"block_size\":4096,\"blocks_total\":1011128,\"blocks_free\":1011121,\"blocks_available\":954622}\n"}
{"timestamp":1767727883,"subsystem":"/proc/stat","measurement":"cpu  128646 3973 79093 58942925 100010 0 10616 0 0 0\ncpu0 128646 3973 79093 58942925 100010 0 10616 0 0 0\nintr 22833905 0 0 0 0 2934 0 0 0 0 0 0 0 0 0 0 0 0 0 0 0 0 0 0 0 0 0 0 0 0 0 0 0 0 0 0 0 0 0 0 0 0 0 0 0 0 0 0 0 0 0 0 0 0 0 0 0 0 0 0 0 0 0 0 0 0 0 0 0 0 0 0 0 0 0 0 0 0 0 0 0 0 0 0 0 0 0 0 0 0 0 0 0 0 0 0 0 0 0 0 0 0 0 0 0 0 0 0 0 0 0 0 0 0 0 0 0 0 0 0 0 0 0 0 0 0 0 0 0 0 0 0 0 0 0 0 0 0 0 0 0 0 0 0 0 0 0 0 0 0 0 0 0 0 0 0 0 0 0 0 0 0 0 0 0 0 0 0 0 0 0 0 0 0 0 0 0 0 0 0 0 0 0 0 0 0 0 0 0 0 0 0 0 0 0 0 0 0 0 0 0 0 0 0 0 0 0 0 0 0 0 0 0 0 0 0 0 0 0 0 0 0 0 0 0 0 0 0 0 0 0 0 0 0 0 0 0 0 0 0 0 0 0 0 0 0 0 0 0 0 0 0 0 0 0 0 0\nctxt 43706292\nbtime 1767134306\nprocesses 67725\nprocs_running 2\nprocs_blocked 0\nsoftirq 21530568 0 8822904 4 2839325 0 0 6258597 0 878 3608860\n"}
{"timestamp":1767727883,"subsystem":"/proc/meminfo","measurement":"MemTotal:         868988 kB\nMemFree:          186944 kB\nMemAvailable:     484520 kB\nBuffers:           48368 kB\nCached:           365740 kB\nSwapCached:            0 kB\nActive:           161564 kB\nInactive:         355088 kB\nActive(anon):      63528 kB\nInactive(anon):    52148 kB\nActive(file):      98036 kB\nInactive(file):   302940 kB\nUnevictable:       30724 kB\nMlocked:           27652 kB\nSwapTotal:             0 kB\nSwapFree:              0 kB\nZswap:                 0 kB\nZswapped:              0 kB\nDirty:                40 kB\nWriteback:             0 kB\nAnonPages:        132312 kB\nMapped:            61172 kB\nShmem:              4068 kB\nKReclaimable:      35408 kB\nSlab:              85080 kB\nSReclaimable:      35408 kB\nSUnreclaim:        49672 kB\nKernelStack:        2304 kB\nPageTables:         3200 kB\nSecPageTables:         0 kB\nNFS_Unstable:          0 kB\nBounce:                0 kB\nWritebackTmp:          0 kB\nCommitLimit:      434492 kB\nCommitted_AS:     496600 kB\nVmallocTotal:   34359738367 kB\nVmallocUsed:       32956 kB\nVmallocChunk:          0 kB\nPercpu:              792 kB\nHardwareCorrupted:     0 kB\nAnonHugePages:     32768 kB\nShmemHugePages:        0 kB\nShmemPmdMapped:        0 kB\nFileHugePages:         0 kB\nFilePmdMapped:         0 kB\nUnaccepted:            0 kB\nHugePages_Total:       0\nHugePages_Free:        0\nHugePages_Rsvd:        0\nHugePages_Surp:        0\nHugepagesize:       2048 kB\nHugetlb:               0 kB\nDirectMap4k:       76968 kB\nDirectMap2M:      919552 kB\nDirectMap1G:           0 kB\n"}
{"timestamp":1767727883,"subsystem":"/proc/net/dev","measurement":"Inter-|   Receive                                                |  Transmit\n face |bytes    packets errs drop fifo frame compressed multicast|bytes    packets errs drop fifo colls carrier compressed\n    lo:  198192    1309    0    0    0     0          0         0   198192    1309    0    0    0     0       0          0\n  eth0: 553364933 2036272    0    0    0     0          0         0 681580608 2411983    0    0    0     0       0          0\n"}
{"timestamp":1767727883,"subsystem":"/proc/diskstats","measurement":"   7       0 loop0 268 0 5220 434 0 0 0 0 0 408 434 0 0 0 0 0 0\n   7       1 loop1 74 0 2502 73 0 0 0 0 0 62 73 0 0 0 0 0 0\n   7       2 loop2 94 0 3752 82 0 0 0 0 0 84 82 0 0 0 0 0 0\n   7       3 loop3 11 0 28 0 0 0 0 0 0 0 0 0 0 0 0 0 0\n   7       4 loop4 0 0 0 0 0 0 0 0 0 0 0 0 0 0 0 0 0\n   7       5 loop5 0 0 0 0 0 0 0 0 0 0 0 0 0 0 0 0 0\n   7       6 loop6 0 0 0 0 0 0 0 0 0 0 0 0 0 0 0 0 0\n   7       7 loop7 0 0 0 0 0 0 0 0 0 0 0 0 0 0 0 0 0\n   8       0 sda 59051 7041 9798930 174884 820618 523340 24032402 2711952 0 1011195 3466786 93241 813 82429428 264006 102148 315943\n   8       1 sda1 58658 5619 9777958 174589 820604 523332 24032296 2711929 0 1032090 3150522 93240 812 82228152 264002 0 0\n   8      14 sda14 92 0 1232 70 0 0 0 0 0 70 70 0 0 0 0 0 0\n   8      15 sda15 165 1422 16028 114 2 0 2 1 0 96 119 1 1 201276 3 0 0\n   8      16 sdb 318 0 19226 162 161 532 266776 18879 0 1876 19052 35 34 16465312 11 0 0\n   8      17 sdb1 110 0 6466 80 161 532 266776 18879 0 1964 18970 35 34 16465312 11 0 0\n  11       0 sr0 78 0 560 47 0 0 0 0 0 45 47 0 0 0 0 0 0\n"}
{"timestamp":1767727883,"subsystem":"statfs[*]","measurement":"{\"mount_point\":\"/\",\"block_size\":4096,\"blocks_total\":7574544,\"blocks_free\":7067862,\"blocks_available\":7063766}\n{\"mount_point\":\"/boot/efi\",\"block_size\":512,\"blocks_total\":213663,\"blocks_free\":201276,\"blocks_available\":201276}\n{\"mount_point\":\"/mnt\",\"block_size\":4096,\"blocks_total\":1011128,\"blocks_free\":1011121,\"blocks_available\":954622}\n"}
{"timestamp":1767727888,"subsystem":"/proc/stat","measurement":"cpu  129143 3973 79094 58942925 100010 0 10616 0 0 0\ncpu0 129143 3973 79094 58942925 100010 0 10616 0 0 0\nintr 22838990 0 0 0 0 2934 0 0 0 0 0 0 0 0 0 0 0 0 0 0 0 0 0 0 0 0 0 0 0 0 0 0 0 0 0 0 0 0 0 0 0 0 0 0 0 0 0 0 0 0 0 0 0 0 0 0 0 0 0 0 0 0 0 0 0 0 0 0 0 0 0 0 0 0 0 0 0 0 0 0 0 0 0 0 0 0 0 0 0 0 0 0 0 0 0 0 0 0 0 0 0 0 0 0 0 0 0 0 0 0 0 0 0 0 0 0 0 0 0 0 0 0 0 0 0 0 0 0 0 0 0 0 0 0 0 0 0 0 0 0 0 0 0 0 0 0 0 0 0 0 0 0 0 0 0 0 0 0 0 0 0 0 0 0 0 0 0 0 0 0 0 0 0 0 0 0 0 0 0 0 0 0 0 0 0 0 0 0 0 0 0 0 0 0 0 0 0 0 0 0 0 0 0 0 0 0 0 0 0 0 0 0 0 0 0 0 0 0 0 0 0 0 0 0 0 0 0 0 0 0 0 0 0 0 0 0 0 0 0 0 0 0 0 0 0 0 0 0 0 0 0 0 0 0 0 0 0\nctxt 43706880\nbtime 1767134306\nprocesses 67726\nprocs_running 2\nprocs_blocked 0\nsoftirq 21530771 0 8823043 4 2839325 0 0 6258605 0 878 3608916\n"}
{"timestamp":1767727888,"subsystem":"/proc/meminfo","measurement":"MemTotal:         868988 kB\nMemFree:          186944 kB\nMemAvailable:     484524 kB\nBuffers:           48368 kB\nCached:           365744 kB\nSwapCached:            0 kB\nActive:           161564 kB\nInactive:         355092 kB\nActive(anon):      63528 kB\nInactive(anon):    52148 kB\nActive(file):      98036 kB\nInactive(file):   302944 kB\nUnevictable:       30724 kB\nMlocked:           27652 kB\nSwapTotal:             0 kB\nSwapFree:              0 kB\nZswap:                 0 kB\nZswapped:              0 kB\nDirty:                32 kB\nWriteback:             0 kB\nAnonPages:        132324 kB\nMapped:            61172 kB\nShmem:              4068 kB\nKReclaimable:      35408 kB\nSlab:              85076 kB\nSReclaimable:      35408 kB\nSUnreclaim:        49668 kB\nKernelStack:        2304 kB\nPageTables:         3200 kB\nSecPageTables:         0 kB\nNFS_Unstable:          0 kB\nBounce:                0 kB\nWritebackTmp:          0 kB\nCommitLimit:      434492 kB\nCommitted_AS:     496600 kB\nVmallocTotal:   34359738367 kB\nVmallocUsed:       32956 kB\nVmallocChunk:          0 kB\nPercpu:              792 kB\nHardwareCorrupted:     0 kB\nAnonHugePages:     32768 kB\nShmemHugePages:        0 kB\nShmemPmdMapped:        0 kB\nFileHugePages:         0 kB\nFilePmdMapped:         0 kB\nUnaccepted:            0 kB\nHugePages_Total:       0\nHugePages_Free:        0\nHugePages_Rsvd:        0\nHugePages_Surp:        0\nHugepagesize:       2048 kB\nHugetlb:               0 kB\nDirectMap4k:       76968 kB\nDirectMap2M:      919552 kB\nDirectMap1G:           0 kB\n"}
{"timestamp":1767727888,"subsystem":"/proc/net/dev","measurement":"Inter-|   Receive                                                |  Transmit\n face |bytes    packets errs drop fifo frame compressed multicast|bytes    packets errs drop fifo colls carrier compressed\n    lo:  198192    1309    0    0    0     0          0         0   198192    1309    0    0    0     0       0          0\n  eth0: 553364933 2036272    0    0    0     0          0         0 681580608 2411983    0    0    0     0       0          0\n"}
{"timestamp":1767727888,"subsystem":"/proc/diskstats","measurement":"   7       0 loop0 268 0 5220 434 0 0 0 0 0 408 434 0 0 0 0 0 0\n   7       1 loop1 74 0 2502 73 0 0 0 0 0 62 73 0 0 0 0 0 0\n   7       2 loop2 94 0 3752 82 0 0 0 0 0 84 82 0 0 0 0 0 0\n   7       3 loop3 11 0 28 0 0 0 0 0 0 0 0 0 0 0 0 0 0\n   7       4 loop4 0 0 0 0 0 0 0 0 0 0 0 0 0 0 0 0 0\n   7       5 loop5 0 0 0 0 0 0 0 0 0 0 0 0 0 0 0 0 0\n   7       6 loop6 0 0 0 0 0 0 0 0 0 0 0 0 0 0 0 0 0\n   7       7 loop7 0 0 0 0 0 0 0 0 0 0 0 0 0 0 0 0 0\n   8       0 sda 59051 7041 9798930 174884 820620 523340 24032426 2711954 0 1011195 3466788 93241 813 82429428 264006 102148 315943\n   8       1 sda1 58658 5619 9777958 174589 820606 523332 24032320 2711930 0 1032090 3150523 93240 812 82228152 264002 0 0\n   8      14 sda14 92 0 1232 70 0 0 0 0 0 70 70 0 0 0 0 0 0\n   8      15 sda15 165 1422 16028 114 2 0 2 1 0 96 119 1 1 201276 3 0 0\n   8      16 sdb 318 0 19226 162 161 532 266776 18879 0 1876 19052 35 34 16465312 11 0 0\n   8      17 sdb1 110 0 6466 80 161 532 266776 18879 0 1964 18970 35 34 16465312 11 0 0\n  11       0 sr0 78 0 560 47 0 0 0 0 0 45 47 0 0 0 0 0 0\n"}
{"timestamp":1767727888,"subsystem":"statfs[*]","measurement":"{\"mount_point\":\"/\",\"block_size\":4096,\"blocks_total\":7574544,\"blocks_free\":7067861,\"blocks_available\":7063765}\n{\"mount_point\":\"/boot/efi\",\"block_size\":512,\"blocks_total\":213663,\"blocks_free\":201276,\"blocks_available\":201276}\n{\"mount_point\":\"/mnt\",\"block_size\":4096,\"blocks_total\":1011128,\"blocks_free\":1011121,\"blocks_available\":954622}\n"}
{"timestamp":1767727893,"subsystem":"/proc/stat","measurement":"cpu  129640 3973 79094 58942925 100010 0 10616 0 0 0\ncpu0 129640 3973 79094 58942925 100010 0 10616 0 0 0\nintr 22844107 0 0 0 0 2934 0 0 0 0 0 0 0 0 0 0 0 0 0 0 0 0 0 0 0 0 0 0 0 0 0 0 0 0 0 0 0 0 0 0 0 0 0 0 0 0 0 0 0 0 0 0 0 0 0 0 0 0 0 0 0 0 0 0 0 0 0 0 0 0 0 0 0 0 0 0 0 0 0 0 0 0 0 0 0 0 0 0 0 0 0 0 0 0 0 0 0 0 0 0 0 0 0 0 0 0 0 0 0 0 0 0 0 0 0 0 0 0 0 0 0 0 0 0 0 0 0 0 0 0 0 0 0 0 0 0 0 0 0 0 0 0 0 0 0 0 0 0 0 0 0 0 0 0 0 0 0 0 0 0 0 0 0 0 0 0 0 0 0 0 0 0 0 0 0 0 0 0 0 0 0 0 0 0 0 0 0 0 0 0 0 0 0 0 0 0 0 0 0 0 0 0 0 0 0 0 0 0 0 0 0 0 0 0 0 0 0 0 0 0 0 0 0 0 0 0 0 0 0 0 0 0 0 0 0 0 0 0 0 0 0 0 0 0 0 0 0 0 0 0 0 0 0 0 0 0 0\nctxt 43707497\nbtime 1767134306\nprocesses 67727\nprocs_running 3\nprocs_blocked 0\nsoftirq 21531008 0 8823176 4 2839352 0 0 6258616 0 878 3608982\n"}
{"timestamp":1767727893,"subsystem":"/proc/meminfo","measurement":"MemTotal:         868988 kB\nMemFree:          186944 kB\nMemAvailable:     484536 kB\nBuffers:           48372 kB\nCached:           365752 kB\nSwapCached:            0 kB\nActive:           161580 kB\nInactive:         355104 kB\nActive(anon):      63544 kB\nInactive(anon):    52148 kB\nActive(file):      98036 kB\nInactive(file):   302956 kB\nUnevictable:       30724 kB\nMlocked:           27652 kB\nSwapTotal:             0 kB\nSwapFree:              0 kB\nZswap:                 0 kB\nZswapped:              0 kB\nDirty:                44 kB\nWriteback:             0 kB\nAnonPages:        132332 kB\nMapped:            61172 kB\nShmem:              4068 kB\nKReclaimable:      35408 kB\nSlab:              85076 kB\nSReclaimable:      35408 kB\nSUnreclaim:        49668 kB\nKernelStack:        2304 kB\nPageTables:         3200 kB\nSecPageTables:         0 kB\nNFS_Unstable:          0 kB\nBounce:                0 kB\nWritebackTmp:          0 kB\nCommitLimit:      434492 kB\nCommitted_AS:     496600 kB\nVmallocTotal:   34359738367 kB\nVmallocUsed:       32956 kB\nVmallocChunk:          0 kB\nPercpu:              792 kB\nHardwareCorrupted:     0 kB\nAnonHugePages:     32768 kB\nShmemHugePages:        0 kB\nShmemPmdMapped:        0 kB\nFileHugePages:         0 kB\nFilePmdMapped:         0 kB\nUnaccepted:            0 kB\nHugePages_Total:       0\nHugePages_Free:        0\nHugePages_Rsvd:        0\nHugePages_Surp:        0\nHugepagesize:       2048 kB\nHugetlb:               0 kB\nDirectMap4k:       76968 kB\nDirectMap2M:      919552 kB\nDirectMap1G:           0 kB\n"}
{"timestamp":1767727893,"subsystem":"/proc/net/dev","measurement":"Inter-|   Receive                                                |  Transmit\n face |bytes    packets errs drop fifo frame compressed multicast|bytes    packets errs drop fifo colls carrier compressed\n    lo:  198192    1309    0    0    0     0          0         0   198192    1309    0    0    0     0       0          0\n  eth0: 553368729 2036287    0    0    0     0          0         0 681585851 2412002    0    0    0     0       0          0\n"}
{"timestamp":1767727893,"subsystem":"/proc/diskstats","measurement":"   7       0 loop0 268 0 5220 434 0 0 0 0 0 408 434 0 0 0 0 0 0\n   7       1 loop1 74 0 2502 73 0 0 0 0 0 62 73 0 0 0 0 0 0\n   7       2 loop2 94 0 3752 82 0 0 0 0 0 84 82 0 0 0 0 0 0\n   7       3 loop3 11 0 28 0 0 0 0 0 0 0 0 0 0 0 0 0 0\n   7       4 loop4 0 0 0 0 0 0 0 0 0 0 0 0 0 0 0 0 0\n   7       5 loop5 0 0 0 0 0 0 0 0 0 0 0 0 0 0 0 0 0\n   7       6 loop6 0 0 0 0 0 0 0 0 0 0 0 0 0 0 0 0 0\n   7       7 loop7 0 0 0 0 0 0 0 0 0 0 0 0 0 0 0 0 0\n   8       0 sda 59051 7041 9798930 174884 820623 523346 24032498 2711958 0 1011203 3466797 93242 813 82429436 264008 102149 315945\n   8       1 sda1 58658 5619 9777958 174589 820609 523338 24032392 2711935 0 1032098 3150530 93241 812 82228160 264005 0 0\n   8      14 sda14 92 0 1232 70 0 0 0 0 0 70 70 0 0 0 0 0 0\n   8      15 sda15 165 1422 16028 114 2 0 2 1 0 96 119 1 1 201276 3 0 0\n   8      16 sdb 318 0 19226 162 161 532 266776 18879 0 1876 19052 35 34 16465312 11 0 0\n   8      17 sdb1 110 0 6466 80 161 532 266776 18879 0 1964 18970 35 34 16465312 11 0 0\n  11       0 sr0 78 0 560 47 0 0 0 0 0 45 47 0 0 0 0 0 0\n"}
{"timestamp":1767727893,"subsystem":"statfs[*]","measurement":"{\"mount_point\":\"/\",\"block_size\":4096,\"blocks_total\":7574544,\"blocks_free\":7067859,\"blocks_available\":7063763}\n{\"mount_point\":\"/boot/efi\",\"block_size\":512,\"blocks_total\":213663,\"blocks_free\":201276,\"blocks_available\":201276}\n{\"mount_point\":\"/mnt\",\"block_size\":4096,\"blocks_total\":1011128,\"blocks_free\":1011121,\"blocks_available\":954622}\n"}
{"timestamp":1767727898,"subsystem":"/proc/stat","measurement":"cpu  130138 3973 79095 58942925 100010 0 10616 0 0 0\ncpu0 130138 3973 79095 58942925 100010 0 10616 0 0 0\nintr 22849223 0 0 0 0 2934 0 0 0 0 0 0 0 0 0 0 0 0 0 0 0 0 0 0 0 0 0 0 0 0 0 0 0 0 0 0 0 0 0 0 0 0 0 0 0 0 0 0 0 0 0 0 0 0 0 0 0 0 0 0 0 0 0 0 0 0 0 0 0 0 0 0 0 0 0 0 0 0 0 0 0 0 0 0 0 0 0 0 0 0 0 0 0 0 0 0 0 0 0 0 0 0 0 0 0 0 0 0 0 0 0 0 0 0 0 0 0 0 0 0 0 0 0 0 0 0 0 0 0 0 0 0 0 0 0 0 0 0 0 0 0 0 0 0 0 0 0 0 0 0 0 0 0 0 0 0 0 0 0 0 0 0 0 0 0 0 0 0 0 0 0 0 0 0 0 0 0 0 0 0 0 0 0 0 0 0 0 0 0 0 0 0 0 0 0 0 0 0 0 0 0 0 0 0 0 0 0 0 0 0 0 0 0 0 0 0 0 0 0 0 0 0 0 0 0 0 0 0 0 0 0 0 0 0 0 0 0 0 0 0 0 0 0 0 0 0 0 0 0 0 0 0 0 0 0 0 0\nctxt 43708060\nbtime 1767134306\nprocesses 67728\nprocs_running 2\nprocs_blocked 0\nsoftirq 21531245 0 8823316 4 2839374 0 0 6258628 0 878 3609045\n"}
{"timestamp":1767727898,"subsystem":"/proc/meminfo","measurement":"MemTotal:         868988 kB\nMemFree:          186944 kB\nMemAvailable:     484540 kB\nBuffers:           48372 kB\nCached:           365756 kB\nSwapCached:            0 kB\nActive:           161592 kB\nInactive:         355108 kB\nActive(anon):      63556 kB\nInactive(anon):    52148 kB\nActive(file):      98036 kB\nInactive(file):   302960 kB\nUnevictable:       30724 kB\nMlocked:           27652 kB\nSwapTotal:             0 kB\nSwapFree:              0 kB\nZswap:                 0 kB\nZswapped:              0 kB\nDirty:                32 kB\nWriteback:             0 kB\nAnonPages:        132340 kB\nMapped:            61172 kB\nShmem:              4068 kB\nKReclaimable:      35408 kB\nSlab:              85076 kB\nSReclaimable:      35408 kB\nSUnreclaim:        49668 kB\nKernelStack:        2304 kB\nPageTables:         3200 kB\nSecPageTables:         0 kB\nNFS_Unstable:          0 kB\nBounce:                0 kB\nWritebackTmp:          0 kB\nCommitLimit:      434492 kB\nCommitted_AS:     496600 kB\nVmallocTotal:   34359738367 kB\nVmallocUsed:       32956 kB\nVmallocChunk:          0 kB\nPercpu:              792 kB\nHardwareCorrupted:     0 kB\nAnonHugePages:     32768 kB\nShmemHugePages:        0 kB\nShmemPmdMapped:        0 kB\nFileHugePages:         0 kB\nFilePmdMapped:         0 kB\nUnaccepted:            0 kB\nHugePages_Total:       0\nHugePages_Free:        0\nHugePages_Rsvd:        0\nHugePages_Surp:        0\nHugepagesize:       2048 kB\nHugetlb:               0 kB\nDirectMap4k:       76968 kB\nDirectMap2M:      919552 kB\nDirectMap1G:           0 kB\n"}
{"timestamp":1767727898,"subsystem":"/proc/net/dev","measurement":"Inter-|   Receive                                                |  Transmit\n face |bytes    packets errs drop fifo frame compressed multicast|bytes    packets errs drop fifo colls carrier compressed\n    lo:  198192    1309    0    0    0     0          0         0   198192    1309    0    0    0     0       0          0\n  eth0: 553372525 2036302    0    0    0     0          0         0 681591094 2412021    0    0    0     0       0          0\n"}
{"timestamp":1767727898,"subsystem":"/proc/diskstats","measurement":"   7       0 loop0 268 0 5220 434 0 0 0 0 0 408 434 0 0 0 0 0 0\n   7       1 loop1 74 0 2502 73 0 0 0 0 0 62 73 0 0 0 0 0 0\n   7       2 loop2 94 0 3752 82 0 0 0 0 0 84 82 0 0 0 0 0 0\n   7       3 loop3 11 0 28 0 0 0 0 0 0 0 0 0 0 0 0 0 0\n   7       4 loop4 0 0 0 0 0 0 0 0 0 0 0 0 0 0 0 0 0\n   7       5 loop5 0 0 0 0 0 0 0 0 0 0 0 0 0 0 0 0 0\n   7       6 loop6 0 0 0 0 0 0 0 0 0 0 0 0 0 0 0 0 0\n   7       7 loop7 0 0 0 0 0 0 0 0 0 0 0 0 0 0 0 0 0\n   8       0 sda 59051 7041 9798930 174884 820627 523352 24032594 2711965 0 1011212 3466809 93243 813 82429444 264011 102150 315948\n   8       1 sda1 58658 5619 9777958 174589 820613 523344 24032488 2711942 0 1032107 3150540 93242 812 82228168 264008 0 0\n   8      14 sda14 92 0 1232 70 0 0 0 0 0 70 70 0 0 0 0 0 0\n   8      15 sda15 165 1422 16028 114 2 0 2 1 0 96 119 1 1 201276 3 0 0\n   8      16 sdb 318 0 19226 162 161 532 266776 18879 0 1876 19052 35 34 16465312 11 0 0\n   8      17 sdb1 110 0 6466 80 161 532 266776 18879 0 1964 18970 35 34 16465312 11 0 0\n  11       0 sr0 78 0 560 47 0 0 0 0 0 45 47 0 0 0 0 0 0\n"}
{"timestamp":1767727898,"subsystem":"statfs[*]","measurement":"{\"mount_point\":\"/\",\"block_size\":4096,\"blocks_total\":7574544,\"blocks_free\":7067858,\"blocks_available\":7063762}\n{\"mount_point\":\"/boot/efi\",\"block_size\":512,\"blocks_total\":213663,\"blocks_free\":201276,\"blocks_available\":201276}\n{\"mount_point\":\"/mnt\",\"block_size\":4096,\"blocks_total\":1011128,\"blocks_free\":1011121,\"blocks_available\":954622}\n"}
{"timestamp":1767727903,"subsystem":"/proc/stat","measurement":"cpu  130634 3973 79097 58942925 100010 0 10616 0 0 0\ncpu0 130634 3973 79097 58942925 100010 0 10616 0 0 0\nintr 22854333 0 0 0 0 2934 0 0 0 0 0 0 0 0 0 0 0 0 0 0 0 0 0 0 0 0 0 0 0 0 0 0 0 0 0 0 0 0 0 0 0 0 0 0 0 0 0 0 0 0 0 0 0 0 0 0 0 0 0 0 0 0 0 0 0 0 0 0 0 0 0 0 0 0 0 0 0 0 0 0 0 0 0 0 0 0 0 0 0 0 0 0 0 0 0 0 0 0 0 0 0 0 0 0 0 0 0 0 0 0 0 0 0 0 0 0 0 0 0 0 0 0 0 0 0 0 0 0 0 0 0 0 0 0 0 0 0 0 0 0 0 0 0 0 0 0 0 0 0 0 0 0 0 0 0 0 0 0 0 0 0 0 0 0 0 0 0 0 0 0 0 0 0 0 0 0 0 0 0 0 0 0 0 0 0 0 0 0 0 0 0 0 0 0 0 0 0 0 0 0 0 0 0 0 0 0 0 0 0 0 0 0 0 0 0 0 0 0 0 0 0 0 0 0 0 0 0 0 0 0 0 0 0 0 0 0 0 0 0 0 0 0 0 0 0 0 0 0 0 0 0 0 0 0 0 0 0\nctxt 43708722\nbtime 1767134306\nprocesses 67731\nprocs_running 2\nprocs_blocked 0\nsoftirq 21531556 0 8823457 4 2839411 0 0 6258639 0 878 3609167\n"}
{"timestamp":1767727903,"subsystem":"/proc/meminfo","measurement":"MemTotal:         868988 kB\nMemFree:          186472 kB\nMemAvailable:     484076 kB\nBuffers:           48376 kB\nCached:           365760 kB\nSwapCached:            0 kB\nActive:           163472 kB\nInactive:         355116 kB\nActive(anon):      65436 kB\nInactive(anon):    52148 kB\nActive(file):      98036 kB\nInactive(file):   302968 kB\nUnevictable:       30724 kB\nMlocked:           27652 kB\nSwapTotal:             0 kB\nSwapFree:              0 kB\nZswap:                 0 kB\nZswapped:              0 kB\nDirty:                40 kB\nWriteback:             0 kB\nAnonPages:        134236 kB\nMapped:            61316 kB\nShmem:              4068 kB\nKReclaimable:      35408 kB\nSlab:              85136 kB\nSReclaimable:      35408 kB\nSUnreclaim:        49728 kB\nKernelStack:        2336 kB\nPageTables:         3336 kB\nSecPageTables:         0 kB\nNFS_Unstable:          0 kB\nBounce:                0 kB\nWritebackTmp:          0 kB\nCommitLimit:      434492 kB\nCommitted_AS:     500496 kB\nVmallocTotal:   34359738367 kB\nVmallocUsed:       32960 kB\nVmallocChunk:          0 kB\nPercpu:              792 kB\nHardwareCorrupted:     0 kB\nAnonHugePages:     32768 kB\nShmemHugePages:        0 kB\nShmemPmdMapped:        0 kB\nFileHugePages:         0 kB\nFilePmdMapped:         0 kB\nUnaccepted:            0 kB\nHugePages_Total:       0\nHugePages_Free:        0\nHugePages_Rsvd:        0\nHugePages_Surp:        0\nHugepagesize:       2048 kB\nHugetlb:               0 kB\nDirectMap4k:       76968 kB\nDirectMap2M:      919552 kB\nDirectMap1G:           0 kB\n"}
{"timestamp":1767727903,"subsystem":"/proc/net/dev","measurement":"Inter-|   Receive                                                |  Transmit\n face |bytes    packets errs drop fifo frame compressed multicast|bytes    packets errs drop fifo colls carrier compressed\n    lo:  198192    1309    0    0    0     0          0         0   198192    1309    0    0    0     0       0          0\n  eth0: 553377957 2036325    0    0    0     0          0         0 681599123 2412046    0    0    0     0       0          0\n"}
{"timestamp":1767727903,"subsystem":"/proc/diskstats","measurement":"   7       0 loop0 268 0 5220 434 0 0 0 0 0 408 434 0 0 0 0 0 0\n   7       1 loop1 74 0 2502 73 0 0 0 0 0 62 73 0 0 0 0 0 0\n   7       2 loop2 94 0 3752 82 0 0 0 0 0 84 82 0 0 0 0 0 0\n   7       3 loop3 11 0 28 0 0 0 0 0 0 0 0 0 0 0 0 0 0\n   7       4 loop4 0 0 0 0 0 0 0 0 0 0 0 0 0 0 0 0 0\n   7       5 loop5 0 0 0 0 0 0 0 0 0 0 0 0 0 0 0 0 0\n   7       6 loop6 0 0 0 0 0 0 0 0 0 0 0 0 0 0 0 0 0\n   7       7 loop7 0 0 0 0 0 0 0 0 0 0 0 0 0 0 0 0 0\n   8       0 sda 59051 7041 9798930 174884 820630 523358 24032666 2711970 0 1011220 3466819 93244 813 82429452 264014 102151 315950\n   8       1 sda1 58658 5619 9777958 174589 820616 523350 24032560 2711947 0 1032115 3150548 93243 812 82228176 264011 0 0\n   8      14 sda14 92 0 1232 70 0 0 0 0 0 70 70 0 0 0 0 0 0\n   8      15 sda15 165 1422 16028 114 2 0 2 1 0 96 119 1 1 201276 3 0 0\n   8      16 sdb 318 0 19226 162 161 532 266776 18879 0 1876 19052 35 34 16465312 11 0 0\n   8      17 sdb1 110 0 6466 80 161 532 266776 18879 0 1964 18970 35 34 16465312 11 0 0\n  11       0 sr0 78 0 560 47 0 0 0 0 0 45 47 0 0 0 0 0 0\n"}
{"timestamp":1767727903,"subsystem":"statfs[*]","measurement":"{\"mount_point\":\"/\",\"block_size\":4096,\"blocks_total\":7574544,\"blocks_free\":7067857,\"blocks_available\":7063761}\n{\"mount_point\":\"/boot/efi\",\"block_size\":512,\"blocks_total\":213663,\"blocks_free\":201276,\"blocks_available\":201276}\n{\"mount_point\":\"/mnt\",\"block_size\":4096,\"blocks_total\":1011128,\"blocks_free\":1011121,\"blocks_available\":954622}\n"}
{"timestamp":1767727908,"subsystem":"/proc/stat","measurement":"cpu  131130 3973 79097 58942925 100010 0 10616 0 0 0\ncpu0 131130 3973 79097 58942925 100010 0 10616 0 0 0\nintr 22859442 0 0 0 0 2934 0 0 0 0 0 0 0 0 0 0 0 0 0 0 0 0 0 0 0 0 0 0 0 0 0 0 0 0 0 0 0 0 0 0 0 0 0 0 0 0 0 0 0 0 0 0 0 0 0 0 0 0 0 0 0 0 0 0 0 0 0 0 0 0 0 0 0 0 0 0 0 0 0 0 0 0 0 0 0 0 0 0 0 0 0 0 0 0 0 0 0 0 0 0 0 0 0 0 0 0 0 0 0 0 0 0 0 0 0 0 0 0 0 0 0 0 0 0 0 0 0 0 0 0 0 0 0 0 0 0 0 0 0 0 0 0 0 0 0 0 0 0 0 0 0 0 0 0 0 0 0 0 0 0 0 0 0 0 0 0 0 0 0 0 0 0 0 0 0 0 0 0 0 0 0 0 0 0 0 0 0 0 0 0 0 0 0 0 0 0 0 0 0 0 0 0 0 0 0 0 0 0 0 0 0 0 0 0 0 0 0 0 0 0 0 0 0 0 0 0 0 0 0 0 0 0 0 0 0 0 0 0 0 0 0 0 0 0 0 0 0 0 0 0 0 0 0 0 0 0 0\nctxt 43709433\nbtime 1767134306\nprocesses 67732\nprocs_running 2\nprocs_blocked 0\nsoftirq 21531905 0 8823628 4 2839445 0 0 6258655 0 878 3609295\n"}
{"timestamp":1767727908,"subsystem":"/proc/meminfo","measurement":"MemTotal:         868988 kB\nMemFree:          185464 kB\nMemAvailable:     483072 kB\nBuffers:           48376 kB\nCached:           365764 kB\nSwapCached:            0 kB\nActive:           161604 kB\nInactive:         355120 kB\nActive(anon):      63568 kB\nInactive(anon):    52148 kB\nActive(file):      98036 kB\nInactive(file):   302972 kB\nUnevictable:       30724 kB\nMlocked:           27652 kB\nSwapTotal:             0 kB\nSwapFree:              0 kB\nZswap:                 0 kB\nZswapped:              0 kB\nDirty:               144 kB\nWriteback:             0 kB\nAnonPages:        132352 kB\nMapped:            61172 kB\nShmem:              4068 kB\nKReclaimable:      35408 kB\nSlab:              85084 kB\nSReclaimable:      35408 kB\nSUnreclaim:        49676 kB\nKernelStack:        2304 kB\nPageTables:         3200 kB\nSecPageTables:         0 kB\nNFS_Unstable:          0 kB\nBounce:                0 kB\nWritebackTmp:          0 kB\nCommitLimit:      434492 kB\nCommitted_AS:     496600 kB\nVmallocTotal:   34359738367 kB\nVmallocUsed:       32956 kB\nVmallocChunk:          0 kB\nPercpu:              792 kB\nHardwareCorrupted:     0 kB\nAnonHugePages:     32768 kB\nShmemHugePages:        0 kB\nShmemPmdMapped:        0 kB\nFileHugePages:         0 kB\nFilePmdMapped:         0 kB\nUnaccepted:            0 kB\nHugePages_Total:       0\nHugePages_Free:        0\nHugePages_Rsvd:        0\nHugePages_Surp:        0\nHugepagesize:       2048 kB\nHugetlb:               0 kB\nDirectMap4k:       76968 kB\nDirectMap2M:      919552 kB\nDirectMap1G:           0 kB\n"}
{"timestamp":1767727908,"subsystem":"/proc/net/dev","measurement":"Inter-|   Receive                                                |  Transmit\n face |bytes    packets errs drop fifo frame compressed multicast|bytes    packets errs drop fifo colls carrier compressed\n    lo:  198192    1309    0    0    0     0          0         0   198192    1309    0    0    0     0       0          0\n  eth0: 553382383 2036347    0    0    0     0          0         0 681604766 2412069    0    0    0     0       0          0\n"}
{"timestamp":1767727908,"subsystem":"/proc/diskstats","measurement":"   7       0 loop0 268 0 5220 434 0 0 0 0 0 408 434 0 0 0 0 0 0\n   7       1 loop1 74 0 2502 73 0 0 0 0 0 62 73 0 0 0 0 0 0\n   7       2 loop2 94 0 3752 82 0 0 0 0 0 84 82 0 0 0 0 0 0\n   7       3 loop3 11 0 28 0 0 0 0 0 0 0 0 0 0 0 0 0 0\n   7       4 loop4 0 0 0 0 0 0 0 0 0 0 0 0 0 0 0 0 0\n   7       5 loop5 0 0 0 0 0 0 0 0 0 0 0 0 0 0 0 0 0\n   7       6 loop6 0 0 0 0 0 0 0 0 0 0 0 0 0 0 0 0 0\n   7       7 loop7 0 0 0 0 0 0 0 0 0 0 0 0 0 0 0 0 0\n   8       0 sda 59051 7041 9798930 174884 820642 523366 24032834 2711980 0 1011229 3466836 93245 813 82429460 264017 102152 315953\n   8       1 sda1 58658 5619 9777958 174589 820628 523358 24032728 2711957 0 1032124 3150561 93244 812 82228184 264013 0 0\n   8      14 sda14 92 0 1232 70 0 0 0 0 0 70 70 0 0 0 0 0 0\n   8      15 sda15 165 1422 16028 114 2 0 2 1 0 96 119 1 1 201276 3 0 0\n   8      16 sdb 318 0 19226 162 161 532 266776 18879 0 1876 19052 35 34 16465312 11 0 0\n   8      17 sdb1 110 0 6466 80 161 532 266776 18879 0 1964 18970 35 34 16465312 11 0 0\n  11       0 sr0 78 0 560 47 0 0 0 0 0 45 47 0 0 0 0 0 0\n"}
{"timestamp":1767727908,"subsystem":"statfs[*]","measurement":"{\"mount_point\":\"/\",\"block_size\":4096,\"blocks_total\":7574544,\"blocks_free\":7067856,\"blocks_available\":7063760}\n{\"mount_point\":\"/boot/efi\",\"block_size\":512,\"blocks_total\":213663,\"blocks_free\":201276,\"blocks_available\":201276}\n{\"mount_point\":\"/mnt\",\"block_size\":4096,\"blocks_total\":1011128,\"blocks_free\":1011121,\"blocks_available\":954622}\n"}
{"timestamp":1767727913,"subsystem":"/proc/stat","measurement":"cpu  131626 3973 79098 58942925 100010 0 10616 0 0 0\ncpu0 131626 3973 79098 58942925 100010 0 10616 0 0 0\nintr 22864557 0 0 0 0 2934 0 0 0 0 0 0 0 0 0 0 0 0 0 0 0 0 0 0 0 0 0 0 0 0 0 0 0 0 0 0 0 0 0 0 0 0 0 0 0 0 0 0 0 0 0 0 0 0 0 0 0 0 0 0 0 0 0 0 0 0 0 0 0 0 0 0 0 0 0 0 0 0 0 0 0 0 0 0 0 0 0 0 0 0 0 0 0 0 0 0 0 0 0 0 0 0 0 0 0 0 0 0 0 0 0 0 0 0 0 0 0 0 0 0 0 0 0 0 0 0 0 0 0 0 0 0 0 0 0 0 0 0 0 0 0 0 0 0 0 0 0 0 0 0 0 0 0 0 0 0 0 0 0 0 0 0 0 0 0 0 0 0 0 0 0 0 0 0 0 0 0 0 0 0 0 0 0 0 0 0 0 0 0 0 0 0 0 0 0 0 0 0 0 0 0 0 0 0 0 0 0 0 0 0 0 0 0 0 0 0 0 0 0 0 0 0 0 0 0 0 0 0 0 0 0 0 0 0 0 0 0 0 0 0 0 0 0 0 0 0 0 0 0 0 0 0 0 0 0 0 0\nctxt 43710048\nbtime 1767134306\nprocesses 67733\nprocs_running 3\nprocs_blocked 0\nsoftirq 21532157 0 8823769 4 2839476 0 0 6258668 0 878 3609362\n"}
{"timestamp":1767727913,"subsystem":"/proc/meminfo","measurement":"MemTotal:         868988 kB\nMemFree:          185464 kB\nMemAvailable:     483076 kB\nBuffers:           48376 kB\nCached:           365768 kB\nSwapCached:            0 kB\nActive:           161616 kB\nInactive:         355124 kB\nActive(anon):      63580 kB\nInactive(anon):    52148 kB\nActive(file):      98036 kB\nInactive(file):   302976 kB\nUnevictable:       30724 kB\nMlocked:           27652 kB\nSwapTotal:             0 kB\nSwapFree:              0 kB\nZswap:                 0 kB\nZswapped:              0 kB\nDirty:               164 kB\nWriteback:             0 kB\nAnonPages:        132364 kB\nMapped:            61172 kB\nShmem:              4068 kB\nKReclaimable:      35408 kB\nSlab:              85080 kB\nSReclaimable:      35408 kB\nSUnreclaim:        49672 kB\nKernelStack:        2304 kB\nPageTables:         3200 kB\nSecPageTables:         0 kB\nNFS_Unstable:          0 kB\nBounce:                0 kB\nWritebackTmp:          0 kB\nCommitLimit:      434492 kB\nCommitted_AS:     496600 kB\nVmallocTotal:   34359738367 kB\nVmallocUsed:       32956 kB\nVmallocChunk:          0 kB\nPercpu:              792 kB\nHardwareCorrupted:     0 kB\nAnonHugePages:     32768 kB\nShmemHugePages:        0 kB\nShmemPmdMapped:        0 kB\nFileHugePages:         0 kB\nFilePmdMapped:         0 kB\nUnaccepted:            0 kB\nHugePages_Total:       0\nHugePages_Free:        0\nHugePages_Rsvd:        0\nHugePages_Surp:        0\nHugepagesize:       2048 kB\nHugetlb:               0 kB\nDirectMap4k:       76968 kB\nDirectMap2M:      919552 kB\nDirectMap1G:           0 kB\n"}
{"timestamp":1767727913,"subsystem":"/proc/net/dev","measurement":"Inter-|   Receive                                                |  Transmit\n face |bytes    packets errs drop fifo frame compressed multicast|bytes    packets errs drop fifo colls carrier compressed\n    lo:  198192    1309    0    0    0     0          0         0   198192    1309    0    0    0     0       0          0\n  eth0: 553386601 2036366    0    0    0     0          0         0 681610723 2412093    0    0    0     0       0          0\n"}
{"timestamp":1767727913,"subsystem":"/proc/diskstats","measurement":"   7       0 loop0 268 0 5220 434 0 0 0 0 0 408 434 0 0 0 0 0 0\n   7       1 loop1 74 0 2502 73 0 0 0 0 0 62 73 0 0 0 0 0 0\n   7       2 loop2 94 0 3752 82 0 0 0 0 0 84 82 0 0 0 0 0 0\n   7       3 loop3 11 0 28 0 0 0 0 0 0 0 0 0 0 0 0 0 0\n   7       4 loop4 0 0 0 0 0 0 0 0 0 0 0 0 0 0 0 0 0\n   7       5 loop5 0 0 0 0 0 0 0 0 0 0 0 0 0 0 0 0 0\n   7       6 loop6 0 0 0 0 0 0 0 0 0 0 0 0 0 0 0 0 0\n   7       7 loop7 0 0 0 0 0 0 0 0 0 0 0 0 0 0 0 0 0\n   8       0 sda 59051 7041 9798930 174884 820647 523371 24032914 2711999 0 1011248 3466859 93246 813 82429468 264020 102153 315956\n   8       1 sda1 58658 5619 9777958 174589 820633 523363 24032808 2711976 0 1032143 3150582 93245 812 82228192 264016 0 0\n   8      14 sda14 92 0 1232 70 0 0 0 0 0 70 70 0 0 0 0 0 0\n   8      15 sda15 165 1422 16028 114 2 0 2 1 0 96 119 1 1 201276 3 0 0\n   8      16 sdb 318 0 19226 162 161 532 266776 18879 0 1876 19052 35 34 16465312 11 0 0\n   8      17 sdb1 110 0 6466 80 161 532 266776 18879 0 1964 18970 35 34 16465312 11 0 0\n  11       0 sr0 78 0 560 47 0 0 0 0 0 45 47 0 0 0 0 0 0\n"}
{"timestamp":1767727913,"subsystem":"statfs[*]","measurement":"{\"mount_point\":\"/\",\"block_size\":4096,\"blocks_total\":7574544,\"blocks_free\":7067855,\"blocks_available\":7063759}\n{\"mount_point\":\"/boot/efi\",\"block_size\":512,\"blocks_total\":213663,\"blocks_free\":201276,\"blocks_available\":201276}\n{\"mount_point\":\"/mnt\",\"block_size\":4096,\"blocks_total\":1011128,\"blocks_free\":1011121,\"blocks_available\":954622}\n"}
{"timestamp":1767727918,"subsystem":"/proc/stat","measurement":"cpu  132123 3973 79099 58942925 100010 0 10616 0 0 0\ncpu0 132123 3973 79099 58942925 100010 0 10616 0 0 0\nintr 22869620 0 0 0 0 2934 0 0 0 0 0 0 0 0 0 0 0 0 0 0 0 0 0 0 0 0 0 0 0 0 0 0 0 0 0 0 0 0 0 0 0 0 0 0 0 0 0 0 0 0 0 0 0 0 0 0 0 0 0 0 0 0 0 0 0 0 0 0 0 0 0 0 0 0 0 0 0 0 0 0 0 0 0 0 0 0 0 0 0 0 0 0 0 0 0 0 0 0 0 0 0 0 0 0 0 0 0 0 0 0 0 0 0 0 0 0 0 0 0 0 0 0 0 0 0 0 0 0 0 0 0 0 0 0 0 0 0 0 0 0 0 0 0 0 0 0 0 0 0 0 0 0 0 0 0 0 0 0 0 0 0 0 0 0 0 0 0 0 0 0 0 0 0 0 0 0 0 0 0 0 0 0 0 0 0 0 0 0 0 0 0 0 0 0 0 0 0 0 0 0 0 0 0 0 0 0 0 0 0 0 0 0 0 0 0 0 0 0 0 0 0 0 0 0 0 0 0 0 0 0 0 0 0 0 0 0 0 0 0 0 0 0 0 0 0 0 0 0 0 0 0 0 0 0 0 0 0\nctxt 43710594\nbtime 1767134306\nprocesses 67734\nprocs_running 2\nprocs_blocked 0\nsoftirq 21532334 0 8823882 4 2839476 0 0 6258679 0 878 3609415\n"}
{"timestamp":1767727918,"subsystem":"/proc/meminfo","measurement":"MemTotal:         868988 kB\nMemFree:          185464 kB\nMemAvailable:     483080 kB\nBuffers:           48384 kB\nCached:           365764 kB\nSwapCached:            0 kB\nActive:           161628 kB\nInactive:         355128 kB\nActive(anon):      63592 kB\nInactive(anon):    52148 kB\nActive(file):      98036 kB\nInactive(file):   302980 kB\nUnevictable:       30724 kB\nMlocked:           27652 kB\nSwapTotal:             0 kB\nSwapFree:              0 kB\nZswap:                 0 kB\nZswapped:              0 kB\nDirty:               156 kB\nWriteback:             0 kB\nAnonPages:        132376 kB\nMapped:            61172 kB\nShmem:              4068 kB\nKReclaimable:      35408 kB\nSlab:              85084 kB\nSReclaimable:      35408 kB\nSUnreclaim:        49676 kB\nKernelStack:        2304 kB\nPageTables:         3200 kB\nSecPageTables:         0 kB\nNFS_Unstable:          0 kB\nBounce:                0 kB\nWritebackTmp:          0 kB\nCommitLimit:      434492 kB\nCommitted_AS:     496600 kB\nVmallocTotal:   34359738367 kB\nVmallocUsed:       32956 kB\nVmallocChunk:          0 kB\nPercpu:              792 kB\nHardwareCorrupted:     0 kB\nAnonHugePages:     32768 kB\nShmemHugePages:        0 kB\nShmemPmdMapped:        0 kB\nFileHugePages:         0 kB\nFilePmdMapped:         0 kB\nUnaccepted:            0 kB\nHugePages_Total:       0\nHugePages_Free:        0\nHugePages_Rsvd:        0\nHugePages_Surp:        0\nHugepagesize:       2048 kB\nHugetlb:               0 kB\nDirectMap4k:       76968 kB\nDirectMap2M:      919552 kB\nDirectMap1G:           0 kB\n"}
