{"timestamp":1767737992,"subsystem":"/proc/stat","measurement":"cpu  264366 3973 86279 59733825 172957 0 11047 0 0 0\ncpu0 264366 3973 86279 59733825 172957 0 11047 0 0 0\nintr 25445915 0 0 0 0 2934 0 0 0 0 0 0 0 0 0 0 0 0 0 0 0 0 0 0 0 0 0 0 0 0 0 0 0 0 0 0 0 0 0 0 0 0 0 0 0 0 0 0 0 0 0 0 0 0 0 0 0 0 0 0 0 0 0 0 0 0 0 0 0 0 0 0 0 0 0 0 0 0 0 0 0 0 0 0 0 0 0 0 0 0 0 0 0 0 0 0 0 0 0 0 0 0 0 0 0 0 0 0 0 0 0 0 0 0 0 0 0 0 0 0 0 0 0 0 0 0 0 0 0 0 0 0 0 0 0 0 0 0 0 0 0 0 0 0 0 0 0 0 0 0 0 0 0 0 0 0 0 0 0 0 0 0 0 0 0 0 0 0 0 0 0 0 0 0 0 0 0 0 0 0 0 0 0 0 0 0 0 0 0 0 0 0 0 0 0 0 0 0 0 0 0 0 0 0 0 0 0 0 0 0 0 0 0 0 0 0 0 0 0 0 0 0 0 0 0 0 0 0 0 0 0 0 0 0 0 0 0 0 0 0 0 0 0 0 0 0 0 0 0 0 0 0 0 0 0 0 0\nctxt 47513157\nbtime 1767134306\nprocesses 71493\nprocs_running 2\nprocs_blocked 0\nsoftirq 22835562 0 9015903 4 2898151 0 0 7144223 0 878 3776403\n"}
{"timestamp":1767737992,"subsystem":"/proc/meminfo","measurement":"MemTotal:         868988 kB\nMemFree:          396612 kB\nMemAvailable:     488752 kB\nBuffers:           45672 kB\nCached:           160392 kB\nSwapCached:            0 kB\nActive:           117324 kB\nInactive:         184812 kB\nActive(anon):      96856 kB\nInactive(anon):    12340 kB\nActive(file):      20468 kB\nInactive(file):   172472 kB\nUnevictable:       30724 kB\nMlocked:           27652 kB\nSwapTotal:             0 kB\nSwapFree:              0 kB\nZswap:                 0 kB\nZswapped:              0 kB\nDirty:              1468 kB\nWriteback:             0 kB\nAnonPages:        125968 kB\nMapped:            56064 kB\nShmem:              4060 kB\nKReclaimable:      40604 kB\nSlab:              90824 kB\nSReclaimable:      40604 kB\nSUnreclaim:        50220 kB\nKernelStack:        2224 kB\nPageTables:         2912 kB\nSecPageTables:         0 kB\nNFS_Unstable:          0 kB\nBounce:                0 kB\nWritebackTmp:          0 kB\nCommitLimit:      434492 kB\nCommitted_AS:     484740 kB\nVmallocTotal:   34359738367 kB\nVmallocUsed:       32848 kB\nVmallocChunk:          0 kB\nPercpu:              792 kB\nHardwareCorrupted:     0 kB\nAnonHugePages:     30720 kB\nShmemHugePages:        0 kB\nShmemPmdMapped:        0 kB\nFileHugePages:         0 kB\nFilePmdMapped:         0 kB\nUnaccepted:            0 kB\nHugePages_Total:       0\nHugePages_Free:        0\nHugePages_Rsvd:        0\nHugePages_Surp:        0\nHugepagesize:       2048 kB\nHugetlb:               0 kB\nDirectMap4k:       76968 kB\nDirectMap2M:      919552 kB\nDirectMap1G:           0 kB\n"}
{"timestamp":1767737992,"subsystem":"/proc/net/dev","measurement":"Inter-|   Receive                                                |  Transmit\n face |bytes    packets errs drop fifo frame compressed multicast|bytes    packets errs drop fifo colls carrier compressed\n    lo:  200905    1325    0    0    0     0          0         0   200905    1325    0    0    0     0       0          0\n  eth0: 562392902 2076323    0    0    0     0          0         0 702643688 2458789    0    0    0     0       0          0\n"}
{"timestamp":1767737992,"subsystem":"/proc/diskstats","measurement":"   7       0 loop0 268 0 5220 434 0 0 0 0 0 408 434 0 0 0 0 0 0\n   7       1 loop1 74 0 2502 73 0 0 0 0 0 62 73 0 0 0 0 0 0\n   7       2 loop2 94 0 3752 82 0 0 0 0 0 84 82 0 0 0 0 0 0\n   7       3 loop3 11 0 28 0 0 0 0 0 0 0 0 0 0 0 0 0 0\n   7       4 loop4 0 0 0 0 0 0 0 0 0 0 0 0 0 0 0 0 0\n   7       5 loop5 0 0 0 0 0 0 0 0 0 0 0 0 0 0 0 0 0\n   7       6 loop6 0 0 0 0 0 0 0 0 0 0 0 0 0 0 0 0 0\n   7       7 loop7 0 0 0 0 0 0 0 0 0 0 0 0 0 0 0 0 0\n   8       0 sda 189318 7168 42661674 763344 1535865 553140 62179066 6906771 0 1760241 8517341 95432 1070 138785252 270193 770041 577032\n   8       1 sda1 188925 5746 42640702 763049 1535851 553132 62178960 6906748 0 1799007 7939988 95431 1069 138583976 270190 0 0\n   8      14 sda14 92 0 1232 70 0 0 0 0 0 70 70 0 0 0 0 0 0\n   8      15 sda15 165 1422 16028 114 2 0 2 1 0 96 119 1 1 201276 3 0 0\n   8      16 sdb 318 0 19226 162 161 532 266776 18879 0 1876 19052 35 34 16465312 11 0 0\n   8      17 sdb1 110 0 6466 80 161 532 266776 18879 0 1964 18970 35 34 16465312 11 0 0\n  11       0 sr0 78 0 560 47 0 0 0 0 0 45 47 0 0 0 0 0 0\n"}
{"timestamp":1767737992,"subsystem":"statfs[*]","measurement":"{\"mount_point\":\"/\",\"block_size\":4096,\"blocks_total\":7574544,\"blocks_free\":7065728,\"blocks_available\":7061632}\n{\"mount_point\":\"/boot/efi\",\"block_size\":512,\"blocks_total\":213663,\"blocks_free\":201276,\"blocks_available\":201276}\n{\"mount_point\":\"/mnt\",\"block_size\":4096,\"blocks_total\":1011128,\"blocks_free\":1011121,\"blocks_available\":954622}\n"}
{"timestamp":1767737997,"subsystem":"/proc/stat","measurement":"cpu  264373 3973 86282 59734314 172958 0 11047 0 0 0\ncpu0 264373 3973 86282 59734314 172958 0 11047 0 0 0\nintr 25446339 0 0 0 0 2934 0 0 0 0 0 0 0 0 0 0 0 0 0 0 0 0 0 0 0 0 0 0 0 0 0 0 0 0 0 0 0 0 0 0 0 0 0 0 0 0 0 0 0 0 0 0 0 0 0 0 0 0 0 0 0 0 0 0 0 0 0 0 0 0 0 0 0 0 0 0 0 0 0 0 0 0 0 0 0 0 0 0 0 0 0 0 0 0 0 0 0 0 0 0 0 0 0 0 0 0 0 0 0 0 0 0 0 0 0 0 0 0 0 0 0 0 0 0 0 0 0 0 0 0 0 0 0 0 0 0 0 0 0 0 0 0 0 0 0 0 0 0 0 0 0 0 0 0 0 0 0 0 0 0 0 0 0 0 0 0 0 0 0 0 0 0 0 0 0 0 0 0 0 0 0 0 0 0 0 0 0 0 0 0 0 0 0 0 0 0 0 0 0 0 0 0 0 0 0 0 0 0 0 0 0 0 0 0 0 0 0 0 0 0 0 0 0 0 0 0 0 0 0 0 0 0 0 0 0 0 0 0 0 0 0 0 0 0 0 0 0 0 0 0 0 0 0 0 0 0 0\nctxt 47514051\nbtime 1767134306\nprocesses 71500\nprocs_running 5\nprocs_blocked 0\nsoftirq 22836080 0 9016023 4 2898232 0 0 7144236 0 878 3776707\n"}
{"timestamp":1767737997,"subsystem":"/proc/meminfo","measurement":"MemTotal:         868988 kB\nMemFree:          396108 kB\nMemAvailable:     488260 kB\nBuffers:           45672 kB\nCached:           160404 kB\nSwapCached:            0 kB\nActive:           117676 kB\nInactive:         184824 kB\nActive(anon):      97208 kB\nInactive(anon):    12340 kB\nActive(file):      20468 kB\nInactive(file):   172484 kB\nUnevictable:       30724 kB\nMlocked:           27652 kB\nSwapTotal:             0 kB\nSwapFree:              0 kB\nZswap:                 0 kB\nZswapped:              0 kB\nDirty:              1532 kB\nWriteback:             0 kB\nAnonPages:        126288 kB\nMapped:            56872 kB\nShmem:              4060 kB\nKReclaimable:      40604 kB\nSlab:              90824 kB\nSReclaimable:      40604 kB\nSUnreclaim:        50220 kB\nKernelStack:        2228 kB\nPageTables:         2860 kB\nSecPageTables:         0 kB\nNFS_Unstable:          0 kB\nBounce:                0 kB\nWritebackTmp:          0 kB\nCommitLimit:      434492 kB\nCommitted_AS:     483436 kB\nVmallocTotal:   34359738367 kB\nVmallocUsed:       32860 kB\nVmallocChunk:          0 kB\nPercpu:              792 kB\nHardwareCorrupted:     0 kB\nAnonHugePages:     30720 kB\nShmemHugePages:        0 kB\nShmemPmdMapped:        0 kB\nFileHugePages:         0 kB\nFilePmdMapped:         0 kB\nUnaccepted:            0 kB\nHugePages_Total:       0\nHugePages_Free:        0\nHugePages_Rsvd:        0\nHugePages_Surp:        0\nHugepagesize:       2048 kB\nHugetlb:               0 kB\nDirectMap4k:       76968 kB\nDirectMap2M:      919552 kB\nDirectMap1G:           0 kB\n"}
{"timestamp":1767737997,"subsystem":"/proc/net/dev","measurement":"Inter-|   Receive                                                |  Transmit\n face |bytes    packets errs drop fifo frame compressed multicast|bytes    packets errs drop fifo colls carrier compressed\n    lo:  200905    1325    0    0    0     0          0         0   200905    1325    0    0    0     0       0          0\n  eth0: 562403629 2076377    0    0    0     0          0         0 702656189 2458837    0    0    0     0       0          0\n"}
{"timestamp":1767737997,"subsystem":"/proc/diskstats","measurement":"   7       0 loop0 268 0 5220 434 0 0 0 0 0 408 434 0 0 0 0 0 0\n   7       1 loop1 74 0 2502 73 0 0 0 0 0 62 73 0 0 0 0 0 0\n   7       2 loop2 94 0 3752 82 0 0 0 0 0 84 82 0 0 0 0 0 0\n   7       3 loop3 11 0 28 0 0 0 0 0 0 0 0 0 0 0 0 0 0\n   7       4 loop4 0 0 0 0 0 0 0 0 0 0 0 0 0 0 0 0 0\n   7       5 loop5 0 0 0 0 0 0 0 0 0 0 0 0 0 0 0 0 0\n   7       6 loop6 0 0 0 0 0 0 0 0 0 0 0 0 0 0 0 0 0\n   7       7 loop7 0 0 0 0 0 0 0 0 0 0 0 0 0 0 0 0 0\n   8       0 sda 189318 7168 42661674 763344 1535871 553152 62179218 6906779 0 1760251 8517355 95433 1070 138785260 270196 770042 577034\n   8       1 sda1 188925 5746 42640702 763049 1535857 553144 62179112 6906756 0 1799017 7939999 95432 1069 138583984 270193 0 0\n   8      14 sda14 92 0 1232 70 0 0 0 0 0 70 70 0 0 0 0 0 0\n   8      15 sda15 165 1422 16028 114 2 0 2 1 0 96 119 1 1 201276 3 0 0\n   8      16 sdb 318 0 19226 162 161 532 266776 18879 0 1876 19052 35 34 16465312 11 0 0\n   8      17 sdb1 110 0 6466 80 161 532 266776 18879 0 1964 18970 35 34 16465312 11 0 0\n  11       0 sr0 78 0 560 47 0 0 0 0 0 45 47 0 0 0 0 0 0\n"}
{"timestamp":1767737997,"subsystem":"statfs[*]","measurement":"{\"mount_point\":\"/\",\"block_size\":4096,\"blocks_total\":7574544,\"blocks_free\":7065725,\"blocks_available\":7061629}\n{\"mount_point\":\"/boot/efi\",\"block_size\":512,\"blocks_total\":213663,\"blocks_free\":201276,\"blocks_available\":201276}\n{\"mount_point\":\"/mnt\",\"block_size\":4096,\"blocks_total\":1011128,\"blocks_free\":1011121,\"blocks_available\":954622}\n"}
{"timestamp":1767738002,"subsystem":"/proc/stat","measurement":"cpu  264378 3973 86289 59734799 172959 0 11047 0 0 0\ncpu0 264378 3973 86289 59734799 172959 0 11047 0 0 0\nintr 25446761 0 0 0 0 2934 0 0 0 0 0 0 0 0 0 0 0 0 0 0 0 0 0 0 0 0 0 0 0 0 0 0 0 0 0 0 0 0 0 0 0 0 0 0 0 0 0 0 0 0 0 0 0 0 0 0 0 0 0 0 0 0 0 0 0 0 0 0 0 0 0 0 0 0 0 0 0 0 0 0 0 0 0 0 0 0 0 0 0 0 0 0 0 0 0 0 0 0 0 0 0 0 0 0 0 0 0 0 0 0 0 0 0 0 0 0 0 0 0 0 0 0 0 0 0 0 0 0 0 0 0 0 0 0 0 0 0 0 0 0 0 0 0 0 0 0 0 0 0 0 0 0 0 0 0 0 0 0 0 0 0 0 0 0 0 0 0 0 0 0 0 0 0 0 0 0 0 0 0 0 0 0 0 0 0 0 0 0 0 0 0 0 0 0 0 0 0 0 0 0 0 0 0 0 0 0 0 0 0 0 0 0 0 0 0 0 0 0 0 0 0 0 0 0 0 0 0 0 0 0 0 0 0 0 0 0 0 0 0 0 0 0 0 0 0 0 0 0 0 0 0 0 0 0 0 0 0\nctxt 47515372\nbtime 1767134306\nprocesses 71568\nprocs_running 2\nprocs_blocked 0\nsoftirq 22836868 0 9016147 4 2898262 0 0 7144251 0 878 3777326\n"}
{"timestamp":1767738002,"subsystem":"/proc/meminfo","measurement":"MemTotal:         868988 kB\nMemFree:          394352 kB\nMemAvailable:     486676 kB\nBuffers:           45672 kB\nCached:           160584 kB\nSwapCached:            0 kB\nActive:           119148 kB\nInactive:         184848 kB\nActive(anon):      98532 kB\nInactive(anon):    12340 kB\nActive(file):      20616 kB\nInactive(file):   172508 kB\nUnevictable:       30724 kB\nMlocked:           27652 kB\nSwapTotal:             0 kB\nSwapFree:              0 kB\nZswap:                 0 kB\nZswapped:              0 kB\nDirty:              1640 kB\nWriteback:             0 kB\nAnonPages:        127608 kB\nMapped:            57984 kB\nShmem:              4068 kB\nKReclaimable:      40608 kB\nSlab:              90848 kB\nSReclaimable:      40608 kB\nSUnreclaim:        50240 kB\nKernelStack:        2272 kB\nPageTables:         2976 kB\nSecPageTables:         0 kB\nNFS_Unstable:          0 kB\nBounce:                0 kB\nWritebackTmp:          0 kB\nCommitLimit:      434492 kB\nCommitted_AS:     487028 kB\nVmallocTotal:   34359738367 kB\nVmallocUsed:       32908 kB\nVmallocChunk:          0 kB\nPercpu:              792 kB\nHardwareCorrupted:     0 kB\nAnonHugePages:     30720 kB\nShmemHugePages:        0 kB\nShmemPmdMapped:        0 kB\nFileHugePages:         0 kB\nFilePmdMapped:         0 kB\nUnaccepted:            0 kB\nHugePages_Total:       0\nHugePages_Free:        0\nHugePages_Rsvd:        0\nHugePages_Surp:        0\nHugepagesize:       2048 kB\nHugetlb:               0 kB\nDirectMap4k:       76968 kB\nDirectMap2M:      919552 kB\nDirectMap1G:           0 kB\n"}
{"timestamp":1767738002,"subsystem":"/proc/net/dev","measurement":"Inter-|   Receive                                                |  Transmit\n face |bytes    packets errs drop fifo frame compressed multicast|bytes    packets errs drop fifo colls carrier compressed\n    lo:  200905    1325    0    0    0     0          0         0   200905    1325    0    0    0     0       0          0\n  eth0: 562408323 2076399    0    0    0     0          0         0 702662744 2458860    0    0    0     0       0          0\n"}
{"timestamp":1767738002,"subsystem":"/proc/diskstats","measurement":"   7       0 loop0 268 0 5220 434 0 0 0 0 0 408 434 0 0 0 0 0 0\n   7       1 loop1 74 0 2502 73 0 0 0 0 0 62 73 0 0 0 0 0 0\n   7       2 loop2 94 0 3752 82 0 0 0 0 0 84 82 0 0 0 0 0 0\n   7       3 loop3 11 0 28 0 0 0 0 0 0 0 0 0 0 0 0 0 0\n   7       4 loop4 0 0 0 0 0 0 0 0 0 0 0 0 0 0 0 0 0\n   7       5 loop5 0 0 0 0 0 0 0 0 0 0 0 0 0 0 0 0 0\n   7       6 loop6 0 0 0 0 0 0 0 0 0 0 0 0 0 0 0 0 0\n   7       7 loop7 0 0 0 0 0 0 0 0 0 0 0 0 0 0 0 0 0\n   8       0 sda 189320 7168 42661746 763345 1535876 553161 62179330 6906788 2 1760262 8517371 95434 1070 138785268 270199 770043 577037\n   8       1 sda1 188927 5746 42640774 763050 1535862 553153 62179224 6906764 2 1799028 7940012 95433 1069 138583992 270196 0 0\n   8      14 sda14 92 0 1232 70 0 0 0 0 0 70 70 0 0 0 0 0 0\n   8      15 sda15 165 1422 16028 114 2 0 2 1 0 96 119 1 1 201276 3 0 0\n   8      16 sdb 318 0 19226 162 161 532 266776 18879 0 1876 19052 35 34 16465312 11 0 0\n   8      17 sdb1 110 0 6466 80 161 532 266776 18879 0 1964 18970 35 34 16465312 11 0 0\n  11       0 sr0 78 0 560 47 0 0 0 0 0 45 47 0 0 0 0 0 0\n"}
{"timestamp":1767738002,"subsystem":"statfs[*]","measurement":"{\"mount_point\":\"/\",\"block_size\":4096,\"blocks_total\":7574544,\"blocks_free\":7065723,\"blocks_available\":7061627}\n{\"mount_point\":\"/boot/efi\",\"block_size\":512,\"blocks_total\":213663,\"blocks_free\":201276,\"blocks_available\":201276}\n{\"mount_point\":\"/mnt\",\"block_size\":4096,\"blocks_total\":1011128,\"blocks_free\":1011121,\"blocks_available\":954622}\n"}
{"timestamp":1767738007,"subsystem":"/proc/stat","measurement":"cpu  264500 3973 86295 59735168 172960 0 11048 0 0 0\ncpu0 264500 3973 86295 59735168 172960 0 11048 0 0 0\nintr 25448346 0 0 0 0 2934 0 0 0 0 0 0 0 0 0 0 0 0 0 0 0 0 0 0 0 0 0 0 0 0 0 0 0 0 0 0 0 0 0 0 0 0 0 0 0 0 0 0 0 0 0 0 0 0 0 0 0 0 0 0 0 0 0 0 0 0 0 0 0 0 0 0 0 0 0 0 0 0 0 0 0 0 0 0 0 0 0 0 0 0 0 0 0 0 0 0 0 0 0 0 0 0 0 0 0 0 0 0 0 0 0 0 0 0 0 0 0 0 0 0 0 0 0 0 0 0 0 0 0 0 0 0 0 0 0 0 0 0 0 0 0 0 0 0 0 0 0 0 0 0 0 0 0 0 0 0 0 0 0 0 0 0 0 0 0 0 0 0 0 0 0 0 0 0 0 0 0 0 0 0 0 0 0 0 0 0 0 0 0 0 0 0 0 0 0 0 0 0 0 0 0 0 0 0 0 0 0 0 0 0 0 0 0 0 0 0 0 0 0 0 0 0 0 0 0 0 0 0 0 0 0 0 0 0 0 0 0 0 0 0 0 0 0 0 0 0 0 0 0 0 0 0 0 0 0 0 0\nctxt 47516415\nbtime 1767134306\nprocesses 71607\nprocs_running 2\nprocs_blocked 0\nsoftirq 22837648 0 9016295 4 2898316 0 0 7144285 0 878 3777870\n"}
{"timestamp":1767738007,"subsystem":"/proc/meminfo","measurement":"MemTotal:         868988 kB\nMemFree:          389028 kB\nMemAvailable:     482004 kB\nBuffers:           45676 kB\nCached:           161232 kB\nSwapCached:            0 kB\nActive:           124080 kB\nInactive:         185040 kB\nActive(anon):     103004 kB\nInactive(anon):    12340 kB\nActive(file):      21076 kB\nInactive(file):   172700 kB\nUnevictable:       30724 kB\nMlocked:           27652 kB\nSwapTotal:             0 kB\nSwapFree:              0 kB\nZswap:                 0 kB\nZswapped:              0 kB\nDirty:              1628 kB\nWriteback:             0 kB\nAnonPages:        132088 kB\nMapped:            59300 kB\nShmem:              4068 kB\nKReclaimable:      40608 kB\nSlab:              91040 kB\nSReclaimable:      40608 kB\nSUnreclaim:        50432 kB\nKernelStack:        2368 kB\nPageTables:         3380 kB\nSecPageTables:         0 kB\nNFS_Unstable:          0 kB\nBounce:                0 kB\nWritebackTmp:          0 kB\nCommitLimit:      434492 kB\nCommitted_AS:     500240 kB\nVmallocTotal:   34359738367 kB\nVmallocUsed:       32992 kB\nVmallocChunk:          0 kB\nPercpu:              792 kB\nHardwareCorrupted:     0 kB\nAnonHugePages:     30720 kB\nShmemHugePages:        0 kB\nShmemPmdMapped:        0 kB\nFileHugePages:         0 kB\nFilePmdMapped:         0 kB\nUnaccepted:            0 kB\nHugePages_Total:       0\nHugePages_Free:        0\nHugePages_Rsvd:        0\nHugePages_Surp:        0\nHugepagesize:       2048 kB\nHugetlb:               0 kB\nDirectMap4k:       76968 kB\nDirectMap2M:      919552 kB\nDirectMap1G:           0 kB\n"}
{"timestamp":1767738007,"subsystem":"/proc/net/dev","measurement":"Inter-|   Receive                                                |  Transmit\n face |bytes    packets errs drop fifo frame compressed multicast|bytes    packets errs drop fifo colls carrier compressed\n    lo:  200905    1325    0    0    0     0          0         0   200905    1325    0    0    0     0       0          0\n  eth0: 562415141 2076427    0    0    0     0          0         0 702669652 2458899    0    0    0     0       0          0\n"}
{"timestamp":1767738007,"subsystem":"/proc/diskstats","measurement":"   7       0 loop0 268 0 5220 434 0 0 0 0 0 408 434 0 0 0 0 0 0\n   7       1 loop1 74 0 2502 73 0 0 0 0 0 62 73 0 0 0 0 0 0\n   7       2 loop2 94 0 3752 82 0 0 0 0 0 84 82 0 0 0 0 0 0\n   7       3 loop3 11 0 28 0 0 0 0 0 0 0 0 0 0 0 0 0 0\n   7       4 loop4 0 0 0 0 0 0 0 0 0 0 0 0 0 0 0 0 0\n   7       5 loop5 0 0 0 0 0 0 0 0 0 0 0 0 0 0 0 0 0\n   7       6 loop6 0 0 0 0 0 0 0 0 0 0 0 0 0 0 0 0 0\n   7       7 loop7 0 0 0 0 0 0 0 0 0 0 0 0 0 0 0 0 0\n   8       0 sda 189342 7168 42663018 763360 1535883 553172 62179482 6906797 0 1760280 8517402 95435 1070 138785276 270202 770044 577041\n   8       1 sda1 188949 5746 42642046 763065 1535869 553164 62179376 6906773 0 1799052 7940039 95434 1069 138584000 270199 0 0\n   8      14 sda14 92 0 1232 70 0 0 0 0 0 70 70 0 0 0 0 0 0\n   8      15 sda15 165 1422 16028 114 2 0 2 1 0 96 119 1 1 201276 3 0 0\n   8      16 sdb 318 0 19226 162 161 532 266776 18879 0 1876 19052 35 34 16465312 11 0 0\n   8      17 sdb1 110 0 6466 80 161 532 266776 18879 0 1964 18970 35 34 16465312 11 0 0\n  11       0 sr0 78 0 560 47 0 0 0 0 0 45 47 0 0 0 0 0 0\n"}
{"timestamp":1767738007,"subsystem":"statfs[*]","measurement":"{\"mount_point\":\"/\",\"block_size\":4096,\"blocks_total\":7574544,\"blocks_free\":7065719,\"blocks_available\":7061623}\n{\"mount_point\":\"/boot/efi\",\"block_size\":512,\"blocks_total\":213663,\"blocks_free\":201276,\"blocks_available\":201276}\n{\"mount_point\":\"/mnt\",\"block_size\":4096,\"blocks_total\":1011128,\"blocks_free\":1011121,\"blocks_available\":954622}\n"}
{"timestamp":1767738012,"subsystem":"/proc/stat","measurement":"cpu  264994 3973 86298 59735168 172960 0 11048 0 0 0\ncpu0 264994 3973 86298 59735168 172960 0 11048 0 0 0\nintr 25453705 0 0 0 0 2934 0 0 0 0 0 0 0 0 0 0 0 0 0 0 0 0 0 0 0 0 0 0 0 0 0 0 0 0 0 0 0 0 0 0 0 0 0 0 0 0 0 0 0 0 0 0 0 0 0 0 0 0 0 0 0 0 0 0 0 0 0 0 0 0 0 0 0 0 0 0 0 0 0 0 0 0 0 0 0 0 0 0 0 0 0 0 0 0 0 0 0 0 0 0 0 0 0 0 0 0 0 0 0 0 0 0 0 0 0 0 0 0 0 0 0 0 0 0 0 0 0 0 0 0 0 0 0 0 0 0 0 0 0 0 0 0 0 0 0 0 0 0 0 0 0 0 0 0 0 0 0 0 0 0 0 0 0 0 0 0 0 0 0 0 0 0 0 0 0 0 0 0 0 0 0 0 0 0 0 0 0 0 0 0 0 0 0 0 0 0 0 0 0 0 0 0 0 0 0 0 0 0 0 0 0 0 0 0 0 0 0 0 0 0 0 0 0 0 0 0 0 0 0 0 0 0 0 0 0 0 0 0 0 0 0 0 0 0 0 0 0 0 0 0 0 0 0 0 0 0 0\nctxt 47518316\nbtime 1767134306\nprocesses 71608\nprocs_running 2\nprocs_blocked 0\nsoftirq 22838369 0 9016420 4 2898339 0 0 7144790 0 878 3777938\n"}
{"timestamp":1767738012,"subsystem":"/proc/meminfo","measurement":"MemTotal:         868988 kB\nMemFree:          388272 kB\nMemAvailable:     481252 kB\nBuffers:           45676 kB\nCached:           161236 kB\nSwapCached:            0 kB\nActive:           124152 kB\nInactive:         185044 kB\nActive(anon):     103076 kB\nInactive(anon):    12340 kB\nActive(file):      21076 kB\nInactive(file):   172704 kB\nUnevictable:       30724 kB\nMlocked:           27652 kB\nSwapTotal:             0 kB\nSwapFree:              0 kB\nZswap:                 0 kB\nZswapped:              0 kB\nDirty:              1580 kB\nWriteback:             0 kB\nAnonPages:        132152 kB\nMapped:            59364 kB\nShmem:              4068 kB\nKReclaimable:      40608 kB\nSlab:              91060 kB\nSReclaimable:      40608 kB\nSUnreclaim:        50452 kB\nKernelStack:        2368 kB\nPageTables:         3380 kB\nSecPageTables:         0 kB\nNFS_Unstable:          0 kB\nBounce:                0 kB\nWritebackTmp:          0 kB\nCommitLimit:      434492 kB\nCommitted_AS:     500240 kB\nVmallocTotal:   34359738367 kB\nVmallocUsed:       33008 kB\nVmallocChunk:          0 kB\nPercpu:              792 kB\nHardwareCorrupted:     0 kB\nAnonHugePages:     30720 kB\nShmemHugePages:        0 kB\nShmemPmdMapped:        0 kB\nFileHugePages:         0 kB\nFilePmdMapped:         0 kB\nUnaccepted:            0 kB\nHugePages_Total:       0\nHugePages_Free:        0\nHugePages_Rsvd:        0\nHugePages_Surp:        0\nHugepagesize:       2048 kB\nHugetlb:               0 kB\nDirectMap4k:       76968 kB\nDirectMap2M:      919552 kB\nDirectMap1G:           0 kB\n"}
{"timestamp":1767738012,"subsystem":"/proc/net/dev","measurement":"Inter-|   Receive                                                |  Transmit\n face |bytes    packets errs drop fifo frame compressed multicast|bytes    packets errs drop fifo colls carrier compressed\n    lo:  200905    1325    0    0    0     0          0         0   200905    1325    0    0    0     0       0          0\n  eth0: 562419099 2076443    0    0    0     0          0         0 702674973 2458919    0    0    0     0       0          0\n"}
{"timestamp":1767738012,"subsystem":"/proc/diskstats","measurement":"   7       0 loop0 268 0 5220 434 0 0 0 0 0 408 434 0 0 0 0 0 0\n   7       1 loop1 74 0 2502 73 0 0 0 0 0 62 73 0 0 0 0 0 0\n   7       2 loop2 94 0 3752 82 0 0 0 0 0 84 82 0 0 0 0 0 0\n   7       3 loop3 11 0 28 0 0 0 0 0 0 0 0 0 0 0 0 0 0\n   7       4 loop4 0 0 0 0 0 0 0 0 0 0 0 0 0 0 0 0 0\n   7       5 loop5 0 0 0 0 0 0 0 0 0 0 0 0 0 0 0 0 0\n   7       6 loop6 0 0 0 0 0 0 0 0 0 0 0 0 0 0 0 0 0\n   7       7 loop7 0 0 0 0 0 0 0 0 0 0 0 0 0 0 0 0 0\n   8       0 sda 189342 7168 42663018 763360 1535900 553187 62179738 6906811 0 1760290 8517422 95436 1070 138785284 270205 770045 577045\n   8       1 sda1 188949 5746 42642046 763065 1535886 553179 62179632 6906787 0 1799062 7940056 95435 1069 138584008 270202 0 0\n   8      14 sda14 92 0 1232 70 0 0 0 0 0 70 70 0 0 0 0 0 0\n   8      15 sda15 165 1422 16028 114 2 0 2 1 0 96 119 1 1 201276 3 0 0\n   8      16 sdb 318 0 19226 162 161 532 266776 18879 0 1876 19052 35 34 16465312 11 0 0\n   8      17 sdb1 110 0 6466 80 161 532 266776 18879 0 1964 18970 35 34 16465312 11 0 0\n  11       0 sr0 78 0 560 47 0 0 0 0 0 45 47 0 0 0 0 0 0\n"}
{"timestamp":1767738012,"subsystem":"statfs[*]","measurement":"{\"mount_point\":\"/\",\"block_size\":4096,\"blocks_total\":7574544,\"blocks_free\":7065718,\"blocks_available\":7061622}\n{\"mount_point\":\"/boot/efi\",\"block_size\":512,\"blocks_total\":213663,\"blocks_free\":201276,\"blocks_available\":201276}\n{\"mount_point\":\"/mnt\",\"block_size\":4096,\"blocks_total\":1011128,\"blocks_free\":1011121,\"blocks_available\":954622}\n"}
{"timestamp":1767738017,"subsystem":"/proc/stat","measurement":"cpu  265491 3973 86299 59735168 172960 0 11049 0 0 0\ncpu0 265491 3973 86299 59735168 172960 0 11049 0 0 0\nintr 25458855 0 0 0 0 2934 0 0 0 0 0 0 0 0 0 0 0 0 0 0 0 0 0 0 0 0 0 0 0 0 0 0 0 0 0 0 0 0 0 0 0 0 0 0 0 0 0 0 0 0 0 0 0 0 0 0 0 0 0 0 0 0 0 0 0 0 0 0 0 0 0 0 0 0 0 0 0 0 0 0 0 0 0 0 0 0 0 0 0 0 0 0 0 0 0 0 0 0 0 0 0 0 0 0 0 0 0 0 0 0 0 0 0 0 0 0 0 0 0 0 0 0 0 0 0 0 0 0 0 0 0 0 0 0 0 0 0 0 0 0 0 0 0 0 0 0 0 0 0 0 0 0 0 0 0 0 0 0 0 0 0 0 0 0 0 0 0 0 0 0 0 0 0 0 0 0 0 0 0 0 0 0 0 0 0 0 0 0 0 0 0 0 0 0 0 0 0 0 0 0 0 0 0 0 0 0 0 0 0 0 0 0 0 0 0 0 0 0 0 0 0 0 0 0 0 0 0 0 0 0 0 0 0 0 0 0 0 0 0 0 0 0 0 0 0 0 0 0 0 0 0 0 0 0 0 0 0\nctxt 47518966\nbtime 1767134306\nprocesses 71609\nprocs_running 3\nprocs_blocked 0\nsoftirq 22838635 0 9016531 4 2898361 0 0 7144851 0 878 3778010\n"}
{"timestamp":1767738017,"subsystem":"/proc/meminfo","measurement":"MemTotal:         868988 kB\nMemFree:          388272 kB\nMemAvailable:     481232 kB\nBuffers:           45676 kB\nCached:           161216 kB\nSwapCached:            0 kB\nActive:           124172 kB\nInactive:         185024 kB\nActive(anon):     103096 kB\nInactive(anon):    12340 kB\nActive(file):      21076 kB\nInactive(file):   172684 kB\nUnevictable:       30724 kB\nMlocked:           27652 kB\nSwapTotal:             0 kB\nSwapFree:              0 kB\nZswap:                 0 kB\nZswapped:              0 kB\nDirty:                84 kB\nWriteback:             0 kB\nAnonPages:        132172 kB\nMapped:            59400 kB\nShmem:              4068 kB\nKReclaimable:      40608 kB\nSlab:              91068 kB\nSReclaimable:      40608 kB\nSUnreclaim:        50460 kB\nKernelStack:        2368 kB\nPageTables:         3380 kB\nSecPageTables:         0 kB\nNFS_Unstable:          0 kB\nBounce:                0 kB\nWritebackTmp:          0 kB\nCommitLimit:      434492 kB\nCommitted_AS:     500240 kB\nVmallocTotal:   34359738367 kB\nVmallocUsed:       33008 kB\nVmallocChunk:          0 kB\nPercpu:              792 kB\nHardwareCorrupted:     0 kB\nAnonHugePages:     30720 kB\nShmemHugePages:        0 kB\nShmemPmdMapped:        0 kB\nFileHugePages:         0 kB\nFilePmdMapped:         0 kB\nUnaccepted:            0 kB\nHugePages_Total:       0\nHugePages_Free:        0\nHugePages_Rsvd:        0\nHugePages_Surp:        0\nHugepagesize:       2048 kB\nHugetlb:               0 kB\nDirectMap4k:       76968 kB\nDirectMap2M:      919552 kB\nDirectMap1G:           0 kB\n"}
{"timestamp":1767738017,"subsystem":"/proc/net/dev","measurement":"Inter-|   Receive                                                |  Transmit\n face |bytes    packets errs drop fifo frame compressed multicast|bytes    packets errs drop fifo colls carrier compressed\n    lo:  200905    1325    0    0    0     0          0         0   200905    1325    0    0    0     0       0          0\n  eth0: 562422895 2076458    0    0    0     0          0         0 702680216 2458938    0    0    0     0       0          0\n"}
{"timestamp":1767738017,"subsystem":"/proc/diskstats","measurement":"   7       0 loop0 268 0 5220 434 0 0 0 0 0 408 434 0 0 0 0 0 0\n   7       1 loop1 74 0 2502 73 0 0 0 0 0 62 73 0 0 0 0 0 0\n   7       2 loop2 94 0 3752 82 0 0 0 0 0 84 82 0 0 0 0 0 0\n   7       3 loop3 11 0 28 0 0 0 0 0 0 0 0 0 0 0 0 0 0\n   7       4 loop4 0 0 0 0 0 0 0 0 0 0 0 0 0 0 0 0 0\n   7       5 loop5 0 0 0 0 0 0 0 0 0 0 0 0 0 0 0 0 0\n   7       6 loop6 0 0 0 0 0 0 0 0 0 0 0 0 0 0 0 0 0\n   7       7 loop7 0 0 0 0 0 0 0 0 0 0 0 0 0 0 0 0 0\n   8       0 sda 189342 7168 42663018 763360 1536111 553206 62182914 6906980 0 1760310 8517597 95437 1070 138785292 270208 770046 577047\n   8       1 sda1 188949 5746 42642046 763065 1536097 553198 62182808 6906957 0 1799082 7940228 95436 1069 138584016 270205 0 0\n   8      14 sda14 92 0 1232 70 0 0 0 0 0 70 70 0 0 0 0 0 0\n   8      15 sda15 165 1422 16028 114 2 0 2 1 0 96 119 1 1 201276 3 0 0\n   8      16 sdb 318 0 19226 162 161 532 266776 18879 0 1876 19052 35 34 16465312 11 0 0\n   8      17 sdb1 110 0 6466 80 161 532 266776 18879 0 1964 18970 35 34 16465312 11 0 0\n  11       0 sr0 78 0 560 47 0 0 0 0 0 45 47 0 0 0 0 0 0\n"}
{"timestamp":1767738017,"subsystem":"statfs[*]","measurement":"{\"mount_point\":\"/\",\"block_size\":4096,\"blocks_total\":7574544,\"blocks_free\":7065723,\"blocks_available\":7061627}\n{\"mount_point\":\"/boot/efi\",\"block_size\":512,\"blocks_total\":213663,\"blocks_free\":201276,\"blocks_available\":201276}\n{\"mount_point\":\"/mnt\",\"block_size\":4096,\"blocks_total\":1011128,\"blocks_free\":1011121,\"blocks_available\":954622}\n"}
{"timestamp":1767738022,"subsystem":"/proc/stat","measurement":"cpu  265988 3973 86300 59735168 172960 0 11049 0 0 0\ncpu0 265988 3973 86300 59735168 172960 0 11049 0 0 0\nintr 25463980 0 0 0 0 2934 0 0 0 0 0 0 0 0 0 0 0 0 0 0 0 0 0 0 0 0 0 0 0 0 0 0 0 0 0 0 0 0 0 0 0 0 0 0 0 0 0 0 0 0 0 0 0 0 0 0 0 0 0 0 0 0 0 0 0 0 0 0 0 0 0 0 0 0 0 0 0 0 0 0 0 0 0 0 0 0 0 0 0 0 0 0 0 0 0 0 0 0 0 0 0 0 0 0 0 0 0 0 0 0 0 0 0 0 0 0 0 0 0 0 0 0 0 0 0 0 0 0 0 0 0 0 0 0 0 0 0 0 0 0 0 0 0 0 0 0 0 0 0 0 0 0 0 0 0 0 0 0 0 0 0 0 0 0 0 0 0 0 0 0 0 0 0 0 0 0 0 0 0 0 0 0 0 0 0 0 0 0 0 0 0 0 0 0 0 0 0 0 0 0 0 0 0 0 0 0 0 0 0 0 0 0 0 0 0 0 0 0 0 0 0 0 0 0 0 0 0 0 0 0 0 0 0 0 0 0 0 0 0 0 0 0 0 0 0 0 0 0 0 0 0 0 0 0 0 0 0\nctxt 47519654\nbtime 1767134306\nprocesses 71611\nprocs_running 2\nprocs_blocked 0\nsoftirq 22838917 0 9016653 4 2898391 0 0 7144858 0 878 3778133\n"}
{"timestamp":1767738022,"subsystem":"/proc/meminfo","measurement":"MemTotal:         868988 kB\nMemFree:          387292 kB\nMemAvailable:     480256 kB\nBuffers:           45676 kB\nCached:           161220 kB\nSwapCached:            0 kB\nActive:           125804 kB\nInactive:         185028 kB\nActive(anon):     104728 kB\nInactive(anon):    12340 kB\nActive(file):      21076 kB\nInactive(file):   172688 kB\nUnevictable:       30724 kB\nMlocked:           27652 kB\nSwapTotal:             0 kB\nSwapFree:              0 kB\nZswap:                 0 kB\nZswapped:              0 kB\nDirty:                96 kB\nWriteback:             0 kB\nAnonPages:        133804 kB\nMapped:            59428 kB\nShmem:              4068 kB\nKReclaimable:      40608 kB\nSlab:              91092 kB\nSReclaimable:      40608 kB\nSUnreclaim:        50484 kB\nKernelStack:        2384 kB\nPageTables:         3444 kB\nSecPageTables:         0 kB\nNFS_Unstable:          0 kB\nBounce:                0 kB\nWritebackTmp:          0 kB\nCommitLimit:      434492 kB\nCommitted_AS:     502188 kB\nVmallocTotal:   34359738367 kB\nVmallocUsed:       33008 kB\nVmallocChunk:          0 kB\nPercpu:              792 kB\nHardwareCorrupted:     0 kB\nAnonHugePages:     30720 kB\nShmemHugePages:        0 kB\nShmemPmdMapped:        0 kB\nFileHugePages:         0 kB\nFilePmdMapped:         0 kB\nUnaccepted:            0 kB\nHugePages_Total:       0\nHugePages_Free:        0\nHugePages_Rsvd:        0\nHugePages_Surp:        0\nHugepagesize:       2048 kB\nHugetlb:               0 kB\nDirectMap4k:       76968 kB\nDirectMap2M:      919552 kB\nDirectMap1G:           0 kB\n"}
{"timestamp":1767738022,"subsystem":"/proc/net/dev","measurement":"Inter-|   Receive                                                |  Transmit\n face |bytes    packets errs drop fifo frame compressed multicast|bytes    packets errs drop fifo colls carrier compressed\n    lo:  200905    1325    0    0    0     0          0         0   200905    1325    0    0    0     0       0          0\n  eth0: 562427264 2076479    0    0    0     0          0         0 702696064 2458966    0    0    0     0       0          0\n"}
{"timestamp":1767738022,"subsystem":"/proc/diskstats","measurement":"   7       0 loop0 268 0 5220 434 0 0 0 0 0 408 434 0 0 0 0 0 0\n   7       1 loop1 74 0 2502 73 0 0 0 0 0 62 73 0 0 0 0 0 0\n   7       2 loop2 94 0 3752 82 0 0 0 0 0 84 82 0 0 0 0 0 0\n   7       3 loop3 11 0 28 0 0 0 0 0 0 0 0 0 0 0 0 0 0\n   7       4 loop4 0 0 0 0 0 0 0 0 0 0 0 0 0 0 0 0 0\n   7       5 loop5 0 0 0 0 0 0 0 0 0 0 0 0 0 0 0 0 0\n   7       6 loop6 0 0 0 0 0 0 0 0 0 0 0 0 0 0 0 0 0\n   7       7 loop7 0 0 0 0 0 0 0 0 0 0 0 0 0 0 0 0 0\n   8       0 sda 189342 7168 42663018 763360 1536112 553206 62182922 6906980 0 1760310 8517597 95437 1070 138785292 270208 770046 577047\n   8       1 sda1 188949 5746 42642046 763065 1536098 553198 62182816 6906957 0 1799082 7940228 95436 1069 138584016 270205 0 0\n   8      14 sda14 92 0 1232 70 0 0 0 0 0 70 70 0 0 0 0 0 0\n   8      15 sda15 165 1422 16028 114 2 0 2 1 0 96 119 1 1 201276 3 0 0\n   8      16 sdb 318 0 19226 162 161 532 266776 18879 0 1876 19052 35 34 16465312 11 0 0\n   8      17 sdb1 110 0 6466 80 161 532 266776 18879 0 1964 18970 35 34 16465312 11 0 0\n  11       0 sr0 78 0 560 47 0 0 0 0 0 45 47 0 0 0 0 0 0\n"}
{"timestamp":1767738022,"subsystem":"statfs[*]","measurement":"{\"mount_point\":\"/\",\"block_size\":4096,\"blocks_total\":7574544,\"blocks_free\":7065722,\"blocks_available\":7061626}\n{\"mount_point\":\"/boot/efi\",\"block_size\":512,\"blocks_total\":213663,\"blocks_free\":201276,\"blocks_available\":201276}\n{\"mount_point\":\"/mnt\",\"block_size\":4096,\"blocks_total\":1011128,\"blocks_free\":1011121,\"blocks_available\":954622}\n"}
{"timestamp":1767738027,"subsystem":"/proc/stat","measurement":"cpu  266483 3973 86301 59735168 172960 0 11049 0 0 0\ncpu0 266483 3973 86301 59735168 172960 0 11049 0 0 0\nintr 25469061 0 0 0 0 2934 0 0 0 0 0 0 0 0 0 0 0 0 0 0 0 0 0 0 0 0 0 0 0 0 0 0 0 0 0 0 0 0 0 0 0 0 0 0 0 0 0 0 0 0 0 0 0 0 0 0 0 0 0 0 0 0 0 0 0 0 0 0 0 0 0 0 0 0 0 0 0 0 0 0 0 0 0 0 0 0 0 0 0 0 0 0 0 0 0 0 0 0 0 0 0 0 0 0 0 0 0 0 0 0 0 0 0 0 0 0 0 0 0 0 0 0 0 0 0 0 0 0 0 0 0 0 0 0 0 0 0 0 0 0 0 0 0 0 0 0 0 0 0 0 0 0 0 0 0 0 0 0 0 0 0 0 0 0 0 0 0 0 0 0 0 0 0 0 0 0 0 0 0 0 0 0 0 0 0 0 0 0 0 0 0 0 0 0 0 0 0 0 0 0 0 0 0 0 0 0 0 0 0 0 0 0 0 0 0 0 0 0 0 0 0 0 0 0 0 0 0 0 0 0 0 0 0 0 0 0 0 0 0 0 0 0 0 0 0 0 0 0 0 0 0 0 0 0 0 0 0\nctxt 47520250\nbtime 1767134306\nprocesses 71612\nprocs_running 2\nprocs_blocked 0\nsoftirq 22839152 0 9016785 4 2898414 0 0 7144870 0 878 3778201\n"}
{"timestamp":1767738027,"subsystem":"/proc/meminfo","measurement":"MemTotal:         868988 kB\nMemFree:          386536 kB\nMemAvailable:     479512 kB\nBuffers:           45684 kB\nCached:           161224 kB\nSwapCached:            0 kB\nActive:           125820 kB\nInactive:         185040 kB\nActive(anon):     104744 kB\nInactive(anon):    12340 kB\nActive(file):      21076 kB\nInactive(file):   172700 kB\nUnevictable:       30724 kB\nMlocked:           27652 kB\nSwapTotal:             0 kB\nSwapFree:              0 kB\nZswap:                 0 kB\nZswapped:              0 kB\nDirty:                88 kB\nWriteback:             0 kB\nAnonPages:        133820 kB\nMapped:            59428 kB\nShmem:              4068 kB\nKReclaimable:      40608 kB\nSlab:              91108 kB\nSReclaimable:      40608 kB\nSUnreclaim:        50500 kB\nKernelStack:        2384 kB\nPageTables:         3444 kB\nSecPageTables:         0 kB\nNFS_Unstable:          0 kB\nBounce:                0 kB\nWritebackTmp:          0 kB\nCommitLimit:      434492 kB\nCommitted_AS:     502188 kB\nVmallocTotal:   34359738367 kB\nVmallocUsed:       33024 kB\nVmallocChunk:          0 kB\nPercpu:              792 kB\nHardwareCorrupted:     0 kB\nAnonHugePages:     30720 kB\nShmemHugePages:        0 kB\nShmemPmdMapped:        0 kB\nFileHugePages:         0 kB\nFilePmdMapped:         0 kB\nUnaccepted:            0 kB\nHugePages_Total:       0\nHugePages_Free:        0\nHugePages_Rsvd:        0\nHugePages_Surp:        0\nHugepagesize:       2048 kB\nHugetlb:               0 kB\nDirectMap4k:       76968 kB\nDirectMap2M:      919552 kB\nDirectMap1G:           0 kB\n"}
{"timestamp":1767738027,"subsystem":"/proc/net/dev","measurement":"Inter-|   Receive                                                |  Transmit\n face |bytes    packets errs drop fifo frame compressed multicast|bytes    packets errs drop fifo colls carrier compressed\n    lo:  200905    1325    0    0    0     0          0         0   200905    1325    0    0    0     0       0          0\n  eth0: 562431138 2076495    0    0    0     0          0         0 702701415 2458986    0    0    0     0       0          0\n"}
{"timestamp":1767738027,"subsystem":"/proc/diskstats","measurement":"   7       0 loop0 268 0 5220 434 0 0 0 0 0 408 434 0 0 0 0 0 0\n   7       1 loop1 74 0 2502 73 0 0 0 0 0 62 73 0 0 0 0 0 0\n   7       2 loop2 94 0 3752 82 0 0 0 0 0 84 82 0 0 0 0 0 0\n   7       3 loop3 11 0 28 0 0 0 0 0 0 0 0 0 0 0 0 0 0\n   7       4 loop4 0 0 0 0 0 0 0 0 0 0 0 0 0 0 0 0 0\n   7       5 loop5 0 0 0 0 0 0 0 0 0 0 0 0 0 0 0 0 0\n   7       6 loop6 0 0 0 0 0 0 0 0 0 0 0 0 0 0 0 0 0\n   7       7 loop7 0 0 0 0 0 0 0 0 0 0 0 0 0 0 0 0 0\n   8       0 sda 189342 7168 42663018 763360 1536117 553211 62183010 6906989 0 1760319 8517611 95438 1070 138785300 270211 770047 577050\n   8       1 sda1 188949 5746 42642046 763065 1536103 553203 62182904 6906965 0 1799091 7940239 95437 1069 138584024 270207 0 0\n   8      14 sda14 92 0 1232 70 0 0 0 0 0 70 70 0 0 0 0 0 0\n   8      15 sda15 165 1422 16028 114 2 0 2 1 0 96 119 1 1 201276 3 0 0\n   8      16 sdb 318 0 19226 162 161 532 266776 18879 0 1876 19052 35 34 16465312 11 0 0\n   8      17 sdb1 110 0 6466 80 161 532 266776 18879 0 1964 18970 35 34 16465312 11 0 0\n  11       0 sr0 78 0 560 47 0 0 0 0 0 45 47 0 0 0 0 0 0\n"}
{"timestamp":1767738027,"subsystem":"statfs[*]","measurement":"{\"mount_point\":\"/\",\"block_size\":4096,\"blocks_total\":7574544,\"blocks_free\":7065721,\"blocks_available\":7061625}\n{\"mount_point\":\"/boot/efi\",\"block_size\":512,\"blocks_total\":213663,\"blocks_free\":201276,\"blocks_available\":201276}\n{\"mount_point\":\"/mnt\",\"block_size\":4096,\"blocks_total\":1011128,\"blocks_free\":1011121,\"blocks_available\":954622}\n"}
{"timestamp":1767738032,"subsystem":"/proc/stat","measurement":"cpu  266979 3973 86302 59735168 172960 0 11049 0 0 0\ncpu0 266979 3973 86302 59735168 172960 0 11049 0 0 0\nintr 25474182 0 0 0 0 2934 0 0 0 0 0 0 0 0 0 0 0 0 0 0 0 0 0 0 0 0 0 0 0 0 0 0 0 0 0 0 0 0 0 0 0 0 0 0 0 0 0 0 0 0 0 0 0 0 0 0 0 0 0 0 0 0 0 0 0 0 0 0 0 0 0 0 0 0 0 0 0 0 0 0 0 0 0 0 0 0 0 0 0 0 0 0 0 0 0 0 0 0 0 0 0 0 0 0 0 0 0 0 0 0 0 0 0 0 0 0 0 0 0 0 0 0 0 0 0 0 0 0 0 0 0 0 0 0 0 0 0 0 0 0 0 0 0 0 0 0 0 0 0 0 0 0 0 0 0 0 0 0 0 0 0 0 0 0 0 0 0 0 0 0 0 0 0 0 0 0 0 0 0 0 0 0 0 0 0 0 0 0 0 0 0 0 0 0 0 0 0 0 0 0 0 0 0 0 0 0 0 0 0 0 0 0 0 0 0 0 0 0 0 0 0 0 0 0 0 0 0 0 0 0 0 0 0 0 0 0 0 0 0 0 0 0 0 0 0 0 0 0 0 0 0 0 0 0 0 0 0\nctxt 47521077\nbtime 1767134306\nprocesses 71615\nprocs_running 2\nprocs_blocked 0\nsoftirq 22839532 0 9016924 4 2898453 0 0 7144881 0 878 3778392\n"}
{"timestamp":1767738032,"subsystem":"/proc/meminfo","measurement":"MemTotal:         868988 kB\nMemFree:          383428 kB\nMemAvailable:     476412 kB\nBuffers:           45684 kB\nCached:           161232 kB\nSwapCached:            0 kB\nActive:           127888 kB\nInactive:         185048 kB\nActive(anon):     106812 kB\nInactive(anon):    12340 kB\nActive(file):      21076 kB\nInactive(file):   172708 kB\nUnevictable:       30724 kB\nMlocked:           27652 kB\nSwapTotal:             0 kB\nSwapFree:              0 kB\nZswap:                 0 kB\nZswapped:              0 kB\nDirty:               248 kB\nWriteback:             0 kB\nAnonPages:        135888 kB\nMapped:            59432 kB\nShmem:              4068 kB\nKReclaimable:      40608 kB\nSlab:              91176 kB\nSReclaimable:      40608 kB\nSUnreclaim:        50568 kB\nKernelStack:        2384 kB\nPageTables:         3448 kB\nSecPageTables:         0 kB\nNFS_Unstable:          0 kB\nBounce:                0 kB\nWritebackTmp:          0 kB\nCommitLimit:      434492 kB\nCommitted_AS:     502188 kB\nVmallocTotal:   34359738367 kB\nVmallocUsed:       33040 kB\nVmallocChunk:          0 kB\nPercpu:              792 kB\nHardwareCorrupted:     0 kB\nAnonHugePages:     32768 kB\nShmemHugePages:        0 kB\nShmemPmdMapped:        0 kB\nFileHugePages:         0 kB\nFilePmdMapped:         0 kB\nUnaccepted:            0 kB\nHugePages_Total:       0\nHugePages_Free:        0\nHugePages_Rsvd:        0\nHugePages_Surp:        0\nHugepagesize:       2048 kB\nHugetlb:               0 kB\nDirectMap4k:       76968 kB\nDirectMap2M:      919552 kB\nDirectMap1G:           0 kB\n"}
{"timestamp":1767738032,"subsystem":"/proc/net/dev","measurement":"Inter-|   Receive                                                |  Transmit\n face |bytes    packets errs drop fifo frame compressed multicast|bytes    packets errs drop fifo colls carrier compressed\n    lo:  200905    1325    0    0    0     0          0         0   200905    1325    0    0    0     0       0          0\n  eth0: 562436936 2076521    0    0    0     0          0         0 702709910 2459016    0    0    0     0       0          0\n"}
{"timestamp":1767738032,"subsystem":"/proc/diskstats","measurement":"   7       0 loop0 268 0 5220 434 0 0 0 0 0 408 434 0 0 0 0 0 0\n   7       1 loop1 74 0 2502 73 0 0 0 0 0 62 73 0 0 0 0 0 0\n   7       2 loop2 94 0 3752 82 0 0 0 0 0 84 82 0 0 0 0 0 0\n   7       3 loop3 11 0 28 0 0 0 0 0 0 0 0 0 0 0 0 0 0\n   7       4 loop4 0 0 0 0 0 0 0 0 0 0 0 0 0 0 0 0 0\n   7       5 loop5 0 0 0 0 0 0 0 0 0 0 0 0 0 0 0 0 0\n   7       6 loop6 0 0 0 0 0 0 0 0 0 0 0 0 0 0 0 0 0\n   7       7 loop7 0 0 0 0 0 0 0 0 0 0 0 0 0 0 0 0 0\n   8       0 sda 189342 7168 42663018 763360 1536120 553216 62183074 6906994 0 1760326 8517621 95439 1070 138785308 270213 770048 577052\n   8       1 sda1 188949 5746 42642046 763065 1536106 553208 62182968 6906971 0 1799098 7940247 95438 1069 138584032 270210 0 0\n   8      14 sda14 92 0 1232 70 0 0 0 0 0 70 70 0 0 0 0 0 0\n   8      15 sda15 165 1422 16028 114 2 0 2 1 0 96 119 1 1 201276 3 0 0\n   8      16 sdb 318 0 19226 162 161 532 266776 18879 0 1876 19052 35 34 16465312 11 0 0\n   8      17 sdb1 110 0 6466 80 161 532 266776 18879 0 1964 18970 35 34 16465312 11 0 0\n  11       0 sr0 78 0 560 47 0 0 0 0 0 45 47 0 0 0 0 0 0\n"}
{"timestamp":1767738032,"subsystem":"statfs[*]","measurement":"{\"mount_point\":\"/\",\"block_size\":4096,\"blocks_total\":7574544,\"blocks_free\":7065719,\"blocks_available\":7061623}\n{\"mount_point\":\"/boot/efi\",\"block_size\":512,\"blocks_total\":213663,\"blocks_free\":201276,\"blocks_available\":201276}\n{\"mount_point\":\"/mnt\",\"block_size\":4096,\"blocks_total\":1011128,\"blocks_free\":1011121,\"blocks_available\":954622}\n"}
{"timestamp":1767738037,"subsystem":"/proc/stat","measurement":"cpu  267475 3973 86304 59735168 172960 0 11049 0 0 0\ncpu0 267475 3973 86304 59735168 172960 0 11049 0 0 0\nintr 25479293 0 0 0 0 2934 0 0 0 0 0 0 0 0 0 0 0 0 0 0 0 0 0 0 0 0 0 0 0 0 0 0 0 0 0 0 0 0 0 0 0 0 0 0 0 0 0 0 0 0 0 0 0 0 0 0 0 0 0 0 0 0 0 0 0 0 0 0 0 0 0 0 0 0 0 0 0 0 0 0 0 0 0 0 0 0 0 0 0 0 0 0 0 0 0 0 0 0 0 0 0 0 0 0 0 0 0 0 0 0 0 0 0 0 0 0 0 0 0 0 0 0 0 0 0 0 0 0 0 0 0 0 0 0 0 0 0 0 0 0 0 0 0 0 0 0 0 0 0 0 0 0 0 0 0 0 0 0 0 0 0 0 0 0 0 0 0 0 0 0 0 0 0 0 0 0 0 0 0 0 0 0 0 0 0 0 0 0 0 0 0 0 0 0 0 0 0 0 0 0 0 0 0 0 0 0 0 0 0 0 0 0 0 0 0 0 0 0 0 0 0 0 0 0 0 0 0 0 0 0 0 0 0 0 0 0 0 0 0 0 0 0 0 0 0 0 0 0 0 0 0 0 0 0 0 0 0\nctxt 47521796\nbtime 1767134306\nprocesses 71618\nprocs_running 3\nprocs_blocked 0\nsoftirq 22839877 0 9017069 4 2898476 0 0 7144893 0 878 3778557\n"}
{"timestamp":1767738037,"subsystem":"/proc/meminfo","measurement":"MemTotal:         868988 kB\nMemFree:          382452 kB\nMemAvailable:     475448 kB\nBuffers:           45692 kB\nCached:           161236 kB\nSwapCached:            0 kB\nActive:           127900 kB\nInactive:         185060 kB\nActive(anon):     106824 kB\nInactive(anon):    12340 kB\nActive(file):      21076 kB\nInactive(file):   172720 kB\nUnevictable:       30724 kB\nMlocked:           27652 kB\nSwapTotal:             0 kB\nSwapFree:              0 kB\nZswap:                 0 kB\nZswapped:              0 kB\nDirty:               272 kB\nWriteback:             0 kB\nAnonPages:        135900 kB\nMapped:            59432 kB\nShmem:              4068 kB\nKReclaimable:      40608 kB\nSlab:              91196 kB\nSReclaimable:      40608 kB\nSUnreclaim:        50588 kB\nKernelStack:        2384 kB\nPageTables:         3448 kB\nSecPageTables:         0 kB\nNFS_Unstable:          0 kB\nBounce:                0 kB\nWritebackTmp:          0 kB\nCommitLimit:      434492 kB\nCommitted_AS:     502444 kB\nVmallocTotal:   34359738367 kB\nVmallocUsed:       33040 kB\nVmallocChunk:          0 kB\nPercpu:              792 kB\nHardwareCorrupted:     0 kB\nAnonHugePages:     32768 kB\nShmemHugePages:        0 kB\nShmemPmdMapped:        0 kB\nFileHugePages:         0 kB\nFilePmdMapped:         0 kB\nUnaccepted:            0 kB\nHugePages_Total:       0\nHugePages_Free:        0\nHugePages_Rsvd:        0\nHugePages_Surp:        0\nHugepagesize:       2048 kB\nHugetlb:               0 kB\nDirectMap4k:       76968 kB\nDirectMap2M:      919552 kB\nDirectMap1G:           0 kB\n"}
{"timestamp":1767738037,"subsystem":"/proc/net/dev","measurement":"Inter-|   Receive                                                |  Transmit\n face |bytes    packets errs drop fifo frame compressed multicast|bytes    packets errs drop fifo colls carrier compressed\n    lo:  200905    1325    0    0    0     0          0         0   200905    1325    0    0    0     0       0          0\n  eth0: 562438939 2076533    0    0    0     0          0         0 702712476 2459028    0    0    0     0       0          0\n"}
{"timestamp":1767738037,"subsystem":"/proc/diskstats","measurement":"   7       0 loop0 268 0 5220 434 0 0 0 0 0 408 434 0 0 0 0 0 0\n   7       1 loop1 74 0 2502 73 0 0 0 0 0 62 73 0 0 0 0 0 0\n   7       2 loop2 94 0 3752 82 0 0 0 0 0 84 82 0 0 0 0 0 0\n   7       3 loop3 11 0 28 0 0 0 0 0 0 0 0 0 0 0 0 0 0\n   7       4 loop4 0 0 0 0 0 0 0 0 0 0 0 0 0 0 0 0 0\n   7       5 loop5 0 0 0 0 0 0 0 0 0 0 0 0 0 0 0 0 0\n   7       6 loop6 0 0 0 0 0 0 0 0 0 0 0 0 0 0 0 0 0\n   7       7 loop7 0 0 0 0 0 0 0 0 0 0 0 0 0 0 0 0 0\n   8       0 sda 189342 7168 42663018 763360 1536126 553224 62183202 6907002 0 1760333 8517634 95440 1070 138785316 270216 770049 577054\n   8       1 sda1 188949 5746 42642046 763065 1536112 553216 62183096 6906979 0 1799105 7940258 95439 1069 138584040 270212 0 0\n   8      14 sda14 92 0 1232 70 0 0 0 0 0 70 70 0 0 0 0 0 0\n   8      15 sda15 165 1422 16028 114 2 0 2 1 0 96 119 1 1 201276 3 0 0\n   8      16 sdb 318 0 19226 162 161 532 266776 18879 0 1876 19052 35 34 16465312 11 0 0\n   8      17 sdb1 110 0 6466 80 161 532 266776 18879 0 1964 18970 35 34 16465312 11 0 0\n  11       0 sr0 78 0 560 47 0 0 0 0 0 45 47 0 0 0 0 0 0\n"}
{"timestamp":1767738037,"subsystem":"statfs[*]","measurement":"{\"mount_point\":\"/\",\"block_size\":4096,\"blocks_total\":7574544,\"blocks_free\":7065717,\"blocks_available\":7061621}\n{\"mount_point\":\"/boot/efi\",\"block_size\":512,\"blocks_total\":213663,\"blocks_free\":201276,\"blocks_available\":201276}\n{\"mount_point\":\"/mnt\",\"block_size\":4096,\"blocks_total\":1011128,\"blocks_free\":1011121,\"blocks_available\":954622}\n"}
{"timestamp":1767738042,"subsystem":"/proc/stat","measurement":"cpu  267972 3973 86305 59735168 172960 0 11049 0 0 0\ncpu0 267972 3973 86305 59735168 172960 0 11049 0 0 0\nintr 25484426 0 0 0 0 2934 0 0 0 0 0 0 0 0 0 0 0 0 0 0 0 0 0 0 0 0 0 0 0 0 0 0 0 0 0 0 0 0 0 0 0 0 0 0 0 0 0 0 0 0 0 0 0 0 0 0 0 0 0 0 0 0 0 0 0 0 0 0 0 0 0 0 0 0 0 0 0 0 0 0 0 0 0 0 0 0 0 0 0 0 0 0 0 0 0 0 0 0 0 0 0 0 0 0 0 0 0 0 0 0 0 0 0 0 0 0 0 0 0 0 0 0 0 0 0 0 0 0 0 0 0 0 0 0 0 0 0 0 0 0 0 0 0 0 0 0 0 0 0 0 0 0 0 0 0 0 0 0 0 0 0 0 0 0 0 0 0 0 0 0 0 0 0 0 0 0 0 0 0 0 0 0 0 0 0 0 0 0 0 0 0 0 0 0 0 0 0 0 0 0 0 0 0 0 0 0 0 0 0 0 0 0 0 0 0 0 0 0 0 0 0 0 0 0 0 0 0 0 0 0 0 0 0 0 0 0 0 0 0 0 0 0 0 0 0 0 0 0 0 0 0 0 0 0 0 0 0\nctxt 47522485\nbtime 1767134306\nprocesses 71620\nprocs_running 2\nprocs_blocked 0\nsoftirq 22840147 0 9017202 4 2898515 0 0 7144909 0 878 3778639\n"}
{"timestamp":1767738042,"subsystem":"/proc/meminfo","measurement":"MemTotal:         868988 kB\nMemFree:          387340 kB\nMemAvailable:     480340 kB\nBuffers:           45692 kB\nCached:           161240 kB\nSwapCached:            0 kB\nActive:           126300 kB\nInactive:         185064 kB\nActive(anon):     105224 kB\nInactive(anon):    12340 kB\nActive(file):      21076 kB\nInactive(file):   172724 kB\nUnevictable:       30724 kB\nMlocked:           27652 kB\nSwapTotal:             0 kB\nSwapFree:              0 kB\nZswap:                 0 kB\nZswapped:              0 kB\nDirty:               240 kB\nWriteback:             0 kB\nAnonPages:        134300 kB\nMapped:            59432 kB\nShmem:              4068 kB\nKReclaimable:      40608 kB\nSlab:              91148 kB\nSReclaimable:      40608 kB\nSUnreclaim:        50540 kB\nKernelStack:        2368 kB\nPageTables:         3384 kB\nSecPageTables:         0 kB\nNFS_Unstable:          0 kB\nBounce:                0 kB\nWritebackTmp:          0 kB\nCommitLimit:      434492 kB\nCommitted_AS:     500496 kB\nVmallocTotal:   34359738367 kB\nVmallocUsed:       33024 kB\nVmallocChunk:          0 kB\nPercpu:              792 kB\nHardwareCorrupted:     0 kB\nAnonHugePages:     32768 kB\nShmemHugePages:        0 kB\nShmemPmdMapped:        0 kB\nFileHugePages:         0 kB\nFilePmdMapped:         0 kB\nUnaccepted:            0 kB\nHugePages_Total:       0\nHugePages_Free:        0\nHugePages_Rsvd:        0\nHugePages_Surp:        0\nHugepagesize:       2048 kB\nHugetlb:               0 kB\nDirectMap4k:       76968 kB\nDirectMap2M:      919552 kB\nDirectMap1G:           0 kB\n"}
{"timestamp":1767738042,"subsystem":"/proc/net/dev","measurement":"Inter-|   Receive                                                |  Transmit\n face |bytes    packets errs drop fifo frame compressed multicast|bytes    packets errs drop fifo colls carrier compressed\n    lo:  200905    1325    0    0    0     0          0         0   200905    1325    0    0    0     0       0          0\n  eth0: 562444182 2076553    0    0    0     0          0         0 702719743 2459055    0    0    0     0       0          0\n"}
{"timestamp":1767738042,"subsystem":"/proc/diskstats","measurement":"   7       0 loop0 268 0 5220 434 0 0 0 0 0 408 434 0 0 0 0 0 0\n   7       1 loop1 74 0 2502 73 0 0 0 0 0 62 73 0 0 0 0 0 0\n   7       2 loop2 94 0 3752 82 0 0 0 0 0 84 82 0 0 0 0 0 0\n   7       3 loop3 11 0 28 0 0 0 0 0 0 0 0 0 0 0 0 0 0\n   7       4 loop4 0 0 0 0 0 0 0 0 0 0 0 0 0 0 0 0 0\n   7       5 loop5 0 0 0 0 0 0 0 0 0 0 0 0 0 0 0 0 0\n   7       6 loop6 0 0 0 0 0 0 0 0 0 0 0 0 0 0 0 0 0\n   7       7 loop7 0 0 0 0 0 0 0 0 0 0 0 0 0 0 0 0 0\n   8       0 sda 189342 7168 42663018 763360 1536150 553232 62183458 6907029 0 1760343 8517666 95441 1070 138785324 270219 770050 577057\n   8       1 sda1 188949 5746 42642046 763065 1536136 553224 62183352 6907006 0 1799115 7940288 95440 1069 138584048 270216 0 0\n   8      14 sda14 92 0 1232 70 0 0 0 0 0 70 70 0 0 0 0 0 0\n   8      15 sda15 165 1422 16028 114 2 0 2 1 0 96 119 1 1 201276 3 0 0\n   8      16 sdb 318 0 19226 162 161 532 266776 18879 0 1876 19052 35 34 16465312 11 0 0\n   8      17 sdb1 110 0 6466 80 161 532 266776 18879 0 1964 18970 35 34 16465312 11 0 0\n  11       0 sr0 78 0 560 47 0 0 0 0 0 45 47 0 0 0 0 0 0\n"}
{"timestamp":1767738042,"subsystem":"statfs[*]","measurement":"{\"mount_point\":\"/\",\"block_size\":4096,\"blocks_total\":7574544,\"blocks_free\":7065716,\"blocks_available\":7061620}\n{\"mount_point\":\"/boot/efi\",\"block_size\":512,\"blocks_total\":213663,\"blocks_free\":201276,\"blocks_available\":201276}\n{\"mount_point\":\"/mnt\",\"block_size\":4096,\"blocks_total\":1011128,\"blocks_free\":1011121,\"blocks_available\":954622}\n"}
{"timestamp":1767738047,"subsystem":"/proc/stat","measurement":"cpu  268468 3973 86305 59735168 172960 0 11049 0 0 0\ncpu0 268468 3973 86305 59735168 172960 0 11049 0 0 0\nintr 25489537 0 0 0 0 2934 0 0 0 0 0 0 0 0 0 0 0 0 0 0 0 0 0 0 0 0 0 0 0 0 0 0 0 0 0 0 0 0 0 0 0 0 0 0 0 0 0 0 0 0 0 0 0 0 0 0 0 0 0 0 0 0 0 0 0 0 0 0 0 0 0 0 0 0 0 0 0 0 0 0 0 0 0 0 0 0 0 0 0 0 0 0 0 0 0 0 0 0 0 0 0 0 0 0 0 0 0 0 0 0 0 0 0 0 0 0 0 0 0 0 0 0 0 0 0 0 0 0 0 0 0 0 0 0 0 0 0 0 0 0 0 0 0 0 0 0 0 0 0 0 0 0 0 0 0 0 0 0 0 0 0 0 0 0 0 0 0 0 0 0 0 0 0 0 0 0 0 0 0 0 0 0 0 0 0 0 0 0 0 0 0 0 0 0 0 0 0 0 0 0 0 0 0 0 0 0 0 0 0 0 0 0 0 0 0 0 0 0 0 0 0 0 0 0 0 0 0 0 0 0 0 0 0 0 0 0 0 0 0 0 0 0 0 0 0 0 0 0 0 0 0 0 0 0 0 0 0\nctxt 47523095\nbtime 1767134306\nprocesses 71621\nprocs_running 2\nprocs_blocked 0\nsoftirq 22840422 0 9017357 4 2898538 0 0 7144941 0 878 3778704\n"}
{"timestamp":1767738047,"subsystem":"/proc/meminfo","measurement":"MemTotal:         868988 kB\nMemFree:          386084 kB\nMemAvailable:     479088 kB\nBuffers:           45692 kB\nCached:           161244 kB\nSwapCached:            0 kB\nActive:           126304 kB\nInactive:         185068 kB\nActive(anon):     105228 kB\nInactive(anon):    12340 kB\nActive(file):      21076 kB\nInactive(file):   172728 kB\nUnevictable:       30724 kB\nMlocked:           27652 kB\nSwapTotal:             0 kB\nSwapFree:              0 kB\nZswap:                 0 kB\nZswapped:              0 kB\nDirty:                32 kB\nWriteback:             0 kB\nAnonPages:        134308 kB\nMapped:            59432 kB\nShmem:              4068 kB\nKReclaimable:      40608 kB\nSlab:              91152 kB\nSReclaimable:      40608 kB\nSUnreclaim:        50544 kB\nKernelStack:        2368 kB\nPageTables:         3384 kB\nSecPageTables:         0 kB\nNFS_Unstable:          0 kB\nBounce:                0 kB\nWritebackTmp:          0 kB\nCommitLimit:      434492 kB\nCommitted_AS:     500496 kB\nVmallocTotal:   34359738367 kB\nVmallocUsed:       33024 kB\nVmallocChunk:          0 kB\nPercpu:              792 kB\nHardwareCorrupted:     0 kB\nAnonHugePages:     32768 kB\nShmemHugePages:        0 kB\nShmemPmdMapped:        0 kB\nFileHugePages:         0 kB\nFilePmdMapped:         0 kB\nUnaccepted:            0 kB\nHugePages_Total:       0\nHugePages_Free:        0\nHugePages_Rsvd:        0\nHugePages_Surp:        0\nHugepagesize:       2048 kB\nHugetlb:               0 kB\nDirectMap4k:       76968 kB\nDirectMap2M:      919552 kB\nDirectMap1G:           0 kB\n"}
{"timestamp":1767738047,"subsystem":"/proc/net/dev","measurement":"Inter-|   Receive                                                |  Transmit\n face |bytes    packets errs drop fifo frame compressed multicast|bytes    packets errs drop fifo colls carrier compressed\n    lo:  200905    1325    0    0    0     0          0         0   200905    1325    0    0    0     0       0          0\n  eth0: 562448038 2076569    0    0    0     0          0         0 702725052 2459075    0    0    0     0       0          0\n"}
{"timestamp":1767738047,"subsystem":"/proc/diskstats","measurement":"   7       0 loop0 268 0 5220 434 0 0 0 0 0 408 434 0 0 0 0 0 0\n   7       1 loop1 74 0 2502 73 0 0 0 0 0 62 73 0 0 0 0 0 0\n   7       2 loop2 94 0 3752 82 0 0 0 0 0 84 82 0 0 0 0 0 0\n   7       3 loop3 11 0 28 0 0 0 0 0 0 0 0 0 0 0 0 0 0\n   7       4 loop4 0 0 0 0 0 0 0 0 0 0 0 0 0 0 0 0 0\n   7       5 loop5 0 0 0 0 0 0 0 0 0 0 0 0 0 0 0 0 0\n   7       6 loop6 0 0 0 0 0 0 0 0 0 0 0 0 0 0 0 0 0\n   7       7 loop7 0 0 0 0 0 0 0 0 0 0 0 0 0 0 0 0 0\n   8       0 sda 189342 7168 42663018 763360 1536204 553241 62183986 6907066 0 1760356 8517709 95442 1070 138785332 270222 770051 577060\n   8       1 sda1 188949 5746 42642046 763065 1536190 553233 62183880 6907042 0 1799128 7940327 95441 1069 138584056 270218 0 0\n   8      14 sda14 92 0 1232 70 0 0 0 0 0 70 70 0 0 0 0 0 0\n   8      15 sda15 165 1422 16028 114 2 0 2 1 0 96 119 1 1 201276 3 0 0\n   8      16 sdb 318 0 19226 162 161 532 266776 18879 0 1876 19052 35 34 16465312 11 0 0\n   8      17 sdb1 110 0 6466 80 161 532 266776 18879 0 1964 18970 35 34 16465312 11 0 0\n  11       0 sr0 78 0 560 47 0 0 0 0 0 45 47 0 0 0 0 0 0\n"}
{"timestamp":1767738047,"subsystem":"statfs[*]","measurement":"{\"mount_point\":\"/\",\"block_size\":4096,\"blocks_total\":7574544,\"blocks_free\":7065715,\"blocks_available\":7061619}\n{\"mount_point\":\"/boot/efi\",\"block_size\":512,\"blocks_total\":213663,\"blocks_free\":201276,\"blocks_available\":201276}\n{\"mount_point\":\"/mnt\",\"block_size\":4096,\"blocks_total\":1011128,\"blocks_free\":1011121,\"blocks_available\":954622}\n"}
{"timestamp":1767738052,"subsystem":"/proc/stat","measurement":"cpu  268967 3973 86306 59735168 172960 0 11049 0 0 0\ncpu0 268967 3973 86306 59735168 172960 0 11049 0 0 0\nintr 25494663 0 0 0 0 2934 0 0 0 0 0 0 0 0 0 0 0 0 0 0 0 0 0 0 0 0 0 0 0 0 0 0 0 0 0 0 0 0 0 0 0 0 0 0 0 0 0 0 0 0 0 0 0 0 0 0 0 0 0 0 0 0 0 0 0 0 0 0 0 0 0 0 0 0 0 0 0 0 0 0 0 0 0 0 0 0 0 0 0 0 0 0 0 0 0 0 0 0 0 0 0 0 0 0 0 0 0 0 0 0 0 0 0 0 0 0 0 0 0 0 0 0 0 0 0 0 0 0 0 0 0 0 0 0 0 0 0 0 0 0 0 0 0 0 0 0 0 0 0 0 0 0 0 0 0 0 0 0 0 0 0 0 0 0 0 0 0 0 0 0 0 0 0 0 0 0 0 0 0 0 0 0 0 0 0 0 0 0 0 0 0 0 0 0 0 0 0 0 0 0 0 0 0 0 0 0 0 0 0 0 0 0 0 0 0 0 0 0 0 0 0 0 0 0 0 0 0 0 0 0 0 0 0 0 0 0 0 0 0 0 0 0 0 0 0 0 0 0 0 0 0 0 0 0 0 0 0\nctxt 47523708\nbtime 1767134306\nprocesses 71622\nprocs_running 2\nprocs_blocked 0\nsoftirq 22840634 0 9017474 4 2898563 0 0 7144947 0 878 3778768\n"}
{"timestamp":1767738052,"subsystem":"/proc/meminfo","measurement":"MemTotal:         868988 kB\nMemFree:          386084 kB\nMemAvailable:     479092 kB\nBuffers:           45692 kB\nCached:           161248 kB\nSwapCached:            0 kB\nActive:           126324 kB\nInactive:         185072 kB\nActive(anon):     105248 kB\nInactive(anon):    12340 kB\nActive(file):      21076 kB\nInactive(file):   172732 kB\nUnevictable:       30724 kB\nMlocked:           27652 kB\nSwapTotal:             0 kB\nSwapFree:              0 kB\nZswap:                 0 kB\nZswapped:              0 kB\nDirty:                40 kB\nWriteback:             0 kB\nAnonPages:        134324 kB\nMapped:            59432 kB\nShmem:              4068 kB\nKReclaimable:      40608 kB\nSlab:              91144 kB\nSReclaimable:      40608 kB\nSUnreclaim:        50536 kB\nKernelStack:        2368 kB\nPageTables:         3384 kB\nSecPageTables:         0 kB\nNFS_Unstable:          0 kB\nBounce:                0 kB\nWritebackTmp:          0 kB\nCommitLimit:      434492 kB\nCommitted_AS:     500496 kB\nVmallocTotal:   34359738367 kB\nVmallocUsed:       33024 kB\nVmallocChunk:          0 kB\nPercpu:              792 kB\nHardwareCorrupted:     0 kB\nAnonHugePages:     32768 kB\nShmemHugePages:        0 kB\nShmemPmdMapped:        0 kB\nFileHugePages:         0 kB\nFilePmdMapped:         0 kB\nUnaccepted:            0 kB\nHugePages_Total:       0\nHugePages_Free:        0\nHugePages_Rsvd:        0\nHugePages_Surp:        0\nHugepagesize:       2048 kB\nHugetlb:               0 kB\nDirectMap4k:       76968 kB\nDirectMap2M:      919552 kB\nDirectMap1G:           0 kB\n"}
{"timestamp":1767738052,"subsystem":"/proc/net/dev","measurement":"Inter-|   Receive                                                |  Transmit\n face |bytes    packets errs drop fifo frame compressed multicast|bytes    packets errs drop fifo colls carrier compressed\n    lo:  200905    1325    0    0    0     0          0         0   200905    1325    0    0    0     0       0          0\n  eth0: 562451834 2076584    0    0    0     0          0         0 702730295 2459094    0    0    0     0       0          0\n"}
{"timestamp":1767738052,"subsystem":"/proc/diskstats","measurement":"   7       0 loop0 268 0 5220 434 0 0 0 0 0 408 434 0 0 0 0 0 0\n   7       1 loop1 74 0 2502 73 0 0 0 0 0 62 73 0 0 0 0 0 0\n   7       2 loop2 94 0 3752 82 0 0 0 0 0 84 82 0 0 0 0 0 0\n   7       3 loop3 11 0 28 0 0 0 0 0 0 0 0 0 0 0 0 0 0\n   7       4 loop4 0 0 0 0 0 0 0 0 0 0 0 0 0 0 0 0 0\n   7       5 loop5 0 0 0 0 0 0 0 0 0 0 0 0 0 0 0 0 0\n   7       6 loop6 0 0 0 0 0 0 0 0 0 0 0 0 0 0 0 0 0\n   7       7 loop7 0 0 0 0 0 0 0 0 0 0 0 0 0 0 0 0 0\n   8       0 sda 189342 7168 42663018 763360 1536205 553241 62183994 6907066 0 1760357 8517710 95442 1070 138785332 270222 770051 577060\n   8       1 sda1 188949 5746 42642046 763065 1536191 553233 62183888 6907043 0 1799129 7940328 95441 1069 138584056 270218 0 0\n   8      14 sda14 92 0 1232 70 0 0 0 0 0 70 70 0 0 0 0 0 0\n   8      15 sda15 165 1422 16028 114 2 0 2 1 0 96 119 1 1 201276 3 0 0\n   8      16 sdb 318 0 19226 162 161 532 266776 18879 0 1876 19052 35 34 16465312 11 0 0\n   8      17 sdb1 110 0 6466 80 161 532 266776 18879 0 1964 18970 35 34 16465312 11 0 0\n  11       0 sr0 78 0 560 47 0 0 0 0 0 45 47 0 0 0 0 0 0\n"}
{"timestamp":1767738052,"subsystem":"statfs[*]","measurement":"{\"mount_point\":\"/\",\"block_size\":4096,\"blocks_total\":7574544,\"blocks_free\":7065714,\"blocks_available\":7061618}\n{\"mount_point\":\"/boot/efi\",\"block_size\":512,\"blocks_total\":213663,\"blocks_free\":201276,\"blocks_available\":201276}\n{\"mount_point\":\"/mnt\",\"block_size\":4096,\"blocks_total\":1011128,\"blocks_free\":1011121,\"blocks_available\":954622}\n"}
{"timestamp":1767738057,"subsystem":"/proc/stat","measurement":"cpu  269462 3973 86307 59735168 172960 0 11049 0 0 0\ncpu0 269462 3973 86307 59735168 172960 0 11049 0 0 0\nintr 25499758 0 0 0 0 2934 0 0 0 0 0 0 0 0 0 0 0 0 0 0 0 0 0 0 0 0 0 0 0 0 0 0 0 0 0 0 0 0 0 0 0 0 0 0 0 0 0 0 0 0 0 0 0 0 0 0 0 0 0 0 0 0 0 0 0 0 0 0 0 0 0 0 0 0 0 0 0 0 0 0 0 0 0 0 0 0 0 0 0 0 0 0 0 0 0 0 0 0 0 0 0 0 0 0 0 0 0 0 0 0 0 0 0 0 0 0 0 0 0 0 0 0 0 0 0 0 0 0 0 0 0 0 0 0 0 0 0 0 0 0 0 0 0 0 0 0 0 0 0 0 0 0 0 0 0 0 0 0 0 0 0 0 0 0 0 0 0 0 0 0 0 0 0 0 0 0 0 0 0 0 0 0 0 0 0 0 0 0 0 0 0 0 0 0 0 0 0 0 0 0 0 0 0 0 0 0 0 0 0 0 0 0 0 0 0 0 0 0 0 0 0 0 0 0 0 0 0 0 0 0 0 0 0 0 0 0 0 0 0 0 0 0 0 0 0 0 0 0 0 0 0 0 0 0 0 0 0\nctxt 47524324\nbtime 1767134306\nprocesses 71623\nprocs_running 2\nprocs_blocked 0\nsoftirq 22840848 0 9017585 4 2898586 0 0 7144960 0 878 3778835\n"}
{"timestamp":1767738057,"subsystem":"/proc/meminfo","measurement":"MemTotal:         868988 kB\nMemFree:          386084 kB\nMemAvailable:     479100 kB\nBuffers:           45696 kB\nCached:           161252 kB\nSwapCached:            0 kB\nActive:           126328 kB\nInactive:         185080 kB\nActive(anon):     105252 kB\nInactive(anon):    12340 kB\nActive(file):      21076 kB\nInactive(file):   172740 kB\nUnevictable:       30724 kB\nMlocked:           27652 kB\nSwapTotal:             0 kB\nSwapFree:              0 kB\nZswap:                 0 kB\nZswapped:              0 kB\nDirty:                32 kB\nWriteback:             0 kB\nAnonPages:        134328 kB\nMapped:            59432 kB\nShmem:              4068 kB\nKReclaimable:      40608 kB\nSlab:              91156 kB\nSReclaimable:      40608 kB\nSUnreclaim:        50548 kB\nKernelStack:        2368 kB\nPageTables:         3384 kB\nSecPageTables:         0 kB\nNFS_Unstable:          0 kB\nBounce:                0 kB\nWritebackTmp:          0 kB\nCommitLimit:      434492 kB\nCommitted_AS:     500496 kB\nVmallocTotal:   34359738367 kB\nVmallocUsed:       33024 kB\nVmallocChunk:          0 kB\nPercpu:              792 kB\nHardwareCorrupted:     0 kB\nAnonHugePages:     32768 kB\nShmemHugePages:        0 kB\nShmemPmdMapped:        0 kB\nFileHugePages:         0 kB\nFilePmdMapped:         0 kB\nUnaccepted:            0 kB\nHugePages_Total:       0\nHugePages_Free:        0\nHugePages_Rsvd:        0\nHugePages_Surp:        0\nHugepagesize:       2048 kB\nHugetlb:               0 kB\nDirectMap4k:       76968 kB\nDirectMap2M:      919552 kB\nDirectMap1G:           0 kB\n"}
{"timestamp":1767738057,"subsystem":"/proc/net/dev","measurement":"Inter-|   Receive                                                |  Transmit\n face |bytes    packets errs drop fifo frame compressed multicast|bytes    packets errs drop fifo colls carrier compressed\n    lo:  200905    1325    0    0    0     0          0         0   200905    1325    0    0    0     0       0          0\n  eth0: 562455630 2076599    0    0    0     0          0         0 702735538 2459113    0    0    0     0       0          0\n"}
{"timestamp":1767738057,"subsystem":"/proc/diskstats","measurement":"   7       0 loop0 268 0 5220 434 0 0 0 0 0 408 434 0 0 0 0 0 0\n   7       1 loop1 74 0 2502 73 0 0 0 0 0 62 73 0 0 0 0 0 0\n   7       2 loop2 94 0 3752 82 0 0 0 0 0 84 82 0 0 0 0 0 0\n   7       3 loop3 11 0 28 0 0 0 0 0 0 0 0 0 0 0 0 0 0\n   7       4 loop4 0 0 0 0 0 0 0 0 0 0 0 0 0 0 0 0 0\n   7       5 loop5 0 0 0 0 0 0 0 0 0 0 0 0 0 0 0 0 0\n   7       6 loop6 0 0 0 0 0 0 0 0 0 0 0 0 0 0 0 0 0\n   7       7 loop7 0 0 0 0 0 0 0 0 0 0 0 0 0 0 0 0 0\n   8       0 sda 189342 7168 42663018 763360 1536210 553247 62184090 6907074 0 1760368 8517724 95443 1070 138785340 270226 770052 577063\n   8       1 sda1 188949 5746 42642046 763065 1536196 553239 62183984 6907051 0 1799140 7940340 95442 1069 138584064 270222 0 0\n   8      14 sda14 92 0 1232 70 0 0 0 0 0 70 70 0 0 0 0 0 0\n   8      15 sda15 165 1422 16028 114 2 0 2 1 0 96 119 1 1 201276 3 0 0\n   8      16 sdb 318 0 19226 162 161 532 266776 18879 0 1876 19052 35 34 16465312 11 0 0\n   8      17 sdb1 110 0 6466 80 161 532 266776 18879 0 1964 18970 35 34 16465312 11 0 0\n  11       0 sr0 78 0 560 47 0 0 0 0 0 45 47 0 0 0 0 0 0\n"}
{"timestamp":1767738057,"subsystem":"statfs[*]","measurement":"{\"mount_point\":\"/\",\"block_size\":4096,\"blocks_total\":7574544,\"blocks_free\":7065713,\"blocks_available\":7061617}\n{\"mount_point\":\"/boot/efi\",\"block_size\":512,\"blocks_total\":213663,\"blocks_free\":201276,\"blocks_available\":201276}\n{\"mount_point\":\"/mnt\",\"block_size\":4096,\"blocks_total\":1011128,\"blocks_free\":1011121,\"blocks_available\":954622}\n"}
{"timestamp":1767738062,"subsystem":"/proc/stat","measurement":"cpu  269958 3973 86309 59735168 172960 0 11049 0 0 0\ncpu0 269958 3973 86309 59735168 172960 0 11049 0 0 0\nintr 25504868 0 0 0 0 2934 0 0 0 0 0 0 0 0 0 0 0 0 0 0 0 0 0 0 0 0 0 0 0 0 0 0 0 0 0 0 0 0 0 0 0 0 0 0 0 0 0 0 0 0 0 0 0 0 0 0 0 0 0 0 0 0 0 0 0 0 0 0 0 0 0 0 0 0 0 0 0 0 0 0 0 0 0 0 0 0 0 0 0 0 0 0 0 0 0 0 0 0 0 0 0 0 0 0 0 0 0 0 0 0 0 0 0 0 0 0 0 0 0 0 0 0 0 0 0 0 0 0 0 0 0 0 0 0 0 0 0 0 0 0 0 0 0 0 0 0 0 0 0 0 0 0 0 0 0 0 0 0 0 0 0 0 0 0 0 0 0 0 0 0 0 0 0 0 0 0 0 0 0 0 0 0 0 0 0 0 0 0 0 0 0 0 0 0 0 0 0 0 0 0 0 0 0 0 0 0 0 0 0 0 0 0 0 0 0 0 0 0 0 0 0 0 0 0 0 0 0 0 0 0 0 0 0 0 0 0 0 0 0 0 0 0 0 0 0 0 0 0 0 0 0 0 0 0 0 0 0\nctxt 47524966\nbtime 1767134306\nprocesses 71626\nprocs_running 3\nprocs_blocked 0\nsoftirq 22841125 0 9017694 4 2898619 0 0 7144970 0 878 3778960\n"}
{"timestamp":1767738062,"subsystem":"/proc/meminfo","measurement":"MemTotal:         868988 kB\nMemFree:          382080 kB\nMemAvailable:     475100 kB\nBuffers:           45700 kB\nCached:           161252 kB\nSwapCached:            0 kB\nActive:           128208 kB\nInactive:         185084 kB\nActive(anon):     107132 kB\nInactive(anon):    12340 kB\nActive(file):      21076 kB\nInactive(file):   172744 kB\nUnevictable:       30724 kB\nMlocked:           27652 kB\nSwapTotal:             0 kB\nSwapFree:              0 kB\nZswap:                 0 kB\nZswapped:              0 kB\nDirty:                40 kB\nWriteback:             0 kB\nAnonPages:        136208 kB\nMapped:            59432 kB\nShmem:              4068 kB\nKReclaimable:      40608 kB\nSlab:              91172 kB\nSReclaimable:      40608 kB\nSUnreclaim:        50564 kB\nKernelStack:        2396 kB\nPageTables:         3528 kB\nSecPageTables:         0 kB\nNFS_Unstable:          0 kB\nBounce:                0 kB\nWritebackTmp:          0 kB\nCommitLimit:      434492 kB\nCommitted_AS:     504392 kB\nVmallocTotal:   34359738367 kB\nVmallocUsed:       33028 kB\nVmallocChunk:          0 kB\nPercpu:              792 kB\nHardwareCorrupted:     0 kB\nAnonHugePages:     32768 kB\nShmemHugePages:        0 kB\nShmemPmdMapped:        0 kB\nFileHugePages:         0 kB\nFilePmdMapped:         0 kB\nUnaccepted:            0 kB\nHugePages_Total:       0\nHugePages_Free:        0\nHugePages_Rsvd:        0\nHugePages_Surp:        0\nHugepagesize:       2048 kB\nHugetlb:               0 kB\nDirectMap4k:       76968 kB\nDirectMap2M:      919552 kB\nDirectMap1G:           0 kB\n"}
{"timestamp":1767738062,"subsystem":"/proc/net/dev","measurement":"Inter-|   Receive                                                |  Transmit\n face |bytes    packets errs drop fifo frame compressed multicast|bytes    packets errs drop fifo colls carrier compressed\n    lo:  200905    1325    0    0    0     0          0         0   200905    1325    0    0    0     0       0          0\n  eth0: 562460882 2076620    0    0    0     0          0         0 702742273 2459137    0    0    0     0       0          0\n"}
{"timestamp":1767738062,"subsystem":"/proc/diskstats","measurement":"   7       0 loop0 268 0 5220 434 0 0 0 0 0 408 434 0 0 0 0 0 0\n   7       1 loop1 74 0 2502 73 0 0 0 0 0 62 73 0 0 0 0 0 0\n   7       2 loop2 94 0 3752 82 0 0 0 0 0 84 82 0 0 0 0 0 0\n   7       3 loop3 11 0 28 0 0 0 0 0 0 0 0 0 0 0 0 0 0\n   7       4 loop4 0 0 0 0 0 0 0 0 0 0 0 0 0 0 0 0 0\n   7       5 loop5 0 0 0 0 0 0 0 0 0 0 0 0 0 0 0 0 0\n   7       6 loop6 0 0 0 0 0 0 0 0 0 0 0 0 0 0 0 0 0\n   7       7 loop7 0 0 0 0 0 0 0 0 0 0 0 0 0 0 0 0 0\n   8       0 sda 189342 7168 42663018 763360 1536213 553252 62184154 6907081 0 1760377 8517738 95444 1070 138785348 270229 770053 577067\n   8       1 sda1 188949 5746 42642046 763065 1536199 553244 62184048 6907057 0 1799149 7940350 95443 1069 138584072 270226 0 0\n   8      14 sda14 92 0 1232 70 0 0 0 0 0 70 70 0 0 0 0 0 0\n   8      15 sda15 165 1422 16028 114 2 0 2 1 0 96 119 1 1 201276 3 0 0\n   8      16 sdb 318 0 19226 162 161 532 266776 18879 0 1876 19052 35 34 16465312 11 0 0\n   8      17 sdb1 110 0 6466 80 161 532 266776 18879 0 1964 18970 35 34 16465312 11 0 0\n  11       0 sr0 78 0 560 47 0 0 0 0 0 45 47 0 0 0 0 0 0\n"}
{"timestamp":1767738062,"subsystem":"statfs[*]","measurement":"{\"mount_point\":\"/\",\"block_size\":4096,\"blocks_total\":7574544,\"blocks_free\":7065712,\"blocks_available\":7061616}\n{\"mount_point\":\"/boot/efi\",\"block_size\":512,\"blocks_total\":213663,\"blocks_free\":201276,\"blocks_available\":201276}\n{\"mount_point\":\"/mnt\",\"block_size\":4096,\"blocks_total\":1011128,\"blocks_free\":1011121,\"blocks_available\":954622}\n"}
{"timestamp":1767738067,"subsystem":"/proc/stat","measurement":"cpu  270455 3973 86310 59735168 172960 0 11050 0 0 0\ncpu0 270455 3973 86310 59735168 172960 0 11050 0 0 0\nintr 25509995 0 0 0 0 2934 0 0 0 0 0 0 0 0 0 0 0 0 0 0 0 0 0 0 0 0 0 0 0 0 0 0 0 0 0 0 0 0 0 0 0 0 0 0 0 0 0 0 0 0 0 0 0 0 0 0 0 0 0 0 0 0 0 0 0 0 0 0 0 0 0 0 0 0 0 0 0 0 0 0 0 0 0 0 0 0 0 0 0 0 0 0 0 0 0 0 0 0 0 0 0 0 0 0 0 0 0 0 0 0 0 0 0 0 0 0 0 0 0 0 0 0 0 0 0 0 0 0 0 0 0 0 0 0 0 0 0 0 0 0 0 0 0 0 0 0 0 0 0 0 0 0 0 0 0 0 0 0 0 0 0 0 0 0 0 0 0 0 0 0 0 0 0 0 0 0 0 0 0 0 0 0 0 0 0 0 0 0 0 0 0 0 0 0 0 0 0 0 0 0 0 0 0 0 0 0 0 0 0 0 0 0 0 0 0 0 0 0 0 0 0 0 0 0 0 0 0 0 0 0 0 0 0 0 0 0 0 0 0 0 0 0 0 0 0 0 0 0 0 0 0 0 0 0 0 0 0\nctxt 47525693\nbtime 1767134306\nprocesses 71627\nprocs_running 2\nprocs_blocked 0\nsoftirq 22841448 0 9017831 4 2898663 0 0 7144978 0 878 3779094\n"}
{"timestamp":1767738067,"subsystem":"/proc/meminfo","measurement":"MemTotal:         868988 kB\nMemFree:          382080 kB\nMemAvailable:     475108 kB\nBuffers:           45700 kB\nCached:           161260 kB\nSwapCached:            0 kB\nActive:           126352 kB\nInactive:         185092 kB\nActive(anon):     105276 kB\nInactive(anon):    12340 kB\nActive(file):      21076 kB\nInactive(file):   172752 kB\nUnevictable:       30724 kB\nMlocked:           27652 kB\nSwapTotal:             0 kB\nSwapFree:              0 kB\nZswap:                 0 kB\nZswapped:              0 kB\nDirty:               180 kB\nWriteback:             0 kB\nAnonPages:        134356 kB\nMapped:            59436 kB\nShmem:              4068 kB\nKReclaimable:      40608 kB\nSlab:              91168 kB\nSReclaimable:      40608 kB\nSUnreclaim:        50560 kB\nKernelStack:        2368 kB\nPageTables:         3384 kB\nSecPageTables:         0 kB\nNFS_Unstable:          0 kB\nBounce:                0 kB\nWritebackTmp:          0 kB\nCommitLimit:      434492 kB\nCommitted_AS:     500496 kB\nVmallocTotal:   34359738367 kB\nVmallocUsed:       33024 kB\nVmallocChunk:          0 kB\nPercpu:              792 kB\nHardwareCorrupted:     0 kB\nAnonHugePages:     32768 kB\nShmemHugePages:        0 kB\nShmemPmdMapped:        0 kB\nFileHugePages:         0 kB\nFilePmdMapped:         0 kB\nUnaccepted:            0 kB\nHugePages_Total:       0\nHugePages_Free:        0\nHugePages_Rsvd:        0\nHugePages_Surp:        0\nHugepagesize:       2048 kB\nHugetlb:               0 kB\nDirectMap4k:       76968 kB\nDirectMap2M:      919552 kB\nDirectMap1G:           0 kB\n"}
{"timestamp":1767738067,"subsystem":"/proc/net/dev","measurement":"Inter-|   Receive                                                |  Transmit\n face |bytes    packets errs drop fifo frame compressed multicast|bytes    packets errs drop fifo colls carrier compressed\n    lo:  200905    1325    0    0    0     0          0         0   200905    1325    0    0    0     0       0          0\n  eth0: 562466679 2076648    0    0    0     0          0         0 702746866 2459166    0    0    0     0       0          0\n"}
{"timestamp":1767738067,"subsystem":"/proc/diskstats","measurement":"   7       0 loop0 268 0 5220 434 0 0 0 0 0 408 434 0 0 0 0 0 0\n   7       1 loop1 74 0 2502 73 0 0 0 0 0 62 73 0 0 0 0 0 0\n   7       2 loop2 94 0 3752 82 0 0 0 0 0 84 82 0 0 0 0 0 0\n   7       3 loop3 11 0 28 0 0 0 0 0 0 0 0 0 0 0 0 0 0\n   7       4 loop4 0 0 0 0 0 0 0 0 0 0 0 0 0 0 0 0 0\n   7       5 loop5 0 0 0 0 0 0 0 0 0 0 0 0 0 0 0 0 0\n   7       6 loop6 0 0 0 0 0 0 0 0 0 0 0 0 0 0 0 0 0\n   7       7 loop7 0 0 0 0 0 0 0 0 0 0 0 0 0 0 0 0 0\n   8       0 sda 189342 7168 42663018 763360 1536215 553252 62184178 6907082 0 1760378 8517740 95444 1070 138785348 270229 770053 577067\n   8       1 sda1 188949 5746 42642046 763065 1536201 553244 62184072 6907059 0 1799150 7940351 95443 1069 138584072 270226 0 0\n   8      14 sda14 92 0 1232 70 0 0 0 0 0 70 70 0 0 0 0 0 0\n   8      15 sda15 165 1422 16028 114 2 0 2 1 0 96 119 1 1 201276 3 0 0\n   8      16 sdb 318 0 19226 162 161 532 266776 18879 0 1876 19052 35 34 16465312 11 0 0\n   8      17 sdb1 110 0 6466 80 161 532 266776 18879 0 1964 18970 35 34 16465312 11 0 0\n  11       0 sr0 78 0 560 47 0 0 0 0 0 45 47 0 0 0 0 0 0\n"}
{"timestamp":1767738067,"subsystem":"statfs[*]","measurement":"{\"mount_point\":\"/\",\"block_size\":4096,\"blocks_total\":7574544,\"blocks_free\":7065711,\"blocks_available\":7061615}\n{\"mount_point\":\"/boot/efi\",\"block_size\":512,\"blocks_total\":213663,\"blocks_free\":201276,\"blocks_available\":201276}\n{\"mount_point\":\"/mnt\",\"block_size\":4096,\"blocks_total\":1011128,\"blocks_free\":1011121,\"blocks_available\":954622}\n"}
{"timestamp":1767738072,"subsystem":"/proc/stat","measurement":"cpu  270948 3973 86313 59735168 172960 0 11051 0 0 0\ncpu0 270948 3973 86313 59735168 172960 0 11051 0 0 0\nintr 25515357 0 0 0 0 2934 0 0 0 0 0 0 0 0 0 0 0 0 0 0 0 0 0 0 0 0 0 0 0 0 0 0 0 0 0 0 0 0 0 0 0 0 0 0 0 0 0 0 0 0 0 0 0 0 0 0 0 0 0 0 0 0 0 0 0 0 0 0 0 0 0 0 0 0 0 0 0 0 0 0 0 0 0 0 0 0 0 0 0 0 0 0 0 0 0 0 0 0 0 0 0 0 0 0 0 0 0 0 0 0 0 0 0 0 0 0 0 0 0 0 0 0 0 0 0 0 0 0 0 0 0 0 0 0 0 0 0 0 0 0 0 0 0 0 0 0 0 0 0 0 0 0 0 0 0 0 0 0 0 0 0 0 0 0 0 0 0 0 0 0 0 0 0 0 0 0 0 0 0 0 0 0 0 0 0 0 0 0 0 0 0 0 0 0 0 0 0 0 0 0 0 0 0 0 0 0 0 0 0 0 0 0 0 0 0 0 0 0 0 0 0 0 0 0 0 0 0 0 0 0 0 0 0 0 0 0 0 0 0 0 0 0 0 0 0 0 0 0 0 0 0 0 0 0 0 0 0\nctxt 47527662\nbtime 1767134306\nprocesses 71630\nprocs_running 3\nprocs_blocked 0\nsoftirq 22842243 0 9017963 4 2898702 0 0 7145477 0 878 3779219\n"}
{"timestamp":1767738072,"subsystem":"/proc/meminfo","measurement":"MemTotal:         868988 kB\nMemFree:          382080 kB\nMemAvailable:     475120 kB\nBuffers:           45704 kB\nCached:           161268 kB\nSwapCached:            0 kB\nActive:           128212 kB\nInactive:         185104 kB\nActive(anon):     107136 kB\nInactive(anon):    12340 kB\nActive(file):      21076 kB\nInactive(file):   172764 kB\nUnevictable:       30724 kB\nMlocked:           27652 kB\nSwapTotal:             0 kB\nSwapFree:              0 kB\nZswap:                 0 kB\nZswapped:              0 kB\nDirty:               184 kB\nWriteback:             0 kB\nAnonPages:        136252 kB\nMapped:            59464 kB\nShmem:              4068 kB\nKReclaimable:      40608 kB\nSlab:              91192 kB\nSReclaimable:      40608 kB\nSUnreclaim:        50584 kB\nKernelStack:        2400 kB\nPageTables:         3520 kB\nSecPageTables:         0 kB\nNFS_Unstable:          0 kB\nBounce:                0 kB\nWritebackTmp:          0 kB\nCommitLimit:      434492 kB\nCommitted_AS:     504392 kB\nVmallocTotal:   34359738367 kB\nVmallocUsed:       33028 kB\nVmallocChunk:          0 kB\nPercpu:              792 kB\nHardwareCorrupted:     0 kB\nAnonHugePages:     32768 kB\nShmemHugePages:        0 kB\nShmemPmdMapped:        0 kB\nFileHugePages:         0 kB\nFilePmdMapped:         0 kB\nUnaccepted:            0 kB\nHugePages_Total:       0\nHugePages_Free:        0\nHugePages_Rsvd:        0\nHugePages_Surp:        0\nHugepagesize:       2048 kB\nHugetlb:               0 kB\nDirectMap4k:       76968 kB\nDirectMap2M:      919552 kB\nDirectMap1G:           0 kB\n"}
{"timestamp":1767738072,"subsystem":"/proc/net/dev","measurement":"Inter-|   Receive                                                |  Transmit\n face |bytes    packets errs drop fifo frame compressed multicast|bytes    packets errs drop fifo colls carrier compressed\n    lo:  200905    1325    0    0    0     0          0         0   200905    1325    0    0    0     0       0          0\n  eth0: 562472152 2076672    0    0    0     0          0         0 702754573 2459196    0    0    0     0       0          0\n"}
{"timestamp":1767738072,"subsystem":"/proc/diskstats","measurement":"   7       0 loop0 268 0 5220 434 0 0 0 0 0 408 434 0 0 0 0 0 0\n   7       1 loop1 74 0 2502 73 0 0 0 0 0 62 73 0 0 0 0 0 0\n   7       2 loop2 94 0 3752 82 0 0 0 0 0 84 82 0 0 0 0 0 0\n   7       3 loop3 11 0 28 0 0 0 0 0 0 0 0 0 0 0 0 0 0\n   7       4 loop4 0 0 0 0 0 0 0 0 0 0 0 0 0 0 0 0 0\n   7       5 loop5 0 0 0 0 0 0 0 0 0 0 0 0 0 0 0 0 0\n   7       6 loop6 0 0 0 0 0 0 0 0 0 0 0 0 0 0 0 0 0\n   7       7 loop7 0 0 0 0 0 0 0 0 0 0 0 0 0 0 0 0 0\n   8       0 sda 189342 7168 42663018 763360 1536220 553259 62184274 6907089 0 1760386 8517751 95445 1070 138785356 270232 770054 577069\n   8       1 sda1 188949 5746 42642046 763065 1536206 553251 62184168 6907066 0 1799158 7940361 95444 1069 138584080 270229 0 0\n   8      14 sda14 92 0 1232 70 0 0 0 0 0 70 70 0 0 0 0 0 0\n   8      15 sda15 165 1422 16028 114 2 0 2 1 0 96 119 1 1 201276 3 0 0\n   8      16 sdb 318 0 19226 162 161 532 266776 18879 0 1876 19052 35 34 16465312 11 0 0\n   8      17 sdb1 110 0 6466 80 161 532 266776 18879 0 1964 18970 35 34 16465312 11 0 0\n  11       0 sr0 78 0 560 47 0 0 0 0 0 45 47 0 0 0 0 0 0\n"}
{"timestamp":1767738072,"subsystem":"statfs[*]","measurement":"{\"mount_point\":\"/\",\"block_size\":4096,\"blocks_total\":7574544,\"blocks_free\":7065709,\"blocks_available\":7061613}\n{\"mount_point\":\"/boot/efi\",\"block_size\":512,\"blocks_total\":213663,\"blocks_free\":201276,\"blocks_available\":201276}\n{\"mount_point\":\"/mnt\",\"block_size\":4096,\"blocks_total\":1011128,\"blocks_free\":1011121,\"blocks_available\":954622}\n"}
{"timestamp":1767738077,"subsystem":"/proc/stat","measurement":"cpu  271440 3973 86315 59735168 172960 0 11051 0 0 0\ncpu0 271440 3973 86315 59735168 172960 0 11051 0 0 0\nintr 25520437 0 0 0 0 2934 0 0 0 0 0 0 0 0 0 0 0 0 0 0 0 0 0 0 0 0 0 0 0 0 0 0 0 0 0 0 0 0 0 0 0 0 0 0 0 0 0 0 0 0 0 0 0 0 0 0 0 0 0 0 0 0 0 0 0 0 0 0 0 0 0 0 0 0 0 0 0 0 0 0 0 0 0 0 0 0 0 0 0 0 0 0 0 0 0 0 0 0 0 0 0 0 0 0 0 0 0 0 0 0 0 0 0 0 0 0 0 0 0 0 0 0 0 0 0 0 0 0 0 0 0 0 0 0 0 0 0 0 0 0 0 0 0 0 0 0 0 0 0 0 0 0 0 0 0 0 0 0 0 0 0 0 0 0 0 0 0 0 0 0 0 0 0 0 0 0 0 0 0 0 0 0 0 0 0 0 0 0 0 0 0 0 0 0 0 0 0 0 0 0 0 0 0 0 0 0 0 0 0 0 0 0 0 0 0 0 0 0 0 0 0 0 0 0 0 0 0 0 0 0 0 0 0 0 0 0 0 0 0 0 0 0 0 0 0 0 0 0 0 0 0 0 0 0 0 0 0\nctxt 47528478\nbtime 1767134306\nprocesses 71633\nprocs_running 2\nprocs_blocked 0\nsoftirq 22842625 0 9018096 4 2898740 0 0 7145491 0 878 3779416\n"}
{"timestamp":1767738077,"subsystem":"/proc/meminfo","measurement":"MemTotal:         868988 kB\nMemFree:          382080 kB\nMemAvailable:     475124 kB\nBuffers:           45704 kB\nCached:           161272 kB\nSwapCached:            0 kB\nActive:           126348 kB\nInactive:         185108 kB\nActive(anon):     105272 kB\nInactive(anon):    12340 kB\nActive(file):      21076 kB\nInactive(file):   172768 kB\nUnevictable:       30724 kB\nMlocked:           27652 kB\nSwapTotal:             0 kB\nSwapFree:              0 kB\nZswap:                 0 kB\nZswapped:              0 kB\nDirty:               268 kB\nWriteback:             0 kB\nAnonPages:        134368 kB\nMapped:            59380 kB\nShmem:              4068 kB\nKReclaimable:      40608 kB\nSlab:              91120 kB\nSReclaimable:      40608 kB\nSUnreclaim:        50512 kB\nKernelStack:        2368 kB\nPageTables:         3368 kB\nSecPageTables:         0 kB\nNFS_Unstable:          0 kB\nBounce:                0 kB\nWritebackTmp:          0 kB\nCommitLimit:      434492 kB\nCommitted_AS:     500496 kB\nVmallocTotal:   34359738367 kB\nVmallocUsed:       33024 kB\nVmallocChunk:          0 kB\nPercpu:              792 kB\nHardwareCorrupted:     0 kB\nAnonHugePages:     32768 kB\nShmemHugePages:        0 kB\nShmemPmdMapped:        0 kB\nFileHugePages:         0 kB\nFilePmdMapped:         0 kB\nUnaccepted:            0 kB\nHugePages_Total:       0\nHugePages_Free:        0\nHugePages_Rsvd:        0\nHugePages_Surp:        0\nHugepagesize:       2048 kB\nHugetlb:               0 kB\nDirectMap4k:       76968 kB\nDirectMap2M:      919552 kB\nDirectMap1G:           0 kB\n"}
{"timestamp":1767738077,"subsystem":"/proc/net/dev","measurement":"Inter-|   Receive                                                |  Transmit\n face |bytes    packets errs drop fifo frame compressed multicast|bytes    packets errs drop fifo colls carrier compressed\n    lo:  200905    1325    0    0    0     0          0         0   200905    1325    0    0    0     0       0          0\n  eth0: 562476645 2076695    0    0    0     0          0         0 702761768 2459225    0    0    0     0       0          0\n"}
{"timestamp":1767738077,"subsystem":"/proc/diskstats","measurement":"   7       0 loop0 268 0 5220 434 0 0 0 0 0 408 434 0 0 0 0 0 0\n   7       1 loop1 74 0 2502 73 0 0 0 0 0 62 73 0 0 0 0 0 0\n   7       2 loop2 94 0 3752 82 0 0 0 0 0 84 82 0 0 0 0 0 0\n   7       3 loop3 11 0 28 0 0 0 0 0 0 0 0 0 0 0 0 0 0\n   7       4 loop4 0 0 0 0 0 0 0 0 0 0 0 0 0 0 0 0 0\n   7       5 loop5 0 0 0 0 0 0 0 0 0 0 0 0 0 0 0 0 0\n   7       6 loop6 0 0 0 0 0 0 0 0 0 0 0 0 0 0 0 0 0\n   7       7 loop7 0 0 0 0 0 0 0 0 0 0 0 0 0 0 0 0 0\n   8       0 sda 189342 7168 42663018 763360 1536226 553264 62184378 6907098 0 1760396 8517766 95446 1070 138785364 270235 770055 577071\n   8       1 sda1 188949 5746 42642046 763065 1536212 553256 62184272 6907075 0 1799168 7940373 95445 1069 138584088 270232 0 0\n   8      14 sda14 92 0 1232 70 0 0 0 0 0 70 70 0 0 0 0 0 0\n   8      15 sda15 165 1422 16028 114 2 0 2 1 0 96 119 1 1 201276 3 0 0\n   8      16 sdb 318 0 19226 162 161 532 266776 18879 0 1876 19052 35 34 16465312 11 0 0\n   8      17 sdb1 110 0 6466 80 161 532 266776 18879 0 1964 18970 35 34 16465312 11 0 0\n  11       0 sr0 78 0 560 47 0 0 0 0 0 45 47 0 0 0 0 0 0\n"}
{"timestamp":1767738077,"subsystem":"statfs[*]","measurement":"{\"mount_point\":\"/\",\"block_size\":4096,\"blocks_total\":7574544,\"blocks_free\":7065708,\"blocks_available\":7061612}\n{\"mount_point\":\"/boot/efi\",\"block_size\":512,\"blocks_total\":213663,\"blocks_free\":201276,\"blocks_available\":201276}\n{\"mount_point\":\"/mnt\",\"block_size\":4096,\"blocks_total\":1011128,\"blocks_free\":1011121,\"blocks_available\":954622}\n"}
{"timestamp":1767738082,"subsystem":"/proc/stat","measurement":"cpu  271937 3973 86316 59735168 172960 0 11051 0 0 0\ncpu0 271937 3973 86316 59735168 172960 0 11051 0 0 0\nintr 25525560 0 0 0 0 2934 0 0 0 0 0 0 0 0 0 0 0 0 0 0 0 0 0 0 0 0 0 0 0 0 0 0 0 0 0 0 0 0 0 0 0 0 0 0 0 0 0 0 0 0 0 0 0 0 0 0 0 0 0 0 0 0 0 0 0 0 0 0 0 0 0 0 0 0 0 0 0 0 0 0 0 0 0 0 0 0 0 0 0 0 0 0 0 0 0 0 0 0 0 0 0 0 0 0 0 0 0 0 0 0 0 0 0 0 0 0 0 0 0 0 0 0 0 0 0 0 0 0 0 0 0 0 0 0 0 0 0 0 0 0 0 0 0 0 0 0 0 0 0 0 0 0 0 0 0 0 0 0 0 0 0 0 0 0 0 0 0 0 0 0 0 0 0 0 0 0 0 0 0 0 0 0 0 0 0 0 0 0 0 0 0 0 0 0 0 0 0 0 0 0 0 0 0 0 0 0 0 0 0 0 0 0 0 0 0 0 0 0 0 0 0 0 0 0 0 0 0 0 0 0 0 0 0 0 0 0 0 0 0 0 0 0 0 0 0 0 0 0 0 0 0 0 0 0 0 0 0\nctxt 47529181\nbtime 1767134306\nprocesses 71634\nprocs_running 2\nprocs_blocked 0\nsoftirq 22842868 0 9018220 4 2898767 0 0 7145502 0 878 3779497\n"}
{"timestamp":1767738082,"subsystem":"/proc/meminfo","measurement":"MemTotal:         868988 kB\nMemFree:          382080 kB\nMemAvailable:     475128 kB\nBuffers:           45704 kB\nCached:           161276 kB\nSwapCached:            0 kB\nActive:           124496 kB\nInactive:         185112 kB\nActive(anon):     103420 kB\nInactive(anon):    12340 kB\nActive(file):      21076 kB\nInactive(file):   172772 kB\nUnevictable:       30724 kB\nMlocked:           27652 kB\nSwapTotal:             0 kB\nSwapFree:              0 kB\nZswap:                 0 kB\nZswapped:              0 kB\nDirty:               312 kB\nWriteback:             0 kB\nAnonPages:        132496 kB\nMapped:            59236 kB\nShmem:              4068 kB\nKReclaimable:      40608 kB\nSlab:              91052 kB\nSReclaimable:      40608 kB\nSUnreclaim:        50444 kB\nKernelStack:        2336 kB\nPageTables:         3232 kB\nSecPageTables:         0 kB\nNFS_Unstable:          0 kB\nBounce:                0 kB\nWritebackTmp:          0 kB\nCommitLimit:      434492 kB\nCommitted_AS:     496600 kB\nVmallocTotal:   34359738367 kB\nVmallocUsed:       32988 kB\nVmallocChunk:          0 kB\nPercpu:              792 kB\nHardwareCorrupted:     0 kB\nAnonHugePages:     32768 kB\nShmemHugePages:        0 kB\nShmemPmdMapped:        0 kB\nFileHugePages:         0 kB\nFilePmdMapped:         0 kB\nUnaccepted:            0 kB\nHugePages_Total:       0\nHugePages_Free:        0\nHugePages_Rsvd:        0\nHugePages_Surp:        0\nHugepagesize:       2048 kB\nHugetlb:               0 kB\nDirectMap4k:       76968 kB\nDirectMap2M:      919552 kB\nDirectMap1G:           0 kB\n"}
{"timestamp":1767738082,"subsystem":"/proc/net/dev","measurement":"Inter-|   Receive                                                |  Transmit\n face |bytes    packets errs drop fifo frame compressed multicast|bytes    packets errs drop fifo colls carrier compressed\n    lo:  200905    1325    0    0    0     0          0         0   200905    1325    0    0    0     0       0          0\n  eth0: 562481611 2076713    0    0    0     0          0         0 702767733 2459247    0    0    0     0       0          0\n"}
{"timestamp":1767738082,"subsystem":"/proc/diskstats","measurement":"   7       0 loop0 268 0 5220 434 0 0 0 0 0 408 434 0 0 0 0 0 0\n   7       1 loop1 74 0 2502 73 0 0 0 0 0 62 73 0 0 0 0 0 0\n   7       2 loop2 94 0 3752 82 0 0 0 0 0 84 82 0 0 0 0 0 0\n   7       3 loop3 11 0 28 0 0 0 0 0 0 0 0 0 0 0 0 0 0\n   7       4 loop4 0 0 0 0 0 0 0 0 0 0 0 0 0 0 0 0 0\n   7       5 loop5 0 0 0 0 0 0 0 0 0 0 0 0 0 0 0 0 0\n   7       6 loop6 0 0 0 0 0 0 0 0 0 0 0 0 0 0 0 0 0\n   7       7 loop7 0 0 0 0 0 0 0 0 0 0 0 0 0 0 0 0 0\n   8       0 sda 189342 7168 42663018 763360 1536230 553272 62184474 6907106 0 1760406 8517782 95447 1070 138785372 270238 770056 577076\n   8       1 sda1 188949 5746 42642046 763065 1536216 553264 62184368 6907083 0 1799178 7940384 95446 1069 138584096 270234 0 0\n   8      14 sda14 92 0 1232 70 0 0 0 0 0 70 70 0 0 0 0 0 0\n   8      15 sda15 165 1422 16028 114 2 0 2 1 0 96 119 1 1 201276 3 0 0\n   8      16 sdb 318 0 19226 162 161 532 266776 18879 0 1876 19052 35 34 16465312 11 0 0\n   8      17 sdb1 110 0 6466 80 161 532 266776 18879 0 1964 18970 35 34 16465312 11 0 0\n  11       0 sr0 78 0 560 47 0 0 0 0 0 45 47 0 0 0 0 0 0\n"}
{"timestamp":1767738082,"subsystem":"statfs[*]","measurement":"{\"mount_point\":\"/\",\"block_size\":4096,\"blocks_total\":7574544,\"blocks_free\":7065707,\"blocks_available\":7061611}\n{\"mount_point\":\"/boot/efi\",\"block_size\":512,\"blocks_total\":213663,\"blocks_free\":201276,\"blocks_available\":201276}\n{\"mount_point\":\"/mnt\",\"block_size\":4096,\"blocks_total\":1011128,\"blocks_free\":1011121,\"blocks_available\":954622}\n"}
{"timestamp":1767738087,"subsystem":"/proc/stat","measurement":"cpu  272433 3973 86317 59735168 172960 0 11051 0 0 0\ncpu0 272433 3973 86317 59735168 172960 0 11051 0 0 0\nintr 25530668 0 0 0 0 2934 0 0 0 0 0 0 0 0 0 0 0 0 0 0 0 0 0 0 0 0 0 0 0 0 0 0 0 0 0 0 0 0 0 0 0 0 0 0 0 0 0 0 0 0 0 0 0 0 0 0 0 0 0 0 0 0 0 0 0 0 0 0 0 0 0 0 0 0 0 0 0 0 0 0 0 0 0 0 0 0 0 0 0 0 0 0 0 0 0 0 0 0 0 0 0 0 0 0 0 0 0 0 0 0 0 0 0 0 0 0 0 0 0 0 0 0 0 0 0 0 0 0 0 0 0 0 0 0 0 0 0 0 0 0 0 0 0 0 0 0 0 0 0 0 0 0 0 0 0 0 0 0 0 0 0 0 0 0 0 0 0 0 0 0 0 0 0 0 0 0 0 0 0 0 0 0 0 0 0 0 0 0 0 0 0 0 0 0 0 0 0 0 0 0 0 0 0 0 0 0 0 0 0 0 0 0 0 0 0 0 0 0 0 0 0 0 0 0 0 0 0 0 0 0 0 0 0 0 0 0 0 0 0 0 0 0 0 0 0 0 0 0 0 0 0 0 0 0 0 0 0\nctxt 47529831\nbtime 1767134306\nprocesses 71635\nprocs_running 3\nprocs_blocked 0\nsoftirq 22843106 0 9018355 4 2898792 0 0 7145514 0 878 3779563\n"}
{"timestamp":1767738087,"subsystem":"/proc/meminfo","measurement":"MemTotal:         868988 kB\nMemFree:          382080 kB\nMemAvailable:     475136 kB\nBuffers:           45708 kB\nCached:           161280 kB\nSwapCached:            0 kB\nActive:           124508 kB\nInactive:         185120 kB\nActive(anon):     103432 kB\nInactive(anon):    12340 kB\nActive(file):      21076 kB\nInactive(file):   172780 kB\nUnevictable:       30724 kB\nMlocked:           27652 kB\nSwapTotal:             0 kB\nSwapFree:              0 kB\nZswap:                 0 kB\nZswapped:              0 kB\nDirty:               300 kB\nWriteback:             0 kB\nAnonPages:        132508 kB\nMapped:            59236 kB\nShmem:              4068 kB\nKReclaimable:      40608 kB\nSlab:              91040 kB\nSReclaimable:      40608 kB\nSUnreclaim:        50432 kB\nKernelStack:        2336 kB\nPageTables:         3232 kB\nSecPageTables:         0 kB\nNFS_Unstable:          0 kB\nBounce:                0 kB\nWritebackTmp:          0 kB\nCommitLimit:      434492 kB\nCommitted_AS:     496600 kB\nVmallocTotal:   34359738367 kB\nVmallocUsed:       32988 kB\nVmallocChunk:          0 kB\nPercpu:              792 kB\nHardwareCorrupted:     0 kB\nAnonHugePages:     32768 kB\nShmemHugePages:        0 kB\nShmemPmdMapped:        0 kB\nFileHugePages:         0 kB\nFilePmdMapped:         0 kB\nUnaccepted:            0 kB\nHugePages_Total:       0\nHugePages_Free:        0\nHugePages_Rsvd:        0\nHugePages_Surp:        0\nHugepagesize:       2048 kB\nHugetlb:               0 kB\nDirectMap4k:       76968 kB\nDirectMap2M:      919552 kB\nDirectMap1G:           0 kB\n"}
{"timestamp":1767738087,"subsystem":"/proc/net/dev","measurement":"Inter-|   Receive                                                |  Transmit\n face |bytes    packets errs drop fifo frame compressed multicast|bytes    packets errs drop fifo colls carrier compressed\n    lo:  200905    1325    0    0    0     0          0         0   200905    1325    0    0    0     0       0          0\n  eth0: 562485407 2076728    0    0    0     0          0         0 702772976 2459266    0    0    0     0       0          0\n"}
{"timestamp":1767738087,"subsystem":"/proc/diskstats","measurement":"   7       0 loop0 268 0 5220 434 0 0 0 0 0 408 434 0 0 0 0 0 0\n   7       1 loop1 74 0 2502 73 0 0 0 0 0 62 73 0 0 0 0 0 0\n   7       2 loop2 94 0 3752 82 0 0 0 0 0 84 82 0 0 0 0 0 0\n   7       3 loop3 11 0 28 0 0 0 0 0 0 0 0 0 0 0 0 0 0\n   7       4 loop4 0 0 0 0 0 0 0 0 0 0 0 0 0 0 0 0 0\n   7       5 loop5 0 0 0 0 0 0 0 0 0 0 0 0 0 0 0 0 0\n   7       6 loop6 0 0 0 0 0 0 0 0 0 0 0 0 0 0 0 0 0\n   7       7 loop7 0 0 0 0 0 0 0 0 0 0 0 0 0 0 0 0 0\n   8       0 sda 189342 7168 42663018 763360 1536236 553279 62184586 6907113 0 1760413 8517795 95448 1070 138785380 270241 770057 577079\n   8       1 sda1 188949 5746 42642046 763065 1536222 553271 62184480 6907090 0 1799185 7940394 95447 1069 138584104 270237 0 0\n   8      14 sda14 92 0 1232 70 0 0 0 0 0 70 70 0 0 0 0 0 0\n   8      15 sda15 165 1422 16028 114 2 0 2 1 0 96 119 1 1 201276 3 0 0\n   8      16 sdb 318 0 19226 162 161 532 266776 18879 0 1876 19052 35 34 16465312 11 0 0\n   8      17 sdb1 110 0 6466 80 161 532 266776 18879 0 1964 18970 35 34 16465312 11 0 0\n  11       0 sr0 78 0 560 47 0 0 0 0 0 45 47 0 0 0 0 0 0\n"}
{"timestamp":1767738087,"subsystem":"statfs[*]","measurement":"{\"mount_point\":\"/\",\"block_size\":4096,\"blocks_total\":7574544,\"blocks_free\":7065706,\"blocks_available\":7061610}\n{\"mount_point\":\"/boot/efi\",\"block_size\":512,\"blocks_total\":213663,\"blocks_free\":201276,\"blocks_available\":201276}\n{\"mount_point\":\"/mnt\",\"block_size\":4096,\"blocks_total\":1011128,\"blocks_free\":1011121,\"blocks_available\":954622}\n"}
{"timestamp":1767738092,"subsystem":"/proc/stat","measurement":"cpu  272928 3973 86318 59735168 172960 0 11051 0 0 0\ncpu0 272928 3973 86318 59735168 172960 0 11051 0 0 0\nintr 25535757 0 0 0 0 2934 0 0 0 0 0 0 0 0 0 0 0 0 0 0 0 0 0 0 0 0 0 0 0 0 0 0 0 0 0 0 0 0 0 0 0 0 0 0 0 0 0 0 0 0 0 0 0 0 0 0 0 0 0 0 0 0 0 0 0 0 0 0 0 0 0 0 0 0 0 0 0 0 0 0 0 0 0 0 0 0 0 0 0 0 0 0 0 0 0 0 0 0 0 0 0 0 0 0 0 0 0 0 0 0 0 0 0 0 0 0 0 0 0 0 0 0 0 0 0 0 0 0 0 0 0 0 0 0 0 0 0 0 0 0 0 0 0 0 0 0 0 0 0 0 0 0 0 0 0 0 0 0 0 0 0 0 0 0 0 0 0 0 0 0 0 0 0 0 0 0 0 0 0 0 0 0 0 0 0 0 0 0 0 0 0 0 0 0 0 0 0 0 0 0 0 0 0 0 0 0 0 0 0 0 0 0 0 0 0 0 0 0 0 0 0 0 0 0 0 0 0 0 0 0 0 0 0 0 0 0 0 0 0 0 0 0 0 0 0 0 0 0 0 0 0 0 0 0 0 0 0\nctxt 47530464\nbtime 1767134306\nprocesses 71638\nprocs_running 2\nprocs_blocked 1\nsoftirq 22843372 0 9018463 4 2898822 0 0 7145523 0 878 3779682\n"}
{"timestamp":1767738092,"subsystem":"/proc/meminfo","measurement":"MemTotal:         868988 kB\nMemFree:          382080 kB\nMemAvailable:     475140 kB\nBuffers:           45708 kB\nCached:           161284 kB\nSwapCached:            0 kB\nActive:           126364 kB\nInactive:         185124 kB\nActive(anon):     105288 kB\nInactive(anon):    12340 kB\nActive(file):      21076 kB\nInactive(file):   172784 kB\nUnevictable:       30724 kB\nMlocked:           27652 kB\nSwapTotal:             0 kB\nSwapFree:              0 kB\nZswap:                 0 kB\nZswapped:              0 kB\nDirty:               308 kB\nWriteback:             0 kB\nAnonPages:        134384 kB\nMapped:            59396 kB\nShmem:              4068 kB\nKReclaimable:      40608 kB\nSlab:              91064 kB\nSReclaimable:      40608 kB\nSUnreclaim:        50456 kB\nKernelStack:        2368 kB\nPageTables:         3376 kB\nSecPageTables:         0 kB\nNFS_Unstable:          0 kB\nBounce:                0 kB\nWritebackTmp:          0 kB\nCommitLimit:      434492 kB\nCommitted_AS:     500496 kB\nVmallocTotal:   34359738367 kB\nVmallocUsed:       32992 kB\nVmallocChunk:          0 kB\nPercpu:              792 kB\nHardwareCorrupted:     0 kB\nAnonHugePages:     32768 kB\nShmemHugePages:        0 kB\nShmemPmdMapped:        0 kB\nFileHugePages:         0 kB\nFilePmdMapped:         0 kB\nUnaccepted:            0 kB\nHugePages_Total:       0\nHugePages_Free:        0\nHugePages_Rsvd:        0\nHugePages_Surp:        0\nHugepagesize:       2048 kB\nHugetlb:               0 kB\nDirectMap4k:       76968 kB\nDirectMap2M:      919552 kB\nDirectMap1G:           0 kB\n"}
{"timestamp":1767738092,"subsystem":"/proc/net/dev","measurement":"Inter-|   Receive                                                |  Transmit\n face |bytes    packets errs drop fifo frame compressed multicast|bytes    packets errs drop fifo colls carrier compressed\n    lo:  200905    1325    0    0    0     0          0         0   200905    1325    0    0    0     0       0          0\n  eth0: 562489498 2076747    0    0    0     0          0         0 702779645 2459289    0    0    0     0       0          0\n"}
{"timestamp":1767738092,"subsystem":"/proc/diskstats","measurement":"   7       0 loop0 268 0 5220 434 0 0 0 0 0 408 434 0 0 0 0 0 0\n   7       1 loop1 74 0 2502 73 0 0 0 0 0 62 73 0 0 0 0 0 0\n   7       2 loop2 94 0 3752 82 0 0 0 0 0 84 82 0 0 0 0 0 0\n   7       3 loop3 11 0 28 0 0 0 0 0 0 0 0 0 0 0 0 0 0\n   7       4 loop4 0 0 0 0 0 0 0 0 0 0 0 0 0 0 0 0 0\n   7       5 loop5 0 0 0 0 0 0 0 0 0 0 0 0 0 0 0 0 0\n   7       6 loop6 0 0 0 0 0 0 0 0 0 0 0 0 0 0 0 0 0\n   7       7 loop7 0 0 0 0 0 0 0 0 0 0 0 0 0 0 0 0 0\n   8       0 sda 189342 7168 42663018 763360 1536238 553284 62184642 6907114 1 1760418 8517799 95448 1070 138785380 270241 770058 577082\n   8       1 sda1 188949 5746 42642046 763065 1536224 553276 62184536 6907091 1 1799190 7940395 95447 1069 138584104 270237 0 0\n   8      14 sda14 92 0 1232 70 0 0 0 0 0 70 70 0 0 0 0 0 0\n   8      15 sda15 165 1422 16028 114 2 0 2 1 0 96 119 1 1 201276 3 0 0\n   8      16 sdb 318 0 19226 162 161 532 266776 18879 0 1876 19052 35 34 16465312 11 0 0\n   8      17 sdb1 110 0 6466 80 161 532 266776 18879 0 1964 18970 35 34 16465312 11 0 0\n  11       0 sr0 78 0 560 47 0 0 0 0 0 45 47 0 0 0 0 0 0\n"}
{"timestamp":1767738092,"subsystem":"statfs[*]","measurement":"{\"mount_point\":\"/\",\"block_size\":4096,\"blocks_total\":7574544,\"blocks_free\":7065705,\"blocks_available\":7061609}\n{\"mount_point\":\"/boot/efi\",\"block_size\":512,\"blocks_total\":213663,\"blocks_free\":201276,\"blocks_available\":201276}\n{\"mount_point\":\"/mnt\",\"block_size\":4096,\"blocks_total\":1011128,\"blocks_free\":1011121,\"blocks_available\":954622}\n"}
{"timestamp":1767738097,"subsystem":"/proc/stat","measurement":"cpu  273422 3973 86320 59735168 172960 0 11051 0 0 0\ncpu0 273422 3973 86320 59735168 172960 0 11051 0 0 0\nintr 25540853 0 0 0 0 2934 0 0 0 0 0 0 0 0 0 0 0 0 0 0 0 0 0 0 0 0 0 0 0 0 0 0 0 0 0 0 0 0 0 0 0 0 0 0 0 0 0 0 0 0 0 0 0 0 0 0 0 0 0 0 0 0 0 0 0 0 0 0 0 0 0 0 0 0 0 0 0 0 0 0 0 0 0 0 0 0 0 0 0 0 0 0 0 0 0 0 0 0 0 0 0 0 0 0 0 0 0 0 0 0 0 0 0 0 0 0 0 0 0 0 0 0 0 0 0 0 0 0 0 0 0 0 0 0 0 0 0 0 0 0 0 0 0 0 0 0 0 0 0 0 0 0 0 0 0 0 0 0 0 0 0 0 0 0 0 0 0 0 0 0 0 0 0 0 0 0 0 0 0 0 0 0 0 0 0 0 0 0 0 0 0 0 0 0 0 0 0 0 0 0 0 0 0 0 0 0 0 0 0 0 0 0 0 0 0 0 0 0 0 0 0 0 0 0 0 0 0 0 0 0 0 0 0 0 0 0 0 0 0 0 0 0 0 0 0 0 0 0 0 0 0 0 0 0 0 0 0\nctxt 47531166\nbtime 1767134306\nprocesses 71639\nprocs_running 2\nprocs_blocked 0\nsoftirq 22843664 0 9018590 4 2898836 0 0 7145555 0 878 3779801\n"}
{"timestamp":1767738097,"subsystem":"/proc/meminfo","measurement":"MemTotal:         868988 kB\nMemFree:          387232 kB\nMemAvailable:     480296 kB\nBuffers:           45708 kB\nCached:           161288 kB\nSwapCached:            0 kB\nActive:           124528 kB\nInactive:         185128 kB\nActive(anon):     103452 kB\nInactive(anon):    12340 kB\nActive(file):      21076 kB\nInactive(file):   172788 kB\nUnevictable:       30724 kB\nMlocked:           27652 kB\nSwapTotal:             0 kB\nSwapFree:              0 kB\nZswap:                 0 kB\nZswapped:              0 kB\nDirty:               196 kB\nWriteback:             0 kB\nAnonPages:        132528 kB\nMapped:            59236 kB\nShmem:              4068 kB\nKReclaimable:      40608 kB\nSlab:              91036 kB\nSReclaimable:      40608 kB\nSUnreclaim:        50428 kB\nKernelStack:        2336 kB\nPageTables:         3232 kB\nSecPageTables:         0 kB\nNFS_Unstable:          0 kB\nBounce:                0 kB\nWritebackTmp:          0 kB\nCommitLimit:      434492 kB\nCommitted_AS:     496600 kB\nVmallocTotal:   34359738367 kB\nVmallocUsed:       32988 kB\nVmallocChunk:          0 kB\nPercpu:              792 kB\nHardwareCorrupted:     0 kB\nAnonHugePages:     32768 kB\nShmemHugePages:        0 kB\nShmemPmdMapped:        0 kB\nFileHugePages:         0 kB\nFilePmdMapped:         0 kB\nUnaccepted:            0 kB\nHugePages_Total:       0\nHugePages_Free:        0\nHugePages_Rsvd:        0\nHugePages_Surp:        0\nHugepagesize:       2048 kB\nHugetlb:               0 kB\nDirectMap4k:       76968 kB\nDirectMap2M:      919552 kB\nDirectMap1G:           0 kB\n"}
