{"timestamp":1768156442,"subsystem":"/proc/cpuinfo","measurement":"processor\t: 0\nvendor_id\t: GenuineIntel\ncpu family\t: 6\nmodel\t\t: 85\nmodel name\t: Intel(R) Xeon(R) Platinum 8272CL CPU @ 2.60GHz\nstepping\t: 7\nmicrocode\t: 0xffffffff\ncpu MHz\t\t: 2600.000\ncache size\t: 36608 KB\nphysical id\t: 0\nsiblings\t: 2\ncore id\t\t: 0\ncpu cores\t: 2\napicid\t\t: 0\ninitial apicid\t: 0\nfpu\t\t: yes\nfpu_exception\t: yes\ncpuid level\t: 22\nwp\t\t: yes\nflags\t\t: fpu vme de pse tsc msr pae mce cx8 apic sep mtrr pge mca cmov pat pse36 clflush mmx fxsr sse sse2 ss ht syscall nx pdpe1gb rdtscp lm constant_tsc rep_good nopl xtopology tsc_reliable nonstop_tsc cpuid aperfmperf tsc_known_freq pni pclmulqdq ssse3 fma cx16 pcid sse4_1 sse4_2 x2apic movbe popcnt tsc_deadline_timer aes xsave avx f16c rdrand hypervisor lahf_lm abm 3dnowprefetch fsgsbase tsc_adjust bmi1 hle avx2 smep bmi2 erms invpcid rtm avx512f avx512dq rdseed adx smap clflushopt clwb avx512cd avx512bw avx512vl xsaveopt xsavec xgetbv1 xsaves avx512_vnni arch_capabilities\nbugs\t\t: spectre_v1 spectre_v2 spec_store_bypass swapgs taa mmio_stale_data retbleed bhi\nbogomips\t: 5187.80\nclflush size\t: 64\ncache_alignment\t: 64\naddress sizes\t: 46 bits physical, 48 bits virtual\npower management:\n\nprocessor\t: 1\nvendor_id\t: GenuineIntel\ncpu family\t: 6\nmodel\t\t: 85\nmodel name\t: Intel(R) Xeon(R) Platinum 8272CL CPU @ 2.60GHz\nstepping\t: 7\nmicrocode\t: 0xffffffff\ncpu MHz\t\t: 2600.000\ncache size\t: 36608 KB\nphysical id\t: 0\nsiblings\t: 2\ncore id\t\t: 1\ncpu cores\t: 2\napicid\t\t: 1\ninitial apicid\t: 1\nfpu\t\t: yes\nfpu_exception\t: yes\ncpuid level\t: 22\nwp\t\t: yes\nflags\t\t: fpu vme de pse tsc msr pae mce cx8 apic sep mtrr pge mca cmov pat pse36 clflush mmx fxsr sse sse2 ss ht syscall nx pdpe1gb rdtscp lm constant_tsc rep_good nopl xtopology tsc_reliable nonstop_tsc cpuid aperfmperf tsc_known_freq pni pclmulqdq ssse3 fma cx16 pcid sse4_1 sse4_2 x2apic movbe popcnt tsc_deadline_timer aes xsave avx f16c rdrand hypervisor lahf_lm abm 3dnowprefetch fsgsbase tsc_adjust bmi1 hle avx2 smep bmi2 erms invpcid rtm avx512f avx512dq rdseed adx smap clflushopt clwb avx512cd avx512bw avx512vl xsaveopt xsavec xgetbv1 xsaves avx512_vnni arch_capabilities\nbugs\t\t: spectre_v1 spectre_v2 spec_store_bypass swapgs taa mmio_stale_data retbleed bhi\nbogomips\t: 5187.80\nclflush size\t: 64\ncache_alignment\t: 64\naddress sizes\t: 46 bits physical, 48 bits virtual\npower management:\n\n"}
{"timestamp":1768156442,"subsystem":"/proc/stat","measurement":"cpu  392234 7673 167284 204703828 182430 0 9672 0 0 0\ncpu0 187290 3835 65217 102377457 88797 0 5492 0 0 0\ncpu1 204943 3838 102066 102326371 93633 0 4180 0 0 0\nintr 82540594 0 0 0 0 2588 0 0 0 0 0 0 0 0 0 0 0 0 0 0 0 0 0 0 0 0 0 0 0 0 0 0 0 0 0 0 0 0 0 0 0 0 0 0 0 0 0 0 0 0 0 0 0 0 0 0 0 0 0 0 0 0 0 0 0 0 0 0 0 0 0 0 0 0 0 0 0 0 0 0 0 0 0 0 0 0 0 0 0 0 0 0 0 0 0 0 0 0 0 0 0 0 0 0 0 0 0 0 0 0 0 0 0 0 0 0 0 0 0 0 0 0 0 0 0 0 0 0 0 0 0 0 0 0 0 0 0 0 0 0 0 0 0 0 0 0 0 0 0 0 0 0 0 0 0 0 0 0 0 0 0 0 0 0 0 0 0 0 0 0 0 0 0 0 0 0 0 0 0 0 0 0 0 0 0 0 0 0 0 0 0 0 0 0 0 0 0 0 0 0 0 0 0 0 0 0 0 0 0 0 0 0 0 0 0 0 0 0 0 0 0 0 0 0 0 0 0 0 0 0 0 0 0 0 0 0 0 0 0 0 0 0 0 0 0 0 0 0 0 0 0 0 0 0 0 0 0 0 0 0 0 0 0 0 0 0 0 0 0 0 0 0 0 0 0 0 0 0 0 0 0 0 0 0 0 0 0 0 0 0 0 0 0 0 0 0 0 0 0 0 0 0 0 0 0 0 0 0 0 0 0 0 0 0 0 0 0 0 0 0 0 0 0 0 0 0 0 0 0 0 0 0 0 0 0 0 0 0 0 0 0 0 0 0 0 0 0 0 0 0 0 0 0 0 0 0 0 0 0 0 0 0 0 0 0 0 0 0 0 0 0 0 0 0 0 0 0 0 0 0 0 0 0 0 0 0 0 0 0 0 0 0 0 0 0 0 0 0 0 0 0 0 0 0 0 0 0 0 0 0 0 0 0 0 0 0 0 0 0 0 0 0 0 0 0 0 0 0 0 0 0 0 0 0 0 0 0 0 0 0 0\nctxt 114887026\nbtime 1767127868\nprocesses 164172\nprocs_running 1\nprocs_blocked 0\nsoftirq 79190277 0 20967243 156 10230668 869 0 14704408 24059490 449 9226994\n"}
{"timestamp":1768156442,"subsystem":"/proc/meminfo","measurement":"MemTotal:        3960648 kB\nMemFree:          355056 kB\nMemAvailable:    3190516 kB\nBuffers:          113908 kB\nCached:          2844492 kB\nSwapCached:            0 kB\nActive:           667804 kB\nInactive:        2511560 kB\nActive(anon):     220056 kB\nInactive(anon):    14524 kB\nActive(file):     447748 kB\nInactive(file):  2497036 kB\nUnevictable:       30896 kB\nMlocked:           27824 kB\nSwapTotal:             0 kB\nSwapFree:              0 kB\nZswap:                 0 kB\nZswapped:              0 kB\nDirty:                80 kB\nWriteback:             0 kB\nAnonPages:        251732 kB\nMapped:           181180 kB\nShmem:              4552 kB\nKReclaimable:     188020 kB\nSlab:             281544 kB\nSReclaimable:     188020 kB\nSUnreclaim:        93524 kB\nKernelStack:        2864 kB\nPageTables:         4340 kB\nSecPageTables:         0 kB\nNFS_Unstable:          0 kB\nBounce:                0 kB\nWritebackTmp:          0 kB\nCommitLimit:     1980324 kB\nCommitted_AS:     924012 kB\nVmallocTotal:   34359738367 kB\nVmallocUsed:       36916 kB\nVmallocChunk:          0 kB\nPercpu:             5616 kB\nHardwareCorrupted:     0 kB\nAnonHugePages:    137216 kB\nShmemHugePages:        0 kB\nShmemPmdMapped:        0 kB\nFileHugePages:         0 kB\nFilePmdMapped:         0 kB\nUnaccepted:            0 kB\nHugePages_Total:       0\nHugePages_Free:        0\nHugePages_Rsvd:        0\nHugePages_Surp:        0\nHugepagesize:       2048 kB\nHugetlb:               0 kB\nDirectMap4k:      126156 kB\nDirectMap2M:     2967552 kB\nDirectMap1G:     3145728 kB\n"}
{"timestamp":1768156442,"subsystem":"/proc/net/dev","measurement":"Inter-|   Receive                                                |  Transmit\n face |bytes    packets errs drop fifo frame compressed multicast|bytes    packets errs drop fifo colls carrier compressed\n    lo: 4417792   30830    0    0    0     0          0         0  4417792   30830    0    0    0     0       0          0\n  eth0: 1409703837 4633837    0    0    0     0          0         0 1530690171 7706280    0    0    0     0       0          0\ndocker0:  282754    4373    0    0    0     0          0         0 112467745   12612    0    0    0     0       0          0\nbr-490d867fe46d:     112       4    0    0    0     0          0         0      526       5    0    0    0     0       0          0\n"}
{"timestamp":1768156442,"subsystem":"/proc/diskstats","measurement":"   7       0 loop0 278 0 5266 338 0 0 0 0 0 330 338 0 0 0 0 0 0\n   7       1 loop1 75 0 2508 40 0 0 0 0 0 36 40 0 0 0 0 0 0\n   7       2 loop2 92 0 3744 87 0 0 0 0 0 86 87 0 0 0 0 0 0\n   7       3 loop3 418 0 28930 29 0 0 0 0 0 33 29 0 0 0 0 0 0\n   7       4 loop4 10 0 20 0 0 0 0 0 0 1 0 0 0 0 0 0 0\n   7       5 loop5 0 0 0 0 0 0 0 0 0 0 0 0 0 0 0 0 0\n   7       6 loop6 0 0 0 0 0 0 0 0 0 0 0 0 0 0 0 0 0\n   7       7 loop7 0 0 0 0 0 0 0 0 0 0 0 0 0 0 0 0 0\n   8       0 sda 18866 4623 1417012 53134 1628088 1131006 44920546 7437889 0 1810069 8667029 174857 3355 113930836 558749 186458 617256\n   8       1 sda1 18456 2968 1394398 52983 1628074 1130998 44920440 7437862 0 2144627 8049593 174856 3354 113729560 558747 0 0\n   8      14 sda14 92 0 1232 22 0 0 0 0 0 25 22 0 0 0 0 0 0\n   8      15 sda15 182 1655 17670 78 2 0 2 0 0 63 81 1 1 201276 2 0 0\n   8      16 sdb 319 1 19490 98 233 1045 402016 18688 0 1194 18796 69 68 33069976 9 0 0\n   8      17 sdb1 110 1 6474 71 233 1045 402016 18688 0 1205 18769 69 68 33069976 9 0 0\n  11       0 sr0 78 0 560 15 0 0 0 0 0 12 15 0 0 0 0 0 0\n"}
{"timestamp":1768156442,"subsystem":"statfs[*]","measurement":"{\"mount_point\":\"/\",\"block_size\":4096,\"blocks_total\":7574544,\"blocks_free\":6448598,\"blocks_available\":6444502}\n{\"mount_point\":\"/boot/efi\",\"block_size\":512,\"blocks_total\":213663,\"blocks_free\":201276,\"blocks_available\":201276}\n{\"mount_point\":\"/mnt\",\"block_size\":4096,\"blocks_total\":2038135,\"blocks_free\":2038128,\"blocks_available\":1929200}\n"}
{"timestamp":1768156447,"subsystem":"/proc/cpuinfo","measurement":"processor\t: 0\nvendor_id\t: GenuineIntel\ncpu family\t: 6\nmodel\t\t: 85\nmodel name\t: Intel(R) Xeon(R) Platinum 8272CL CPU @ 2.60GHz\nstepping\t: 7\nmicrocode\t: 0xffffffff\ncpu MHz\t\t: 2989.768\ncache size\t: 36608 KB\nphysical id\t: 0\nsiblings\t: 2\ncore id\t\t: 0\ncpu cores\t: 2\napicid\t\t: 0\ninitial apicid\t: 0\nfpu\t\t: yes\nfpu_exception\t: yes\ncpuid level\t: 22\nwp\t\t: yes\nflags\t\t: fpu vme de pse tsc msr pae mce cx8 apic sep mtrr pge mca cmov pat pse36 clflush mmx fxsr sse sse2 ss ht syscall nx pdpe1gb rdtscp lm constant_tsc rep_good nopl xtopology tsc_reliable nonstop_tsc cpuid aperfmperf tsc_known_freq pni pclmulqdq ssse3 fma cx16 pcid sse4_1 sse4_2 x2apic movbe popcnt tsc_deadline_timer aes xsave avx f16c rdrand hypervisor lahf_lm abm 3dnowprefetch fsgsbase tsc_adjust bmi1 hle avx2 smep bmi2 erms invpcid rtm avx512f avx512dq rdseed adx smap clflushopt clwb avx512cd avx512bw avx512vl xsaveopt xsavec xgetbv1 xsaves avx512_vnni arch_capabilities\nbugs\t\t: spectre_v1 spectre_v2 spec_store_bypass swapgs taa mmio_stale_data retbleed bhi\nbogomips\t: 5187.80\nclflush size\t: 64\ncache_alignment\t: 64\naddress sizes\t: 46 bits physical, 48 bits virtual\npower management:\n\nprocessor\t: 1\nvendor_id\t: GenuineIntel\ncpu family\t: 6\nmodel\t\t: 85\nmodel name\t: Intel(R) Xeon(R) Platinum 8272CL CPU @ 2.60GHz\nstepping\t: 7\nmicrocode\t: 0xffffffff\ncpu MHz\t\t: 2993.776\ncache size\t: 36608 KB\nphysical id\t: 0\nsiblings\t: 2\ncore id\t\t: 1\ncpu cores\t: 2\napicid\t\t: 1\ninitial apicid\t: 1\nfpu\t\t: yes\nfpu_exception\t: yes\ncpuid level\t: 22\nwp\t\t: yes\nflags\t\t: fpu vme de pse tsc msr pae mce cx8 apic sep mtrr pge mca cmov pat pse36 clflush mmx fxsr sse sse2 ss ht syscall nx pdpe1gb rdtscp lm constant_tsc rep_good nopl xtopology tsc_reliable nonstop_tsc cpuid aperfmperf tsc_known_freq pni pclmulqdq ssse3 fma cx16 pcid sse4_1 sse4_2 x2apic movbe popcnt tsc_deadline_timer aes xsave avx f16c rdrand hypervisor lahf_lm abm 3dnowprefetch fsgsbase tsc_adjust bmi1 hle avx2 smep bmi2 erms invpcid rtm avx512f avx512dq rdseed adx smap clflushopt clwb avx512cd avx512bw avx512vl xsaveopt xsavec xgetbv1 xsaves avx512_vnni arch_capabilities\nbugs\t\t: spectre_v1 spectre_v2 spec_store_bypass swapgs taa mmio_stale_data retbleed bhi\nbogomips\t: 5187.80\nclflush size\t: 64\ncache_alignment\t: 64\naddress sizes\t: 46 bits physical, 48 bits virtual\npower management:\n\n"}
{"timestamp":1768156447,"subsystem":"/proc/stat","measurement":"cpu  392237 7673 167289 204704818 182431 0 9672 0 0 0\ncpu0 187292 3835 65219 102377953 88797 0 5492 0 0 0\ncpu1 204945 3838 102070 102326864 93633 0 4180 0 0 0\nintr 82541982 0 0 0 0 2588 0 0 0 0 0 0 0 0 0 0 0 0 0 0 0 0 0 0 0 0 0 0 0 0 0 0 0 0 0 0 0 0 0 0 0 0 0 0 0 0 0 0 0 0 0 0 0 0 0 0 0 0 0 0 0 0 0 0 0 0 0 0 0 0 0 0 0 0 0 0 0 0 0 0 0 0 0 0 0 0 0 0 0 0 0 0 0 0 0 0 0 0 0 0 0 0 0 0 0 0 0 0 0 0 0 0 0 0 0 0 0 0 0 0 0 0 0 0 0 0 0 0 0 0 0 0 0 0 0 0 0 0 0 0 0 0 0 0 0 0 0 0 0 0 0 0 0 0 0 0 0 0 0 0 0 0 0 0 0 0 0 0 0 0 0 0 0 0 0 0 0 0 0 0 0 0 0 0 0 0 0 0 0 0 0 0 0 0 0 0 0 0 0 0 0 0 0 0 0 0 0 0 0 0 0 0 0 0 0 0 0 0 0 0 0 0 0 0 0 0 0 0 0 0 0 0 0 0 0 0 0 0 0 0 0 0 0 0 0 0 0 0 0 0 0 0 0 0 0 0 0 0 0 0 0 0 0 0 0 0 0 0 0 0 0 0 0 0 0 0 0 0 0 0 0 0 0 0 0 0 0 0 0 0 0 0 0 0 0 0 0 0 0 0 0 0 0 0 0 0 0 0 0 0 0 0 0 0 0 0 0 0 0 0 0 0 0 0 0 0 0 0 0 0 0 0 0 0 0 0 0 0 0 0 0 0 0 0 0 0 0 0 0 0 0 0 0 0 0 0 0 0 0 0 0 0 0 0 0 0 0 0 0 0 0 0 0 0 0 0 0 0 0 0 0 0 0 0 0 0 0 0 0 0 0 0 0 0 0 0 0 0 0 0 0 0 0 0 0 0 0 0 0 0 0 0 0 0 0 0 0 0 0 0 0 0 0 0 0 0 0 0 0 0 0 0 0 0 0 0 0 0 0 0 0\nctxt 114889570\nbtime 1767127868\nprocesses 164178\nprocs_running 4\nprocs_blocked 0\nsoftirq 79191564 0 20967382 156 10230748 869 0 14705086 24059740 449 9227134\n"}
{"timestamp":1768156447,"subsystem":"/proc/meminfo","measurement":"MemTotal:        3960648 kB\nMemFree:          356224 kB\nMemAvailable:    3191692 kB\nBuffers:          113908 kB\nCached:          2844500 kB\nSwapCached:            0 kB\nActive:           667788 kB\nInactive:        2511568 kB\nActive(anon):     220040 kB\nInactive(anon):    14524 kB\nActive(file):     447748 kB\nInactive(file):  2497044 kB\nUnevictable:       30896 kB\nMlocked:           27824 kB\nSwapTotal:             0 kB\nSwapFree:              0 kB\nZswap:                 0 kB\nZswapped:              0 kB\nDirty:               224 kB\nWriteback:             0 kB\nAnonPages:        251716 kB\nMapped:           181376 kB\nShmem:              4552 kB\nKReclaimable:     188020 kB\nSlab:             281548 kB\nSReclaimable:     188020 kB\nSUnreclaim:        93528 kB\nKernelStack:        2880 kB\nPageTables:         4340 kB\nSecPageTables:         0 kB\nNFS_Unstable:          0 kB\nBounce:                0 kB\nWritebackTmp:          0 kB\nCommitLimit:     1980324 kB\nCommitted_AS:     923628 kB\nVmallocTotal:   34359738367 kB\nVmallocUsed:       36980 kB\nVmallocChunk:          0 kB\nPercpu:             5616 kB\nHardwareCorrupted:     0 kB\nAnonHugePages:    137216 kB\nShmemHugePages:        0 kB\nShmemPmdMapped:        0 kB\nFileHugePages:         0 kB\nFilePmdMapped:         0 kB\nUnaccepted:            0 kB\nHugePages_Total:       0\nHugePages_Free:        0\nHugePages_Rsvd:        0\nHugePages_Surp:        0\nHugepagesize:       2048 kB\nHugetlb:               0 kB\nDirectMap4k:      126156 kB\nDirectMap2M:     2967552 kB\nDirectMap1G:     3145728 kB\n"}
{"timestamp":1768156447,"subsystem":"/proc/net/dev","measurement":"Inter-|   Receive                                                |  Transmit\n face |bytes    packets errs drop fifo frame compressed multicast|bytes    packets errs drop fifo colls carrier compressed\n    lo: 4417792   30830    0    0    0     0          0         0  4417792   30830    0    0    0     0       0          0\n  eth0: 1409710441 4633875    0    0    0     0          0         0 1530700518 7706338    0    0    0     0       0          0\ndocker0:  282754    4373    0    0    0     0          0         0 112467745   12612    0    0    0     0       0          0\nbr-490d867fe46d:     112       4    0    0    0     0          0         0      526       5    0    0    0     0       0          0\n"}
{"timestamp":1768156447,"subsystem":"/proc/diskstats","measurement":"   7       0 loop0 278 0 5266 338 0 0 0 0 0 330 338 0 0 0 0 0 0\n   7       1 loop1 75 0 2508 40 0 0 0 0 0 36 40 0 0 0 0 0 0\n   7       2 loop2 92 0 3744 87 0 0 0 0 0 86 87 0 0 0 0 0 0\n   7       3 loop3 418 0 28930 29 0 0 0 0 0 33 29 0 0 0 0 0 0\n   7       4 loop4 10 0 20 0 0 0 0 0 0 1 0 0 0 0 0 0 0\n   7       5 loop5 0 0 0 0 0 0 0 0 0 0 0 0 0 0 0 0 0\n   7       6 loop6 0 0 0 0 0 0 0 0 0 0 0 0 0 0 0 0 0\n   7       7 loop7 0 0 0 0 0 0 0 0 0 0 0 0 0 0 0 0 0\n   8       0 sda 18866 4623 1417012 53134 1628091 1131018 44920666 7437895 0 1810077 8667041 174858 3355 113930844 558752 186459 617258\n   8       1 sda1 18456 2968 1394398 52983 1628077 1131010 44920560 7437868 0 2144635 8049602 174857 3354 113729568 558750 0 0\n   8      14 sda14 92 0 1232 22 0 0 0 0 0 25 22 0 0 0 0 0 0\n   8      15 sda15 182 1655 17670 78 2 0 2 0 0 63 81 1 1 201276 2 0 0\n   8      16 sdb 319 1 19490 98 233 1045 402016 18688 0 1194 18796 69 68 33069976 9 0 0\n   8      17 sdb1 110 1 6474 71 233 1045 402016 18688 0 1205 18769 69 68 33069976 9 0 0\n  11       0 sr0 78 0 560 15 0 0 0 0 0 12 15 0 0 0 0 0 0\n"}
{"timestamp":1768156447,"subsystem":"statfs[*]","measurement":"{\"mount_point\":\"/\",\"block_size\":4096,\"blocks_total\":7574544,\"blocks_free\":6448595,\"blocks_available\":6444499}\n{\"mount_point\":\"/boot/efi\",\"block_size\":512,\"blocks_total\":213663,\"blocks_free\":201276,\"blocks_available\":201276}\n{\"mount_point\":\"/mnt\",\"block_size\":4096,\"blocks_total\":2038135,\"blocks_free\":2038128,\"blocks_available\":1929200}\n"}
{"timestamp":1768156452,"subsystem":"/proc/cpuinfo","measurement":"processor\t: 0\nvendor_id\t: GenuineIntel\ncpu family\t: 6\nmodel\t\t: 85\nmodel name\t: Intel(R) Xeon(R) Platinum 8272CL CPU @ 2.60GHz\nstepping\t: 7\nmicrocode\t: 0xffffffff\ncpu MHz\t\t: 2992.977\ncache size\t: 36608 KB\nphysical id\t: 0\nsiblings\t: 2\ncore id\t\t: 0\ncpu cores\t: 2\napicid\t\t: 0\ninitial apicid\t: 0\nfpu\t\t: yes\nfpu_exception\t: yes\ncpuid level\t: 22\nwp\t\t: yes\nflags\t\t: fpu vme de pse tsc msr pae mce cx8 apic sep mtrr pge mca cmov pat pse36 clflush mmx fxsr sse sse2 ss ht syscall nx pdpe1gb rdtscp lm constant_tsc rep_good nopl xtopology tsc_reliable nonstop_tsc cpuid aperfmperf tsc_known_freq pni pclmulqdq ssse3 fma cx16 pcid sse4_1 sse4_2 x2apic movbe popcnt tsc_deadline_timer aes xsave avx f16c rdrand hypervisor lahf_lm abm 3dnowprefetch fsgsbase tsc_adjust bmi1 hle avx2 smep bmi2 erms invpcid rtm avx512f avx512dq rdseed adx smap clflushopt clwb avx512cd avx512bw avx512vl xsaveopt xsavec xgetbv1 xsaves avx512_vnni arch_capabilities\nbugs\t\t: spectre_v1 spectre_v2 spec_store_bypass swapgs taa mmio_stale_data retbleed bhi\nbogomips\t: 5187.80\nclflush size\t: 64\ncache_alignment\t: 64\naddress sizes\t: 46 bits physical, 48 bits virtual\npower management:\n\nprocessor\t: 1\nvendor_id\t: GenuineIntel\ncpu family\t: 6\nmodel\t\t: 85\nmodel name\t: Intel(R) Xeon(R) Platinum 8272CL CPU @ 2.60GHz\nstepping\t: 7\nmicrocode\t: 0xffffffff\ncpu MHz\t\t: 2992.950\ncache size\t: 36608 KB\nphysical id\t: 0\nsiblings\t: 2\ncore id\t\t: 1\ncpu cores\t: 2\napicid\t\t: 1\ninitial apicid\t: 1\nfpu\t\t: yes\nfpu_exception\t: yes\ncpuid level\t: 22\nwp\t\t: yes\nflags\t\t: fpu vme de pse tsc msr pae mce cx8 apic sep mtrr pge mca cmov pat pse36 clflush mmx fxsr sse sse2 ss ht syscall nx pdpe1gb rdtscp lm constant_tsc rep_good nopl xtopology tsc_reliable nonstop_tsc cpuid aperfmperf tsc_known_freq pni pclmulqdq ssse3 fma cx16 pcid sse4_1 sse4_2 x2apic movbe popcnt tsc_deadline_timer aes xsave avx f16c rdrand hypervisor lahf_lm abm 3dnowprefetch fsgsbase tsc_adjust bmi1 hle avx2 smep bmi2 erms invpcid rtm avx512f avx512dq rdseed adx smap clflushopt clwb avx512cd avx512bw avx512vl xsaveopt xsavec xgetbv1 xsaves avx512_vnni arch_capabilities\nbugs\t\t: spectre_v1 spectre_v2 spec_store_bypass swapgs taa mmio_stale_data retbleed bhi\nbogomips\t: 5187.80\nclflush size\t: 64\ncache_alignment\t: 64\naddress sizes\t: 46 bits physical, 48 bits virtual\npower management:\n\n"}
{"timestamp":1768156452,"subsystem":"/proc/stat","measurement":"cpu  393236 7673 167290 204704818 182431 0 9673 0 0 0\ncpu0 187791 3835 65219 102377953 88797 0 5492 0 0 0\ncpu1 205444 3838 102071 102326864 93633 0 4180 0 0 0\nintr 82552170 0 0 0 0 2588 0 0 0 0 0 0 0 0 0 0 0 0 0 0 0 0 0 0 0 0 0 0 0 0 0 0 0 0 0 0 0 0 0 0 0 0 0 0 0 0 0 0 0 0 0 0 0 0 0 0 0 0 0 0 0 0 0 0 0 0 0 0 0 0 0 0 0 0 0 0 0 0 0 0 0 0 0 0 0 0 0 0 0 0 0 0 0 0 0 0 0 0 0 0 0 0 0 0 0 0 0 0 0 0 0 0 0 0 0 0 0 0 0 0 0 0 0 0 0 0 0 0 0 0 0 0 0 0 0 0 0 0 0 0 0 0 0 0 0 0 0 0 0 0 0 0 0 0 0 0 0 0 0 0 0 0 0 0 0 0 0 0 0 0 0 0 0 0 0 0 0 0 0 0 0 0 0 0 0 0 0 0 0 0 0 0 0 0 0 0 0 0 0 0 0 0 0 0 0 0 0 0 0 0 0 0 0 0 0 0 0 0 0 0 0 0 0 0 0 0 0 0 0 0 0 0 0 0 0 0 0 0 0 0 0 0 0 0 0 0 0 0 0 0 0 0 0 0 0 0 0 0 0 0 0 0 0 0 0 0 0 0 0 0 0 0 0 0 0 0 0 0 0 0 0 0 0 0 0 0 0 0 0 0 0 0 0 0 0 0 0 0 0 0 0 0 0 0 0 0 0 0 0 0 0 0 0 0 0 0 0 0 0 0 0 0 0 0 0 0 0 0 0 0 0 0 0 0 0 0 0 0 0 0 0 0 0 0 0 0 0 0 0 0 0 0 0 0 0 0 0 0 0 0 0 0 0 0 0 0 0 0 0 0 0 0 0 0 0 0 0 0 0 0 0 0 0 0 0 0 0 0 0 0 0 0 0 0 0 0 0 0 0 0 0 0 0 0 0 0 0 0 0 0 0 0 0 0 0 0 0 0 0 0 0 0 0 0 0 0 0 0 0 0 0 0 0 0 0 0 0 0 0 0 0\nctxt 114890265\nbtime 1767127868\nprocesses 164182\nprocs_running 5\nprocs_blocked 0\nsoftirq 79192098 0 20967556 156 10230801 869 0 14705095 24059902 449 9227270\n"}
{"timestamp":1768156452,"subsystem":"/proc/meminfo","measurement":"MemTotal:        3960648 kB\nMemFree:          354464 kB\nMemAvailable:    3189944 kB\nBuffers:          113908 kB\nCached:          2844512 kB\nSwapCached:            0 kB\nActive:           671828 kB\nInactive:        2511580 kB\nActive(anon):     224080 kB\nInactive(anon):    14524 kB\nActive(file):     447748 kB\nInactive(file):  2497056 kB\nUnevictable:       30896 kB\nMlocked:           27824 kB\nSwapTotal:             0 kB\nSwapFree:              0 kB\nZswap:                 0 kB\nZswapped:              0 kB\nDirty:               216 kB\nWriteback:             0 kB\nAnonPages:        255808 kB\nMapped:           182052 kB\nShmem:              4552 kB\nKReclaimable:     188020 kB\nSlab:             281580 kB\nSReclaimable:     188020 kB\nSUnreclaim:        93560 kB\nKernelStack:        2912 kB\nPageTables:         4392 kB\nSecPageTables:         0 kB\nNFS_Unstable:          0 kB\nBounce:                0 kB\nWritebackTmp:          0 kB\nCommitLimit:     1980324 kB\nCommitted_AS:     931496 kB\nVmallocTotal:   34359738367 kB\nVmallocUsed:       36996 kB\nVmallocChunk:          0 kB\nPercpu:             5616 kB\nHardwareCorrupted:     0 kB\nAnonHugePages:    139264 kB\nShmemHugePages:        0 kB\nShmemPmdMapped:        0 kB\nFileHugePages:         0 kB\nFilePmdMapped:         0 kB\nUnaccepted:            0 kB\nHugePages_Total:       0\nHugePages_Free:        0\nHugePages_Rsvd:        0\nHugePages_Surp:        0\nHugepagesize:       2048 kB\nHugetlb:               0 kB\nDirectMap4k:      126156 kB\nDirectMap2M:     2967552 kB\nDirectMap1G:     3145728 kB\n"}
{"timestamp":1768156452,"subsystem":"/proc/net/dev","measurement":"Inter-|   Receive                                                |  Transmit\n face |bytes    packets errs drop fifo frame compressed multicast|bytes    packets errs drop fifo colls carrier compressed\n    lo: 4417792   30830    0    0    0     0          0         0  4417792   30830    0    0    0     0       0          0\n  eth0: 1409714575 4633895    0    0    0     0          0         0 1530707333 7706379    0    0    0     0       0          0\ndocker0:  282754    4373    0    0    0     0          0         0 112467745   12612    0    0    0     0       0          0\nbr-490d867fe46d:     112       4    0    0    0     0          0         0      526       5    0    0    0     0       0          0\n"}
{"timestamp":1768156452,"subsystem":"/proc/diskstats","measurement":"   7       0 loop0 278 0 5266 338 0 0 0 0 0 330 338 0 0 0 0 0 0\n   7       1 loop1 75 0 2508 40 0 0 0 0 0 36 40 0 0 0 0 0 0\n   7       2 loop2 92 0 3744 87 0 0 0 0 0 86 87 0 0 0 0 0 0\n   7       3 loop3 418 0 28930 29 0 0 0 0 0 33 29 0 0 0 0 0 0\n   7       4 loop4 10 0 20 0 0 0 0 0 0 1 0 0 0 0 0 0 0\n   7       5 loop5 0 0 0 0 0 0 0 0 0 0 0 0 0 0 0 0 0\n   7       6 loop6 0 0 0 0 0 0 0 0 0 0 0 0 0 0 0 0 0\n   7       7 loop7 0 0 0 0 0 0 0 0 0 0 0 0 0 0 0 0 0\n   8       0 sda 18866 4623 1417012 53134 1628093 1131019 44920714 7437895 0 1810078 8667041 174858 3355 113930844 558752 186459 617258\n   8       1 sda1 18456 2968 1394398 52983 1628079 1131011 44920608 7437869 0 2144636 8049603 174857 3354 113729568 558750 0 0\n   8      14 sda14 92 0 1232 22 0 0 0 0 0 25 22 0 0 0 0 0 0\n   8      15 sda15 182 1655 17670 78 2 0 2 0 0 63 81 1 1 201276 2 0 0\n   8      16 sdb 319 1 19490 98 233 1045 402016 18688 0 1194 18796 69 68 33069976 9 0 0\n   8      17 sdb1 110 1 6474 71 233 1045 402016 18688 0 1205 18769 69 68 33069976 9 0 0\n  11       0 sr0 78 0 560 15 0 0 0 0 0 12 15 0 0 0 0 0 0\n"}
{"timestamp":1768156452,"subsystem":"statfs[*]","measurement":"{\"mount_point\":\"/\",\"block_size\":4096,\"blocks_total\":7574544,\"blocks_free\":6448593,\"blocks_available\":6444497}\n{\"mount_point\":\"/boot/efi\",\"block_size\":512,\"blocks_total\":213663,\"blocks_free\":201276,\"blocks_available\":201276}\n{\"mount_point\":\"/mnt\",\"block_size\":4096,\"blocks_total\":2038135,\"blocks_free\":2038128,\"blocks_available\":1929200}\n"}
{"timestamp":1768156457,"subsystem":"/proc/cpuinfo","measurement":"processor\t: 0\nvendor_id\t: GenuineIntel\ncpu family\t: 6\nmodel\t\t: 85\nmodel name\t: Intel(R) Xeon(R) Platinum 8272CL CPU @ 2.60GHz\nstepping\t: 7\nmicrocode\t: 0xffffffff\ncpu MHz\t\t: 2992.986\ncache size\t: 36608 KB\nphysical id\t: 0\nsiblings\t: 2\ncore id\t\t: 0\ncpu cores\t: 2\napicid\t\t: 0\ninitial apicid\t: 0\nfpu\t\t: yes\nfpu_exception\t: yes\ncpuid level\t: 22\nwp\t\t: yes\nflags\t\t: fpu vme de pse tsc msr pae mce cx8 apic sep mtrr pge mca cmov pat pse36 clflush mmx fxsr sse sse2 ss ht syscall nx pdpe1gb rdtscp lm constant_tsc rep_good nopl xtopology tsc_reliable nonstop_tsc cpuid aperfmperf tsc_known_freq pni pclmulqdq ssse3 fma cx16 pcid sse4_1 sse4_2 x2apic movbe popcnt tsc_deadline_timer aes xsave avx f16c rdrand hypervisor lahf_lm abm 3dnowprefetch fsgsbase tsc_adjust bmi1 hle avx2 smep bmi2 erms invpcid rtm avx512f avx512dq rdseed adx smap clflushopt clwb avx512cd avx512bw avx512vl xsaveopt xsavec xgetbv1 xsaves avx512_vnni arch_capabilities\nbugs\t\t: spectre_v1 spectre_v2 spec_store_bypass swapgs taa mmio_stale_data retbleed bhi\nbogomips\t: 5187.80\nclflush size\t: 64\ncache_alignment\t: 64\naddress sizes\t: 46 bits physical, 48 bits virtual\npower management:\n\nprocessor\t: 1\nvendor_id\t: GenuineIntel\ncpu family\t: 6\nmodel\t\t: 85\nmodel name\t: Intel(R) Xeon(R) Platinum 8272CL CPU @ 2.60GHz\nstepping\t: 7\nmicrocode\t: 0xffffffff\ncpu MHz\t\t: 2992.939\ncache size\t: 36608 KB\nphysical id\t: 0\nsiblings\t: 2\ncore id\t\t: 1\ncpu cores\t: 2\napicid\t\t: 1\ninitial apicid\t: 1\nfpu\t\t: yes\nfpu_exception\t: yes\ncpuid level\t: 22\nwp\t\t: yes\nflags\t\t: fpu vme de pse tsc msr pae mce cx8 apic sep mtrr pge mca cmov pat pse36 clflush mmx fxsr sse sse2 ss ht syscall nx pdpe1gb rdtscp lm constant_tsc rep_good nopl xtopology tsc_reliable nonstop_tsc cpuid aperfmperf tsc_known_freq pni pclmulqdq ssse3 fma cx16 pcid sse4_1 sse4_2 x2apic movbe popcnt tsc_deadline_timer aes xsave avx f16c rdrand hypervisor lahf_lm abm 3dnowprefetch fsgsbase tsc_adjust bmi1 hle avx2 smep bmi2 erms invpcid rtm avx512f avx512dq rdseed adx smap clflushopt clwb avx512cd avx512bw avx512vl xsaveopt xsavec xgetbv1 xsaves avx512_vnni arch_capabilities\nbugs\t\t: spectre_v1 spectre_v2 spec_store_bypass swapgs taa mmio_stale_data retbleed bhi\nbogomips\t: 5187.80\nclflush size\t: 64\ncache_alignment\t: 64\naddress sizes\t: 46 bits physical, 48 bits virtual\npower management:\n\n"}
{"timestamp":1768156457,"subsystem":"/proc/stat","measurement":"cpu  394235 7673 167290 204704818 182431 0 9673 0 0 0\ncpu0 188291 3835 65219 102377953 88797 0 5493 0 0 0\ncpu1 205944 3838 102071 102326864 93633 0 4180 0 0 0\nintr 82562339 0 0 0 0 2588 0 0 0 0 0 0 0 0 0 0 0 0 0 0 0 0 0 0 0 0 0 0 0 0 0 0 0 0 0 0 0 0 0 0 0 0 0 0 0 0 0 0 0 0 0 0 0 0 0 0 0 0 0 0 0 0 0 0 0 0 0 0 0 0 0 0 0 0 0 0 0 0 0 0 0 0 0 0 0 0 0 0 0 0 0 0 0 0 0 0 0 0 0 0 0 0 0 0 0 0 0 0 0 0 0 0 0 0 0 0 0 0 0 0 0 0 0 0 0 0 0 0 0 0 0 0 0 0 0 0 0 0 0 0 0 0 0 0 0 0 0 0 0 0 0 0 0 0 0 0 0 0 0 0 0 0 0 0 0 0 0 0 0 0 0 0 0 0 0 0 0 0 0 0 0 0 0 0 0 0 0 0 0 0 0 0 0 0 0 0 0 0 0 0 0 0 0 0 0 0 0 0 0 0 0 0 0 0 0 0 0 0 0 0 0 0 0 0 0 0 0 0 0 0 0 0 0 0 0 0 0 0 0 0 0 0 0 0 0 0 0 0 0 0 0 0 0 0 0 0 0 0 0 0 0 0 0 0 0 0 0 0 0 0 0 0 0 0 0 0 0 0 0 0 0 0 0 0 0 0 0 0 0 0 0 0 0 0 0 0 0 0 0 0 0 0 0 0 0 0 0 0 0 0 0 0 0 0 0 0 0 0 0 0 0 0 0 0 0 0 0 0 0 0 0 0 0 0 0 0 0 0 0 0 0 0 0 0 0 0 0 0 0 0 0 0 0 0 0 0 0 0 0 0 0 0 0 0 0 0 0 0 0 0 0 0 0 0 0 0 0 0 0 0 0 0 0 0 0 0 0 0 0 0 0 0 0 0 0 0 0 0 0 0 0 0 0 0 0 0 0 0 0 0 0 0 0 0 0 0 0 0 0 0 0 0 0 0 0 0 0 0 0 0 0 0 0 0 0 0 0 0 0 0 0\nctxt 114890885\nbtime 1767127868\nprocesses 164183\nprocs_running 3\nprocs_blocked 0\nsoftirq 79192585 0 20967729 156 10230860 869 0 14705105 24060061 449 9227356\n"}
{"timestamp":1768156457,"subsystem":"/proc/meminfo","measurement":"MemTotal:        3960648 kB\nMemFree:          353960 kB\nMemAvailable:    3189448 kB\nBuffers:          113908 kB\nCached:          2844520 kB\nSwapCached:            0 kB\nActive:           671896 kB\nInactive:        2511588 kB\nActive(anon):     224148 kB\nInactive(anon):    14524 kB\nActive(file):     447748 kB\nInactive(file):  2497064 kB\nUnevictable:       30896 kB\nMlocked:           27824 kB\nSwapTotal:             0 kB\nSwapFree:              0 kB\nZswap:                 0 kB\nZswapped:              0 kB\nDirty:               260 kB\nWriteback:             0 kB\nAnonPages:        255920 kB\nMapped:           182052 kB\nShmem:              4552 kB\nKReclaimable:     188020 kB\nSlab:             281580 kB\nSReclaimable:     188020 kB\nSUnreclaim:        93560 kB\nKernelStack:        2912 kB\nPageTables:         4392 kB\nSecPageTables:         0 kB\nNFS_Unstable:          0 kB\nBounce:                0 kB\nWritebackTmp:          0 kB\nCommitLimit:     1980324 kB\nCommitted_AS:     931496 kB\nVmallocTotal:   34359738367 kB\nVmallocUsed:       36996 kB\nVmallocChunk:          0 kB\nPercpu:             5616 kB\nHardwareCorrupted:     0 kB\nAnonHugePages:    139264 kB\nShmemHugePages:        0 kB\nShmemPmdMapped:        0 kB\nFileHugePages:         0 kB\nFilePmdMapped:         0 kB\nUnaccepted:            0 kB\nHugePages_Total:       0\nHugePages_Free:        0\nHugePages_Rsvd:        0\nHugePages_Surp:        0\nHugepagesize:       2048 kB\nHugetlb:               0 kB\nDirectMap4k:      126156 kB\nDirectMap2M:     2967552 kB\nDirectMap1G:     3145728 kB\n"}
{"timestamp":1768156457,"subsystem":"/proc/net/dev","measurement":"Inter-|   Receive                                                |  Transmit\n face |bytes    packets errs drop fifo frame compressed multicast|bytes    packets errs drop fifo colls carrier compressed\n    lo: 4417792   30830    0    0    0     0          0         0  4417792   30830    0    0    0     0       0          0\n  eth0: 1409719203 4633920    0    0    0     0          0         0 1530714680 7706424    0    0    0     0       0          0\ndocker0:  282754    4373    0    0    0     0          0         0 112467745   12612    0    0    0     0       0          0\nbr-490d867fe46d:     112       4    0    0    0     0          0         0      526       5    0    0    0     0       0          0\n"}
{"timestamp":1768156457,"subsystem":"/proc/diskstats","measurement":"   7       0 loop0 278 0 5266 338 0 0 0 0 0 330 338 0 0 0 0 0 0\n   7       1 loop1 75 0 2508 40 0 0 0 0 0 36 40 0 0 0 0 0 0\n   7       2 loop2 92 0 3744 87 0 0 0 0 0 86 87 0 0 0 0 0 0\n   7       3 loop3 418 0 28930 29 0 0 0 0 0 33 29 0 0 0 0 0 0\n   7       4 loop4 10 0 20 0 0 0 0 0 0 1 0 0 0 0 0 0 0\n   7       5 loop5 0 0 0 0 0 0 0 0 0 0 0 0 0 0 0 0 0\n   7       6 loop6 0 0 0 0 0 0 0 0 0 0 0 0 0 0 0 0 0\n   7       7 loop7 0 0 0 0 0 0 0 0 0 0 0 0 0 0 0 0 0\n   8       0 sda 18866 4623 1417012 53134 1628096 1131037 44920882 7437902 0 1810087 8667055 174859 3355 113930852 558755 186460 617263\n   8       1 sda1 18456 2968 1394398 52983 1628082 1131029 44920776 7437876 0 2144645 8049612 174858 3354 113729576 558752 0 0\n   8      14 sda14 92 0 1232 22 0 0 0 0 0 25 22 0 0 0 0 0 0\n   8      15 sda15 182 1655 17670 78 2 0 2 0 0 63 81 1 1 201276 2 0 0\n   8      16 sdb 319 1 19490 98 233 1045 402016 18688 0 1194 18796 69 68 33069976 9 0 0\n   8      17 sdb1 110 1 6474 71 233 1045 402016 18688 0 1205 18769 69 68 33069976 9 0 0\n  11       0 sr0 78 0 560 15 0 0 0 0 0 12 15 0 0 0 0 0 0\n"}
{"timestamp":1768156457,"subsystem":"statfs[*]","measurement":"{\"mount_point\":\"/\",\"block_size\":4096,\"blocks_total\":7574544,\"blocks_free\":6448591,\"blocks_available\":6444495}\n{\"mount_point\":\"/boot/efi\",\"block_size\":512,\"blocks_total\":213663,\"blocks_free\":201276,\"blocks_available\":201276}\n{\"mount_point\":\"/mnt\",\"block_size\":4096,\"blocks_total\":2038135,\"blocks_free\":2038128,\"blocks_available\":1929200}\n"}
{"timestamp":1768156462,"subsystem":"/proc/cpuinfo","measurement":"processor\t: 0\nvendor_id\t: GenuineIntel\ncpu family\t: 6\nmodel\t\t: 85\nmodel name\t: Intel(R) Xeon(R) Platinum 8272CL CPU @ 2.60GHz\nstepping\t: 7\nmicrocode\t: 0xffffffff\ncpu MHz\t\t: 2993.002\ncache size\t: 36608 KB\nphysical id\t: 0\nsiblings\t: 2\ncore id\t\t: 0\ncpu cores\t: 2\napicid\t\t: 0\ninitial apicid\t: 0\nfpu\t\t: yes\nfpu_exception\t: yes\ncpuid level\t: 22\nwp\t\t: yes\nflags\t\t: fpu vme de pse tsc msr pae mce cx8 apic sep mtrr pge mca cmov pat pse36 clflush mmx fxsr sse sse2 ss ht syscall nx pdpe1gb rdtscp lm constant_tsc rep_good nopl xtopology tsc_reliable nonstop_tsc cpuid aperfmperf tsc_known_freq pni pclmulqdq ssse3 fma cx16 pcid sse4_1 sse4_2 x2apic movbe popcnt tsc_deadline_timer aes xsave avx f16c rdrand hypervisor lahf_lm abm 3dnowprefetch fsgsbase tsc_adjust bmi1 hle avx2 smep bmi2 erms invpcid rtm avx512f avx512dq rdseed adx smap clflushopt clwb avx512cd avx512bw avx512vl xsaveopt xsavec xgetbv1 xsaves avx512_vnni arch_capabilities\nbugs\t\t: spectre_v1 spectre_v2 spec_store_bypass swapgs taa mmio_stale_data retbleed bhi\nbogomips\t: 5187.80\nclflush size\t: 64\ncache_alignment\t: 64\naddress sizes\t: 46 bits physical, 48 bits virtual\npower management:\n\nprocessor\t: 1\nvendor_id\t: GenuineIntel\ncpu family\t: 6\nmodel\t\t: 85\nmodel name\t: Intel(R) Xeon(R) Platinum 8272CL CPU @ 2.60GHz\nstepping\t: 7\nmicrocode\t: 0xffffffff\ncpu MHz\t\t: 2992.944\ncache size\t: 36608 KB\nphysical id\t: 0\nsiblings\t: 2\ncore id\t\t: 1\ncpu cores\t: 2\napicid\t\t: 1\ninitial apicid\t: 1\nfpu\t\t: yes\nfpu_exception\t: yes\ncpuid level\t: 22\nwp\t\t: yes\nflags\t\t: fpu vme de pse tsc msr pae mce cx8 apic sep mtrr pge mca cmov pat pse36 clflush mmx fxsr sse sse2 ss ht syscall nx pdpe1gb rdtscp lm constant_tsc rep_good nopl xtopology tsc_reliable nonstop_tsc cpuid aperfmperf tsc_known_freq pni pclmulqdq ssse3 fma cx16 pcid sse4_1 sse4_2 x2apic movbe popcnt tsc_deadline_timer aes xsave avx f16c rdrand hypervisor lahf_lm abm 3dnowprefetch fsgsbase tsc_adjust bmi1 hle avx2 smep bmi2 erms invpcid rtm avx512f avx512dq rdseed adx smap clflushopt clwb avx512cd avx512bw avx512vl xsaveopt xsavec xgetbv1 xsaves avx512_vnni arch_capabilities\nbugs\t\t: spectre_v1 spectre_v2 spec_store_bypass swapgs taa mmio_stale_data retbleed bhi\nbogomips\t: 5187.80\nclflush size\t: 64\ncache_alignment\t: 64\naddress sizes\t: 46 bits physical, 48 bits virtual\npower management:\n\n"}
{"timestamp":1768156462,"subsystem":"/proc/stat","measurement":"cpu  395235 7673 167291 204704818 182431 0 9673 0 0 0\ncpu0 188791 3835 65219 102377953 88797 0 5493 0 0 0\ncpu1 206444 3838 102071 102326864 93633 0 4180 0 0 0\nintr 82572548 0 0 0 0 2588 0 0 0 0 0 0 0 0 0 0 0 0 0 0 0 0 0 0 0 0 0 0 0 0 0 0 0 0 0 0 0 0 0 0 0 0 0 0 0 0 0 0 0 0 0 0 0 0 0 0 0 0 0 0 0 0 0 0 0 0 0 0 0 0 0 0 0 0 0 0 0 0 0 0 0 0 0 0 0 0 0 0 0 0 0 0 0 0 0 0 0 0 0 0 0 0 0 0 0 0 0 0 0 0 0 0 0 0 0 0 0 0 0 0 0 0 0 0 0 0 0 0 0 0 0 0 0 0 0 0 0 0 0 0 0 0 0 0 0 0 0 0 0 0 0 0 0 0 0 0 0 0 0 0 0 0 0 0 0 0 0 0 0 0 0 0 0 0 0 0 0 0 0 0 0 0 0 0 0 0 0 0 0 0 0 0 0 0 0 0 0 0 0 0 0 0 0 0 0 0 0 0 0 0 0 0 0 0 0 0 0 0 0 0 0 0 0 0 0 0 0 0 0 0 0 0 0 0 0 0 0 0 0 0 0 0 0 0 0 0 0 0 0 0 0 0 0 0 0 0 0 0 0 0 0 0 0 0 0 0 0 0 0 0 0 0 0 0 0 0 0 0 0 0 0 0 0 0 0 0 0 0 0 0 0 0 0 0 0 0 0 0 0 0 0 0 0 0 0 0 0 0 0 0 0 0 0 0 0 0 0 0 0 0 0 0 0 0 0 0 0 0 0 0 0 0 0 0 0 0 0 0 0 0 0 0 0 0 0 0 0 0 0 0 0 0 0 0 0 0 0 0 0 0 0 0 0 0 0 0 0 0 0 0 0 0 0 0 0 0 0 0 0 0 0 0 0 0 0 0 0 0 0 0 0 0 0 0 0 0 0 0 0 0 0 0 0 0 0 0 0 0 0 0 0 0 0 0 0 0 0 0 0 0 0 0 0 0 0 0 0 0 0 0 0 0 0 0 0 0 0 0 0 0 0\nctxt 114891580\nbtime 1767127868\nprocesses 164184\nprocs_running 4\nprocs_blocked 0\nsoftirq 79193090 0 20967904 156 10230927 869 0 14705113 24060220 449 9227452\n"}
{"timestamp":1768156462,"subsystem":"/proc/meminfo","measurement":"MemTotal:        3960648 kB\nMemFree:          353960 kB\nMemAvailable:    3189456 kB\nBuffers:          113908 kB\nCached:          2844528 kB\nSwapCached:            0 kB\nActive:           671900 kB\nInactive:        2511596 kB\nActive(anon):     224152 kB\nInactive(anon):    14524 kB\nActive(file):     447748 kB\nInactive(file):  2497072 kB\nUnevictable:       30896 kB\nMlocked:           27824 kB\nSwapTotal:             0 kB\nSwapFree:              0 kB\nZswap:                 0 kB\nZswapped:              0 kB\nDirty:               248 kB\nWriteback:             0 kB\nAnonPages:        255928 kB\nMapped:           182052 kB\nShmem:              4552 kB\nKReclaimable:     188020 kB\nSlab:             281560 kB\nSReclaimable:     188020 kB\nSUnreclaim:        93540 kB\nKernelStack:        2912 kB\nPageTables:         4392 kB\nSecPageTables:         0 kB\nNFS_Unstable:          0 kB\nBounce:                0 kB\nWritebackTmp:          0 kB\nCommitLimit:     1980324 kB\nCommitted_AS:     931496 kB\nVmallocTotal:   34359738367 kB\nVmallocUsed:       36996 kB\nVmallocChunk:          0 kB\nPercpu:             5616 kB\nHardwareCorrupted:     0 kB\nAnonHugePages:    139264 kB\nShmemHugePages:        0 kB\nShmemPmdMapped:        0 kB\nFileHugePages:         0 kB\nFilePmdMapped:         0 kB\nUnaccepted:            0 kB\nHugePages_Total:       0\nHugePages_Free:        0\nHugePages_Rsvd:        0\nHugePages_Surp:        0\nHugepagesize:       2048 kB\nHugetlb:               0 kB\nDirectMap4k:      126156 kB\nDirectMap2M:     2967552 kB\nDirectMap1G:     3145728 kB\n"}
{"timestamp":1768156462,"subsystem":"/proc/net/dev","measurement":"Inter-|   Receive                                                |  Transmit\n face |bytes    packets errs drop fifo frame compressed multicast|bytes    packets errs drop fifo colls carrier compressed\n    lo: 4417792   30830    0    0    0     0          0         0  4417792   30830    0    0    0     0       0          0\n  eth0: 1409724531 4633944    0    0    0     0          0         0 1530719757 7706481    0    0    0     0       0          0\ndocker0:  282754    4373    0    0    0     0          0         0 112467745   12612    0    0    0     0       0          0\nbr-490d867fe46d:     112       4    0    0    0     0          0         0      526       5    0    0    0     0       0          0\n"}
{"timestamp":1768156462,"subsystem":"/proc/diskstats","measurement":"   7       0 loop0 278 0 5266 338 0 0 0 0 0 330 338 0 0 0 0 0 0\n   7       1 loop1 75 0 2508 40 0 0 0 0 0 36 40 0 0 0 0 0 0\n   7       2 loop2 92 0 3744 87 0 0 0 0 0 86 87 0 0 0 0 0 0\n   7       3 loop3 418 0 28930 29 0 0 0 0 0 33 29 0 0 0 0 0 0\n   7       4 loop4 10 0 20 0 0 0 0 0 0 1 0 0 0 0 0 0 0\n   7       5 loop5 0 0 0 0 0 0 0 0 0 0 0 0 0 0 0 0 0\n   7       6 loop6 0 0 0 0 0 0 0 0 0 0 0 0 0 0 0 0 0\n   7       7 loop7 0 0 0 0 0 0 0 0 0 0 0 0 0 0 0 0 0\n   8       0 sda 18866 4623 1417012 53134 1628098 1131037 44920922 7437903 0 1810087 8667056 174859 3355 113930852 558755 186460 617263\n   8       1 sda1 18456 2968 1394398 52983 1628084 1131029 44920816 7437876 0 2144645 8049613 174858 3354 113729576 558752 0 0\n   8      14 sda14 92 0 1232 22 0 0 0 0 0 25 22 0 0 0 0 0 0\n   8      15 sda15 182 1655 17670 78 2 0 2 0 0 63 81 1 1 201276 2 0 0\n   8      16 sdb 319 1 19490 98 233 1045 402016 18688 0 1194 18796 69 68 33069976 9 0 0\n   8      17 sdb1 110 1 6474 71 233 1045 402016 18688 0 1205 18769 69 68 33069976 9 0 0\n  11       0 sr0 78 0 560 15 0 0 0 0 0 12 15 0 0 0 0 0 0\n"}
{"timestamp":1768156462,"subsystem":"statfs[*]","measurement":"{\"mount_point\":\"/\",\"block_size\":4096,\"blocks_total\":7574544,\"blocks_free\":6448589,\"blocks_available\":6444493}\n{\"mount_point\":\"/boot/efi\",\"block_size\":512,\"blocks_total\":213663,\"blocks_free\":201276,\"blocks_available\":201276}\n{\"mount_point\":\"/mnt\",\"block_size\":4096,\"blocks_total\":2038135,\"blocks_free\":2038128,\"blocks_available\":1929200}\n"}
{"timestamp":1768156467,"subsystem":"/proc/cpuinfo","measurement":"processor\t: 0\nvendor_id\t: GenuineIntel\ncpu family\t: 6\nmodel\t\t: 85\nmodel name\t: Intel(R) Xeon(R) Platinum 8272CL CPU @ 2.60GHz\nstepping\t: 7\nmicrocode\t: 0xffffffff\ncpu MHz\t\t: 2992.934\ncache size\t: 36608 KB\nphysical id\t: 0\nsiblings\t: 2\ncore id\t\t: 0\ncpu cores\t: 2\napicid\t\t: 0\ninitial apicid\t: 0\nfpu\t\t: yes\nfpu_exception\t: yes\ncpuid level\t: 22\nwp\t\t: yes\nflags\t\t: fpu vme de pse tsc msr pae mce cx8 apic sep mtrr pge mca cmov pat pse36 clflush mmx fxsr sse sse2 ss ht syscall nx pdpe1gb rdtscp lm constant_tsc rep_good nopl xtopology tsc_reliable nonstop_tsc cpuid aperfmperf tsc_known_freq pni pclmulqdq ssse3 fma cx16 pcid sse4_1 sse4_2 x2apic movbe popcnt tsc_deadline_timer aes xsave avx f16c rdrand hypervisor lahf_lm abm 3dnowprefetch fsgsbase tsc_adjust bmi1 hle avx2 smep bmi2 erms invpcid rtm avx512f avx512dq rdseed adx smap clflushopt clwb avx512cd avx512bw avx512vl xsaveopt xsavec xgetbv1 xsaves avx512_vnni arch_capabilities\nbugs\t\t: spectre_v1 spectre_v2 spec_store_bypass swapgs taa mmio_stale_data retbleed bhi\nbogomips\t: 5187.80\nclflush size\t: 64\ncache_alignment\t: 64\naddress sizes\t: 46 bits physical, 48 bits virtual\npower management:\n\nprocessor\t: 1\nvendor_id\t: GenuineIntel\ncpu family\t: 6\nmodel\t\t: 85\nmodel name\t: Intel(R) Xeon(R) Platinum 8272CL CPU @ 2.60GHz\nstepping\t: 7\nmicrocode\t: 0xffffffff\ncpu MHz\t\t: 2993.016\ncache size\t: 36608 KB\nphysical id\t: 0\nsiblings\t: 2\ncore id\t\t: 1\ncpu cores\t: 2\napicid\t\t: 1\ninitial apicid\t: 1\nfpu\t\t: yes\nfpu_exception\t: yes\ncpuid level\t: 22\nwp\t\t: yes\nflags\t\t: fpu vme de pse tsc msr pae mce cx8 apic sep mtrr pge mca cmov pat pse36 clflush mmx fxsr sse sse2 ss ht syscall nx pdpe1gb rdtscp lm constant_tsc rep_good nopl xtopology tsc_reliable nonstop_tsc cpuid aperfmperf tsc_known_freq pni pclmulqdq ssse3 fma cx16 pcid sse4_1 sse4_2 x2apic movbe popcnt tsc_deadline_timer aes xsave avx f16c rdrand hypervisor lahf_lm abm 3dnowprefetch fsgsbase tsc_adjust bmi1 hle avx2 smep bmi2 erms invpcid rtm avx512f avx512dq rdseed adx smap clflushopt clwb avx512cd avx512bw avx512vl xsaveopt xsavec xgetbv1 xsaves avx512_vnni arch_capabilities\nbugs\t\t: spectre_v1 spectre_v2 spec_store_bypass swapgs taa mmio_stale_data retbleed bhi\nbogomips\t: 5187.80\nclflush size\t: 64\ncache_alignment\t: 64\naddress sizes\t: 46 bits physical, 48 bits virtual\npower management:\n\n"}
{"timestamp":1768156467,"subsystem":"/proc/stat","measurement":"cpu  396234 7673 167291 204704818 182431 0 9673 0 0 0\ncpu0 189290 3835 65219 102377953 88797 0 5493 0 0 0\ncpu1 206943 3838 102071 102326864 93633 0 4180 0 0 0\nintr 82582709 0 0 0 0 2588 0 0 0 0 0 0 0 0 0 0 0 0 0 0 0 0 0 0 0 0 0 0 0 0 0 0 0 0 0 0 0 0 0 0 0 0 0 0 0 0 0 0 0 0 0 0 0 0 0 0 0 0 0 0 0 0 0 0 0 0 0 0 0 0 0 0 0 0 0 0 0 0 0 0 0 0 0 0 0 0 0 0 0 0 0 0 0 0 0 0 0 0 0 0 0 0 0 0 0 0 0 0 0 0 0 0 0 0 0 0 0 0 0 0 0 0 0 0 0 0 0 0 0 0 0 0 0 0 0 0 0 0 0 0 0 0 0 0 0 0 0 0 0 0 0 0 0 0 0 0 0 0 0 0 0 0 0 0 0 0 0 0 0 0 0 0 0 0 0 0 0 0 0 0 0 0 0 0 0 0 0 0 0 0 0 0 0 0 0 0 0 0 0 0 0 0 0 0 0 0 0 0 0 0 0 0 0 0 0 0 0 0 0 0 0 0 0 0 0 0 0 0 0 0 0 0 0 0 0 0 0 0 0 0 0 0 0 0 0 0 0 0 0 0 0 0 0 0 0 0 0 0 0 0 0 0 0 0 0 0 0 0 0 0 0 0 0 0 0 0 0 0 0 0 0 0 0 0 0 0 0 0 0 0 0 0 0 0 0 0 0 0 0 0 0 0 0 0 0 0 0 0 0 0 0 0 0 0 0 0 0 0 0 0 0 0 0 0 0 0 0 0 0 0 0 0 0 0 0 0 0 0 0 0 0 0 0 0 0 0 0 0 0 0 0 0 0 0 0 0 0 0 0 0 0 0 0 0 0 0 0 0 0 0 0 0 0 0 0 0 0 0 0 0 0 0 0 0 0 0 0 0 0 0 0 0 0 0 0 0 0 0 0 0 0 0 0 0 0 0 0 0 0 0 0 0 0 0 0 0 0 0 0 0 0 0 0 0 0 0 0 0 0 0 0 0 0 0 0 0 0 0 0 0 0\nctxt 114892176\nbtime 1767127868\nprocesses 164185\nprocs_running 3\nprocs_blocked 0\nsoftirq 79193575 0 20968079 156 10230980 869 0 14705125 24060379 449 9227538\n"}
{"timestamp":1768156467,"subsystem":"/proc/meminfo","measurement":"MemTotal:        3960648 kB\nMemFree:          353960 kB\nMemAvailable:    3189464 kB\nBuffers:          113908 kB\nCached:          2844536 kB\nSwapCached:            0 kB\nActive:           671940 kB\nInactive:        2511604 kB\nActive(anon):     224192 kB\nInactive(anon):    14524 kB\nActive(file):     447748 kB\nInactive(file):  2497080 kB\nUnevictable:       30896 kB\nMlocked:           27824 kB\nSwapTotal:             0 kB\nSwapFree:              0 kB\nZswap:                 0 kB\nZswapped:              0 kB\nDirty:               252 kB\nWriteback:             0 kB\nAnonPages:        255964 kB\nMapped:           182052 kB\nShmem:              4552 kB\nKReclaimable:     188020 kB\nSlab:             281560 kB\nSReclaimable:     188020 kB\nSUnreclaim:        93540 kB\nKernelStack:        2912 kB\nPageTables:         4392 kB\nSecPageTables:         0 kB\nNFS_Unstable:          0 kB\nBounce:                0 kB\nWritebackTmp:          0 kB\nCommitLimit:     1980324 kB\nCommitted_AS:     931496 kB\nVmallocTotal:   34359738367 kB\nVmallocUsed:       36996 kB\nVmallocChunk:          0 kB\nPercpu:             5616 kB\nHardwareCorrupted:     0 kB\nAnonHugePages:    139264 kB\nShmemHugePages:        0 kB\nShmemPmdMapped:        0 kB\nFileHugePages:         0 kB\nFilePmdMapped:         0 kB\nUnaccepted:            0 kB\nHugePages_Total:       0\nHugePages_Free:        0\nHugePages_Rsvd:        0\nHugePages_Surp:        0\nHugepagesize:       2048 kB\nHugetlb:               0 kB\nDirectMap4k:      126156 kB\nDirectMap2M:     2967552 kB\nDirectMap1G:     3145728 kB\n"}
{"timestamp":1768156467,"subsystem":"/proc/net/dev","measurement":"Inter-|   Receive                                                |  Transmit\n face |bytes    packets errs drop fifo frame compressed multicast|bytes    packets errs drop fifo colls carrier compressed\n    lo: 4417792   30830    0    0    0     0          0         0  4417792   30830    0    0    0     0       0          0\n  eth0: 1409728737 4633965    0    0    0     0          0         0 1530726390 7706521    0    0    0     0       0          0\ndocker0:  282754    4373    0    0    0     0          0         0 112467745   12612    0    0    0     0       0          0\nbr-490d867fe46d:     112       4    0    0    0     0          0         0      526       5    0    0    0     0       0          0\n"}
{"timestamp":1768156467,"subsystem":"/proc/diskstats","measurement":"   7       0 loop0 278 0 5266 338 0 0 0 0 0 330 338 0 0 0 0 0 0\n   7       1 loop1 75 0 2508 40 0 0 0 0 0 36 40 0 0 0 0 0 0\n   7       2 loop2 92 0 3744 87 0 0 0 0 0 86 87 0 0 0 0 0 0\n   7       3 loop3 418 0 28930 29 0 0 0 0 0 33 29 0 0 0 0 0 0\n   7       4 loop4 10 0 20 0 0 0 0 0 0 1 0 0 0 0 0 0 0\n   7       5 loop5 0 0 0 0 0 0 0 0 0 0 0 0 0 0 0 0 0\n   7       6 loop6 0 0 0 0 0 0 0 0 0 0 0 0 0 0 0 0 0\n   7       7 loop7 0 0 0 0 0 0 0 0 0 0 0 0 0 0 0 0 0\n   8       0 sda 18866 4623 1417012 53134 1628103 1131042 44921002 7437910 0 1810098 8667070 174860 3355 113930860 558759 186461 617266\n   8       1 sda1 18456 2968 1394398 52983 1628089 1131034 44920896 7437883 0 2144656 8049624 174859 3354 113729584 558756 0 0\n   8      14 sda14 92 0 1232 22 0 0 0 0 0 25 22 0 0 0 0 0 0\n   8      15 sda15 182 1655 17670 78 2 0 2 0 0 63 81 1 1 201276 2 0 0\n   8      16 sdb 319 1 19490 98 233 1045 402016 18688 0 1194 18796 69 68 33069976 9 0 0\n   8      17 sdb1 110 1 6474 71 233 1045 402016 18688 0 1205 18769 69 68 33069976 9 0 0\n  11       0 sr0 78 0 560 15 0 0 0 0 0 12 15 0 0 0 0 0 0\n"}
{"timestamp":1768156467,"subsystem":"statfs[*]","measurement":"{\"mount_point\":\"/\",\"block_size\":4096,\"blocks_total\":7574544,\"blocks_free\":6448587,\"blocks_available\":6444491}\n{\"mount_point\":\"/boot/efi\",\"block_size\":512,\"blocks_total\":213663,\"blocks_free\":201276,\"blocks_available\":201276}\n{\"mount_point\":\"/mnt\",\"block_size\":4096,\"blocks_total\":2038135,\"blocks_free\":2038128,\"blocks_available\":1929200}\n"}
{"timestamp":1768156472,"subsystem":"/proc/cpuinfo","measurement":"processor\t: 0\nvendor_id\t: GenuineIntel\ncpu family\t: 6\nmodel\t\t: 85\nmodel name\t: Intel(R) Xeon(R) Platinum 8272CL CPU @ 2.60GHz\nstepping\t: 7\nmicrocode\t: 0xffffffff\ncpu MHz\t\t: 2992.927\ncache size\t: 36608 KB\nphysical id\t: 0\nsiblings\t: 2\ncore id\t\t: 0\ncpu cores\t: 2\napicid\t\t: 0\ninitial apicid\t: 0\nfpu\t\t: yes\nfpu_exception\t: yes\ncpuid level\t: 22\nwp\t\t: yes\nflags\t\t: fpu vme de pse tsc msr pae mce cx8 apic sep mtrr pge mca cmov pat pse36 clflush mmx fxsr sse sse2 ss ht syscall nx pdpe1gb rdtscp lm constant_tsc rep_good nopl xtopology tsc_reliable nonstop_tsc cpuid aperfmperf tsc_known_freq pni pclmulqdq ssse3 fma cx16 pcid sse4_1 sse4_2 x2apic movbe popcnt tsc_deadline_timer aes xsave avx f16c rdrand hypervisor lahf_lm abm 3dnowprefetch fsgsbase tsc_adjust bmi1 hle avx2 smep bmi2 erms invpcid rtm avx512f avx512dq rdseed adx smap clflushopt clwb avx512cd avx512bw avx512vl xsaveopt xsavec xgetbv1 xsaves avx512_vnni arch_capabilities\nbugs\t\t: spectre_v1 spectre_v2 spec_store_bypass swapgs taa mmio_stale_data retbleed bhi\nbogomips\t: 5187.80\nclflush size\t: 64\ncache_alignment\t: 64\naddress sizes\t: 46 bits physical, 48 bits virtual\npower management:\n\nprocessor\t: 1\nvendor_id\t: GenuineIntel\ncpu family\t: 6\nmodel\t\t: 85\nmodel name\t: Intel(R) Xeon(R) Platinum 8272CL CPU @ 2.60GHz\nstepping\t: 7\nmicrocode\t: 0xffffffff\ncpu MHz\t\t: 2992.978\ncache size\t: 36608 KB\nphysical id\t: 0\nsiblings\t: 2\ncore id\t\t: 1\ncpu cores\t: 2\napicid\t\t: 1\ninitial apicid\t: 1\nfpu\t\t: yes\nfpu_exception\t: yes\ncpuid level\t: 22\nwp\t\t: yes\nflags\t\t: fpu vme de pse tsc msr pae mce cx8 apic sep mtrr pge mca cmov pat pse36 clflush mmx fxsr sse sse2 ss ht syscall nx pdpe1gb rdtscp lm constant_tsc rep_good nopl xtopology tsc_reliable nonstop_tsc cpuid aperfmperf tsc_known_freq pni pclmulqdq ssse3 fma cx16 pcid sse4_1 sse4_2 x2apic movbe popcnt tsc_deadline_timer aes xsave avx f16c rdrand hypervisor lahf_lm abm 3dnowprefetch fsgsbase tsc_adjust bmi1 hle avx2 smep bmi2 erms invpcid rtm avx512f avx512dq rdseed adx smap clflushopt clwb avx512cd avx512bw avx512vl xsaveopt xsavec xgetbv1 xsaves avx512_vnni arch_capabilities\nbugs\t\t: spectre_v1 spectre_v2 spec_store_bypass swapgs taa mmio_stale_data retbleed bhi\nbogomips\t: 5187.80\nclflush size\t: 64\ncache_alignment\t: 64\naddress sizes\t: 46 bits physical, 48 bits virtual\npower management:\n\n"}
{"timestamp":1768156472,"subsystem":"/proc/stat","measurement":"cpu  397233 7673 167292 204704818 182431 0 9673 0 0 0\ncpu0 189790 3835 65219 102377953 88797 0 5493 0 0 0\ncpu1 207443 3838 102072 102326864 93633 0 4180 0 0 0\nintr 82592929 0 0 0 0 2588 0 0 0 0 0 0 0 0 0 0 0 0 0 0 0 0 0 0 0 0 0 0 0 0 0 0 0 0 0 0 0 0 0 0 0 0 0 0 0 0 0 0 0 0 0 0 0 0 0 0 0 0 0 0 0 0 0 0 0 0 0 0 0 0 0 0 0 0 0 0 0 0 0 0 0 0 0 0 0 0 0 0 0 0 0 0 0 0 0 0 0 0 0 0 0 0 0 0 0 0 0 0 0 0 0 0 0 0 0 0 0 0 0 0 0 0 0 0 0 0 0 0 0 0 0 0 0 0 0 0 0 0 0 0 0 0 0 0 0 0 0 0 0 0 0 0 0 0 0 0 0 0 0 0 0 0 0 0 0 0 0 0 0 0 0 0 0 0 0 0 0 0 0 0 0 0 0 0 0 0 0 0 0 0 0 0 0 0 0 0 0 0 0 0 0 0 0 0 0 0 0 0 0 0 0 0 0 0 0 0 0 0 0 0 0 0 0 0 0 0 0 0 0 0 0 0 0 0 0 0 0 0 0 0 0 0 0 0 0 0 0 0 0 0 0 0 0 0 0 0 0 0 0 0 0 0 0 0 0 0 0 0 0 0 0 0 0 0 0 0 0 0 0 0 0 0 0 0 0 0 0 0 0 0 0 0 0 0 0 0 0 0 0 0 0 0 0 0 0 0 0 0 0 0 0 0 0 0 0 0 0 0 0 0 0 0 0 0 0 0 0 0 0 0 0 0 0 0 0 0 0 0 0 0 0 0 0 0 0 0 0 0 0 0 0 0 0 0 0 0 0 0 0 0 0 0 0 0 0 0 0 0 0 0 0 0 0 0 0 0 0 0 0 0 0 0 0 0 0 0 0 0 0 0 0 0 0 0 0 0 0 0 0 0 0 0 0 0 0 0 0 0 0 0 0 0 0 0 0 0 0 0 0 0 0 0 0 0 0 0 0 0 0 0 0 0 0 0 0 0 0 0 0 0 0\nctxt 114892874\nbtime 1767127868\nprocesses 164186\nprocs_running 4\nprocs_blocked 0\nsoftirq 79194095 0 20968265 156 10231040 869 0 14705157 24060538 449 9227621\n"}
{"timestamp":1768156472,"subsystem":"/proc/meminfo","measurement":"MemTotal:        3960648 kB\nMemFree:          353960 kB\nMemAvailable:    3189472 kB\nBuffers:          113908 kB\nCached:          2844544 kB\nSwapCached:            0 kB\nActive:           671956 kB\nInactive:        2511612 kB\nActive(anon):     224208 kB\nInactive(anon):    14524 kB\nActive(file):     447748 kB\nInactive(file):  2497088 kB\nUnevictable:       30896 kB\nMlocked:           27824 kB\nSwapTotal:             0 kB\nSwapFree:              0 kB\nZswap:                 0 kB\nZswapped:              0 kB\nDirty:               120 kB\nWriteback:             0 kB\nAnonPages:        255980 kB\nMapped:           182052 kB\nShmem:              4552 kB\nKReclaimable:     188020 kB\nSlab:             281560 kB\nSReclaimable:     188020 kB\nSUnreclaim:        93540 kB\nKernelStack:        2912 kB\nPageTables:         4392 kB\nSecPageTables:         0 kB\nNFS_Unstable:          0 kB\nBounce:                0 kB\nWritebackTmp:          0 kB\nCommitLimit:     1980324 kB\nCommitted_AS:     931496 kB\nVmallocTotal:   34359738367 kB\nVmallocUsed:       36996 kB\nVmallocChunk:          0 kB\nPercpu:             5616 kB\nHardwareCorrupted:     0 kB\nAnonHugePages:    139264 kB\nShmemHugePages:        0 kB\nShmemPmdMapped:        0 kB\nFileHugePages:         0 kB\nFilePmdMapped:         0 kB\nUnaccepted:            0 kB\nHugePages_Total:       0\nHugePages_Free:        0\nHugePages_Rsvd:        0\nHugePages_Surp:        0\nHugepagesize:       2048 kB\nHugetlb:               0 kB\nDirectMap4k:      126156 kB\nDirectMap2M:     2967552 kB\nDirectMap1G:     3145728 kB\n"}
{"timestamp":1768156472,"subsystem":"/proc/net/dev","measurement":"Inter-|   Receive                                                |  Transmit\n face |bytes    packets errs drop fifo frame compressed multicast|bytes    packets errs drop fifo colls carrier compressed\n    lo: 4417792   30830    0    0    0     0          0         0  4417792   30830    0    0    0     0       0          0\n  eth0: 1409732943 4633986    0    0    0     0          0         0 1530733551 7706569    0    0    0     0       0          0\ndocker0:  282754    4373    0    0    0     0          0         0 112467745   12612    0    0    0     0       0          0\nbr-490d867fe46d:     112       4    0    0    0     0          0         0      526       5    0    0    0     0       0          0\n"}
{"timestamp":1768156472,"subsystem":"/proc/diskstats","measurement":"   7       0 loop0 278 0 5266 338 0 0 0 0 0 330 338 0 0 0 0 0 0\n   7       1 loop1 75 0 2508 40 0 0 0 0 0 36 40 0 0 0 0 0 0\n   7       2 loop2 92 0 3744 87 0 0 0 0 0 86 87 0 0 0 0 0 0\n   7       3 loop3 418 0 28930 29 0 0 0 0 0 33 29 0 0 0 0 0 0\n   7       4 loop4 10 0 20 0 0 0 0 0 0 1 0 0 0 0 0 0 0\n   7       5 loop5 0 0 0 0 0 0 0 0 0 0 0 0 0 0 0 0 0\n   7       6 loop6 0 0 0 0 0 0 0 0 0 0 0 0 0 0 0 0 0\n   7       7 loop7 0 0 0 0 0 0 0 0 0 0 0 0 0 0 0 0 0\n   8       0 sda 18866 4623 1417012 53134 1628127 1131053 44921306 7437924 0 1810106 8667090 174861 3355 113930868 558761 186462 617269\n   8       1 sda1 18456 2968 1394398 52983 1628113 1131045 44921200 7437898 0 2144664 8049641 174860 3354 113729592 558759 0 0\n   8      14 sda14 92 0 1232 22 0 0 0 0 0 25 22 0 0 0 0 0 0\n   8      15 sda15 182 1655 17670 78 2 0 2 0 0 63 81 1 1 201276 2 0 0\n   8      16 sdb 319 1 19490 98 233 1045 402016 18688 0 1194 18796 69 68 33069976 9 0 0\n   8      17 sdb1 110 1 6474 71 233 1045 402016 18688 0 1205 18769 69 68 33069976 9 0 0\n  11       0 sr0 78 0 560 15 0 0 0 0 0 12 15 0 0 0 0 0 0\n"}
{"timestamp":1768156472,"subsystem":"statfs[*]","measurement":"{\"mount_point\":\"/\",\"block_size\":4096,\"blocks_total\":7574544,\"blocks_free\":6448585,\"blocks_available\":6444489}\n{\"mount_point\":\"/boot/efi\",\"block_size\":512,\"blocks_total\":213663,\"blocks_free\":201276,\"blocks_available\":201276}\n{\"mount_point\":\"/mnt\",\"block_size\":4096,\"blocks_total\":2038135,\"blocks_free\":2038128,\"blocks_available\":1929200}\n"}
{"timestamp":1768156477,"subsystem":"/proc/cpuinfo","measurement":"processor\t: 0\nvendor_id\t: GenuineIntel\ncpu family\t: 6\nmodel\t\t: 85\nmodel name\t: Intel(R) Xeon(R) Platinum 8272CL CPU @ 2.60GHz\nstepping\t: 7\nmicrocode\t: 0xffffffff\ncpu MHz\t\t: 2992.949\ncache size\t: 36608 KB\nphysical id\t: 0\nsiblings\t: 2\ncore id\t\t: 0\ncpu cores\t: 2\napicid\t\t: 0\ninitial apicid\t: 0\nfpu\t\t: yes\nfpu_exception\t: yes\ncpuid level\t: 22\nwp\t\t: yes\nflags\t\t: fpu vme de pse tsc msr pae mce cx8 apic sep mtrr pge mca cmov pat pse36 clflush mmx fxsr sse sse2 ss ht syscall nx pdpe1gb rdtscp lm constant_tsc rep_good nopl xtopology tsc_reliable nonstop_tsc cpuid aperfmperf tsc_known_freq pni pclmulqdq ssse3 fma cx16 pcid sse4_1 sse4_2 x2apic movbe popcnt tsc_deadline_timer aes xsave avx f16c rdrand hypervisor lahf_lm abm 3dnowprefetch fsgsbase tsc_adjust bmi1 hle avx2 smep bmi2 erms invpcid rtm avx512f avx512dq rdseed adx smap clflushopt clwb avx512cd avx512bw avx512vl xsaveopt xsavec xgetbv1 xsaves avx512_vnni arch_capabilities\nbugs\t\t: spectre_v1 spectre_v2 spec_store_bypass swapgs taa mmio_stale_data retbleed bhi\nbogomips\t: 5187.80\nclflush size\t: 64\ncache_alignment\t: 64\naddress sizes\t: 46 bits physical, 48 bits virtual\npower management:\n\nprocessor\t: 1\nvendor_id\t: GenuineIntel\ncpu family\t: 6\nmodel\t\t: 85\nmodel name\t: Intel(R) Xeon(R) Platinum 8272CL CPU @ 2.60GHz\nstepping\t: 7\nmicrocode\t: 0xffffffff\ncpu MHz\t\t: 2992.809\ncache size\t: 36608 KB\nphysical id\t: 0\nsiblings\t: 2\ncore id\t\t: 1\ncpu cores\t: 2\napicid\t\t: 1\ninitial apicid\t: 1\nfpu\t\t: yes\nfpu_exception\t: yes\ncpuid level\t: 22\nwp\t\t: yes\nflags\t\t: fpu vme de pse tsc msr pae mce cx8 apic sep mtrr pge mca cmov pat pse36 clflush mmx fxsr sse sse2 ss ht syscall nx pdpe1gb rdtscp lm constant_tsc rep_good nopl xtopology tsc_reliable nonstop_tsc cpuid aperfmperf tsc_known_freq pni pclmulqdq ssse3 fma cx16 pcid sse4_1 sse4_2 x2apic movbe popcnt tsc_deadline_timer aes xsave avx f16c rdrand hypervisor lahf_lm abm 3dnowprefetch fsgsbase tsc_adjust bmi1 hle avx2 smep bmi2 erms invpcid rtm avx512f avx512dq rdseed adx smap clflushopt clwb avx512cd avx512bw avx512vl xsaveopt xsavec xgetbv1 xsaves avx512_vnni arch_capabilities\nbugs\t\t: spectre_v1 spectre_v2 spec_store_bypass swapgs taa mmio_stale_data retbleed bhi\nbogomips\t: 5187.80\nclflush size\t: 64\ncache_alignment\t: 64\naddress sizes\t: 46 bits physical, 48 bits virtual\npower management:\n\n"}
{"timestamp":1768156477,"subsystem":"/proc/stat","measurement":"cpu  398231 7673 167292 204704818 182431 0 9673 0 0 0\ncpu0 190289 3835 65220 102377953 88797 0 5493 0 0 0\ncpu1 207942 3838 102072 102326864 93633 0 4180 0 0 0\nintr 82603144 0 0 0 0 2588 0 0 0 0 0 0 0 0 0 0 0 0 0 0 0 0 0 0 0 0 0 0 0 0 0 0 0 0 0 0 0 0 0 0 0 0 0 0 0 0 0 0 0 0 0 0 0 0 0 0 0 0 0 0 0 0 0 0 0 0 0 0 0 0 0 0 0 0 0 0 0 0 0 0 0 0 0 0 0 0 0 0 0 0 0 0 0 0 0 0 0 0 0 0 0 0 0 0 0 0 0 0 0 0 0 0 0 0 0 0 0 0 0 0 0 0 0 0 0 0 0 0 0 0 0 0 0 0 0 0 0 0 0 0 0 0 0 0 0 0 0 0 0 0 0 0 0 0 0 0 0 0 0 0 0 0 0 0 0 0 0 0 0 0 0 0 0 0 0 0 0 0 0 0 0 0 0 0 0 0 0 0 0 0 0 0 0 0 0 0 0 0 0 0 0 0 0 0 0 0 0 0 0 0 0 0 0 0 0 0 0 0 0 0 0 0 0 0 0 0 0 0 0 0 0 0 0 0 0 0 0 0 0 0 0 0 0 0 0 0 0 0 0 0 0 0 0 0 0 0 0 0 0 0 0 0 0 0 0 0 0 0 0 0 0 0 0 0 0 0 0 0 0 0 0 0 0 0 0 0 0 0 0 0 0 0 0 0 0 0 0 0 0 0 0 0 0 0 0 0 0 0 0 0 0 0 0 0 0 0 0 0 0 0 0 0 0 0 0 0 0 0 0 0 0 0 0 0 0 0 0 0 0 0 0 0 0 0 0 0 0 0 0 0 0 0 0 0 0 0 0 0 0 0 0 0 0 0 0 0 0 0 0 0 0 0 0 0 0 0 0 0 0 0 0 0 0 0 0 0 0 0 0 0 0 0 0 0 0 0 0 0 0 0 0 0 0 0 0 0 0 0 0 0 0 0 0 0 0 0 0 0 0 0 0 0 0 0 0 0 0 0 0 0 0 0 0 0 0 0 0 0 0 0 0\nctxt 114893521\nbtime 1767127868\nprocesses 164187\nprocs_running 3\nprocs_blocked 0\nsoftirq 79194619 0 20968449 156 10231102 869 0 14705194 24060698 449 9227702\n"}
{"timestamp":1768156477,"subsystem":"/proc/meminfo","measurement":"MemTotal:        3960648 kB\nMemFree:          353960 kB\nMemAvailable:    3189480 kB\nBuffers:          113908 kB\nCached:          2844552 kB\nSwapCached:            0 kB\nActive:           671968 kB\nInactive:        2511620 kB\nActive(anon):     224220 kB\nInactive(anon):    14524 kB\nActive(file):     447748 kB\nInactive(file):  2497096 kB\nUnevictable:       30896 kB\nMlocked:           27824 kB\nSwapTotal:             0 kB\nSwapFree:              0 kB\nZswap:                 0 kB\nZswapped:              0 kB\nDirty:                32 kB\nWriteback:             0 kB\nAnonPages:        255992 kB\nMapped:           182052 kB\nShmem:              4552 kB\nKReclaimable:     188020 kB\nSlab:             281568 kB\nSReclaimable:     188020 kB\nSUnreclaim:        93548 kB\nKernelStack:        2912 kB\nPageTables:         4392 kB\nSecPageTables:         0 kB\nNFS_Unstable:          0 kB\nBounce:                0 kB\nWritebackTmp:          0 kB\nCommitLimit:     1980324 kB\nCommitted_AS:     931496 kB\nVmallocTotal:   34359738367 kB\nVmallocUsed:       36996 kB\nVmallocChunk:          0 kB\nPercpu:             5616 kB\nHardwareCorrupted:     0 kB\nAnonHugePages:    139264 kB\nShmemHugePages:        0 kB\nShmemPmdMapped:        0 kB\nFileHugePages:         0 kB\nFilePmdMapped:         0 kB\nUnaccepted:            0 kB\nHugePages_Total:       0\nHugePages_Free:        0\nHugePages_Rsvd:        0\nHugePages_Surp:        0\nHugepagesize:       2048 kB\nHugetlb:               0 kB\nDirectMap4k:      126156 kB\nDirectMap2M:     2967552 kB\nDirectMap1G:     3145728 kB\n"}
{"timestamp":1768156477,"subsystem":"/proc/net/dev","measurement":"Inter-|   Receive                                                |  Transmit\n face |bytes    packets errs drop fifo frame compressed multicast|bytes    packets errs drop fifo colls carrier compressed\n    lo: 4417792   30830    0    0    0     0          0         0  4417792   30830    0    0    0     0       0          0\n  eth0: 1409737149 4634007    0    0    0     0          0         0 1530740712 7706617    0    0    0     0       0          0\ndocker0:  282754    4373    0    0    0     0          0         0 112467745   12612    0    0    0     0       0          0\nbr-490d867fe46d:     112       4    0    0    0     0          0         0      526       5    0    0    0     0       0          0\n"}
{"timestamp":1768156477,"subsystem":"/proc/diskstats","measurement":"   7       0 loop0 278 0 5266 338 0 0 0 0 0 330 338 0 0 0 0 0 0\n   7       1 loop1 75 0 2508 40 0 0 0 0 0 36 40 0 0 0 0 0 0\n   7       2 loop2 92 0 3744 87 0 0 0 0 0 86 87 0 0 0 0 0 0\n   7       3 loop3 418 0 28930 29 0 0 0 0 0 33 29 0 0 0 0 0 0\n   7       4 loop4 10 0 20 0 0 0 0 0 0 1 0 0 0 0 0 0 0\n   7       5 loop5 0 0 0 0 0 0 0 0 0 0 0 0 0 0 0 0 0\n   7       6 loop6 0 0 0 0 0 0 0 0 0 0 0 0 0 0 0 0 0\n   7       7 loop7 0 0 0 0 0 0 0 0 0 0 0 0 0 0 0 0 0\n   8       0 sda 18866 4623 1417012 53134 1628157 1131059 44921610 7437955 0 1810131 8667139 174862 3355 113930876 558764 186463 617285\n   8       1 sda1 18456 2968 1394398 52983 1628143 1131051 44921504 7437928 0 2144689 8049674 174861 3354 113729600 558761 0 0\n   8      14 sda14 92 0 1232 22 0 0 0 0 0 25 22 0 0 0 0 0 0\n   8      15 sda15 182 1655 17670 78 2 0 2 0 0 63 81 1 1 201276 2 0 0\n   8      16 sdb 319 1 19490 98 233 1045 402016 18688 0 1194 18796 69 68 33069976 9 0 0\n   8      17 sdb1 110 1 6474 71 233 1045 402016 18688 0 1205 18769 69 68 33069976 9 0 0\n  11       0 sr0 78 0 560 15 0 0 0 0 0 12 15 0 0 0 0 0 0\n"}
{"timestamp":1768156477,"subsystem":"statfs[*]","measurement":"{\"mount_point\":\"/\",\"block_size\":4096,\"blocks_total\":7574544,\"blocks_free\":6448583,\"blocks_available\":6444487}\n{\"mount_point\":\"/boot/efi\",\"block_size\":512,\"blocks_total\":213663,\"blocks_free\":201276,\"blocks_available\":201276}\n{\"mount_point\":\"/mnt\",\"block_size\":4096,\"blocks_total\":2038135,\"blocks_free\":2038128,\"blocks_available\":1929200}\n"}
{"timestamp":1768156482,"subsystem":"/proc/cpuinfo","measurement":"processor\t: 0\nvendor_id\t: GenuineIntel\ncpu family\t: 6\nmodel\t\t: 85\nmodel name\t: Intel(R) Xeon(R) Platinum 8272CL CPU @ 2.60GHz\nstepping\t: 7\nmicrocode\t: 0xffffffff\ncpu MHz\t\t: 2992.938\ncache size\t: 36608 KB\nphysical id\t: 0\nsiblings\t: 2\ncore id\t\t: 0\ncpu cores\t: 2\napicid\t\t: 0\ninitial apicid\t: 0\nfpu\t\t: yes\nfpu_exception\t: yes\ncpuid level\t: 22\nwp\t\t: yes\nflags\t\t: fpu vme de pse tsc msr pae mce cx8 apic sep mtrr pge mca cmov pat pse36 clflush mmx fxsr sse sse2 ss ht syscall nx pdpe1gb rdtscp lm constant_tsc rep_good nopl xtopology tsc_reliable nonstop_tsc cpuid aperfmperf tsc_known_freq pni pclmulqdq ssse3 fma cx16 pcid sse4_1 sse4_2 x2apic movbe popcnt tsc_deadline_timer aes xsave avx f16c rdrand hypervisor lahf_lm abm 3dnowprefetch fsgsbase tsc_adjust bmi1 hle avx2 smep bmi2 erms invpcid rtm avx512f avx512dq rdseed adx smap clflushopt clwb avx512cd avx512bw avx512vl xsaveopt xsavec xgetbv1 xsaves avx512_vnni arch_capabilities\nbugs\t\t: spectre_v1 spectre_v2 spec_store_bypass swapgs taa mmio_stale_data retbleed bhi\nbogomips\t: 5187.80\nclflush size\t: 64\ncache_alignment\t: 64\naddress sizes\t: 46 bits physical, 48 bits virtual\npower management:\n\nprocessor\t: 1\nvendor_id\t: GenuineIntel\ncpu family\t: 6\nmodel\t\t: 85\nmodel name\t: Intel(R) Xeon(R) Platinum 8272CL CPU @ 2.60GHz\nstepping\t: 7\nmicrocode\t: 0xffffffff\ncpu MHz\t\t: 2992.967\ncache size\t: 36608 KB\nphysical id\t: 0\nsiblings\t: 2\ncore id\t\t: 1\ncpu cores\t: 2\napicid\t\t: 1\ninitial apicid\t: 1\nfpu\t\t: yes\nfpu_exception\t: yes\ncpuid level\t: 22\nwp\t\t: yes\nflags\t\t: fpu vme de pse tsc msr pae mce cx8 apic sep mtrr pge mca cmov pat pse36 clflush mmx fxsr sse sse2 ss ht syscall nx pdpe1gb rdtscp lm constant_tsc rep_good nopl xtopology tsc_reliable nonstop_tsc cpuid aperfmperf tsc_known_freq pni pclmulqdq ssse3 fma cx16 pcid sse4_1 sse4_2 x2apic movbe popcnt tsc_deadline_timer aes xsave avx f16c rdrand hypervisor lahf_lm abm 3dnowprefetch fsgsbase tsc_adjust bmi1 hle avx2 smep bmi2 erms invpcid rtm avx512f avx512dq rdseed adx smap clflushopt clwb avx512cd avx512bw avx512vl xsaveopt xsavec xgetbv1 xsaves avx512_vnni arch_capabilities\nbugs\t\t: spectre_v1 spectre_v2 spec_store_bypass swapgs taa mmio_stale_data retbleed bhi\nbogomips\t: 5187.80\nclflush size\t: 64\ncache_alignment\t: 64\naddress sizes\t: 46 bits physical, 48 bits virtual\npower management:\n\n"}
{"timestamp":1768156482,"subsystem":"/proc/stat","measurement":"cpu  399230 7673 167293 204704818 182431 0 9674 0 0 0\ncpu0 190788 3835 65220 102377953 88797 0 5493 0 0 0\ncpu1 208442 3838 102073 102326864 93633 0 4180 0 0 0\nintr 82613422 0 0 0 0 2588 0 0 0 0 0 0 0 0 0 0 0 0 0 0 0 0 0 0 0 0 0 0 0 0 0 0 0 0 0 0 0 0 0 0 0 0 0 0 0 0 0 0 0 0 0 0 0 0 0 0 0 0 0 0 0 0 0 0 0 0 0 0 0 0 0 0 0 0 0 0 0 0 0 0 0 0 0 0 0 0 0 0 0 0 0 0 0 0 0 0 0 0 0 0 0 0 0 0 0 0 0 0 0 0 0 0 0 0 0 0 0 0 0 0 0 0 0 0 0 0 0 0 0 0 0 0 0 0 0 0 0 0 0 0 0 0 0 0 0 0 0 0 0 0 0 0 0 0 0 0 0 0 0 0 0 0 0 0 0 0 0 0 0 0 0 0 0 0 0 0 0 0 0 0 0 0 0 0 0 0 0 0 0 0 0 0 0 0 0 0 0 0 0 0 0 0 0 0 0 0 0 0 0 0 0 0 0 0 0 0 0 0 0 0 0 0 0 0 0 0 0 0 0 0 0 0 0 0 0 0 0 0 0 0 0 0 0 0 0 0 0 0 0 0 0 0 0 0 0 0 0 0 0 0 0 0 0 0 0 0 0 0 0 0 0 0 0 0 0 0 0 0 0 0 0 0 0 0 0 0 0 0 0 0 0 0 0 0 0 0 0 0 0 0 0 0 0 0 0 0 0 0 0 0 0 0 0 0 0 0 0 0 0 0 0 0 0 0 0 0 0 0 0 0 0 0 0 0 0 0 0 0 0 0 0 0 0 0 0 0 0 0 0 0 0 0 0 0 0 0 0 0 0 0 0 0 0 0 0 0 0 0 0 0 0 0 0 0 0 0 0 0 0 0 0 0 0 0 0 0 0 0 0 0 0 0 0 0 0 0 0 0 0 0 0 0 0 0 0 0 0 0 0 0 0 0 0 0 0 0 0 0 0 0 0 0 0 0 0 0 0 0 0 0 0 0 0 0 0 0 0 0 0 0 0\nctxt 114894282\nbtime 1767127868\nprocesses 164188\nprocs_running 4\nprocs_blocked 0\nsoftirq 79195108 0 20968624 156 10231162 869 0 14705207 24060858 449 9227783\n"}
{"timestamp":1768156482,"subsystem":"/proc/meminfo","measurement":"MemTotal:        3960648 kB\nMemFree:          353960 kB\nMemAvailable:    3189488 kB\nBuffers:          113908 kB\nCached:          2844560 kB\nSwapCached:            0 kB\nActive:           671984 kB\nInactive:        2511628 kB\nActive(anon):     224236 kB\nInactive(anon):    14524 kB\nActive(file):     447748 kB\nInactive(file):  2497104 kB\nUnevictable:       30896 kB\nMlocked:           27824 kB\nSwapTotal:             0 kB\nSwapFree:              0 kB\nZswap:                 0 kB\nZswapped:              0 kB\nDirty:                28 kB\nWriteback:             0 kB\nAnonPages:        256008 kB\nMapped:           182052 kB\nShmem:              4552 kB\nKReclaimable:     188020 kB\nSlab:             281568 kB\nSReclaimable:     188020 kB\nSUnreclaim:        93548 kB\nKernelStack:        2912 kB\nPageTables:         4392 kB\nSecPageTables:         0 kB\nNFS_Unstable:          0 kB\nBounce:                0 kB\nWritebackTmp:          0 kB\nCommitLimit:     1980324 kB\nCommitted_AS:     931496 kB\nVmallocTotal:   34359738367 kB\nVmallocUsed:       36996 kB\nVmallocChunk:          0 kB\nPercpu:             5616 kB\nHardwareCorrupted:     0 kB\nAnonHugePages:    139264 kB\nShmemHugePages:        0 kB\nShmemPmdMapped:        0 kB\nFileHugePages:         0 kB\nFilePmdMapped:         0 kB\nUnaccepted:            0 kB\nHugePages_Total:       0\nHugePages_Free:        0\nHugePages_Rsvd:        0\nHugePages_Surp:        0\nHugepagesize:       2048 kB\nHugetlb:               0 kB\nDirectMap4k:      126156 kB\nDirectMap2M:     2967552 kB\nDirectMap1G:     3145728 kB\n"}
{"timestamp":1768156482,"subsystem":"/proc/net/dev","measurement":"Inter-|   Receive                                                |  Transmit\n face |bytes    packets errs drop fifo frame compressed multicast|bytes    packets errs drop fifo colls carrier compressed\n    lo: 4417792   30830    0    0    0     0          0         0  4417792   30830    0    0    0     0       0          0\n  eth0: 1409741487 4634030    0    0    0     0          0         0 1530747675 7706662    0    0    0     0       0          0\ndocker0:  282754    4373    0    0    0     0          0         0 112467745   12612    0    0    0     0       0          0\nbr-490d867fe46d:     112       4    0    0    0     0          0         0      526       5    0    0    0     0       0          0\n"}
{"timestamp":1768156482,"subsystem":"/proc/diskstats","measurement":"   7       0 loop0 278 0 5266 338 0 0 0 0 0 330 338 0 0 0 0 0 0\n   7       1 loop1 75 0 2508 40 0 0 0 0 0 36 40 0 0 0 0 0 0\n   7       2 loop2 92 0 3744 87 0 0 0 0 0 86 87 0 0 0 0 0 0\n   7       3 loop3 418 0 28930 29 0 0 0 0 0 33 29 0 0 0 0 0 0\n   7       4 loop4 10 0 20 0 0 0 0 0 0 1 0 0 0 0 0 0 0\n   7       5 loop5 0 0 0 0 0 0 0 0 0 0 0 0 0 0 0 0 0\n   7       6 loop6 0 0 0 0 0 0 0 0 0 0 0 0 0 0 0 0 0\n   7       7 loop7 0 0 0 0 0 0 0 0 0 0 0 0 0 0 0 0 0\n   8       0 sda 18866 4623 1417012 53134 1628162 1131066 44921730 7437960 0 1810139 8667149 174863 3355 113930884 558767 186464 617287\n   8       1 sda1 18456 2968 1394398 52983 1628148 1131058 44921624 7437933 0 2144697 8049682 174862 3354 113729608 558764 0 0\n   8      14 sda14 92 0 1232 22 0 0 0 0 0 25 22 0 0 0 0 0 0\n   8      15 sda15 182 1655 17670 78 2 0 2 0 0 63 81 1 1 201276 2 0 0\n   8      16 sdb 319 1 19490 98 233 1045 402016 18688 0 1194 18796 69 68 33069976 9 0 0\n   8      17 sdb1 110 1 6474 71 233 1045 402016 18688 0 1205 18769 69 68 33069976 9 0 0\n  11       0 sr0 78 0 560 15 0 0 0 0 0 12 15 0 0 0 0 0 0\n"}
{"timestamp":1768156482,"subsystem":"statfs[*]","measurement":"{\"mount_point\":\"/\",\"block_size\":4096,\"blocks_total\":7574544,\"blocks_free\":6448581,\"blocks_available\":6444485}\n{\"mount_point\":\"/boot/efi\",\"block_size\":512,\"blocks_total\":213663,\"blocks_free\":201276,\"blocks_available\":201276}\n{\"mount_point\":\"/mnt\",\"block_size\":4096,\"blocks_total\":2038135,\"blocks_free\":2038128,\"blocks_available\":1929200}\n"}
{"timestamp":1768156487,"subsystem":"/proc/cpuinfo","measurement":"processor\t: 0\nvendor_id\t: GenuineIntel\ncpu family\t: 6\nmodel\t\t: 85\nmodel name\t: Intel(R) Xeon(R) Platinum 8272CL CPU @ 2.60GHz\nstepping\t: 7\nmicrocode\t: 0xffffffff\ncpu MHz\t\t: 2991.485\ncache size\t: 36608 KB\nphysical id\t: 0\nsiblings\t: 2\ncore id\t\t: 0\ncpu cores\t: 2\napicid\t\t: 0\ninitial apicid\t: 0\nfpu\t\t: yes\nfpu_exception\t: yes\ncpuid level\t: 22\nwp\t\t: yes\nflags\t\t: fpu vme de pse tsc msr pae mce cx8 apic sep mtrr pge mca cmov pat pse36 clflush mmx fxsr sse sse2 ss ht syscall nx pdpe1gb rdtscp lm constant_tsc rep_good nopl xtopology tsc_reliable nonstop_tsc cpuid aperfmperf tsc_known_freq pni pclmulqdq ssse3 fma cx16 pcid sse4_1 sse4_2 x2apic movbe popcnt tsc_deadline_timer aes xsave avx f16c rdrand hypervisor lahf_lm abm 3dnowprefetch fsgsbase tsc_adjust bmi1 hle avx2 smep bmi2 erms invpcid rtm avx512f avx512dq rdseed adx smap clflushopt clwb avx512cd avx512bw avx512vl xsaveopt xsavec xgetbv1 xsaves avx512_vnni arch_capabilities\nbugs\t\t: spectre_v1 spectre_v2 spec_store_bypass swapgs taa mmio_stale_data retbleed bhi\nbogomips\t: 5187.80\nclflush size\t: 64\ncache_alignment\t: 64\naddress sizes\t: 46 bits physical, 48 bits virtual\npower management:\n\nprocessor\t: 1\nvendor_id\t: GenuineIntel\ncpu family\t: 6\nmodel\t\t: 85\nmodel name\t: Intel(R) Xeon(R) Platinum 8272CL CPU @ 2.60GHz\nstepping\t: 7\nmicrocode\t: 0xffffffff\ncpu MHz\t\t: 2992.945\ncache size\t: 36608 KB\nphysical id\t: 0\nsiblings\t: 2\ncore id\t\t: 1\ncpu cores\t: 2\napicid\t\t: 1\ninitial apicid\t: 1\nfpu\t\t: yes\nfpu_exception\t: yes\ncpuid level\t: 22\nwp\t\t: yes\nflags\t\t: fpu vme de pse tsc msr pae mce cx8 apic sep mtrr pge mca cmov pat pse36 clflush mmx fxsr sse sse2 ss ht syscall nx pdpe1gb rdtscp lm constant_tsc rep_good nopl xtopology tsc_reliable nonstop_tsc cpuid aperfmperf tsc_known_freq pni pclmulqdq ssse3 fma cx16 pcid sse4_1 sse4_2 x2apic movbe popcnt tsc_deadline_timer aes xsave avx f16c rdrand hypervisor lahf_lm abm 3dnowprefetch fsgsbase tsc_adjust bmi1 hle avx2 smep bmi2 erms invpcid rtm avx512f avx512dq rdseed adx smap clflushopt clwb avx512cd avx512bw avx512vl xsaveopt xsavec xgetbv1 xsaves avx512_vnni arch_capabilities\nbugs\t\t: spectre_v1 spectre_v2 spec_store_bypass swapgs taa mmio_stale_data retbleed bhi\nbogomips\t: 5187.80\nclflush size\t: 64\ncache_alignment\t: 64\naddress sizes\t: 46 bits physical, 48 bits virtual\npower management:\n\n"}
{"timestamp":1768156487,"subsystem":"/proc/stat","measurement":"cpu  400229 7673 167294 204704818 182431 0 9674 0 0 0\ncpu0 191288 3835 65220 102377953 88797 0 5493 0 0 0\ncpu1 208941 3838 102074 102326864 93633 0 4180 0 0 0\nintr 82623619 0 0 0 0 2588 0 0 0 0 0 0 0 0 0 0 0 0 0 0 0 0 0 0 0 0 0 0 0 0 0 0 0 0 0 0 0 0 0 0 0 0 0 0 0 0 0 0 0 0 0 0 0 0 0 0 0 0 0 0 0 0 0 0 0 0 0 0 0 0 0 0 0 0 0 0 0 0 0 0 0 0 0 0 0 0 0 0 0 0 0 0 0 0 0 0 0 0 0 0 0 0 0 0 0 0 0 0 0 0 0 0 0 0 0 0 0 0 0 0 0 0 0 0 0 0 0 0 0 0 0 0 0 0 0 0 0 0 0 0 0 0 0 0 0 0 0 0 0 0 0 0 0 0 0 0 0 0 0 0 0 0 0 0 0 0 0 0 0 0 0 0 0 0 0 0 0 0 0 0 0 0 0 0 0 0 0 0 0 0 0 0 0 0 0 0 0 0 0 0 0 0 0 0 0 0 0 0 0 0 0 0 0 0 0 0 0 0 0 0 0 0 0 0 0 0 0 0 0 0 0 0 0 0 0 0 0 0 0 0 0 0 0 0 0 0 0 0 0 0 0 0 0 0 0 0 0 0 0 0 0 0 0 0 0 0 0 0 0 0 0 0 0 0 0 0 0 0 0 0 0 0 0 0 0 0 0 0 0 0 0 0 0 0 0 0 0 0 0 0 0 0 0 0 0 0 0 0 0 0 0 0 0 0 0 0 0 0 0 0 0 0 0 0 0 0 0 0 0 0 0 0 0 0 0 0 0 0 0 0 0 0 0 0 0 0 0 0 0 0 0 0 0 0 0 0 0 0 0 0 0 0 0 0 0 0 0 0 0 0 0 0 0 0 0 0 0 0 0 0 0 0 0 0 0 0 0 0 0 0 0 0 0 0 0 0 0 0 0 0 0 0 0 0 0 0 0 0 0 0 0 0 0 0 0 0 0 0 0 0 0 0 0 0 0 0 0 0 0 0 0 0 0 0 0 0 0 0 0 0 0\nctxt 114894980\nbtime 1767127868\nprocesses 164191\nprocs_running 5\nprocs_blocked 0\nsoftirq 79195716 0 20968809 156 10231219 869 0 14705217 24061016 449 9227981\n"}
{"timestamp":1768156487,"subsystem":"/proc/meminfo","measurement":"MemTotal:        3960648 kB\nMemFree:          354776 kB\nMemAvailable:    3190312 kB\nBuffers:          113908 kB\nCached:          2844572 kB\nSwapCached:            0 kB\nActive:           671984 kB\nInactive:        2511636 kB\nActive(anon):     224236 kB\nInactive(anon):    14524 kB\nActive(file):     447748 kB\nInactive(file):  2497112 kB\nUnevictable:       30896 kB\nMlocked:           27824 kB\nSwapTotal:             0 kB\nSwapFree:              0 kB\nZswap:                 0 kB\nZswapped:              0 kB\nDirty:               160 kB\nWriteback:             0 kB\nAnonPages:        256008 kB\nMapped:           182052 kB\nShmem:              4552 kB\nKReclaimable:     188020 kB\nSlab:             281568 kB\nSReclaimable:     188020 kB\nSUnreclaim:        93548 kB\nKernelStack:        2912 kB\nPageTables:         4392 kB\nSecPageTables:         0 kB\nNFS_Unstable:          0 kB\nBounce:                0 kB\nWritebackTmp:          0 kB\nCommitLimit:     1980324 kB\nCommitted_AS:     931496 kB\nVmallocTotal:   34359738367 kB\nVmallocUsed:       36996 kB\nVmallocChunk:          0 kB\nPercpu:             5616 kB\nHardwareCorrupted:     0 kB\nAnonHugePages:    139264 kB\nShmemHugePages:        0 kB\nShmemPmdMapped:        0 kB\nFileHugePages:         0 kB\nFilePmdMapped:         0 kB\nUnaccepted:            0 kB\nHugePages_Total:       0\nHugePages_Free:        0\nHugePages_Rsvd:        0\nHugePages_Surp:        0\nHugepagesize:       2048 kB\nHugetlb:               0 kB\nDirectMap4k:      126156 kB\nDirectMap2M:     2967552 kB\nDirectMap1G:     3145728 kB\n"}
{"timestamp":1768156487,"subsystem":"/proc/net/dev","measurement":"Inter-|   Receive                                                |  Transmit\n face |bytes    packets errs drop fifo frame compressed multicast|bytes    packets errs drop fifo colls carrier compressed\n    lo: 4417792   30830    0    0    0     0          0         0  4417792   30830    0    0    0     0       0          0\n  eth0: 1409744157 4634051    0    0    0     0          0         0 1530752981 7706704    0    0    0     0       0          0\ndocker0:  282754    4373    0    0    0     0          0         0 112467745   12612    0    0    0     0       0          0\nbr-490d867fe46d:     112       4    0    0    0     0          0         0      526       5    0    0    0     0       0          0\n"}
{"timestamp":1768156487,"subsystem":"/proc/diskstats","measurement":"   7       0 loop0 278 0 5266 338 0 0 0 0 0 330 338 0 0 0 0 0 0\n   7       1 loop1 75 0 2508 40 0 0 0 0 0 36 40 0 0 0 0 0 0\n   7       2 loop2 92 0 3744 87 0 0 0 0 0 86 87 0 0 0 0 0 0\n   7       3 loop3 418 0 28930 29 0 0 0 0 0 33 29 0 0 0 0 0 0\n   7       4 loop4 10 0 20 0 0 0 0 0 0 1 0 0 0 0 0 0 0\n   7       5 loop5 0 0 0 0 0 0 0 0 0 0 0 0 0 0 0 0 0\n   7       6 loop6 0 0 0 0 0 0 0 0 0 0 0 0 0 0 0 0 0\n   7       7 loop7 0 0 0 0 0 0 0 0 0 0 0 0 0 0 0 0 0\n   8       0 sda 18866 4623 1417012 53134 1628164 1131073 44921802 7437965 0 1810147 8667160 174864 3355 113930892 558770 186465 617290\n   8       1 sda1 18456 2968 1394398 52983 1628150 1131065 44921696 7437939 0 2144705 8049690 174863 3354 113729616 558767 0 0\n   8      14 sda14 92 0 1232 22 0 0 0 0 0 25 22 0 0 0 0 0 0\n   8      15 sda15 182 1655 17670 78 2 0 2 0 0 63 81 1 1 201276 2 0 0\n   8      16 sdb 319 1 19490 98 233 1045 402016 18688 0 1194 18796 69 68 33069976 9 0 0\n   8      17 sdb1 110 1 6474 71 233 1045 402016 18688 0 1205 18769 69 68 33069976 9 0 0\n  11       0 sr0 78 0 560 15 0 0 0 0 0 12 15 0 0 0 0 0 0\n"}
{"timestamp":1768156487,"subsystem":"statfs[*]","measurement":"{\"mount_point\":\"/\",\"block_size\":4096,\"blocks_total\":7574544,\"blocks_free\":6448578,\"blocks_available\":6444482}\n{\"mount_point\":\"/boot/efi\",\"block_size\":512,\"blocks_total\":213663,\"blocks_free\":201276,\"blocks_available\":201276}\n{\"mount_point\":\"/mnt\",\"block_size\":4096,\"blocks_total\":2038135,\"blocks_free\":2038128,\"blocks_available\":1929200}\n"}
{"timestamp":1768156492,"subsystem":"/proc/cpuinfo","measurement":"processor\t: 0\nvendor_id\t: GenuineIntel\ncpu family\t: 6\nmodel\t\t: 85\nmodel name\t: Intel(R) Xeon(R) Platinum 8272CL CPU @ 2.60GHz\nstepping\t: 7\nmicrocode\t: 0xffffffff\ncpu MHz\t\t: 2992.843\ncache size\t: 36608 KB\nphysical id\t: 0\nsiblings\t: 2\ncore id\t\t: 0\ncpu cores\t: 2\napicid\t\t: 0\ninitial apicid\t: 0\nfpu\t\t: yes\nfpu_exception\t: yes\ncpuid level\t: 22\nwp\t\t: yes\nflags\t\t: fpu vme de pse tsc msr pae mce cx8 apic sep mtrr pge mca cmov pat pse36 clflush mmx fxsr sse sse2 ss ht syscall nx pdpe1gb rdtscp lm constant_tsc rep_good nopl xtopology tsc_reliable nonstop_tsc cpuid aperfmperf tsc_known_freq pni pclmulqdq ssse3 fma cx16 pcid sse4_1 sse4_2 x2apic movbe popcnt tsc_deadline_timer aes xsave avx f16c rdrand hypervisor lahf_lm abm 3dnowprefetch fsgsbase tsc_adjust bmi1 hle avx2 smep bmi2 erms invpcid rtm avx512f avx512dq rdseed adx smap clflushopt clwb avx512cd avx512bw avx512vl xsaveopt xsavec xgetbv1 xsaves avx512_vnni arch_capabilities\nbugs\t\t: spectre_v1 spectre_v2 spec_store_bypass swapgs taa mmio_stale_data retbleed bhi\nbogomips\t: 5187.80\nclflush size\t: 64\ncache_alignment\t: 64\naddress sizes\t: 46 bits physical, 48 bits virtual\npower management:\n\nprocessor\t: 1\nvendor_id\t: GenuineIntel\ncpu family\t: 6\nmodel\t\t: 85\nmodel name\t: Intel(R) Xeon(R) Platinum 8272CL CPU @ 2.60GHz\nstepping\t: 7\nmicrocode\t: 0xffffffff\ncpu MHz\t\t: 2993.261\ncache size\t: 36608 KB\nphysical id\t: 0\nsiblings\t: 2\ncore id\t\t: 1\ncpu cores\t: 2\napicid\t\t: 1\ninitial apicid\t: 1\nfpu\t\t: yes\nfpu_exception\t: yes\ncpuid level\t: 22\nwp\t\t: yes\nflags\t\t: fpu vme de pse tsc msr pae mce cx8 apic sep mtrr pge mca cmov pat pse36 clflush mmx fxsr sse sse2 ss ht syscall nx pdpe1gb rdtscp lm constant_tsc rep_good nopl xtopology tsc_reliable nonstop_tsc cpuid aperfmperf tsc_known_freq pni pclmulqdq ssse3 fma cx16 pcid sse4_1 sse4_2 x2apic movbe popcnt tsc_deadline_timer aes xsave avx f16c rdrand hypervisor lahf_lm abm 3dnowprefetch fsgsbase tsc_adjust bmi1 hle avx2 smep bmi2 erms invpcid rtm avx512f avx512dq rdseed adx smap clflushopt clwb avx512cd avx512bw avx512vl xsaveopt xsavec xgetbv1 xsaves avx512_vnni arch_capabilities\nbugs\t\t: spectre_v1 spectre_v2 spec_store_bypass swapgs taa mmio_stale_data retbleed bhi\nbogomips\t: 5187.80\nclflush size\t: 64\ncache_alignment\t: 64\naddress sizes\t: 46 bits physical, 48 bits virtual\npower management:\n\n"}
{"timestamp":1768156492,"subsystem":"/proc/stat","measurement":"cpu  401228 7673 167295 204704818 182431 0 9674 0 0 0\ncpu0 191788 3835 65220 102377953 88797 0 5493 0 0 0\ncpu1 209440 3838 102074 102326864 93633 0 4180 0 0 0\nintr 82633850 0 0 0 0 2588 0 0 0 0 0 0 0 0 0 0 0 0 0 0 0 0 0 0 0 0 0 0 0 0 0 0 0 0 0 0 0 0 0 0 0 0 0 0 0 0 0 0 0 0 0 0 0 0 0 0 0 0 0 0 0 0 0 0 0 0 0 0 0 0 0 0 0 0 0 0 0 0 0 0 0 0 0 0 0 0 0 0 0 0 0 0 0 0 0 0 0 0 0 0 0 0 0 0 0 0 0 0 0 0 0 0 0 0 0 0 0 0 0 0 0 0 0 0 0 0 0 0 0 0 0 0 0 0 0 0 0 0 0 0 0 0 0 0 0 0 0 0 0 0 0 0 0 0 0 0 0 0 0 0 0 0 0 0 0 0 0 0 0 0 0 0 0 0 0 0 0 0 0 0 0 0 0 0 0 0 0 0 0 0 0 0 0 0 0 0 0 0 0 0 0 0 0 0 0 0 0 0 0 0 0 0 0 0 0 0 0 0 0 0 0 0 0 0 0 0 0 0 0 0 0 0 0 0 0 0 0 0 0 0 0 0 0 0 0 0 0 0 0 0 0 0 0 0 0 0 0 0 0 0 0 0 0 0 0 0 0 0 0 0 0 0 0 0 0 0 0 0 0 0 0 0 0 0 0 0 0 0 0 0 0 0 0 0 0 0 0 0 0 0 0 0 0 0 0 0 0 0 0 0 0 0 0 0 0 0 0 0 0 0 0 0 0 0 0 0 0 0 0 0 0 0 0 0 0 0 0 0 0 0 0 0 0 0 0 0 0 0 0 0 0 0 0 0 0 0 0 0 0 0 0 0 0 0 0 0 0 0 0 0 0 0 0 0 0 0 0 0 0 0 0 0 0 0 0 0 0 0 0 0 0 0 0 0 0 0 0 0 0 0 0 0 0 0 0 0 0 0 0 0 0 0 0 0 0 0 0 0 0 0 0 0 0 0 0 0 0 0 0 0 0 0 0 0 0 0 0 0 0 0 0\nctxt 114895663\nbtime 1767127868\nprocesses 164192\nprocs_running 4\nprocs_blocked 0\nsoftirq 79196217 0 20968990 156 10231272 869 0 14705252 24061175 449 9228054\n"}
{"timestamp":1768156492,"subsystem":"/proc/meminfo","measurement":"MemTotal:        3960648 kB\nMemFree:          354776 kB\nMemAvailable:    3190328 kB\nBuffers:          113912 kB\nCached:          2844580 kB\nSwapCached:            0 kB\nActive:           671992 kB\nInactive:        2511652 kB\nActive(anon):     224244 kB\nInactive(anon):    14524 kB\nActive(file):     447748 kB\nInactive(file):  2497128 kB\nUnevictable:       30896 kB\nMlocked:           27824 kB\nSwapTotal:             0 kB\nSwapFree:              0 kB\nZswap:                 0 kB\nZswapped:              0 kB\nDirty:                40 kB\nWriteback:             0 kB\nAnonPages:        256016 kB\nMapped:           182052 kB\nShmem:              4552 kB\nKReclaimable:     188020 kB\nSlab:             281568 kB\nSReclaimable:     188020 kB\nSUnreclaim:        93548 kB\nKernelStack:        2912 kB\nPageTables:         4392 kB\nSecPageTables:         0 kB\nNFS_Unstable:          0 kB\nBounce:                0 kB\nWritebackTmp:          0 kB\nCommitLimit:     1980324 kB\nCommitted_AS:     931496 kB\nVmallocTotal:   34359738367 kB\nVmallocUsed:       36996 kB\nVmallocChunk:          0 kB\nPercpu:             5616 kB\nHardwareCorrupted:     0 kB\nAnonHugePages:    139264 kB\nShmemHugePages:        0 kB\nShmemPmdMapped:        0 kB\nFileHugePages:         0 kB\nFilePmdMapped:         0 kB\nUnaccepted:            0 kB\nHugePages_Total:       0\nHugePages_Free:        0\nHugePages_Rsvd:        0\nHugePages_Surp:        0\nHugepagesize:       2048 kB\nHugetlb:               0 kB\nDirectMap4k:      126156 kB\nDirectMap2M:     2967552 kB\nDirectMap1G:     3145728 kB\n"}
{"timestamp":1768156492,"subsystem":"/proc/net/dev","measurement":"Inter-|   Receive                                                |  Transmit\n face |bytes    packets errs drop fifo frame compressed multicast|bytes    packets errs drop fifo colls carrier compressed\n    lo: 4417792   30830    0    0    0     0          0         0  4417792   30830    0    0    0     0       0          0\n  eth0: 1409748157 4634069    0    0    0     0          0         0 1530759606 7706744    0    0    0     0       0          0\ndocker0:  282754    4373    0    0    0     0          0         0 112467745   12612    0    0    0     0       0          0\nbr-490d867fe46d:     112       4    0    0    0     0          0         0      526       5    0    0    0     0       0          0\n"}
{"timestamp":1768156492,"subsystem":"/proc/diskstats","measurement":"   7       0 loop0 278 0 5266 338 0 0 0 0 0 330 338 0 0 0 0 0 0\n   7       1 loop1 75 0 2508 40 0 0 0 0 0 36 40 0 0 0 0 0 0\n   7       2 loop2 92 0 3744 87 0 0 0 0 0 86 87 0 0 0 0 0 0\n   7       3 loop3 418 0 28930 29 0 0 0 0 0 33 29 0 0 0 0 0 0\n   7       4 loop4 10 0 20 0 0 0 0 0 0 1 0 0 0 0 0 0 0\n   7       5 loop5 0 0 0 0 0 0 0 0 0 0 0 0 0 0 0 0 0\n   7       6 loop6 0 0 0 0 0 0 0 0 0 0 0 0 0 0 0 0 0\n   7       7 loop7 0 0 0 0 0 0 0 0 0 0 0 0 0 0 0 0 0\n   8       0 sda 18866 4623 1417012 53134 1628194 1131073 44922074 7437975 0 1810148 8667170 174864 3355 113930892 558770 186465 617290\n   8       1 sda1 18456 2968 1394398 52983 1628180 1131065 44921968 7437948 0 2144706 8049700 174863 3354 113729616 558767 0 0\n   8      14 sda14 92 0 1232 22 0 0 0 0 0 25 22 0 0 0 0 0 0\n   8      15 sda15 182 1655 17670 78 2 0 2 0 0 63 81 1 1 201276 2 0 0\n   8      16 sdb 319 1 19490 98 233 1045 402016 18688 0 1194 18796 69 68 33069976 9 0 0\n   8      17 sdb1 110 1 6474 71 233 1045 402016 18688 0 1205 18769 69 68 33069976 9 0 0\n  11       0 sr0 78 0 560 15 0 0 0 0 0 12 15 0 0 0 0 0 0\n"}
{"timestamp":1768156492,"subsystem":"statfs[*]","measurement":"{\"mount_point\":\"/\",\"block_size\":4096,\"blocks_total\":7574544,\"blocks_free\":6448575,\"blocks_available\":6444479}\n{\"mount_point\":\"/boot/efi\",\"block_size\":512,\"blocks_total\":213663,\"blocks_free\":201276,\"blocks_available\":201276}\n{\"mount_point\":\"/mnt\",\"block_size\":4096,\"blocks_total\":2038135,\"blocks_free\":2038128,\"blocks_available\":1929200}\n"}
{"timestamp":1768156497,"subsystem":"/proc/cpuinfo","measurement":"processor\t: 0\nvendor_id\t: GenuineIntel\ncpu family\t: 6\nmodel\t\t: 85\nmodel name\t: Intel(R) Xeon(R) Platinum 8272CL CPU @ 2.60GHz\nstepping\t: 7\nmicrocode\t: 0xffffffff\ncpu MHz\t\t: 2993.007\ncache size\t: 36608 KB\nphysical id\t: 0\nsiblings\t: 2\ncore id\t\t: 0\ncpu cores\t: 2\napicid\t\t: 0\ninitial apicid\t: 0\nfpu\t\t: yes\nfpu_exception\t: yes\ncpuid level\t: 22\nwp\t\t: yes\nflags\t\t: fpu vme de pse tsc msr pae mce cx8 apic sep mtrr pge mca cmov pat pse36 clflush mmx fxsr sse sse2 ss ht syscall nx pdpe1gb rdtscp lm constant_tsc rep_good nopl xtopology tsc_reliable nonstop_tsc cpuid aperfmperf tsc_known_freq pni pclmulqdq ssse3 fma cx16 pcid sse4_1 sse4_2 x2apic movbe popcnt tsc_deadline_timer aes xsave avx f16c rdrand hypervisor lahf_lm abm 3dnowprefetch fsgsbase tsc_adjust bmi1 hle avx2 smep bmi2 erms invpcid rtm avx512f avx512dq rdseed adx smap clflushopt clwb avx512cd avx512bw avx512vl xsaveopt xsavec xgetbv1 xsaves avx512_vnni arch_capabilities\nbugs\t\t: spectre_v1 spectre_v2 spec_store_bypass swapgs taa mmio_stale_data retbleed bhi\nbogomips\t: 5187.80\nclflush size\t: 64\ncache_alignment\t: 64\naddress sizes\t: 46 bits physical, 48 bits virtual\npower management:\n\nprocessor\t: 1\nvendor_id\t: GenuineIntel\ncpu family\t: 6\nmodel\t\t: 85\nmodel name\t: Intel(R) Xeon(R) Platinum 8272CL CPU @ 2.60GHz\nstepping\t: 7\nmicrocode\t: 0xffffffff\ncpu MHz\t\t: 2992.973\ncache size\t: 36608 KB\nphysical id\t: 0\nsiblings\t: 2\ncore id\t\t: 1\ncpu cores\t: 2\napicid\t\t: 1\ninitial apicid\t: 1\nfpu\t\t: yes\nfpu_exception\t: yes\ncpuid level\t: 22\nwp\t\t: yes\nflags\t\t: fpu vme de pse tsc msr pae mce cx8 apic sep mtrr pge mca cmov pat pse36 clflush mmx fxsr sse sse2 ss ht syscall nx pdpe1gb rdtscp lm constant_tsc rep_good nopl xtopology tsc_reliable nonstop_tsc cpuid aperfmperf tsc_known_freq pni pclmulqdq ssse3 fma cx16 pcid sse4_1 sse4_2 x2apic movbe popcnt tsc_deadline_timer aes xsave avx f16c rdrand hypervisor lahf_lm abm 3dnowprefetch fsgsbase tsc_adjust bmi1 hle avx2 smep bmi2 erms invpcid rtm avx512f avx512dq rdseed adx smap clflushopt clwb avx512cd avx512bw avx512vl xsaveopt xsavec xgetbv1 xsaves avx512_vnni arch_capabilities\nbugs\t\t: spectre_v1 spectre_v2 spec_store_bypass swapgs taa mmio_stale_data retbleed bhi\nbogomips\t: 5187.80\nclflush size\t: 64\ncache_alignment\t: 64\naddress sizes\t: 46 bits physical, 48 bits virtual\npower management:\n\n"}
{"timestamp":1768156497,"subsystem":"/proc/stat","measurement":"cpu  402228 7673 167295 204704818 182431 0 9674 0 0 0\ncpu0 192288 3835 65220 102377953 88797 0 5493 0 0 0\ncpu1 209939 3838 102075 102326864 93633 0 4180 0 0 0\nintr 82643993 0 0 0 0 2588 0 0 0 0 0 0 0 0 0 0 0 0 0 0 0 0 0 0 0 0 0 0 0 0 0 0 0 0 0 0 0 0 0 0 0 0 0 0 0 0 0 0 0 0 0 0 0 0 0 0 0 0 0 0 0 0 0 0 0 0 0 0 0 0 0 0 0 0 0 0 0 0 0 0 0 0 0 0 0 0 0 0 0 0 0 0 0 0 0 0 0 0 0 0 0 0 0 0 0 0 0 0 0 0 0 0 0 0 0 0 0 0 0 0 0 0 0 0 0 0 0 0 0 0 0 0 0 0 0 0 0 0 0 0 0 0 0 0 0 0 0 0 0 0 0 0 0 0 0 0 0 0 0 0 0 0 0 0 0 0 0 0 0 0 0 0 0 0 0 0 0 0 0 0 0 0 0 0 0 0 0 0 0 0 0 0 0 0 0 0 0 0 0 0 0 0 0 0 0 0 0 0 0 0 0 0 0 0 0 0 0 0 0 0 0 0 0 0 0 0 0 0 0 0 0 0 0 0 0 0 0 0 0 0 0 0 0 0 0 0 0 0 0 0 0 0 0 0 0 0 0 0 0 0 0 0 0 0 0 0 0 0 0 0 0 0 0 0 0 0 0 0 0 0 0 0 0 0 0 0 0 0 0 0 0 0 0 0 0 0 0 0 0 0 0 0 0 0 0 0 0 0 0 0 0 0 0 0 0 0 0 0 0 0 0 0 0 0 0 0 0 0 0 0 0 0 0 0 0 0 0 0 0 0 0 0 0 0 0 0 0 0 0 0 0 0 0 0 0 0 0 0 0 0 0 0 0 0 0 0 0 0 0 0 0 0 0 0 0 0 0 0 0 0 0 0 0 0 0 0 0 0 0 0 0 0 0 0 0 0 0 0 0 0 0 0 0 0 0 0 0 0 0 0 0 0 0 0 0 0 0 0 0 0 0 0 0 0 0 0 0 0 0 0 0 0 0 0 0 0 0 0 0 0 0\nctxt 114896236\nbtime 1767127868\nprocesses 164193\nprocs_running 3\nprocs_blocked 0\nsoftirq 79196697 0 20969168 156 10231321 869 0 14705263 24061334 449 9228137\n"}
{"timestamp":1768156497,"subsystem":"/proc/meminfo","measurement":"MemTotal:        3960648 kB\nMemFree:          354776 kB\nMemAvailable:    3190336 kB\nBuffers:          113912 kB\nCached:          2844588 kB\nSwapCached:            0 kB\nActive:           671992 kB\nInactive:        2511660 kB\nActive(anon):     224244 kB\nInactive(anon):    14524 kB\nActive(file):     447748 kB\nInactive(file):  2497136 kB\nUnevictable:       30896 kB\nMlocked:           27824 kB\nSwapTotal:             0 kB\nSwapFree:              0 kB\nZswap:                 0 kB\nZswapped:              0 kB\nDirty:                60 kB\nWriteback:             0 kB\nAnonPages:        256024 kB\nMapped:           182052 kB\nShmem:              4552 kB\nKReclaimable:     188020 kB\nSlab:             281568 kB\nSReclaimable:     188020 kB\nSUnreclaim:        93548 kB\nKernelStack:        2912 kB\nPageTables:         4392 kB\nSecPageTables:         0 kB\nNFS_Unstable:          0 kB\nBounce:                0 kB\nWritebackTmp:          0 kB\nCommitLimit:     1980324 kB\nCommitted_AS:     931496 kB\nVmallocTotal:   34359738367 kB\nVmallocUsed:       36996 kB\nVmallocChunk:          0 kB\nPercpu:             5616 kB\nHardwareCorrupted:     0 kB\nAnonHugePages:    139264 kB\nShmemHugePages:        0 kB\nShmemPmdMapped:        0 kB\nFileHugePages:         0 kB\nFilePmdMapped:         0 kB\nUnaccepted:            0 kB\nHugePages_Total:       0\nHugePages_Free:        0\nHugePages_Rsvd:        0\nHugePages_Surp:        0\nHugepagesize:       2048 kB\nHugetlb:               0 kB\nDirectMap4k:      126156 kB\nDirectMap2M:     2967552 kB\nDirectMap1G:     3145728 kB\n"}
{"timestamp":1768156497,"subsystem":"/proc/net/dev","measurement":"Inter-|   Receive                                                |  Transmit\n face |bytes    packets errs drop fifo frame compressed multicast|bytes    packets errs drop fifo colls carrier compressed\n    lo: 4417792   30830    0    0    0     0          0         0  4417792   30830    0    0    0     0       0          0\n  eth0: 1409752225 4634088    0    0    0     0          0         0 1530766161 7706783    0    0    0     0       0          0\ndocker0:  282754    4373    0    0    0     0          0         0 112467745   12612    0    0    0     0       0          0\nbr-490d867fe46d:     112       4    0    0    0     0          0         0      526       5    0    0    0     0       0          0\n"}
{"timestamp":1768156497,"subsystem":"/proc/diskstats","measurement":"   7       0 loop0 278 0 5266 338 0 0 0 0 0 330 338 0 0 0 0 0 0\n   7       1 loop1 75 0 2508 40 0 0 0 0 0 36 40 0 0 0 0 0 0\n   7       2 loop2 92 0 3744 87 0 0 0 0 0 86 87 0 0 0 0 0 0\n   7       3 loop3 418 0 28930 29 0 0 0 0 0 33 29 0 0 0 0 0 0\n   7       4 loop4 10 0 20 0 0 0 0 0 0 1 0 0 0 0 0 0 0\n   7       5 loop5 0 0 0 0 0 0 0 0 0 0 0 0 0 0 0 0 0\n   7       6 loop6 0 0 0 0 0 0 0 0 0 0 0 0 0 0 0 0 0\n   7       7 loop7 0 0 0 0 0 0 0 0 0 0 0 0 0 0 0 0 0\n   8       0 sda 18866 4623 1417012 53134 1628197 1131080 44922154 7437980 0 1810155 8667181 174865 3355 113930900 558773 186466 617293\n   8       1 sda1 18456 2968 1394398 52983 1628183 1131072 44922048 7437953 0 2144713 8049708 174864 3354 113729624 558770 0 0\n   8      14 sda14 92 0 1232 22 0 0 0 0 0 25 22 0 0 0 0 0 0\n   8      15 sda15 182 1655 17670 78 2 0 2 0 0 63 81 1 1 201276 2 0 0\n   8      16 sdb 319 1 19490 98 233 1045 402016 18688 0 1194 18796 69 68 33069976 9 0 0\n   8      17 sdb1 110 1 6474 71 233 1045 402016 18688 0 1205 18769 69 68 33069976 9 0 0\n  11       0 sr0 78 0 560 15 0 0 0 0 0 12 15 0 0 0 0 0 0\n"}
{"timestamp":1768156497,"subsystem":"statfs[*]","measurement":"{\"mount_point\":\"/\",\"block_size\":4096,\"blocks_total\":7574544,\"blocks_free\":6448573,\"blocks_available\":6444477}\n{\"mount_point\":\"/boot/efi\",\"block_size\":512,\"blocks_total\":213663,\"blocks_free\":201276,\"blocks_available\":201276}\n{\"mount_point\":\"/mnt\",\"block_size\":4096,\"blocks_total\":2038135,\"blocks_free\":2038128,\"blocks_available\":1929200}\n"}
{"timestamp":1768156502,"subsystem":"/proc/cpuinfo","measurement":"processor\t: 0\nvendor_id\t: GenuineIntel\ncpu family\t: 6\nmodel\t\t: 85\nmodel name\t: Intel(R) Xeon(R) Platinum 8272CL CPU @ 2.60GHz\nstepping\t: 7\nmicrocode\t: 0xffffffff\ncpu MHz\t\t: 2992.939\ncache size\t: 36608 KB\nphysical id\t: 0\nsiblings\t: 2\ncore id\t\t: 0\ncpu cores\t: 2\napicid\t\t: 0\ninitial apicid\t: 0\nfpu\t\t: yes\nfpu_exception\t: yes\ncpuid level\t: 22\nwp\t\t: yes\nflags\t\t: fpu vme de pse tsc msr pae mce cx8 apic sep mtrr pge mca cmov pat pse36 clflush mmx fxsr sse sse2 ss ht syscall nx pdpe1gb rdtscp lm constant_tsc rep_good nopl xtopology tsc_reliable nonstop_tsc cpuid aperfmperf tsc_known_freq pni pclmulqdq ssse3 fma cx16 pcid sse4_1 sse4_2 x2apic movbe popcnt tsc_deadline_timer aes xsave avx f16c rdrand hypervisor lahf_lm abm 3dnowprefetch fsgsbase tsc_adjust bmi1 hle avx2 smep bmi2 erms invpcid rtm avx512f avx512dq rdseed adx smap clflushopt clwb avx512cd avx512bw avx512vl xsaveopt xsavec xgetbv1 xsaves avx512_vnni arch_capabilities\nbugs\t\t: spectre_v1 spectre_v2 spec_store_bypass swapgs taa mmio_stale_data retbleed bhi\nbogomips\t: 5187.80\nclflush size\t: 64\ncache_alignment\t: 64\naddress sizes\t: 46 bits physical, 48 bits virtual\npower management:\n\nprocessor\t: 1\nvendor_id\t: GenuineIntel\ncpu family\t: 6\nmodel\t\t: 85\nmodel name\t: Intel(R) Xeon(R) Platinum 8272CL CPU @ 2.60GHz\nstepping\t: 7\nmicrocode\t: 0xffffffff\ncpu MHz\t\t: 2992.934\ncache size\t: 36608 KB\nphysical id\t: 0\nsiblings\t: 2\ncore id\t\t: 1\ncpu cores\t: 2\napicid\t\t: 1\ninitial apicid\t: 1\nfpu\t\t: yes\nfpu_exception\t: yes\ncpuid level\t: 22\nwp\t\t: yes\nflags\t\t: fpu vme de pse tsc msr pae mce cx8 apic sep mtrr pge mca cmov pat pse36 clflush mmx fxsr sse sse2 ss ht syscall nx pdpe1gb rdtscp lm constant_tsc rep_good nopl xtopology tsc_reliable nonstop_tsc cpuid aperfmperf tsc_known_freq pni pclmulqdq ssse3 fma cx16 pcid sse4_1 sse4_2 x2apic movbe popcnt tsc_deadline_timer aes xsave avx f16c rdrand hypervisor lahf_lm abm 3dnowprefetch fsgsbase tsc_adjust bmi1 hle avx2 smep bmi2 erms invpcid rtm avx512f avx512dq rdseed adx smap clflushopt clwb avx512cd avx512bw avx512vl xsaveopt xsavec xgetbv1 xsaves avx512_vnni arch_capabilities\nbugs\t\t: spectre_v1 spectre_v2 spec_store_bypass swapgs taa mmio_stale_data retbleed bhi\nbogomips\t: 5187.80\nclflush size\t: 64\ncache_alignment\t: 64\naddress sizes\t: 46 bits physical, 48 bits virtual\npower management:\n\n"}
{"timestamp":1768156502,"subsystem":"/proc/stat","measurement":"cpu  403227 7673 167296 204704818 182431 0 9674 0 0 0\ncpu0 192787 3835 65221 102377953 88797 0 5493 0 0 0\ncpu1 210439 3838 102075 102326864 93633 0 4180 0 0 0\nintr 82654163 0 0 0 0 2588 0 0 0 0 0 0 0 0 0 0 0 0 0 0 0 0 0 0 0 0 0 0 0 0 0 0 0 0 0 0 0 0 0 0 0 0 0 0 0 0 0 0 0 0 0 0 0 0 0 0 0 0 0 0 0 0 0 0 0 0 0 0 0 0 0 0 0 0 0 0 0 0 0 0 0 0 0 0 0 0 0 0 0 0 0 0 0 0 0 0 0 0 0 0 0 0 0 0 0 0 0 0 0 0 0 0 0 0 0 0 0 0 0 0 0 0 0 0 0 0 0 0 0 0 0 0 0 0 0 0 0 0 0 0 0 0 0 0 0 0 0 0 0 0 0 0 0 0 0 0 0 0 0 0 0 0 0 0 0 0 0 0 0 0 0 0 0 0 0 0 0 0 0 0 0 0 0 0 0 0 0 0 0 0 0 0 0 0 0 0 0 0 0 0 0 0 0 0 0 0 0 0 0 0 0 0 0 0 0 0 0 0 0 0 0 0 0 0 0 0 0 0 0 0 0 0 0 0 0 0 0 0 0 0 0 0 0 0 0 0 0 0 0 0 0 0 0 0 0 0 0 0 0 0 0 0 0 0 0 0 0 0 0 0 0 0 0 0 0 0 0 0 0 0 0 0 0 0 0 0 0 0 0 0 0 0 0 0 0 0 0 0 0 0 0 0 0 0 0 0 0 0 0 0 0 0 0 0 0 0 0 0 0 0 0 0 0 0 0 0 0 0 0 0 0 0 0 0 0 0 0 0 0 0 0 0 0 0 0 0 0 0 0 0 0 0 0 0 0 0 0 0 0 0 0 0 0 0 0 0 0 0 0 0 0 0 0 0 0 0 0 0 0 0 0 0 0 0 0 0 0 0 0 0 0 0 0 0 0 0 0 0 0 0 0 0 0 0 0 0 0 0 0 0 0 0 0 0 0 0 0 0 0 0 0 0 0 0 0 0 0 0 0 0 0 0 0 0 0 0 0 0 0 0 0\nctxt 114896895\nbtime 1767127868\nprocesses 164197\nprocs_running 4\nprocs_blocked 0\nsoftirq 79197248 0 20969336 156 10231362 869 0 14705275 24061494 449 9228307\n"}
{"timestamp":1768156502,"subsystem":"/proc/meminfo","measurement":"MemTotal:        3960648 kB\nMemFree:          354020 kB\nMemAvailable:    3189584 kB\nBuffers:          113912 kB\nCached:          2844592 kB\nSwapCached:            0 kB\nActive:           672008 kB\nInactive:        2511664 kB\nActive(anon):     224260 kB\nInactive(anon):    14524 kB\nActive(file):     447748 kB\nInactive(file):  2497140 kB\nUnevictable:       30896 kB\nMlocked:           27824 kB\nSwapTotal:             0 kB\nSwapFree:              0 kB\nZswap:                 0 kB\nZswapped:              0 kB\nDirty:               236 kB\nWriteback:             0 kB\nAnonPages:        256032 kB\nMapped:           182052 kB\nShmem:              4552 kB\nKReclaimable:     188020 kB\nSlab:             281568 kB\nSReclaimable:     188020 kB\nSUnreclaim:        93548 kB\nKernelStack:        2912 kB\nPageTables:         4392 kB\nSecPageTables:         0 kB\nNFS_Unstable:          0 kB\nBounce:                0 kB\nWritebackTmp:          0 kB\nCommitLimit:     1980324 kB\nCommitted_AS:     931496 kB\nVmallocTotal:   34359738367 kB\nVmallocUsed:       37012 kB\nVmallocChunk:          0 kB\nPercpu:             5616 kB\nHardwareCorrupted:     0 kB\nAnonHugePages:    139264 kB\nShmemHugePages:        0 kB\nShmemPmdMapped:        0 kB\nFileHugePages:         0 kB\nFilePmdMapped:         0 kB\nUnaccepted:            0 kB\nHugePages_Total:       0\nHugePages_Free:        0\nHugePages_Rsvd:        0\nHugePages_Surp:        0\nHugepagesize:       2048 kB\nHugetlb:               0 kB\nDirectMap4k:      126156 kB\nDirectMap2M:     2967552 kB\nDirectMap1G:     3145728 kB\n"}
