{"timestamp":1768156071,"subsystem":"/proc/cpuinfo","measurement":"processor\t: 0\nvendor_id\t: AuthenticAMD\ncpu family\t: 25\nmodel\t\t: 17\nmodel name\t: AMD EPYC 9J14 96-Core Processor\nstepping\t: 1\nmicrocode\t: 0xa101154\ncpu MHz\t\t: 2596.098\ncache size\t: 512 KB\nphysical id\t: 0\nsiblings\t: 2\ncore id\t\t: 0\ncpu cores\t: 1\napicid\t\t: 0\ninitial apicid\t: 0\nfpu\t\t: yes\nfpu_exception\t: yes\ncpuid level\t: 16\nwp\t\t: yes\nflags\t\t: fpu vme de pse tsc msr pae mce cx8 apic sep mtrr pge mca cmov pat pse36 clflush mmx fxsr sse sse2 ht syscall nx mmxext fxsr_opt pdpe1gb rdtscp lm rep_good nopl xtopology cpuid extd_apicid tsc_known_freq pni pclmulqdq ssse3 fma cx16 pcid sse4_1 sse4_2 x2apic movbe popcnt tsc_deadline_timer aes xsave avx f16c rdrand hypervisor lahf_lm cmp_legacy svm cr8_legacy abm sse4a misalignsse 3dnowprefetch osvw topoext perfctr_core ssbd ibrs ibpb stibp vmmcall fsgsbase tsc_adjust bmi1 avx2 smep bmi2 erms invpcid avx512f avx512dq rdseed adx smap avx512ifma clflushopt clwb avx512cd sha_ni avx512bw avx512vl xsaveopt xsavec xgetbv1 xsaves avx512_bf16 clzero xsaveerptr wbnoinvd arat npt nrip_save vgif vnmi avx512vbmi umip pku ospke avx512_vbmi2 gfni vaes vpclmulqdq avx512_vnni avx512_bitalg avx512_vpopcntdq la57 rdpid overflow_recov succor fsrm arch_capabilities\nbugs\t\t: sysret_ss_attrs null_seg spectre_v1 spectre_v2 spec_store_bypass srso ibpb_no_ret tsa\nbogomips\t: 5192.19\nTLB size\t: 1024 4K pages\nclflush size\t: 64\ncache_alignment\t: 64\naddress sizes\t: 40 bits physical, 57 bits virtual\npower management:\n\nprocessor\t: 1\nvendor_id\t: AuthenticAMD\ncpu family\t: 25\nmodel\t\t: 17\nmodel name\t: AMD EPYC 9J14 96-Core Processor\nstepping\t: 1\nmicrocode\t: 0xa101154\ncpu MHz\t\t: 2596.098\ncache size\t: 512 KB\nphysical id\t: 0\nsiblings\t: 2\ncore id\t\t: 0\ncpu cores\t: 1\napicid\t\t: 1\ninitial apicid\t: 1\nfpu\t\t: yes\nfpu_exception\t: yes\ncpuid level\t: 16\nwp\t\t: yes\nflags\t\t: fpu vme de pse tsc msr pae mce cx8 apic sep mtrr pge mca cmov pat pse36 clflush mmx fxsr sse sse2 ht syscall nx mmxext fxsr_opt pdpe1gb rdtscp lm rep_good nopl xtopology cpuid extd_apicid tsc_known_freq pni pclmulqdq ssse3 fma cx16 pcid sse4_1 sse4_2 x2apic movbe popcnt tsc_deadline_timer aes xsave avx f16c rdrand hypervisor lahf_lm cmp_legacy svm cr8_legacy abm sse4a misalignsse 3dnowprefetch osvw topoext perfctr_core ssbd ibrs ibpb stibp vmmcall fsgsbase tsc_adjust bmi1 avx2 smep bmi2 erms invpcid avx512f avx512dq rdseed adx smap avx512ifma clflushopt clwb avx512cd sha_ni avx512bw avx512vl xsaveopt xsavec xgetbv1 xsaves avx512_bf16 clzero xsaveerptr wbnoinvd arat npt nrip_save vgif vnmi avx512vbmi umip pku ospke avx512_vbmi2 gfni vaes vpclmulqdq avx512_vnni avx512_bitalg avx512_vpopcntdq la57 rdpid overflow_recov succor fsrm arch_capabilities\nbugs\t\t: sysret_ss_attrs null_seg spectre_v1 spectre_v2 spec_store_bypass srso ibpb_no_ret tsa\nbogomips\t: 5192.19\nTLB size\t: 1024 4K pages\nclflush size\t: 64\ncache_alignment\t: 64\naddress sizes\t: 40 bits physical, 57 bits virtual\npower management:\n\n"}
{"timestamp":1768156071,"subsystem":"/proc/stat","measurement":"cpu  1164 132 1293 24954 1042 0 5 135 0 0\ncpu0 570 55 693 12428 526 0 3 78 0 0\ncpu1 593 77 600 12526 515 0 2 57 0 0\nintr 87428 68 9 0 0 988 0 0 0 0 0 0 0 15 0 0 0 0 0 0 29 0 0 0 0 0 0 0 0 0 0 0 0 0 0 0 0 0 0 0 0 0 0 0 0 0 0 0 0 0 0 0 0 5339 4562 0 2058 1836 0 0 0 0 0 0 0 0 0 0 0 0 0 0 0 0 0 0 0 0 0 0 0 0 0 0 0 0 0 0 0 0 0 0 0 0 0 0 0 0 0 0 0 0 0 0 0 0 0 0 0 0 0 0 0 0 0 0 0 0 0 0 0 0 0 0 0 0 0 0 0 0 0 0 0 0 0 0 0 0 0 0 0 0 0 0 0 0 0 0 0 0 0 0 0 0 0 0 0 0 0 0 0 0 0 0 0 0 0 0 0 0 0 0 0 0 0 0 0 0 0 0 0 0 0 0 0 0 0 0 0 0 0 0 0 0 0 0 0 0 0 0 0 0 0 0 0 0 0 0 0 0 0 0 0 0 0 0 0 0 0 0 0 0 0 0 0 0 0 0 0 0 0 0 0 0 0 0 0 0 0 0 0 0 0 0 0 0 0 0 0 0 0 0 0 0 0 0 0 0 0 0 0 0 0 0 0 0 0 0 0 0 0 0 0 0 0 0 0 0 0 0 0 0 0 0 0 0 0 0 0 0 0 0 0 0 0 0 0 0 0 0 0 0 0 0 0 0 0 0 0 0 0 0 0 0 0 0 0 0 0 0 0 0 0 0 0 0 0 0 0 0 0 0 0 0 0 0 0 0 0 0 0 0 0 0 0 0 0 0 0 0 0 0 0 0 0 0 0 0 0 0 0 0 0 0 0 0 0 0 0 0 0 0 0 0 0 0 0 0 0 0 0 0 0 0 0 0 0 0 0 0 0 0 0 0 0 0 0 0 0 0 0 0 0 0 0 0 0 0 0 0 0 0 0 0 0 0 0 0 0 0 0 0 0 0 0 0 0 0 0 0 0 0 0 0 0 0 0 0 0 0 0\nctxt 116712\nbtime 1768155927\nprocesses 2299\nprocs_running 1\nprocs_blocked 0\nsoftirq 58514 6 8338 10 3581 1446 0 119 9845 0 35169\n"}
{"timestamp":1768156071,"subsystem":"/proc/meminfo","measurement":"MemTotal:        4004576 kB\nMemFree:         2539136 kB\nMemAvailable:    3410168 kB\nBuffers:           29968 kB\nCached:          1052420 kB\nSwapCached:            0 kB\nActive:           751940 kB\nInactive:         512836 kB\nActive(anon):     202412 kB\nInactive(anon):        0 kB\nActive(file):     549528 kB\nInactive(file):   512836 kB\nUnevictable:       39208 kB\nMlocked:           35208 kB\nSwapTotal:             0 kB\nSwapFree:              0 kB\nZswap:                 0 kB\nZswapped:              0 kB\nDirty:               460 kB\nWriteback:             0 kB\nAnonPages:        221596 kB\nMapped:           261724 kB\nShmem:              5312 kB\nKReclaimable:      32732 kB\nSlab:              92328 kB\nSReclaimable:      32732 kB\nSUnreclaim:        59596 kB\nKernelStack:        4112 kB\nPageTables:         5052 kB\nSecPageTables:         0 kB\nNFS_Unstable:          0 kB\nBounce:                0 kB\nWritebackTmp:          0 kB\nCommitLimit:     2002288 kB\nCommitted_AS:    1907184 kB\nVmallocTotal:   13743895347199 kB\nVmallocUsed:       20772 kB\nVmallocChunk:          0 kB\nPercpu:             1088 kB\nHardwareCorrupted:     0 kB\nAnonHugePages:         0 kB\nShmemHugePages:        0 kB\nShmemPmdMapped:        0 kB\nFileHugePages:         0 kB\nFilePmdMapped:         0 kB\nUnaccepted:            0 kB\nHugePages_Total:       0\nHugePages_Free:        0\nHugePages_Rsvd:        0\nHugePages_Surp:        0\nHugepagesize:       2048 kB\nHugetlb:               0 kB\nDirectMap4k:      123816 kB\nDirectMap2M:     4065280 kB\nDirectMap1G:     2097152 kB\n"}
{"timestamp":1768156071,"subsystem":"/proc/net/dev","measurement":"Inter-|   Receive                                                |  Transmit\n face |bytes    packets errs drop fifo frame compressed multicast|bytes    packets errs drop fifo colls carrier compressed\n    lo:   11665      78    0    0    0     0          0         0    11665      78    0    0    0     0       0          0\nenp0s5: 5017758    2415    0    0    0     0          0         0   339958    1895    0    0    0     0       0          0\ndocker0:       0       0    0    0    0     0          0         0        0       0    0    2    0     0       0          0\n"}
{"timestamp":1768156071,"subsystem":"/proc/diskstats","measurement":"   7       0 loop0 41 0 688 13 0 0 0 0 0 12 13 0 0 0 0 0 0\n   7       1 loop1 48 0 716 39 0 0 0 0 0 34 39 0 0 0 0 0 0\n   7       2 loop2 681 0 52074 411 0 0 0 0 0 351 411 0 0 0 0 0 0\n   7       3 loop3 43 0 692 21 0 0 0 0 0 17 21 0 0 0 0 0 0\n   7       4 loop4 631 0 46376 3200 0 0 0 0 0 2172 3200 0 0 0 0 0 0\n   7       5 loop5 10 0 20 0 0 0 0 0 0 0 0 0 0 0 0 0 0\n   7       6 loop6 0 0 0 0 0 0 0 0 0 0 0 0 0 0 0 0 0\n   7       7 loop7 0 0 0 0 0 0 0 0 0 0 0 0 0 0 0 0 0\n   8       0 sda 8793 4150 1784398 38207 2175 4505 623066 129036 0 12491 167333 148 31 910224 89 0 0\n   8       1 sda1 8145 3444 1742559 37910 2147 4425 622748 129015 0 14355 167016 148 31 910224 89 0 0\n   8      14 sda14 109 0 1120 39 0 0 0 0 0 36 39 0 0 0 0 0 0\n   8      15 sda15 200 675 19334 97 3 0 10 2 0 59 99 0 0 0 0 0 0\n 259       0 sda16 239 31 17545 112 25 80 308 18 0 96 131 0 0 0 0 0 0\n"}
{"timestamp":1768156071,"subsystem":"statfs[*]","measurement":"{\"mount_point\":\"/\",\"block_size\":4096,\"blocks_total\":12422878,\"blocks_free\":11448586,\"blocks_available\":11444490}\n{\"mount_point\":\"/boot\",\"block_size\":4096,\"blocks_total\":225380,\"blocks_free\":186421,\"blocks_available\":170639}\n{\"mount_point\":\"/boot/efi\",\"block_size\":512,\"blocks_total\":213663,\"blocks_free\":201164,\"blocks_available\":201164}\n"}
{"timestamp":1768156076,"subsystem":"/proc/cpuinfo","measurement":"processor\t: 0\nvendor_id\t: AuthenticAMD\ncpu family\t: 25\nmodel\t\t: 17\nmodel name\t: AMD EPYC 9J14 96-Core Processor\nstepping\t: 1\nmicrocode\t: 0xa101154\ncpu MHz\t\t: 2596.098\ncache size\t: 512 KB\nphysical id\t: 0\nsiblings\t: 2\ncore id\t\t: 0\ncpu cores\t: 1\napicid\t\t: 0\ninitial apicid\t: 0\nfpu\t\t: yes\nfpu_exception\t: yes\ncpuid level\t: 16\nwp\t\t: yes\nflags\t\t: fpu vme de pse tsc msr pae mce cx8 apic sep mtrr pge mca cmov pat pse36 clflush mmx fxsr sse sse2 ht syscall nx mmxext fxsr_opt pdpe1gb rdtscp lm rep_good nopl xtopology cpuid extd_apicid tsc_known_freq pni pclmulqdq ssse3 fma cx16 pcid sse4_1 sse4_2 x2apic movbe popcnt tsc_deadline_timer aes xsave avx f16c rdrand hypervisor lahf_lm cmp_legacy svm cr8_legacy abm sse4a misalignsse 3dnowprefetch osvw topoext perfctr_core ssbd ibrs ibpb stibp vmmcall fsgsbase tsc_adjust bmi1 avx2 smep bmi2 erms invpcid avx512f avx512dq rdseed adx smap avx512ifma clflushopt clwb avx512cd sha_ni avx512bw avx512vl xsaveopt xsavec xgetbv1 xsaves avx512_bf16 clzero xsaveerptr wbnoinvd arat npt nrip_save vgif vnmi avx512vbmi umip pku ospke avx512_vbmi2 gfni vaes vpclmulqdq avx512_vnni avx512_bitalg avx512_vpopcntdq la57 rdpid overflow_recov succor fsrm arch_capabilities\nbugs\t\t: sysret_ss_attrs null_seg spectre_v1 spectre_v2 spec_store_bypass srso ibpb_no_ret tsa\nbogomips\t: 5192.19\nTLB size\t: 1024 4K pages\nclflush size\t: 64\ncache_alignment\t: 64\naddress sizes\t: 40 bits physical, 57 bits virtual\npower management:\n\nprocessor\t: 1\nvendor_id\t: AuthenticAMD\ncpu family\t: 25\nmodel\t\t: 17\nmodel name\t: AMD EPYC 9J14 96-Core Processor\nstepping\t: 1\nmicrocode\t: 0xa101154\ncpu MHz\t\t: 2596.098\ncache size\t: 512 KB\nphysical id\t: 0\nsiblings\t: 2\ncore id\t\t: 0\ncpu cores\t: 1\napicid\t\t: 1\ninitial apicid\t: 1\nfpu\t\t: yes\nfpu_exception\t: yes\ncpuid level\t: 16\nwp\t\t: yes\nflags\t\t: fpu vme de pse tsc msr pae mce cx8 apic sep mtrr pge mca cmov pat pse36 clflush mmx fxsr sse sse2 ht syscall nx mmxext fxsr_opt pdpe1gb rdtscp lm rep_good nopl xtopology cpuid extd_apicid tsc_known_freq pni pclmulqdq ssse3 fma cx16 pcid sse4_1 sse4_2 x2apic movbe popcnt tsc_deadline_timer aes xsave avx f16c rdrand hypervisor lahf_lm cmp_legacy svm cr8_legacy abm sse4a misalignsse 3dnowprefetch osvw topoext perfctr_core ssbd ibrs ibpb stibp vmmcall fsgsbase tsc_adjust bmi1 avx2 smep bmi2 erms invpcid avx512f avx512dq rdseed adx smap avx512ifma clflushopt clwb avx512cd sha_ni avx512bw avx512vl xsaveopt xsavec xgetbv1 xsaves avx512_bf16 clzero xsaveerptr wbnoinvd arat npt nrip_save vgif vnmi avx512vbmi umip pku ospke avx512_vbmi2 gfni vaes vpclmulqdq avx512_vnni avx512_bitalg avx512_vpopcntdq la57 rdpid overflow_recov succor fsrm arch_capabilities\nbugs\t\t: sysret_ss_attrs null_seg spectre_v1 spectre_v2 spec_store_bypass srso ibpb_no_ret tsa\nbogomips\t: 5192.19\nTLB size\t: 1024 4K pages\nclflush size\t: 64\ncache_alignment\t: 64\naddress sizes\t: 40 bits physical, 57 bits virtual\npower management:\n\n"}
{"timestamp":1768156076,"subsystem":"/proc/stat","measurement":"cpu  1166 132 1295 25947 1044 0 5 135 0 0\ncpu0 571 55 694 12923 528 0 3 78 0 0\ncpu1 594 77 600 13024 515 0 2 57 0 0\nintr 88170 68 9 0 0 988 0 0 0 0 0 0 0 15 0 0 0 0 0 0 29 0 0 0 0 0 0 0 0 0 0 0 0 0 0 0 0 0 0 0 0 0 0 0 0 0 0 0 0 0 0 0 0 5373 4564 0 2061 1842 0 0 0 0 0 0 0 0 0 0 0 0 0 0 0 0 0 0 0 0 0 0 0 0 0 0 0 0 0 0 0 0 0 0 0 0 0 0 0 0 0 0 0 0 0 0 0 0 0 0 0 0 0 0 0 0 0 0 0 0 0 0 0 0 0 0 0 0 0 0 0 0 0 0 0 0 0 0 0 0 0 0 0 0 0 0 0 0 0 0 0 0 0 0 0 0 0 0 0 0 0 0 0 0 0 0 0 0 0 0 0 0 0 0 0 0 0 0 0 0 0 0 0 0 0 0 0 0 0 0 0 0 0 0 0 0 0 0 0 0 0 0 0 0 0 0 0 0 0 0 0 0 0 0 0 0 0 0 0 0 0 0 0 0 0 0 0 0 0 0 0 0 0 0 0 0 0 0 0 0 0 0 0 0 0 0 0 0 0 0 0 0 0 0 0 0 0 0 0 0 0 0 0 0 0 0 0 0 0 0 0 0 0 0 0 0 0 0 0 0 0 0 0 0 0 0 0 0 0 0 0 0 0 0 0 0 0 0 0 0 0 0 0 0 0 0 0 0 0 0 0 0 0 0 0 0 0 0 0 0 0 0 0 0 0 0 0 0 0 0 0 0 0 0 0 0 0 0 0 0 0 0 0 0 0 0 0 0 0 0 0 0 0 0 0 0 0 0 0 0 0 0 0 0 0 0 0 0 0 0 0 0 0 0 0 0 0 0 0 0 0 0 0 0 0 0 0 0 0 0 0 0 0 0 0 0 0 0 0 0 0 0 0 0 0 0 0 0 0 0 0 0 0 0 0 0 0 0 0 0 0 0 0 0 0 0 0 0 0 0 0 0 0 0 0 0 0 0 0 0 0 0 0\nctxt 117675\nbtime 1768155927\nprocesses 2305\nprocs_running 4\nprocs_blocked 0\nsoftirq 58901 6 8472 10 3588 1446 0 119 9998 0 35262\n"}
{"timestamp":1768156076,"subsystem":"/proc/meminfo","measurement":"MemTotal:        4004576 kB\nMemFree:         2538692 kB\nMemAvailable:    3416044 kB\nBuffers:           29972 kB\nCached:          1058792 kB\nSwapCached:            0 kB\nActive:           757232 kB\nInactive:         513660 kB\nActive(anon):     202276 kB\nInactive(anon):        0 kB\nActive(file):     554956 kB\nInactive(file):   513660 kB\nUnevictable:       39208 kB\nMlocked:           35208 kB\nSwapTotal:             0 kB\nSwapFree:              0 kB\nZswap:                 0 kB\nZswapped:              0 kB\nDirty:               468 kB\nWriteback:             0 kB\nAnonPages:        221544 kB\nMapped:           262000 kB\nShmem:              5312 kB\nKReclaimable:      32868 kB\nSlab:              92480 kB\nSReclaimable:      32868 kB\nSUnreclaim:        59612 kB\nKernelStack:        4112 kB\nPageTables:         5056 kB\nSecPageTables:         0 kB\nNFS_Unstable:          0 kB\nBounce:                0 kB\nWritebackTmp:          0 kB\nCommitLimit:     2002288 kB\nCommitted_AS:    1913916 kB\nVmallocTotal:   13743895347199 kB\nVmallocUsed:       20804 kB\nVmallocChunk:          0 kB\nPercpu:             1088 kB\nHardwareCorrupted:     0 kB\nAnonHugePages:         0 kB\nShmemHugePages:        0 kB\nShmemPmdMapped:        0 kB\nFileHugePages:         0 kB\nFilePmdMapped:         0 kB\nUnaccepted:            0 kB\nHugePages_Total:       0\nHugePages_Free:        0\nHugePages_Rsvd:        0\nHugePages_Surp:        0\nHugepagesize:       2048 kB\nHugetlb:               0 kB\nDirectMap4k:      123816 kB\nDirectMap2M:     4065280 kB\nDirectMap1G:     2097152 kB\n"}
{"timestamp":1768156076,"subsystem":"/proc/net/dev","measurement":"Inter-|   Receive                                                |  Transmit\n face |bytes    packets errs drop fifo frame compressed multicast|bytes    packets errs drop fifo colls carrier compressed\n    lo:   11665      78    0    0    0     0          0         0    11665      78    0    0    0     0       0          0\nenp0s5: 5018088    2420    0    0    0     0          0         0   340572    1902    0    0    0     0       0          0\ndocker0:       0       0    0    0    0     0          0         0        0       0    0    2    0     0       0          0\n"}
{"timestamp":1768156076,"subsystem":"/proc/diskstats","measurement":"   7       0 loop0 41 0 688 13 0 0 0 0 0 12 13 0 0 0 0 0 0\n   7       1 loop1 48 0 716 39 0 0 0 0 0 34 39 0 0 0 0 0 0\n   7       2 loop2 681 0 52074 411 0 0 0 0 0 351 411 0 0 0 0 0 0\n   7       3 loop3 43 0 692 21 0 0 0 0 0 17 21 0 0 0 0 0 0\n   7       4 loop4 631 0 46376 3200 0 0 0 0 0 2172 3200 0 0 0 0 0 0\n   7       5 loop5 10 0 20 0 0 0 0 0 0 0 0 0 0 0 0 0 0\n   7       6 loop6 0 0 0 0 0 0 0 0 0 0 0 0 0 0 0 0 0\n   7       7 loop7 0 0 0 0 0 0 0 0 0 0 0 0 0 0 0 0 0\n   8       0 sda 8830 4152 1793142 38231 2175 4505 623066 129036 0 12511 167358 148 31 910224 89 0 0\n   8       1 sda1 8182 3446 1751303 37935 2147 4425 622748 129015 2 14376 167040 148 31 910224 89 0 0\n   8      14 sda14 109 0 1120 39 0 0 0 0 0 36 39 0 0 0 0 0 0\n   8      15 sda15 200 675 19334 97 3 0 10 2 0 59 99 0 0 0 0 0 0\n 259       0 sda16 239 31 17545 112 25 80 308 18 0 96 131 0 0 0 0 0 0\n"}
{"timestamp":1768156076,"subsystem":"statfs[*]","measurement":"{\"mount_point\":\"/\",\"block_size\":4096,\"blocks_total\":12422878,\"blocks_free\":11448584,\"blocks_available\":11444488}\n{\"mount_point\":\"/boot\",\"block_size\":4096,\"blocks_total\":225380,\"blocks_free\":186421,\"blocks_available\":170639}\n{\"mount_point\":\"/boot/efi\",\"block_size\":512,\"blocks_total\":213663,\"blocks_free\":201164,\"blocks_available\":201164}\n"}
{"timestamp":1768156081,"subsystem":"/proc/cpuinfo","measurement":"processor\t: 0\nvendor_id\t: AuthenticAMD\ncpu family\t: 25\nmodel\t\t: 17\nmodel name\t: AMD EPYC 9J14 96-Core Processor\nstepping\t: 1\nmicrocode\t: 0xa101154\ncpu MHz\t\t: 2596.098\ncache size\t: 512 KB\nphysical id\t: 0\nsiblings\t: 2\ncore id\t\t: 0\ncpu cores\t: 1\napicid\t\t: 0\ninitial apicid\t: 0\nfpu\t\t: yes\nfpu_exception\t: yes\ncpuid level\t: 16\nwp\t\t: yes\nflags\t\t: fpu vme de pse tsc msr pae mce cx8 apic sep mtrr pge mca cmov pat pse36 clflush mmx fxsr sse sse2 ht syscall nx mmxext fxsr_opt pdpe1gb rdtscp lm rep_good nopl xtopology cpuid extd_apicid tsc_known_freq pni pclmulqdq ssse3 fma cx16 pcid sse4_1 sse4_2 x2apic movbe popcnt tsc_deadline_timer aes xsave avx f16c rdrand hypervisor lahf_lm cmp_legacy svm cr8_legacy abm sse4a misalignsse 3dnowprefetch osvw topoext perfctr_core ssbd ibrs ibpb stibp vmmcall fsgsbase tsc_adjust bmi1 avx2 smep bmi2 erms invpcid avx512f avx512dq rdseed adx smap avx512ifma clflushopt clwb avx512cd sha_ni avx512bw avx512vl xsaveopt xsavec xgetbv1 xsaves avx512_bf16 clzero xsaveerptr wbnoinvd arat npt nrip_save vgif vnmi avx512vbmi umip pku ospke avx512_vbmi2 gfni vaes vpclmulqdq avx512_vnni avx512_bitalg avx512_vpopcntdq la57 rdpid overflow_recov succor fsrm arch_capabilities\nbugs\t\t: sysret_ss_attrs null_seg spectre_v1 spectre_v2 spec_store_bypass srso ibpb_no_ret tsa\nbogomips\t: 5192.19\nTLB size\t: 1024 4K pages\nclflush size\t: 64\ncache_alignment\t: 64\naddress sizes\t: 40 bits physical, 57 bits virtual\npower management:\n\nprocessor\t: 1\nvendor_id\t: AuthenticAMD\ncpu family\t: 25\nmodel\t\t: 17\nmodel name\t: AMD EPYC 9J14 96-Core Processor\nstepping\t: 1\nmicrocode\t: 0xa101154\ncpu MHz\t\t: 2596.098\ncache size\t: 512 KB\nphysical id\t: 0\nsiblings\t: 2\ncore id\t\t: 0\ncpu cores\t: 1\napicid\t\t: 1\ninitial apicid\t: 1\nfpu\t\t: yes\nfpu_exception\t: yes\ncpuid level\t: 16\nwp\t\t: yes\nflags\t\t: fpu vme de pse tsc msr pae mce cx8 apic sep mtrr pge mca cmov pat pse36 clflush mmx fxsr sse sse2 ht syscall nx mmxext fxsr_opt pdpe1gb rdtscp lm rep_good nopl xtopology cpuid extd_apicid tsc_known_freq pni pclmulqdq ssse3 fma cx16 pcid sse4_1 sse4_2 x2apic movbe popcnt tsc_deadline_timer aes xsave avx f16c rdrand hypervisor lahf_lm cmp_legacy svm cr8_legacy abm sse4a misalignsse 3dnowprefetch osvw topoext perfctr_core ssbd ibrs ibpb stibp vmmcall fsgsbase tsc_adjust bmi1 avx2 smep bmi2 erms invpcid avx512f avx512dq rdseed adx smap avx512ifma clflushopt clwb avx512cd sha_ni avx512bw avx512vl xsaveopt xsavec xgetbv1 xsaves avx512_bf16 clzero xsaveerptr wbnoinvd arat npt nrip_save vgif vnmi avx512vbmi umip pku ospke avx512_vbmi2 gfni vaes vpclmulqdq avx512_vnni avx512_bitalg avx512_vpopcntdq la57 rdpid overflow_recov succor fsrm arch_capabilities\nbugs\t\t: sysret_ss_attrs null_seg spectre_v1 spectre_v2 spec_store_bypass srso ibpb_no_ret tsa\nbogomips\t: 5192.19\nTLB size\t: 1024 4K pages\nclflush size\t: 64\ncache_alignment\t: 64\naddress sizes\t: 40 bits physical, 57 bits virtual\npower management:\n\n"}
{"timestamp":1768156081,"subsystem":"/proc/stat","measurement":"cpu  2163 132 1296 25947 1044 0 5 136 0 0\ncpu0 1070 55 695 12923 529 0 3 78 0 0\ncpu1 1093 77 601 13024 515 0 2 57 0 0\nintr 98398 68 9 0 0 988 0 0 0 0 0 0 0 15 0 0 0 0 0 0 29 0 0 0 0 0 0 0 0 0 0 0 0 0 0 0 0 0 0 0 0 0 0 0 0 0 0 0 0 0 0 0 0 5378 4566 0 2070 1848 0 0 0 0 0 0 0 0 0 0 0 0 0 0 0 0 0 0 0 0 0 0 0 0 0 0 0 0 0 0 0 0 0 0 0 0 0 0 0 0 0 0 0 0 0 0 0 0 0 0 0 0 0 0 0 0 0 0 0 0 0 0 0 0 0 0 0 0 0 0 0 0 0 0 0 0 0 0 0 0 0 0 0 0 0 0 0 0 0 0 0 0 0 0 0 0 0 0 0 0 0 0 0 0 0 0 0 0 0 0 0 0 0 0 0 0 0 0 0 0 0 0 0 0 0 0 0 0 0 0 0 0 0 0 0 0 0 0 0 0 0 0 0 0 0 0 0 0 0 0 0 0 0 0 0 0 0 0 0 0 0 0 0 0 0 0 0 0 0 0 0 0 0 0 0 0 0 0 0 0 0 0 0 0 0 0 0 0 0 0 0 0 0 0 0 0 0 0 0 0 0 0 0 0 0 0 0 0 0 0 0 0 0 0 0 0 0 0 0 0 0 0 0 0 0 0 0 0 0 0 0 0 0 0 0 0 0 0 0 0 0 0 0 0 0 0 0 0 0 0 0 0 0 0 0 0 0 0 0 0 0 0 0 0 0 0 0 0 0 0 0 0 0 0 0 0 0 0 0 0 0 0 0 0 0 0 0 0 0 0 0 0 0 0 0 0 0 0 0 0 0 0 0 0 0 0 0 0 0 0 0 0 0 0 0 0 0 0 0 0 0 0 0 0 0 0 0 0 0 0 0 0 0 0 0 0 0 0 0 0 0 0 0 0 0 0 0 0 0 0 0 0 0 0 0 0 0 0 0 0 0 0 0 0 0 0 0 0 0 0 0 0 0 0 0 0 0 0 0 0 0 0 0\nctxt 118447\nbtime 1768155927\nprocesses 2311\nprocs_running 4\nprocs_blocked 0\nsoftirq 59327 6 8619 10 3603 1446 0 119 10173 0 35351\n"}
{"timestamp":1768156081,"subsystem":"/proc/meminfo","measurement":"MemTotal:        4004576 kB\nMemFree:         2534360 kB\nMemAvailable:    3413404 kB\nBuffers:           29972 kB\nCached:          1060328 kB\nSwapCached:            0 kB\nActive:           760968 kB\nInactive:         513792 kB\nActive(anon):     204484 kB\nInactive(anon):        0 kB\nActive(file):     556484 kB\nInactive(file):   513792 kB\nUnevictable:       39208 kB\nMlocked:           35208 kB\nSwapTotal:             0 kB\nSwapFree:              0 kB\nZswap:                 0 kB\nZswapped:              0 kB\nDirty:               476 kB\nWriteback:             0 kB\nAnonPages:        223764 kB\nMapped:           262752 kB\nShmem:              5312 kB\nKReclaimable:      32936 kB\nSlab:              92608 kB\nSReclaimable:      32936 kB\nSUnreclaim:        59672 kB\nKernelStack:        4160 kB\nPageTables:         5112 kB\nSecPageTables:         0 kB\nNFS_Unstable:          0 kB\nBounce:                0 kB\nWritebackTmp:          0 kB\nCommitLimit:     2002288 kB\nCommitted_AS:    1916516 kB\nVmallocTotal:   13743895347199 kB\nVmallocUsed:       20836 kB\nVmallocChunk:          0 kB\nPercpu:             1088 kB\nHardwareCorrupted:     0 kB\nAnonHugePages:         0 kB\nShmemHugePages:        0 kB\nShmemPmdMapped:        0 kB\nFileHugePages:         0 kB\nFilePmdMapped:         0 kB\nUnaccepted:            0 kB\nHugePages_Total:       0\nHugePages_Free:        0\nHugePages_Rsvd:        0\nHugePages_Surp:        0\nHugepagesize:       2048 kB\nHugetlb:               0 kB\nDirectMap4k:      123816 kB\nDirectMap2M:     4065280 kB\nDirectMap1G:     2097152 kB\n"}
{"timestamp":1768156081,"subsystem":"/proc/net/dev","measurement":"Inter-|   Receive                                                |  Transmit\n face |bytes    packets errs drop fifo frame compressed multicast|bytes    packets errs drop fifo colls carrier compressed\n    lo:   11665      78    0    0    0     0          0         0    11665      78    0    0    0     0       0          0\nenp0s5: 5018729    2430    0    0    0     0          0         0   340991    1908    0    0    0     0       0          0\ndocker0:       0       0    0    0    0     0          0         0        0       0    0    2    0     0       0          0\n"}
{"timestamp":1768156081,"subsystem":"/proc/diskstats","measurement":"   7       0 loop0 41 0 688 13 0 0 0 0 0 12 13 0 0 0 0 0 0\n   7       1 loop1 48 0 716 39 0 0 0 0 0 34 39 0 0 0 0 0 0\n   7       2 loop2 681 0 52074 411 0 0 0 0 0 351 411 0 0 0 0 0 0\n   7       3 loop3 43 0 692 21 0 0 0 0 0 17 21 0 0 0 0 0 0\n   7       4 loop4 631 0 46376 3200 0 0 0 0 0 2172 3200 0 0 0 0 0 0\n   7       5 loop5 10 0 20 0 0 0 0 0 0 0 0 0 0 0 0 0 0\n   7       6 loop6 0 0 0 0 0 0 0 0 0 0 0 0 0 0 0 0 0\n   7       7 loop7 0 0 0 0 0 0 0 0 0 0 0 0 0 0 0 0 0\n   8       0 sda 8837 4152 1800182 38243 2176 4505 623074 129037 0 12519 167370 148 31 910224 89 0 0\n   8       1 sda1 8189 3446 1758343 37946 2148 4425 622756 129016 0 14383 167052 148 31 910224 89 0 0\n   8      14 sda14 109 0 1120 39 0 0 0 0 0 36 39 0 0 0 0 0 0\n   8      15 sda15 200 675 19334 97 3 0 10 2 0 59 99 0 0 0 0 0 0\n 259       0 sda16 239 31 17545 112 25 80 308 18 0 96 131 0 0 0 0 0 0\n"}
{"timestamp":1768156081,"subsystem":"statfs[*]","measurement":"{\"mount_point\":\"/\",\"block_size\":4096,\"blocks_total\":12422878,\"blocks_free\":11448581,\"blocks_available\":11444485}\n{\"mount_point\":\"/boot\",\"block_size\":4096,\"blocks_total\":225380,\"blocks_free\":186421,\"blocks_available\":170639}\n{\"mount_point\":\"/boot/efi\",\"block_size\":512,\"blocks_total\":213663,\"blocks_free\":201164,\"blocks_available\":201164}\n"}
{"timestamp":1768156086,"subsystem":"/proc/cpuinfo","measurement":"processor\t: 0\nvendor_id\t: AuthenticAMD\ncpu family\t: 25\nmodel\t\t: 17\nmodel name\t: AMD EPYC 9J14 96-Core Processor\nstepping\t: 1\nmicrocode\t: 0xa101154\ncpu MHz\t\t: 2596.098\ncache size\t: 512 KB\nphysical id\t: 0\nsiblings\t: 2\ncore id\t\t: 0\ncpu cores\t: 1\napicid\t\t: 0\ninitial apicid\t: 0\nfpu\t\t: yes\nfpu_exception\t: yes\ncpuid level\t: 16\nwp\t\t: yes\nflags\t\t: fpu vme de pse tsc msr pae mce cx8 apic sep mtrr pge mca cmov pat pse36 clflush mmx fxsr sse sse2 ht syscall nx mmxext fxsr_opt pdpe1gb rdtscp lm rep_good nopl xtopology cpuid extd_apicid tsc_known_freq pni pclmulqdq ssse3 fma cx16 pcid sse4_1 sse4_2 x2apic movbe popcnt tsc_deadline_timer aes xsave avx f16c rdrand hypervisor lahf_lm cmp_legacy svm cr8_legacy abm sse4a misalignsse 3dnowprefetch osvw topoext perfctr_core ssbd ibrs ibpb stibp vmmcall fsgsbase tsc_adjust bmi1 avx2 smep bmi2 erms invpcid avx512f avx512dq rdseed adx smap avx512ifma clflushopt clwb avx512cd sha_ni avx512bw avx512vl xsaveopt xsavec xgetbv1 xsaves avx512_bf16 clzero xsaveerptr wbnoinvd arat npt nrip_save vgif vnmi avx512vbmi umip pku ospke avx512_vbmi2 gfni vaes vpclmulqdq avx512_vnni avx512_bitalg avx512_vpopcntdq la57 rdpid overflow_recov succor fsrm arch_capabilities\nbugs\t\t: sysret_ss_attrs null_seg spectre_v1 spectre_v2 spec_store_bypass srso ibpb_no_ret tsa\nbogomips\t: 5192.19\nTLB size\t: 1024 4K pages\nclflush size\t: 64\ncache_alignment\t: 64\naddress sizes\t: 40 bits physical, 57 bits virtual\npower management:\n\nprocessor\t: 1\nvendor_id\t: AuthenticAMD\ncpu family\t: 25\nmodel\t\t: 17\nmodel name\t: AMD EPYC 9J14 96-Core Processor\nstepping\t: 1\nmicrocode\t: 0xa101154\ncpu MHz\t\t: 2596.098\ncache size\t: 512 KB\nphysical id\t: 0\nsiblings\t: 2\ncore id\t\t: 0\ncpu cores\t: 1\napicid\t\t: 1\ninitial apicid\t: 1\nfpu\t\t: yes\nfpu_exception\t: yes\ncpuid level\t: 16\nwp\t\t: yes\nflags\t\t: fpu vme de pse tsc msr pae mce cx8 apic sep mtrr pge mca cmov pat pse36 clflush mmx fxsr sse sse2 ht syscall nx mmxext fxsr_opt pdpe1gb rdtscp lm rep_good nopl xtopology cpuid extd_apicid tsc_known_freq pni pclmulqdq ssse3 fma cx16 pcid sse4_1 sse4_2 x2apic movbe popcnt tsc_deadline_timer aes xsave avx f16c rdrand hypervisor lahf_lm cmp_legacy svm cr8_legacy abm sse4a misalignsse 3dnowprefetch osvw topoext perfctr_core ssbd ibrs ibpb stibp vmmcall fsgsbase tsc_adjust bmi1 avx2 smep bmi2 erms invpcid avx512f avx512dq rdseed adx smap avx512ifma clflushopt clwb avx512cd sha_ni avx512bw avx512vl xsaveopt xsavec xgetbv1 xsaves avx512_bf16 clzero xsaveerptr wbnoinvd arat npt nrip_save vgif vnmi avx512vbmi umip pku ospke avx512_vbmi2 gfni vaes vpclmulqdq avx512_vnni avx512_bitalg avx512_vpopcntdq la57 rdpid overflow_recov succor fsrm arch_capabilities\nbugs\t\t: sysret_ss_attrs null_seg spectre_v1 spectre_v2 spec_store_bypass srso ibpb_no_ret tsa\nbogomips\t: 5192.19\nTLB size\t: 1024 4K pages\nclflush size\t: 64\ncache_alignment\t: 64\naddress sizes\t: 40 bits physical, 57 bits virtual\npower management:\n\n"}
{"timestamp":1768156086,"subsystem":"/proc/stat","measurement":"cpu  3162 132 1297 25947 1044 0 5 136 0 0\ncpu0 1570 55 695 12923 529 0 3 78 0 0\ncpu1 1592 77 602 13024 515 0 2 57 0 0\nintr 108557 68 9 0 0 988 0 0 0 0 0 0 0 15 0 0 0 0 0 0 29 0 0 0 0 0 0 0 0 0 0 0 0 0 0 0 0 0 0 0 0 0 0 0 0 0 0 0 0 0 0 0 0 5378 4566 0 2072 1850 0 0 0 0 0 0 0 0 0 0 0 0 0 0 0 0 0 0 0 0 0 0 0 0 0 0 0 0 0 0 0 0 0 0 0 0 0 0 0 0 0 0 0 0 0 0 0 0 0 0 0 0 0 0 0 0 0 0 0 0 0 0 0 0 0 0 0 0 0 0 0 0 0 0 0 0 0 0 0 0 0 0 0 0 0 0 0 0 0 0 0 0 0 0 0 0 0 0 0 0 0 0 0 0 0 0 0 0 0 0 0 0 0 0 0 0 0 0 0 0 0 0 0 0 0 0 0 0 0 0 0 0 0 0 0 0 0 0 0 0 0 0 0 0 0 0 0 0 0 0 0 0 0 0 0 0 0 0 0 0 0 0 0 0 0 0 0 0 0 0 0 0 0 0 0 0 0 0 0 0 0 0 0 0 0 0 0 0 0 0 0 0 0 0 0 0 0 0 0 0 0 0 0 0 0 0 0 0 0 0 0 0 0 0 0 0 0 0 0 0 0 0 0 0 0 0 0 0 0 0 0 0 0 0 0 0 0 0 0 0 0 0 0 0 0 0 0 0 0 0 0 0 0 0 0 0 0 0 0 0 0 0 0 0 0 0 0 0 0 0 0 0 0 0 0 0 0 0 0 0 0 0 0 0 0 0 0 0 0 0 0 0 0 0 0 0 0 0 0 0 0 0 0 0 0 0 0 0 0 0 0 0 0 0 0 0 0 0 0 0 0 0 0 0 0 0 0 0 0 0 0 0 0 0 0 0 0 0 0 0 0 0 0 0 0 0 0 0 0 0 0 0 0 0 0 0 0 0 0 0 0 0 0 0 0 0 0 0 0 0 0 0 0 0 0 0 0 0 0 0 0 0 0\nctxt 119193\nbtime 1768155927\nprocesses 2315\nprocs_running 4\nprocs_blocked 0\nsoftirq 59705 6 8765 10 3607 1446 0 119 10332 0 35420\n"}
{"timestamp":1768156086,"subsystem":"/proc/meminfo","measurement":"MemTotal:        4004576 kB\nMemFree:         2534360 kB\nMemAvailable:    3413404 kB\nBuffers:           29972 kB\nCached:          1060336 kB\nSwapCached:            0 kB\nActive:           761332 kB\nInactive:         513792 kB\nActive(anon):     204848 kB\nInactive(anon):        0 kB\nActive(file):     556484 kB\nInactive(file):   513792 kB\nUnevictable:       39208 kB\nMlocked:           35208 kB\nSwapTotal:             0 kB\nSwapFree:              0 kB\nZswap:                 0 kB\nZswapped:              0 kB\nDirty:               484 kB\nWriteback:             0 kB\nAnonPages:        224080 kB\nMapped:           262752 kB\nShmem:              5312 kB\nKReclaimable:      32936 kB\nSlab:              92608 kB\nSReclaimable:      32936 kB\nSUnreclaim:        59672 kB\nKernelStack:        4176 kB\nPageTables:         5116 kB\nSecPageTables:         0 kB\nNFS_Unstable:          0 kB\nBounce:                0 kB\nWritebackTmp:          0 kB\nCommitLimit:     2002288 kB\nCommitted_AS:    1916516 kB\nVmallocTotal:   13743895347199 kB\nVmallocUsed:       20884 kB\nVmallocChunk:          0 kB\nPercpu:             1088 kB\nHardwareCorrupted:     0 kB\nAnonHugePages:         0 kB\nShmemHugePages:        0 kB\nShmemPmdMapped:        0 kB\nFileHugePages:         0 kB\nFilePmdMapped:         0 kB\nUnaccepted:            0 kB\nHugePages_Total:       0\nHugePages_Free:        0\nHugePages_Rsvd:        0\nHugePages_Surp:        0\nHugepagesize:       2048 kB\nHugetlb:               0 kB\nDirectMap4k:      123816 kB\nDirectMap2M:     4065280 kB\nDirectMap1G:     2097152 kB\n"}
{"timestamp":1768156086,"subsystem":"/proc/net/dev","measurement":"Inter-|   Receive                                                |  Transmit\n face |bytes    packets errs drop fifo frame compressed multicast|bytes    packets errs drop fifo colls carrier compressed\n    lo:   11665      78    0    0    0     0          0         0    11665      78    0    0    0     0       0          0\nenp0s5: 5018841    2432    0    0    0     0          0         0   341075    1910    0    0    0     0       0          0\ndocker0:       0       0    0    0    0     0          0         0        0       0    0    2    0     0       0          0\n"}
{"timestamp":1768156086,"subsystem":"/proc/diskstats","measurement":"   7       0 loop0 41 0 688 13 0 0 0 0 0 12 13 0 0 0 0 0 0\n   7       1 loop1 48 0 716 39 0 0 0 0 0 34 39 0 0 0 0 0 0\n   7       2 loop2 681 0 52074 411 0 0 0 0 0 351 411 0 0 0 0 0 0\n   7       3 loop3 43 0 692 21 0 0 0 0 0 17 21 0 0 0 0 0 0\n   7       4 loop4 631 0 46376 3200 0 0 0 0 0 2172 3200 0 0 0 0 0 0\n   7       5 loop5 10 0 20 0 0 0 0 0 0 0 0 0 0 0 0 0 0\n   7       6 loop6 0 0 0 0 0 0 0 0 0 0 0 0 0 0 0 0 0\n   7       7 loop7 0 0 0 0 0 0 0 0 0 0 0 0 0 0 0 0 0\n   8       0 sda 8837 4152 1800182 38243 2176 4505 623074 129037 0 12519 167370 148 31 910224 89 0 0\n   8       1 sda1 8189 3446 1758343 37946 2148 4425 622756 129016 0 14383 167052 148 31 910224 89 0 0\n   8      14 sda14 109 0 1120 39 0 0 0 0 0 36 39 0 0 0 0 0 0\n   8      15 sda15 200 675 19334 97 3 0 10 2 0 59 99 0 0 0 0 0 0\n 259       0 sda16 239 31 17545 112 25 80 308 18 0 96 131 0 0 0 0 0 0\n"}
{"timestamp":1768156086,"subsystem":"statfs[*]","measurement":"{\"mount_point\":\"/\",\"block_size\":4096,\"blocks_total\":12422878,\"blocks_free\":11448579,\"blocks_available\":11444483}\n{\"mount_point\":\"/boot\",\"block_size\":4096,\"blocks_total\":225380,\"blocks_free\":186421,\"blocks_available\":170639}\n{\"mount_point\":\"/boot/efi\",\"block_size\":512,\"blocks_total\":213663,\"blocks_free\":201164,\"blocks_available\":201164}\n"}
{"timestamp":1768156091,"subsystem":"/proc/cpuinfo","measurement":"processor\t: 0\nvendor_id\t: AuthenticAMD\ncpu family\t: 25\nmodel\t\t: 17\nmodel name\t: AMD EPYC 9J14 96-Core Processor\nstepping\t: 1\nmicrocode\t: 0xa101154\ncpu MHz\t\t: 2596.098\ncache size\t: 512 KB\nphysical id\t: 0\nsiblings\t: 2\ncore id\t\t: 0\ncpu cores\t: 1\napicid\t\t: 0\ninitial apicid\t: 0\nfpu\t\t: yes\nfpu_exception\t: yes\ncpuid level\t: 16\nwp\t\t: yes\nflags\t\t: fpu vme de pse tsc msr pae mce cx8 apic sep mtrr pge mca cmov pat pse36 clflush mmx fxsr sse sse2 ht syscall nx mmxext fxsr_opt pdpe1gb rdtscp lm rep_good nopl xtopology cpuid extd_apicid tsc_known_freq pni pclmulqdq ssse3 fma cx16 pcid sse4_1 sse4_2 x2apic movbe popcnt tsc_deadline_timer aes xsave avx f16c rdrand hypervisor lahf_lm cmp_legacy svm cr8_legacy abm sse4a misalignsse 3dnowprefetch osvw topoext perfctr_core ssbd ibrs ibpb stibp vmmcall fsgsbase tsc_adjust bmi1 avx2 smep bmi2 erms invpcid avx512f avx512dq rdseed adx smap avx512ifma clflushopt clwb avx512cd sha_ni avx512bw avx512vl xsaveopt xsavec xgetbv1 xsaves avx512_bf16 clzero xsaveerptr wbnoinvd arat npt nrip_save vgif vnmi avx512vbmi umip pku ospke avx512_vbmi2 gfni vaes vpclmulqdq avx512_vnni avx512_bitalg avx512_vpopcntdq la57 rdpid overflow_recov succor fsrm arch_capabilities\nbugs\t\t: sysret_ss_attrs null_seg spectre_v1 spectre_v2 spec_store_bypass srso ibpb_no_ret tsa\nbogomips\t: 5192.19\nTLB size\t: 1024 4K pages\nclflush size\t: 64\ncache_alignment\t: 64\naddress sizes\t: 40 bits physical, 57 bits virtual\npower management:\n\nprocessor\t: 1\nvendor_id\t: AuthenticAMD\ncpu family\t: 25\nmodel\t\t: 17\nmodel name\t: AMD EPYC 9J14 96-Core Processor\nstepping\t: 1\nmicrocode\t: 0xa101154\ncpu MHz\t\t: 2596.098\ncache size\t: 512 KB\nphysical id\t: 0\nsiblings\t: 2\ncore id\t\t: 0\ncpu cores\t: 1\napicid\t\t: 1\ninitial apicid\t: 1\nfpu\t\t: yes\nfpu_exception\t: yes\ncpuid level\t: 16\nwp\t\t: yes\nflags\t\t: fpu vme de pse tsc msr pae mce cx8 apic sep mtrr pge mca cmov pat pse36 clflush mmx fxsr sse sse2 ht syscall nx mmxext fxsr_opt pdpe1gb rdtscp lm rep_good nopl xtopology cpuid extd_apicid tsc_known_freq pni pclmulqdq ssse3 fma cx16 pcid sse4_1 sse4_2 x2apic movbe popcnt tsc_deadline_timer aes xsave avx f16c rdrand hypervisor lahf_lm cmp_legacy svm cr8_legacy abm sse4a misalignsse 3dnowprefetch osvw topoext perfctr_core ssbd ibrs ibpb stibp vmmcall fsgsbase tsc_adjust bmi1 avx2 smep bmi2 erms invpcid avx512f avx512dq rdseed adx smap avx512ifma clflushopt clwb avx512cd sha_ni avx512bw avx512vl xsaveopt xsavec xgetbv1 xsaves avx512_bf16 clzero xsaveerptr wbnoinvd arat npt nrip_save vgif vnmi avx512vbmi umip pku ospke avx512_vbmi2 gfni vaes vpclmulqdq avx512_vnni avx512_bitalg avx512_vpopcntdq la57 rdpid overflow_recov succor fsrm arch_capabilities\nbugs\t\t: sysret_ss_attrs null_seg spectre_v1 spectre_v2 spec_store_bypass srso ibpb_no_ret tsa\nbogomips\t: 5192.19\nTLB size\t: 1024 4K pages\nclflush size\t: 64\ncache_alignment\t: 64\naddress sizes\t: 40 bits physical, 57 bits virtual\npower management:\n\n"}
{"timestamp":1768156091,"subsystem":"/proc/stat","measurement":"cpu  4161 132 1298 25947 1044 0 5 136 0 0\ncpu0 2070 55 695 12923 529 0 3 78 0 0\ncpu1 2091 77 602 13024 515 0 2 57 0 0\nintr 118764 68 9 0 0 988 0 0 0 0 0 0 0 15 0 0 0 0 0 0 29 0 0 0 0 0 0 0 0 0 0 0 0 0 0 0 0 0 0 0 0 0 0 0 0 0 0 0 0 0 0 0 0 5378 4566 0 2078 1856 0 0 0 0 0 0 0 0 0 0 0 0 0 0 0 0 0 0 0 0 0 0 0 0 0 0 0 0 0 0 0 0 0 0 0 0 0 0 0 0 0 0 0 0 0 0 0 0 0 0 0 0 0 0 0 0 0 0 0 0 0 0 0 0 0 0 0 0 0 0 0 0 0 0 0 0 0 0 0 0 0 0 0 0 0 0 0 0 0 0 0 0 0 0 0 0 0 0 0 0 0 0 0 0 0 0 0 0 0 0 0 0 0 0 0 0 0 0 0 0 0 0 0 0 0 0 0 0 0 0 0 0 0 0 0 0 0 0 0 0 0 0 0 0 0 0 0 0 0 0 0 0 0 0 0 0 0 0 0 0 0 0 0 0 0 0 0 0 0 0 0 0 0 0 0 0 0 0 0 0 0 0 0 0 0 0 0 0 0 0 0 0 0 0 0 0 0 0 0 0 0 0 0 0 0 0 0 0 0 0 0 0 0 0 0 0 0 0 0 0 0 0 0 0 0 0 0 0 0 0 0 0 0 0 0 0 0 0 0 0 0 0 0 0 0 0 0 0 0 0 0 0 0 0 0 0 0 0 0 0 0 0 0 0 0 0 0 0 0 0 0 0 0 0 0 0 0 0 0 0 0 0 0 0 0 0 0 0 0 0 0 0 0 0 0 0 0 0 0 0 0 0 0 0 0 0 0 0 0 0 0 0 0 0 0 0 0 0 0 0 0 0 0 0 0 0 0 0 0 0 0 0 0 0 0 0 0 0 0 0 0 0 0 0 0 0 0 0 0 0 0 0 0 0 0 0 0 0 0 0 0 0 0 0 0 0 0 0 0 0 0 0 0 0 0 0 0 0 0 0 0 0 0\nctxt 120035\nbtime 1768155927\nprocesses 2318\nprocs_running 4\nprocs_blocked 0\nsoftirq 60094 6 8908 10 3615 1446 0 119 10490 0 35500\n"}
{"timestamp":1768156091,"subsystem":"/proc/meminfo","measurement":"MemTotal:        4004576 kB\nMemFree:         2534360 kB\nMemAvailable:    3413412 kB\nBuffers:           29972 kB\nCached:          1060344 kB\nSwapCached:            0 kB\nActive:           757616 kB\nInactive:         513800 kB\nActive(anon):     201132 kB\nInactive(anon):        0 kB\nActive(file):     556484 kB\nInactive(file):   513800 kB\nUnevictable:       39208 kB\nMlocked:           35208 kB\nSwapTotal:             0 kB\nSwapFree:              0 kB\nZswap:                 0 kB\nZswapped:              0 kB\nDirty:               492 kB\nWriteback:             0 kB\nAnonPages:        220400 kB\nMapped:           262752 kB\nShmem:              5312 kB\nKReclaimable:      32936 kB\nSlab:              92612 kB\nSReclaimable:      32936 kB\nSUnreclaim:        59676 kB\nKernelStack:        4176 kB\nPageTables:         5116 kB\nSecPageTables:         0 kB\nNFS_Unstable:          0 kB\nBounce:                0 kB\nWritebackTmp:          0 kB\nCommitLimit:     2002288 kB\nCommitted_AS:    1916516 kB\nVmallocTotal:   13743895347199 kB\nVmallocUsed:       20868 kB\nVmallocChunk:          0 kB\nPercpu:             1088 kB\nHardwareCorrupted:     0 kB\nAnonHugePages:         0 kB\nShmemHugePages:        0 kB\nShmemPmdMapped:        0 kB\nFileHugePages:         0 kB\nFilePmdMapped:         0 kB\nUnaccepted:            0 kB\nHugePages_Total:       0\nHugePages_Free:        0\nHugePages_Rsvd:        0\nHugePages_Surp:        0\nHugepagesize:       2048 kB\nHugetlb:               0 kB\nDirectMap4k:      123816 kB\nDirectMap2M:     4065280 kB\nDirectMap1G:     2097152 kB\n"}
{"timestamp":1768156091,"subsystem":"/proc/net/dev","measurement":"Inter-|   Receive                                                |  Transmit\n face |bytes    packets errs drop fifo frame compressed multicast|bytes    packets errs drop fifo colls carrier compressed\n    lo:   11665      78    0    0    0     0          0         0    11665      78    0    0    0     0       0          0\nenp0s5: 5019237    2438    0    0    0     0          0         0   341471    1916    0    0    0     0       0          0\ndocker0:       0       0    0    0    0     0          0         0        0       0    0    2    0     0       0          0\n"}
{"timestamp":1768156091,"subsystem":"/proc/diskstats","measurement":"   7       0 loop0 41 0 688 13 0 0 0 0 0 12 13 0 0 0 0 0 0\n   7       1 loop1 48 0 716 39 0 0 0 0 0 34 39 0 0 0 0 0 0\n   7       2 loop2 681 0 52074 411 0 0 0 0 0 351 411 0 0 0 0 0 0\n   7       3 loop3 43 0 692 21 0 0 0 0 0 17 21 0 0 0 0 0 0\n   7       4 loop4 631 0 46376 3200 0 0 0 0 0 2172 3200 0 0 0 0 0 0\n   7       5 loop5 10 0 20 0 0 0 0 0 0 0 0 0 0 0 0 0 0\n   7       6 loop6 0 0 0 0 0 0 0 0 0 0 0 0 0 0 0 0 0\n   7       7 loop7 0 0 0 0 0 0 0 0 0 0 0 0 0 0 0 0 0\n   8       0 sda 8837 4152 1800182 38243 2176 4505 623074 129037 0 12519 167370 148 31 910224 89 0 0\n   8       1 sda1 8189 3446 1758343 37946 2148 4425 622756 129016 0 14383 167052 148 31 910224 89 0 0\n   8      14 sda14 109 0 1120 39 0 0 0 0 0 36 39 0 0 0 0 0 0\n   8      15 sda15 200 675 19334 97 3 0 10 2 0 59 99 0 0 0 0 0 0\n 259       0 sda16 239 31 17545 112 25 80 308 18 0 96 131 0 0 0 0 0 0\n"}
{"timestamp":1768156091,"subsystem":"statfs[*]","measurement":"{\"mount_point\":\"/\",\"block_size\":4096,\"blocks_total\":12422878,\"blocks_free\":11448577,\"blocks_available\":11444481}\n{\"mount_point\":\"/boot\",\"block_size\":4096,\"blocks_total\":225380,\"blocks_free\":186421,\"blocks_available\":170639}\n{\"mount_point\":\"/boot/efi\",\"block_size\":512,\"blocks_total\":213663,\"blocks_free\":201164,\"blocks_available\":201164}\n"}
{"timestamp":1768156096,"subsystem":"/proc/cpuinfo","measurement":"processor\t: 0\nvendor_id\t: AuthenticAMD\ncpu family\t: 25\nmodel\t\t: 17\nmodel name\t: AMD EPYC 9J14 96-Core Processor\nstepping\t: 1\nmicrocode\t: 0xa101154\ncpu MHz\t\t: 2596.098\ncache size\t: 512 KB\nphysical id\t: 0\nsiblings\t: 2\ncore id\t\t: 0\ncpu cores\t: 1\napicid\t\t: 0\ninitial apicid\t: 0\nfpu\t\t: yes\nfpu_exception\t: yes\ncpuid level\t: 16\nwp\t\t: yes\nflags\t\t: fpu vme de pse tsc msr pae mce cx8 apic sep mtrr pge mca cmov pat pse36 clflush mmx fxsr sse sse2 ht syscall nx mmxext fxsr_opt pdpe1gb rdtscp lm rep_good nopl xtopology cpuid extd_apicid tsc_known_freq pni pclmulqdq ssse3 fma cx16 pcid sse4_1 sse4_2 x2apic movbe popcnt tsc_deadline_timer aes xsave avx f16c rdrand hypervisor lahf_lm cmp_legacy svm cr8_legacy abm sse4a misalignsse 3dnowprefetch osvw topoext perfctr_core ssbd ibrs ibpb stibp vmmcall fsgsbase tsc_adjust bmi1 avx2 smep bmi2 erms invpcid avx512f avx512dq rdseed adx smap avx512ifma clflushopt clwb avx512cd sha_ni avx512bw avx512vl xsaveopt xsavec xgetbv1 xsaves avx512_bf16 clzero xsaveerptr wbnoinvd arat npt nrip_save vgif vnmi avx512vbmi umip pku ospke avx512_vbmi2 gfni vaes vpclmulqdq avx512_vnni avx512_bitalg avx512_vpopcntdq la57 rdpid overflow_recov succor fsrm arch_capabilities\nbugs\t\t: sysret_ss_attrs null_seg spectre_v1 spectre_v2 spec_store_bypass srso ibpb_no_ret tsa\nbogomips\t: 5192.19\nTLB size\t: 1024 4K pages\nclflush size\t: 64\ncache_alignment\t: 64\naddress sizes\t: 40 bits physical, 57 bits virtual\npower management:\n\nprocessor\t: 1\nvendor_id\t: AuthenticAMD\ncpu family\t: 25\nmodel\t\t: 17\nmodel name\t: AMD EPYC 9J14 96-Core Processor\nstepping\t: 1\nmicrocode\t: 0xa101154\ncpu MHz\t\t: 2596.098\ncache size\t: 512 KB\nphysical id\t: 0\nsiblings\t: 2\ncore id\t\t: 0\ncpu cores\t: 1\napicid\t\t: 1\ninitial apicid\t: 1\nfpu\t\t: yes\nfpu_exception\t: yes\ncpuid level\t: 16\nwp\t\t: yes\nflags\t\t: fpu vme de pse tsc msr pae mce cx8 apic sep mtrr pge mca cmov pat pse36 clflush mmx fxsr sse sse2 ht syscall nx mmxext fxsr_opt pdpe1gb rdtscp lm rep_good nopl xtopology cpuid extd_apicid tsc_known_freq pni pclmulqdq ssse3 fma cx16 pcid sse4_1 sse4_2 x2apic movbe popcnt tsc_deadline_timer aes xsave avx f16c rdrand hypervisor lahf_lm cmp_legacy svm cr8_legacy abm sse4a misalignsse 3dnowprefetch osvw topoext perfctr_core ssbd ibrs ibpb stibp vmmcall fsgsbase tsc_adjust bmi1 avx2 smep bmi2 erms invpcid avx512f avx512dq rdseed adx smap avx512ifma clflushopt clwb avx512cd sha_ni avx512bw avx512vl xsaveopt xsavec xgetbv1 xsaves avx512_bf16 clzero xsaveerptr wbnoinvd arat npt nrip_save vgif vnmi avx512vbmi umip pku ospke avx512_vbmi2 gfni vaes vpclmulqdq avx512_vnni avx512_bitalg avx512_vpopcntdq la57 rdpid overflow_recov succor fsrm arch_capabilities\nbugs\t\t: sysret_ss_attrs null_seg spectre_v1 spectre_v2 spec_store_bypass srso ibpb_no_ret tsa\nbogomips\t: 5192.19\nTLB size\t: 1024 4K pages\nclflush size\t: 64\ncache_alignment\t: 64\naddress sizes\t: 40 bits physical, 57 bits virtual\npower management:\n\n"}
{"timestamp":1768156096,"subsystem":"/proc/stat","measurement":"cpu  5158 132 1300 25947 1044 0 5 137 0 0\ncpu0 2568 55 696 12923 529 0 3 79 0 0\ncpu1 2590 77 603 13024 515 0 2 58 0 0\nintr 129586 68 9 0 0 988 0 0 0 0 0 0 0 15 0 0 0 0 0 0 29 0 0 0 0 0 0 0 0 0 0 0 0 0 0 0 0 0 0 0 0 0 0 0 0 0 0 0 0 0 0 0 0 5411 4566 0 2144 1918 0 0 0 0 0 0 0 0 0 0 0 0 0 0 0 0 0 0 0 0 0 0 0 0 0 0 0 0 0 0 0 0 0 0 0 0 0 0 0 0 0 0 0 0 0 0 0 0 0 0 0 0 0 0 0 0 0 0 0 0 0 0 0 0 0 0 0 0 0 0 0 0 0 0 0 0 0 0 0 0 0 0 0 0 0 0 0 0 0 0 0 0 0 0 0 0 0 0 0 0 0 0 0 0 0 0 0 0 0 0 0 0 0 0 0 0 0 0 0 0 0 0 0 0 0 0 0 0 0 0 0 0 0 0 0 0 0 0 0 0 0 0 0 0 0 0 0 0 0 0 0 0 0 0 0 0 0 0 0 0 0 0 0 0 0 0 0 0 0 0 0 0 0 0 0 0 0 0 0 0 0 0 0 0 0 0 0 0 0 0 0 0 0 0 0 0 0 0 0 0 0 0 0 0 0 0 0 0 0 0 0 0 0 0 0 0 0 0 0 0 0 0 0 0 0 0 0 0 0 0 0 0 0 0 0 0 0 0 0 0 0 0 0 0 0 0 0 0 0 0 0 0 0 0 0 0 0 0 0 0 0 0 0 0 0 0 0 0 0 0 0 0 0 0 0 0 0 0 0 0 0 0 0 0 0 0 0 0 0 0 0 0 0 0 0 0 0 0 0 0 0 0 0 0 0 0 0 0 0 0 0 0 0 0 0 0 0 0 0 0 0 0 0 0 0 0 0 0 0 0 0 0 0 0 0 0 0 0 0 0 0 0 0 0 0 0 0 0 0 0 0 0 0 0 0 0 0 0 0 0 0 0 0 0 0 0 0 0 0 0 0 0 0 0 0 0 0 0 0 0 0 0 0\nctxt 121969\nbtime 1768155927\nprocesses 2321\nprocs_running 4\nprocs_blocked 0\nsoftirq 60690 6 9084 10 3743 1447 0 121 10653 0 35626\n"}
{"timestamp":1768156096,"subsystem":"/proc/meminfo","measurement":"MemTotal:        4004576 kB\nMemFree:         2532092 kB\nMemAvailable:    3411236 kB\nBuffers:           29972 kB\nCached:          1060436 kB\nSwapCached:            0 kB\nActive:           758520 kB\nInactive:         513808 kB\nActive(anon):     201952 kB\nInactive(anon):        0 kB\nActive(file):     556568 kB\nInactive(file):   513808 kB\nUnevictable:       39208 kB\nMlocked:           35208 kB\nSwapTotal:             0 kB\nSwapFree:              0 kB\nZswap:                 0 kB\nZswapped:              0 kB\nDirty:                48 kB\nWriteback:             0 kB\nAnonPages:        221236 kB\nMapped:           263088 kB\nShmem:              5312 kB\nKReclaimable:      32936 kB\nSlab:              92640 kB\nSReclaimable:      32936 kB\nSUnreclaim:        59704 kB\nKernelStack:        4176 kB\nPageTables:         5116 kB\nSecPageTables:         0 kB\nNFS_Unstable:          0 kB\nBounce:                0 kB\nWritebackTmp:          0 kB\nCommitLimit:     2002288 kB\nCommitted_AS:    1916772 kB\nVmallocTotal:   13743895347199 kB\nVmallocUsed:       20868 kB\nVmallocChunk:          0 kB\nPercpu:             1088 kB\nHardwareCorrupted:     0 kB\nAnonHugePages:         0 kB\nShmemHugePages:        0 kB\nShmemPmdMapped:        0 kB\nFileHugePages:         0 kB\nFilePmdMapped:         0 kB\nUnaccepted:            0 kB\nHugePages_Total:       0\nHugePages_Free:        0\nHugePages_Rsvd:        0\nHugePages_Surp:        0\nHugepagesize:       2048 kB\nHugetlb:               0 kB\nDirectMap4k:      123816 kB\nDirectMap2M:     4065280 kB\nDirectMap1G:     2097152 kB\n"}
{"timestamp":1768156096,"subsystem":"/proc/net/dev","measurement":"Inter-|   Receive                                                |  Transmit\n face |bytes    packets errs drop fifo frame compressed multicast|bytes    packets errs drop fifo colls carrier compressed\n    lo:   12951      86    0    0    0     0          0         0    12951      86    0    0    0     0       0          0\nenp0s5: 5058741    2505    0    0    0     0          0         0   361649    1978    0    0    0     0       0          0\ndocker0:       0       0    0    0    0     0          0         0        0       0    0    2    0     0       0          0\n"}
{"timestamp":1768156096,"subsystem":"/proc/diskstats","measurement":"   7       0 loop0 41 0 688 13 0 0 0 0 0 12 13 0 0 0 0 0 0\n   7       1 loop1 48 0 716 39 0 0 0 0 0 34 39 0 0 0 0 0 0\n   7       2 loop2 682 0 52154 412 0 0 0 0 0 351 412 0 0 0 0 0 0\n   7       3 loop3 43 0 692 21 0 0 0 0 0 17 21 0 0 0 0 0 0\n   7       4 loop4 631 0 46376 3200 0 0 0 0 0 2172 3200 0 0 0 0 0 0\n   7       5 loop5 10 0 20 0 0 0 0 0 0 0 0 0 0 0 0 0 0\n   7       6 loop6 0 0 0 0 0 0 0 0 0 0 0 0 0 0 0 0 0\n   7       7 loop7 0 0 0 0 0 0 0 0 0 0 0 0 0 0 0 0 0\n   8       0 sda 8837 4152 1800182 38243 2251 4508 623978 129078 0 12523 167411 148 31 910224 89 0 0\n   8       1 sda1 8189 3446 1758343 37946 2223 4428 623660 129057 0 14387 167094 148 31 910224 89 0 0\n   8      14 sda14 109 0 1120 39 0 0 0 0 0 36 39 0 0 0 0 0 0\n   8      15 sda15 200 675 19334 97 3 0 10 2 0 59 99 0 0 0 0 0 0\n 259       0 sda16 239 31 17545 112 25 80 308 18 0 96 131 0 0 0 0 0 0\n"}
{"timestamp":1768156096,"subsystem":"statfs[*]","measurement":"{\"mount_point\":\"/\",\"block_size\":4096,\"blocks_total\":12422878,\"blocks_free\":11448575,\"blocks_available\":11444479}\n{\"mount_point\":\"/boot\",\"block_size\":4096,\"blocks_total\":225380,\"blocks_free\":186421,\"blocks_available\":170639}\n{\"mount_point\":\"/boot/efi\",\"block_size\":512,\"blocks_total\":213663,\"blocks_free\":201164,\"blocks_available\":201164}\n"}
{"timestamp":1768156101,"subsystem":"/proc/cpuinfo","measurement":"processor\t: 0\nvendor_id\t: AuthenticAMD\ncpu family\t: 25\nmodel\t\t: 17\nmodel name\t: AMD EPYC 9J14 96-Core Processor\nstepping\t: 1\nmicrocode\t: 0xa101154\ncpu MHz\t\t: 2596.098\ncache size\t: 512 KB\nphysical id\t: 0\nsiblings\t: 2\ncore id\t\t: 0\ncpu cores\t: 1\napicid\t\t: 0\ninitial apicid\t: 0\nfpu\t\t: yes\nfpu_exception\t: yes\ncpuid level\t: 16\nwp\t\t: yes\nflags\t\t: fpu vme de pse tsc msr pae mce cx8 apic sep mtrr pge mca cmov pat pse36 clflush mmx fxsr sse sse2 ht syscall nx mmxext fxsr_opt pdpe1gb rdtscp lm rep_good nopl xtopology cpuid extd_apicid tsc_known_freq pni pclmulqdq ssse3 fma cx16 pcid sse4_1 sse4_2 x2apic movbe popcnt tsc_deadline_timer aes xsave avx f16c rdrand hypervisor lahf_lm cmp_legacy svm cr8_legacy abm sse4a misalignsse 3dnowprefetch osvw topoext perfctr_core ssbd ibrs ibpb stibp vmmcall fsgsbase tsc_adjust bmi1 avx2 smep bmi2 erms invpcid avx512f avx512dq rdseed adx smap avx512ifma clflushopt clwb avx512cd sha_ni avx512bw avx512vl xsaveopt xsavec xgetbv1 xsaves avx512_bf16 clzero xsaveerptr wbnoinvd arat npt nrip_save vgif vnmi avx512vbmi umip pku ospke avx512_vbmi2 gfni vaes vpclmulqdq avx512_vnni avx512_bitalg avx512_vpopcntdq la57 rdpid overflow_recov succor fsrm arch_capabilities\nbugs\t\t: sysret_ss_attrs null_seg spectre_v1 spectre_v2 spec_store_bypass srso ibpb_no_ret tsa\nbogomips\t: 5192.19\nTLB size\t: 1024 4K pages\nclflush size\t: 64\ncache_alignment\t: 64\naddress sizes\t: 40 bits physical, 57 bits virtual\npower management:\n\nprocessor\t: 1\nvendor_id\t: AuthenticAMD\ncpu family\t: 25\nmodel\t\t: 17\nmodel name\t: AMD EPYC 9J14 96-Core Processor\nstepping\t: 1\nmicrocode\t: 0xa101154\ncpu MHz\t\t: 2596.098\ncache size\t: 512 KB\nphysical id\t: 0\nsiblings\t: 2\ncore id\t\t: 0\ncpu cores\t: 1\napicid\t\t: 1\ninitial apicid\t: 1\nfpu\t\t: yes\nfpu_exception\t: yes\ncpuid level\t: 16\nwp\t\t: yes\nflags\t\t: fpu vme de pse tsc msr pae mce cx8 apic sep mtrr pge mca cmov pat pse36 clflush mmx fxsr sse sse2 ht syscall nx mmxext fxsr_opt pdpe1gb rdtscp lm rep_good nopl xtopology cpuid extd_apicid tsc_known_freq pni pclmulqdq ssse3 fma cx16 pcid sse4_1 sse4_2 x2apic movbe popcnt tsc_deadline_timer aes xsave avx f16c rdrand hypervisor lahf_lm cmp_legacy svm cr8_legacy abm sse4a misalignsse 3dnowprefetch osvw topoext perfctr_core ssbd ibrs ibpb stibp vmmcall fsgsbase tsc_adjust bmi1 avx2 smep bmi2 erms invpcid avx512f avx512dq rdseed adx smap avx512ifma clflushopt clwb avx512cd sha_ni avx512bw avx512vl xsaveopt xsavec xgetbv1 xsaves avx512_bf16 clzero xsaveerptr wbnoinvd arat npt nrip_save vgif vnmi avx512vbmi umip pku ospke avx512_vbmi2 gfni vaes vpclmulqdq avx512_vnni avx512_bitalg avx512_vpopcntdq la57 rdpid overflow_recov succor fsrm arch_capabilities\nbugs\t\t: sysret_ss_attrs null_seg spectre_v1 spectre_v2 spec_store_bypass srso ibpb_no_ret tsa\nbogomips\t: 5192.19\nTLB size\t: 1024 4K pages\nclflush size\t: 64\ncache_alignment\t: 64\naddress sizes\t: 40 bits physical, 57 bits virtual\npower management:\n\n"}
{"timestamp":1768156101,"subsystem":"/proc/stat","measurement":"cpu  6157 132 1301 25947 1044 0 5 137 0 0\ncpu0 3067 55 697 12923 529 0 3 79 0 0\ncpu1 3089 77 603 13024 515 0 2 58 0 0\nintr 139819 68 9 0 0 988 0 0 0 0 0 0 0 15 0 0 0 0 0 0 29 0 0 0 0 0 0 0 0 0 0 0 0 0 0 0 0 0 0 0 0 0 0 0 0 0 0 0 0 0 0 0 0 5414 4566 0 2146 1920 0 0 0 0 0 0 0 0 0 0 0 0 0 0 0 0 0 0 0 0 0 0 0 0 0 0 0 0 0 0 0 0 0 0 0 0 0 0 0 0 0 0 0 0 0 0 0 0 0 0 0 0 0 0 0 0 0 0 0 0 0 0 0 0 0 0 0 0 0 0 0 0 0 0 0 0 0 0 0 0 0 0 0 0 0 0 0 0 0 0 0 0 0 0 0 0 0 0 0 0 0 0 0 0 0 0 0 0 0 0 0 0 0 0 0 0 0 0 0 0 0 0 0 0 0 0 0 0 0 0 0 0 0 0 0 0 0 0 0 0 0 0 0 0 0 0 0 0 0 0 0 0 0 0 0 0 0 0 0 0 0 0 0 0 0 0 0 0 0 0 0 0 0 0 0 0 0 0 0 0 0 0 0 0 0 0 0 0 0 0 0 0 0 0 0 0 0 0 0 0 0 0 0 0 0 0 0 0 0 0 0 0 0 0 0 0 0 0 0 0 0 0 0 0 0 0 0 0 0 0 0 0 0 0 0 0 0 0 0 0 0 0 0 0 0 0 0 0 0 0 0 0 0 0 0 0 0 0 0 0 0 0 0 0 0 0 0 0 0 0 0 0 0 0 0 0 0 0 0 0 0 0 0 0 0 0 0 0 0 0 0 0 0 0 0 0 0 0 0 0 0 0 0 0 0 0 0 0 0 0 0 0 0 0 0 0 0 0 0 0 0 0 0 0 0 0 0 0 0 0 0 0 0 0 0 0 0 0 0 0 0 0 0 0 0 0 0 0 0 0 0 0 0 0 0 0 0 0 0 0 0 0 0 0 0 0 0 0 0 0 0 0 0 0 0 0 0 0 0 0 0 0 0\nctxt 122876\nbtime 1768155927\nprocesses 2324\nprocs_running 5\nprocs_blocked 0\nsoftirq 61077 6 9231 10 3747 1447 0 121 10811 0 35704\n"}
{"timestamp":1768156101,"subsystem":"/proc/meminfo","measurement":"MemTotal:        4004576 kB\nMemFree:         2532092 kB\nMemAvailable:    3411300 kB\nBuffers:           29980 kB\nCached:          1060488 kB\nSwapCached:            0 kB\nActive:           758860 kB\nInactive:         513824 kB\nActive(anon):     202248 kB\nInactive(anon):        0 kB\nActive(file):     556612 kB\nInactive(file):   513824 kB\nUnevictable:       39208 kB\nMlocked:           35208 kB\nSwapTotal:             0 kB\nSwapFree:              0 kB\nZswap:                 0 kB\nZswapped:              0 kB\nDirty:               120 kB\nWriteback:             0 kB\nAnonPages:        221468 kB\nMapped:           263212 kB\nShmem:              5312 kB\nKReclaimable:      32940 kB\nSlab:              92648 kB\nSReclaimable:      32940 kB\nSUnreclaim:        59708 kB\nKernelStack:        4176 kB\nPageTables:         5120 kB\nSecPageTables:         0 kB\nNFS_Unstable:          0 kB\nBounce:                0 kB\nWritebackTmp:          0 kB\nCommitLimit:     2002288 kB\nCommitted_AS:    1916772 kB\nVmallocTotal:   13743895347199 kB\nVmallocUsed:       20884 kB\nVmallocChunk:          0 kB\nPercpu:             1088 kB\nHardwareCorrupted:     0 kB\nAnonHugePages:         0 kB\nShmemHugePages:        0 kB\nShmemPmdMapped:        0 kB\nFileHugePages:         0 kB\nFilePmdMapped:         0 kB\nUnaccepted:            0 kB\nHugePages_Total:       0\nHugePages_Free:        0\nHugePages_Rsvd:        0\nHugePages_Surp:        0\nHugepagesize:       2048 kB\nHugetlb:               0 kB\nDirectMap4k:      123816 kB\nDirectMap2M:     4065280 kB\nDirectMap1G:     2097152 kB\n"}
{"timestamp":1768156101,"subsystem":"/proc/net/dev","measurement":"Inter-|   Receive                                                |  Transmit\n face |bytes    packets errs drop fifo frame compressed multicast|bytes    packets errs drop fifo colls carrier compressed\n    lo:   12951      86    0    0    0     0          0         0    12951      86    0    0    0     0       0          0\nenp0s5: 5059256    2507    0    0    0     0          0         0   361757    1980    0    0    0     0       0          0\ndocker0:       0       0    0    0    0     0          0         0        0       0    0    2    0     0       0          0\n"}
{"timestamp":1768156101,"subsystem":"/proc/diskstats","measurement":"   7       0 loop0 41 0 688 13 0 0 0 0 0 12 13 0 0 0 0 0 0\n   7       1 loop1 48 0 716 39 0 0 0 0 0 34 39 0 0 0 0 0 0\n   7       2 loop2 682 0 52154 412 0 0 0 0 0 351 412 0 0 0 0 0 0\n   7       3 loop3 43 0 692 21 0 0 0 0 0 17 21 0 0 0 0 0 0\n   7       4 loop4 631 0 46376 3200 0 0 0 0 0 2172 3200 0 0 0 0 0 0\n   7       5 loop5 10 0 20 0 0 0 0 0 0 0 0 0 0 0 0 0 0\n   7       6 loop6 0 0 0 0 0 0 0 0 0 0 0 0 0 0 0 0 0\n   7       7 loop7 0 0 0 0 0 0 0 0 0 0 0 0 0 0 0 0 0\n   8       0 sda 8837 4152 1800182 38243 2254 4524 624130 129080 0 12525 167413 148 31 910224 89 0 0\n   8       1 sda1 8189 3446 1758343 37946 2226 4444 623812 129059 0 14389 167095 148 31 910224 89 0 0\n   8      14 sda14 109 0 1120 39 0 0 0 0 0 36 39 0 0 0 0 0 0\n   8      15 sda15 200 675 19334 97 3 0 10 2 0 59 99 0 0 0 0 0 0\n 259       0 sda16 239 31 17545 112 25 80 308 18 0 96 131 0 0 0 0 0 0\n"}
{"timestamp":1768156101,"subsystem":"statfs[*]","measurement":"{\"mount_point\":\"/\",\"block_size\":4096,\"blocks_total\":12422878,\"blocks_free\":11448573,\"blocks_available\":11444477}\n{\"mount_point\":\"/boot\",\"block_size\":4096,\"blocks_total\":225380,\"blocks_free\":186421,\"blocks_available\":170639}\n{\"mount_point\":\"/boot/efi\",\"block_size\":512,\"blocks_total\":213663,\"blocks_free\":201164,\"blocks_available\":201164}\n"}
{"timestamp":1768156106,"subsystem":"/proc/cpuinfo","measurement":"processor\t: 0\nvendor_id\t: AuthenticAMD\ncpu family\t: 25\nmodel\t\t: 17\nmodel name\t: AMD EPYC 9J14 96-Core Processor\nstepping\t: 1\nmicrocode\t: 0xa101154\ncpu MHz\t\t: 2596.098\ncache size\t: 512 KB\nphysical id\t: 0\nsiblings\t: 2\ncore id\t\t: 0\ncpu cores\t: 1\napicid\t\t: 0\ninitial apicid\t: 0\nfpu\t\t: yes\nfpu_exception\t: yes\ncpuid level\t: 16\nwp\t\t: yes\nflags\t\t: fpu vme de pse tsc msr pae mce cx8 apic sep mtrr pge mca cmov pat pse36 clflush mmx fxsr sse sse2 ht syscall nx mmxext fxsr_opt pdpe1gb rdtscp lm rep_good nopl xtopology cpuid extd_apicid tsc_known_freq pni pclmulqdq ssse3 fma cx16 pcid sse4_1 sse4_2 x2apic movbe popcnt tsc_deadline_timer aes xsave avx f16c rdrand hypervisor lahf_lm cmp_legacy svm cr8_legacy abm sse4a misalignsse 3dnowprefetch osvw topoext perfctr_core ssbd ibrs ibpb stibp vmmcall fsgsbase tsc_adjust bmi1 avx2 smep bmi2 erms invpcid avx512f avx512dq rdseed adx smap avx512ifma clflushopt clwb avx512cd sha_ni avx512bw avx512vl xsaveopt xsavec xgetbv1 xsaves avx512_bf16 clzero xsaveerptr wbnoinvd arat npt nrip_save vgif vnmi avx512vbmi umip pku ospke avx512_vbmi2 gfni vaes vpclmulqdq avx512_vnni avx512_bitalg avx512_vpopcntdq la57 rdpid overflow_recov succor fsrm arch_capabilities\nbugs\t\t: sysret_ss_attrs null_seg spectre_v1 spectre_v2 spec_store_bypass srso ibpb_no_ret tsa\nbogomips\t: 5192.19\nTLB size\t: 1024 4K pages\nclflush size\t: 64\ncache_alignment\t: 64\naddress sizes\t: 40 bits physical, 57 bits virtual\npower management:\n\nprocessor\t: 1\nvendor_id\t: AuthenticAMD\ncpu family\t: 25\nmodel\t\t: 17\nmodel name\t: AMD EPYC 9J14 96-Core Processor\nstepping\t: 1\nmicrocode\t: 0xa101154\ncpu MHz\t\t: 2596.098\ncache size\t: 512 KB\nphysical id\t: 0\nsiblings\t: 2\ncore id\t\t: 0\ncpu cores\t: 1\napicid\t\t: 1\ninitial apicid\t: 1\nfpu\t\t: yes\nfpu_exception\t: yes\ncpuid level\t: 16\nwp\t\t: yes\nflags\t\t: fpu vme de pse tsc msr pae mce cx8 apic sep mtrr pge mca cmov pat pse36 clflush mmx fxsr sse sse2 ht syscall nx mmxext fxsr_opt pdpe1gb rdtscp lm rep_good nopl xtopology cpuid extd_apicid tsc_known_freq pni pclmulqdq ssse3 fma cx16 pcid sse4_1 sse4_2 x2apic movbe popcnt tsc_deadline_timer aes xsave avx f16c rdrand hypervisor lahf_lm cmp_legacy svm cr8_legacy abm sse4a misalignsse 3dnowprefetch osvw topoext perfctr_core ssbd ibrs ibpb stibp vmmcall fsgsbase tsc_adjust bmi1 avx2 smep bmi2 erms invpcid avx512f avx512dq rdseed adx smap avx512ifma clflushopt clwb avx512cd sha_ni avx512bw avx512vl xsaveopt xsavec xgetbv1 xsaves avx512_bf16 clzero xsaveerptr wbnoinvd arat npt nrip_save vgif vnmi avx512vbmi umip pku ospke avx512_vbmi2 gfni vaes vpclmulqdq avx512_vnni avx512_bitalg avx512_vpopcntdq la57 rdpid overflow_recov succor fsrm arch_capabilities\nbugs\t\t: sysret_ss_attrs null_seg spectre_v1 spectre_v2 spec_store_bypass srso ibpb_no_ret tsa\nbogomips\t: 5192.19\nTLB size\t: 1024 4K pages\nclflush size\t: 64\ncache_alignment\t: 64\naddress sizes\t: 40 bits physical, 57 bits virtual\npower management:\n\n"}
{"timestamp":1768156106,"subsystem":"/proc/stat","measurement":"cpu  7156 132 1301 25947 1044 0 5 137 0 0\ncpu0 3567 55 697 12923 529 0 3 79 0 0\ncpu1 3589 77 604 13024 515 0 2 58 0 0\nintr 150040 68 9 0 0 988 0 0 0 0 0 0 0 15 0 0 0 0 0 0 29 0 0 0 0 0 0 0 0 0 0 0 0 0 0 0 0 0 0 0 0 0 0 0 0 0 0 0 0 0 0 0 0 5415 4566 0 2146 1920 0 0 0 0 0 0 0 0 0 0 0 0 0 0 0 0 0 0 0 0 0 0 0 0 0 0 0 0 0 0 0 0 0 0 0 0 0 0 0 0 0 0 0 0 0 0 0 0 0 0 0 0 0 0 0 0 0 0 0 0 0 0 0 0 0 0 0 0 0 0 0 0 0 0 0 0 0 0 0 0 0 0 0 0 0 0 0 0 0 0 0 0 0 0 0 0 0 0 0 0 0 0 0 0 0 0 0 0 0 0 0 0 0 0 0 0 0 0 0 0 0 0 0 0 0 0 0 0 0 0 0 0 0 0 0 0 0 0 0 0 0 0 0 0 0 0 0 0 0 0 0 0 0 0 0 0 0 0 0 0 0 0 0 0 0 0 0 0 0 0 0 0 0 0 0 0 0 0 0 0 0 0 0 0 0 0 0 0 0 0 0 0 0 0 0 0 0 0 0 0 0 0 0 0 0 0 0 0 0 0 0 0 0 0 0 0 0 0 0 0 0 0 0 0 0 0 0 0 0 0 0 0 0 0 0 0 0 0 0 0 0 0 0 0 0 0 0 0 0 0 0 0 0 0 0 0 0 0 0 0 0 0 0 0 0 0 0 0 0 0 0 0 0 0 0 0 0 0 0 0 0 0 0 0 0 0 0 0 0 0 0 0 0 0 0 0 0 0 0 0 0 0 0 0 0 0 0 0 0 0 0 0 0 0 0 0 0 0 0 0 0 0 0 0 0 0 0 0 0 0 0 0 0 0 0 0 0 0 0 0 0 0 0 0 0 0 0 0 0 0 0 0 0 0 0 0 0 0 0 0 0 0 0 0 0 0 0 0 0 0 0 0 0 0 0 0 0 0 0 0 0 0 0\nctxt 123738\nbtime 1768155927\nprocesses 2327\nprocs_running 5\nprocs_blocked 0\nsoftirq 61457 6 9376 10 3747 1447 0 121 10971 0 35779\n"}
{"timestamp":1768156106,"subsystem":"/proc/meminfo","measurement":"MemTotal:        4004576 kB\nMemFree:         2532092 kB\nMemAvailable:    3411308 kB\nBuffers:           29980 kB\nCached:          1060496 kB\nSwapCached:            0 kB\nActive:           759056 kB\nInactive:         513832 kB\nActive(anon):     202444 kB\nInactive(anon):        0 kB\nActive(file):     556612 kB\nInactive(file):   513832 kB\nUnevictable:       39208 kB\nMlocked:           35208 kB\nSwapTotal:             0 kB\nSwapFree:              0 kB\nZswap:                 0 kB\nZswapped:              0 kB\nDirty:                72 kB\nWriteback:             0 kB\nAnonPages:        221636 kB\nMapped:           263212 kB\nShmem:              5312 kB\nKReclaimable:      32940 kB\nSlab:              92680 kB\nSReclaimable:      32940 kB\nSUnreclaim:        59740 kB\nKernelStack:        4176 kB\nPageTables:         5120 kB\nSecPageTables:         0 kB\nNFS_Unstable:          0 kB\nBounce:                0 kB\nWritebackTmp:          0 kB\nCommitLimit:     2002288 kB\nCommitted_AS:    1916772 kB\nVmallocTotal:   13743895347199 kB\nVmallocUsed:       20884 kB\nVmallocChunk:          0 kB\nPercpu:             1088 kB\nHardwareCorrupted:     0 kB\nAnonHugePages:         0 kB\nShmemHugePages:        0 kB\nShmemPmdMapped:        0 kB\nFileHugePages:         0 kB\nFilePmdMapped:         0 kB\nUnaccepted:            0 kB\nHugePages_Total:       0\nHugePages_Free:        0\nHugePages_Rsvd:        0\nHugePages_Surp:        0\nHugepagesize:       2048 kB\nHugetlb:               0 kB\nDirectMap4k:      123816 kB\nDirectMap2M:     4065280 kB\nDirectMap1G:     2097152 kB\n"}
{"timestamp":1768156106,"subsystem":"/proc/net/dev","measurement":"Inter-|   Receive                                                |  Transmit\n face |bytes    packets errs drop fifo frame compressed multicast|bytes    packets errs drop fifo colls carrier compressed\n    lo:   12951      86    0    0    0     0          0         0    12951      86    0    0    0     0       0          0\nenp0s5: 5059256    2507    0    0    0     0          0         0   361757    1980    0    0    0     0       0          0\ndocker0:       0       0    0    0    0     0          0         0        0       0    0    2    0     0       0          0\n"}
{"timestamp":1768156106,"subsystem":"/proc/diskstats","measurement":"   7       0 loop0 41 0 688 13 0 0 0 0 0 12 13 0 0 0 0 0 0\n   7       1 loop1 48 0 716 39 0 0 0 0 0 34 39 0 0 0 0 0 0\n   7       2 loop2 682 0 52154 412 0 0 0 0 0 351 412 0 0 0 0 0 0\n   7       3 loop3 43 0 692 21 0 0 0 0 0 17 21 0 0 0 0 0 0\n   7       4 loop4 631 0 46376 3200 0 0 0 0 0 2172 3200 0 0 0 0 0 0\n   7       5 loop5 10 0 20 0 0 0 0 0 0 0 0 0 0 0 0 0 0\n   7       6 loop6 0 0 0 0 0 0 0 0 0 0 0 0 0 0 0 0 0\n   7       7 loop7 0 0 0 0 0 0 0 0 0 0 0 0 0 0 0 0 0\n   8       0 sda 8837 4152 1800182 38243 2255 4524 624242 129082 0 12527 167415 148 31 910224 89 0 0\n   8       1 sda1 8189 3446 1758343 37946 2227 4444 623924 129061 0 14391 167098 148 31 910224 89 0 0\n   8      14 sda14 109 0 1120 39 0 0 0 0 0 36 39 0 0 0 0 0 0\n   8      15 sda15 200 675 19334 97 3 0 10 2 0 59 99 0 0 0 0 0 0\n 259       0 sda16 239 31 17545 112 25 80 308 18 0 96 131 0 0 0 0 0 0\n"}
{"timestamp":1768156106,"subsystem":"statfs[*]","measurement":"{\"mount_point\":\"/\",\"block_size\":4096,\"blocks_total\":12422878,\"blocks_free\":11448571,\"blocks_available\":11444475}\n{\"mount_point\":\"/boot\",\"block_size\":4096,\"blocks_total\":225380,\"blocks_free\":186421,\"blocks_available\":170639}\n{\"mount_point\":\"/boot/efi\",\"block_size\":512,\"blocks_total\":213663,\"blocks_free\":201164,\"blocks_available\":201164}\n"}
{"timestamp":1768156111,"subsystem":"/proc/cpuinfo","measurement":"processor\t: 0\nvendor_id\t: AuthenticAMD\ncpu family\t: 25\nmodel\t\t: 17\nmodel name\t: AMD EPYC 9J14 96-Core Processor\nstepping\t: 1\nmicrocode\t: 0xa101154\ncpu MHz\t\t: 2596.098\ncache size\t: 512 KB\nphysical id\t: 0\nsiblings\t: 2\ncore id\t\t: 0\ncpu cores\t: 1\napicid\t\t: 0\ninitial apicid\t: 0\nfpu\t\t: yes\nfpu_exception\t: yes\ncpuid level\t: 16\nwp\t\t: yes\nflags\t\t: fpu vme de pse tsc msr pae mce cx8 apic sep mtrr pge mca cmov pat pse36 clflush mmx fxsr sse sse2 ht syscall nx mmxext fxsr_opt pdpe1gb rdtscp lm rep_good nopl xtopology cpuid extd_apicid tsc_known_freq pni pclmulqdq ssse3 fma cx16 pcid sse4_1 sse4_2 x2apic movbe popcnt tsc_deadline_timer aes xsave avx f16c rdrand hypervisor lahf_lm cmp_legacy svm cr8_legacy abm sse4a misalignsse 3dnowprefetch osvw topoext perfctr_core ssbd ibrs ibpb stibp vmmcall fsgsbase tsc_adjust bmi1 avx2 smep bmi2 erms invpcid avx512f avx512dq rdseed adx smap avx512ifma clflushopt clwb avx512cd sha_ni avx512bw avx512vl xsaveopt xsavec xgetbv1 xsaves avx512_bf16 clzero xsaveerptr wbnoinvd arat npt nrip_save vgif vnmi avx512vbmi umip pku ospke avx512_vbmi2 gfni vaes vpclmulqdq avx512_vnni avx512_bitalg avx512_vpopcntdq la57 rdpid overflow_recov succor fsrm arch_capabilities\nbugs\t\t: sysret_ss_attrs null_seg spectre_v1 spectre_v2 spec_store_bypass srso ibpb_no_ret tsa\nbogomips\t: 5192.19\nTLB size\t: 1024 4K pages\nclflush size\t: 64\ncache_alignment\t: 64\naddress sizes\t: 40 bits physical, 57 bits virtual\npower management:\n\nprocessor\t: 1\nvendor_id\t: AuthenticAMD\ncpu family\t: 25\nmodel\t\t: 17\nmodel name\t: AMD EPYC 9J14 96-Core Processor\nstepping\t: 1\nmicrocode\t: 0xa101154\ncpu MHz\t\t: 2596.098\ncache size\t: 512 KB\nphysical id\t: 0\nsiblings\t: 2\ncore id\t\t: 0\ncpu cores\t: 1\napicid\t\t: 1\ninitial apicid\t: 1\nfpu\t\t: yes\nfpu_exception\t: yes\ncpuid level\t: 16\nwp\t\t: yes\nflags\t\t: fpu vme de pse tsc msr pae mce cx8 apic sep mtrr pge mca cmov pat pse36 clflush mmx fxsr sse sse2 ht syscall nx mmxext fxsr_opt pdpe1gb rdtscp lm rep_good nopl xtopology cpuid extd_apicid tsc_known_freq pni pclmulqdq ssse3 fma cx16 pcid sse4_1 sse4_2 x2apic movbe popcnt tsc_deadline_timer aes xsave avx f16c rdrand hypervisor lahf_lm cmp_legacy svm cr8_legacy abm sse4a misalignsse 3dnowprefetch osvw topoext perfctr_core ssbd ibrs ibpb stibp vmmcall fsgsbase tsc_adjust bmi1 avx2 smep bmi2 erms invpcid avx512f avx512dq rdseed adx smap avx512ifma clflushopt clwb avx512cd sha_ni avx512bw avx512vl xsaveopt xsavec xgetbv1 xsaves avx512_bf16 clzero xsaveerptr wbnoinvd arat npt nrip_save vgif vnmi avx512vbmi umip pku ospke avx512_vbmi2 gfni vaes vpclmulqdq avx512_vnni avx512_bitalg avx512_vpopcntdq la57 rdpid overflow_recov succor fsrm arch_capabilities\nbugs\t\t: sysret_ss_attrs null_seg spectre_v1 spectre_v2 spec_store_bypass srso ibpb_no_ret tsa\nbogomips\t: 5192.19\nTLB size\t: 1024 4K pages\nclflush size\t: 64\ncache_alignment\t: 64\naddress sizes\t: 40 bits physical, 57 bits virtual\npower management:\n\n"}
{"timestamp":1768156111,"subsystem":"/proc/stat","measurement":"cpu  8156 132 1302 25947 1044 0 5 137 0 0\ncpu0 4067 55 697 12923 529 0 3 79 0 0\ncpu1 4089 77 604 13024 515 0 2 58 0 0\nintr 160254 68 9 0 0 988 0 0 0 0 0 0 0 15 0 0 0 0 0 0 29 0 0 0 0 0 0 0 0 0 0 0 0 0 0 0 0 0 0 0 0 0 0 0 0 0 0 0 0 0 0 0 0 5416 4566 0 2169 1943 0 0 0 0 0 0 0 0 0 0 0 0 0 0 0 0 0 0 0 0 0 0 0 0 0 0 0 0 0 0 0 0 0 0 0 0 0 0 0 0 0 0 0 0 0 0 0 0 0 0 0 0 0 0 0 0 0 0 0 0 0 0 0 0 0 0 0 0 0 0 0 0 0 0 0 0 0 0 0 0 0 0 0 0 0 0 0 0 0 0 0 0 0 0 0 0 0 0 0 0 0 0 0 0 0 0 0 0 0 0 0 0 0 0 0 0 0 0 0 0 0 0 0 0 0 0 0 0 0 0 0 0 0 0 0 0 0 0 0 0 0 0 0 0 0 0 0 0 0 0 0 0 0 0 0 0 0 0 0 0 0 0 0 0 0 0 0 0 0 0 0 0 0 0 0 0 0 0 0 0 0 0 0 0 0 0 0 0 0 0 0 0 0 0 0 0 0 0 0 0 0 0 0 0 0 0 0 0 0 0 0 0 0 0 0 0 0 0 0 0 0 0 0 0 0 0 0 0 0 0 0 0 0 0 0 0 0 0 0 0 0 0 0 0 0 0 0 0 0 0 0 0 0 0 0 0 0 0 0 0 0 0 0 0 0 0 0 0 0 0 0 0 0 0 0 0 0 0 0 0 0 0 0 0 0 0 0 0 0 0 0 0 0 0 0 0 0 0 0 0 0 0 0 0 0 0 0 0 0 0 0 0 0 0 0 0 0 0 0 0 0 0 0 0 0 0 0 0 0 0 0 0 0 0 0 0 0 0 0 0 0 0 0 0 0 0 0 0 0 0 0 0 0 0 0 0 0 0 0 0 0 0 0 0 0 0 0 0 0 0 0 0 0 0 0 0 0 0 0 0 0 0 0\nctxt 124573\nbtime 1768155927\nprocesses 2330\nprocs_running 3\nprocs_blocked 0\nsoftirq 61897 6 9524 10 3795 1447 0 122 11130 0 35863\n"}
{"timestamp":1768156111,"subsystem":"/proc/meminfo","measurement":"MemTotal:        4004576 kB\nMemFree:         2532092 kB\nMemAvailable:    3411324 kB\nBuffers:           29980 kB\nCached:          1060504 kB\nSwapCached:            0 kB\nActive:           759064 kB\nInactive:         513848 kB\nActive(anon):     202452 kB\nInactive(anon):        0 kB\nActive(file):     556612 kB\nInactive(file):   513848 kB\nUnevictable:       39208 kB\nMlocked:           35208 kB\nSwapTotal:             0 kB\nSwapFree:              0 kB\nZswap:                 0 kB\nZswapped:              0 kB\nDirty:                84 kB\nWriteback:             0 kB\nAnonPages:        221732 kB\nMapped:           263212 kB\nShmem:              5312 kB\nKReclaimable:      32944 kB\nSlab:              92728 kB\nSReclaimable:      32944 kB\nSUnreclaim:        59784 kB\nKernelStack:        4176 kB\nPageTables:         5120 kB\nSecPageTables:         0 kB\nNFS_Unstable:          0 kB\nBounce:                0 kB\nWritebackTmp:          0 kB\nCommitLimit:     2002288 kB\nCommitted_AS:    1916772 kB\nVmallocTotal:   13743895347199 kB\nVmallocUsed:       20868 kB\nVmallocChunk:          0 kB\nPercpu:             1088 kB\nHardwareCorrupted:     0 kB\nAnonHugePages:         0 kB\nShmemHugePages:        0 kB\nShmemPmdMapped:        0 kB\nFileHugePages:         0 kB\nFilePmdMapped:         0 kB\nUnaccepted:            0 kB\nHugePages_Total:       0\nHugePages_Free:        0\nHugePages_Rsvd:        0\nHugePages_Surp:        0\nHugepagesize:       2048 kB\nHugetlb:               0 kB\nDirectMap4k:      123816 kB\nDirectMap2M:     4065280 kB\nDirectMap1G:     2097152 kB\n"}
{"timestamp":1768156111,"subsystem":"/proc/net/dev","measurement":"Inter-|   Receive                                                |  Transmit\n face |bytes    packets errs drop fifo frame compressed multicast|bytes    packets errs drop fifo colls carrier compressed\n    lo:   13679      90    0    0    0     0          0         0    13679      90    0    0    0     0       0          0\nenp0s5: 5067477    2530    0    0    0     0          0         0   413981    2003    0    0    0     0       0          0\ndocker0:       0       0    0    0    0     0          0         0        0       0    0    2    0     0       0          0\n"}
{"timestamp":1768156111,"subsystem":"/proc/diskstats","measurement":"   7       0 loop0 41 0 688 13 0 0 0 0 0 12 13 0 0 0 0 0 0\n   7       1 loop1 48 0 716 39 0 0 0 0 0 34 39 0 0 0 0 0 0\n   7       2 loop2 682 0 52154 412 0 0 0 0 0 351 412 0 0 0 0 0 0\n   7       3 loop3 43 0 692 21 0 0 0 0 0 17 21 0 0 0 0 0 0\n   7       4 loop4 631 0 46376 3200 0 0 0 0 0 2172 3200 0 0 0 0 0 0\n   7       5 loop5 10 0 20 0 0 0 0 0 0 0 0 0 0 0 0 0 0\n   7       6 loop6 0 0 0 0 0 0 0 0 0 0 0 0 0 0 0 0 0\n   7       7 loop7 0 0 0 0 0 0 0 0 0 0 0 0 0 0 0 0 0\n   8       0 sda 8837 4152 1800182 38243 2256 4524 624250 129083 0 12527 167416 148 31 910224 89 0 0\n   8       1 sda1 8189 3446 1758343 37946 2228 4444 623932 129062 0 14391 167098 148 31 910224 89 0 0\n   8      14 sda14 109 0 1120 39 0 0 0 0 0 36 39 0 0 0 0 0 0\n   8      15 sda15 200 675 19334 97 3 0 10 2 0 59 99 0 0 0 0 0 0\n 259       0 sda16 239 31 17545 112 25 80 308 18 0 96 131 0 0 0 0 0 0\n"}
{"timestamp":1768156111,"subsystem":"statfs[*]","measurement":"{\"mount_point\":\"/\",\"block_size\":4096,\"blocks_total\":12422878,\"blocks_free\":11448569,\"blocks_available\":11444473}\n{\"mount_point\":\"/boot\",\"block_size\":4096,\"blocks_total\":225380,\"blocks_free\":186421,\"blocks_available\":170639}\n{\"mount_point\":\"/boot/efi\",\"block_size\":512,\"blocks_total\":213663,\"blocks_free\":201164,\"blocks_available\":201164}\n"}
{"timestamp":1768156116,"subsystem":"/proc/cpuinfo","measurement":"processor\t: 0\nvendor_id\t: AuthenticAMD\ncpu family\t: 25\nmodel\t\t: 17\nmodel name\t: AMD EPYC 9J14 96-Core Processor\nstepping\t: 1\nmicrocode\t: 0xa101154\ncpu MHz\t\t: 2596.098\ncache size\t: 512 KB\nphysical id\t: 0\nsiblings\t: 2\ncore id\t\t: 0\ncpu cores\t: 1\napicid\t\t: 0\ninitial apicid\t: 0\nfpu\t\t: yes\nfpu_exception\t: yes\ncpuid level\t: 16\nwp\t\t: yes\nflags\t\t: fpu vme de pse tsc msr pae mce cx8 apic sep mtrr pge mca cmov pat pse36 clflush mmx fxsr sse sse2 ht syscall nx mmxext fxsr_opt pdpe1gb rdtscp lm rep_good nopl xtopology cpuid extd_apicid tsc_known_freq pni pclmulqdq ssse3 fma cx16 pcid sse4_1 sse4_2 x2apic movbe popcnt tsc_deadline_timer aes xsave avx f16c rdrand hypervisor lahf_lm cmp_legacy svm cr8_legacy abm sse4a misalignsse 3dnowprefetch osvw topoext perfctr_core ssbd ibrs ibpb stibp vmmcall fsgsbase tsc_adjust bmi1 avx2 smep bmi2 erms invpcid avx512f avx512dq rdseed adx smap avx512ifma clflushopt clwb avx512cd sha_ni avx512bw avx512vl xsaveopt xsavec xgetbv1 xsaves avx512_bf16 clzero xsaveerptr wbnoinvd arat npt nrip_save vgif vnmi avx512vbmi umip pku ospke avx512_vbmi2 gfni vaes vpclmulqdq avx512_vnni avx512_bitalg avx512_vpopcntdq la57 rdpid overflow_recov succor fsrm arch_capabilities\nbugs\t\t: sysret_ss_attrs null_seg spectre_v1 spectre_v2 spec_store_bypass srso ibpb_no_ret tsa\nbogomips\t: 5192.19\nTLB size\t: 1024 4K pages\nclflush size\t: 64\ncache_alignment\t: 64\naddress sizes\t: 40 bits physical, 57 bits virtual\npower management:\n\nprocessor\t: 1\nvendor_id\t: AuthenticAMD\ncpu family\t: 25\nmodel\t\t: 17\nmodel name\t: AMD EPYC 9J14 96-Core Processor\nstepping\t: 1\nmicrocode\t: 0xa101154\ncpu MHz\t\t: 2596.098\ncache size\t: 512 KB\nphysical id\t: 0\nsiblings\t: 2\ncore id\t\t: 0\ncpu cores\t: 1\napicid\t\t: 1\ninitial apicid\t: 1\nfpu\t\t: yes\nfpu_exception\t: yes\ncpuid level\t: 16\nwp\t\t: yes\nflags\t\t: fpu vme de pse tsc msr pae mce cx8 apic sep mtrr pge mca cmov pat pse36 clflush mmx fxsr sse sse2 ht syscall nx mmxext fxsr_opt pdpe1gb rdtscp lm rep_good nopl xtopology cpuid extd_apicid tsc_known_freq pni pclmulqdq ssse3 fma cx16 pcid sse4_1 sse4_2 x2apic movbe popcnt tsc_deadline_timer aes xsave avx f16c rdrand hypervisor lahf_lm cmp_legacy svm cr8_legacy abm sse4a misalignsse 3dnowprefetch osvw topoext perfctr_core ssbd ibrs ibpb stibp vmmcall fsgsbase tsc_adjust bmi1 avx2 smep bmi2 erms invpcid avx512f avx512dq rdseed adx smap avx512ifma clflushopt clwb avx512cd sha_ni avx512bw avx512vl xsaveopt xsavec xgetbv1 xsaves avx512_bf16 clzero xsaveerptr wbnoinvd arat npt nrip_save vgif vnmi avx512vbmi umip pku ospke avx512_vbmi2 gfni vaes vpclmulqdq avx512_vnni avx512_bitalg avx512_vpopcntdq la57 rdpid overflow_recov succor fsrm arch_capabilities\nbugs\t\t: sysret_ss_attrs null_seg spectre_v1 spectre_v2 spec_store_bypass srso ibpb_no_ret tsa\nbogomips\t: 5192.19\nTLB size\t: 1024 4K pages\nclflush size\t: 64\ncache_alignment\t: 64\naddress sizes\t: 40 bits physical, 57 bits virtual\npower management:\n\n"}
{"timestamp":1768156116,"subsystem":"/proc/stat","measurement":"cpu  9155 132 1303 25947 1044 0 5 137 0 0\ncpu0 4566 55 698 12923 529 0 3 79 0 0\ncpu1 4588 77 604 13024 515 0 2 58 0 0\nintr 170433 68 9 0 0 988 0 0 0 0 0 0 0 15 0 0 0 0 0 0 29 0 0 0 0 0 0 0 0 0 0 0 0 0 0 0 0 0 0 0 0 0 0 0 0 0 0 0 0 0 0 0 0 5416 4566 0 2171 1947 0 0 0 0 0 0 0 0 0 0 0 0 0 0 0 0 0 0 0 0 0 0 0 0 0 0 0 0 0 0 0 0 0 0 0 0 0 0 0 0 0 0 0 0 0 0 0 0 0 0 0 0 0 0 0 0 0 0 0 0 0 0 0 0 0 0 0 0 0 0 0 0 0 0 0 0 0 0 0 0 0 0 0 0 0 0 0 0 0 0 0 0 0 0 0 0 0 0 0 0 0 0 0 0 0 0 0 0 0 0 0 0 0 0 0 0 0 0 0 0 0 0 0 0 0 0 0 0 0 0 0 0 0 0 0 0 0 0 0 0 0 0 0 0 0 0 0 0 0 0 0 0 0 0 0 0 0 0 0 0 0 0 0 0 0 0 0 0 0 0 0 0 0 0 0 0 0 0 0 0 0 0 0 0 0 0 0 0 0 0 0 0 0 0 0 0 0 0 0 0 0 0 0 0 0 0 0 0 0 0 0 0 0 0 0 0 0 0 0 0 0 0 0 0 0 0 0 0 0 0 0 0 0 0 0 0 0 0 0 0 0 0 0 0 0 0 0 0 0 0 0 0 0 0 0 0 0 0 0 0 0 0 0 0 0 0 0 0 0 0 0 0 0 0 0 0 0 0 0 0 0 0 0 0 0 0 0 0 0 0 0 0 0 0 0 0 0 0 0 0 0 0 0 0 0 0 0 0 0 0 0 0 0 0 0 0 0 0 0 0 0 0 0 0 0 0 0 0 0 0 0 0 0 0 0 0 0 0 0 0 0 0 0 0 0 0 0 0 0 0 0 0 0 0 0 0 0 0 0 0 0 0 0 0 0 0 0 0 0 0 0 0 0 0 0 0 0 0 0 0 0 0 0\nctxt 125357\nbtime 1768155927\nprocesses 2333\nprocs_running 5\nprocs_blocked 0\nsoftirq 62291 6 9675 10 3799 1447 0 122 11289 0 35943\n"}
{"timestamp":1768156116,"subsystem":"/proc/meminfo","measurement":"MemTotal:        4004576 kB\nMemFree:         2532092 kB\nMemAvailable:    3411324 kB\nBuffers:           29980 kB\nCached:          1060512 kB\nSwapCached:            0 kB\nActive:           759296 kB\nInactive:         513848 kB\nActive(anon):     202684 kB\nInactive(anon):        0 kB\nActive(file):     556612 kB\nInactive(file):   513848 kB\nUnevictable:       39208 kB\nMlocked:           35208 kB\nSwapTotal:             0 kB\nSwapFree:              0 kB\nZswap:                 0 kB\nZswapped:              0 kB\nDirty:                92 kB\nWriteback:             0 kB\nAnonPages:        221872 kB\nMapped:           263212 kB\nShmem:              5312 kB\nKReclaimable:      32944 kB\nSlab:              92728 kB\nSReclaimable:      32944 kB\nSUnreclaim:        59784 kB\nKernelStack:        4176 kB\nPageTables:         5120 kB\nSecPageTables:         0 kB\nNFS_Unstable:          0 kB\nBounce:                0 kB\nWritebackTmp:          0 kB\nCommitLimit:     2002288 kB\nCommitted_AS:    1916772 kB\nVmallocTotal:   13743895347199 kB\nVmallocUsed:       20884 kB\nVmallocChunk:          0 kB\nPercpu:             1088 kB\nHardwareCorrupted:     0 kB\nAnonHugePages:         0 kB\nShmemHugePages:        0 kB\nShmemPmdMapped:        0 kB\nFileHugePages:         0 kB\nFilePmdMapped:         0 kB\nUnaccepted:            0 kB\nHugePages_Total:       0\nHugePages_Free:        0\nHugePages_Rsvd:        0\nHugePages_Surp:        0\nHugepagesize:       2048 kB\nHugetlb:               0 kB\nDirectMap4k:      123816 kB\nDirectMap2M:     4065280 kB\nDirectMap1G:     2097152 kB\n"}
{"timestamp":1768156116,"subsystem":"/proc/net/dev","measurement":"Inter-|   Receive                                                |  Transmit\n face |bytes    packets errs drop fifo frame compressed multicast|bytes    packets errs drop fifo colls carrier compressed\n    lo:   13679      90    0    0    0     0          0         0    13679      90    0    0    0     0       0          0\nenp0s5: 5067797    2535    0    0    0     0          0         0   414287    2008    0    0    0     0       0          0\ndocker0:       0       0    0    0    0     0          0         0        0       0    0    2    0     0       0          0\n"}
{"timestamp":1768156116,"subsystem":"/proc/diskstats","measurement":"   7       0 loop0 41 0 688 13 0 0 0 0 0 12 13 0 0 0 0 0 0\n   7       1 loop1 48 0 716 39 0 0 0 0 0 34 39 0 0 0 0 0 0\n   7       2 loop2 682 0 52154 412 0 0 0 0 0 351 412 0 0 0 0 0 0\n   7       3 loop3 43 0 692 21 0 0 0 0 0 17 21 0 0 0 0 0 0\n   7       4 loop4 631 0 46376 3200 0 0 0 0 0 2172 3200 0 0 0 0 0 0\n   7       5 loop5 10 0 20 0 0 0 0 0 0 0 0 0 0 0 0 0 0\n   7       6 loop6 0 0 0 0 0 0 0 0 0 0 0 0 0 0 0 0 0\n   7       7 loop7 0 0 0 0 0 0 0 0 0 0 0 0 0 0 0 0 0\n   8       0 sda 8837 4152 1800182 38243 2256 4524 624250 129083 0 12527 167416 148 31 910224 89 0 0\n   8       1 sda1 8189 3446 1758343 37946 2228 4444 623932 129062 0 14391 167098 148 31 910224 89 0 0\n   8      14 sda14 109 0 1120 39 0 0 0 0 0 36 39 0 0 0 0 0 0\n   8      15 sda15 200 675 19334 97 3 0 10 2 0 59 99 0 0 0 0 0 0\n 259       0 sda16 239 31 17545 112 25 80 308 18 0 96 131 0 0 0 0 0 0\n"}
{"timestamp":1768156116,"subsystem":"statfs[*]","measurement":"{\"mount_point\":\"/\",\"block_size\":4096,\"blocks_total\":12422878,\"blocks_free\":11448567,\"blocks_available\":11444471}\n{\"mount_point\":\"/boot\",\"block_size\":4096,\"blocks_total\":225380,\"blocks_free\":186421,\"blocks_available\":170639}\n{\"mount_point\":\"/boot/efi\",\"block_size\":512,\"blocks_total\":213663,\"blocks_free\":201164,\"blocks_available\":201164}\n"}
{"timestamp":1768156121,"subsystem":"/proc/cpuinfo","measurement":"processor\t: 0\nvendor_id\t: AuthenticAMD\ncpu family\t: 25\nmodel\t\t: 17\nmodel name\t: AMD EPYC 9J14 96-Core Processor\nstepping\t: 1\nmicrocode\t: 0xa101154\ncpu MHz\t\t: 2596.098\ncache size\t: 512 KB\nphysical id\t: 0\nsiblings\t: 2\ncore id\t\t: 0\ncpu cores\t: 1\napicid\t\t: 0\ninitial apicid\t: 0\nfpu\t\t: yes\nfpu_exception\t: yes\ncpuid level\t: 16\nwp\t\t: yes\nflags\t\t: fpu vme de pse tsc msr pae mce cx8 apic sep mtrr pge mca cmov pat pse36 clflush mmx fxsr sse sse2 ht syscall nx mmxext fxsr_opt pdpe1gb rdtscp lm rep_good nopl xtopology cpuid extd_apicid tsc_known_freq pni pclmulqdq ssse3 fma cx16 pcid sse4_1 sse4_2 x2apic movbe popcnt tsc_deadline_timer aes xsave avx f16c rdrand hypervisor lahf_lm cmp_legacy svm cr8_legacy abm sse4a misalignsse 3dnowprefetch osvw topoext perfctr_core ssbd ibrs ibpb stibp vmmcall fsgsbase tsc_adjust bmi1 avx2 smep bmi2 erms invpcid avx512f avx512dq rdseed adx smap avx512ifma clflushopt clwb avx512cd sha_ni avx512bw avx512vl xsaveopt xsavec xgetbv1 xsaves avx512_bf16 clzero xsaveerptr wbnoinvd arat npt nrip_save vgif vnmi avx512vbmi umip pku ospke avx512_vbmi2 gfni vaes vpclmulqdq avx512_vnni avx512_bitalg avx512_vpopcntdq la57 rdpid overflow_recov succor fsrm arch_capabilities\nbugs\t\t: sysret_ss_attrs null_seg spectre_v1 spectre_v2 spec_store_bypass srso ibpb_no_ret tsa\nbogomips\t: 5192.19\nTLB size\t: 1024 4K pages\nclflush size\t: 64\ncache_alignment\t: 64\naddress sizes\t: 40 bits physical, 57 bits virtual\npower management:\n\nprocessor\t: 1\nvendor_id\t: AuthenticAMD\ncpu family\t: 25\nmodel\t\t: 17\nmodel name\t: AMD EPYC 9J14 96-Core Processor\nstepping\t: 1\nmicrocode\t: 0xa101154\ncpu MHz\t\t: 2596.098\ncache size\t: 512 KB\nphysical id\t: 0\nsiblings\t: 2\ncore id\t\t: 0\ncpu cores\t: 1\napicid\t\t: 1\ninitial apicid\t: 1\nfpu\t\t: yes\nfpu_exception\t: yes\ncpuid level\t: 16\nwp\t\t: yes\nflags\t\t: fpu vme de pse tsc msr pae mce cx8 apic sep mtrr pge mca cmov pat pse36 clflush mmx fxsr sse sse2 ht syscall nx mmxext fxsr_opt pdpe1gb rdtscp lm rep_good nopl xtopology cpuid extd_apicid tsc_known_freq pni pclmulqdq ssse3 fma cx16 pcid sse4_1 sse4_2 x2apic movbe popcnt tsc_deadline_timer aes xsave avx f16c rdrand hypervisor lahf_lm cmp_legacy svm cr8_legacy abm sse4a misalignsse 3dnowprefetch osvw topoext perfctr_core ssbd ibrs ibpb stibp vmmcall fsgsbase tsc_adjust bmi1 avx2 smep bmi2 erms invpcid avx512f avx512dq rdseed adx smap avx512ifma clflushopt clwb avx512cd sha_ni avx512bw avx512vl xsaveopt xsavec xgetbv1 xsaves avx512_bf16 clzero xsaveerptr wbnoinvd arat npt nrip_save vgif vnmi avx512vbmi umip pku ospke avx512_vbmi2 gfni vaes vpclmulqdq avx512_vnni avx512_bitalg avx512_vpopcntdq la57 rdpid overflow_recov succor fsrm arch_capabilities\nbugs\t\t: sysret_ss_attrs null_seg spectre_v1 spectre_v2 spec_store_bypass srso ibpb_no_ret tsa\nbogomips\t: 5192.19\nTLB size\t: 1024 4K pages\nclflush size\t: 64\ncache_alignment\t: 64\naddress sizes\t: 40 bits physical, 57 bits virtual\npower management:\n\n"}
{"timestamp":1768156121,"subsystem":"/proc/stat","measurement":"cpu  10154 132 1303 25947 1044 0 5 138 0 0\ncpu0 5066 55 698 12923 529 0 3 79 0 0\ncpu1 5088 77 605 13024 515 0 2 58 0 0\nintr 180599 68 9 0 0 988 0 0 0 0 0 0 0 15 0 0 0 0 0 0 29 0 0 0 0 0 0 0 0 0 0 0 0 0 0 0 0 0 0 0 0 0 0 0 0 0 0 0 0 0 0 0 0 5416 4566 0 2171 1947 0 0 0 0 0 0 0 0 0 0 0 0 0 0 0 0 0 0 0 0 0 0 0 0 0 0 0 0 0 0 0 0 0 0 0 0 0 0 0 0 0 0 0 0 0 0 0 0 0 0 0 0 0 0 0 0 0 0 0 0 0 0 0 0 0 0 0 0 0 0 0 0 0 0 0 0 0 0 0 0 0 0 0 0 0 0 0 0 0 0 0 0 0 0 0 0 0 0 0 0 0 0 0 0 0 0 0 0 0 0 0 0 0 0 0 0 0 0 0 0 0 0 0 0 0 0 0 0 0 0 0 0 0 0 0 0 0 0 0 0 0 0 0 0 0 0 0 0 0 0 0 0 0 0 0 0 0 0 0 0 0 0 0 0 0 0 0 0 0 0 0 0 0 0 0 0 0 0 0 0 0 0 0 0 0 0 0 0 0 0 0 0 0 0 0 0 0 0 0 0 0 0 0 0 0 0 0 0 0 0 0 0 0 0 0 0 0 0 0 0 0 0 0 0 0 0 0 0 0 0 0 0 0 0 0 0 0 0 0 0 0 0 0 0 0 0 0 0 0 0 0 0 0 0 0 0 0 0 0 0 0 0 0 0 0 0 0 0 0 0 0 0 0 0 0 0 0 0 0 0 0 0 0 0 0 0 0 0 0 0 0 0 0 0 0 0 0 0 0 0 0 0 0 0 0 0 0 0 0 0 0 0 0 0 0 0 0 0 0 0 0 0 0 0 0 0 0 0 0 0 0 0 0 0 0 0 0 0 0 0 0 0 0 0 0 0 0 0 0 0 0 0 0 0 0 0 0 0 0 0 0 0 0 0 0 0 0 0 0 0 0 0 0 0 0 0 0 0 0 0 0 0 0\nctxt 126110\nbtime 1768155927\nprocesses 2336\nprocs_running 3\nprocs_blocked 0\nsoftirq 62657 6 9808 10 3799 1447 0 122 11447 0 36018\n"}
{"timestamp":1768156121,"subsystem":"/proc/meminfo","measurement":"MemTotal:        4004576 kB\nMemFree:         2532092 kB\nMemAvailable:    3411324 kB\nBuffers:           29980 kB\nCached:          1060520 kB\nSwapCached:            0 kB\nActive:           759416 kB\nInactive:         513848 kB\nActive(anon):     202804 kB\nInactive(anon):        0 kB\nActive(file):     556612 kB\nInactive(file):   513848 kB\nUnevictable:       39208 kB\nMlocked:           35208 kB\nSwapTotal:             0 kB\nSwapFree:              0 kB\nZswap:                 0 kB\nZswapped:              0 kB\nDirty:               100 kB\nWriteback:             0 kB\nAnonPages:        222040 kB\nMapped:           263212 kB\nShmem:              5312 kB\nKReclaimable:      32944 kB\nSlab:              92732 kB\nSReclaimable:      32944 kB\nSUnreclaim:        59788 kB\nKernelStack:        4176 kB\nPageTables:         5120 kB\nSecPageTables:         0 kB\nNFS_Unstable:          0 kB\nBounce:                0 kB\nWritebackTmp:          0 kB\nCommitLimit:     2002288 kB\nCommitted_AS:    1916772 kB\nVmallocTotal:   13743895347199 kB\nVmallocUsed:       20884 kB\nVmallocChunk:          0 kB\nPercpu:             1088 kB\nHardwareCorrupted:     0 kB\nAnonHugePages:         0 kB\nShmemHugePages:        0 kB\nShmemPmdMapped:        0 kB\nFileHugePages:         0 kB\nFilePmdMapped:         0 kB\nUnaccepted:            0 kB\nHugePages_Total:       0\nHugePages_Free:        0\nHugePages_Rsvd:        0\nHugePages_Surp:        0\nHugepagesize:       2048 kB\nHugetlb:               0 kB\nDirectMap4k:      123816 kB\nDirectMap2M:     4065280 kB\nDirectMap1G:     2097152 kB\n"}
{"timestamp":1768156121,"subsystem":"/proc/net/dev","measurement":"Inter-|   Receive                                                |  Transmit\n face |bytes    packets errs drop fifo frame compressed multicast|bytes    packets errs drop fifo colls carrier compressed\n    lo:   13679      90    0    0    0     0          0         0    13679      90    0    0    0     0       0          0\nenp0s5: 5067797    2535    0    0    0     0          0         0   414287    2008    0    0    0     0       0          0\ndocker0:       0       0    0    0    0     0          0         0        0       0    0    2    0     0       0          0\n"}
{"timestamp":1768156121,"subsystem":"/proc/diskstats","measurement":"   7       0 loop0 41 0 688 13 0 0 0 0 0 12 13 0 0 0 0 0 0\n   7       1 loop1 48 0 716 39 0 0 0 0 0 34 39 0 0 0 0 0 0\n   7       2 loop2 682 0 52154 412 0 0 0 0 0 351 412 0 0 0 0 0 0\n   7       3 loop3 43 0 692 21 0 0 0 0 0 17 21 0 0 0 0 0 0\n   7       4 loop4 631 0 46376 3200 0 0 0 0 0 2172 3200 0 0 0 0 0 0\n   7       5 loop5 10 0 20 0 0 0 0 0 0 0 0 0 0 0 0 0 0\n   7       6 loop6 0 0 0 0 0 0 0 0 0 0 0 0 0 0 0 0 0\n   7       7 loop7 0 0 0 0 0 0 0 0 0 0 0 0 0 0 0 0 0\n   8       0 sda 8837 4152 1800182 38243 2256 4524 624250 129083 0 12527 167416 148 31 910224 89 0 0\n   8       1 sda1 8189 3446 1758343 37946 2228 4444 623932 129062 0 14391 167098 148 31 910224 89 0 0\n   8      14 sda14 109 0 1120 39 0 0 0 0 0 36 39 0 0 0 0 0 0\n   8      15 sda15 200 675 19334 97 3 0 10 2 0 59 99 0 0 0 0 0 0\n 259       0 sda16 239 31 17545 112 25 80 308 18 0 96 131 0 0 0 0 0 0\n"}
{"timestamp":1768156121,"subsystem":"statfs[*]","measurement":"{\"mount_point\":\"/\",\"block_size\":4096,\"blocks_total\":12422878,\"blocks_free\":11448565,\"blocks_available\":11444469}\n{\"mount_point\":\"/boot\",\"block_size\":4096,\"blocks_total\":225380,\"blocks_free\":186421,\"blocks_available\":170639}\n{\"mount_point\":\"/boot/efi\",\"block_size\":512,\"blocks_total\":213663,\"blocks_free\":201164,\"blocks_available\":201164}\n"}
{"timestamp":1768156126,"subsystem":"/proc/cpuinfo","measurement":"processor\t: 0\nvendor_id\t: AuthenticAMD\ncpu family\t: 25\nmodel\t\t: 17\nmodel name\t: AMD EPYC 9J14 96-Core Processor\nstepping\t: 1\nmicrocode\t: 0xa101154\ncpu MHz\t\t: 2596.098\ncache size\t: 512 KB\nphysical id\t: 0\nsiblings\t: 2\ncore id\t\t: 0\ncpu cores\t: 1\napicid\t\t: 0\ninitial apicid\t: 0\nfpu\t\t: yes\nfpu_exception\t: yes\ncpuid level\t: 16\nwp\t\t: yes\nflags\t\t: fpu vme de pse tsc msr pae mce cx8 apic sep mtrr pge mca cmov pat pse36 clflush mmx fxsr sse sse2 ht syscall nx mmxext fxsr_opt pdpe1gb rdtscp lm rep_good nopl xtopology cpuid extd_apicid tsc_known_freq pni pclmulqdq ssse3 fma cx16 pcid sse4_1 sse4_2 x2apic movbe popcnt tsc_deadline_timer aes xsave avx f16c rdrand hypervisor lahf_lm cmp_legacy svm cr8_legacy abm sse4a misalignsse 3dnowprefetch osvw topoext perfctr_core ssbd ibrs ibpb stibp vmmcall fsgsbase tsc_adjust bmi1 avx2 smep bmi2 erms invpcid avx512f avx512dq rdseed adx smap avx512ifma clflushopt clwb avx512cd sha_ni avx512bw avx512vl xsaveopt xsavec xgetbv1 xsaves avx512_bf16 clzero xsaveerptr wbnoinvd arat npt nrip_save vgif vnmi avx512vbmi umip pku ospke avx512_vbmi2 gfni vaes vpclmulqdq avx512_vnni avx512_bitalg avx512_vpopcntdq la57 rdpid overflow_recov succor fsrm arch_capabilities\nbugs\t\t: sysret_ss_attrs null_seg spectre_v1 spectre_v2 spec_store_bypass srso ibpb_no_ret tsa\nbogomips\t: 5192.19\nTLB size\t: 1024 4K pages\nclflush size\t: 64\ncache_alignment\t: 64\naddress sizes\t: 40 bits physical, 57 bits virtual\npower management:\n\nprocessor\t: 1\nvendor_id\t: AuthenticAMD\ncpu family\t: 25\nmodel\t\t: 17\nmodel name\t: AMD EPYC 9J14 96-Core Processor\nstepping\t: 1\nmicrocode\t: 0xa101154\ncpu MHz\t\t: 2596.098\ncache size\t: 512 KB\nphysical id\t: 0\nsiblings\t: 2\ncore id\t\t: 0\ncpu cores\t: 1\napicid\t\t: 1\ninitial apicid\t: 1\nfpu\t\t: yes\nfpu_exception\t: yes\ncpuid level\t: 16\nwp\t\t: yes\nflags\t\t: fpu vme de pse tsc msr pae mce cx8 apic sep mtrr pge mca cmov pat pse36 clflush mmx fxsr sse sse2 ht syscall nx mmxext fxsr_opt pdpe1gb rdtscp lm rep_good nopl xtopology cpuid extd_apicid tsc_known_freq pni pclmulqdq ssse3 fma cx16 pcid sse4_1 sse4_2 x2apic movbe popcnt tsc_deadline_timer aes xsave avx f16c rdrand hypervisor lahf_lm cmp_legacy svm cr8_legacy abm sse4a misalignsse 3dnowprefetch osvw topoext perfctr_core ssbd ibrs ibpb stibp vmmcall fsgsbase tsc_adjust bmi1 avx2 smep bmi2 erms invpcid avx512f avx512dq rdseed adx smap avx512ifma clflushopt clwb avx512cd sha_ni avx512bw avx512vl xsaveopt xsavec xgetbv1 xsaves avx512_bf16 clzero xsaveerptr wbnoinvd arat npt nrip_save vgif vnmi avx512vbmi umip pku ospke avx512_vbmi2 gfni vaes vpclmulqdq avx512_vnni avx512_bitalg avx512_vpopcntdq la57 rdpid overflow_recov succor fsrm arch_capabilities\nbugs\t\t: sysret_ss_attrs null_seg spectre_v1 spectre_v2 spec_store_bypass srso ibpb_no_ret tsa\nbogomips\t: 5192.19\nTLB size\t: 1024 4K pages\nclflush size\t: 64\ncache_alignment\t: 64\naddress sizes\t: 40 bits physical, 57 bits virtual\npower management:\n\n"}
{"timestamp":1768156126,"subsystem":"/proc/stat","measurement":"cpu  11153 132 1304 25947 1044 0 5 138 0 0\ncpu0 5565 55 698 12923 529 0 3 79 0 0\ncpu1 5588 77 605 13024 515 0 2 58 0 0\nintr 190766 68 9 0 0 988 0 0 0 0 0 0 0 15 0 0 0 0 0 0 29 0 0 0 0 0 0 0 0 0 0 0 0 0 0 0 0 0 0 0 0 0 0 0 0 0 0 0 0 0 0 0 0 5416 4566 0 2175 1949 0 0 0 0 0 0 0 0 0 0 0 0 0 0 0 0 0 0 0 0 0 0 0 0 0 0 0 0 0 0 0 0 0 0 0 0 0 0 0 0 0 0 0 0 0 0 0 0 0 0 0 0 0 0 0 0 0 0 0 0 0 0 0 0 0 0 0 0 0 0 0 0 0 0 0 0 0 0 0 0 0 0 0 0 0 0 0 0 0 0 0 0 0 0 0 0 0 0 0 0 0 0 0 0 0 0 0 0 0 0 0 0 0 0 0 0 0 0 0 0 0 0 0 0 0 0 0 0 0 0 0 0 0 0 0 0 0 0 0 0 0 0 0 0 0 0 0 0 0 0 0 0 0 0 0 0 0 0 0 0 0 0 0 0 0 0 0 0 0 0 0 0 0 0 0 0 0 0 0 0 0 0 0 0 0 0 0 0 0 0 0 0 0 0 0 0 0 0 0 0 0 0 0 0 0 0 0 0 0 0 0 0 0 0 0 0 0 0 0 0 0 0 0 0 0 0 0 0 0 0 0 0 0 0 0 0 0 0 0 0 0 0 0 0 0 0 0 0 0 0 0 0 0 0 0 0 0 0 0 0 0 0 0 0 0 0 0 0 0 0 0 0 0 0 0 0 0 0 0 0 0 0 0 0 0 0 0 0 0 0 0 0 0 0 0 0 0 0 0 0 0 0 0 0 0 0 0 0 0 0 0 0 0 0 0 0 0 0 0 0 0 0 0 0 0 0 0 0 0 0 0 0 0 0 0 0 0 0 0 0 0 0 0 0 0 0 0 0 0 0 0 0 0 0 0 0 0 0 0 0 0 0 0 0 0 0 0 0 0 0 0 0 0 0 0 0 0 0 0 0 0 0 0\nctxt 126844\nbtime 1768155927\nprocesses 2339\nprocs_running 3\nprocs_blocked 0\nsoftirq 63039 6 9956 10 3805 1447 0 122 11606 0 36087\n"}
{"timestamp":1768156126,"subsystem":"/proc/meminfo","measurement":"MemTotal:        4004576 kB\nMemFree:         2532092 kB\nMemAvailable:    3411332 kB\nBuffers:           29980 kB\nCached:          1060528 kB\nSwapCached:            0 kB\nActive:           759524 kB\nInactive:         513856 kB\nActive(anon):     202912 kB\nInactive(anon):        0 kB\nActive(file):     556612 kB\nInactive(file):   513856 kB\nUnevictable:       39208 kB\nMlocked:           35208 kB\nSwapTotal:             0 kB\nSwapFree:              0 kB\nZswap:                 0 kB\nZswapped:              0 kB\nDirty:               108 kB\nWriteback:             0 kB\nAnonPages:        222236 kB\nMapped:           263212 kB\nShmem:              5312 kB\nKReclaimable:      32944 kB\nSlab:              92732 kB\nSReclaimable:      32944 kB\nSUnreclaim:        59788 kB\nKernelStack:        4176 kB\nPageTables:         5120 kB\nSecPageTables:         0 kB\nNFS_Unstable:          0 kB\nBounce:                0 kB\nWritebackTmp:          0 kB\nCommitLimit:     2002288 kB\nCommitted_AS:    1917028 kB\nVmallocTotal:   13743895347199 kB\nVmallocUsed:       20868 kB\nVmallocChunk:          0 kB\nPercpu:             1088 kB\nHardwareCorrupted:     0 kB\nAnonHugePages:         0 kB\nShmemHugePages:        0 kB\nShmemPmdMapped:        0 kB\nFileHugePages:         0 kB\nFilePmdMapped:         0 kB\nUnaccepted:            0 kB\nHugePages_Total:       0\nHugePages_Free:        0\nHugePages_Rsvd:        0\nHugePages_Surp:        0\nHugepagesize:       2048 kB\nHugetlb:               0 kB\nDirectMap4k:      123816 kB\nDirectMap2M:     4065280 kB\nDirectMap1G:     2097152 kB\n"}
{"timestamp":1768156126,"subsystem":"/proc/net/dev","measurement":"Inter-|   Receive                                                |  Transmit\n face |bytes    packets errs drop fifo frame compressed multicast|bytes    packets errs drop fifo colls carrier compressed\n    lo:   13679      90    0    0    0     0          0         0    13679      90    0    0    0     0       0          0\nenp0s5: 5068031    2539    0    0    0     0          0         0   414411    2010    0    0    0     0       0          0\ndocker0:       0       0    0    0    0     0          0         0        0       0    0    2    0     0       0          0\n"}
{"timestamp":1768156126,"subsystem":"/proc/diskstats","measurement":"   7       0 loop0 41 0 688 13 0 0 0 0 0 12 13 0 0 0 0 0 0\n   7       1 loop1 48 0 716 39 0 0 0 0 0 34 39 0 0 0 0 0 0\n   7       2 loop2 682 0 52154 412 0 0 0 0 0 351 412 0 0 0 0 0 0\n   7       3 loop3 43 0 692 21 0 0 0 0 0 17 21 0 0 0 0 0 0\n   7       4 loop4 631 0 46376 3200 0 0 0 0 0 2172 3200 0 0 0 0 0 0\n   7       5 loop5 10 0 20 0 0 0 0 0 0 0 0 0 0 0 0 0 0\n   7       6 loop6 0 0 0 0 0 0 0 0 0 0 0 0 0 0 0 0 0\n   7       7 loop7 0 0 0 0 0 0 0 0 0 0 0 0 0 0 0 0 0\n   8       0 sda 8837 4152 1800182 38243 2256 4524 624250 129083 0 12527 167416 148 31 910224 89 0 0\n   8       1 sda1 8189 3446 1758343 37946 2228 4444 623932 129062 0 14391 167098 148 31 910224 89 0 0\n   8      14 sda14 109 0 1120 39 0 0 0 0 0 36 39 0 0 0 0 0 0\n   8      15 sda15 200 675 19334 97 3 0 10 2 0 59 99 0 0 0 0 0 0\n 259       0 sda16 239 31 17545 112 25 80 308 18 0 96 131 0 0 0 0 0 0\n"}
{"timestamp":1768156126,"subsystem":"statfs[*]","measurement":"{\"mount_point\":\"/\",\"block_size\":4096,\"blocks_total\":12422878,\"blocks_free\":11448563,\"blocks_available\":11444467}\n{\"mount_point\":\"/boot\",\"block_size\":4096,\"blocks_total\":225380,\"blocks_free\":186421,\"blocks_available\":170639}\n{\"mount_point\":\"/boot/efi\",\"block_size\":512,\"blocks_total\":213663,\"blocks_free\":201164,\"blocks_available\":201164}\n"}
{"timestamp":1768156131,"subsystem":"/proc/cpuinfo","measurement":"processor\t: 0\nvendor_id\t: AuthenticAMD\ncpu family\t: 25\nmodel\t\t: 17\nmodel name\t: AMD EPYC 9J14 96-Core Processor\nstepping\t: 1\nmicrocode\t: 0xa101154\ncpu MHz\t\t: 2596.098\ncache size\t: 512 KB\nphysical id\t: 0\nsiblings\t: 2\ncore id\t\t: 0\ncpu cores\t: 1\napicid\t\t: 0\ninitial apicid\t: 0\nfpu\t\t: yes\nfpu_exception\t: yes\ncpuid level\t: 16\nwp\t\t: yes\nflags\t\t: fpu vme de pse tsc msr pae mce cx8 apic sep mtrr pge mca cmov pat pse36 clflush mmx fxsr sse sse2 ht syscall nx mmxext fxsr_opt pdpe1gb rdtscp lm rep_good nopl xtopology cpuid extd_apicid tsc_known_freq pni pclmulqdq ssse3 fma cx16 pcid sse4_1 sse4_2 x2apic movbe popcnt tsc_deadline_timer aes xsave avx f16c rdrand hypervisor lahf_lm cmp_legacy svm cr8_legacy abm sse4a misalignsse 3dnowprefetch osvw topoext perfctr_core ssbd ibrs ibpb stibp vmmcall fsgsbase tsc_adjust bmi1 avx2 smep bmi2 erms invpcid avx512f avx512dq rdseed adx smap avx512ifma clflushopt clwb avx512cd sha_ni avx512bw avx512vl xsaveopt xsavec xgetbv1 xsaves avx512_bf16 clzero xsaveerptr wbnoinvd arat npt nrip_save vgif vnmi avx512vbmi umip pku ospke avx512_vbmi2 gfni vaes vpclmulqdq avx512_vnni avx512_bitalg avx512_vpopcntdq la57 rdpid overflow_recov succor fsrm arch_capabilities\nbugs\t\t: sysret_ss_attrs null_seg spectre_v1 spectre_v2 spec_store_bypass srso ibpb_no_ret tsa\nbogomips\t: 5192.19\nTLB size\t: 1024 4K pages\nclflush size\t: 64\ncache_alignment\t: 64\naddress sizes\t: 40 bits physical, 57 bits virtual\npower management:\n\nprocessor\t: 1\nvendor_id\t: AuthenticAMD\ncpu family\t: 25\nmodel\t\t: 17\nmodel name\t: AMD EPYC 9J14 96-Core Processor\nstepping\t: 1\nmicrocode\t: 0xa101154\ncpu MHz\t\t: 2596.098\ncache size\t: 512 KB\nphysical id\t: 0\nsiblings\t: 2\ncore id\t\t: 0\ncpu cores\t: 1\napicid\t\t: 1\ninitial apicid\t: 1\nfpu\t\t: yes\nfpu_exception\t: yes\ncpuid level\t: 16\nwp\t\t: yes\nflags\t\t: fpu vme de pse tsc msr pae mce cx8 apic sep mtrr pge mca cmov pat pse36 clflush mmx fxsr sse sse2 ht syscall nx mmxext fxsr_opt pdpe1gb rdtscp lm rep_good nopl xtopology cpuid extd_apicid tsc_known_freq pni pclmulqdq ssse3 fma cx16 pcid sse4_1 sse4_2 x2apic movbe popcnt tsc_deadline_timer aes xsave avx f16c rdrand hypervisor lahf_lm cmp_legacy svm cr8_legacy abm sse4a misalignsse 3dnowprefetch osvw topoext perfctr_core ssbd ibrs ibpb stibp vmmcall fsgsbase tsc_adjust bmi1 avx2 smep bmi2 erms invpcid avx512f avx512dq rdseed adx smap avx512ifma clflushopt clwb avx512cd sha_ni avx512bw avx512vl xsaveopt xsavec xgetbv1 xsaves avx512_bf16 clzero xsaveerptr wbnoinvd arat npt nrip_save vgif vnmi avx512vbmi umip pku ospke avx512_vbmi2 gfni vaes vpclmulqdq avx512_vnni avx512_bitalg avx512_vpopcntdq la57 rdpid overflow_recov succor fsrm arch_capabilities\nbugs\t\t: sysret_ss_attrs null_seg spectre_v1 spectre_v2 spec_store_bypass srso ibpb_no_ret tsa\nbogomips\t: 5192.19\nTLB size\t: 1024 4K pages\nclflush size\t: 64\ncache_alignment\t: 64\naddress sizes\t: 40 bits physical, 57 bits virtual\npower management:\n\n"}
