{"timestamp":1767813011,"subsystem":"/proc/stat","measurement":"cpu  373708 4860 107483 67002379 258643 0 12620 0 0 0\ncpu0 373708 4860 107483 67002379 258643 0 12620 0 0 0\nintr 30273852 0 0 0 0 2934 0 0 0 0 0 0 0 0 0 0 0 0 0 0 0 0 0 0 0 0 0 0 0 0 0 0 0 0 0 0 0 0 0 0 0 0 0 0 0 0 0 0 0 0 0 0 0 0 0 0 0 0 0 0 0 0 0 0 0 0 0 0 0 0 0 0 0 0 0 0 0 0 0 0 0 0 0 0 0 0 0 0 0 0 0 0 0 0 0 0 0 0 0 0 0 0 0 0 0 0 0 0 0 0 0 0 0 0 0 0 0 0 0 0 0 0 0 0 0 0 0 0 0 0 0 0 0 0 0 0 0 0 0 0 0 0 0 0 0 0 0 0 0 0 0 0 0 0 0 0 0 0 0 0 0 0 0 0 0 0 0 0 0 0 0 0 0 0 0 0 0 0 0 0 0 0 0 0 0 0 0 0 0 0 0 0 0 0 0 0 0 0 0 0 0 0 0 0 0 0 0 0 0 0 0 0 0 0 0 0 0 0 0 0 0 0 0 0 0 0 0 0 0 0 0 0 0 0 0 0 0 0 0 0 0 0 0 0 0 0 0 0 0 0 0 0 0 0 0 0 0\nctxt 56093718\nbtime 1767134306\nprocesses 105593\nprocs_running 2\nprocs_blocked 0\nsoftirq 27098783 0 10254836 4 3329630 0 0 8643355 0 878 4870080\n"}
{"timestamp":1767813011,"subsystem":"/proc/meminfo","measurement":"MemTotal:         868988 kB\nMemFree:          114728 kB\nMemAvailable:     468832 kB\nBuffers:           42460 kB\nCached:           429000 kB\nSwapCached:            0 kB\nActive:            92844 kB\nInactive:         473684 kB\nActive(anon):      42320 kB\nInactive(anon):    65876 kB\nActive(file):      50524 kB\nInactive(file):   407808 kB\nUnevictable:       30724 kB\nMlocked:           27652 kB\nSwapTotal:             0 kB\nSwapFree:              0 kB\nZswap:                 0 kB\nZswapped:              0 kB\nDirty:              1136 kB\nWriteback:             0 kB\nAnonPages:        124780 kB\nMapped:            57060 kB\nShmem:              4064 kB\nKReclaimable:      33752 kB\nSlab:              83748 kB\nSReclaimable:      33752 kB\nSUnreclaim:        49996 kB\nKernelStack:        2176 kB\nPageTables:         2768 kB\nSecPageTables:         0 kB\nNFS_Unstable:          0 kB\nBounce:                0 kB\nWritebackTmp:          0 kB\nCommitLimit:      434492 kB\nCommitted_AS:     481104 kB\nVmallocTotal:   34359738367 kB\nVmallocUsed:       32828 kB\nVmallocChunk:          0 kB\nPercpu:              792 kB\nHardwareCorrupted:     0 kB\nAnonHugePages:     30720 kB\nShmemHugePages:        0 kB\nShmemPmdMapped:        0 kB\nFileHugePages:         0 kB\nFilePmdMapped:         0 kB\nUnaccepted:            0 kB\nHugePages_Total:       0\nHugePages_Free:        0\nHugePages_Rsvd:        0\nHugePages_Surp:        0\nHugepagesize:       2048 kB\nHugetlb:               0 kB\nDirectMap4k:       76968 kB\nDirectMap2M:      919552 kB\nDirectMap1G:           0 kB\n"}
{"timestamp":1767813011,"subsystem":"/proc/net/dev","measurement":"Inter-|   Receive                                                |  Transmit\n face |bytes    packets errs drop fifo frame compressed multicast|bytes    packets errs drop fifo colls carrier compressed\n    lo:  224947    1474    0    0    0     0          0         0   224947    1474    0    0    0     0       0          0\n  eth0: 640596695 2376439    0    0    0     0          0         0 807994886 2800086    0    0    0     0       0          0\n"}
{"timestamp":1767813011,"subsystem":"/proc/diskstats","measurement":"   7       0 loop0 273 0 5244 439 0 0 0 0 0 411 439 0 0 0 0 0 0\n   7       1 loop1 75 0 2508 74 0 0 0 0 0 63 74 0 0 0 0 0 0\n   7       2 loop2 95 0 3754 84 0 0 0 0 0 85 84 0 0 0 0 0 0\n   7       3 loop3 11 0 28 0 0 0 0 0 0 0 0 0 0 0 0 0 0\n   7       4 loop4 0 0 0 0 0 0 0 0 0 0 0 0 0 0 0 0 0\n   7       5 loop5 0 0 0 0 0 0 0 0 0 0 0 0 0 0 0 0 0\n   7       6 loop6 0 0 0 0 0 0 0 0 0 0 0 0 0 0 0 0 0\n   7       7 loop7 0 0 0 0 0 0 0 0 0 0 0 0 0 0 0 0 0\n   8       0 sda 223632 8904 49365154 886229 2403972 665386 95023890 12387075 0 2635045 14644442 108184 1287 165358356 306404 1311862 1064734\n   8       1 sda1 223239 7482 49344182 885935 2403958 665378 95023784 12387051 0 2684154 13579387 108183 1286 165157080 306400 0 0\n   8      14 sda14 92 0 1232 70 0 0 0 0 0 70 70 0 0 0 0 0 0\n   8      15 sda15 165 1422 16028 114 2 0 2 1 0 96 119 1 1 201276 3 0 0\n   8      16 sdb 318 0 19226 162 161 532 266776 18879 0 1876 19052 35 34 16465312 11 0 0\n   8      17 sdb1 110 0 6466 80 161 532 266776 18879 0 1964 18970 35 34 16465312 11 0 0\n  11       0 sr0 78 0 560 47 0 0 0 0 0 45 47 0 0 0 0 0 0\n"}
{"timestamp":1767813011,"subsystem":"statfs[*]","measurement":"{\"mount_point\":\"/\",\"block_size\":4096,\"blocks_total\":7574544,\"blocks_free\":6704994,\"blocks_available\":6700898}\n{\"mount_point\":\"/boot/efi\",\"block_size\":512,\"blocks_total\":213663,\"blocks_free\":201276,\"blocks_available\":201276}\n{\"mount_point\":\"/mnt\",\"block_size\":4096,\"blocks_total\":1011128,\"blocks_free\":1011121,\"blocks_available\":954622}\n"}
{"timestamp":1767813016,"subsystem":"/proc/stat","measurement":"cpu  373712 4860 107485 67002870 258644 0 12620 0 0 0\ncpu0 373712 4860 107485 67002870 258644 0 12620 0 0 0\nintr 30274178 0 0 0 0 2934 0 0 0 0 0 0 0 0 0 0 0 0 0 0 0 0 0 0 0 0 0 0 0 0 0 0 0 0 0 0 0 0 0 0 0 0 0 0 0 0 0 0 0 0 0 0 0 0 0 0 0 0 0 0 0 0 0 0 0 0 0 0 0 0 0 0 0 0 0 0 0 0 0 0 0 0 0 0 0 0 0 0 0 0 0 0 0 0 0 0 0 0 0 0 0 0 0 0 0 0 0 0 0 0 0 0 0 0 0 0 0 0 0 0 0 0 0 0 0 0 0 0 0 0 0 0 0 0 0 0 0 0 0 0 0 0 0 0 0 0 0 0 0 0 0 0 0 0 0 0 0 0 0 0 0 0 0 0 0 0 0 0 0 0 0 0 0 0 0 0 0 0 0 0 0 0 0 0 0 0 0 0 0 0 0 0 0 0 0 0 0 0 0 0 0 0 0 0 0 0 0 0 0 0 0 0 0 0 0 0 0 0 0 0 0 0 0 0 0 0 0 0 0 0 0 0 0 0 0 0 0 0 0 0 0 0 0 0 0 0 0 0 0 0 0 0 0 0 0 0 0\nctxt 56094381\nbtime 1767134306\nprocesses 105597\nprocs_running 2\nprocs_blocked 0\nsoftirq 27099133 0 10254939 4 3329683 0 0 8643389 0 878 4870240\n"}
{"timestamp":1767813016,"subsystem":"/proc/meminfo","measurement":"MemTotal:         868988 kB\nMemFree:          114004 kB\nMemAvailable:     468388 kB\nBuffers:           42464 kB\nCached:           429276 kB\nSwapCached:            0 kB\nActive:            93192 kB\nInactive:         473696 kB\nActive(anon):      42400 kB\nInactive(anon):    65876 kB\nActive(file):      50792 kB\nInactive(file):   407820 kB\nUnevictable:       30724 kB\nMlocked:           27652 kB\nSwapTotal:             0 kB\nSwapFree:              0 kB\nZswap:                 0 kB\nZswapped:              0 kB\nDirty:               616 kB\nWriteback:             0 kB\nAnonPages:        124860 kB\nMapped:            57288 kB\nShmem:              4064 kB\nKReclaimable:      33752 kB\nSlab:              83748 kB\nSReclaimable:      33752 kB\nSUnreclaim:        49996 kB\nKernelStack:        2176 kB\nPageTables:         2768 kB\nSecPageTables:         0 kB\nNFS_Unstable:          0 kB\nBounce:                0 kB\nWritebackTmp:          0 kB\nCommitLimit:      434492 kB\nCommitted_AS:     481284 kB\nVmallocTotal:   34359738367 kB\nVmallocUsed:       32828 kB\nVmallocChunk:          0 kB\nPercpu:              792 kB\nHardwareCorrupted:     0 kB\nAnonHugePages:     30720 kB\nShmemHugePages:        0 kB\nShmemPmdMapped:        0 kB\nFileHugePages:         0 kB\nFilePmdMapped:         0 kB\nUnaccepted:            0 kB\nHugePages_Total:       0\nHugePages_Free:        0\nHugePages_Rsvd:        0\nHugePages_Surp:        0\nHugepagesize:       2048 kB\nHugetlb:               0 kB\nDirectMap4k:       76968 kB\nDirectMap2M:      919552 kB\nDirectMap1G:           0 kB\n"}
{"timestamp":1767813016,"subsystem":"/proc/net/dev","measurement":"Inter-|   Receive                                                |  Transmit\n face |bytes    packets errs drop fifo frame compressed multicast|bytes    packets errs drop fifo colls carrier compressed\n    lo:  224947    1474    0    0    0     0          0         0   224947    1474    0    0    0     0       0          0\n  eth0: 640603179 2376473    0    0    0     0          0         0 808004777 2800121    0    0    0     0       0          0\n"}
{"timestamp":1767813016,"subsystem":"/proc/diskstats","measurement":"   7       0 loop0 273 0 5244 439 0 0 0 0 0 411 439 0 0 0 0 0 0\n   7       1 loop1 75 0 2508 74 0 0 0 0 0 63 74 0 0 0 0 0 0\n   7       2 loop2 95 0 3754 84 0 0 0 0 0 85 84 0 0 0 0 0 0\n   7       3 loop3 11 0 28 0 0 0 0 0 0 0 0 0 0 0 0 0 0\n   7       4 loop4 0 0 0 0 0 0 0 0 0 0 0 0 0 0 0 0 0\n   7       5 loop5 0 0 0 0 0 0 0 0 0 0 0 0 0 0 0 0 0\n   7       6 loop6 0 0 0 0 0 0 0 0 0 0 0 0 0 0 0 0 0\n   7       7 loop7 0 0 0 0 0 0 0 0 0 0 0 0 0 0 0 0 0\n   8       0 sda 223637 8904 49365690 886233 2404036 665406 95025194 12387156 0 2635067 14644534 108185 1287 165358364 306407 1311863 1064736\n   8       1 sda1 223244 7482 49344718 885939 2404022 665398 95025088 12387133 0 2684177 13579476 108184 1286 165157088 306404 0 0\n   8      14 sda14 92 0 1232 70 0 0 0 0 0 70 70 0 0 0 0 0 0\n   8      15 sda15 165 1422 16028 114 2 0 2 1 0 96 119 1 1 201276 3 0 0\n   8      16 sdb 318 0 19226 162 161 532 266776 18879 0 1876 19052 35 34 16465312 11 0 0\n   8      17 sdb1 110 0 6466 80 161 532 266776 18879 0 1964 18970 35 34 16465312 11 0 0\n  11       0 sr0 78 0 560 47 0 0 0 0 0 45 47 0 0 0 0 0 0\n"}
{"timestamp":1767813016,"subsystem":"statfs[*]","measurement":"{\"mount_point\":\"/\",\"block_size\":4096,\"blocks_total\":7574544,\"blocks_free\":6704992,\"blocks_available\":6700896}\n{\"mount_point\":\"/boot/efi\",\"block_size\":512,\"blocks_total\":213663,\"blocks_free\":201276,\"blocks_available\":201276}\n{\"mount_point\":\"/mnt\",\"block_size\":4096,\"blocks_total\":1011128,\"blocks_free\":1011121,\"blocks_available\":954622}\n"}
{"timestamp":1767813021,"subsystem":"/proc/stat","measurement":"cpu  373713 4860 107486 67003366 258646 0 12620 0 0 0\ncpu0 373713 4860 107486 67003366 258646 0 12620 0 0 0\nintr 30274354 0 0 0 0 2934 0 0 0 0 0 0 0 0 0 0 0 0 0 0 0 0 0 0 0 0 0 0 0 0 0 0 0 0 0 0 0 0 0 0 0 0 0 0 0 0 0 0 0 0 0 0 0 0 0 0 0 0 0 0 0 0 0 0 0 0 0 0 0 0 0 0 0 0 0 0 0 0 0 0 0 0 0 0 0 0 0 0 0 0 0 0 0 0 0 0 0 0 0 0 0 0 0 0 0 0 0 0 0 0 0 0 0 0 0 0 0 0 0 0 0 0 0 0 0 0 0 0 0 0 0 0 0 0 0 0 0 0 0 0 0 0 0 0 0 0 0 0 0 0 0 0 0 0 0 0 0 0 0 0 0 0 0 0 0 0 0 0 0 0 0 0 0 0 0 0 0 0 0 0 0 0 0 0 0 0 0 0 0 0 0 0 0 0 0 0 0 0 0 0 0 0 0 0 0 0 0 0 0 0 0 0 0 0 0 0 0 0 0 0 0 0 0 0 0 0 0 0 0 0 0 0 0 0 0 0 0 0 0 0 0 0 0 0 0 0 0 0 0 0 0 0 0 0 0 0 0\nctxt 56094862\nbtime 1767134306\nprocesses 105598\nprocs_running 2\nprocs_blocked 0\nsoftirq 27099289 0 10255018 4 3329683 0 0 8643418 0 878 4870288\n"}
{"timestamp":1767813021,"subsystem":"/proc/meminfo","measurement":"MemTotal:         868988 kB\nMemFree:          114004 kB\nMemAvailable:     468392 kB\nBuffers:           42468 kB\nCached:           429276 kB\nSwapCached:            0 kB\nActive:            93216 kB\nInactive:         473700 kB\nActive(anon):      42424 kB\nInactive(anon):    65876 kB\nActive(file):      50792 kB\nInactive(file):   407824 kB\nUnevictable:       30724 kB\nMlocked:           27652 kB\nSwapTotal:             0 kB\nSwapFree:              0 kB\nZswap:                 0 kB\nZswapped:              0 kB\nDirty:                80 kB\nWriteback:             0 kB\nAnonPages:        124884 kB\nMapped:            57288 kB\nShmem:              4064 kB\nKReclaimable:      33752 kB\nSlab:              83740 kB\nSReclaimable:      33752 kB\nSUnreclaim:        49988 kB\nKernelStack:        2176 kB\nPageTables:         2768 kB\nSecPageTables:         0 kB\nNFS_Unstable:          0 kB\nBounce:                0 kB\nWritebackTmp:          0 kB\nCommitLimit:      434492 kB\nCommitted_AS:     481284 kB\nVmallocTotal:   34359738367 kB\nVmallocUsed:       32828 kB\nVmallocChunk:          0 kB\nPercpu:              792 kB\nHardwareCorrupted:     0 kB\nAnonHugePages:     30720 kB\nShmemHugePages:        0 kB\nShmemPmdMapped:        0 kB\nFileHugePages:         0 kB\nFilePmdMapped:         0 kB\nUnaccepted:            0 kB\nHugePages_Total:       0\nHugePages_Free:        0\nHugePages_Rsvd:        0\nHugePages_Surp:        0\nHugepagesize:       2048 kB\nHugetlb:               0 kB\nDirectMap4k:       76968 kB\nDirectMap2M:      919552 kB\nDirectMap1G:           0 kB\n"}
{"timestamp":1767813021,"subsystem":"/proc/net/dev","measurement":"Inter-|   Receive                                                |  Transmit\n face |bytes    packets errs drop fifo frame compressed multicast|bytes    packets errs drop fifo colls carrier compressed\n    lo:  224947    1474    0    0    0     0          0         0   224947    1474    0    0    0     0       0          0\n  eth0: 640603179 2376473    0    0    0     0          0         0 808004777 2800121    0    0    0     0       0          0\n"}
{"timestamp":1767813021,"subsystem":"/proc/diskstats","measurement":"   7       0 loop0 273 0 5244 439 0 0 0 0 0 411 439 0 0 0 0 0 0\n   7       1 loop1 75 0 2508 74 0 0 0 0 0 63 74 0 0 0 0 0 0\n   7       2 loop2 95 0 3754 84 0 0 0 0 0 85 84 0 0 0 0 0 0\n   7       3 loop3 11 0 28 0 0 0 0 0 0 0 0 0 0 0 0 0 0\n   7       4 loop4 0 0 0 0 0 0 0 0 0 0 0 0 0 0 0 0 0\n   7       5 loop5 0 0 0 0 0 0 0 0 0 0 0 0 0 0 0 0 0\n   7       6 loop6 0 0 0 0 0 0 0 0 0 0 0 0 0 0 0 0 0\n   7       7 loop7 0 0 0 0 0 0 0 0 0 0 0 0 0 0 0 0 0\n   8       0 sda 223637 8904 49365690 886233 2404124 665414 95026354 12387216 0 2635082 14644599 108186 1287 165358372 306410 1311864 1064739\n   8       1 sda1 223244 7482 49344718 885939 2404110 665406 95026248 12387193 0 2684193 13579539 108185 1286 165157096 306406 0 0\n   8      14 sda14 92 0 1232 70 0 0 0 0 0 70 70 0 0 0 0 0 0\n   8      15 sda15 165 1422 16028 114 2 0 2 1 0 96 119 1 1 201276 3 0 0\n   8      16 sdb 318 0 19226 162 161 532 266776 18879 0 1876 19052 35 34 16465312 11 0 0\n   8      17 sdb1 110 0 6466 80 161 532 266776 18879 0 1964 18970 35 34 16465312 11 0 0\n  11       0 sr0 78 0 560 47 0 0 0 0 0 45 47 0 0 0 0 0 0\n"}
{"timestamp":1767813021,"subsystem":"statfs[*]","measurement":"{\"mount_point\":\"/\",\"block_size\":4096,\"blocks_total\":7574544,\"blocks_free\":6704991,\"blocks_available\":6700895}\n{\"mount_point\":\"/boot/efi\",\"block_size\":512,\"blocks_total\":213663,\"blocks_free\":201276,\"blocks_available\":201276}\n{\"mount_point\":\"/mnt\",\"block_size\":4096,\"blocks_total\":1011128,\"blocks_free\":1011121,\"blocks_available\":954622}\n"}
{"timestamp":1767813026,"subsystem":"/proc/stat","measurement":"cpu  373718 4860 107492 67003854 258646 0 12620 0 0 0\ncpu0 373718 4860 107492 67003854 258646 0 12620 0 0 0\nintr 30274702 0 0 0 0 2934 0 0 0 0 0 0 0 0 0 0 0 0 0 0 0 0 0 0 0 0 0 0 0 0 0 0 0 0 0 0 0 0 0 0 0 0 0 0 0 0 0 0 0 0 0 0 0 0 0 0 0 0 0 0 0 0 0 0 0 0 0 0 0 0 0 0 0 0 0 0 0 0 0 0 0 0 0 0 0 0 0 0 0 0 0 0 0 0 0 0 0 0 0 0 0 0 0 0 0 0 0 0 0 0 0 0 0 0 0 0 0 0 0 0 0 0 0 0 0 0 0 0 0 0 0 0 0 0 0 0 0 0 0 0 0 0 0 0 0 0 0 0 0 0 0 0 0 0 0 0 0 0 0 0 0 0 0 0 0 0 0 0 0 0 0 0 0 0 0 0 0 0 0 0 0 0 0 0 0 0 0 0 0 0 0 0 0 0 0 0 0 0 0 0 0 0 0 0 0 0 0 0 0 0 0 0 0 0 0 0 0 0 0 0 0 0 0 0 0 0 0 0 0 0 0 0 0 0 0 0 0 0 0 0 0 0 0 0 0 0 0 0 0 0 0 0 0 0 0 0 0\nctxt 56095940\nbtime 1767134306\nprocesses 105646\nprocs_running 2\nprocs_blocked 0\nsoftirq 27099928 0 10255140 4 3329734 0 0 8643427 0 878 4870745\n"}
{"timestamp":1767813026,"subsystem":"/proc/meminfo","measurement":"MemTotal:         868988 kB\nMemFree:          113500 kB\nMemAvailable:     467896 kB\nBuffers:           42468 kB\nCached:           429292 kB\nSwapCached:            0 kB\nActive:            96172 kB\nInactive:         473708 kB\nActive(anon):      45380 kB\nInactive(anon):    65876 kB\nActive(file):      50792 kB\nInactive(file):   407832 kB\nUnevictable:       30724 kB\nMlocked:           27652 kB\nSwapTotal:             0 kB\nSwapFree:              0 kB\nZswap:                 0 kB\nZswapped:              0 kB\nDirty:               328 kB\nWriteback:             0 kB\nAnonPages:        127860 kB\nMapped:            58136 kB\nShmem:              4072 kB\nKReclaimable:      33752 kB\nSlab:              83784 kB\nSReclaimable:      33752 kB\nSUnreclaim:        50032 kB\nKernelStack:        2208 kB\nPageTables:         2912 kB\nSecPageTables:         0 kB\nNFS_Unstable:          0 kB\nBounce:                0 kB\nWritebackTmp:          0 kB\nCommitLimit:      434492 kB\nCommitted_AS:     486592 kB\nVmallocTotal:   34359738367 kB\nVmallocUsed:       32860 kB\nVmallocChunk:          0 kB\nPercpu:              792 kB\nHardwareCorrupted:     0 kB\nAnonHugePages:     30720 kB\nShmemHugePages:        0 kB\nShmemPmdMapped:        0 kB\nFileHugePages:         0 kB\nFilePmdMapped:         0 kB\nUnaccepted:            0 kB\nHugePages_Total:       0\nHugePages_Free:        0\nHugePages_Rsvd:        0\nHugePages_Surp:        0\nHugepagesize:       2048 kB\nHugetlb:               0 kB\nDirectMap4k:       76968 kB\nDirectMap2M:      919552 kB\nDirectMap1G:           0 kB\n"}
{"timestamp":1767813026,"subsystem":"/proc/net/dev","measurement":"Inter-|   Receive                                                |  Transmit\n face |bytes    packets errs drop fifo frame compressed multicast|bytes    packets errs drop fifo colls carrier compressed\n    lo:  224947    1474    0    0    0     0          0         0   224947    1474    0    0    0     0       0          0\n  eth0: 640610431 2376508    0    0    0     0          0         0 808014352 2800154    0    0    0     0       0          0\n"}
{"timestamp":1767813026,"subsystem":"/proc/diskstats","measurement":"   7       0 loop0 273 0 5244 439 0 0 0 0 0 411 439 0 0 0 0 0 0\n   7       1 loop1 75 0 2508 74 0 0 0 0 0 63 74 0 0 0 0 0 0\n   7       2 loop2 95 0 3754 84 0 0 0 0 0 85 84 0 0 0 0 0 0\n   7       3 loop3 11 0 28 0 0 0 0 0 0 0 0 0 0 0 0 0 0\n   7       4 loop4 0 0 0 0 0 0 0 0 0 0 0 0 0 0 0 0 0\n   7       5 loop5 0 0 0 0 0 0 0 0 0 0 0 0 0 0 0 0 0\n   7       6 loop6 0 0 0 0 0 0 0 0 0 0 0 0 0 0 0 0 0\n   7       7 loop7 0 0 0 0 0 0 0 0 0 0 0 0 0 0 0 0 0\n   8       0 sda 223637 8904 49365690 886233 2404127 665414 95026386 12387218 0 2635083 14644601 108186 1287 165358372 306410 1311864 1064739\n   8       1 sda1 223244 7482 49344718 885939 2404113 665406 95026280 12387194 0 2684194 13579541 108185 1286 165157096 306406 0 0\n   8      14 sda14 92 0 1232 70 0 0 0 0 0 70 70 0 0 0 0 0 0\n   8      15 sda15 165 1422 16028 114 2 0 2 1 0 96 119 1 1 201276 3 0 0\n   8      16 sdb 318 0 19226 162 161 532 266776 18879 0 1876 19052 35 34 16465312 11 0 0\n   8      17 sdb1 110 0 6466 80 161 532 266776 18879 0 1964 18970 35 34 16465312 11 0 0\n  11       0 sr0 78 0 560 47 0 0 0 0 0 45 47 0 0 0 0 0 0\n"}
{"timestamp":1767813026,"subsystem":"statfs[*]","measurement":"{\"mount_point\":\"/\",\"block_size\":4096,\"blocks_total\":7574544,\"blocks_free\":6704990,\"blocks_available\":6700894}\n{\"mount_point\":\"/boot/efi\",\"block_size\":512,\"blocks_total\":213663,\"blocks_free\":201276,\"blocks_available\":201276}\n{\"mount_point\":\"/mnt\",\"block_size\":4096,\"blocks_total\":1011128,\"blocks_free\":1011121,\"blocks_available\":954622}\n"}
{"timestamp":1767813031,"subsystem":"/proc/stat","measurement":"cpu  373721 4860 107494 67004347 258647 0 12621 0 0 0\ncpu0 373721 4860 107494 67004347 258647 0 12621 0 0 0\nintr 30274980 0 0 0 0 2934 0 0 0 0 0 0 0 0 0 0 0 0 0 0 0 0 0 0 0 0 0 0 0 0 0 0 0 0 0 0 0 0 0 0 0 0 0 0 0 0 0 0 0 0 0 0 0 0 0 0 0 0 0 0 0 0 0 0 0 0 0 0 0 0 0 0 0 0 0 0 0 0 0 0 0 0 0 0 0 0 0 0 0 0 0 0 0 0 0 0 0 0 0 0 0 0 0 0 0 0 0 0 0 0 0 0 0 0 0 0 0 0 0 0 0 0 0 0 0 0 0 0 0 0 0 0 0 0 0 0 0 0 0 0 0 0 0 0 0 0 0 0 0 0 0 0 0 0 0 0 0 0 0 0 0 0 0 0 0 0 0 0 0 0 0 0 0 0 0 0 0 0 0 0 0 0 0 0 0 0 0 0 0 0 0 0 0 0 0 0 0 0 0 0 0 0 0 0 0 0 0 0 0 0 0 0 0 0 0 0 0 0 0 0 0 0 0 0 0 0 0 0 0 0 0 0 0 0 0 0 0 0 0 0 0 0 0 0 0 0 0 0 0 0 0 0 0 0 0 0 0\nctxt 56096720\nbtime 1767134306\nprocesses 105652\nprocs_running 2\nprocs_blocked 0\nsoftirq 27100270 0 10255237 4 3329776 0 0 8643441 0 878 4870934\n"}
{"timestamp":1767813031,"subsystem":"/proc/meminfo","measurement":"MemTotal:         868988 kB\nMemFree:          121564 kB\nMemAvailable:     476184 kB\nBuffers:           42476 kB\nCached:           429500 kB\nSwapCached:            0 kB\nActive:            93660 kB\nInactive:         473720 kB\nActive(anon):      42656 kB\nInactive(anon):    65876 kB\nActive(file):      51004 kB\nInactive(file):   407844 kB\nUnevictable:       30724 kB\nMlocked:           27652 kB\nSwapTotal:             0 kB\nSwapFree:              0 kB\nZswap:                 0 kB\nZswapped:              0 kB\nDirty:               500 kB\nWriteback:             0 kB\nAnonPages:        125116 kB\nMapped:            57432 kB\nShmem:              4064 kB\nKReclaimable:      33752 kB\nSlab:              83792 kB\nSReclaimable:      33752 kB\nSUnreclaim:        50040 kB\nKernelStack:        2176 kB\nPageTables:         2768 kB\nSecPageTables:         0 kB\nNFS_Unstable:          0 kB\nBounce:                0 kB\nWritebackTmp:          0 kB\nCommitLimit:      434492 kB\nCommitted_AS:     481284 kB\nVmallocTotal:   34359738367 kB\nVmallocUsed:       32828 kB\nVmallocChunk:          0 kB\nPercpu:              792 kB\nHardwareCorrupted:     0 kB\nAnonHugePages:     30720 kB\nShmemHugePages:        0 kB\nShmemPmdMapped:        0 kB\nFileHugePages:         0 kB\nFilePmdMapped:         0 kB\nUnaccepted:            0 kB\nHugePages_Total:       0\nHugePages_Free:        0\nHugePages_Rsvd:        0\nHugePages_Surp:        0\nHugepagesize:       2048 kB\nHugetlb:               0 kB\nDirectMap4k:       76968 kB\nDirectMap2M:      919552 kB\nDirectMap1G:           0 kB\n"}
{"timestamp":1767813031,"subsystem":"/proc/net/dev","measurement":"Inter-|   Receive                                                |  Transmit\n face |bytes    packets errs drop fifo frame compressed multicast|bytes    packets errs drop fifo colls carrier compressed\n    lo:  224947    1474    0    0    0     0          0         0   224947    1474    0    0    0     0       0          0\n  eth0: 640615429 2376534    0    0    0     0          0         0 808021633 2800183    0    0    0     0       0          0\n"}
{"timestamp":1767813031,"subsystem":"/proc/diskstats","measurement":"   7       0 loop0 273 0 5244 439 0 0 0 0 0 411 439 0 0 0 0 0 0\n   7       1 loop1 75 0 2508 74 0 0 0 0 0 63 74 0 0 0 0 0 0\n   7       2 loop2 95 0 3754 84 0 0 0 0 0 85 84 0 0 0 0 0 0\n   7       3 loop3 11 0 28 0 0 0 0 0 0 0 0 0 0 0 0 0 0\n   7       4 loop4 0 0 0 0 0 0 0 0 0 0 0 0 0 0 0 0 0\n   7       5 loop5 0 0 0 0 0 0 0 0 0 0 0 0 0 0 0 0 0\n   7       6 loop6 0 0 0 0 0 0 0 0 0 0 0 0 0 0 0 0 0\n   7       7 loop7 0 0 0 0 0 0 0 0 0 0 0 0 0 0 0 0 0\n   8       0 sda 223639 8904 49366114 886234 2404130 665422 95026474 12387224 0 2635093 14644614 108187 1287 165358380 306413 1311865 1064742\n   8       1 sda1 223246 7482 49345142 885940 2404116 665414 95026368 12387200 0 2684204 13579551 108186 1286 165157104 306409 0 0\n   8      14 sda14 92 0 1232 70 0 0 0 0 0 70 70 0 0 0 0 0 0\n   8      15 sda15 165 1422 16028 114 2 0 2 1 0 96 119 1 1 201276 3 0 0\n   8      16 sdb 318 0 19226 162 161 532 266776 18879 0 1876 19052 35 34 16465312 11 0 0\n   8      17 sdb1 110 0 6466 80 161 532 266776 18879 0 1964 18970 35 34 16465312 11 0 0\n  11       0 sr0 78 0 560 47 0 0 0 0 0 45 47 0 0 0 0 0 0\n"}
{"timestamp":1767813031,"subsystem":"statfs[*]","measurement":"{\"mount_point\":\"/\",\"block_size\":4096,\"blocks_total\":7574544,\"blocks_free\":6704989,\"blocks_available\":6700893}\n{\"mount_point\":\"/boot/efi\",\"block_size\":512,\"blocks_total\":213663,\"blocks_free\":201276,\"blocks_available\":201276}\n{\"mount_point\":\"/mnt\",\"block_size\":4096,\"blocks_total\":1011128,\"blocks_free\":1011121,\"blocks_available\":954622}\n"}
{"timestamp":1767813036,"subsystem":"/proc/stat","measurement":"cpu  373722 4860 107495 67004843 258648 0 12621 0 0 0\ncpu0 373722 4860 107495 67004843 258648 0 12621 0 0 0\nintr 30275161 0 0 0 0 2934 0 0 0 0 0 0 0 0 0 0 0 0 0 0 0 0 0 0 0 0 0 0 0 0 0 0 0 0 0 0 0 0 0 0 0 0 0 0 0 0 0 0 0 0 0 0 0 0 0 0 0 0 0 0 0 0 0 0 0 0 0 0 0 0 0 0 0 0 0 0 0 0 0 0 0 0 0 0 0 0 0 0 0 0 0 0 0 0 0 0 0 0 0 0 0 0 0 0 0 0 0 0 0 0 0 0 0 0 0 0 0 0 0 0 0 0 0 0 0 0 0 0 0 0 0 0 0 0 0 0 0 0 0 0 0 0 0 0 0 0 0 0 0 0 0 0 0 0 0 0 0 0 0 0 0 0 0 0 0 0 0 0 0 0 0 0 0 0 0 0 0 0 0 0 0 0 0 0 0 0 0 0 0 0 0 0 0 0 0 0 0 0 0 0 0 0 0 0 0 0 0 0 0 0 0 0 0 0 0 0 0 0 0 0 0 0 0 0 0 0 0 0 0 0 0 0 0 0 0 0 0 0 0 0 0 0 0 0 0 0 0 0 0 0 0 0 0 0 0 0 0\nctxt 56097181\nbtime 1767134306\nprocesses 105653\nprocs_running 2\nprocs_blocked 0\nsoftirq 27100436 0 10255310 4 3329799 0 0 8643453 0 878 4870992\n"}
{"timestamp":1767813036,"subsystem":"/proc/meminfo","measurement":"MemTotal:         868988 kB\nMemFree:          121564 kB\nMemAvailable:     476188 kB\nBuffers:           42476 kB\nCached:           429504 kB\nSwapCached:            0 kB\nActive:            93672 kB\nInactive:         473724 kB\nActive(anon):      42668 kB\nInactive(anon):    65876 kB\nActive(file):      51004 kB\nInactive(file):   407848 kB\nUnevictable:       30724 kB\nMlocked:           27652 kB\nSwapTotal:             0 kB\nSwapFree:              0 kB\nZswap:                 0 kB\nZswapped:              0 kB\nDirty:               496 kB\nWriteback:             0 kB\nAnonPages:        125128 kB\nMapped:            57432 kB\nShmem:              4064 kB\nKReclaimable:      33752 kB\nSlab:              83784 kB\nSReclaimable:      33752 kB\nSUnreclaim:        50032 kB\nKernelStack:        2176 kB\nPageTables:         2768 kB\nSecPageTables:         0 kB\nNFS_Unstable:          0 kB\nBounce:                0 kB\nWritebackTmp:          0 kB\nCommitLimit:      434492 kB\nCommitted_AS:     481284 kB\nVmallocTotal:   34359738367 kB\nVmallocUsed:       32828 kB\nVmallocChunk:          0 kB\nPercpu:              792 kB\nHardwareCorrupted:     0 kB\nAnonHugePages:     30720 kB\nShmemHugePages:        0 kB\nShmemPmdMapped:        0 kB\nFileHugePages:         0 kB\nFilePmdMapped:         0 kB\nUnaccepted:            0 kB\nHugePages_Total:       0\nHugePages_Free:        0\nHugePages_Rsvd:        0\nHugePages_Surp:        0\nHugepagesize:       2048 kB\nHugetlb:               0 kB\nDirectMap4k:       76968 kB\nDirectMap2M:      919552 kB\nDirectMap1G:           0 kB\n"}
{"timestamp":1767813036,"subsystem":"/proc/net/dev","measurement":"Inter-|   Receive                                                |  Transmit\n face |bytes    packets errs drop fifo frame compressed multicast|bytes    packets errs drop fifo colls carrier compressed\n    lo:  224947    1474    0    0    0     0          0         0   224947    1474    0    0    0     0       0          0\n  eth0: 640619225 2376549    0    0    0     0          0         0 808027558 2800202    0    0    0     0       0          0\n"}
{"timestamp":1767813036,"subsystem":"/proc/diskstats","measurement":"   7       0 loop0 273 0 5244 439 0 0 0 0 0 411 439 0 0 0 0 0 0\n   7       1 loop1 75 0 2508 74 0 0 0 0 0 63 74 0 0 0 0 0 0\n   7       2 loop2 95 0 3754 84 0 0 0 0 0 85 84 0 0 0 0 0 0\n   7       3 loop3 11 0 28 0 0 0 0 0 0 0 0 0 0 0 0 0 0\n   7       4 loop4 0 0 0 0 0 0 0 0 0 0 0 0 0 0 0 0 0\n   7       5 loop5 0 0 0 0 0 0 0 0 0 0 0 0 0 0 0 0 0\n   7       6 loop6 0 0 0 0 0 0 0 0 0 0 0 0 0 0 0 0 0\n   7       7 loop7 0 0 0 0 0 0 0 0 0 0 0 0 0 0 0 0 0\n   8       0 sda 223639 8904 49366114 886234 2404135 665431 95026594 12387229 0 2635100 14644625 108188 1287 165358388 306415 1311866 1064744\n   8       1 sda1 223246 7482 49345142 885940 2404121 665423 95026488 12387206 0 2684211 13579559 108187 1286 165157112 306412 0 0\n   8      14 sda14 92 0 1232 70 0 0 0 0 0 70 70 0 0 0 0 0 0\n   8      15 sda15 165 1422 16028 114 2 0 2 1 0 96 119 1 1 201276 3 0 0\n   8      16 sdb 318 0 19226 162 161 532 266776 18879 0 1876 19052 35 34 16465312 11 0 0\n   8      17 sdb1 110 0 6466 80 161 532 266776 18879 0 1964 18970 35 34 16465312 11 0 0\n  11       0 sr0 78 0 560 47 0 0 0 0 0 45 47 0 0 0 0 0 0\n"}
{"timestamp":1767813036,"subsystem":"statfs[*]","measurement":"{\"mount_point\":\"/\",\"block_size\":4096,\"blocks_total\":7574544,\"blocks_free\":6704988,\"blocks_available\":6700892}\n{\"mount_point\":\"/boot/efi\",\"block_size\":512,\"blocks_total\":213663,\"blocks_free\":201276,\"blocks_available\":201276}\n{\"mount_point\":\"/mnt\",\"block_size\":4096,\"blocks_total\":1011128,\"blocks_free\":1011121,\"blocks_available\":954622}\n"}
{"timestamp":1767813041,"subsystem":"/proc/stat","measurement":"cpu  373724 4860 107495 67005339 258649 0 12621 0 0 0\ncpu0 373724 4860 107495 67005339 258649 0 12621 0 0 0\nintr 30275364 0 0 0 0 2934 0 0 0 0 0 0 0 0 0 0 0 0 0 0 0 0 0 0 0 0 0 0 0 0 0 0 0 0 0 0 0 0 0 0 0 0 0 0 0 0 0 0 0 0 0 0 0 0 0 0 0 0 0 0 0 0 0 0 0 0 0 0 0 0 0 0 0 0 0 0 0 0 0 0 0 0 0 0 0 0 0 0 0 0 0 0 0 0 0 0 0 0 0 0 0 0 0 0 0 0 0 0 0 0 0 0 0 0 0 0 0 0 0 0 0 0 0 0 0 0 0 0 0 0 0 0 0 0 0 0 0 0 0 0 0 0 0 0 0 0 0 0 0 0 0 0 0 0 0 0 0 0 0 0 0 0 0 0 0 0 0 0 0 0 0 0 0 0 0 0 0 0 0 0 0 0 0 0 0 0 0 0 0 0 0 0 0 0 0 0 0 0 0 0 0 0 0 0 0 0 0 0 0 0 0 0 0 0 0 0 0 0 0 0 0 0 0 0 0 0 0 0 0 0 0 0 0 0 0 0 0 0 0 0 0 0 0 0 0 0 0 0 0 0 0 0 0 0 0 0 0\nctxt 56097655\nbtime 1767134306\nprocesses 105654\nprocs_running 2\nprocs_blocked 0\nsoftirq 27100605 0 10255396 4 3329816 0 0 8643464 0 878 4871047\n"}
{"timestamp":1767813041,"subsystem":"/proc/meminfo","measurement":"MemTotal:         868988 kB\nMemFree:          121564 kB\nMemAvailable:     476196 kB\nBuffers:           42480 kB\nCached:           429508 kB\nSwapCached:            0 kB\nActive:            93696 kB\nInactive:         473732 kB\nActive(anon):      42692 kB\nInactive(anon):    65876 kB\nActive(file):      51004 kB\nInactive(file):   407856 kB\nUnevictable:       30724 kB\nMlocked:           27652 kB\nSwapTotal:             0 kB\nSwapFree:              0 kB\nZswap:                 0 kB\nZswapped:              0 kB\nDirty:               496 kB\nWriteback:             0 kB\nAnonPages:        125152 kB\nMapped:            57432 kB\nShmem:              4064 kB\nKReclaimable:      33752 kB\nSlab:              83784 kB\nSReclaimable:      33752 kB\nSUnreclaim:        50032 kB\nKernelStack:        2176 kB\nPageTables:         2768 kB\nSecPageTables:         0 kB\nNFS_Unstable:          0 kB\nBounce:                0 kB\nWritebackTmp:          0 kB\nCommitLimit:      434492 kB\nCommitted_AS:     481284 kB\nVmallocTotal:   34359738367 kB\nVmallocUsed:       32828 kB\nVmallocChunk:          0 kB\nPercpu:              792 kB\nHardwareCorrupted:     0 kB\nAnonHugePages:     30720 kB\nShmemHugePages:        0 kB\nShmemPmdMapped:        0 kB\nFileHugePages:         0 kB\nFilePmdMapped:         0 kB\nUnaccepted:            0 kB\nHugePages_Total:       0\nHugePages_Free:        0\nHugePages_Rsvd:        0\nHugePages_Surp:        0\nHugepagesize:       2048 kB\nHugetlb:               0 kB\nDirectMap4k:       76968 kB\nDirectMap2M:      919552 kB\nDirectMap1G:           0 kB\n"}
{"timestamp":1767813041,"subsystem":"/proc/net/dev","measurement":"Inter-|   Receive                                                |  Transmit\n face |bytes    packets errs drop fifo frame compressed multicast|bytes    packets errs drop fifo colls carrier compressed\n    lo:  224947    1474    0    0    0     0          0         0   224947    1474    0    0    0     0       0          0\n  eth0: 640623021 2376564    0    0    0     0          0         0 808033483 2800221    0    0    0     0       0          0\n"}
{"timestamp":1767813041,"subsystem":"/proc/diskstats","measurement":"   7       0 loop0 273 0 5244 439 0 0 0 0 0 411 439 0 0 0 0 0 0\n   7       1 loop1 75 0 2508 74 0 0 0 0 0 63 74 0 0 0 0 0 0\n   7       2 loop2 95 0 3754 84 0 0 0 0 0 85 84 0 0 0 0 0 0\n   7       3 loop3 11 0 28 0 0 0 0 0 0 0 0 0 0 0 0 0 0\n   7       4 loop4 0 0 0 0 0 0 0 0 0 0 0 0 0 0 0 0 0\n   7       5 loop5 0 0 0 0 0 0 0 0 0 0 0 0 0 0 0 0 0\n   7       6 loop6 0 0 0 0 0 0 0 0 0 0 0 0 0 0 0 0 0\n   7       7 loop7 0 0 0 0 0 0 0 0 0 0 0 0 0 0 0 0 0\n   8       0 sda 223639 8904 49366114 886234 2404139 665437 95026674 12387236 0 2635109 14644637 108189 1287 165358396 306418 1311867 1064747\n   8       1 sda1 223246 7482 49345142 885940 2404125 665429 95026568 12387212 0 2684220 13579569 108188 1286 165157120 306415 0 0\n   8      14 sda14 92 0 1232 70 0 0 0 0 0 70 70 0 0 0 0 0 0\n   8      15 sda15 165 1422 16028 114 2 0 2 1 0 96 119 1 1 201276 3 0 0\n   8      16 sdb 318 0 19226 162 161 532 266776 18879 0 1876 19052 35 34 16465312 11 0 0\n   8      17 sdb1 110 0 6466 80 161 532 266776 18879 0 1964 18970 35 34 16465312 11 0 0\n  11       0 sr0 78 0 560 47 0 0 0 0 0 45 47 0 0 0 0 0 0\n"}
{"timestamp":1767813041,"subsystem":"statfs[*]","measurement":"{\"mount_point\":\"/\",\"block_size\":4096,\"blocks_total\":7574544,\"blocks_free\":6704987,\"blocks_available\":6700891}\n{\"mount_point\":\"/boot/efi\",\"block_size\":512,\"blocks_total\":213663,\"blocks_free\":201276,\"blocks_available\":201276}\n{\"mount_point\":\"/mnt\",\"block_size\":4096,\"blocks_total\":1011128,\"blocks_free\":1011121,\"blocks_available\":954622}\n"}
{"timestamp":1767813046,"subsystem":"/proc/stat","measurement":"cpu  373728 4860 107498 67005831 258649 0 12621 0 0 0\ncpu0 373728 4860 107498 67005831 258649 0 12621 0 0 0\nintr 30275661 0 0 0 0 2934 0 0 0 0 0 0 0 0 0 0 0 0 0 0 0 0 0 0 0 0 0 0 0 0 0 0 0 0 0 0 0 0 0 0 0 0 0 0 0 0 0 0 0 0 0 0 0 0 0 0 0 0 0 0 0 0 0 0 0 0 0 0 0 0 0 0 0 0 0 0 0 0 0 0 0 0 0 0 0 0 0 0 0 0 0 0 0 0 0 0 0 0 0 0 0 0 0 0 0 0 0 0 0 0 0 0 0 0 0 0 0 0 0 0 0 0 0 0 0 0 0 0 0 0 0 0 0 0 0 0 0 0 0 0 0 0 0 0 0 0 0 0 0 0 0 0 0 0 0 0 0 0 0 0 0 0 0 0 0 0 0 0 0 0 0 0 0 0 0 0 0 0 0 0 0 0 0 0 0 0 0 0 0 0 0 0 0 0 0 0 0 0 0 0 0 0 0 0 0 0 0 0 0 0 0 0 0 0 0 0 0 0 0 0 0 0 0 0 0 0 0 0 0 0 0 0 0 0 0 0 0 0 0 0 0 0 0 0 0 0 0 0 0 0 0 0 0 0 0 0 0\nctxt 56098264\nbtime 1767134306\nprocesses 105659\nprocs_running 2\nprocs_blocked 0\nsoftirq 27100937 0 10255491 4 3329869 0 0 8643479 0 878 4871216\n"}
{"timestamp":1767813046,"subsystem":"/proc/meminfo","measurement":"MemTotal:         868988 kB\nMemFree:          120836 kB\nMemAvailable:     475472 kB\nBuffers:           42480 kB\nCached:           429512 kB\nSwapCached:            0 kB\nActive:            97476 kB\nInactive:         473736 kB\nActive(anon):      46472 kB\nInactive(anon):    65876 kB\nActive(file):      51004 kB\nInactive(file):   407860 kB\nUnevictable:       30724 kB\nMlocked:           27652 kB\nSwapTotal:             0 kB\nSwapFree:              0 kB\nZswap:                 0 kB\nZswapped:              0 kB\nDirty:               412 kB\nWriteback:             0 kB\nAnonPages:        128932 kB\nMapped:            57880 kB\nShmem:              4064 kB\nKReclaimable:      33752 kB\nSlab:              83816 kB\nSReclaimable:      33752 kB\nSUnreclaim:        50064 kB\nKernelStack:        2240 kB\nPageTables:         3048 kB\nSecPageTables:         0 kB\nNFS_Unstable:          0 kB\nBounce:                0 kB\nWritebackTmp:          0 kB\nCommitLimit:      434492 kB\nCommitted_AS:     489076 kB\nVmallocTotal:   34359738367 kB\nVmallocUsed:       32868 kB\nVmallocChunk:          0 kB\nPercpu:              792 kB\nHardwareCorrupted:     0 kB\nAnonHugePages:     30720 kB\nShmemHugePages:        0 kB\nShmemPmdMapped:        0 kB\nFileHugePages:         0 kB\nFilePmdMapped:         0 kB\nUnaccepted:            0 kB\nHugePages_Total:       0\nHugePages_Free:        0\nHugePages_Rsvd:        0\nHugePages_Surp:        0\nHugepagesize:       2048 kB\nHugetlb:               0 kB\nDirectMap4k:       76968 kB\nDirectMap2M:      919552 kB\nDirectMap1G:           0 kB\n"}
{"timestamp":1767813046,"subsystem":"/proc/net/dev","measurement":"Inter-|   Receive                                                |  Transmit\n face |bytes    packets errs drop fifo frame compressed multicast|bytes    packets errs drop fifo colls carrier compressed\n    lo:  224947    1474    0    0    0     0          0         0   224947    1474    0    0    0     0       0          0\n  eth0: 640631031 2376600    0    0    0     0          0         0 808044728 2800258    0    0    0     0       0          0\n"}
{"timestamp":1767813046,"subsystem":"/proc/diskstats","measurement":"   7       0 loop0 273 0 5244 439 0 0 0 0 0 411 439 0 0 0 0 0 0\n   7       1 loop1 75 0 2508 74 0 0 0 0 0 63 74 0 0 0 0 0 0\n   7       2 loop2 95 0 3754 84 0 0 0 0 0 85 84 0 0 0 0 0 0\n   7       3 loop3 11 0 28 0 0 0 0 0 0 0 0 0 0 0 0 0 0\n   7       4 loop4 0 0 0 0 0 0 0 0 0 0 0 0 0 0 0 0 0\n   7       5 loop5 0 0 0 0 0 0 0 0 0 0 0 0 0 0 0 0 0\n   7       6 loop6 0 0 0 0 0 0 0 0 0 0 0 0 0 0 0 0 0\n   7       7 loop7 0 0 0 0 0 0 0 0 0 0 0 0 0 0 0 0 0\n   8       0 sda 223639 8904 49366114 886234 2404160 665450 95026954 12387254 0 2635117 14644660 108190 1287 165358404 306421 1311868 1064749\n   8       1 sda1 223246 7482 49345142 885940 2404146 665442 95026848 12387230 0 2684228 13579589 108189 1286 165157128 306418 0 0\n   8      14 sda14 92 0 1232 70 0 0 0 0 0 70 70 0 0 0 0 0 0\n   8      15 sda15 165 1422 16028 114 2 0 2 1 0 96 119 1 1 201276 3 0 0\n   8      16 sdb 318 0 19226 162 161 532 266776 18879 0 1876 19052 35 34 16465312 11 0 0\n   8      17 sdb1 110 0 6466 80 161 532 266776 18879 0 1964 18970 35 34 16465312 11 0 0\n  11       0 sr0 78 0 560 47 0 0 0 0 0 45 47 0 0 0 0 0 0\n"}
{"timestamp":1767813046,"subsystem":"statfs[*]","measurement":"{\"mount_point\":\"/\",\"block_size\":4096,\"blocks_total\":7574544,\"blocks_free\":6704986,\"blocks_available\":6700890}\n{\"mount_point\":\"/boot/efi\",\"block_size\":512,\"blocks_total\":213663,\"blocks_free\":201276,\"blocks_available\":201276}\n{\"mount_point\":\"/mnt\",\"block_size\":4096,\"blocks_total\":1011128,\"blocks_free\":1011121,\"blocks_available\":954622}\n"}
{"timestamp":1767813051,"subsystem":"/proc/stat","measurement":"cpu  373904 4860 107505 67006147 258649 0 12621 0 0 0\ncpu0 373904 4860 107505 67006147 258649 0 12621 0 0 0\nintr 30277736 0 0 0 0 2934 0 0 0 0 0 0 0 0 0 0 0 0 0 0 0 0 0 0 0 0 0 0 0 0 0 0 0 0 0 0 0 0 0 0 0 0 0 0 0 0 0 0 0 0 0 0 0 0 0 0 0 0 0 0 0 0 0 0 0 0 0 0 0 0 0 0 0 0 0 0 0 0 0 0 0 0 0 0 0 0 0 0 0 0 0 0 0 0 0 0 0 0 0 0 0 0 0 0 0 0 0 0 0 0 0 0 0 0 0 0 0 0 0 0 0 0 0 0 0 0 0 0 0 0 0 0 0 0 0 0 0 0 0 0 0 0 0 0 0 0 0 0 0 0 0 0 0 0 0 0 0 0 0 0 0 0 0 0 0 0 0 0 0 0 0 0 0 0 0 0 0 0 0 0 0 0 0 0 0 0 0 0 0 0 0 0 0 0 0 0 0 0 0 0 0 0 0 0 0 0 0 0 0 0 0 0 0 0 0 0 0 0 0 0 0 0 0 0 0 0 0 0 0 0 0 0 0 0 0 0 0 0 0 0 0 0 0 0 0 0 0 0 0 0 0 0 0 0 0 0 0\nctxt 56099563\nbtime 1767134306\nprocesses 105711\nprocs_running 3\nprocs_blocked 0\nsoftirq 27101681 0 10255623 4 3329896 0 0 8643521 0 878 4871759\n"}
{"timestamp":1767813051,"subsystem":"/proc/meminfo","measurement":"MemTotal:         868988 kB\nMemFree:          116548 kB\nMemAvailable:     471200 kB\nBuffers:           42492 kB\nCached:           429524 kB\nSwapCached:            0 kB\nActive:           101232 kB\nInactive:         473752 kB\nActive(anon):      50228 kB\nInactive(anon):    65876 kB\nActive(file):      51004 kB\nInactive(file):   407876 kB\nUnevictable:       30724 kB\nMlocked:           27652 kB\nSwapTotal:             0 kB\nSwapFree:              0 kB\nZswap:                 0 kB\nZswapped:              0 kB\nDirty:                56 kB\nWriteback:             0 kB\nAnonPages:        132688 kB\nMapped:            60504 kB\nShmem:              4072 kB\nKReclaimable:      33752 kB\nSlab:              83876 kB\nSReclaimable:      33752 kB\nSUnreclaim:        50124 kB\nKernelStack:        2272 kB\nPageTables:         3128 kB\nSecPageTables:         0 kB\nNFS_Unstable:          0 kB\nBounce:                0 kB\nWritebackTmp:          0 kB\nCommitLimit:      434492 kB\nCommitted_AS:     495536 kB\nVmallocTotal:   34359738367 kB\nVmallocUsed:       32924 kB\nVmallocChunk:          0 kB\nPercpu:              792 kB\nHardwareCorrupted:     0 kB\nAnonHugePages:     32768 kB\nShmemHugePages:        0 kB\nShmemPmdMapped:        0 kB\nFileHugePages:         0 kB\nFilePmdMapped:         0 kB\nUnaccepted:            0 kB\nHugePages_Total:       0\nHugePages_Free:        0\nHugePages_Rsvd:        0\nHugePages_Surp:        0\nHugepagesize:       2048 kB\nHugetlb:               0 kB\nDirectMap4k:       76968 kB\nDirectMap2M:      919552 kB\nDirectMap1G:           0 kB\n"}
{"timestamp":1767813051,"subsystem":"/proc/net/dev","measurement":"Inter-|   Receive                                                |  Transmit\n face |bytes    packets errs drop fifo frame compressed multicast|bytes    packets errs drop fifo colls carrier compressed\n    lo:  224947    1474    0    0    0     0          0         0   224947    1474    0    0    0     0       0          0\n  eth0: 640633281 2376617    0    0    0     0          0         0 808046680 2800268    0    0    0     0       0          0\n"}
{"timestamp":1767813051,"subsystem":"/proc/diskstats","measurement":"   7       0 loop0 273 0 5244 439 0 0 0 0 0 411 439 0 0 0 0 0 0\n   7       1 loop1 75 0 2508 74 0 0 0 0 0 63 74 0 0 0 0 0 0\n   7       2 loop2 95 0 3754 84 0 0 0 0 0 85 84 0 0 0 0 0 0\n   7       3 loop3 11 0 28 0 0 0 0 0 0 0 0 0 0 0 0 0 0\n   7       4 loop4 0 0 0 0 0 0 0 0 0 0 0 0 0 0 0 0 0\n   7       5 loop5 0 0 0 0 0 0 0 0 0 0 0 0 0 0 0 0 0\n   7       6 loop6 0 0 0 0 0 0 0 0 0 0 0 0 0 0 0 0 0\n   7       7 loop7 0 0 0 0 0 0 0 0 0 0 0 0 0 0 0 0 0\n   8       0 sda 223639 8904 49366114 886234 2404253 665467 95028146 12387343 0 2635141 14644765 108191 1287 165358412 306424 1311873 1064762\n   8       1 sda1 223246 7482 49345142 885940 2404239 665459 95028040 12387320 0 2684253 13579682 108190 1286 165157136 306420 0 0\n   8      14 sda14 92 0 1232 70 0 0 0 0 0 70 70 0 0 0 0 0 0\n   8      15 sda15 165 1422 16028 114 2 0 2 1 0 96 119 1 1 201276 3 0 0\n   8      16 sdb 318 0 19226 162 161 532 266776 18879 0 1876 19052 35 34 16465312 11 0 0\n   8      17 sdb1 110 0 6466 80 161 532 266776 18879 0 1964 18970 35 34 16465312 11 0 0\n  11       0 sr0 78 0 560 47 0 0 0 0 0 45 47 0 0 0 0 0 0\n"}
{"timestamp":1767813051,"subsystem":"statfs[*]","measurement":"{\"mount_point\":\"/\",\"block_size\":4096,\"blocks_total\":7574544,\"blocks_free\":6704982,\"blocks_available\":6700886}\n{\"mount_point\":\"/boot/efi\",\"block_size\":512,\"blocks_total\":213663,\"blocks_free\":201276,\"blocks_available\":201276}\n{\"mount_point\":\"/mnt\",\"block_size\":4096,\"blocks_total\":1011128,\"blocks_free\":1011121,\"blocks_available\":954622}\n"}
{"timestamp":1767813056,"subsystem":"/proc/stat","measurement":"cpu  374400 4860 107507 67006147 258649 0 12621 0 0 0\ncpu0 374400 4860 107507 67006147 258649 0 12621 0 0 0\nintr 30282862 0 0 0 0 2934 0 0 0 0 0 0 0 0 0 0 0 0 0 0 0 0 0 0 0 0 0 0 0 0 0 0 0 0 0 0 0 0 0 0 0 0 0 0 0 0 0 0 0 0 0 0 0 0 0 0 0 0 0 0 0 0 0 0 0 0 0 0 0 0 0 0 0 0 0 0 0 0 0 0 0 0 0 0 0 0 0 0 0 0 0 0 0 0 0 0 0 0 0 0 0 0 0 0 0 0 0 0 0 0 0 0 0 0 0 0 0 0 0 0 0 0 0 0 0 0 0 0 0 0 0 0 0 0 0 0 0 0 0 0 0 0 0 0 0 0 0 0 0 0 0 0 0 0 0 0 0 0 0 0 0 0 0 0 0 0 0 0 0 0 0 0 0 0 0 0 0 0 0 0 0 0 0 0 0 0 0 0 0 0 0 0 0 0 0 0 0 0 0 0 0 0 0 0 0 0 0 0 0 0 0 0 0 0 0 0 0 0 0 0 0 0 0 0 0 0 0 0 0 0 0 0 0 0 0 0 0 0 0 0 0 0 0 0 0 0 0 0 0 0 0 0 0 0 0 0 0\nctxt 56100355\nbtime 1767134306\nprocesses 105715\nprocs_running 2\nprocs_blocked 0\nsoftirq 27102080 0 10255785 4 3329933 0 0 8643540 0 878 4871940\n"}
{"timestamp":1767813056,"subsystem":"/proc/meminfo","measurement":"MemTotal:         868988 kB\nMemFree:          124360 kB\nMemAvailable:     479032 kB\nBuffers:           42496 kB\nCached:           429540 kB\nSwapCached:            0 kB\nActive:            97824 kB\nInactive:         473772 kB\nActive(anon):      46820 kB\nInactive(anon):    65876 kB\nActive(file):      51004 kB\nInactive(file):   407896 kB\nUnevictable:       30724 kB\nMlocked:           27652 kB\nSwapTotal:             0 kB\nSwapFree:              0 kB\nZswap:                 0 kB\nZswapped:              0 kB\nDirty:               332 kB\nWriteback:             0 kB\nAnonPages:        129272 kB\nMapped:            58524 kB\nShmem:              4072 kB\nKReclaimable:      33752 kB\nSlab:              83872 kB\nSReclaimable:      33752 kB\nSUnreclaim:        50120 kB\nKernelStack:        2208 kB\nPageTables:         2884 kB\nSecPageTables:         0 kB\nNFS_Unstable:          0 kB\nBounce:                0 kB\nWritebackTmp:          0 kB\nCommitLimit:      434492 kB\nCommitted_AS:     489352 kB\nVmallocTotal:   34359738367 kB\nVmallocUsed:       32860 kB\nVmallocChunk:          0 kB\nPercpu:              792 kB\nHardwareCorrupted:     0 kB\nAnonHugePages:     32768 kB\nShmemHugePages:        0 kB\nShmemPmdMapped:        0 kB\nFileHugePages:         0 kB\nFilePmdMapped:         0 kB\nUnaccepted:            0 kB\nHugePages_Total:       0\nHugePages_Free:        0\nHugePages_Rsvd:        0\nHugePages_Surp:        0\nHugepagesize:       2048 kB\nHugetlb:               0 kB\nDirectMap4k:       76968 kB\nDirectMap2M:      919552 kB\nDirectMap1G:           0 kB\n"}
{"timestamp":1767813056,"subsystem":"/proc/net/dev","measurement":"Inter-|   Receive                                                |  Transmit\n face |bytes    packets errs drop fifo frame compressed multicast|bytes    packets errs drop fifo colls carrier compressed\n    lo:  224947    1474    0    0    0     0          0         0   224947    1474    0    0    0     0       0          0\n  eth0: 640637589 2376639    0    0    0     0          0         0 808053973 2800297    0    0    0     0       0          0\n"}
{"timestamp":1767813056,"subsystem":"/proc/diskstats","measurement":"   7       0 loop0 273 0 5244 439 0 0 0 0 0 411 439 0 0 0 0 0 0\n   7       1 loop1 75 0 2508 74 0 0 0 0 0 63 74 0 0 0 0 0 0\n   7       2 loop2 95 0 3754 84 0 0 0 0 0 85 84 0 0 0 0 0 0\n   7       3 loop3 11 0 28 0 0 0 0 0 0 0 0 0 0 0 0 0 0\n   7       4 loop4 0 0 0 0 0 0 0 0 0 0 0 0 0 0 0 0 0\n   7       5 loop5 0 0 0 0 0 0 0 0 0 0 0 0 0 0 0 0 0\n   7       6 loop6 0 0 0 0 0 0 0 0 0 0 0 0 0 0 0 0 0\n   7       7 loop7 0 0 0 0 0 0 0 0 0 0 0 0 0 0 0 0 0\n   8       0 sda 223639 8904 49366114 886234 2404264 665481 95028362 12387358 0 2635153 14644787 108192 1287 165358420 306427 1311875 1064767\n   8       1 sda1 223246 7482 49345142 885940 2404250 665473 95028256 12387334 0 2684267 13579699 108191 1286 165157144 306423 0 0\n   8      14 sda14 92 0 1232 70 0 0 0 0 0 70 70 0 0 0 0 0 0\n   8      15 sda15 165 1422 16028 114 2 0 2 1 0 96 119 1 1 201276 3 0 0\n   8      16 sdb 318 0 19226 162 161 532 266776 18879 0 1876 19052 35 34 16465312 11 0 0\n   8      17 sdb1 110 0 6466 80 161 532 266776 18879 0 1964 18970 35 34 16465312 11 0 0\n  11       0 sr0 78 0 560 47 0 0 0 0 0 45 47 0 0 0 0 0 0\n"}
{"timestamp":1767813056,"subsystem":"statfs[*]","measurement":"{\"mount_point\":\"/\",\"block_size\":4096,\"blocks_total\":7574544,\"blocks_free\":6704980,\"blocks_available\":6700884}\n{\"mount_point\":\"/boot/efi\",\"block_size\":512,\"blocks_total\":213663,\"blocks_free\":201276,\"blocks_available\":201276}\n{\"mount_point\":\"/mnt\",\"block_size\":4096,\"blocks_total\":1011128,\"blocks_free\":1011121,\"blocks_available\":954622}\n"}
{"timestamp":1767813061,"subsystem":"/proc/stat","measurement":"cpu  374900 4860 107507 67006147 258649 0 12621 0 0 0\ncpu0 374900 4860 107507 67006147 258649 0 12621 0 0 0\nintr 30288008 0 0 0 0 2934 0 0 0 0 0 0 0 0 0 0 0 0 0 0 0 0 0 0 0 0 0 0 0 0 0 0 0 0 0 0 0 0 0 0 0 0 0 0 0 0 0 0 0 0 0 0 0 0 0 0 0 0 0 0 0 0 0 0 0 0 0 0 0 0 0 0 0 0 0 0 0 0 0 0 0 0 0 0 0 0 0 0 0 0 0 0 0 0 0 0 0 0 0 0 0 0 0 0 0 0 0 0 0 0 0 0 0 0 0 0 0 0 0 0 0 0 0 0 0 0 0 0 0 0 0 0 0 0 0 0 0 0 0 0 0 0 0 0 0 0 0 0 0 0 0 0 0 0 0 0 0 0 0 0 0 0 0 0 0 0 0 0 0 0 0 0 0 0 0 0 0 0 0 0 0 0 0 0 0 0 0 0 0 0 0 0 0 0 0 0 0 0 0 0 0 0 0 0 0 0 0 0 0 0 0 0 0 0 0 0 0 0 0 0 0 0 0 0 0 0 0 0 0 0 0 0 0 0 0 0 0 0 0 0 0 0 0 0 0 0 0 0 0 0 0 0 0 0 0 0 0\nctxt 56101019\nbtime 1767134306\nprocesses 105716\nprocs_running 2\nprocs_blocked 0\nsoftirq 27102350 0 10255945 4 3329955 0 0 8643564 0 878 4872004\n"}
{"timestamp":1767813061,"subsystem":"/proc/meminfo","measurement":"MemTotal:         868988 kB\nMemFree:          124360 kB\nMemAvailable:     479040 kB\nBuffers:           42500 kB\nCached:           429544 kB\nSwapCached:            0 kB\nActive:            97828 kB\nInactive:         473780 kB\nActive(anon):      46824 kB\nInactive(anon):    65876 kB\nActive(file):      51004 kB\nInactive(file):   407904 kB\nUnevictable:       30724 kB\nMlocked:           27652 kB\nSwapTotal:             0 kB\nSwapFree:              0 kB\nZswap:                 0 kB\nZswapped:              0 kB\nDirty:               136 kB\nWriteback:             0 kB\nAnonPages:        129276 kB\nMapped:            58524 kB\nShmem:              4072 kB\nKReclaimable:      33752 kB\nSlab:              83868 kB\nSReclaimable:      33752 kB\nSUnreclaim:        50116 kB\nKernelStack:        2208 kB\nPageTables:         2884 kB\nSecPageTables:         0 kB\nNFS_Unstable:          0 kB\nBounce:                0 kB\nWritebackTmp:          0 kB\nCommitLimit:      434492 kB\nCommitted_AS:     489352 kB\nVmallocTotal:   34359738367 kB\nVmallocUsed:       32860 kB\nVmallocChunk:          0 kB\nPercpu:              792 kB\nHardwareCorrupted:     0 kB\nAnonHugePages:     32768 kB\nShmemHugePages:        0 kB\nShmemPmdMapped:        0 kB\nFileHugePages:         0 kB\nFilePmdMapped:         0 kB\nUnaccepted:            0 kB\nHugePages_Total:       0\nHugePages_Free:        0\nHugePages_Rsvd:        0\nHugePages_Surp:        0\nHugepagesize:       2048 kB\nHugetlb:               0 kB\nDirectMap4k:       76968 kB\nDirectMap2M:      919552 kB\nDirectMap1G:           0 kB\n"}
{"timestamp":1767813061,"subsystem":"/proc/net/dev","measurement":"Inter-|   Receive                                                |  Transmit\n face |bytes    packets errs drop fifo frame compressed multicast|bytes    packets errs drop fifo colls carrier compressed\n    lo:  224947    1474    0    0    0     0          0         0   224947    1474    0    0    0     0       0          0\n  eth0: 640641385 2376654    0    0    0     0          0         0 808059898 2800316    0    0    0     0       0          0\n"}
{"timestamp":1767813061,"subsystem":"/proc/diskstats","measurement":"   7       0 loop0 273 0 5244 439 0 0 0 0 0 411 439 0 0 0 0 0 0\n   7       1 loop1 75 0 2508 74 0 0 0 0 0 63 74 0 0 0 0 0 0\n   7       2 loop2 95 0 3754 84 0 0 0 0 0 85 84 0 0 0 0 0 0\n   7       3 loop3 11 0 28 0 0 0 0 0 0 0 0 0 0 0 0 0 0\n   7       4 loop4 0 0 0 0 0 0 0 0 0 0 0 0 0 0 0 0 0\n   7       5 loop5 0 0 0 0 0 0 0 0 0 0 0 0 0 0 0 0 0\n   7       6 loop6 0 0 0 0 0 0 0 0 0 0 0 0 0 0 0 0 0\n   7       7 loop7 0 0 0 0 0 0 0 0 0 0 0 0 0 0 0 0 0\n   8       0 sda 223639 8904 49366114 886234 2404311 665491 95028882 12387391 0 2635162 14644823 108192 1287 165358420 306427 1311876 1064770\n   8       1 sda1 223246 7482 49345142 885940 2404297 665483 95028776 12387368 0 2684276 13579732 108191 1286 165157144 306423 0 0\n   8      14 sda14 92 0 1232 70 0 0 0 0 0 70 70 0 0 0 0 0 0\n   8      15 sda15 165 1422 16028 114 2 0 2 1 0 96 119 1 1 201276 3 0 0\n   8      16 sdb 318 0 19226 162 161 532 266776 18879 0 1876 19052 35 34 16465312 11 0 0\n   8      17 sdb1 110 0 6466 80 161 532 266776 18879 0 1964 18970 35 34 16465312 11 0 0\n  11       0 sr0 78 0 560 47 0 0 0 0 0 45 47 0 0 0 0 0 0\n"}
{"timestamp":1767813061,"subsystem":"statfs[*]","measurement":"{\"mount_point\":\"/\",\"block_size\":4096,\"blocks_total\":7574544,\"blocks_free\":6704979,\"blocks_available\":6700883}\n{\"mount_point\":\"/boot/efi\",\"block_size\":512,\"blocks_total\":213663,\"blocks_free\":201276,\"blocks_available\":201276}\n{\"mount_point\":\"/mnt\",\"block_size\":4096,\"blocks_total\":1011128,\"blocks_free\":1011121,\"blocks_available\":954622}\n"}
{"timestamp":1767813066,"subsystem":"/proc/stat","measurement":"cpu  375396 4860 107508 67006147 258649 0 12621 0 0 0\ncpu0 375396 4860 107508 67006147 258649 0 12621 0 0 0\nintr 30293091 0 0 0 0 2934 0 0 0 0 0 0 0 0 0 0 0 0 0 0 0 0 0 0 0 0 0 0 0 0 0 0 0 0 0 0 0 0 0 0 0 0 0 0 0 0 0 0 0 0 0 0 0 0 0 0 0 0 0 0 0 0 0 0 0 0 0 0 0 0 0 0 0 0 0 0 0 0 0 0 0 0 0 0 0 0 0 0 0 0 0 0 0 0 0 0 0 0 0 0 0 0 0 0 0 0 0 0 0 0 0 0 0 0 0 0 0 0 0 0 0 0 0 0 0 0 0 0 0 0 0 0 0 0 0 0 0 0 0 0 0 0 0 0 0 0 0 0 0 0 0 0 0 0 0 0 0 0 0 0 0 0 0 0 0 0 0 0 0 0 0 0 0 0 0 0 0 0 0 0 0 0 0 0 0 0 0 0 0 0 0 0 0 0 0 0 0 0 0 0 0 0 0 0 0 0 0 0 0 0 0 0 0 0 0 0 0 0 0 0 0 0 0 0 0 0 0 0 0 0 0 0 0 0 0 0 0 0 0 0 0 0 0 0 0 0 0 0 0 0 0 0 0 0 0 0 0\nctxt 56101578\nbtime 1767134306\nprocesses 105717\nprocs_running 3\nprocs_blocked 0\nsoftirq 27102620 0 10256106 4 3329977 0 0 8643583 0 878 4872072\n"}
{"timestamp":1767813066,"subsystem":"/proc/meminfo","measurement":"MemTotal:         868988 kB\nMemFree:          124360 kB\nMemAvailable:     479048 kB\nBuffers:           42504 kB\nCached:           429548 kB\nSwapCached:            0 kB\nActive:            97840 kB\nInactive:         473788 kB\nActive(anon):      46836 kB\nInactive(anon):    65876 kB\nActive(file):      51004 kB\nInactive(file):   407912 kB\nUnevictable:       30724 kB\nMlocked:           27652 kB\nSwapTotal:             0 kB\nSwapFree:              0 kB\nZswap:                 0 kB\nZswapped:              0 kB\nDirty:                48 kB\nWriteback:             0 kB\nAnonPages:        129288 kB\nMapped:            58524 kB\nShmem:              4072 kB\nKReclaimable:      33752 kB\nSlab:              83868 kB\nSReclaimable:      33752 kB\nSUnreclaim:        50116 kB\nKernelStack:        2208 kB\nPageTables:         2884 kB\nSecPageTables:         0 kB\nNFS_Unstable:          0 kB\nBounce:                0 kB\nWritebackTmp:          0 kB\nCommitLimit:      434492 kB\nCommitted_AS:     489352 kB\nVmallocTotal:   34359738367 kB\nVmallocUsed:       32860 kB\nVmallocChunk:          0 kB\nPercpu:              792 kB\nHardwareCorrupted:     0 kB\nAnonHugePages:     32768 kB\nShmemHugePages:        0 kB\nShmemPmdMapped:        0 kB\nFileHugePages:         0 kB\nFilePmdMapped:         0 kB\nUnaccepted:            0 kB\nHugePages_Total:       0\nHugePages_Free:        0\nHugePages_Rsvd:        0\nHugePages_Surp:        0\nHugepagesize:       2048 kB\nHugetlb:               0 kB\nDirectMap4k:       76968 kB\nDirectMap2M:      919552 kB\nDirectMap1G:           0 kB\n"}
{"timestamp":1767813066,"subsystem":"/proc/net/dev","measurement":"Inter-|   Receive                                                |  Transmit\n face |bytes    packets errs drop fifo frame compressed multicast|bytes    packets errs drop fifo colls carrier compressed\n    lo:  224947    1474    0    0    0     0          0         0   224947    1474    0    0    0     0       0          0\n  eth0: 640645181 2376669    0    0    0     0          0         0 808065823 2800335    0    0    0     0       0          0\n"}
{"timestamp":1767813066,"subsystem":"/proc/diskstats","measurement":"   7       0 loop0 273 0 5244 439 0 0 0 0 0 411 439 0 0 0 0 0 0\n   7       1 loop1 75 0 2508 74 0 0 0 0 0 63 74 0 0 0 0 0 0\n   7       2 loop2 95 0 3754 84 0 0 0 0 0 85 84 0 0 0 0 0 0\n   7       3 loop3 11 0 28 0 0 0 0 0 0 0 0 0 0 0 0 0 0\n   7       4 loop4 0 0 0 0 0 0 0 0 0 0 0 0 0 0 0 0 0\n   7       5 loop5 0 0 0 0 0 0 0 0 0 0 0 0 0 0 0 0 0\n   7       6 loop6 0 0 0 0 0 0 0 0 0 0 0 0 0 0 0 0 0\n   7       7 loop7 0 0 0 0 0 0 0 0 0 0 0 0 0 0 0 0 0\n   8       0 sda 223639 8904 49366114 886234 2404332 665499 95029162 12387409 0 2635170 14644846 108193 1287 165358428 306429 1311877 1064772\n   8       1 sda1 223246 7482 49345142 885940 2404318 665491 95029056 12387386 0 2684284 13579752 108192 1286 165157152 306426 0 0\n   8      14 sda14 92 0 1232 70 0 0 0 0 0 70 70 0 0 0 0 0 0\n   8      15 sda15 165 1422 16028 114 2 0 2 1 0 96 119 1 1 201276 3 0 0\n   8      16 sdb 318 0 19226 162 161 532 266776 18879 0 1876 19052 35 34 16465312 11 0 0\n   8      17 sdb1 110 0 6466 80 161 532 266776 18879 0 1964 18970 35 34 16465312 11 0 0\n  11       0 sr0 78 0 560 47 0 0 0 0 0 45 47 0 0 0 0 0 0\n"}
{"timestamp":1767813066,"subsystem":"statfs[*]","measurement":"{\"mount_point\":\"/\",\"block_size\":4096,\"blocks_total\":7574544,\"blocks_free\":6704978,\"blocks_available\":6700882}\n{\"mount_point\":\"/boot/efi\",\"block_size\":512,\"blocks_total\":213663,\"blocks_free\":201276,\"blocks_available\":201276}\n{\"mount_point\":\"/mnt\",\"block_size\":4096,\"blocks_total\":1011128,\"blocks_free\":1011121,\"blocks_available\":954622}\n"}
{"timestamp":1767813071,"subsystem":"/proc/stat","measurement":"cpu  375891 4860 107511 67006147 258649 0 12622 0 0 0\ncpu0 375891 4860 107511 67006147 258649 0 12622 0 0 0\nintr 30298482 0 0 0 0 2934 0 0 0 0 0 0 0 0 0 0 0 0 0 0 0 0 0 0 0 0 0 0 0 0 0 0 0 0 0 0 0 0 0 0 0 0 0 0 0 0 0 0 0 0 0 0 0 0 0 0 0 0 0 0 0 0 0 0 0 0 0 0 0 0 0 0 0 0 0 0 0 0 0 0 0 0 0 0 0 0 0 0 0 0 0 0 0 0 0 0 0 0 0 0 0 0 0 0 0 0 0 0 0 0 0 0 0 0 0 0 0 0 0 0 0 0 0 0 0 0 0 0 0 0 0 0 0 0 0 0 0 0 0 0 0 0 0 0 0 0 0 0 0 0 0 0 0 0 0 0 0 0 0 0 0 0 0 0 0 0 0 0 0 0 0 0 0 0 0 0 0 0 0 0 0 0 0 0 0 0 0 0 0 0 0 0 0 0 0 0 0 0 0 0 0 0 0 0 0 0 0 0 0 0 0 0 0 0 0 0 0 0 0 0 0 0 0 0 0 0 0 0 0 0 0 0 0 0 0 0 0 0 0 0 0 0 0 0 0 0 0 0 0 0 0 0 0 0 0 0 0\nctxt 56103499\nbtime 1767134306\nprocesses 105718\nprocs_running 2\nprocs_blocked 0\nsoftirq 27103400 0 10256249 4 3330029 0 0 8644083 0 878 4872157\n"}
{"timestamp":1767813071,"subsystem":"/proc/meminfo","measurement":"MemTotal:         868988 kB\nMemFree:          124360 kB\nMemAvailable:     479052 kB\nBuffers:           42504 kB\nCached:           429552 kB\nSwapCached:            0 kB\nActive:            97844 kB\nInactive:         473792 kB\nActive(anon):      46840 kB\nInactive(anon):    65876 kB\nActive(file):      51004 kB\nInactive(file):   407916 kB\nUnevictable:       30724 kB\nMlocked:           27652 kB\nSwapTotal:             0 kB\nSwapFree:              0 kB\nZswap:                 0 kB\nZswapped:              0 kB\nDirty:                56 kB\nWriteback:             0 kB\nAnonPages:        129292 kB\nMapped:            58580 kB\nShmem:              4072 kB\nKReclaimable:      33752 kB\nSlab:              83868 kB\nSReclaimable:      33752 kB\nSUnreclaim:        50116 kB\nKernelStack:        2208 kB\nPageTables:         2884 kB\nSecPageTables:         0 kB\nNFS_Unstable:          0 kB\nBounce:                0 kB\nWritebackTmp:          0 kB\nCommitLimit:      434492 kB\nCommitted_AS:     489352 kB\nVmallocTotal:   34359738367 kB\nVmallocUsed:       32860 kB\nVmallocChunk:          0 kB\nPercpu:              792 kB\nHardwareCorrupted:     0 kB\nAnonHugePages:     32768 kB\nShmemHugePages:        0 kB\nShmemPmdMapped:        0 kB\nFileHugePages:         0 kB\nFilePmdMapped:         0 kB\nUnaccepted:            0 kB\nHugePages_Total:       0\nHugePages_Free:        0\nHugePages_Rsvd:        0\nHugePages_Surp:        0\nHugepagesize:       2048 kB\nHugetlb:               0 kB\nDirectMap4k:       76968 kB\nDirectMap2M:      919552 kB\nDirectMap1G:           0 kB\n"}
{"timestamp":1767813071,"subsystem":"/proc/net/dev","measurement":"Inter-|   Receive                                                |  Transmit\n face |bytes    packets errs drop fifo frame compressed multicast|bytes    packets errs drop fifo colls carrier compressed\n    lo:  224947    1474    0    0    0     0          0         0   224947    1474    0    0    0     0       0          0\n  eth0: 640653898 2376702    0    0    0     0          0         0 808074647 2800378    0    0    0     0       0          0\n"}
{"timestamp":1767813071,"subsystem":"/proc/diskstats","measurement":"   7       0 loop0 273 0 5244 439 0 0 0 0 0 411 439 0 0 0 0 0 0\n   7       1 loop1 75 0 2508 74 0 0 0 0 0 63 74 0 0 0 0 0 0\n   7       2 loop2 95 0 3754 84 0 0 0 0 0 85 84 0 0 0 0 0 0\n   7       3 loop3 11 0 28 0 0 0 0 0 0 0 0 0 0 0 0 0 0\n   7       4 loop4 0 0 0 0 0 0 0 0 0 0 0 0 0 0 0 0 0\n   7       5 loop5 0 0 0 0 0 0 0 0 0 0 0 0 0 0 0 0 0\n   7       6 loop6 0 0 0 0 0 0 0 0 0 0 0 0 0 0 0 0 0\n   7       7 loop7 0 0 0 0 0 0 0 0 0 0 0 0 0 0 0 0 0\n   8       0 sda 223639 8904 49366114 886234 2404335 665504 95029226 12387415 0 2635181 14644861 108195 1287 165358444 306435 1311878 1064775\n   8       1 sda1 223246 7482 49345142 885940 2404321 665496 95029120 12387392 0 2684297 13579765 108194 1286 165157168 306432 0 0\n   8      14 sda14 92 0 1232 70 0 0 0 0 0 70 70 0 0 0 0 0 0\n   8      15 sda15 165 1422 16028 114 2 0 2 1 0 96 119 1 1 201276 3 0 0\n   8      16 sdb 318 0 19226 162 161 532 266776 18879 0 1876 19052 35 34 16465312 11 0 0\n   8      17 sdb1 110 0 6466 80 161 532 266776 18879 0 1964 18970 35 34 16465312 11 0 0\n  11       0 sr0 78 0 560 47 0 0 0 0 0 45 47 0 0 0 0 0 0\n"}
{"timestamp":1767813071,"subsystem":"statfs[*]","measurement":"{\"mount_point\":\"/\",\"block_size\":4096,\"blocks_total\":7574544,\"blocks_free\":6704977,\"blocks_available\":6700881}\n{\"mount_point\":\"/boot/efi\",\"block_size\":512,\"blocks_total\":213663,\"blocks_free\":201276,\"blocks_available\":201276}\n{\"mount_point\":\"/mnt\",\"block_size\":4096,\"blocks_total\":1011128,\"blocks_free\":1011121,\"blocks_available\":954622}\n"}
{"timestamp":1767813076,"subsystem":"/proc/stat","measurement":"cpu  376386 4860 107512 67006147 258649 0 12622 0 0 0\ncpu0 376386 4860 107512 67006147 258649 0 12622 0 0 0\nintr 30303586 0 0 0 0 2934 0 0 0 0 0 0 0 0 0 0 0 0 0 0 0 0 0 0 0 0 0 0 0 0 0 0 0 0 0 0 0 0 0 0 0 0 0 0 0 0 0 0 0 0 0 0 0 0 0 0 0 0 0 0 0 0 0 0 0 0 0 0 0 0 0 0 0 0 0 0 0 0 0 0 0 0 0 0 0 0 0 0 0 0 0 0 0 0 0 0 0 0 0 0 0 0 0 0 0 0 0 0 0 0 0 0 0 0 0 0 0 0 0 0 0 0 0 0 0 0 0 0 0 0 0 0 0 0 0 0 0 0 0 0 0 0 0 0 0 0 0 0 0 0 0 0 0 0 0 0 0 0 0 0 0 0 0 0 0 0 0 0 0 0 0 0 0 0 0 0 0 0 0 0 0 0 0 0 0 0 0 0 0 0 0 0 0 0 0 0 0 0 0 0 0 0 0 0 0 0 0 0 0 0 0 0 0 0 0 0 0 0 0 0 0 0 0 0 0 0 0 0 0 0 0 0 0 0 0 0 0 0 0 0 0 0 0 0 0 0 0 0 0 0 0 0 0 0 0 0 0\nctxt 56104121\nbtime 1767134306\nprocesses 105719\nprocs_running 3\nprocs_blocked 0\nsoftirq 27103655 0 10256389 4 3330057 0 0 8644098 0 878 4872229\n"}
{"timestamp":1767813076,"subsystem":"/proc/meminfo","measurement":"MemTotal:         868988 kB\nMemFree:          124360 kB\nMemAvailable:     479056 kB\nBuffers:           42508 kB\nCached:           429552 kB\nSwapCached:            0 kB\nActive:            97848 kB\nInactive:         473796 kB\nActive(anon):      46844 kB\nInactive(anon):    65876 kB\nActive(file):      51004 kB\nInactive(file):   407920 kB\nUnevictable:       30724 kB\nMlocked:           27652 kB\nSwapTotal:             0 kB\nSwapFree:              0 kB\nZswap:                 0 kB\nZswapped:              0 kB\nDirty:                 4 kB\nWriteback:             0 kB\nAnonPages:        129304 kB\nMapped:            58580 kB\nShmem:              4072 kB\nKReclaimable:      33752 kB\nSlab:              83868 kB\nSReclaimable:      33752 kB\nSUnreclaim:        50116 kB\nKernelStack:        2208 kB\nPageTables:         2884 kB\nSecPageTables:         0 kB\nNFS_Unstable:          0 kB\nBounce:                0 kB\nWritebackTmp:          0 kB\nCommitLimit:      434492 kB\nCommitted_AS:     489352 kB\nVmallocTotal:   34359738367 kB\nVmallocUsed:       32860 kB\nVmallocChunk:          0 kB\nPercpu:              792 kB\nHardwareCorrupted:     0 kB\nAnonHugePages:     32768 kB\nShmemHugePages:        0 kB\nShmemPmdMapped:        0 kB\nFileHugePages:         0 kB\nFilePmdMapped:         0 kB\nUnaccepted:            0 kB\nHugePages_Total:       0\nHugePages_Free:        0\nHugePages_Rsvd:        0\nHugePages_Surp:        0\nHugepagesize:       2048 kB\nHugetlb:               0 kB\nDirectMap4k:       76968 kB\nDirectMap2M:      919552 kB\nDirectMap1G:           0 kB\n"}
{"timestamp":1767813076,"subsystem":"/proc/net/dev","measurement":"Inter-|   Receive                                                |  Transmit\n face |bytes    packets errs drop fifo frame compressed multicast|bytes    packets errs drop fifo colls carrier compressed\n    lo:  224947    1474    0    0    0     0          0         0   224947    1474    0    0    0     0       0          0\n  eth0: 640658116 2376721    0    0    0     0          0         0 808081286 2800402    0    0    0     0       0          0\n"}
{"timestamp":1767813076,"subsystem":"/proc/diskstats","measurement":"   7       0 loop0 273 0 5244 439 0 0 0 0 0 411 439 0 0 0 0 0 0\n   7       1 loop1 75 0 2508 74 0 0 0 0 0 63 74 0 0 0 0 0 0\n   7       2 loop2 95 0 3754 84 0 0 0 0 0 85 84 0 0 0 0 0 0\n   7       3 loop3 11 0 28 0 0 0 0 0 0 0 0 0 0 0 0 0 0\n   7       4 loop4 0 0 0 0 0 0 0 0 0 0 0 0 0 0 0 0 0\n   7       5 loop5 0 0 0 0 0 0 0 0 0 0 0 0 0 0 0 0 0\n   7       6 loop6 0 0 0 0 0 0 0 0 0 0 0 0 0 0 0 0 0\n   7       7 loop7 0 0 0 0 0 0 0 0 0 0 0 0 0 0 0 0 0\n   8       0 sda 223639 8904 49366114 886234 2404346 665510 95029370 12387424 0 2635188 14644875 108196 1287 165358452 306438 1311879 1064777\n   8       1 sda1 223246 7482 49345142 885940 2404332 665502 95029264 12387401 0 2684304 13579776 108195 1286 165157176 306435 0 0\n   8      14 sda14 92 0 1232 70 0 0 0 0 0 70 70 0 0 0 0 0 0\n   8      15 sda15 165 1422 16028 114 2 0 2 1 0 96 119 1 1 201276 3 0 0\n   8      16 sdb 318 0 19226 162 161 532 266776 18879 0 1876 19052 35 34 16465312 11 0 0\n   8      17 sdb1 110 0 6466 80 161 532 266776 18879 0 1964 18970 35 34 16465312 11 0 0\n  11       0 sr0 78 0 560 47 0 0 0 0 0 45 47 0 0 0 0 0 0\n"}
{"timestamp":1767813076,"subsystem":"statfs[*]","measurement":"{\"mount_point\":\"/\",\"block_size\":4096,\"blocks_total\":7574544,\"blocks_free\":6704976,\"blocks_available\":6700880}\n{\"mount_point\":\"/boot/efi\",\"block_size\":512,\"blocks_total\":213663,\"blocks_free\":201276,\"blocks_available\":201276}\n{\"mount_point\":\"/mnt\",\"block_size\":4096,\"blocks_total\":1011128,\"blocks_free\":1011121,\"blocks_available\":954622}\n"}
{"timestamp":1767813081,"subsystem":"/proc/stat","measurement":"cpu  376884 4860 107513 67006147 258649 0 12622 0 0 0\ncpu0 376884 4860 107513 67006147 258649 0 12622 0 0 0\nintr 30308698 0 0 0 0 2934 0 0 0 0 0 0 0 0 0 0 0 0 0 0 0 0 0 0 0 0 0 0 0 0 0 0 0 0 0 0 0 0 0 0 0 0 0 0 0 0 0 0 0 0 0 0 0 0 0 0 0 0 0 0 0 0 0 0 0 0 0 0 0 0 0 0 0 0 0 0 0 0 0 0 0 0 0 0 0 0 0 0 0 0 0 0 0 0 0 0 0 0 0 0 0 0 0 0 0 0 0 0 0 0 0 0 0 0 0 0 0 0 0 0 0 0 0 0 0 0 0 0 0 0 0 0 0 0 0 0 0 0 0 0 0 0 0 0 0 0 0 0 0 0 0 0 0 0 0 0 0 0 0 0 0 0 0 0 0 0 0 0 0 0 0 0 0 0 0 0 0 0 0 0 0 0 0 0 0 0 0 0 0 0 0 0 0 0 0 0 0 0 0 0 0 0 0 0 0 0 0 0 0 0 0 0 0 0 0 0 0 0 0 0 0 0 0 0 0 0 0 0 0 0 0 0 0 0 0 0 0 0 0 0 0 0 0 0 0 0 0 0 0 0 0 0 0 0 0 0 0\nctxt 56104883\nbtime 1767134306\nprocesses 105722\nprocs_running 2\nprocs_blocked 0\nsoftirq 27104011 0 10256534 4 3330081 0 0 8644106 0 878 4872408\n"}
{"timestamp":1767813081,"subsystem":"/proc/meminfo","measurement":"MemTotal:         868988 kB\nMemFree:          131948 kB\nMemAvailable:     486652 kB\nBuffers:           42508 kB\nCached:           429560 kB\nSwapCached:            0 kB\nActive:            97872 kB\nInactive:         473804 kB\nActive(anon):      46868 kB\nInactive(anon):    65876 kB\nActive(file):      51004 kB\nInactive(file):   407928 kB\nUnevictable:       30724 kB\nMlocked:           27652 kB\nSwapTotal:             0 kB\nSwapFree:              0 kB\nZswap:                 0 kB\nZswapped:              0 kB\nDirty:               168 kB\nWriteback:             0 kB\nAnonPages:        129320 kB\nMapped:            58584 kB\nShmem:              4072 kB\nKReclaimable:      33752 kB\nSlab:              83868 kB\nSReclaimable:      33752 kB\nSUnreclaim:        50116 kB\nKernelStack:        2208 kB\nPageTables:         2884 kB\nSecPageTables:         0 kB\nNFS_Unstable:          0 kB\nBounce:                0 kB\nWritebackTmp:          0 kB\nCommitLimit:      434492 kB\nCommitted_AS:     489352 kB\nVmallocTotal:   34359738367 kB\nVmallocUsed:       32860 kB\nVmallocChunk:          0 kB\nPercpu:              792 kB\nHardwareCorrupted:     0 kB\nAnonHugePages:     32768 kB\nShmemHugePages:        0 kB\nShmemPmdMapped:        0 kB\nFileHugePages:         0 kB\nFilePmdMapped:         0 kB\nUnaccepted:            0 kB\nHugePages_Total:       0\nHugePages_Free:        0\nHugePages_Rsvd:        0\nHugePages_Surp:        0\nHugepagesize:       2048 kB\nHugetlb:               0 kB\nDirectMap4k:       76968 kB\nDirectMap2M:      919552 kB\nDirectMap1G:           0 kB\n"}
{"timestamp":1767813081,"subsystem":"/proc/net/dev","measurement":"Inter-|   Receive                                                |  Transmit\n face |bytes    packets errs drop fifo frame compressed multicast|bytes    packets errs drop fifo colls carrier compressed\n    lo:  224947    1474    0    0    0     0          0         0   224947    1474    0    0    0     0       0          0\n  eth0: 640660382 2376736    0    0    0     0          0         0 808084538 2800413    0    0    0     0       0          0\n"}
{"timestamp":1767813081,"subsystem":"/proc/diskstats","measurement":"   7       0 loop0 273 0 5244 439 0 0 0 0 0 411 439 0 0 0 0 0 0\n   7       1 loop1 75 0 2508 74 0 0 0 0 0 63 74 0 0 0 0 0 0\n   7       2 loop2 95 0 3754 84 0 0 0 0 0 85 84 0 0 0 0 0 0\n   7       3 loop3 11 0 28 0 0 0 0 0 0 0 0 0 0 0 0 0 0\n   7       4 loop4 0 0 0 0 0 0 0 0 0 0 0 0 0 0 0 0 0\n   7       5 loop5 0 0 0 0 0 0 0 0 0 0 0 0 0 0 0 0 0\n   7       6 loop6 0 0 0 0 0 0 0 0 0 0 0 0 0 0 0 0 0\n   7       7 loop7 0 0 0 0 0 0 0 0 0 0 0 0 0 0 0 0 0\n   8       0 sda 223639 8904 49366114 886234 2404347 665510 95029378 12387425 0 2635189 14644876 108196 1287 165358452 306438 1311879 1064777\n   8       1 sda1 223246 7482 49345142 885940 2404333 665502 95029272 12387402 0 2684305 13579777 108195 1286 165157176 306435 0 0\n   8      14 sda14 92 0 1232 70 0 0 0 0 0 70 70 0 0 0 0 0 0\n   8      15 sda15 165 1422 16028 114 2 0 2 1 0 96 119 1 1 201276 3 0 0\n   8      16 sdb 318 0 19226 162 161 532 266776 18879 0 1876 19052 35 34 16465312 11 0 0\n   8      17 sdb1 110 0 6466 80 161 532 266776 18879 0 1964 18970 35 34 16465312 11 0 0\n  11       0 sr0 78 0 560 47 0 0 0 0 0 45 47 0 0 0 0 0 0\n"}
{"timestamp":1767813081,"subsystem":"statfs[*]","measurement":"{\"mount_point\":\"/\",\"block_size\":4096,\"blocks_total\":7574544,\"blocks_free\":6704975,\"blocks_available\":6700879}\n{\"mount_point\":\"/boot/efi\",\"block_size\":512,\"blocks_total\":213663,\"blocks_free\":201276,\"blocks_available\":201276}\n{\"mount_point\":\"/mnt\",\"block_size\":4096,\"blocks_total\":1011128,\"blocks_free\":1011121,\"blocks_available\":954622}\n"}
{"timestamp":1767813086,"subsystem":"/proc/stat","measurement":"cpu  377381 4860 107514 67006147 258649 0 12622 0 0 0\ncpu0 377381 4860 107514 67006147 258649 0 12622 0 0 0\nintr 30313806 0 0 0 0 2934 0 0 0 0 0 0 0 0 0 0 0 0 0 0 0 0 0 0 0 0 0 0 0 0 0 0 0 0 0 0 0 0 0 0 0 0 0 0 0 0 0 0 0 0 0 0 0 0 0 0 0 0 0 0 0 0 0 0 0 0 0 0 0 0 0 0 0 0 0 0 0 0 0 0 0 0 0 0 0 0 0 0 0 0 0 0 0 0 0 0 0 0 0 0 0 0 0 0 0 0 0 0 0 0 0 0 0 0 0 0 0 0 0 0 0 0 0 0 0 0 0 0 0 0 0 0 0 0 0 0 0 0 0 0 0 0 0 0 0 0 0 0 0 0 0 0 0 0 0 0 0 0 0 0 0 0 0 0 0 0 0 0 0 0 0 0 0 0 0 0 0 0 0 0 0 0 0 0 0 0 0 0 0 0 0 0 0 0 0 0 0 0 0 0 0 0 0 0 0 0 0 0 0 0 0 0 0 0 0 0 0 0 0 0 0 0 0 0 0 0 0 0 0 0 0 0 0 0 0 0 0 0 0 0 0 0 0 0 0 0 0 0 0 0 0 0 0 0 0 0 0\nctxt 56105489\nbtime 1767134306\nprocesses 105723\nprocs_running 2\nprocs_blocked 0\nsoftirq 27104250 0 10256673 4 3330102 0 0 8644117 0 878 4872476\n"}
{"timestamp":1767813086,"subsystem":"/proc/meminfo","measurement":"MemTotal:         868988 kB\nMemFree:          131948 kB\nMemAvailable:     486664 kB\nBuffers:           42512 kB\nCached:           429568 kB\nSwapCached:            0 kB\nActive:            97876 kB\nInactive:         473816 kB\nActive(anon):      46872 kB\nInactive(anon):    65876 kB\nActive(file):      51004 kB\nInactive(file):   407940 kB\nUnevictable:       30724 kB\nMlocked:           27652 kB\nSwapTotal:             0 kB\nSwapFree:              0 kB\nZswap:                 0 kB\nZswapped:              0 kB\nDirty:               168 kB\nWriteback:             0 kB\nAnonPages:        129324 kB\nMapped:            58584 kB\nShmem:              4072 kB\nKReclaimable:      33752 kB\nSlab:              83868 kB\nSReclaimable:      33752 kB\nSUnreclaim:        50116 kB\nKernelStack:        2208 kB\nPageTables:         2884 kB\nSecPageTables:         0 kB\nNFS_Unstable:          0 kB\nBounce:                0 kB\nWritebackTmp:          0 kB\nCommitLimit:      434492 kB\nCommitted_AS:     489352 kB\nVmallocTotal:   34359738367 kB\nVmallocUsed:       32860 kB\nVmallocChunk:          0 kB\nPercpu:              792 kB\nHardwareCorrupted:     0 kB\nAnonHugePages:     32768 kB\nShmemHugePages:        0 kB\nShmemPmdMapped:        0 kB\nFileHugePages:         0 kB\nFilePmdMapped:         0 kB\nUnaccepted:            0 kB\nHugePages_Total:       0\nHugePages_Free:        0\nHugePages_Rsvd:        0\nHugePages_Surp:        0\nHugepagesize:       2048 kB\nHugetlb:               0 kB\nDirectMap4k:       76968 kB\nDirectMap2M:      919552 kB\nDirectMap1G:           0 kB\n"}
{"timestamp":1767813086,"subsystem":"/proc/net/dev","measurement":"Inter-|   Receive                                                |  Transmit\n face |bytes    packets errs drop fifo frame compressed multicast|bytes    packets errs drop fifo colls carrier compressed\n    lo:  224947    1474    0    0    0     0          0         0   224947    1474    0    0    0     0       0          0\n  eth0: 640664178 2376751    0    0    0     0          0         0 808090463 2800432    0    0    0     0       0          0\n"}
{"timestamp":1767813086,"subsystem":"/proc/diskstats","measurement":"   7       0 loop0 273 0 5244 439 0 0 0 0 0 411 439 0 0 0 0 0 0\n   7       1 loop1 75 0 2508 74 0 0 0 0 0 63 74 0 0 0 0 0 0\n   7       2 loop2 95 0 3754 84 0 0 0 0 0 85 84 0 0 0 0 0 0\n   7       3 loop3 11 0 28 0 0 0 0 0 0 0 0 0 0 0 0 0 0\n   7       4 loop4 0 0 0 0 0 0 0 0 0 0 0 0 0 0 0 0 0\n   7       5 loop5 0 0 0 0 0 0 0 0 0 0 0 0 0 0 0 0 0\n   7       6 loop6 0 0 0 0 0 0 0 0 0 0 0 0 0 0 0 0 0\n   7       7 loop7 0 0 0 0 0 0 0 0 0 0 0 0 0 0 0 0 0\n   8       0 sda 223639 8904 49366114 886234 2404353 665515 95029482 12387431 0 2635194 14644885 108196 1287 165358452 306438 1311880 1064780\n   8       1 sda1 223246 7482 49345142 885940 2404339 665507 95029376 12387408 0 2684310 13579783 108195 1286 165157176 306435 0 0\n   8      14 sda14 92 0 1232 70 0 0 0 0 0 70 70 0 0 0 0 0 0\n   8      15 sda15 165 1422 16028 114 2 0 2 1 0 96 119 1 1 201276 3 0 0\n   8      16 sdb 318 0 19226 162 161 532 266776 18879 0 1876 19052 35 34 16465312 11 0 0\n   8      17 sdb1 110 0 6466 80 161 532 266776 18879 0 1964 18970 35 34 16465312 11 0 0\n  11       0 sr0 78 0 560 47 0 0 0 0 0 45 47 0 0 0 0 0 0\n"}
{"timestamp":1767813086,"subsystem":"statfs[*]","measurement":"{\"mount_point\":\"/\",\"block_size\":4096,\"blocks_total\":7574544,\"blocks_free\":6704973,\"blocks_available\":6700877}\n{\"mount_point\":\"/boot/efi\",\"block_size\":512,\"blocks_total\":213663,\"blocks_free\":201276,\"blocks_available\":201276}\n{\"mount_point\":\"/mnt\",\"block_size\":4096,\"blocks_total\":1011128,\"blocks_free\":1011121,\"blocks_available\":954622}\n"}
{"timestamp":1767813091,"subsystem":"/proc/stat","measurement":"cpu  377877 4860 107515 67006147 258649 0 12622 0 0 0\ncpu0 377877 4860 107515 67006147 258649 0 12622 0 0 0\nintr 30318917 0 0 0 0 2934 0 0 0 0 0 0 0 0 0 0 0 0 0 0 0 0 0 0 0 0 0 0 0 0 0 0 0 0 0 0 0 0 0 0 0 0 0 0 0 0 0 0 0 0 0 0 0 0 0 0 0 0 0 0 0 0 0 0 0 0 0 0 0 0 0 0 0 0 0 0 0 0 0 0 0 0 0 0 0 0 0 0 0 0 0 0 0 0 0 0 0 0 0 0 0 0 0 0 0 0 0 0 0 0 0 0 0 0 0 0 0 0 0 0 0 0 0 0 0 0 0 0 0 0 0 0 0 0 0 0 0 0 0 0 0 0 0 0 0 0 0 0 0 0 0 0 0 0 0 0 0 0 0 0 0 0 0 0 0 0 0 0 0 0 0 0 0 0 0 0 0 0 0 0 0 0 0 0 0 0 0 0 0 0 0 0 0 0 0 0 0 0 0 0 0 0 0 0 0 0 0 0 0 0 0 0 0 0 0 0 0 0 0 0 0 0 0 0 0 0 0 0 0 0 0 0 0 0 0 0 0 0 0 0 0 0 0 0 0 0 0 0 0 0 0 0 0 0 0 0 0\nctxt 56106109\nbtime 1767134306\nprocesses 105724\nprocs_running 3\nprocs_blocked 0\nsoftirq 27104484 0 10256811 4 3330124 0 0 8644128 0 878 4872539\n"}
{"timestamp":1767813091,"subsystem":"/proc/meminfo","measurement":"MemTotal:         868988 kB\nMemFree:          131948 kB\nMemAvailable:     486676 kB\nBuffers:           42520 kB\nCached:           429572 kB\nSwapCached:            0 kB\nActive:            97880 kB\nInactive:         473828 kB\nActive(anon):      46876 kB\nInactive(anon):    65876 kB\nActive(file):      51004 kB\nInactive(file):   407952 kB\nUnevictable:       30724 kB\nMlocked:           27652 kB\nSwapTotal:             0 kB\nSwapFree:              0 kB\nZswap:                 0 kB\nZswapped:              0 kB\nDirty:               176 kB\nWriteback:             0 kB\nAnonPages:        129328 kB\nMapped:            58584 kB\nShmem:              4072 kB\nKReclaimable:      33752 kB\nSlab:              83868 kB\nSReclaimable:      33752 kB\nSUnreclaim:        50116 kB\nKernelStack:        2208 kB\nPageTables:         2884 kB\nSecPageTables:         0 kB\nNFS_Unstable:          0 kB\nBounce:                0 kB\nWritebackTmp:          0 kB\nCommitLimit:      434492 kB\nCommitted_AS:     489352 kB\nVmallocTotal:   34359738367 kB\nVmallocUsed:       32860 kB\nVmallocChunk:          0 kB\nPercpu:              792 kB\nHardwareCorrupted:     0 kB\nAnonHugePages:     32768 kB\nShmemHugePages:        0 kB\nShmemPmdMapped:        0 kB\nFileHugePages:         0 kB\nFilePmdMapped:         0 kB\nUnaccepted:            0 kB\nHugePages_Total:       0\nHugePages_Free:        0\nHugePages_Rsvd:        0\nHugePages_Surp:        0\nHugepagesize:       2048 kB\nHugetlb:               0 kB\nDirectMap4k:       76968 kB\nDirectMap2M:      919552 kB\nDirectMap1G:           0 kB\n"}
{"timestamp":1767813091,"subsystem":"/proc/net/dev","measurement":"Inter-|   Receive                                                |  Transmit\n face |bytes    packets errs drop fifo frame compressed multicast|bytes    packets errs drop fifo colls carrier compressed\n    lo:  224947    1474    0    0    0     0          0         0   224947    1474    0    0    0     0       0          0\n  eth0: 640667974 2376766    0    0    0     0          0         0 808096388 2800451    0    0    0     0       0          0\n"}
{"timestamp":1767813091,"subsystem":"/proc/diskstats","measurement":"   7       0 loop0 273 0 5244 439 0 0 0 0 0 411 439 0 0 0 0 0 0\n   7       1 loop1 75 0 2508 74 0 0 0 0 0 63 74 0 0 0 0 0 0\n   7       2 loop2 95 0 3754 84 0 0 0 0 0 85 84 0 0 0 0 0 0\n   7       3 loop3 11 0 28 0 0 0 0 0 0 0 0 0 0 0 0 0 0\n   7       4 loop4 0 0 0 0 0 0 0 0 0 0 0 0 0 0 0 0 0\n   7       5 loop5 0 0 0 0 0 0 0 0 0 0 0 0 0 0 0 0 0\n   7       6 loop6 0 0 0 0 0 0 0 0 0 0 0 0 0 0 0 0 0\n   7       7 loop7 0 0 0 0 0 0 0 0 0 0 0 0 0 0 0 0 0\n   8       0 sda 223639 8904 49366114 886234 2404356 665521 95029554 12387437 0 2635204 14644897 108197 1287 165358460 306441 1311881 1064783\n   8       1 sda1 223246 7482 49345142 885940 2404342 665513 95029448 12387414 0 2684320 13579793 108196 1286 165157184 306438 0 0\n   8      14 sda14 92 0 1232 70 0 0 0 0 0 70 70 0 0 0 0 0 0\n   8      15 sda15 165 1422 16028 114 2 0 2 1 0 96 119 1 1 201276 3 0 0\n   8      16 sdb 318 0 19226 162 161 532 266776 18879 0 1876 19052 35 34 16465312 11 0 0\n   8      17 sdb1 110 0 6466 80 161 532 266776 18879 0 1964 18970 35 34 16465312 11 0 0\n  11       0 sr0 78 0 560 47 0 0 0 0 0 45 47 0 0 0 0 0 0\n"}
{"timestamp":1767813091,"subsystem":"statfs[*]","measurement":"{\"mount_point\":\"/\",\"block_size\":4096,\"blocks_total\":7574544,\"blocks_free\":6704972,\"blocks_available\":6700876}\n{\"mount_point\":\"/boot/efi\",\"block_size\":512,\"blocks_total\":213663,\"blocks_free\":201276,\"blocks_available\":201276}\n{\"mount_point\":\"/mnt\",\"block_size\":4096,\"blocks_total\":1011128,\"blocks_free\":1011121,\"blocks_available\":954622}\n"}
{"timestamp":1767813096,"subsystem":"/proc/stat","measurement":"cpu  378374 4860 107516 67006147 258649 0 12622 0 0 0\ncpu0 378374 4860 107516 67006147 258649 0 12622 0 0 0\nintr 30324017 0 0 0 0 2934 0 0 0 0 0 0 0 0 0 0 0 0 0 0 0 0 0 0 0 0 0 0 0 0 0 0 0 0 0 0 0 0 0 0 0 0 0 0 0 0 0 0 0 0 0 0 0 0 0 0 0 0 0 0 0 0 0 0 0 0 0 0 0 0 0 0 0 0 0 0 0 0 0 0 0 0 0 0 0 0 0 0 0 0 0 0 0 0 0 0 0 0 0 0 0 0 0 0 0 0 0 0 0 0 0 0 0 0 0 0 0 0 0 0 0 0 0 0 0 0 0 0 0 0 0 0 0 0 0 0 0 0 0 0 0 0 0 0 0 0 0 0 0 0 0 0 0 0 0 0 0 0 0 0 0 0 0 0 0 0 0 0 0 0 0 0 0 0 0 0 0 0 0 0 0 0 0 0 0 0 0 0 0 0 0 0 0 0 0 0 0 0 0 0 0 0 0 0 0 0 0 0 0 0 0 0 0 0 0 0 0 0 0 0 0 0 0 0 0 0 0 0 0 0 0 0 0 0 0 0 0 0 0 0 0 0 0 0 0 0 0 0 0 0 0 0 0 0 0 0 0\nctxt 56106699\nbtime 1767134306\nprocesses 105725\nprocs_running 2\nprocs_blocked 0\nsoftirq 27104716 0 10256944 4 3330146 0 0 8644140 0 878 4872604\n"}
{"timestamp":1767813096,"subsystem":"/proc/meminfo","measurement":"MemTotal:         868988 kB\nMemFree:          131948 kB\nMemAvailable:     486684 kB\nBuffers:           42524 kB\nCached:           429576 kB\nSwapCached:            0 kB\nActive:            97888 kB\nInactive:         473836 kB\nActive(anon):      46884 kB\nInactive(anon):    65876 kB\nActive(file):      51004 kB\nInactive(file):   407960 kB\nUnevictable:       30724 kB\nMlocked:           27652 kB\nSwapTotal:             0 kB\nSwapFree:              0 kB\nZswap:                 0 kB\nZswapped:              0 kB\nDirty:               168 kB\nWriteback:             0 kB\nAnonPages:        129336 kB\nMapped:            58584 kB\nShmem:              4072 kB\nKReclaimable:      33752 kB\nSlab:              83868 kB\nSReclaimable:      33752 kB\nSUnreclaim:        50116 kB\nKernelStack:        2208 kB\nPageTables:         2884 kB\nSecPageTables:         0 kB\nNFS_Unstable:          0 kB\nBounce:                0 kB\nWritebackTmp:          0 kB\nCommitLimit:      434492 kB\nCommitted_AS:     489352 kB\nVmallocTotal:   34359738367 kB\nVmallocUsed:       32860 kB\nVmallocChunk:          0 kB\nPercpu:              792 kB\nHardwareCorrupted:     0 kB\nAnonHugePages:     32768 kB\nShmemHugePages:        0 kB\nShmemPmdMapped:        0 kB\nFileHugePages:         0 kB\nFilePmdMapped:         0 kB\nUnaccepted:            0 kB\nHugePages_Total:       0\nHugePages_Free:        0\nHugePages_Rsvd:        0\nHugePages_Surp:        0\nHugepagesize:       2048 kB\nHugetlb:               0 kB\nDirectMap4k:       76968 kB\nDirectMap2M:      919552 kB\nDirectMap1G:           0 kB\n"}
{"timestamp":1767813096,"subsystem":"/proc/net/dev","measurement":"Inter-|   Receive                                                |  Transmit\n face |bytes    packets errs drop fifo frame compressed multicast|bytes    packets errs drop fifo colls carrier compressed\n    lo:  224947    1474    0    0    0     0          0         0   224947    1474    0    0    0     0       0          0\n  eth0: 640671770 2376781    0    0    0     0          0         0 808102313 2800470    0    0    0     0       0          0\n"}
{"timestamp":1767813096,"subsystem":"/proc/diskstats","measurement":"   7       0 loop0 273 0 5244 439 0 0 0 0 0 411 439 0 0 0 0 0 0\n   7       1 loop1 75 0 2508 74 0 0 0 0 0 63 74 0 0 0 0 0 0\n   7       2 loop2 95 0 3754 84 0 0 0 0 0 85 84 0 0 0 0 0 0\n   7       3 loop3 11 0 28 0 0 0 0 0 0 0 0 0 0 0 0 0 0\n   7       4 loop4 0 0 0 0 0 0 0 0 0 0 0 0 0 0 0 0 0\n   7       5 loop5 0 0 0 0 0 0 0 0 0 0 0 0 0 0 0 0 0\n   7       6 loop6 0 0 0 0 0 0 0 0 0 0 0 0 0 0 0 0 0\n   7       7 loop7 0 0 0 0 0 0 0 0 0 0 0 0 0 0 0 0 0\n   8       0 sda 223639 8904 49366114 886234 2404361 665527 95029650 12387443 0 2635213 14644910 108198 1287 165358468 306445 1311882 1064786\n   8       1 sda1 223246 7482 49345142 885940 2404347 665519 95029544 12387420 0 2684329 13579803 108197 1286 165157192 306442 0 0\n   8      14 sda14 92 0 1232 70 0 0 0 0 0 70 70 0 0 0 0 0 0\n   8      15 sda15 165 1422 16028 114 2 0 2 1 0 96 119 1 1 201276 3 0 0\n   8      16 sdb 318 0 19226 162 161 532 266776 18879 0 1876 19052 35 34 16465312 11 0 0\n   8      17 sdb1 110 0 6466 80 161 532 266776 18879 0 1964 18970 35 34 16465312 11 0 0\n  11       0 sr0 78 0 560 47 0 0 0 0 0 45 47 0 0 0 0 0 0\n"}
{"timestamp":1767813096,"subsystem":"statfs[*]","measurement":"{\"mount_point\":\"/\",\"block_size\":4096,\"blocks_total\":7574544,\"blocks_free\":6704971,\"blocks_available\":6700875}\n{\"mount_point\":\"/boot/efi\",\"block_size\":512,\"blocks_total\":213663,\"blocks_free\":201276,\"blocks_available\":201276}\n{\"mount_point\":\"/mnt\",\"block_size\":4096,\"blocks_total\":1011128,\"blocks_free\":1011121,\"blocks_available\":954622}\n"}
{"timestamp":1767813101,"subsystem":"/proc/stat","measurement":"cpu  378872 4860 107516 67006147 258649 0 12622 0 0 0\ncpu0 378872 4860 107516 67006147 258649 0 12622 0 0 0\nintr 30329125 0 0 0 0 2934 0 0 0 0 0 0 0 0 0 0 0 0 0 0 0 0 0 0 0 0 0 0 0 0 0 0 0 0 0 0 0 0 0 0 0 0 0 0 0 0 0 0 0 0 0 0 0 0 0 0 0 0 0 0 0 0 0 0 0 0 0 0 0 0 0 0 0 0 0 0 0 0 0 0 0 0 0 0 0 0 0 0 0 0 0 0 0 0 0 0 0 0 0 0 0 0 0 0 0 0 0 0 0 0 0 0 0 0 0 0 0 0 0 0 0 0 0 0 0 0 0 0 0 0 0 0 0 0 0 0 0 0 0 0 0 0 0 0 0 0 0 0 0 0 0 0 0 0 0 0 0 0 0 0 0 0 0 0 0 0 0 0 0 0 0 0 0 0 0 0 0 0 0 0 0 0 0 0 0 0 0 0 0 0 0 0 0 0 0 0 0 0 0 0 0 0 0 0 0 0 0 0 0 0 0 0 0 0 0 0 0 0 0 0 0 0 0 0 0 0 0 0 0 0 0 0 0 0 0 0 0 0 0 0 0 0 0 0 0 0 0 0 0 0 0 0 0 0 0 0 0\nctxt 56107286\nbtime 1767134306\nprocesses 105726\nprocs_running 3\nprocs_blocked 0\nsoftirq 27104950 0 10257074 4 3330172 0 0 8644151 0 878 4872671\n"}
{"timestamp":1767813101,"subsystem":"/proc/meminfo","measurement":"MemTotal:         868988 kB\nMemFree:          131948 kB\nMemAvailable:     486688 kB\nBuffers:           42528 kB\nCached:           429580 kB\nSwapCached:            0 kB\nActive:            97888 kB\nInactive:         473840 kB\nActive(anon):      46884 kB\nInactive(anon):    65876 kB\nActive(file):      51004 kB\nInactive(file):   407964 kB\nUnevictable:       30724 kB\nMlocked:           27652 kB\nSwapTotal:             0 kB\nSwapFree:              0 kB\nZswap:                 0 kB\nZswapped:              0 kB\nDirty:               176 kB\nWriteback:             0 kB\nAnonPages:        129336 kB\nMapped:            58584 kB\nShmem:              4072 kB\nKReclaimable:      33752 kB\nSlab:              83868 kB\nSReclaimable:      33752 kB\nSUnreclaim:        50116 kB\nKernelStack:        2208 kB\nPageTables:         2884 kB\nSecPageTables:         0 kB\nNFS_Unstable:          0 kB\nBounce:                0 kB\nWritebackTmp:          0 kB\nCommitLimit:      434492 kB\nCommitted_AS:     489352 kB\nVmallocTotal:   34359738367 kB\nVmallocUsed:       32860 kB\nVmallocChunk:          0 kB\nPercpu:              792 kB\nHardwareCorrupted:     0 kB\nAnonHugePages:     32768 kB\nShmemHugePages:        0 kB\nShmemPmdMapped:        0 kB\nFileHugePages:         0 kB\nFilePmdMapped:         0 kB\nUnaccepted:            0 kB\nHugePages_Total:       0\nHugePages_Free:        0\nHugePages_Rsvd:        0\nHugePages_Surp:        0\nHugepagesize:       2048 kB\nHugetlb:               0 kB\nDirectMap4k:       76968 kB\nDirectMap2M:      919552 kB\nDirectMap1G:           0 kB\n"}
{"timestamp":1767813101,"subsystem":"/proc/net/dev","measurement":"Inter-|   Receive                                                |  Transmit\n face |bytes    packets errs drop fifo frame compressed multicast|bytes    packets errs drop fifo colls carrier compressed\n    lo:  224947    1474    0    0    0     0          0         0   224947    1474    0    0    0     0       0          0\n  eth0: 640675566 2376796    0    0    0     0          0         0 808108238 2800489    0    0    0     0       0          0\n"}
{"timestamp":1767813101,"subsystem":"/proc/diskstats","measurement":"   7       0 loop0 273 0 5244 439 0 0 0 0 0 411 439 0 0 0 0 0 0\n   7       1 loop1 75 0 2508 74 0 0 0 0 0 63 74 0 0 0 0 0 0\n   7       2 loop2 95 0 3754 84 0 0 0 0 0 85 84 0 0 0 0 0 0\n   7       3 loop3 11 0 28 0 0 0 0 0 0 0 0 0 0 0 0 0 0\n   7       4 loop4 0 0 0 0 0 0 0 0 0 0 0 0 0 0 0 0 0\n   7       5 loop5 0 0 0 0 0 0 0 0 0 0 0 0 0 0 0 0 0\n   7       6 loop6 0 0 0 0 0 0 0 0 0 0 0 0 0 0 0 0 0\n   7       7 loop7 0 0 0 0 0 0 0 0 0 0 0 0 0 0 0 0 0\n   8       0 sda 223639 8904 49366114 886234 2404364 665532 95029714 12387449 0 2635222 14644921 108199 1287 165358484 306448 1311883 1064788\n   8       1 sda1 223246 7482 49345142 885940 2404350 665524 95029608 12387426 0 2684338 13579812 108198 1286 165157208 306445 0 0\n   8      14 sda14 92 0 1232 70 0 0 0 0 0 70 70 0 0 0 0 0 0\n   8      15 sda15 165 1422 16028 114 2 0 2 1 0 96 119 1 1 201276 3 0 0\n   8      16 sdb 318 0 19226 162 161 532 266776 18879 0 1876 19052 35 34 16465312 11 0 0\n   8      17 sdb1 110 0 6466 80 161 532 266776 18879 0 1964 18970 35 34 16465312 11 0 0\n  11       0 sr0 78 0 560 47 0 0 0 0 0 45 47 0 0 0 0 0 0\n"}
{"timestamp":1767813101,"subsystem":"statfs[*]","measurement":"{\"mount_point\":\"/\",\"block_size\":4096,\"blocks_total\":7574544,\"blocks_free\":6704970,\"blocks_available\":6700874}\n{\"mount_point\":\"/boot/efi\",\"block_size\":512,\"blocks_total\":213663,\"blocks_free\":201276,\"blocks_available\":201276}\n{\"mount_point\":\"/mnt\",\"block_size\":4096,\"blocks_total\":1011128,\"blocks_free\":1011121,\"blocks_available\":954622}\n"}
{"timestamp":1767813106,"subsystem":"/proc/stat","measurement":"cpu  379369 4860 107517 67006147 258649 0 12622 0 0 0\ncpu0 379369 4860 107517 67006147 258649 0 12622 0 0 0\nintr 30334239 0 0 0 0 2934 0 0 0 0 0 0 0 0 0 0 0 0 0 0 0 0 0 0 0 0 0 0 0 0 0 0 0 0 0 0 0 0 0 0 0 0 0 0 0 0 0 0 0 0 0 0 0 0 0 0 0 0 0 0 0 0 0 0 0 0 0 0 0 0 0 0 0 0 0 0 0 0 0 0 0 0 0 0 0 0 0 0 0 0 0 0 0 0 0 0 0 0 0 0 0 0 0 0 0 0 0 0 0 0 0 0 0 0 0 0 0 0 0 0 0 0 0 0 0 0 0 0 0 0 0 0 0 0 0 0 0 0 0 0 0 0 0 0 0 0 0 0 0 0 0 0 0 0 0 0 0 0 0 0 0 0 0 0 0 0 0 0 0 0 0 0 0 0 0 0 0 0 0 0 0 0 0 0 0 0 0 0 0 0 0 0 0 0 0 0 0 0 0 0 0 0 0 0 0 0 0 0 0 0 0 0 0 0 0 0 0 0 0 0 0 0 0 0 0 0 0 0 0 0 0 0 0 0 0 0 0 0 0 0 0 0 0 0 0 0 0 0 0 0 0 0 0 0 0 0 0\nctxt 56107911\nbtime 1767134306\nprocesses 105727\nprocs_running 3\nprocs_blocked 0\nsoftirq 27105176 0 10257202 4 3330195 0 0 8644159 0 878 4872738\n"}
{"timestamp":1767813106,"subsystem":"/proc/meminfo","measurement":"MemTotal:         868988 kB\nMemFree:          131948 kB\nMemAvailable:     486696 kB\nBuffers:           42528 kB\nCached:           429584 kB\nSwapCached:            0 kB\nActive:            97900 kB\nInactive:         473848 kB\nActive(anon):      46896 kB\nInactive(anon):    65876 kB\nActive(file):      51004 kB\nInactive(file):   407972 kB\nUnevictable:       30724 kB\nMlocked:           27652 kB\nSwapTotal:             0 kB\nSwapFree:              0 kB\nZswap:                 0 kB\nZswapped:              0 kB\nDirty:               168 kB\nWriteback:             0 kB\nAnonPages:        129348 kB\nMapped:            58584 kB\nShmem:              4072 kB\nKReclaimable:      33752 kB\nSlab:              83868 kB\nSReclaimable:      33752 kB\nSUnreclaim:        50116 kB\nKernelStack:        2208 kB\nPageTables:         2884 kB\nSecPageTables:         0 kB\nNFS_Unstable:          0 kB\nBounce:                0 kB\nWritebackTmp:          0 kB\nCommitLimit:      434492 kB\nCommitted_AS:     489352 kB\nVmallocTotal:   34359738367 kB\nVmallocUsed:       32860 kB\nVmallocChunk:          0 kB\nPercpu:              792 kB\nHardwareCorrupted:     0 kB\nAnonHugePages:     32768 kB\nShmemHugePages:        0 kB\nShmemPmdMapped:        0 kB\nFileHugePages:         0 kB\nFilePmdMapped:         0 kB\nUnaccepted:            0 kB\nHugePages_Total:       0\nHugePages_Free:        0\nHugePages_Rsvd:        0\nHugePages_Surp:        0\nHugepagesize:       2048 kB\nHugetlb:               0 kB\nDirectMap4k:       76968 kB\nDirectMap2M:      919552 kB\nDirectMap1G:           0 kB\n"}
{"timestamp":1767813106,"subsystem":"/proc/net/dev","measurement":"Inter-|   Receive                                                |  Transmit\n face |bytes    packets errs drop fifo frame compressed multicast|bytes    packets errs drop fifo colls carrier compressed\n    lo:  224947    1474    0    0    0     0          0         0   224947    1474    0    0    0     0       0          0\n  eth0: 640679362 2376811    0    0    0     0          0         0 808114163 2800508    0    0    0     0       0          0\n"}
{"timestamp":1767813106,"subsystem":"/proc/diskstats","measurement":"   7       0 loop0 273 0 5244 439 0 0 0 0 0 411 439 0 0 0 0 0 0\n   7       1 loop1 75 0 2508 74 0 0 0 0 0 63 74 0 0 0 0 0 0\n   7       2 loop2 95 0 3754 84 0 0 0 0 0 85 84 0 0 0 0 0 0\n   7       3 loop3 11 0 28 0 0 0 0 0 0 0 0 0 0 0 0 0 0\n   7       4 loop4 0 0 0 0 0 0 0 0 0 0 0 0 0 0 0 0 0\n   7       5 loop5 0 0 0 0 0 0 0 0 0 0 0 0 0 0 0 0 0\n   7       6 loop6 0 0 0 0 0 0 0 0 0 0 0 0 0 0 0 0 0\n   7       7 loop7 0 0 0 0 0 0 0 0 0 0 0 0 0 0 0 0 0\n   8       0 sda 223639 8904 49366114 886234 2404367 665532 95029746 12387450 0 2635223 14644922 108199 1287 165358484 306448 1311883 1064788\n   8       1 sda1 223246 7482 49345142 885940 2404353 665524 95029640 12387427 0 2684339 13579813 108198 1286 165157208 306445 0 0\n   8      14 sda14 92 0 1232 70 0 0 0 0 0 70 70 0 0 0 0 0 0\n   8      15 sda15 165 1422 16028 114 2 0 2 1 0 96 119 1 1 201276 3 0 0\n   8      16 sdb 318 0 19226 162 161 532 266776 18879 0 1876 19052 35 34 16465312 11 0 0\n   8      17 sdb1 110 0 6466 80 161 532 266776 18879 0 1964 18970 35 34 16465312 11 0 0\n  11       0 sr0 78 0 560 47 0 0 0 0 0 45 47 0 0 0 0 0 0\n"}
{"timestamp":1767813106,"subsystem":"statfs[*]","measurement":"{\"mount_point\":\"/\",\"block_size\":4096,\"blocks_total\":7574544,\"blocks_free\":6704969,\"blocks_available\":6700873}\n{\"mount_point\":\"/boot/efi\",\"block_size\":512,\"blocks_total\":213663,\"blocks_free\":201276,\"blocks_available\":201276}\n{\"mount_point\":\"/mnt\",\"block_size\":4096,\"blocks_total\":1011128,\"blocks_free\":1011121,\"blocks_available\":954622}\n"}
{"timestamp":1767813111,"subsystem":"/proc/stat","measurement":"cpu  379867 4860 107518 67006147 258649 0 12623 0 0 0\ncpu0 379867 4860 107518 67006147 258649 0 12623 0 0 0\nintr 30339353 0 0 0 0 2934 0 0 0 0 0 0 0 0 0 0 0 0 0 0 0 0 0 0 0 0 0 0 0 0 0 0 0 0 0 0 0 0 0 0 0 0 0 0 0 0 0 0 0 0 0 0 0 0 0 0 0 0 0 0 0 0 0 0 0 0 0 0 0 0 0 0 0 0 0 0 0 0 0 0 0 0 0 0 0 0 0 0 0 0 0 0 0 0 0 0 0 0 0 0 0 0 0 0 0 0 0 0 0 0 0 0 0 0 0 0 0 0 0 0 0 0 0 0 0 0 0 0 0 0 0 0 0 0 0 0 0 0 0 0 0 0 0 0 0 0 0 0 0 0 0 0 0 0 0 0 0 0 0 0 0 0 0 0 0 0 0 0 0 0 0 0 0 0 0 0 0 0 0 0 0 0 0 0 0 0 0 0 0 0 0 0 0 0 0 0 0 0 0 0 0 0 0 0 0 0 0 0 0 0 0 0 0 0 0 0 0 0 0 0 0 0 0 0 0 0 0 0 0 0 0 0 0 0 0 0 0 0 0 0 0 0 0 0 0 0 0 0 0 0 0 0 0 0 0 0 0\nctxt 56108580\nbtime 1767134306\nprocesses 105730\nprocs_running 2\nprocs_blocked 0\nsoftirq 27105465 0 10257345 4 3330210 0 0 8644179 0 878 4872849\n"}
{"timestamp":1767813111,"subsystem":"/proc/meminfo","measurement":"MemTotal:         868988 kB\nMemFree:          131476 kB\nMemAvailable:     486232 kB\nBuffers:           42532 kB\nCached:           429588 kB\nSwapCached:            0 kB\nActive:            99796 kB\nInactive:         473856 kB\nActive(anon):      48792 kB\nInactive(anon):    65876 kB\nActive(file):      51004 kB\nInactive(file):   407980 kB\nUnevictable:       30724 kB\nMlocked:           27652 kB\nSwapTotal:             0 kB\nSwapFree:              0 kB\nZswap:                 0 kB\nZswapped:              0 kB\nDirty:                32 kB\nWriteback:             0 kB\nAnonPages:        131236 kB\nMapped:            58856 kB\nShmem:              4072 kB\nKReclaimable:      33752 kB\nSlab:              83868 kB\nSReclaimable:      33752 kB\nSUnreclaim:        50116 kB\nKernelStack:        2240 kB\nPageTables:         3028 kB\nSecPageTables:         0 kB\nNFS_Unstable:          0 kB\nBounce:                0 kB\nWritebackTmp:          0 kB\nCommitLimit:      434492 kB\nCommitted_AS:     493248 kB\nVmallocTotal:   34359738367 kB\nVmallocUsed:       32864 kB\nVmallocChunk:          0 kB\nPercpu:              792 kB\nHardwareCorrupted:     0 kB\nAnonHugePages:     32768 kB\nShmemHugePages:        0 kB\nShmemPmdMapped:        0 kB\nFileHugePages:         0 kB\nFilePmdMapped:         0 kB\nUnaccepted:            0 kB\nHugePages_Total:       0\nHugePages_Free:        0\nHugePages_Rsvd:        0\nHugePages_Surp:        0\nHugepagesize:       2048 kB\nHugetlb:               0 kB\nDirectMap4k:       76968 kB\nDirectMap2M:      919552 kB\nDirectMap1G:           0 kB\n"}
{"timestamp":1767813111,"subsystem":"/proc/net/dev","measurement":"Inter-|   Receive                                                |  Transmit\n face |bytes    packets errs drop fifo frame compressed multicast|bytes    packets errs drop fifo colls carrier compressed\n    lo:  224947    1474    0    0    0     0          0         0   224947    1474    0    0    0     0       0          0\n  eth0: 640680998 2376819    0    0    0     0          0         0 808117015 2800515    0    0    0     0       0          0\n"}
{"timestamp":1767813111,"subsystem":"/proc/diskstats","measurement":"   7       0 loop0 273 0 5244 439 0 0 0 0 0 411 439 0 0 0 0 0 0\n   7       1 loop1 75 0 2508 74 0 0 0 0 0 63 74 0 0 0 0 0 0\n   7       2 loop2 95 0 3754 84 0 0 0 0 0 85 84 0 0 0 0 0 0\n   7       3 loop3 11 0 28 0 0 0 0 0 0 0 0 0 0 0 0 0 0\n   7       4 loop4 0 0 0 0 0 0 0 0 0 0 0 0 0 0 0 0 0\n   7       5 loop5 0 0 0 0 0 0 0 0 0 0 0 0 0 0 0 0 0\n   7       6 loop6 0 0 0 0 0 0 0 0 0 0 0 0 0 0 0 0 0\n   7       7 loop7 0 0 0 0 0 0 0 0 0 0 0 0 0 0 0 0 0\n   8       0 sda 223639 8904 49366114 886234 2404402 665539 95030098 12387484 0 2635233 14644962 108200 1287 165358492 306452 1311884 1064791\n   8       1 sda1 223246 7482 49345142 885940 2404388 665531 95029992 12387461 0 2684349 13579850 108199 1286 165157216 306448 0 0\n   8      14 sda14 92 0 1232 70 0 0 0 0 0 70 70 0 0 0 0 0 0\n   8      15 sda15 165 1422 16028 114 2 0 2 1 0 96 119 1 1 201276 3 0 0\n   8      16 sdb 318 0 19226 162 161 532 266776 18879 0 1876 19052 35 34 16465312 11 0 0\n   8      17 sdb1 110 0 6466 80 161 532 266776 18879 0 1964 18970 35 34 16465312 11 0 0\n  11       0 sr0 78 0 560 47 0 0 0 0 0 45 47 0 0 0 0 0 0\n"}
{"timestamp":1767813111,"subsystem":"statfs[*]","measurement":"{\"mount_point\":\"/\",\"block_size\":4096,\"blocks_total\":7574544,\"blocks_free\":6704968,\"blocks_available\":6700872}\n{\"mount_point\":\"/boot/efi\",\"block_size\":512,\"blocks_total\":213663,\"blocks_free\":201276,\"blocks_available\":201276}\n{\"mount_point\":\"/mnt\",\"block_size\":4096,\"blocks_total\":1011128,\"blocks_free\":1011121,\"blocks_available\":954622}\n"}
{"timestamp":1767813116,"subsystem":"/proc/stat","measurement":"cpu  380363 4860 107519 67006147 258649 0 12623 0 0 0\ncpu0 380363 4860 107519 67006147 258649 0 12623 0 0 0\nintr 30344453 0 0 0 0 2934 0 0 0 0 0 0 0 0 0 0 0 0 0 0 0 0 0 0 0 0 0 0 0 0 0 0 0 0 0 0 0 0 0 0 0 0 0 0 0 0 0 0 0 0 0 0 0 0 0 0 0 0 0 0 0 0 0 0 0 0 0 0 0 0 0 0 0 0 0 0 0 0 0 0 0 0 0 0 0 0 0 0 0 0 0 0 0 0 0 0 0 0 0 0 0 0 0 0 0 0 0 0 0 0 0 0 0 0 0 0 0 0 0 0 0 0 0 0 0 0 0 0 0 0 0 0 0 0 0 0 0 0 0 0 0 0 0 0 0 0 0 0 0 0 0 0 0 0 0 0 0 0 0 0 0 0 0 0 0 0 0 0 0 0 0 0 0 0 0 0 0 0 0 0 0 0 0 0 0 0 0 0 0 0 0 0 0 0 0 0 0 0 0 0 0 0 0 0 0 0 0 0 0 0 0 0 0 0 0 0 0 0 0 0 0 0 0 0 0 0 0 0 0 0 0 0 0 0 0 0 0 0 0 0 0 0 0 0 0 0 0 0 0 0 0 0 0 0 0 0 0\nctxt 56109267\nbtime 1767134306\nprocesses 105731\nprocs_running 3\nprocs_blocked 0\nsoftirq 27105776 0 10257491 4 3330239 0 0 8644187 0 878 4872977\n"}
