{"timestamp":1767916930,"subsystem":"/proc/stat","measurement":"cpu  28016 527 10594 1495371 13677 0 88 363 0 0\ncpu0 11015 181 5120 750859 6824 0 55 208 0 0\ncpu1 17000 346 5474 744512 6852 0 33 155 0 0\nintr 2083347 23 9 0 0 2631 0 0 0 1 0 0 0 15 0 0 0 0 0 0 22 0 0 0 0 0 0 0 0 0 0 0 0 0 0 0 0 0 0 0 0 0 0 0 0 0 0 0 0 0 0 0 0 63827 67171 0 0 64514 57720 0 0 0 0 0 0 0 0 0 0 0 0 0 0 0 0 0 0 0 0 0 0 0 0 0 0 0 0 0 0 0 0 0 0 0 0 0 0 0 0 0 0 0 0 0 0 0 0 0 0 0 0 0 0 0 0 0 0 0 0 0 0 0 0 0 0 0 0 0 0 0 0 0 0 0 0 0 0 0 0 0 0 0 0 0 0 0 0 0 0 0 0 0 0 0 0 0 0 0 0 0 0 0 0 0 0 0 0 0 0 0 0 0 0 0 0 0 0 0 0 0 0 0 0 0 0 0 0 0 0 0 0 0 0 0 0 0 0 0 0 0 0 0 0 0 0 0 0 0 0 0 0 0 0 0 0 0 0 0 0 0 0 0 0 0 0 0 0 0 0 0 0 0 0 0 0 0 0 0 0 0 0 0 0 0 0 0 0 0 0 0 0 0 0 0 0 0 0 0 0 0 0 0 0 0 0 0 0 0 0 0 0 0 0 0 0 0 0 0 0 0 0 0 0 0 0 0 0 0 0 0 0 0 0 0 0 0 0 0 0 0 0 0 0 0 0 0 0 0 0 0 0 0 0 0 0 0 0 0 0 0 0 0 0 0 0 0 0 0 0 0 0 0 0 0 0 0 0 0 0 0 0 0 0 0 0 0 0 0 0 0 0 0 0 0 0 0 0 0 0 0 0 0 0 0 0 0 0 0 0 0 0 0 0 0 0 0 0 0 0 0 0 0 0 0 0 0 0 0 0 0 0 0 0 0 0 0 0 0 0 0 0 0 0 0 0 0 0 0 0 0 0 0 0 0 0 0 0 0 0 0 0 0 0 0 0 0 0 0 0 0 0 0 0 0 0 0 0 0 0 0 0\nctxt 3189450\nbtime 1767909178\nprocesses 55541\nprocs_running 3\nprocs_blocked 0\nsoftirq 1548616 4 427554 1409 138506 0 0 296 464660 73 516114\n"}
{"timestamp":1767916930,"subsystem":"/proc/meminfo","measurement":"MemTotal:        3707648 kB\nMemFree:          288964 kB\nMemAvailable:    2687924 kB\nBuffers:            1080 kB\nCached:          2380824 kB\nSwapCached:         4636 kB\nActive:           845004 kB\nInactive:        1811768 kB\nActive(anon):       5360 kB\nInactive(anon):   289168 kB\nActive(file):     839644 kB\nInactive(file):  1522600 kB\nUnevictable:       12472 kB\nMlocked:           12472 kB\nSwapTotal:       3706876 kB\nSwapFree:        3691344 kB\nDirty:                60 kB\nWriteback:             0 kB\nAnonPages:        279152 kB\nMapped:           158820 kB\nShmem:              8996 kB\nKReclaimable:     328932 kB\nSlab:             487260 kB\nSReclaimable:     328932 kB\nSUnreclaim:       158328 kB\nKernelStack:        4592 kB\nPageTables:        12464 kB\nNFS_Unstable:          0 kB\nBounce:                0 kB\nWritebackTmp:          0 kB\nCommitLimit:     5560700 kB\nCommitted_AS:    3129212 kB\nVmallocTotal:   13743895347199 kB\nVmallocUsed:       24956 kB\nVmallocChunk:          0 kB\nPercpu:             1768 kB\nHardwareCorrupted:     0 kB\nAnonHugePages:     94208 kB\nShmemHugePages:        0 kB\nShmemPmdMapped:        0 kB\nFileHugePages:     47104 kB\nFilePmdMapped:     47104 kB\nCmaTotal:              0 kB\nCmaFree:               0 kB\nHugePages_Total:       0\nHugePages_Free:        0\nHugePages_Rsvd:        0\nHugePages_Surp:        0\nHugepagesize:       2048 kB\nHugetlb:               0 kB\nDirectMap4k:      314280 kB\nDirectMap2M:     3874816 kB\nDirectMap1G:     2097152 kB\n"}
{"timestamp":1767916930,"subsystem":"/proc/net/dev","measurement":"Inter-|   Receive                                                |  Transmit\n face |bytes    packets errs drop fifo frame compressed multicast|bytes    packets errs drop fifo colls carrier compressed\n    lo:    5840      72    0    0    0     0          0         0     5840      72    0    0    0     0       0          0\nenp0s5: 1708079204  112131    0    0    0     0          0         0 11389473   59245    0    0    0     0       0          0\ncni-podman0:  846851   14471    0    0    0     0          0        45 511682075   24640    0    0    0     0       0          0\nveth4e9165f8:  352941    4853    0    0    0     0          0         0 170543409    7946    0    0    0     0       0          0\nveth1dcf7d09:  391556    5454    0    0    0     0          0         0 170707299   10427    0    0    0     0       0          0\nveth57bbf2db:  304990    4165    0    0    0     0          0         0 170442831    6421    0    0    0     0       0          0\n"}
{"timestamp":1767916930,"subsystem":"/proc/diskstats","measurement":"   8       0 sda 110749 270372 7042829 158838 28028 457741 12903466 3068470 0 155558 3227308 0 0 0 0 0 0\n   8       1 sda1 243 199 16227 112 11 0 12 9 0 125 121 0 0 0 0 0 0\n   8       2 sda2 697 4 45255 337 61 5 73276 5510 0 2170 5848 0 0 0 0 0 0\n   8       3 sda3 109579 270169 6971339 158284 27956 457736 12830178 3062950 0 154970 3221235 0 0 0 0 0 0\n 252       0 dm-0 378708 0 6944385 428222 481169 0 12473040 372195525 0 145488 372623747 0 0 0 0 0 0\n 252       1 dm-1 367 0 14218 211 1437 0 357138 28818 0 8731 29029 0 0 0 0 0 0\n"}
{"timestamp":1767916930,"subsystem":"statfs[*]","measurement":"{\"mount_point\":\"/\",\"block_size\":4096,\"blocks_total\":9301568,\"blocks_free\":6078608,\"blocks_available\":6078608}\n{\"mount_point\":\"/var/oled\",\"block_size\":4096,\"blocks_total\":2618880,\"blocks_free\":2534072,\"blocks_available\":2534072}\n{\"mount_point\":\"/boot\",\"block_size\":4096,\"blocks_total\":259584,\"blocks_free\":160217,\"blocks_available\":160217}\n{\"mount_point\":\"/boot/efi\",\"block_size\":2048,\"blocks_total\":51091,\"blocks_free\":48041,\"blocks_available\":48041}\n"}
{"timestamp":1767916935,"subsystem":"/proc/stat","measurement":"cpu  28977 527 10620 1495379 13679 0 88 365 0 0\ncpu0 11500 181 5131 750861 6825 0 55 209 0 0\ncpu1 17476 346 5489 744518 6853 0 33 156 0 0\nintr 2095986 23 9 0 0 2631 0 0 0 1 0 0 0 15 0 0 0 0 0 0 22 0 0 0 0 0 0 0 0 0 0 0 0 0 0 0 0 0 0 0 0 0 0 0 0 0 0 0 0 0 0 0 0 63899 67238 0 0 64538 57745 0 0 0 0 0 0 0 0 0 0 0 0 0 0 0 0 0 0 0 0 0 0 0 0 0 0 0 0 0 0 0 0 0 0 0 0 0 0 0 0 0 0 0 0 0 0 0 0 0 0 0 0 0 0 0 0 0 0 0 0 0 0 0 0 0 0 0 0 0 0 0 0 0 0 0 0 0 0 0 0 0 0 0 0 0 0 0 0 0 0 0 0 0 0 0 0 0 0 0 0 0 0 0 0 0 0 0 0 0 0 0 0 0 0 0 0 0 0 0 0 0 0 0 0 0 0 0 0 0 0 0 0 0 0 0 0 0 0 0 0 0 0 0 0 0 0 0 0 0 0 0 0 0 0 0 0 0 0 0 0 0 0 0 0 0 0 0 0 0 0 0 0 0 0 0 0 0 0 0 0 0 0 0 0 0 0 0 0 0 0 0 0 0 0 0 0 0 0 0 0 0 0 0 0 0 0 0 0 0 0 0 0 0 0 0 0 0 0 0 0 0 0 0 0 0 0 0 0 0 0 0 0 0 0 0 0 0 0 0 0 0 0 0 0 0 0 0 0 0 0 0 0 0 0 0 0 0 0 0 0 0 0 0 0 0 0 0 0 0 0 0 0 0 0 0 0 0 0 0 0 0 0 0 0 0 0 0 0 0 0 0 0 0 0 0 0 0 0 0 0 0 0 0 0 0 0 0 0 0 0 0 0 0 0 0 0 0 0 0 0 0 0 0 0 0 0 0 0 0 0 0 0 0 0 0 0 0 0 0 0 0 0 0 0 0 0 0 0 0 0 0 0 0 0 0 0 0 0 0 0 0 0 0 0 0 0 0 0 0 0 0 0 0 0 0 0 0 0 0 0 0 0\nctxt 3198520\nbtime 1767909178\nprocesses 55655\nprocs_running 5\nprocs_blocked 0\nsoftirq 1550914 4 428075 1410 138555 0 0 296 464965 73 517536\n"}
{"timestamp":1767916935,"subsystem":"/proc/meminfo","measurement":"MemTotal:        3707648 kB\nMemFree:          263468 kB\nMemAvailable:    2678328 kB\nBuffers:            1080 kB\nCached:          2396652 kB\nSwapCached:         4724 kB\nActive:           850468 kB\nInactive:        1829324 kB\nActive(anon):       5368 kB\nInactive(anon):   296356 kB\nActive(file):     845100 kB\nInactive(file):  1532968 kB\nUnevictable:       12472 kB\nMlocked:           12472 kB\nSwapTotal:       3706876 kB\nSwapFree:        3691344 kB\nDirty:               132 kB\nWriteback:             0 kB\nAnonPages:        286344 kB\nMapped:           166104 kB\nShmem:              9000 kB\nKReclaimable:     329008 kB\nSlab:             487748 kB\nSReclaimable:     329008 kB\nSUnreclaim:       158740 kB\nKernelStack:        4688 kB\nPageTables:        12436 kB\nNFS_Unstable:          0 kB\nBounce:                0 kB\nWritebackTmp:          0 kB\nCommitLimit:     5560700 kB\nCommitted_AS:    3141268 kB\nVmallocTotal:   13743895347199 kB\nVmallocUsed:       25224 kB\nVmallocChunk:          0 kB\nPercpu:             1768 kB\nHardwareCorrupted:     0 kB\nAnonHugePages:     96256 kB\nShmemHugePages:        0 kB\nShmemPmdMapped:        0 kB\nFileHugePages:     47104 kB\nFilePmdMapped:     47104 kB\nCmaTotal:              0 kB\nCmaFree:               0 kB\nHugePages_Total:       0\nHugePages_Free:        0\nHugePages_Rsvd:        0\nHugePages_Surp:        0\nHugepagesize:       2048 kB\nHugetlb:               0 kB\nDirectMap4k:      314280 kB\nDirectMap2M:     3874816 kB\nDirectMap1G:     2097152 kB\n"}
{"timestamp":1767916935,"subsystem":"/proc/net/dev","measurement":"Inter-|   Receive                                                |  Transmit\n face |bytes    packets errs drop fifo frame compressed multicast|bytes    packets errs drop fifo colls carrier compressed\n    lo:    5840      72    0    0    0     0          0         0     5840      72    0    0    0     0       0          0\nenp0s5: 1708081017  112157    0    0    0     0          0         0 11393282   59270    0    0    0     0       0          0\ncni-podman0:  846851   14471    0    0    0     0          0        45 511682075   24640    0    0    0     0       0          0\nveth4e9165f8:  352941    4853    0    0    0     0          0         0 170543409    7946    0    0    0     0       0          0\nveth1dcf7d09:  391556    5454    0    0    0     0          0         0 170707299   10427    0    0    0     0       0          0\nveth57bbf2db:  304990    4165    0    0    0     0          0         0 170442831    6421    0    0    0     0       0          0\n"}
{"timestamp":1767916935,"subsystem":"/proc/diskstats","measurement":"   8       0 sda 110844 270405 7074661 158947 28101 457741 12904262 3068515 0 155669 3227462 0 0 0 0 0 0\n   8       1 sda1 243 199 16227 112 11 0 12 9 0 125 121 0 0 0 0 0 0\n   8       2 sda2 697 4 45255 337 61 5 73276 5510 0 2170 5848 0 0 0 0 0 0\n   8       3 sda3 109674 270202 7003171 158393 28029 457736 12830974 3062995 0 155081 3221388 0 0 0 0 0 0\n 252       0 dm-0 378830 0 6976217 428333 481241 0 12473828 372195570 0 145599 372623903 0 0 0 0 0 0\n 252       1 dm-1 367 0 14218 211 1438 0 357146 28818 0 8732 29029 0 0 0 0 0 0\n"}
{"timestamp":1767916935,"subsystem":"statfs[*]","measurement":"{\"mount_point\":\"/\",\"block_size\":4096,\"blocks_total\":9301568,\"blocks_free\":6078573,\"blocks_available\":6078573}\n{\"mount_point\":\"/var/oled\",\"block_size\":4096,\"blocks_total\":2618880,\"blocks_free\":2534072,\"blocks_available\":2534072}\n{\"mount_point\":\"/boot\",\"block_size\":4096,\"blocks_total\":259584,\"blocks_free\":160217,\"blocks_available\":160217}\n{\"mount_point\":\"/boot/efi\",\"block_size\":2048,\"blocks_total\":51091,\"blocks_free\":48041,\"blocks_available\":48041}\n"}
{"timestamp":1767916940,"subsystem":"/proc/stat","measurement":"cpu  29974 527 10622 1495379 13679 0 88 365 0 0\ncpu0 11999 181 5132 750861 6825 0 55 209 0 0\ncpu1 17975 346 5490 744518 6853 0 33 156 0 0\nintr 2106527 23 9 0 0 2631 0 0 0 1 0 0 0 15 0 0 0 0 0 0 22 0 0 0 0 0 0 0 0 0 0 0 0 0 0 0 0 0 0 0 0 0 0 0 0 0 0 0 0 0 0 0 0 63902 67239 0 0 64551 57760 0 0 0 0 0 0 0 0 0 0 0 0 0 0 0 0 0 0 0 0 0 0 0 0 0 0 0 0 0 0 0 0 0 0 0 0 0 0 0 0 0 0 0 0 0 0 0 0 0 0 0 0 0 0 0 0 0 0 0 0 0 0 0 0 0 0 0 0 0 0 0 0 0 0 0 0 0 0 0 0 0 0 0 0 0 0 0 0 0 0 0 0 0 0 0 0 0 0 0 0 0 0 0 0 0 0 0 0 0 0 0 0 0 0 0 0 0 0 0 0 0 0 0 0 0 0 0 0 0 0 0 0 0 0 0 0 0 0 0 0 0 0 0 0 0 0 0 0 0 0 0 0 0 0 0 0 0 0 0 0 0 0 0 0 0 0 0 0 0 0 0 0 0 0 0 0 0 0 0 0 0 0 0 0 0 0 0 0 0 0 0 0 0 0 0 0 0 0 0 0 0 0 0 0 0 0 0 0 0 0 0 0 0 0 0 0 0 0 0 0 0 0 0 0 0 0 0 0 0 0 0 0 0 0 0 0 0 0 0 0 0 0 0 0 0 0 0 0 0 0 0 0 0 0 0 0 0 0 0 0 0 0 0 0 0 0 0 0 0 0 0 0 0 0 0 0 0 0 0 0 0 0 0 0 0 0 0 0 0 0 0 0 0 0 0 0 0 0 0 0 0 0 0 0 0 0 0 0 0 0 0 0 0 0 0 0 0 0 0 0 0 0 0 0 0 0 0 0 0 0 0 0 0 0 0 0 0 0 0 0 0 0 0 0 0 0 0 0 0 0 0 0 0 0 0 0 0 0 0 0 0 0 0 0 0 0 0 0 0 0 0 0 0 0 0 0 0 0 0 0 0 0\nctxt 3201017\nbtime 1767909178\nprocesses 55662\nprocs_running 5\nprocs_blocked 0\nsoftirq 1551627 4 428386 1411 138583 0 0 296 465159 73 517715\n"}
{"timestamp":1767916940,"subsystem":"/proc/meminfo","measurement":"MemTotal:        3707648 kB\nMemFree:          263468 kB\nMemAvailable:    2678332 kB\nBuffers:            1080 kB\nCached:          2396656 kB\nSwapCached:         4760 kB\nActive:           850520 kB\nInactive:        1830764 kB\nActive(anon):       5380 kB\nInactive(anon):   297832 kB\nActive(file):     845140 kB\nInactive(file):  1532932 kB\nUnevictable:       12472 kB\nMlocked:           12472 kB\nSwapTotal:       3706876 kB\nSwapFree:        3691344 kB\nDirty:               132 kB\nWriteback:             0 kB\nAnonPages:        287804 kB\nMapped:           168372 kB\nShmem:              9000 kB\nKReclaimable:     329008 kB\nSlab:             487724 kB\nSReclaimable:     329008 kB\nSUnreclaim:       158716 kB\nKernelStack:        4720 kB\nPageTables:        12788 kB\nNFS_Unstable:          0 kB\nBounce:                0 kB\nWritebackTmp:          0 kB\nCommitLimit:     5560700 kB\nCommitted_AS:    3143896 kB\nVmallocTotal:   13743895347199 kB\nVmallocUsed:       25232 kB\nVmallocChunk:          0 kB\nPercpu:             1768 kB\nHardwareCorrupted:     0 kB\nAnonHugePages:     96256 kB\nShmemHugePages:        0 kB\nShmemPmdMapped:        0 kB\nFileHugePages:     47104 kB\nFilePmdMapped:     47104 kB\nCmaTotal:              0 kB\nCmaFree:               0 kB\nHugePages_Total:       0\nHugePages_Free:        0\nHugePages_Rsvd:        0\nHugePages_Surp:        0\nHugepagesize:       2048 kB\nHugetlb:               0 kB\nDirectMap4k:      314280 kB\nDirectMap2M:     3874816 kB\nDirectMap1G:     2097152 kB\n"}
{"timestamp":1767916940,"subsystem":"/proc/net/dev","measurement":"Inter-|   Receive                                                |  Transmit\n face |bytes    packets errs drop fifo frame compressed multicast|bytes    packets errs drop fifo colls carrier compressed\n    lo:    5840      72    0    0    0     0          0         0     5840      72    0    0    0     0       0          0\nenp0s5: 1708083310  112170    0    0    0     0          0         0 11397688   59285    0    0    0     0       0          0\ncni-podman0:  846851   14471    0    0    0     0          0        45 511682075   24640    0    0    0     0       0          0\nveth4e9165f8:  352941    4853    0    0    0     0          0         0 170543409    7946    0    0    0     0       0          0\nveth1dcf7d09:  391556    5454    0    0    0     0          0         0 170707299   10427    0    0    0     0       0          0\nveth57bbf2db:  304990    4165    0    0    0     0          0         0 170442831    6421    0    0    0     0       0          0\n"}
{"timestamp":1767916940,"subsystem":"/proc/diskstats","measurement":"   8       0 sda 110847 270412 7074741 158948 28102 457741 12904270 3068517 0 155674 3227465 0 0 0 0 0 0\n   8       1 sda1 243 199 16227 112 11 0 12 9 0 125 121 0 0 0 0 0 0\n   8       2 sda2 697 4 45255 337 61 5 73276 5510 0 2170 5848 0 0 0 0 0 0\n   8       3 sda3 109677 270209 7003251 158394 28030 457736 12830982 3062997 0 155086 3221392 0 0 0 0 0 0\n 252       0 dm-0 378840 0 6976297 428337 481242 0 12473836 372195572 0 145604 372623909 0 0 0 0 0 0\n 252       1 dm-1 367 0 14218 211 1438 0 357146 28818 0 8732 29029 0 0 0 0 0 0\n"}
{"timestamp":1767916940,"subsystem":"statfs[*]","measurement":"{\"mount_point\":\"/\",\"block_size\":4096,\"blocks_total\":9301568,\"blocks_free\":6078572,\"blocks_available\":6078572}\n{\"mount_point\":\"/var/oled\",\"block_size\":4096,\"blocks_total\":2618880,\"blocks_free\":2534072,\"blocks_available\":2534072}\n{\"mount_point\":\"/boot\",\"block_size\":4096,\"blocks_total\":259584,\"blocks_free\":160217,\"blocks_available\":160217}\n{\"mount_point\":\"/boot/efi\",\"block_size\":2048,\"blocks_total\":51091,\"blocks_free\":48041,\"blocks_available\":48041}\n"}
{"timestamp":1767916945,"subsystem":"/proc/stat","measurement":"cpu  30964 527 10632 1495379 13679 0 88 366 0 0\ncpu0 12492 181 5138 750861 6825 0 55 209 0 0\ncpu1 18472 346 5493 744518 6853 0 33 156 0 0\nintr 2117064 23 9 0 0 2631 0 0 0 1 0 0 0 15 0 0 0 0 0 0 22 0 0 0 0 0 0 0 0 0 0 0 0 0 0 0 0 0 0 0 0 0 0 0 0 0 0 0 0 0 0 0 0 63902 67240 0 0 64565 57772 0 0 0 0 0 0 0 0 0 0 0 0 0 0 0 0 0 0 0 0 0 0 0 0 0 0 0 0 0 0 0 0 0 0 0 0 0 0 0 0 0 0 0 0 0 0 0 0 0 0 0 0 0 0 0 0 0 0 0 0 0 0 0 0 0 0 0 0 0 0 0 0 0 0 0 0 0 0 0 0 0 0 0 0 0 0 0 0 0 0 0 0 0 0 0 0 0 0 0 0 0 0 0 0 0 0 0 0 0 0 0 0 0 0 0 0 0 0 0 0 0 0 0 0 0 0 0 0 0 0 0 0 0 0 0 0 0 0 0 0 0 0 0 0 0 0 0 0 0 0 0 0 0 0 0 0 0 0 0 0 0 0 0 0 0 0 0 0 0 0 0 0 0 0 0 0 0 0 0 0 0 0 0 0 0 0 0 0 0 0 0 0 0 0 0 0 0 0 0 0 0 0 0 0 0 0 0 0 0 0 0 0 0 0 0 0 0 0 0 0 0 0 0 0 0 0 0 0 0 0 0 0 0 0 0 0 0 0 0 0 0 0 0 0 0 0 0 0 0 0 0 0 0 0 0 0 0 0 0 0 0 0 0 0 0 0 0 0 0 0 0 0 0 0 0 0 0 0 0 0 0 0 0 0 0 0 0 0 0 0 0 0 0 0 0 0 0 0 0 0 0 0 0 0 0 0 0 0 0 0 0 0 0 0 0 0 0 0 0 0 0 0 0 0 0 0 0 0 0 0 0 0 0 0 0 0 0 0 0 0 0 0 0 0 0 0 0 0 0 0 0 0 0 0 0 0 0 0 0 0 0 0 0 0 0 0 0 0 0 0 0 0 0 0 0 0 0 0 0 0 0 0\nctxt 3203684\nbtime 1767909178\nprocesses 55667\nprocs_running 5\nprocs_blocked 0\nsoftirq 1553061 4 428732 1412 138609 0 0 296 465360 73 518575\n"}
{"timestamp":1767916945,"subsystem":"/proc/meminfo","measurement":"MemTotal:        3707648 kB\nMemFree:          261720 kB\nMemAvailable:    2677316 kB\nBuffers:            1080 kB\nCached:          2397352 kB\nSwapCached:         4760 kB\nActive:           850524 kB\nInactive:        1833084 kB\nActive(anon):       5384 kB\nInactive(anon):   299480 kB\nActive(file):     845140 kB\nInactive(file):  1533604 kB\nUnevictable:       12472 kB\nMlocked:           12472 kB\nSwapTotal:       3706876 kB\nSwapFree:        3691344 kB\nDirty:               804 kB\nWriteback:             0 kB\nAnonPages:        288996 kB\nMapped:           167708 kB\nShmem:              9000 kB\nKReclaimable:     329068 kB\nSlab:             487868 kB\nSReclaimable:     329068 kB\nSUnreclaim:       158800 kB\nKernelStack:        4688 kB\nPageTables:        12436 kB\nNFS_Unstable:          0 kB\nBounce:                0 kB\nWritebackTmp:          0 kB\nCommitLimit:     5560700 kB\nCommitted_AS:    3143520 kB\nVmallocTotal:   13743895347199 kB\nVmallocUsed:       25224 kB\nVmallocChunk:          0 kB\nPercpu:             1768 kB\nHardwareCorrupted:     0 kB\nAnonHugePages:     94208 kB\nShmemHugePages:        0 kB\nShmemPmdMapped:        0 kB\nFileHugePages:     47104 kB\nFilePmdMapped:     47104 kB\nCmaTotal:              0 kB\nCmaFree:               0 kB\nHugePages_Total:       0\nHugePages_Free:        0\nHugePages_Rsvd:        0\nHugePages_Surp:        0\nHugepagesize:       2048 kB\nHugetlb:               0 kB\nDirectMap4k:      314280 kB\nDirectMap2M:     3874816 kB\nDirectMap1G:     2097152 kB\n"}
{"timestamp":1767916945,"subsystem":"/proc/net/dev","measurement":"Inter-|   Receive                                                |  Transmit\n face |bytes    packets errs drop fifo frame compressed multicast|bytes    packets errs drop fifo colls carrier compressed\n    lo:    5840      72    0    0    0     0          0         0     5840      72    0    0    0     0       0          0\nenp0s5: 1708084554  112184    0    0    0     0          0         0 11398840   59297    0    0    0     0       0          0\ncni-podman0:  846851   14471    0    0    0     0          0        45 511682075   24640    0    0    0     0       0          0\nveth4e9165f8:  352941    4853    0    0    0     0          0         0 170543409    7946    0    0    0     0       0          0\nveth1dcf7d09:  391556    5454    0    0    0     0          0         0 170707299   10427    0    0    0     0       0          0\nveth57bbf2db:  304990    4165    0    0    0     0          0         0 170442831    6421    0    0    0     0       0          0\n"}
{"timestamp":1767916945,"subsystem":"/proc/diskstats","measurement":"   8       0 sda 110847 270412 7074741 158948 28103 457742 12904334 3068517 0 155675 3227466 0 0 0 0 0 0\n   8       1 sda1 243 199 16227 112 11 0 12 9 0 125 121 0 0 0 0 0 0\n   8       2 sda2 697 4 45255 337 61 5 73276 5510 0 2170 5848 0 0 0 0 0 0\n   8       3 sda3 109677 270209 7003251 158394 28031 457737 12831046 3062998 0 155087 3221393 0 0 0 0 0 0\n 252       0 dm-0 378840 0 6976297 428337 481242 0 12473836 372195572 0 145604 372623909 0 0 0 0 0 0\n 252       1 dm-1 367 0 14218 211 1440 0 357210 28818 0 8733 29029 0 0 0 0 0 0\n"}
{"timestamp":1767916945,"subsystem":"statfs[*]","measurement":"{\"mount_point\":\"/\",\"block_size\":4096,\"blocks_total\":9301568,\"blocks_free\":6078571,\"blocks_available\":6078571}\n{\"mount_point\":\"/var/oled\",\"block_size\":4096,\"blocks_total\":2618880,\"blocks_free\":2534072,\"blocks_available\":2534072}\n{\"mount_point\":\"/boot\",\"block_size\":4096,\"blocks_total\":259584,\"blocks_free\":160217,\"blocks_available\":160217}\n{\"mount_point\":\"/boot/efi\",\"block_size\":2048,\"blocks_total\":51091,\"blocks_free\":48041,\"blocks_available\":48041}\n"}
{"timestamp":1767916950,"subsystem":"/proc/stat","measurement":"cpu  31943 527 10652 1495379 13679 0 88 366 0 0\ncpu0 12989 181 5141 750861 6825 0 55 209 0 0\ncpu1 18954 346 5510 744518 6853 0 33 157 0 0\nintr 2127965 23 9 0 0 2631 0 0 0 1 0 0 0 15 0 0 0 0 0 0 22 0 0 0 0 0 0 0 0 0 0 0 0 0 0 0 0 0 0 0 0 0 0 0 0 0 0 0 0 0 0 0 0 63902 67248 0 0 64607 57809 0 0 0 0 0 0 0 0 0 0 0 0 0 0 0 0 0 0 0 0 0 0 0 0 0 0 0 0 0 0 0 0 0 0 0 0 0 0 0 0 0 0 0 0 0 0 0 0 0 0 0 0 0 0 0 0 0 0 0 0 0 0 0 0 0 0 0 0 0 0 0 0 0 0 0 0 0 0 0 0 0 0 0 0 0 0 0 0 0 0 0 0 0 0 0 0 0 0 0 0 0 0 0 0 0 0 0 0 0 0 0 0 0 0 0 0 0 0 0 0 0 0 0 0 0 0 0 0 0 0 0 0 0 0 0 0 0 0 0 0 0 0 0 0 0 0 0 0 0 0 0 0 0 0 0 0 0 0 0 0 0 0 0 0 0 0 0 0 0 0 0 0 0 0 0 0 0 0 0 0 0 0 0 0 0 0 0 0 0 0 0 0 0 0 0 0 0 0 0 0 0 0 0 0 0 0 0 0 0 0 0 0 0 0 0 0 0 0 0 0 0 0 0 0 0 0 0 0 0 0 0 0 0 0 0 0 0 0 0 0 0 0 0 0 0 0 0 0 0 0 0 0 0 0 0 0 0 0 0 0 0 0 0 0 0 0 0 0 0 0 0 0 0 0 0 0 0 0 0 0 0 0 0 0 0 0 0 0 0 0 0 0 0 0 0 0 0 0 0 0 0 0 0 0 0 0 0 0 0 0 0 0 0 0 0 0 0 0 0 0 0 0 0 0 0 0 0 0 0 0 0 0 0 0 0 0 0 0 0 0 0 0 0 0 0 0 0 0 0 0 0 0 0 0 0 0 0 0 0 0 0 0 0 0 0 0 0 0 0 0 0 0 0 0 0 0 0 0 0 0 0 0\nctxt 3207910\nbtime 1767909178\nprocesses 55731\nprocs_running 5\nprocs_blocked 0\nsoftirq 1555174 4 429173 1413 138688 0 0 296 465559 73 519968\n"}
{"timestamp":1767916950,"subsystem":"/proc/meminfo","measurement":"MemTotal:        3707648 kB\nMemFree:          267920 kB\nMemAvailable:    2683660 kB\nBuffers:            1080 kB\nCached:          2397420 kB\nSwapCached:         4760 kB\nActive:           850528 kB\nInactive:        1833996 kB\nActive(anon):       5380 kB\nInactive(anon):   300308 kB\nActive(file):     845148 kB\nInactive(file):  1533688 kB\nUnevictable:       12472 kB\nMlocked:           12472 kB\nSwapTotal:       3706876 kB\nSwapFree:        3691344 kB\nDirty:               756 kB\nWriteback:             0 kB\nAnonPages:        289772 kB\nMapped:           167728 kB\nShmem:              9000 kB\nKReclaimable:     329120 kB\nSlab:             487864 kB\nSReclaimable:     329120 kB\nSUnreclaim:       158744 kB\nKernelStack:        4688 kB\nPageTables:        12436 kB\nNFS_Unstable:          0 kB\nBounce:                0 kB\nWritebackTmp:          0 kB\nCommitLimit:     5560700 kB\nCommitted_AS:    3143520 kB\nVmallocTotal:   13743895347199 kB\nVmallocUsed:       25224 kB\nVmallocChunk:          0 kB\nPercpu:             1768 kB\nHardwareCorrupted:     0 kB\nAnonHugePages:     94208 kB\nShmemHugePages:        0 kB\nShmemPmdMapped:        0 kB\nFileHugePages:     47104 kB\nFilePmdMapped:     47104 kB\nCmaTotal:              0 kB\nCmaFree:               0 kB\nHugePages_Total:       0\nHugePages_Free:        0\nHugePages_Rsvd:        0\nHugePages_Surp:        0\nHugepagesize:       2048 kB\nHugetlb:               0 kB\nDirectMap4k:      314280 kB\nDirectMap2M:     3874816 kB\nDirectMap1G:     2097152 kB\n"}
{"timestamp":1767916950,"subsystem":"/proc/net/dev","measurement":"Inter-|   Receive                                                |  Transmit\n face |bytes    packets errs drop fifo frame compressed multicast|bytes    packets errs drop fifo colls carrier compressed\n    lo:    5840      72    0    0    0     0          0         0     5840      72    0    0    0     0       0          0\nenp0s5: 1708091473  112229    0    0    0     0          0         0 11405410   59334    0    0    0     0       0          0\ncni-podman0:  846851   14471    0    0    0     0          0        45 511682075   24640    0    0    0     0       0          0\nveth4e9165f8:  352941    4853    0    0    0     0          0         0 170543409    7946    0    0    0     0       0          0\nveth1dcf7d09:  391556    5454    0    0    0     0          0         0 170707299   10427    0    0    0     0       0          0\nveth57bbf2db:  304990    4165    0    0    0     0          0         0 170442831    6421    0    0    0     0       0          0\n"}
{"timestamp":1767916950,"subsystem":"/proc/diskstats","measurement":"   8       0 sda 110849 270412 7074845 158949 28114 457747 12904532 3068531 0 155684 3227481 0 0 0 0 0 0\n   8       1 sda1 243 199 16227 112 11 0 12 9 0 125 121 0 0 0 0 0 0\n   8       2 sda2 697 4 45255 337 61 5 73276 5510 0 2170 5848 0 0 0 0 0 0\n   8       3 sda3 109679 270209 7003355 158395 28042 457742 12831244 3063012 0 155096 3221408 0 0 0 0 0 0\n 252       0 dm-0 378842 0 6976401 428337 481258 0 12474034 372195597 0 145613 372623934 0 0 0 0 0 0\n 252       1 dm-1 367 0 14218 211 1440 0 357210 28818 0 8733 29029 0 0 0 0 0 0\n"}
{"timestamp":1767916950,"subsystem":"statfs[*]","measurement":"{\"mount_point\":\"/\",\"block_size\":4096,\"blocks_total\":9301568,\"blocks_free\":6078600,\"blocks_available\":6078600}\n{\"mount_point\":\"/var/oled\",\"block_size\":4096,\"blocks_total\":2618880,\"blocks_free\":2534072,\"blocks_available\":2534072}\n{\"mount_point\":\"/boot\",\"block_size\":4096,\"blocks_total\":259584,\"blocks_free\":160217,\"blocks_available\":160217}\n{\"mount_point\":\"/boot/efi\",\"block_size\":2048,\"blocks_total\":51091,\"blocks_free\":48041,\"blocks_available\":48041}\n"}
{"timestamp":1767916955,"subsystem":"/proc/stat","measurement":"cpu  32940 527 10655 1495379 13679 0 88 366 0 0\ncpu0 13487 181 5143 750861 6825 0 55 209 0 0\ncpu1 19453 346 5512 744518 6853 0 33 157 0 0\nintr 2138433 23 9 0 0 2631 0 0 0 1 0 0 0 15 0 0 0 0 0 0 22 0 0 0 0 0 0 0 0 0 0 0 0 0 0 0 0 0 0 0 0 0 0 0 0 0 0 0 0 0 0 0 0 63902 67248 0 0 64611 57812 0 0 0 0 0 0 0 0 0 0 0 0 0 0 0 0 0 0 0 0 0 0 0 0 0 0 0 0 0 0 0 0 0 0 0 0 0 0 0 0 0 0 0 0 0 0 0 0 0 0 0 0 0 0 0 0 0 0 0 0 0 0 0 0 0 0 0 0 0 0 0 0 0 0 0 0 0 0 0 0 0 0 0 0 0 0 0 0 0 0 0 0 0 0 0 0 0 0 0 0 0 0 0 0 0 0 0 0 0 0 0 0 0 0 0 0 0 0 0 0 0 0 0 0 0 0 0 0 0 0 0 0 0 0 0 0 0 0 0 0 0 0 0 0 0 0 0 0 0 0 0 0 0 0 0 0 0 0 0 0 0 0 0 0 0 0 0 0 0 0 0 0 0 0 0 0 0 0 0 0 0 0 0 0 0 0 0 0 0 0 0 0 0 0 0 0 0 0 0 0 0 0 0 0 0 0 0 0 0 0 0 0 0 0 0 0 0 0 0 0 0 0 0 0 0 0 0 0 0 0 0 0 0 0 0 0 0 0 0 0 0 0 0 0 0 0 0 0 0 0 0 0 0 0 0 0 0 0 0 0 0 0 0 0 0 0 0 0 0 0 0 0 0 0 0 0 0 0 0 0 0 0 0 0 0 0 0 0 0 0 0 0 0 0 0 0 0 0 0 0 0 0 0 0 0 0 0 0 0 0 0 0 0 0 0 0 0 0 0 0 0 0 0 0 0 0 0 0 0 0 0 0 0 0 0 0 0 0 0 0 0 0 0 0 0 0 0 0 0 0 0 0 0 0 0 0 0 0 0 0 0 0 0 0 0 0 0 0 0 0 0 0 0 0 0 0 0 0 0 0 0 0\nctxt 3210346\nbtime 1767909178\nprocesses 55736\nprocs_running 5\nprocs_blocked 0\nsoftirq 1555871 4 429479 1413 138695 0 0 296 465756 73 520155\n"}
{"timestamp":1767916955,"subsystem":"/proc/meminfo","measurement":"MemTotal:        3707648 kB\nMemFree:          263320 kB\nMemAvailable:    2679140 kB\nBuffers:            1080 kB\nCached:          2397476 kB\nSwapCached:         4760 kB\nActive:           850532 kB\nInactive:        1834136 kB\nActive(anon):       5384 kB\nInactive(anon):   300392 kB\nActive(file):     845148 kB\nInactive(file):  1533744 kB\nUnevictable:       12472 kB\nMlocked:           12472 kB\nSwapTotal:       3706876 kB\nSwapFree:        3691344 kB\nDirty:               816 kB\nWriteback:             0 kB\nAnonPages:        290512 kB\nMapped:           167728 kB\nShmem:              9000 kB\nKReclaimable:     329144 kB\nSlab:             487884 kB\nSReclaimable:     329144 kB\nSUnreclaim:       158740 kB\nKernelStack:        4688 kB\nPageTables:        12436 kB\nNFS_Unstable:          0 kB\nBounce:                0 kB\nWritebackTmp:          0 kB\nCommitLimit:     5560700 kB\nCommitted_AS:    3143520 kB\nVmallocTotal:   13743895347199 kB\nVmallocUsed:       25208 kB\nVmallocChunk:          0 kB\nPercpu:             1768 kB\nHardwareCorrupted:     0 kB\nAnonHugePages:     98304 kB\nShmemHugePages:        0 kB\nShmemPmdMapped:        0 kB\nFileHugePages:     47104 kB\nFilePmdMapped:     47104 kB\nCmaTotal:              0 kB\nCmaFree:               0 kB\nHugePages_Total:       0\nHugePages_Free:        0\nHugePages_Rsvd:        0\nHugePages_Surp:        0\nHugepagesize:       2048 kB\nHugetlb:               0 kB\nDirectMap4k:      314280 kB\nDirectMap2M:     3874816 kB\nDirectMap1G:     2097152 kB\n"}
{"timestamp":1767916955,"subsystem":"/proc/net/dev","measurement":"Inter-|   Receive                                                |  Transmit\n face |bytes    packets errs drop fifo frame compressed multicast|bytes    packets errs drop fifo colls carrier compressed\n    lo:    5840      72    0    0    0     0          0         0     5840      72    0    0    0     0       0          0\nenp0s5: 1708091737  112233    0    0    0     0          0         0 11405608   59337    0    0    0     0       0          0\ncni-podman0:  846851   14471    0    0    0     0          0        45 511682075   24640    0    0    0     0       0          0\nveth4e9165f8:  352941    4853    0    0    0     0          0         0 170543409    7946    0    0    0     0       0          0\nveth1dcf7d09:  391556    5454    0    0    0     0          0         0 170707299   10427    0    0    0     0       0          0\nveth57bbf2db:  304990    4165    0    0    0     0          0         0 170442831    6421    0    0    0     0       0          0\n"}
{"timestamp":1767916955,"subsystem":"/proc/diskstats","measurement":"   8       0 sda 110849 270412 7074845 158949 28114 457747 12904532 3068531 0 155684 3227481 0 0 0 0 0 0\n   8       1 sda1 243 199 16227 112 11 0 12 9 0 125 121 0 0 0 0 0 0\n   8       2 sda2 697 4 45255 337 61 5 73276 5510 0 2170 5848 0 0 0 0 0 0\n   8       3 sda3 109679 270209 7003355 158395 28042 457742 12831244 3063012 0 155096 3221408 0 0 0 0 0 0\n 252       0 dm-0 378842 0 6976401 428337 481258 0 12474034 372195597 0 145613 372623934 0 0 0 0 0 0\n 252       1 dm-1 367 0 14218 211 1440 0 357210 28818 0 8733 29029 0 0 0 0 0 0\n"}
{"timestamp":1767916955,"subsystem":"statfs[*]","measurement":"{\"mount_point\":\"/\",\"block_size\":4096,\"blocks_total\":9301568,\"blocks_free\":6078593,\"blocks_available\":6078593}\n{\"mount_point\":\"/var/oled\",\"block_size\":4096,\"blocks_total\":2618880,\"blocks_free\":2534072,\"blocks_available\":2534072}\n{\"mount_point\":\"/boot\",\"block_size\":4096,\"blocks_total\":259584,\"blocks_free\":160217,\"blocks_available\":160217}\n{\"mount_point\":\"/boot/efi\",\"block_size\":2048,\"blocks_total\":51091,\"blocks_free\":48041,\"blocks_available\":48041}\n"}
{"timestamp":1767916960,"subsystem":"/proc/stat","measurement":"cpu  33937 527 10657 1495379 13679 0 88 367 0 0\ncpu0 13986 181 5144 750861 6825 0 55 209 0 0\ncpu1 19951 346 5513 744518 6853 0 33 157 0 0\nintr 2148912 23 9 0 0 2631 0 0 0 1 0 0 0 15 0 0 0 0 0 0 22 0 0 0 0 0 0 0 0 0 0 0 0 0 0 0 0 0 0 0 0 0 0 0 0 0 0 0 0 0 0 0 0 63905 67263 0 0 64616 57818 0 0 0 0 0 0 0 0 0 0 0 0 0 0 0 0 0 0 0 0 0 0 0 0 0 0 0 0 0 0 0 0 0 0 0 0 0 0 0 0 0 0 0 0 0 0 0 0 0 0 0 0 0 0 0 0 0 0 0 0 0 0 0 0 0 0 0 0 0 0 0 0 0 0 0 0 0 0 0 0 0 0 0 0 0 0 0 0 0 0 0 0 0 0 0 0 0 0 0 0 0 0 0 0 0 0 0 0 0 0 0 0 0 0 0 0 0 0 0 0 0 0 0 0 0 0 0 0 0 0 0 0 0 0 0 0 0 0 0 0 0 0 0 0 0 0 0 0 0 0 0 0 0 0 0 0 0 0 0 0 0 0 0 0 0 0 0 0 0 0 0 0 0 0 0 0 0 0 0 0 0 0 0 0 0 0 0 0 0 0 0 0 0 0 0 0 0 0 0 0 0 0 0 0 0 0 0 0 0 0 0 0 0 0 0 0 0 0 0 0 0 0 0 0 0 0 0 0 0 0 0 0 0 0 0 0 0 0 0 0 0 0 0 0 0 0 0 0 0 0 0 0 0 0 0 0 0 0 0 0 0 0 0 0 0 0 0 0 0 0 0 0 0 0 0 0 0 0 0 0 0 0 0 0 0 0 0 0 0 0 0 0 0 0 0 0 0 0 0 0 0 0 0 0 0 0 0 0 0 0 0 0 0 0 0 0 0 0 0 0 0 0 0 0 0 0 0 0 0 0 0 0 0 0 0 0 0 0 0 0 0 0 0 0 0 0 0 0 0 0 0 0 0 0 0 0 0 0 0 0 0 0 0 0 0 0 0 0 0 0 0 0 0 0 0 0 0 0 0 0 0 0\nctxt 3212816\nbtime 1767909178\nprocesses 55741\nprocs_running 6\nprocs_blocked 0\nsoftirq 1556533 4 429790 1414 138706 0 0 296 465947 73 520303\n"}
{"timestamp":1767916960,"subsystem":"/proc/meminfo","measurement":"MemTotal:        3707648 kB\nMemFree:          263320 kB\nMemAvailable:    2679168 kB\nBuffers:            1080 kB\nCached:          2397480 kB\nSwapCached:         4760 kB\nActive:           850536 kB\nInactive:        1834284 kB\nActive(anon):       5384 kB\nInactive(anon):   300540 kB\nActive(file):     845152 kB\nInactive(file):  1533744 kB\nUnevictable:       12472 kB\nMlocked:           12472 kB\nSwapTotal:       3706876 kB\nSwapFree:        3691344 kB\nDirty:               780 kB\nWriteback:             0 kB\nAnonPages:        290596 kB\nMapped:           167756 kB\nShmem:              9000 kB\nKReclaimable:     329168 kB\nSlab:             487908 kB\nSReclaimable:     329168 kB\nSUnreclaim:       158740 kB\nKernelStack:        4688 kB\nPageTables:        12436 kB\nNFS_Unstable:          0 kB\nBounce:                0 kB\nWritebackTmp:          0 kB\nCommitLimit:     5560700 kB\nCommitted_AS:    3143528 kB\nVmallocTotal:   13743895347199 kB\nVmallocUsed:       25208 kB\nVmallocChunk:          0 kB\nPercpu:             1768 kB\nHardwareCorrupted:     0 kB\nAnonHugePages:     98304 kB\nShmemHugePages:        0 kB\nShmemPmdMapped:        0 kB\nFileHugePages:     47104 kB\nFilePmdMapped:     47104 kB\nCmaTotal:              0 kB\nCmaFree:               0 kB\nHugePages_Total:       0\nHugePages_Free:        0\nHugePages_Rsvd:        0\nHugePages_Surp:        0\nHugepagesize:       2048 kB\nHugetlb:               0 kB\nDirectMap4k:      314280 kB\nDirectMap2M:     3874816 kB\nDirectMap1G:     2097152 kB\n"}
{"timestamp":1767916960,"subsystem":"/proc/net/dev","measurement":"Inter-|   Receive                                                |  Transmit\n face |bytes    packets errs drop fifo frame compressed multicast|bytes    packets errs drop fifo colls carrier compressed\n    lo:    5840      72    0    0    0     0          0         0     5840      72    0    0    0     0       0          0\nenp0s5: 1708092404  112238    0    0    0     0          0         0 11406183   59343    0    0    0     0       0          0\ncni-podman0:  846851   14471    0    0    0     0          0        45 511682075   24640    0    0    0     0       0          0\nveth4e9165f8:  352941    4853    0    0    0     0          0         0 170543409    7946    0    0    0     0       0          0\nveth1dcf7d09:  391556    5454    0    0    0     0          0         0 170707299   10427    0    0    0     0       0          0\nveth57bbf2db:  304990    4165    0    0    0     0          0         0 170442831    6421    0    0    0     0       0          0\n"}
{"timestamp":1767916960,"subsystem":"/proc/diskstats","measurement":"   8       0 sda 110849 270412 7074845 158949 28162 457759 12905621 3068576 0 155694 3227526 0 0 0 0 0 0\n   8       1 sda1 243 199 16227 112 11 0 12 9 0 125 121 0 0 0 0 0 0\n   8       2 sda2 697 4 45255 337 61 5 73276 5510 0 2170 5848 0 0 0 0 0 0\n   8       3 sda3 109679 270209 7003355 158395 28090 457754 12832333 3063057 0 155106 3221452 0 0 0 0 0 0\n 252       0 dm-0 378842 0 6976401 428337 481317 0 12475119 372195642 0 145621 372623979 0 0 0 0 0 0\n 252       1 dm-1 367 0 14218 211 1441 0 357214 28819 0 8735 29030 0 0 0 0 0 0\n"}
{"timestamp":1767916960,"subsystem":"statfs[*]","measurement":"{\"mount_point\":\"/\",\"block_size\":4096,\"blocks_total\":9301568,\"blocks_free\":6078602,\"blocks_available\":6078602}\n{\"mount_point\":\"/var/oled\",\"block_size\":4096,\"blocks_total\":2618880,\"blocks_free\":2534072,\"blocks_available\":2534072}\n{\"mount_point\":\"/boot\",\"block_size\":4096,\"blocks_total\":259584,\"blocks_free\":160217,\"blocks_available\":160217}\n{\"mount_point\":\"/boot/efi\",\"block_size\":2048,\"blocks_total\":51091,\"blocks_free\":48041,\"blocks_available\":48041}\n"}
{"timestamp":1767916965,"subsystem":"/proc/stat","measurement":"cpu  34934 527 10660 1495379 13679 0 88 367 0 0\ncpu0 14484 181 5145 750861 6825 0 55 210 0 0\ncpu1 20449 346 5514 744518 6853 0 33 157 0 0\nintr 2159408 23 9 0 0 2631 0 0 0 1 0 0 0 15 0 0 0 0 0 0 22 0 0 0 0 0 0 0 0 0 0 0 0 0 0 0 0 0 0 0 0 0 0 0 0 0 0 0 0 0 0 0 0 63906 67263 0 0 64640 57842 0 0 0 0 0 0 0 0 0 0 0 0 0 0 0 0 0 0 0 0 0 0 0 0 0 0 0 0 0 0 0 0 0 0 0 0 0 0 0 0 0 0 0 0 0 0 0 0 0 0 0 0 0 0 0 0 0 0 0 0 0 0 0 0 0 0 0 0 0 0 0 0 0 0 0 0 0 0 0 0 0 0 0 0 0 0 0 0 0 0 0 0 0 0 0 0 0 0 0 0 0 0 0 0 0 0 0 0 0 0 0 0 0 0 0 0 0 0 0 0 0 0 0 0 0 0 0 0 0 0 0 0 0 0 0 0 0 0 0 0 0 0 0 0 0 0 0 0 0 0 0 0 0 0 0 0 0 0 0 0 0 0 0 0 0 0 0 0 0 0 0 0 0 0 0 0 0 0 0 0 0 0 0 0 0 0 0 0 0 0 0 0 0 0 0 0 0 0 0 0 0 0 0 0 0 0 0 0 0 0 0 0 0 0 0 0 0 0 0 0 0 0 0 0 0 0 0 0 0 0 0 0 0 0 0 0 0 0 0 0 0 0 0 0 0 0 0 0 0 0 0 0 0 0 0 0 0 0 0 0 0 0 0 0 0 0 0 0 0 0 0 0 0 0 0 0 0 0 0 0 0 0 0 0 0 0 0 0 0 0 0 0 0 0 0 0 0 0 0 0 0 0 0 0 0 0 0 0 0 0 0 0 0 0 0 0 0 0 0 0 0 0 0 0 0 0 0 0 0 0 0 0 0 0 0 0 0 0 0 0 0 0 0 0 0 0 0 0 0 0 0 0 0 0 0 0 0 0 0 0 0 0 0 0 0 0 0 0 0 0 0 0 0 0 0 0 0 0 0 0 0 0\nctxt 3215184\nbtime 1767909178\nprocesses 55746\nprocs_running 5\nprocs_blocked 0\nsoftirq 1557193 4 430042 1415 138754 0 0 296 466139 73 520470\n"}
{"timestamp":1767916965,"subsystem":"/proc/meminfo","measurement":"MemTotal:        3707648 kB\nMemFree:          263096 kB\nMemAvailable:    2678996 kB\nBuffers:            1080 kB\nCached:          2397532 kB\nSwapCached:         4760 kB\nActive:           850540 kB\nInactive:        1834416 kB\nActive(anon):       5384 kB\nInactive(anon):   300624 kB\nActive(file):     845156 kB\nInactive(file):  1533792 kB\nUnevictable:       12472 kB\nMlocked:           12472 kB\nSwapTotal:       3706876 kB\nSwapFree:        3691344 kB\nDirty:                16 kB\nWriteback:             0 kB\nAnonPages:        290684 kB\nMapped:           167756 kB\nShmem:              9000 kB\nKReclaimable:     329168 kB\nSlab:             487904 kB\nSReclaimable:     329168 kB\nSUnreclaim:       158736 kB\nKernelStack:        4688 kB\nPageTables:        12436 kB\nNFS_Unstable:          0 kB\nBounce:                0 kB\nWritebackTmp:          0 kB\nCommitLimit:     5560700 kB\nCommitted_AS:    3143528 kB\nVmallocTotal:   13743895347199 kB\nVmallocUsed:       25224 kB\nVmallocChunk:          0 kB\nPercpu:             1768 kB\nHardwareCorrupted:     0 kB\nAnonHugePages:     98304 kB\nShmemHugePages:        0 kB\nShmemPmdMapped:        0 kB\nFileHugePages:     47104 kB\nFilePmdMapped:     47104 kB\nCmaTotal:              0 kB\nCmaFree:               0 kB\nHugePages_Total:       0\nHugePages_Free:        0\nHugePages_Rsvd:        0\nHugePages_Surp:        0\nHugepagesize:       2048 kB\nHugetlb:               0 kB\nDirectMap4k:      314280 kB\nDirectMap2M:     3874816 kB\nDirectMap1G:     2097152 kB\n"}
{"timestamp":1767916965,"subsystem":"/proc/net/dev","measurement":"Inter-|   Receive                                                |  Transmit\n face |bytes    packets errs drop fifo frame compressed multicast|bytes    packets errs drop fifo colls carrier compressed\n    lo:    5840      72    0    0    0     0          0         0     5840      72    0    0    0     0       0          0\nenp0s5: 1708100738  112263    0    0    0     0          0         0 11457363   59367    0    0    0     0       0          0\ncni-podman0:  846851   14471    0    0    0     0          0        45 511682075   24640    0    0    0     0       0          0\nveth4e9165f8:  352941    4853    0    0    0     0          0         0 170543409    7946    0    0    0     0       0          0\nveth1dcf7d09:  391556    5454    0    0    0     0          0         0 170707299   10427    0    0    0     0       0          0\nveth57bbf2db:  304990    4165    0    0    0     0          0         0 170442831    6421    0    0    0     0       0          0\n"}
{"timestamp":1767916965,"subsystem":"/proc/diskstats","measurement":"   8       0 sda 110849 270412 7074845 158949 28163 457760 12907269 3068579 0 155697 3227529 0 0 0 0 0 0\n   8       1 sda1 243 199 16227 112 11 0 12 9 0 125 121 0 0 0 0 0 0\n   8       2 sda2 697 4 45255 337 61 5 73276 5510 0 2170 5848 0 0 0 0 0 0\n   8       3 sda3 109679 270209 7003355 158395 28091 457755 12833981 3063060 0 155109 3221455 0 0 0 0 0 0\n 252       0 dm-0 378842 0 6976401 428337 481317 0 12475119 372195642 0 145621 372623979 0 0 0 0 0 0\n 252       1 dm-1 367 0 14218 211 1443 0 358862 28823 0 8738 29034 0 0 0 0 0 0\n"}
{"timestamp":1767916965,"subsystem":"statfs[*]","measurement":"{\"mount_point\":\"/\",\"block_size\":4096,\"blocks_total\":9301568,\"blocks_free\":6078596,\"blocks_available\":6078596}\n{\"mount_point\":\"/var/oled\",\"block_size\":4096,\"blocks_total\":2618880,\"blocks_free\":2534072,\"blocks_available\":2534072}\n{\"mount_point\":\"/boot\",\"block_size\":4096,\"blocks_total\":259584,\"blocks_free\":160217,\"blocks_available\":160217}\n{\"mount_point\":\"/boot/efi\",\"block_size\":2048,\"blocks_total\":51091,\"blocks_free\":48041,\"blocks_available\":48041}\n"}
{"timestamp":1767916970,"subsystem":"/proc/stat","measurement":"cpu  35932 527 10662 1495379 13679 0 88 367 0 0\ncpu0 14983 181 5146 750861 6825 0 55 210 0 0\ncpu1 20948 346 5516 744518 6853 0 33 157 0 0\nintr 2169871 23 9 0 0 2631 0 0 0 1 0 0 0 15 0 0 0 0 0 0 22 0 0 0 0 0 0 0 0 0 0 0 0 0 0 0 0 0 0 0 0 0 0 0 0 0 0 0 0 0 0 0 0 63908 67263 0 0 64645 57848 0 0 0 0 0 0 0 0 0 0 0 0 0 0 0 0 0 0 0 0 0 0 0 0 0 0 0 0 0 0 0 0 0 0 0 0 0 0 0 0 0 0 0 0 0 0 0 0 0 0 0 0 0 0 0 0 0 0 0 0 0 0 0 0 0 0 0 0 0 0 0 0 0 0 0 0 0 0 0 0 0 0 0 0 0 0 0 0 0 0 0 0 0 0 0 0 0 0 0 0 0 0 0 0 0 0 0 0 0 0 0 0 0 0 0 0 0 0 0 0 0 0 0 0 0 0 0 0 0 0 0 0 0 0 0 0 0 0 0 0 0 0 0 0 0 0 0 0 0 0 0 0 0 0 0 0 0 0 0 0 0 0 0 0 0 0 0 0 0 0 0 0 0 0 0 0 0 0 0 0 0 0 0 0 0 0 0 0 0 0 0 0 0 0 0 0 0 0 0 0 0 0 0 0 0 0 0 0 0 0 0 0 0 0 0 0 0 0 0 0 0 0 0 0 0 0 0 0 0 0 0 0 0 0 0 0 0 0 0 0 0 0 0 0 0 0 0 0 0 0 0 0 0 0 0 0 0 0 0 0 0 0 0 0 0 0 0 0 0 0 0 0 0 0 0 0 0 0 0 0 0 0 0 0 0 0 0 0 0 0 0 0 0 0 0 0 0 0 0 0 0 0 0 0 0 0 0 0 0 0 0 0 0 0 0 0 0 0 0 0 0 0 0 0 0 0 0 0 0 0 0 0 0 0 0 0 0 0 0 0 0 0 0 0 0 0 0 0 0 0 0 0 0 0 0 0 0 0 0 0 0 0 0 0 0 0 0 0 0 0 0 0 0 0 0 0 0 0 0 0 0 0\nctxt 3217345\nbtime 1767909178\nprocesses 55751\nprocs_running 5\nprocs_blocked 0\nsoftirq 1557715 4 430245 1416 138765 0 0 296 466330 73 520586\n"}
{"timestamp":1767916970,"subsystem":"/proc/meminfo","measurement":"MemTotal:        3707648 kB\nMemFree:          263096 kB\nMemAvailable:    2678996 kB\nBuffers:            1080 kB\nCached:          2397536 kB\nSwapCached:         4760 kB\nActive:           850540 kB\nInactive:        1834440 kB\nActive(anon):       5384 kB\nInactive(anon):   300648 kB\nActive(file):     845156 kB\nInactive(file):  1533792 kB\nUnevictable:       12472 kB\nMlocked:           12472 kB\nSwapTotal:       3706876 kB\nSwapFree:        3691344 kB\nDirty:                 4 kB\nWriteback:             0 kB\nAnonPages:        290732 kB\nMapped:           167756 kB\nShmem:              9000 kB\nKReclaimable:     329168 kB\nSlab:             487896 kB\nSReclaimable:     329168 kB\nSUnreclaim:       158728 kB\nKernelStack:        4688 kB\nPageTables:        12436 kB\nNFS_Unstable:          0 kB\nBounce:                0 kB\nWritebackTmp:          0 kB\nCommitLimit:     5560700 kB\nCommitted_AS:    3143528 kB\nVmallocTotal:   13743895347199 kB\nVmallocUsed:       25224 kB\nVmallocChunk:          0 kB\nPercpu:             1768 kB\nHardwareCorrupted:     0 kB\nAnonHugePages:     98304 kB\nShmemHugePages:        0 kB\nShmemPmdMapped:        0 kB\nFileHugePages:     47104 kB\nFilePmdMapped:     47104 kB\nCmaTotal:              0 kB\nCmaFree:               0 kB\nHugePages_Total:       0\nHugePages_Free:        0\nHugePages_Rsvd:        0\nHugePages_Surp:        0\nHugepagesize:       2048 kB\nHugetlb:               0 kB\nDirectMap4k:      314280 kB\nDirectMap2M:     3874816 kB\nDirectMap1G:     2097152 kB\n"}
{"timestamp":1767916970,"subsystem":"/proc/net/dev","measurement":"Inter-|   Receive                                                |  Transmit\n face |bytes    packets errs drop fifo frame compressed multicast|bytes    packets errs drop fifo colls carrier compressed\n    lo:    5840      72    0    0    0     0          0         0     5840      72    0    0    0     0       0          0\nenp0s5: 1708101405  112268    0    0    0     0          0         0 11457938   59373    0    0    0     0       0          0\ncni-podman0:  846851   14471    0    0    0     0          0        45 511682075   24640    0    0    0     0       0          0\nveth4e9165f8:  352941    4853    0    0    0     0          0         0 170543409    7946    0    0    0     0       0          0\nveth1dcf7d09:  391556    5454    0    0    0     0          0         0 170707299   10427    0    0    0     0       0          0\nveth57bbf2db:  304990    4165    0    0    0     0          0         0 170442831    6421    0    0    0     0       0          0\n"}
{"timestamp":1767916970,"subsystem":"/proc/diskstats","measurement":"   8       0 sda 110849 270412 7074845 158949 28165 457761 12907301 3068580 0 155698 3227530 0 0 0 0 0 0\n   8       1 sda1 243 199 16227 112 11 0 12 9 0 125 121 0 0 0 0 0 0\n   8       2 sda2 697 4 45255 337 61 5 73276 5510 0 2170 5848 0 0 0 0 0 0\n   8       3 sda3 109679 270209 7003355 158395 28093 457756 12834013 3063061 0 155110 3221457 0 0 0 0 0 0\n 252       0 dm-0 378842 0 6976401 428337 481320 0 12475151 372195642 0 145622 372623979 0 0 0 0 0 0\n 252       1 dm-1 367 0 14218 211 1443 0 358862 28823 0 8738 29034 0 0 0 0 0 0\n"}
{"timestamp":1767916970,"subsystem":"statfs[*]","measurement":"{\"mount_point\":\"/\",\"block_size\":4096,\"blocks_total\":9301568,\"blocks_free\":6078600,\"blocks_available\":6078600}\n{\"mount_point\":\"/var/oled\",\"block_size\":4096,\"blocks_total\":2618880,\"blocks_free\":2534072,\"blocks_available\":2534072}\n{\"mount_point\":\"/boot\",\"block_size\":4096,\"blocks_total\":259584,\"blocks_free\":160217,\"blocks_available\":160217}\n{\"mount_point\":\"/boot/efi\",\"block_size\":2048,\"blocks_total\":51091,\"blocks_free\":48041,\"blocks_available\":48041}\n"}
{"timestamp":1767916975,"subsystem":"/proc/stat","measurement":"cpu  36923 527 10670 1495379 13679 0 88 368 0 0\ncpu0 15475 181 5154 750861 6825 0 55 210 0 0\ncpu1 21448 346 5516 744518 6853 0 33 157 0 0\nintr 2180372 23 9 0 0 2631 0 0 0 1 0 0 0 15 0 0 0 0 0 0 22 0 0 0 0 0 0 0 0 0 0 0 0 0 0 0 0 0 0 0 0 0 0 0 0 0 0 0 0 0 0 0 0 63909 67263 0 0 64649 57851 0 0 0 0 0 0 0 0 0 0 0 0 0 0 0 0 0 0 0 0 0 0 0 0 0 0 0 0 0 0 0 0 0 0 0 0 0 0 0 0 0 0 0 0 0 0 0 0 0 0 0 0 0 0 0 0 0 0 0 0 0 0 0 0 0 0 0 0 0 0 0 0 0 0 0 0 0 0 0 0 0 0 0 0 0 0 0 0 0 0 0 0 0 0 0 0 0 0 0 0 0 0 0 0 0 0 0 0 0 0 0 0 0 0 0 0 0 0 0 0 0 0 0 0 0 0 0 0 0 0 0 0 0 0 0 0 0 0 0 0 0 0 0 0 0 0 0 0 0 0 0 0 0 0 0 0 0 0 0 0 0 0 0 0 0 0 0 0 0 0 0 0 0 0 0 0 0 0 0 0 0 0 0 0 0 0 0 0 0 0 0 0 0 0 0 0 0 0 0 0 0 0 0 0 0 0 0 0 0 0 0 0 0 0 0 0 0 0 0 0 0 0 0 0 0 0 0 0 0 0 0 0 0 0 0 0 0 0 0 0 0 0 0 0 0 0 0 0 0 0 0 0 0 0 0 0 0 0 0 0 0 0 0 0 0 0 0 0 0 0 0 0 0 0 0 0 0 0 0 0 0 0 0 0 0 0 0 0 0 0 0 0 0 0 0 0 0 0 0 0 0 0 0 0 0 0 0 0 0 0 0 0 0 0 0 0 0 0 0 0 0 0 0 0 0 0 0 0 0 0 0 0 0 0 0 0 0 0 0 0 0 0 0 0 0 0 0 0 0 0 0 0 0 0 0 0 0 0 0 0 0 0 0 0 0 0 0 0 0 0 0 0 0 0 0 0 0 0 0 0 0 0\nctxt 3219909\nbtime 1767909178\nprocesses 55756\nprocs_running 6\nprocs_blocked 0\nsoftirq 1558937 4 430477 1417 138772 0 0 296 466528 73 521370\n"}
{"timestamp":1767916975,"subsystem":"/proc/meminfo","measurement":"MemTotal:        3707648 kB\nMemFree:          262844 kB\nMemAvailable:    2679436 kB\nBuffers:            1080 kB\nCached:          2398220 kB\nSwapCached:         4760 kB\nActive:           850544 kB\nInactive:        1835372 kB\nActive(anon):       5384 kB\nInactive(anon):   300896 kB\nActive(file):     845160 kB\nInactive(file):  1534476 kB\nUnevictable:       12472 kB\nMlocked:           12472 kB\nSwapTotal:       3706876 kB\nSwapFree:        3691344 kB\nDirty:               692 kB\nWriteback:             0 kB\nAnonPages:        290948 kB\nMapped:           167756 kB\nShmem:              9000 kB\nKReclaimable:     329172 kB\nSlab:             487900 kB\nSReclaimable:     329172 kB\nSUnreclaim:       158728 kB\nKernelStack:        4688 kB\nPageTables:        12440 kB\nNFS_Unstable:          0 kB\nBounce:                0 kB\nWritebackTmp:          0 kB\nCommitLimit:     5560700 kB\nCommitted_AS:    3144780 kB\nVmallocTotal:   13743895347199 kB\nVmallocUsed:       25224 kB\nVmallocChunk:          0 kB\nPercpu:             1768 kB\nHardwareCorrupted:     0 kB\nAnonHugePages:     98304 kB\nShmemHugePages:        0 kB\nShmemPmdMapped:        0 kB\nFileHugePages:     47104 kB\nFilePmdMapped:     47104 kB\nCmaTotal:              0 kB\nCmaFree:               0 kB\nHugePages_Total:       0\nHugePages_Free:        0\nHugePages_Rsvd:        0\nHugePages_Surp:        0\nHugepagesize:       2048 kB\nHugetlb:               0 kB\nDirectMap4k:      314280 kB\nDirectMap2M:     3874816 kB\nDirectMap1G:     2097152 kB\n"}
{"timestamp":1767916975,"subsystem":"/proc/net/dev","measurement":"Inter-|   Receive                                                |  Transmit\n face |bytes    packets errs drop fifo frame compressed multicast|bytes    packets errs drop fifo colls carrier compressed\n    lo:    5840      72    0    0    0     0          0         0     5840      72    0    0    0     0       0          0\nenp0s5: 1708101669  112272    0    0    0     0          0         0 11458136   59376    0    0    0     0       0          0\ncni-podman0:  846851   14471    0    0    0     0          0        45 511682075   24640    0    0    0     0       0          0\nveth4e9165f8:  352941    4853    0    0    0     0          0         0 170543409    7946    0    0    0     0       0          0\nveth1dcf7d09:  391556    5454    0    0    0     0          0         0 170707299   10427    0    0    0     0       0          0\nveth57bbf2db:  304990    4165    0    0    0     0          0         0 170442831    6421    0    0    0     0       0          0\n"}
{"timestamp":1767916975,"subsystem":"/proc/diskstats","measurement":"   8       0 sda 110849 270412 7074845 158949 28166 457761 12907309 3068581 0 155699 3227531 0 0 0 0 0 0\n   8       1 sda1 243 199 16227 112 11 0 12 9 0 125 121 0 0 0 0 0 0\n   8       2 sda2 697 4 45255 337 61 5 73276 5510 0 2170 5848 0 0 0 0 0 0\n   8       3 sda3 109679 270209 7003355 158395 28094 457756 12834021 3063062 0 155111 3221458 0 0 0 0 0 0\n 252       0 dm-0 378842 0 6976401 428337 481320 0 12475151 372195642 0 145622 372623979 0 0 0 0 0 0\n 252       1 dm-1 367 0 14218 211 1444 0 358870 28823 0 8739 29034 0 0 0 0 0 0\n"}
{"timestamp":1767916975,"subsystem":"statfs[*]","measurement":"{\"mount_point\":\"/\",\"block_size\":4096,\"blocks_total\":9301568,\"blocks_free\":6078593,\"blocks_available\":6078593}\n{\"mount_point\":\"/var/oled\",\"block_size\":4096,\"blocks_total\":2618880,\"blocks_free\":2534072,\"blocks_available\":2534072}\n{\"mount_point\":\"/boot\",\"block_size\":4096,\"blocks_total\":259584,\"blocks_free\":160217,\"blocks_available\":160217}\n{\"mount_point\":\"/boot/efi\",\"block_size\":2048,\"blocks_total\":51091,\"blocks_free\":48041,\"blocks_available\":48041}\n"}
{"timestamp":1767916980,"subsystem":"/proc/stat","measurement":"cpu  37921 527 10672 1495379 13679 0 88 368 0 0\ncpu0 15974 181 5155 750861 6825 0 55 210 0 0\ncpu1 21946 346 5517 744518 6853 0 33 157 0 0\nintr 2190812 23 9 0 0 2631 0 0 0 1 0 0 0 15 0 0 0 0 0 0 22 0 0 0 0 0 0 0 0 0 0 0 0 0 0 0 0 0 0 0 0 0 0 0 0 0 0 0 0 0 0 0 0 63910 67263 0 0 64656 57859 0 0 0 0 0 0 0 0 0 0 0 0 0 0 0 0 0 0 0 0 0 0 0 0 0 0 0 0 0 0 0 0 0 0 0 0 0 0 0 0 0 0 0 0 0 0 0 0 0 0 0 0 0 0 0 0 0 0 0 0 0 0 0 0 0 0 0 0 0 0 0 0 0 0 0 0 0 0 0 0 0 0 0 0 0 0 0 0 0 0 0 0 0 0 0 0 0 0 0 0 0 0 0 0 0 0 0 0 0 0 0 0 0 0 0 0 0 0 0 0 0 0 0 0 0 0 0 0 0 0 0 0 0 0 0 0 0 0 0 0 0 0 0 0 0 0 0 0 0 0 0 0 0 0 0 0 0 0 0 0 0 0 0 0 0 0 0 0 0 0 0 0 0 0 0 0 0 0 0 0 0 0 0 0 0 0 0 0 0 0 0 0 0 0 0 0 0 0 0 0 0 0 0 0 0 0 0 0 0 0 0 0 0 0 0 0 0 0 0 0 0 0 0 0 0 0 0 0 0 0 0 0 0 0 0 0 0 0 0 0 0 0 0 0 0 0 0 0 0 0 0 0 0 0 0 0 0 0 0 0 0 0 0 0 0 0 0 0 0 0 0 0 0 0 0 0 0 0 0 0 0 0 0 0 0 0 0 0 0 0 0 0 0 0 0 0 0 0 0 0 0 0 0 0 0 0 0 0 0 0 0 0 0 0 0 0 0 0 0 0 0 0 0 0 0 0 0 0 0 0 0 0 0 0 0 0 0 0 0 0 0 0 0 0 0 0 0 0 0 0 0 0 0 0 0 0 0 0 0 0 0 0 0 0 0 0 0 0 0 0 0 0 0 0 0 0 0 0 0 0 0 0\nctxt 3222285\nbtime 1767909178\nprocesses 55761\nprocs_running 5\nprocs_blocked 0\nsoftirq 1559487 4 430674 1418 138787 0 0 296 466722 73 521513\n"}
{"timestamp":1767916980,"subsystem":"/proc/meminfo","measurement":"MemTotal:        3707648 kB\nMemFree:          262100 kB\nMemAvailable:    2678712 kB\nBuffers:            1080 kB\nCached:          2398224 kB\nSwapCached:         4760 kB\nActive:           850544 kB\nInactive:        1835388 kB\nActive(anon):       5384 kB\nInactive(anon):   300912 kB\nActive(file):     845160 kB\nInactive(file):  1534476 kB\nUnevictable:       12472 kB\nMlocked:           12472 kB\nSwapTotal:       3706876 kB\nSwapFree:        3691344 kB\nDirty:               680 kB\nWriteback:             0 kB\nAnonPages:        290984 kB\nMapped:           167756 kB\nShmem:              9000 kB\nKReclaimable:     329192 kB\nSlab:             487924 kB\nSReclaimable:     329192 kB\nSUnreclaim:       158732 kB\nKernelStack:        4688 kB\nPageTables:        12440 kB\nNFS_Unstable:          0 kB\nBounce:                0 kB\nWritebackTmp:          0 kB\nCommitLimit:     5560700 kB\nCommitted_AS:    3144780 kB\nVmallocTotal:   13743895347199 kB\nVmallocUsed:       25208 kB\nVmallocChunk:          0 kB\nPercpu:             1768 kB\nHardwareCorrupted:     0 kB\nAnonHugePages:     98304 kB\nShmemHugePages:        0 kB\nShmemPmdMapped:        0 kB\nFileHugePages:     47104 kB\nFilePmdMapped:     47104 kB\nCmaTotal:              0 kB\nCmaFree:               0 kB\nHugePages_Total:       0\nHugePages_Free:        0\nHugePages_Rsvd:        0\nHugePages_Surp:        0\nHugepagesize:       2048 kB\nHugetlb:               0 kB\nDirectMap4k:      314280 kB\nDirectMap2M:     3874816 kB\nDirectMap1G:     2097152 kB\n"}
{"timestamp":1767916980,"subsystem":"/proc/net/dev","measurement":"Inter-|   Receive                                                |  Transmit\n face |bytes    packets errs drop fifo frame compressed multicast|bytes    packets errs drop fifo colls carrier compressed\n    lo:    5840      72    0    0    0     0          0         0     5840      72    0    0    0     0       0          0\nenp0s5: 1708102458  112279    0    0    0     0          0         0 11458819   59384    0    0    0     0       0          0\ncni-podman0:  846851   14471    0    0    0     0          0        45 511682075   24640    0    0    0     0       0          0\nveth4e9165f8:  352941    4853    0    0    0     0          0         0 170543409    7946    0    0    0     0       0          0\nveth1dcf7d09:  391556    5454    0    0    0     0          0         0 170707299   10427    0    0    0     0       0          0\nveth57bbf2db:  304990    4165    0    0    0     0          0         0 170442831    6421    0    0    0     0       0          0\n"}
{"timestamp":1767916980,"subsystem":"/proc/diskstats","measurement":"   8       0 sda 110849 270412 7074845 158949 28167 457762 12907341 3068582 0 155700 3227532 0 0 0 0 0 0\n   8       1 sda1 243 199 16227 112 11 0 12 9 0 125 121 0 0 0 0 0 0\n   8       2 sda2 697 4 45255 337 61 5 73276 5510 0 2170 5848 0 0 0 0 0 0\n   8       3 sda3 109679 270209 7003355 158395 28095 457757 12834053 3063062 0 155112 3221458 0 0 0 0 0 0\n 252       0 dm-0 378842 0 6976401 428337 481322 0 12475183 372195642 0 145623 372623979 0 0 0 0 0 0\n 252       1 dm-1 367 0 14218 211 1444 0 358870 28823 0 8739 29034 0 0 0 0 0 0\n"}
{"timestamp":1767916980,"subsystem":"statfs[*]","measurement":"{\"mount_point\":\"/\",\"block_size\":4096,\"blocks_total\":9301568,\"blocks_free\":6078597,\"blocks_available\":6078597}\n{\"mount_point\":\"/var/oled\",\"block_size\":4096,\"blocks_total\":2618880,\"blocks_free\":2534072,\"blocks_available\":2534072}\n{\"mount_point\":\"/boot\",\"block_size\":4096,\"blocks_total\":259584,\"blocks_free\":160217,\"blocks_available\":160217}\n{\"mount_point\":\"/boot/efi\",\"block_size\":2048,\"blocks_total\":51091,\"blocks_free\":48041,\"blocks_available\":48041}\n"}
{"timestamp":1767916985,"subsystem":"/proc/stat","measurement":"cpu  38917 527 10675 1495379 13679 0 88 368 0 0\ncpu0 16473 181 5155 750861 6825 0 55 211 0 0\ncpu1 22443 346 5520 744518 6853 0 33 157 0 0\nintr 2201194 23 9 0 0 2631 0 0 0 1 0 0 0 15 0 0 0 0 0 0 22 0 0 0 0 0 0 0 0 0 0 0 0 0 0 0 0 0 0 0 0 0 0 0 0 0 0 0 0 0 0 0 0 63910 67264 0 0 64660 57862 0 0 0 0 0 0 0 0 0 0 0 0 0 0 0 0 0 0 0 0 0 0 0 0 0 0 0 0 0 0 0 0 0 0 0 0 0 0 0 0 0 0 0 0 0 0 0 0 0 0 0 0 0 0 0 0 0 0 0 0 0 0 0 0 0 0 0 0 0 0 0 0 0 0 0 0 0 0 0 0 0 0 0 0 0 0 0 0 0 0 0 0 0 0 0 0 0 0 0 0 0 0 0 0 0 0 0 0 0 0 0 0 0 0 0 0 0 0 0 0 0 0 0 0 0 0 0 0 0 0 0 0 0 0 0 0 0 0 0 0 0 0 0 0 0 0 0 0 0 0 0 0 0 0 0 0 0 0 0 0 0 0 0 0 0 0 0 0 0 0 0 0 0 0 0 0 0 0 0 0 0 0 0 0 0 0 0 0 0 0 0 0 0 0 0 0 0 0 0 0 0 0 0 0 0 0 0 0 0 0 0 0 0 0 0 0 0 0 0 0 0 0 0 0 0 0 0 0 0 0 0 0 0 0 0 0 0 0 0 0 0 0 0 0 0 0 0 0 0 0 0 0 0 0 0 0 0 0 0 0 0 0 0 0 0 0 0 0 0 0 0 0 0 0 0 0 0 0 0 0 0 0 0 0 0 0 0 0 0 0 0 0 0 0 0 0 0 0 0 0 0 0 0 0 0 0 0 0 0 0 0 0 0 0 0 0 0 0 0 0 0 0 0 0 0 0 0 0 0 0 0 0 0 0 0 0 0 0 0 0 0 0 0 0 0 0 0 0 0 0 0 0 0 0 0 0 0 0 0 0 0 0 0 0 0 0 0 0 0 0 0 0 0 0 0 0 0 0 0 0 0 0\nctxt 3224541\nbtime 1767909178\nprocesses 55767\nprocs_running 6\nprocs_blocked 0\nsoftirq 1560082 4 430883 1419 138794 0 0 296 466917 73 521696\n"}
{"timestamp":1767916985,"subsystem":"/proc/meminfo","measurement":"MemTotal:        3707648 kB\nMemFree:          262100 kB\nMemAvailable:    2678768 kB\nBuffers:            1080 kB\nCached:          2398276 kB\nSwapCached:         4760 kB\nActive:           850544 kB\nInactive:        1834280 kB\nActive(anon):       5384 kB\nInactive(anon):   299748 kB\nActive(file):     845160 kB\nInactive(file):  1534532 kB\nUnevictable:       12472 kB\nMlocked:           12472 kB\nSwapTotal:       3706876 kB\nSwapFree:        3691344 kB\nDirty:               736 kB\nWriteback:             0 kB\nAnonPages:        289768 kB\nMapped:           168200 kB\nShmem:              9000 kB\nKReclaimable:     329192 kB\nSlab:             487924 kB\nSReclaimable:     329192 kB\nSUnreclaim:       158732 kB\nKernelStack:        4704 kB\nPageTables:        12436 kB\nNFS_Unstable:          0 kB\nBounce:                0 kB\nWritebackTmp:          0 kB\nCommitLimit:     5560700 kB\nCommitted_AS:    3141648 kB\nVmallocTotal:   13743895347199 kB\nVmallocUsed:       25240 kB\nVmallocChunk:          0 kB\nPercpu:             1768 kB\nHardwareCorrupted:     0 kB\nAnonHugePages:     98304 kB\nShmemHugePages:        0 kB\nShmemPmdMapped:        0 kB\nFileHugePages:     47104 kB\nFilePmdMapped:     47104 kB\nCmaTotal:              0 kB\nCmaFree:               0 kB\nHugePages_Total:       0\nHugePages_Free:        0\nHugePages_Rsvd:        0\nHugePages_Surp:        0\nHugepagesize:       2048 kB\nHugetlb:               0 kB\nDirectMap4k:      314280 kB\nDirectMap2M:     3874816 kB\nDirectMap1G:     2097152 kB\n"}
{"timestamp":1767916985,"subsystem":"/proc/net/dev","measurement":"Inter-|   Receive                                                |  Transmit\n face |bytes    packets errs drop fifo frame compressed multicast|bytes    packets errs drop fifo colls carrier compressed\n    lo:    5840      72    0    0    0     0          0         0     5840      72    0    0    0     0       0          0\nenp0s5: 1708102722  112283    0    0    0     0          0         0 11459017   59387    0    0    0     0       0          0\ncni-podman0:  846851   14471    0    0    0     0          0        45 511682075   24640    0    0    0     0       0          0\nveth4e9165f8:  352941    4853    0    0    0     0          0         0 170543409    7946    0    0    0     0       0          0\nveth1dcf7d09:  391556    5454    0    0    0     0          0         0 170707299   10427    0    0    0     0       0          0\nveth57bbf2db:  304990    4165    0    0    0     0          0         0 170442831    6421    0    0    0     0       0          0\n"}
{"timestamp":1767916985,"subsystem":"/proc/diskstats","measurement":"   8       0 sda 110850 270412 7074853 158951 28167 457762 12907341 3068582 0 155704 3227534 0 0 0 0 0 0\n   8       1 sda1 243 199 16227 112 11 0 12 9 0 125 121 0 0 0 0 0 0\n   8       2 sda2 697 4 45255 337 61 5 73276 5510 0 2170 5848 0 0 0 0 0 0\n   8       3 sda3 109680 270209 7003363 158397 28095 457757 12834053 3063062 0 155116 3221460 0 0 0 0 0 0\n 252       0 dm-0 378843 0 6976409 428340 481322 0 12475183 372195642 0 145627 372623982 0 0 0 0 0 0\n 252       1 dm-1 367 0 14218 211 1444 0 358870 28823 0 8739 29034 0 0 0 0 0 0\n"}
{"timestamp":1767916985,"subsystem":"statfs[*]","measurement":"{\"mount_point\":\"/\",\"block_size\":4096,\"blocks_total\":9301568,\"blocks_free\":6078591,\"blocks_available\":6078591}\n{\"mount_point\":\"/var/oled\",\"block_size\":4096,\"blocks_total\":2618880,\"blocks_free\":2534072,\"blocks_available\":2534072}\n{\"mount_point\":\"/boot\",\"block_size\":4096,\"blocks_total\":259584,\"blocks_free\":160217,\"blocks_available\":160217}\n{\"mount_point\":\"/boot/efi\",\"block_size\":2048,\"blocks_total\":51091,\"blocks_free\":48041,\"blocks_available\":48041}\n"}
{"timestamp":1767916990,"subsystem":"/proc/stat","measurement":"cpu  39915 527 10677 1495379 13679 0 88 369 0 0\ncpu0 16972 181 5156 750861 6825 0 55 211 0 0\ncpu1 22942 346 5521 744518 6853 0 33 158 0 0\nintr 2211668 23 9 0 0 2631 0 0 0 1 0 0 0 15 0 0 0 0 0 0 22 0 0 0 0 0 0 0 0 0 0 0 0 0 0 0 0 0 0 0 0 0 0 0 0 0 0 0 0 0 0 0 0 63918 67266 0 0 64665 57868 0 0 0 0 0 0 0 0 0 0 0 0 0 0 0 0 0 0 0 0 0 0 0 0 0 0 0 0 0 0 0 0 0 0 0 0 0 0 0 0 0 0 0 0 0 0 0 0 0 0 0 0 0 0 0 0 0 0 0 0 0 0 0 0 0 0 0 0 0 0 0 0 0 0 0 0 0 0 0 0 0 0 0 0 0 0 0 0 0 0 0 0 0 0 0 0 0 0 0 0 0 0 0 0 0 0 0 0 0 0 0 0 0 0 0 0 0 0 0 0 0 0 0 0 0 0 0 0 0 0 0 0 0 0 0 0 0 0 0 0 0 0 0 0 0 0 0 0 0 0 0 0 0 0 0 0 0 0 0 0 0 0 0 0 0 0 0 0 0 0 0 0 0 0 0 0 0 0 0 0 0 0 0 0 0 0 0 0 0 0 0 0 0 0 0 0 0 0 0 0 0 0 0 0 0 0 0 0 0 0 0 0 0 0 0 0 0 0 0 0 0 0 0 0 0 0 0 0 0 0 0 0 0 0 0 0 0 0 0 0 0 0 0 0 0 0 0 0 0 0 0 0 0 0 0 0 0 0 0 0 0 0 0 0 0 0 0 0 0 0 0 0 0 0 0 0 0 0 0 0 0 0 0 0 0 0 0 0 0 0 0 0 0 0 0 0 0 0 0 0 0 0 0 0 0 0 0 0 0 0 0 0 0 0 0 0 0 0 0 0 0 0 0 0 0 0 0 0 0 0 0 0 0 0 0 0 0 0 0 0 0 0 0 0 0 0 0 0 0 0 0 0 0 0 0 0 0 0 0 0 0 0 0 0 0 0 0 0 0 0 0 0 0 0 0 0 0 0 0 0 0 0\nctxt 3226883\nbtime 1767909178\nprocesses 55772\nprocs_running 5\nprocs_blocked 0\nsoftirq 1560708 4 431179 1420 138805 0 0 296 467111 73 521820\n"}
{"timestamp":1767916990,"subsystem":"/proc/meminfo","measurement":"MemTotal:        3707648 kB\nMemFree:          264296 kB\nMemAvailable:    2680964 kB\nBuffers:            1080 kB\nCached:          2398280 kB\nSwapCached:         4760 kB\nActive:           850544 kB\nInactive:        1834292 kB\nActive(anon):       5384 kB\nInactive(anon):   299760 kB\nActive(file):     845160 kB\nInactive(file):  1534532 kB\nUnevictable:       12472 kB\nMlocked:           12472 kB\nSwapTotal:       3706876 kB\nSwapFree:        3691344 kB\nDirty:               728 kB\nWriteback:             0 kB\nAnonPages:        289824 kB\nMapped:           168200 kB\nShmem:              9000 kB\nKReclaimable:     329192 kB\nSlab:             487920 kB\nSReclaimable:     329192 kB\nSUnreclaim:       158728 kB\nKernelStack:        4704 kB\nPageTables:        12436 kB\nNFS_Unstable:          0 kB\nBounce:                0 kB\nWritebackTmp:          0 kB\nCommitLimit:     5560700 kB\nCommitted_AS:    3141648 kB\nVmallocTotal:   13743895347199 kB\nVmallocUsed:       25240 kB\nVmallocChunk:          0 kB\nPercpu:             1768 kB\nHardwareCorrupted:     0 kB\nAnonHugePages:     98304 kB\nShmemHugePages:        0 kB\nShmemPmdMapped:        0 kB\nFileHugePages:     47104 kB\nFilePmdMapped:     47104 kB\nCmaTotal:              0 kB\nCmaFree:               0 kB\nHugePages_Total:       0\nHugePages_Free:        0\nHugePages_Rsvd:        0\nHugePages_Surp:        0\nHugepagesize:       2048 kB\nHugetlb:               0 kB\nDirectMap4k:      314280 kB\nDirectMap2M:     3874816 kB\nDirectMap1G:     2097152 kB\n"}
{"timestamp":1767916990,"subsystem":"/proc/net/dev","measurement":"Inter-|   Receive                                                |  Transmit\n face |bytes    packets errs drop fifo frame compressed multicast|bytes    packets errs drop fifo colls carrier compressed\n    lo:    5840      72    0    0    0     0          0         0     5840      72    0    0    0     0       0          0\nenp0s5: 1708103389  112288    0    0    0     0          0         0 11459592   59393    0    0    0     0       0          0\ncni-podman0:  846851   14471    0    0    0     0          0        45 511682075   24640    0    0    0     0       0          0\nveth4e9165f8:  352941    4853    0    0    0     0          0         0 170543409    7946    0    0    0     0       0          0\nveth1dcf7d09:  391556    5454    0    0    0     0          0         0 170707299   10427    0    0    0     0       0          0\nveth57bbf2db:  304990    4165    0    0    0     0          0         0 170442831    6421    0    0    0     0       0          0\n"}
{"timestamp":1767916990,"subsystem":"/proc/diskstats","measurement":"   8       0 sda 110850 270412 7074853 158951 28179 457763 12907534 3068604 0 155710 3227556 0 0 0 0 0 0\n   8       1 sda1 243 199 16227 112 11 0 12 9 0 125 121 0 0 0 0 0 0\n   8       2 sda2 697 4 45255 337 61 5 73276 5510 0 2170 5848 0 0 0 0 0 0\n   8       3 sda3 109680 270209 7003363 158397 28107 457758 12834246 3063085 0 155122 3221483 0 0 0 0 0 0\n 252       0 dm-0 378843 0 6976409 428340 481333 0 12475341 372195662 0 145631 372624002 0 0 0 0 0 0\n 252       1 dm-1 367 0 14218 211 1446 0 358905 28824 0 8741 29035 0 0 0 0 0 0\n"}
{"timestamp":1767916990,"subsystem":"statfs[*]","measurement":"{\"mount_point\":\"/\",\"block_size\":4096,\"blocks_total\":9301568,\"blocks_free\":6078595,\"blocks_available\":6078595}\n{\"mount_point\":\"/var/oled\",\"block_size\":4096,\"blocks_total\":2618880,\"blocks_free\":2534072,\"blocks_available\":2534072}\n{\"mount_point\":\"/boot\",\"block_size\":4096,\"blocks_total\":259584,\"blocks_free\":160217,\"blocks_available\":160217}\n{\"mount_point\":\"/boot/efi\",\"block_size\":2048,\"blocks_total\":51091,\"blocks_free\":48041,\"blocks_available\":48041}\n"}
{"timestamp":1767916995,"subsystem":"/proc/stat","measurement":"cpu  40911 527 10681 1495379 13679 0 88 369 0 0\ncpu0 17469 181 5159 750861 6825 0 55 211 0 0\ncpu1 23442 346 5521 744518 6853 0 33 158 0 0\nintr 2222073 23 9 0 0 2631 0 0 0 1 0 0 0 15 0 0 0 0 0 0 22 0 0 0 0 0 0 0 0 0 0 0 0 0 0 0 0 0 0 0 0 0 0 0 0 0 0 0 0 0 0 0 0 63918 67266 0 0 64672 57875 0 0 0 0 0 0 0 0 0 0 0 0 0 0 0 0 0 0 0 0 0 0 0 0 0 0 0 0 0 0 0 0 0 0 0 0 0 0 0 0 0 0 0 0 0 0 0 0 0 0 0 0 0 0 0 0 0 0 0 0 0 0 0 0 0 0 0 0 0 0 0 0 0 0 0 0 0 0 0 0 0 0 0 0 0 0 0 0 0 0 0 0 0 0 0 0 0 0 0 0 0 0 0 0 0 0 0 0 0 0 0 0 0 0 0 0 0 0 0 0 0 0 0 0 0 0 0 0 0 0 0 0 0 0 0 0 0 0 0 0 0 0 0 0 0 0 0 0 0 0 0 0 0 0 0 0 0 0 0 0 0 0 0 0 0 0 0 0 0 0 0 0 0 0 0 0 0 0 0 0 0 0 0 0 0 0 0 0 0 0 0 0 0 0 0 0 0 0 0 0 0 0 0 0 0 0 0 0 0 0 0 0 0 0 0 0 0 0 0 0 0 0 0 0 0 0 0 0 0 0 0 0 0 0 0 0 0 0 0 0 0 0 0 0 0 0 0 0 0 0 0 0 0 0 0 0 0 0 0 0 0 0 0 0 0 0 0 0 0 0 0 0 0 0 0 0 0 0 0 0 0 0 0 0 0 0 0 0 0 0 0 0 0 0 0 0 0 0 0 0 0 0 0 0 0 0 0 0 0 0 0 0 0 0 0 0 0 0 0 0 0 0 0 0 0 0 0 0 0 0 0 0 0 0 0 0 0 0 0 0 0 0 0 0 0 0 0 0 0 0 0 0 0 0 0 0 0 0 0 0 0 0 0 0 0 0 0 0 0 0 0 0 0 0 0 0 0 0 0 0 0 0\nctxt 3229192\nbtime 1767909178\nprocesses 55777\nprocs_running 5\nprocs_blocked 0\nsoftirq 1561409 4 431485 1421 138819 0 0 296 467309 73 522002\n"}
{"timestamp":1767916995,"subsystem":"/proc/meminfo","measurement":"MemTotal:        3707648 kB\nMemFree:          264296 kB\nMemAvailable:    2681040 kB\nBuffers:            1080 kB\nCached:          2398336 kB\nSwapCached:         4760 kB\nActive:           850544 kB\nInactive:        1834516 kB\nActive(anon):       5384 kB\nInactive(anon):   299924 kB\nActive(file):     845160 kB\nInactive(file):  1534592 kB\nUnevictable:       12472 kB\nMlocked:           12472 kB\nSwapTotal:       3706876 kB\nSwapFree:        3691344 kB\nDirty:               788 kB\nWriteback:             0 kB\nAnonPages:        289936 kB\nMapped:           168200 kB\nShmem:              9000 kB\nKReclaimable:     329208 kB\nSlab:             487936 kB\nSReclaimable:     329208 kB\nSUnreclaim:       158728 kB\nKernelStack:        4704 kB\nPageTables:        12436 kB\nNFS_Unstable:          0 kB\nBounce:                0 kB\nWritebackTmp:          0 kB\nCommitLimit:     5560700 kB\nCommitted_AS:    3142900 kB\nVmallocTotal:   13743895347199 kB\nVmallocUsed:       25240 kB\nVmallocChunk:          0 kB\nPercpu:             1768 kB\nHardwareCorrupted:     0 kB\nAnonHugePages:     98304 kB\nShmemHugePages:        0 kB\nShmemPmdMapped:        0 kB\nFileHugePages:     47104 kB\nFilePmdMapped:     47104 kB\nCmaTotal:              0 kB\nCmaFree:               0 kB\nHugePages_Total:       0\nHugePages_Free:        0\nHugePages_Rsvd:        0\nHugePages_Surp:        0\nHugepagesize:       2048 kB\nHugetlb:               0 kB\nDirectMap4k:      314280 kB\nDirectMap2M:     3874816 kB\nDirectMap1G:     2097152 kB\n"}
{"timestamp":1767916995,"subsystem":"/proc/net/dev","measurement":"Inter-|   Receive                                                |  Transmit\n face |bytes    packets errs drop fifo frame compressed multicast|bytes    packets errs drop fifo colls carrier compressed\n    lo:    5840      72    0    0    0     0          0         0     5840      72    0    0    0     0       0          0\nenp0s5: 1708103938  112296    0    0    0     0          0         0 11460085   59400    0    0    0     0       0          0\ncni-podman0:  846851   14471    0    0    0     0          0        45 511682075   24640    0    0    0     0       0          0\nveth4e9165f8:  352941    4853    0    0    0     0          0         0 170543409    7946    0    0    0     0       0          0\nveth1dcf7d09:  391556    5454    0    0    0     0          0         0 170707299   10427    0    0    0     0       0          0\nveth57bbf2db:  304990    4165    0    0    0     0          0         0 170442831    6421    0    0    0     0       0          0\n"}
{"timestamp":1767916995,"subsystem":"/proc/diskstats","measurement":"   8       0 sda 110850 270412 7074853 158951 28179 457763 12907534 3068604 0 155710 3227556 0 0 0 0 0 0\n   8       1 sda1 243 199 16227 112 11 0 12 9 0 125 121 0 0 0 0 0 0\n   8       2 sda2 697 4 45255 337 61 5 73276 5510 0 2170 5848 0 0 0 0 0 0\n   8       3 sda3 109680 270209 7003363 158397 28107 457758 12834246 3063085 0 155122 3221483 0 0 0 0 0 0\n 252       0 dm-0 378843 0 6976409 428340 481333 0 12475341 372195662 0 145631 372624002 0 0 0 0 0 0\n 252       1 dm-1 367 0 14218 211 1446 0 358905 28824 0 8741 29035 0 0 0 0 0 0\n"}
{"timestamp":1767916995,"subsystem":"statfs[*]","measurement":"{\"mount_point\":\"/\",\"block_size\":4096,\"blocks_total\":9301568,\"blocks_free\":6078573,\"blocks_available\":6078573}\n{\"mount_point\":\"/var/oled\",\"block_size\":4096,\"blocks_total\":2618880,\"blocks_free\":2534072,\"blocks_available\":2534072}\n{\"mount_point\":\"/boot\",\"block_size\":4096,\"blocks_total\":259584,\"blocks_free\":160217,\"blocks_available\":160217}\n{\"mount_point\":\"/boot/efi\",\"block_size\":2048,\"blocks_total\":51091,\"blocks_free\":48041,\"blocks_available\":48041}\n"}
{"timestamp":1767917000,"subsystem":"/proc/stat","measurement":"cpu  41908 527 10683 1495379 13679 0 88 369 0 0\ncpu0 17966 181 5162 750861 6825 0 55 211 0 0\ncpu1 23942 346 5521 744518 6853 0 33 158 0 0\nintr 2232519 23 9 0 0 2631 0 0 0 1 0 0 0 15 0 0 0 0 0 0 22 0 0 0 0 0 0 0 0 0 0 0 0 0 0 0 0 0 0 0 0 0 0 0 0 0 0 0 0 0 0 0 0 63918 67267 0 0 64679 57883 0 0 0 0 0 0 0 0 0 0 0 0 0 0 0 0 0 0 0 0 0 0 0 0 0 0 0 0 0 0 0 0 0 0 0 0 0 0 0 0 0 0 0 0 0 0 0 0 0 0 0 0 0 0 0 0 0 0 0 0 0 0 0 0 0 0 0 0 0 0 0 0 0 0 0 0 0 0 0 0 0 0 0 0 0 0 0 0 0 0 0 0 0 0 0 0 0 0 0 0 0 0 0 0 0 0 0 0 0 0 0 0 0 0 0 0 0 0 0 0 0 0 0 0 0 0 0 0 0 0 0 0 0 0 0 0 0 0 0 0 0 0 0 0 0 0 0 0 0 0 0 0 0 0 0 0 0 0 0 0 0 0 0 0 0 0 0 0 0 0 0 0 0 0 0 0 0 0 0 0 0 0 0 0 0 0 0 0 0 0 0 0 0 0 0 0 0 0 0 0 0 0 0 0 0 0 0 0 0 0 0 0 0 0 0 0 0 0 0 0 0 0 0 0 0 0 0 0 0 0 0 0 0 0 0 0 0 0 0 0 0 0 0 0 0 0 0 0 0 0 0 0 0 0 0 0 0 0 0 0 0 0 0 0 0 0 0 0 0 0 0 0 0 0 0 0 0 0 0 0 0 0 0 0 0 0 0 0 0 0 0 0 0 0 0 0 0 0 0 0 0 0 0 0 0 0 0 0 0 0 0 0 0 0 0 0 0 0 0 0 0 0 0 0 0 0 0 0 0 0 0 0 0 0 0 0 0 0 0 0 0 0 0 0 0 0 0 0 0 0 0 0 0 0 0 0 0 0 0 0 0 0 0 0 0 0 0 0 0 0 0 0 0 0 0 0 0 0 0 0 0 0\nctxt 3231639\nbtime 1767909178\nprocesses 55782\nprocs_running 6\nprocs_blocked 0\nsoftirq 1562060 4 431781 1422 138834 0 0 296 467508 73 522142\n"}
{"timestamp":1767917000,"subsystem":"/proc/meminfo","measurement":"MemTotal:        3707648 kB\nMemFree:          264296 kB\nMemAvailable:    2681044 kB\nBuffers:            1080 kB\nCached:          2398340 kB\nSwapCached:         4760 kB\nActive:           850544 kB\nInactive:        1834552 kB\nActive(anon):       5384 kB\nInactive(anon):   299956 kB\nActive(file):     845160 kB\nInactive(file):  1534596 kB\nUnevictable:       12472 kB\nMlocked:           12472 kB\nSwapTotal:       3706876 kB\nSwapFree:        3691344 kB\nDirty:               776 kB\nWriteback:             0 kB\nAnonPages:        289992 kB\nMapped:           168200 kB\nShmem:              9000 kB\nKReclaimable:     329208 kB\nSlab:             487936 kB\nSReclaimable:     329208 kB\nSUnreclaim:       158728 kB\nKernelStack:        4704 kB\nPageTables:        12436 kB\nNFS_Unstable:          0 kB\nBounce:                0 kB\nWritebackTmp:          0 kB\nCommitLimit:     5560700 kB\nCommitted_AS:    3142900 kB\nVmallocTotal:   13743895347199 kB\nVmallocUsed:       25240 kB\nVmallocChunk:          0 kB\nPercpu:             1768 kB\nHardwareCorrupted:     0 kB\nAnonHugePages:     98304 kB\nShmemHugePages:        0 kB\nShmemPmdMapped:        0 kB\nFileHugePages:     47104 kB\nFilePmdMapped:     47104 kB\nCmaTotal:              0 kB\nCmaFree:               0 kB\nHugePages_Total:       0\nHugePages_Free:        0\nHugePages_Rsvd:        0\nHugePages_Surp:        0\nHugepagesize:       2048 kB\nHugetlb:               0 kB\nDirectMap4k:      314280 kB\nDirectMap2M:     3874816 kB\nDirectMap1G:     2097152 kB\n"}
{"timestamp":1767917000,"subsystem":"/proc/net/dev","measurement":"Inter-|   Receive                                                |  Transmit\n face |bytes    packets errs drop fifo frame compressed multicast|bytes    packets errs drop fifo colls carrier compressed\n    lo:    5840      72    0    0    0     0          0         0     5840      72    0    0    0     0       0          0\nenp0s5: 1708104717  112303    0    0    0     0          0         0 11460744   59408    0    0    0     0       0          0\ncni-podman0:  846851   14471    0    0    0     0          0        45 511682075   24640    0    0    0     0       0          0\nveth4e9165f8:  352941    4853    0    0    0     0          0         0 170543409    7946    0    0    0     0       0          0\nveth1dcf7d09:  391556    5454    0    0    0     0          0         0 170707299   10427    0    0    0     0       0          0\nveth57bbf2db:  304990    4165    0    0    0     0          0         0 170442831    6421    0    0    0     0       0          0\n"}
{"timestamp":1767917000,"subsystem":"/proc/diskstats","measurement":"   8       0 sda 110850 270412 7074853 158951 28180 457764 12907566 3068607 0 155713 3227558 0 0 0 0 0 0\n   8       1 sda1 243 199 16227 112 11 0 12 9 0 125 121 0 0 0 0 0 0\n   8       2 sda2 697 4 45255 337 61 5 73276 5510 0 2170 5848 0 0 0 0 0 0\n   8       3 sda3 109680 270209 7003363 158397 28108 457759 12834278 3063087 0 155125 3221485 0 0 0 0 0 0\n 252       0 dm-0 378843 0 6976409 428340 481335 0 12475373 372195666 0 145634 372624006 0 0 0 0 0 0\n 252       1 dm-1 367 0 14218 211 1446 0 358905 28824 0 8741 29035 0 0 0 0 0 0\n"}
{"timestamp":1767917000,"subsystem":"statfs[*]","measurement":"{\"mount_point\":\"/\",\"block_size\":4096,\"blocks_total\":9301568,\"blocks_free\":6078578,\"blocks_available\":6078578}\n{\"mount_point\":\"/var/oled\",\"block_size\":4096,\"blocks_total\":2618880,\"blocks_free\":2534072,\"blocks_available\":2534072}\n{\"mount_point\":\"/boot\",\"block_size\":4096,\"blocks_total\":259584,\"blocks_free\":160217,\"blocks_available\":160217}\n{\"mount_point\":\"/boot/efi\",\"block_size\":2048,\"blocks_total\":51091,\"blocks_free\":48041,\"blocks_available\":48041}\n"}
{"timestamp":1767917005,"subsystem":"/proc/stat","measurement":"cpu  42898 527 10692 1495380 13679 0 89 370 0 0\ncpu0 18460 181 5168 750861 6825 0 55 211 0 0\ncpu1 24438 346 5524 744518 6853 0 33 158 0 0\nintr 2243068 23 9 0 0 2631 0 0 0 1 0 0 0 15 0 0 0 0 0 0 22 0 0 0 0 0 0 0 0 0 0 0 0 0 0 0 0 0 0 0 0 0 0 0 0 0 0 0 0 0 0 0 0 63918 67270 0 0 64698 57904 0 0 0 0 0 0 0 0 0 0 0 0 0 0 0 0 0 0 0 0 0 0 0 0 0 0 0 0 0 0 0 0 0 0 0 0 0 0 0 0 0 0 0 0 0 0 0 0 0 0 0 0 0 0 0 0 0 0 0 0 0 0 0 0 0 0 0 0 0 0 0 0 0 0 0 0 0 0 0 0 0 0 0 0 0 0 0 0 0 0 0 0 0 0 0 0 0 0 0 0 0 0 0 0 0 0 0 0 0 0 0 0 0 0 0 0 0 0 0 0 0 0 0 0 0 0 0 0 0 0 0 0 0 0 0 0 0 0 0 0 0 0 0 0 0 0 0 0 0 0 0 0 0 0 0 0 0 0 0 0 0 0 0 0 0 0 0 0 0 0 0 0 0 0 0 0 0 0 0 0 0 0 0 0 0 0 0 0 0 0 0 0 0 0 0 0 0 0 0 0 0 0 0 0 0 0 0 0 0 0 0 0 0 0 0 0 0 0 0 0 0 0 0 0 0 0 0 0 0 0 0 0 0 0 0 0 0 0 0 0 0 0 0 0 0 0 0 0 0 0 0 0 0 0 0 0 0 0 0 0 0 0 0 0 0 0 0 0 0 0 0 0 0 0 0 0 0 0 0 0 0 0 0 0 0 0 0 0 0 0 0 0 0 0 0 0 0 0 0 0 0 0 0 0 0 0 0 0 0 0 0 0 0 0 0 0 0 0 0 0 0 0 0 0 0 0 0 0 0 0 0 0 0 0 0 0 0 0 0 0 0 0 0 0 0 0 0 0 0 0 0 0 0 0 0 0 0 0 0 0 0 0 0 0 0 0 0 0 0 0 0 0 0 0 0 0 0 0 0 0 0 0\nctxt 3234514\nbtime 1767909178\nprocesses 55789\nprocs_running 5\nprocs_blocked 0\nsoftirq 1563558 4 432137 1423 138874 0 0 296 467709 73 523042\n"}
{"timestamp":1767917005,"subsystem":"/proc/meminfo","measurement":"MemTotal:        3707648 kB\nMemFree:          260516 kB\nMemAvailable:    2677984 kB\nBuffers:            1080 kB\nCached:          2399044 kB\nSwapCached:         4760 kB\nActive:           850544 kB\nInactive:        1838600 kB\nActive(anon):       5384 kB\nInactive(anon):   303300 kB\nActive(file):     845160 kB\nInactive(file):  1535300 kB\nUnevictable:       12472 kB\nMlocked:           12472 kB\nSwapTotal:       3706876 kB\nSwapFree:        3691344 kB\nDirty:                80 kB\nWriteback:             0 kB\nAnonPages:        293504 kB\nMapped:           168200 kB\nShmem:              9000 kB\nKReclaimable:     329224 kB\nSlab:             487944 kB\nSReclaimable:     329224 kB\nSUnreclaim:       158720 kB\nKernelStack:        4704 kB\nPageTables:        12444 kB\nNFS_Unstable:          0 kB\nBounce:                0 kB\nWritebackTmp:          0 kB\nCommitLimit:     5560700 kB\nCommitted_AS:    3148260 kB\nVmallocTotal:   13743895347199 kB\nVmallocUsed:       25224 kB\nVmallocChunk:          0 kB\nPercpu:             1768 kB\nHardwareCorrupted:     0 kB\nAnonHugePages:    104448 kB\nShmemHugePages:        0 kB\nShmemPmdMapped:        0 kB\nFileHugePages:     47104 kB\nFilePmdMapped:     47104 kB\nCmaTotal:              0 kB\nCmaFree:               0 kB\nHugePages_Total:       0\nHugePages_Free:        0\nHugePages_Rsvd:        0\nHugePages_Surp:        0\nHugepagesize:       2048 kB\nHugetlb:               0 kB\nDirectMap4k:      314280 kB\nDirectMap2M:     3874816 kB\nDirectMap1G:     2097152 kB\n"}
{"timestamp":1767917005,"subsystem":"/proc/net/dev","measurement":"Inter-|   Receive                                                |  Transmit\n face |bytes    packets errs drop fifo frame compressed multicast|bytes    packets errs drop fifo colls carrier compressed\n    lo:    5840      72    0    0    0     0          0         0     5840      72    0    0    0     0       0          0\nenp0s5: 1708107295  112322    0    0    0     0          0         0 11465583   59429    0    0    0     0       0          0\ncni-podman0:  846851   14471    0    0    0     0          0        45 511682075   24640    0    0    0     0       0          0\nveth4e9165f8:  352941    4853    0    0    0     0          0         0 170543409    7946    0    0    0     0       0          0\nveth1dcf7d09:  391556    5454    0    0    0     0          0         0 170707299   10427    0    0    0     0       0          0\nveth57bbf2db:  304990    4165    0    0    0     0          0         0 170442831    6421    0    0    0     0       0          0\n"}
{"timestamp":1767917005,"subsystem":"/proc/diskstats","measurement":"   8       0 sda 110850 270412 7074853 158951 28183 457764 12910478 3068615 0 155719 3227567 0 0 0 0 0 0\n   8       1 sda1 243 199 16227 112 11 0 12 9 0 125 121 0 0 0 0 0 0\n   8       2 sda2 697 4 45255 337 61 5 73276 5510 0 2170 5848 0 0 0 0 0 0\n   8       3 sda3 109680 270209 7003363 158397 28111 457759 12837190 3063096 0 155131 3221494 0 0 0 0 0 0\n 252       0 dm-0 378843 0 6976409 428340 481335 0 12475373 372195666 0 145634 372624006 0 0 0 0 0 0\n 252       1 dm-1 367 0 14218 211 1448 0 361817 28830 0 8747 29041 0 0 0 0 0 0\n"}
{"timestamp":1767917005,"subsystem":"statfs[*]","measurement":"{\"mount_point\":\"/\",\"block_size\":4096,\"blocks_total\":9301568,\"blocks_free\":6078578,\"blocks_available\":6078578}\n{\"mount_point\":\"/var/oled\",\"block_size\":4096,\"blocks_total\":2618880,\"blocks_free\":2534072,\"blocks_available\":2534072}\n{\"mount_point\":\"/boot\",\"block_size\":4096,\"blocks_total\":259584,\"blocks_free\":160217,\"blocks_available\":160217}\n{\"mount_point\":\"/boot/efi\",\"block_size\":2048,\"blocks_total\":51091,\"blocks_free\":48041,\"blocks_available\":48041}\n"}
{"timestamp":1767917010,"subsystem":"/proc/stat","measurement":"cpu  43895 527 10695 1495380 13679 0 89 370 0 0\ncpu0 18959 181 5168 750861 6825 0 55 211 0 0\ncpu1 24936 346 5526 744519 6853 0 33 158 0 0\nintr 2253535 23 9 0 0 2631 0 0 0 1 0 0 0 15 0 0 0 0 0 0 22 0 0 0 0 0 0 0 0 0 0 0 0 0 0 0 0 0 0 0 0 0 0 0 0 0 0 0 0 0 0 0 0 63919 67270 0 0 64705 57912 0 0 0 0 0 0 0 0 0 0 0 0 0 0 0 0 0 0 0 0 0 0 0 0 0 0 0 0 0 0 0 0 0 0 0 0 0 0 0 0 0 0 0 0 0 0 0 0 0 0 0 0 0 0 0 0 0 0 0 0 0 0 0 0 0 0 0 0 0 0 0 0 0 0 0 0 0 0 0 0 0 0 0 0 0 0 0 0 0 0 0 0 0 0 0 0 0 0 0 0 0 0 0 0 0 0 0 0 0 0 0 0 0 0 0 0 0 0 0 0 0 0 0 0 0 0 0 0 0 0 0 0 0 0 0 0 0 0 0 0 0 0 0 0 0 0 0 0 0 0 0 0 0 0 0 0 0 0 0 0 0 0 0 0 0 0 0 0 0 0 0 0 0 0 0 0 0 0 0 0 0 0 0 0 0 0 0 0 0 0 0 0 0 0 0 0 0 0 0 0 0 0 0 0 0 0 0 0 0 0 0 0 0 0 0 0 0 0 0 0 0 0 0 0 0 0 0 0 0 0 0 0 0 0 0 0 0 0 0 0 0 0 0 0 0 0 0 0 0 0 0 0 0 0 0 0 0 0 0 0 0 0 0 0 0 0 0 0 0 0 0 0 0 0 0 0 0 0 0 0 0 0 0 0 0 0 0 0 0 0 0 0 0 0 0 0 0 0 0 0 0 0 0 0 0 0 0 0 0 0 0 0 0 0 0 0 0 0 0 0 0 0 0 0 0 0 0 0 0 0 0 0 0 0 0 0 0 0 0 0 0 0 0 0 0 0 0 0 0 0 0 0 0 0 0 0 0 0 0 0 0 0 0 0 0 0 0 0 0 0 0 0 0 0 0 0 0 0 0 0 0 0\nctxt 3237016\nbtime 1767909178\nprocesses 55795\nprocs_running 5\nprocs_blocked 0\nsoftirq 1564239 4 432446 1424 138889 0 0 296 467903 73 523204\n"}
{"timestamp":1767917010,"subsystem":"/proc/meminfo","measurement":"MemTotal:        3707648 kB\nMemFree:          260516 kB\nMemAvailable:    2677980 kB\nBuffers:            1080 kB\nCached:          2399048 kB\nSwapCached:         4760 kB\nActive:           850544 kB\nInactive:        1838620 kB\nActive(anon):       5384 kB\nInactive(anon):   303316 kB\nActive(file):     845160 kB\nInactive(file):  1535304 kB\nUnevictable:       12472 kB\nMlocked:           12472 kB\nSwapTotal:       3706876 kB\nSwapFree:        3691344 kB\nDirty:                28 kB\nWriteback:             0 kB\nAnonPages:        293340 kB\nMapped:           168200 kB\nShmem:              9000 kB\nKReclaimable:     329216 kB\nSlab:             487936 kB\nSReclaimable:     329216 kB\nSUnreclaim:       158720 kB\nKernelStack:        4704 kB\nPageTables:        12444 kB\nNFS_Unstable:          0 kB\nBounce:                0 kB\nWritebackTmp:          0 kB\nCommitLimit:     5560700 kB\nCommitted_AS:    3148260 kB\nVmallocTotal:   13743895347199 kB\nVmallocUsed:       25240 kB\nVmallocChunk:          0 kB\nPercpu:             1768 kB\nHardwareCorrupted:     0 kB\nAnonHugePages:    102400 kB\nShmemHugePages:        0 kB\nShmemPmdMapped:        0 kB\nFileHugePages:     47104 kB\nFilePmdMapped:     47104 kB\nCmaTotal:              0 kB\nCmaFree:               0 kB\nHugePages_Total:       0\nHugePages_Free:        0\nHugePages_Rsvd:        0\nHugePages_Surp:        0\nHugepagesize:       2048 kB\nHugetlb:               0 kB\nDirectMap4k:      314280 kB\nDirectMap2M:     3874816 kB\nDirectMap1G:     2097152 kB\n"}
{"timestamp":1767917010,"subsystem":"/proc/net/dev","measurement":"Inter-|   Receive                                                |  Transmit\n face |bytes    packets errs drop fifo frame compressed multicast|bytes    packets errs drop fifo colls carrier compressed\n    lo:    5840      72    0    0    0     0          0         0     5840      72    0    0    0     0       0          0\nenp0s5: 1708108084  112329    0    0    0     0          0         0 11466266   59437    0    0    0     0       0          0\ncni-podman0:  846851   14471    0    0    0     0          0        45 511682075   24640    0    0    0     0       0          0\nveth4e9165f8:  352941    4853    0    0    0     0          0         0 170543409    7946    0    0    0     0       0          0\nveth1dcf7d09:  391556    5454    0    0    0     0          0         0 170707299   10427    0    0    0     0       0          0\nveth57bbf2db:  304990    4165    0    0    0     0          0         0 170442831    6421    0    0    0     0       0          0\n"}
{"timestamp":1767917010,"subsystem":"/proc/diskstats","measurement":"   8       0 sda 110850 270412 7074853 158951 28188 457766 12910542 3068619 0 155720 3227571 0 0 0 0 0 0\n   8       1 sda1 243 199 16227 112 11 0 12 9 0 125 121 0 0 0 0 0 0\n   8       2 sda2 697 4 45255 337 61 5 73276 5510 0 2170 5848 0 0 0 0 0 0\n   8       3 sda3 109680 270209 7003363 158397 28116 457761 12837254 3063099 0 155132 3221497 0 0 0 0 0 0\n 252       0 dm-0 378843 0 6976409 428340 481342 0 12475437 372195666 0 145635 372624006 0 0 0 0 0 0\n 252       1 dm-1 367 0 14218 211 1448 0 361817 28830 0 8747 29041 0 0 0 0 0 0\n"}
{"timestamp":1767917010,"subsystem":"statfs[*]","measurement":"{\"mount_point\":\"/\",\"block_size\":4096,\"blocks_total\":9301568,\"blocks_free\":6078578,\"blocks_available\":6078578}\n{\"mount_point\":\"/var/oled\",\"block_size\":4096,\"blocks_total\":2618880,\"blocks_free\":2534072,\"blocks_available\":2534072}\n{\"mount_point\":\"/boot\",\"block_size\":4096,\"blocks_total\":259584,\"blocks_free\":160217,\"blocks_available\":160217}\n{\"mount_point\":\"/boot/efi\",\"block_size\":2048,\"blocks_total\":51091,\"blocks_free\":48041,\"blocks_available\":48041}\n"}
{"timestamp":1767917015,"subsystem":"/proc/stat","measurement":"cpu  44891 527 10699 1495380 13679 0 89 370 0 0\ncpu0 19458 181 5168 750861 6825 0 55 212 0 0\ncpu1 25432 346 5530 744519 6853 0 33 158 0 0\nintr 2263896 23 9 0 0 2631 0 0 0 1 0 0 0 15 0 0 0 0 0 0 22 0 0 0 0 0 0 0 0 0 0 0 0 0 0 0 0 0 0 0 0 0 0 0 0 0 0 0 0 0 0 0 0 63921 67270 0 0 64712 57916 0 0 0 0 0 0 0 0 0 0 0 0 0 0 0 0 0 0 0 0 0 0 0 0 0 0 0 0 0 0 0 0 0 0 0 0 0 0 0 0 0 0 0 0 0 0 0 0 0 0 0 0 0 0 0 0 0 0 0 0 0 0 0 0 0 0 0 0 0 0 0 0 0 0 0 0 0 0 0 0 0 0 0 0 0 0 0 0 0 0 0 0 0 0 0 0 0 0 0 0 0 0 0 0 0 0 0 0 0 0 0 0 0 0 0 0 0 0 0 0 0 0 0 0 0 0 0 0 0 0 0 0 0 0 0 0 0 0 0 0 0 0 0 0 0 0 0 0 0 0 0 0 0 0 0 0 0 0 0 0 0 0 0 0 0 0 0 0 0 0 0 0 0 0 0 0 0 0 0 0 0 0 0 0 0 0 0 0 0 0 0 0 0 0 0 0 0 0 0 0 0 0 0 0 0 0 0 0 0 0 0 0 0 0 0 0 0 0 0 0 0 0 0 0 0 0 0 0 0 0 0 0 0 0 0 0 0 0 0 0 0 0 0 0 0 0 0 0 0 0 0 0 0 0 0 0 0 0 0 0 0 0 0 0 0 0 0 0 0 0 0 0 0 0 0 0 0 0 0 0 0 0 0 0 0 0 0 0 0 0 0 0 0 0 0 0 0 0 0 0 0 0 0 0 0 0 0 0 0 0 0 0 0 0 0 0 0 0 0 0 0 0 0 0 0 0 0 0 0 0 0 0 0 0 0 0 0 0 0 0 0 0 0 0 0 0 0 0 0 0 0 0 0 0 0 0 0 0 0 0 0 0 0 0 0 0 0 0 0 0 0 0 0 0 0 0 0 0 0 0 0 0\nctxt 3239293\nbtime 1767909178\nprocesses 55800\nprocs_running 6\nprocs_blocked 0\nsoftirq 1564923 4 432753 1424 138900 0 0 296 468104 73 523369\n"}
{"timestamp":1767917015,"subsystem":"/proc/meminfo","measurement":"MemTotal:        3707648 kB\nMemFree:          260516 kB\nMemAvailable:    2678032 kB\nBuffers:            1080 kB\nCached:          2399104 kB\nSwapCached:         4760 kB\nActive:           850548 kB\nInactive:        1839212 kB\nActive(anon):       5384 kB\nInactive(anon):   303856 kB\nActive(file):     845164 kB\nInactive(file):  1535356 kB\nUnevictable:       12472 kB\nMlocked:           12472 kB\nSwapTotal:       3706876 kB\nSwapFree:        3691344 kB\nDirty:                76 kB\nWriteback:             0 kB\nAnonPages:        293856 kB\nMapped:           168264 kB\nShmem:              9000 kB\nKReclaimable:     329212 kB\nSlab:             487936 kB\nSReclaimable:     329212 kB\nSUnreclaim:       158724 kB\nKernelStack:        4704 kB\nPageTables:        12448 kB\nNFS_Unstable:          0 kB\nBounce:                0 kB\nWritebackTmp:          0 kB\nCommitLimit:     5560700 kB\nCommitted_AS:    3148836 kB\nVmallocTotal:   13743895347199 kB\nVmallocUsed:       25240 kB\nVmallocChunk:          0 kB\nPercpu:             1768 kB\nHardwareCorrupted:     0 kB\nAnonHugePages:    102400 kB\nShmemHugePages:        0 kB\nShmemPmdMapped:        0 kB\nFileHugePages:     47104 kB\nFilePmdMapped:     47104 kB\nCmaTotal:              0 kB\nCmaFree:               0 kB\nHugePages_Total:       0\nHugePages_Free:        0\nHugePages_Rsvd:        0\nHugePages_Surp:        0\nHugepagesize:       2048 kB\nHugetlb:               0 kB\nDirectMap4k:      314280 kB\nDirectMap2M:     3874816 kB\nDirectMap1G:     2097152 kB\n"}
{"timestamp":1767917015,"subsystem":"/proc/net/dev","measurement":"Inter-|   Receive                                                |  Transmit\n face |bytes    packets errs drop fifo frame compressed multicast|bytes    packets errs drop fifo colls carrier compressed\n    lo:    5840      72    0    0    0     0          0         0     5840      72    0    0    0     0       0          0\nenp0s5: 1708108516  112336    0    0    0     0          0         0 11466522   59441    0    0    0     0       0          0\ncni-podman0:  846851   14471    0    0    0     0          0        45 511682075   24640    0    0    0     0       0          0\nveth4e9165f8:  352941    4853    0    0    0     0          0         0 170543409    7946    0    0    0     0       0          0\nveth1dcf7d09:  391556    5454    0    0    0     0          0         0 170707299   10427    0    0    0     0       0          0\nveth57bbf2db:  304990    4165    0    0    0     0          0         0 170442831    6421    0    0    0     0       0          0\n"}
{"timestamp":1767917015,"subsystem":"/proc/diskstats","measurement":"   8       0 sda 110850 270412 7074853 158951 28190 457767 12910574 3068620 0 155721 3227572 0 0 0 0 0 0\n   8       1 sda1 243 199 16227 112 11 0 12 9 0 125 121 0 0 0 0 0 0\n   8       2 sda2 697 4 45255 337 61 5 73276 5510 0 2170 5848 0 0 0 0 0 0\n   8       3 sda3 109680 270209 7003363 158397 28118 457762 12837286 3063101 0 155133 3221499 0 0 0 0 0 0\n 252       0 dm-0 378843 0 6976409 428340 481345 0 12475469 372195666 0 145636 372624006 0 0 0 0 0 0\n 252       1 dm-1 367 0 14218 211 1448 0 361817 28830 0 8747 29041 0 0 0 0 0 0\n"}
{"timestamp":1767917015,"subsystem":"statfs[*]","measurement":"{\"mount_point\":\"/\",\"block_size\":4096,\"blocks_total\":9301568,\"blocks_free\":6078578,\"blocks_available\":6078578}\n{\"mount_point\":\"/var/oled\",\"block_size\":4096,\"blocks_total\":2618880,\"blocks_free\":2534072,\"blocks_available\":2534072}\n{\"mount_point\":\"/boot\",\"block_size\":4096,\"blocks_total\":259584,\"blocks_free\":160217,\"blocks_available\":160217}\n{\"mount_point\":\"/boot/efi\",\"block_size\":2048,\"blocks_total\":51091,\"blocks_free\":48041,\"blocks_available\":48041}\n"}
{"timestamp":1767917020,"subsystem":"/proc/stat","measurement":"cpu  45889 527 10701 1495380 13679 0 89 370 0 0\ncpu0 19958 181 5168 750861 6825 0 55 212 0 0\ncpu1 25930 346 5532 744519 6853 0 33 158 0 0\nintr 2274403 23 9 0 0 2631 0 0 0 1 0 0 0 15 0 0 0 0 0 0 22 0 0 0 0 0 0 0 0 0 0 0 0 0 0 0 0 0 0 0 0 0 0 0 0 0 0 0 0 0 0 0 0 63925 67271 0 0 64717 57922 0 0 0 0 0 0 0 0 0 0 0 0 0 0 0 0 0 0 0 0 0 0 0 0 0 0 0 0 0 0 0 0 0 0 0 0 0 0 0 0 0 0 0 0 0 0 0 0 0 0 0 0 0 0 0 0 0 0 0 0 0 0 0 0 0 0 0 0 0 0 0 0 0 0 0 0 0 0 0 0 0 0 0 0 0 0 0 0 0 0 0 0 0 0 0 0 0 0 0 0 0 0 0 0 0 0 0 0 0 0 0 0 0 0 0 0 0 0 0 0 0 0 0 0 0 0 0 0 0 0 0 0 0 0 0 0 0 0 0 0 0 0 0 0 0 0 0 0 0 0 0 0 0 0 0 0 0 0 0 0 0 0 0 0 0 0 0 0 0 0 0 0 0 0 0 0 0 0 0 0 0 0 0 0 0 0 0 0 0 0 0 0 0 0 0 0 0 0 0 0 0 0 0 0 0 0 0 0 0 0 0 0 0 0 0 0 0 0 0 0 0 0 0 0 0 0 0 0 0 0 0 0 0 0 0 0 0 0 0 0 0 0 0 0 0 0 0 0 0 0 0 0 0 0 0 0 0 0 0 0 0 0 0 0 0 0 0 0 0 0 0 0 0 0 0 0 0 0 0 0 0 0 0 0 0 0 0 0 0 0 0 0 0 0 0 0 0 0 0 0 0 0 0 0 0 0 0 0 0 0 0 0 0 0 0 0 0 0 0 0 0 0 0 0 0 0 0 0 0 0 0 0 0 0 0 0 0 0 0 0 0 0 0 0 0 0 0 0 0 0 0 0 0 0 0 0 0 0 0 0 0 0 0 0 0 0 0 0 0 0 0 0 0 0 0 0 0 0 0 0 0 0\nctxt 3241780\nbtime 1767909178\nprocesses 55805\nprocs_running 5\nprocs_blocked 0\nsoftirq 1565562 4 433048 1425 138911 0 0 296 468301 73 523504\n"}
{"timestamp":1767917020,"subsystem":"/proc/meminfo","measurement":"MemTotal:        3707648 kB\nMemFree:          260516 kB\nMemAvailable:    2678032 kB\nBuffers:            1080 kB\nCached:          2399108 kB\nSwapCached:         4760 kB\nActive:           850548 kB\nInactive:        1839224 kB\nActive(anon):       5384 kB\nInactive(anon):   303868 kB\nActive(file):     845164 kB\nInactive(file):  1535356 kB\nUnevictable:       12472 kB\nMlocked:           12472 kB\nSwapTotal:       3706876 kB\nSwapFree:        3691344 kB\nDirty:                84 kB\nWriteback:             0 kB\nAnonPages:        293896 kB\nMapped:           168328 kB\nShmem:              9000 kB\nKReclaimable:     329212 kB\nSlab:             487932 kB\nSReclaimable:     329212 kB\nSUnreclaim:       158720 kB\nKernelStack:        4704 kB\nPageTables:        12448 kB\nNFS_Unstable:          0 kB\nBounce:                0 kB\nWritebackTmp:          0 kB\nCommitLimit:     5560700 kB\nCommitted_AS:    3148836 kB\nVmallocTotal:   13743895347199 kB\nVmallocUsed:       25240 kB\nVmallocChunk:          0 kB\nPercpu:             1768 kB\nHardwareCorrupted:     0 kB\nAnonHugePages:    102400 kB\nShmemHugePages:        0 kB\nShmemPmdMapped:        0 kB\nFileHugePages:     47104 kB\nFilePmdMapped:     47104 kB\nCmaTotal:              0 kB\nCmaFree:               0 kB\nHugePages_Total:       0\nHugePages_Free:        0\nHugePages_Rsvd:        0\nHugePages_Surp:        0\nHugepagesize:       2048 kB\nHugetlb:               0 kB\nDirectMap4k:      314280 kB\nDirectMap2M:     3874816 kB\nDirectMap1G:     2097152 kB\n"}
{"timestamp":1767917020,"subsystem":"/proc/net/dev","measurement":"Inter-|   Receive                                                |  Transmit\n face |bytes    packets errs drop fifo frame compressed multicast|bytes    packets errs drop fifo colls carrier compressed\n    lo:    5840      72    0    0    0     0          0         0     5840      72    0    0    0     0       0          0\nenp0s5: 1708109183  112341    0    0    0     0          0         0 11467097   59447    0    0    0     0       0          0\ncni-podman0:  846851   14471    0    0    0     0          0        45 511682075   24640    0    0    0     0       0          0\nveth4e9165f8:  352941    4853    0    0    0     0          0         0 170543409    7946    0    0    0     0       0          0\nveth1dcf7d09:  391556    5454    0    0    0     0          0         0 170707299   10427    0    0    0     0       0          0\nveth57bbf2db:  304990    4165    0    0    0     0          0         0 170442831    6421    0    0    0     0       0          0\n"}
{"timestamp":1767917020,"subsystem":"/proc/diskstats","measurement":"   8       0 sda 110850 270412 7074853 158951 28197 457768 12910699 3068627 0 155724 3227579 0 0 0 0 0 0\n   8       1 sda1 243 199 16227 112 11 0 12 9 0 125 121 0 0 0 0 0 0\n   8       2 sda2 697 4 45255 337 61 5 73276 5510 0 2170 5848 0 0 0 0 0 0\n   8       3 sda3 109680 270209 7003363 158397 28125 457763 12837411 3063107 0 155136 3221505 0 0 0 0 0 0\n 252       0 dm-0 378843 0 6976409 428340 481352 0 12475591 372195672 0 145638 372624012 0 0 0 0 0 0\n 252       1 dm-1 367 0 14218 211 1449 0 361820 28830 0 8748 29041 0 0 0 0 0 0\n"}
{"timestamp":1767917020,"subsystem":"statfs[*]","measurement":"{\"mount_point\":\"/\",\"block_size\":4096,\"blocks_total\":9301568,\"blocks_free\":6078584,\"blocks_available\":6078584}\n{\"mount_point\":\"/var/oled\",\"block_size\":4096,\"blocks_total\":2618880,\"blocks_free\":2534072,\"blocks_available\":2534072}\n{\"mount_point\":\"/boot\",\"block_size\":4096,\"blocks_total\":259584,\"blocks_free\":160217,\"blocks_available\":160217}\n{\"mount_point\":\"/boot/efi\",\"block_size\":2048,\"blocks_total\":51091,\"blocks_free\":48041,\"blocks_available\":48041}\n"}
{"timestamp":1767917025,"subsystem":"/proc/stat","measurement":"cpu  46885 527 10705 1495380 13679 0 89 371 0 0\ncpu0 20457 181 5169 750861 6825 0 55 212 0 0\ncpu1 26427 346 5535 744519 6853 0 33 158 0 0\nintr 2284914 23 9 0 0 2631 0 0 0 1 0 0 0 15 0 0 0 0 0 0 22 0 0 0 0 0 0 0 0 0 0 0 0 0 0 0 0 0 0 0 0 0 0 0 0 0 0 0 0 0 0 0 0 63926 67271 0 0 64734 57944 0 0 0 0 0 0 0 0 0 0 0 0 0 0 0 0 0 0 0 0 0 0 0 0 0 0 0 0 0 0 0 0 0 0 0 0 0 0 0 0 0 0 0 0 0 0 0 0 0 0 0 0 0 0 0 0 0 0 0 0 0 0 0 0 0 0 0 0 0 0 0 0 0 0 0 0 0 0 0 0 0 0 0 0 0 0 0 0 0 0 0 0 0 0 0 0 0 0 0 0 0 0 0 0 0 0 0 0 0 0 0 0 0 0 0 0 0 0 0 0 0 0 0 0 0 0 0 0 0 0 0 0 0 0 0 0 0 0 0 0 0 0 0 0 0 0 0 0 0 0 0 0 0 0 0 0 0 0 0 0 0 0 0 0 0 0 0 0 0 0 0 0 0 0 0 0 0 0 0 0 0 0 0 0 0 0 0 0 0 0 0 0 0 0 0 0 0 0 0 0 0 0 0 0 0 0 0 0 0 0 0 0 0 0 0 0 0 0 0 0 0 0 0 0 0 0 0 0 0 0 0 0 0 0 0 0 0 0 0 0 0 0 0 0 0 0 0 0 0 0 0 0 0 0 0 0 0 0 0 0 0 0 0 0 0 0 0 0 0 0 0 0 0 0 0 0 0 0 0 0 0 0 0 0 0 0 0 0 0 0 0 0 0 0 0 0 0 0 0 0 0 0 0 0 0 0 0 0 0 0 0 0 0 0 0 0 0 0 0 0 0 0 0 0 0 0 0 0 0 0 0 0 0 0 0 0 0 0 0 0 0 0 0 0 0 0 0 0 0 0 0 0 0 0 0 0 0 0 0 0 0 0 0 0 0 0 0 0 0 0 0 0 0 0 0 0 0 0 0 0 0 0\nctxt 3244290\nbtime 1767909178\nprocesses 55810\nprocs_running 5\nprocs_blocked 0\nsoftirq 1566286 4 433359 1426 138950 0 0 296 468495 73 523683\n"}
{"timestamp":1767917025,"subsystem":"/proc/meminfo","measurement":"MemTotal:        3707648 kB\nMemFree:          260516 kB\nMemAvailable:    2678092 kB\nBuffers:            1080 kB\nCached:          2399164 kB\nSwapCached:         4760 kB\nActive:           850548 kB\nInactive:        1839316 kB\nActive(anon):       5384 kB\nInactive(anon):   303900 kB\nActive(file):     845164 kB\nInactive(file):  1535416 kB\nUnevictable:       12472 kB\nMlocked:           12472 kB\nSwapTotal:       3706876 kB\nSwapFree:        3691344 kB\nDirty:               132 kB\nWriteback:             0 kB\nAnonPages:        293900 kB\nMapped:           168328 kB\nShmem:              9000 kB\nKReclaimable:     329212 kB\nSlab:             487928 kB\nSReclaimable:     329212 kB\nSUnreclaim:       158716 kB\nKernelStack:        4704 kB\nPageTables:        12448 kB\nNFS_Unstable:          0 kB\nBounce:                0 kB\nWritebackTmp:          0 kB\nCommitLimit:     5560700 kB\nCommitted_AS:    3148836 kB\nVmallocTotal:   13743895347199 kB\nVmallocUsed:       25240 kB\nVmallocChunk:          0 kB\nPercpu:             1768 kB\nHardwareCorrupted:     0 kB\nAnonHugePages:    102400 kB\nShmemHugePages:        0 kB\nShmemPmdMapped:        0 kB\nFileHugePages:     47104 kB\nFilePmdMapped:     47104 kB\nCmaTotal:              0 kB\nCmaFree:               0 kB\nHugePages_Total:       0\nHugePages_Free:        0\nHugePages_Rsvd:        0\nHugePages_Surp:        0\nHugepagesize:       2048 kB\nHugetlb:               0 kB\nDirectMap4k:      314280 kB\nDirectMap2M:     3874816 kB\nDirectMap1G:     2097152 kB\n"}
