{"timestamp":1767898038,"subsystem":"/proc/stat","measurement":"cpu  195156 0 14095 5734441 16795 0 174 0 0 0\ncpu0 47916 0 2912 1434479 4815 0 38 0 0 0\ncpu1 49755 0 3143 1433484 3706 0 79 0 0 0\ncpu2 48458 0 4055 1433381 4223 0 33 0 0 0\ncpu3 49027 0 3983 1433095 4051 0 24 0 0 0\nintr 4996491 0 0 0 0 2339 0 0 0 0 0 0 0 0 0 0 0 0 0 0 0 0 0 0 0 0 0 0 0 0 0 0 0 0 0 0 0 0 0 0 0 0 0 0 0 0 0 0 0 0 0 0 0 0 0 0 0 0 0 0 0 0 0 0 0 0 0 0 0 0 0 0 0 0 0 0 0 0 0 0 0 0 0 0 0 0 0 0 0 0 0 0 0 0 0 0 0 0 0 0 0 0 0 0 0 0 0 0 0 0 0 0 0 0 0 0 0 0 0 0 0 0 0 0 0 0 0 0 0 0 0 0 0 0 0 0 0 0 0 0 0 0 0 0 0 0 0 0 0 0 0 0 0 0 0 0 0 0 0 0 0 0 0 0 0 0 0 0 0 0 0 0 0 0 0 0 0 0 0 0 0 0 0 0 0 0 0 0 0 0 0 0 0 0 0 0 0 0 0 0 0 0 0 0 0 0 0 0 0 0 0 0 0 0 0 0 0 0 0 0 0 0 0 0 0 0 0 0 0 0 0 0 0 0 0 0 0 0 0 0 0 0 0 0 0 0 0 0 0 0 0 0 0 0 0 0 0 0 0 0 0 0 0 0 0 0 0 0 0 0 0 0 0 0 0 0 0 0 0 0 0 0 0 0 0 0 0 0 0 0 0 0 0 0 0 0 0 0 0 0 0 0 0 0 0 0 0 0 0 0 0 0 0 0 0 0 0 0 0 0 0 0 0 0 0 0 0 0 0 0 0 0 0 0 0 0 0 0 0 0 0 0 0 0 0 0 0 0 0 0 0 0 0 0 0 0 0 0 0 0 0 0 0 0 0 0 0 0 0 0 0 0 0 0 0 0 0 0 0 0 0 0 0 0 0 0 0 0 0 0 0 0 0 0 0 0 0 0 0 0 0 0 0 0 0 0 0 0 0 0 0 0 0 0 0 0 0 0 0 0 0 0 0 0 0 0 0 0 0 0 0 0 0 0 0 0 0 0 0 0 0 0 0 0 0 0 0 0 0 0 0 0 0 0 0 0 0\nctxt 3063393\nbtime 1767883122\nprocesses 30135\nprocs_running 2\nprocs_blocked 0\nsoftirq 2221748 0 640066 3 128365 11 0 150048 946396 120 356739\n"}
{"timestamp":1767898038,"subsystem":"/proc/meminfo","measurement":"MemTotal:       16327188 kB\nMemFree:        13257300 kB\nMemAvailable:   15479408 kB\nBuffers:           49604 kB\nCached:          2365424 kB\nSwapCached:            0 kB\nActive:           579484 kB\nInactive:        2012796 kB\nActive(anon):     190404 kB\nInactive(anon):        0 kB\nActive(file):     389080 kB\nInactive(file):  2012796 kB\nUnevictable:       30368 kB\nMlocked:           27296 kB\nSwapTotal:             0 kB\nSwapFree:              0 kB\nZswap:                 0 kB\nZswapped:              0 kB\nDirty:             70052 kB\nWriteback:             0 kB\nAnonPages:        207516 kB\nMapped:           188564 kB\nShmem:              4420 kB\nKReclaimable:     163188 kB\nSlab:             252464 kB\nSReclaimable:     163188 kB\nSUnreclaim:        89276 kB\nKernelStack:        4464 kB\nPageTables:         5832 kB\nSecPageTables:         0 kB\nNFS_Unstable:          0 kB\nBounce:                0 kB\nWritebackTmp:          0 kB\nCommitLimit:     8163592 kB\nCommitted_AS:     949468 kB\nVmallocTotal:   34359738367 kB\nVmallocUsed:       31852 kB\nVmallocChunk:          0 kB\nPercpu:             2592 kB\nHardwareCorrupted:     0 kB\nAnonHugePages:     83968 kB\nShmemHugePages:        0 kB\nShmemPmdMapped:        0 kB\nFileHugePages:         0 kB\nFilePmdMapped:         0 kB\nUnaccepted:            0 kB\nHugePages_Total:       0\nHugePages_Free:        0\nHugePages_Rsvd:        0\nHugePages_Surp:        0\nHugepagesize:       2048 kB\nHugetlb:               0 kB\nDirectMap4k:      109736 kB\nDirectMap2M:     2983936 kB\nDirectMap1G:    15728640 kB\n"}
{"timestamp":1767898038,"subsystem":"/proc/net/dev","measurement":"Inter-|   Receive                                                |  Transmit\n face |bytes    packets errs drop fifo frame compressed multicast|bytes    packets errs drop fifo colls carrier compressed\n    lo:    6603      48    0    0    0     0          0         0     6603      48    0    0    0     0       0          0\n  eth0: 237420207  215436    0    0    0     0          0         0 19445371   79352    0    0    0     0       0          0\ndocker0:  946351   14030    0    0    0     0          0         0 195403545   21868    0    2    0     0       0          0\nvethf098dbd:  414550    5178    0    0    0     0          0         0 65181877    7815    0    0    0     0       0          0\nveth5046f66:  363545    4404    0    0    0     0          0         0 65309573    7051    0    0    0     0       0          0\nvethcbb1c2f:  364676    4448    0    0    0     0          0         0 64917877    7085    0    0    0     0       0          0\n"}
{"timestamp":1767898038,"subsystem":"/proc/diskstats","measurement":"   7       0 loop0 11 0 28 0 0 0 0 0 0 0 0 0 0 0 0 0 0\n   7       1 loop1 0 0 0 0 0 0 0 0 0 0 0 0 0 0 0 0 0\n   7       2 loop2 0 0 0 0 0 0 0 0 0 0 0 0 0 0 0 0 0\n   7       3 loop3 0 0 0 0 0 0 0 0 0 0 0 0 0 0 0 0 0\n   7       4 loop4 0 0 0 0 0 0 0 0 0 0 0 0 0 0 0 0 0\n   7       5 loop5 0 0 0 0 0 0 0 0 0 0 0 0 0 0 0 0 0\n   7       6 loop6 0 0 0 0 0 0 0 0 0 0 0 0 0 0 0 0 0\n   7       7 loop7 0 0 0 0 0 0 0 0 0 0 0 0 0 0 0 0 0\n   8      16 sdb 322 0 20650 54 691 1090 1319960 7280 0 1940 7336 17 16 67104776 2 0 0\n   8      17 sdb1 263 0 18202 45 691 1090 1319960 7280 0 1973 7328 17 16 67104776 2 0 0\n   8       0 sda 10201 2962 941027 15557 48691 50642 38041492 3391647 0 141742 3479593 2419 879 76195832 8114 2191 64274\n   8       1 sda1 9643 2262 907495 15424 48518 50622 38041264 3389812 0 154974 3413341 2416 878 76183544 8104 0 0\n   8      14 sda14 127 0 1264 26 0 0 0 0 0 26 26 0 0 0 0 0 0\n   8      15 sda15 205 666 18510 52 2 0 2 0 0 38 53 0 0 0 0 0 0\n 259       0 sda16 178 34 11790 40 171 20 226 1834 0 1857 1884 3 1 12288 9 0 0\n"}
{"timestamp":1767898038,"subsystem":"statfs[*]","measurement":"{\"mount_point\":\"/\",\"block_size\":4096,\"blocks_total\":7344928,\"blocks_free\":6221069,\"blocks_available\":6216973}\n{\"mount_point\":\"/boot\",\"block_size\":4096,\"blocks_total\":225380,\"blocks_free\":209465,\"blocks_available\":193683}\n{\"mount_point\":\"/boot/efi\",\"block_size\":512,\"blocks_total\":213663,\"blocks_free\":201164,\"blocks_available\":201164}\n{\"mount_point\":\"/mnt\",\"block_size\":4096,\"blocks_total\":8211396,\"blocks_free\":8211389,\"blocks_available\":7787889}\n"}
{"timestamp":1767898048,"subsystem":"/proc/stat","measurement":"cpu  195165 0 14188 5738124 17003 0 174 0 0 0\ncpu0 47918 0 2920 1435451 4831 0 38 0 0 0\ncpu1 49757 0 3181 1434350 3798 0 79 0 0 0\ncpu2 48461 0 4097 1434306 4252 0 33 0 0 0\ncpu3 49028 0 3989 1434016 4120 0 24 0 0 0\nintr 5002671 0 0 0 0 2339 0 0 0 0 0 0 0 0 0 0 0 0 0 0 0 0 0 0 0 0 0 0 0 0 0 0 0 0 0 0 0 0 0 0 0 0 0 0 0 0 0 0 0 0 0 0 0 0 0 0 0 0 0 0 0 0 0 0 0 0 0 0 0 0 0 0 0 0 0 0 0 0 0 0 0 0 0 0 0 0 0 0 0 0 0 0 0 0 0 0 0 0 0 0 0 0 0 0 0 0 0 0 0 0 0 0 0 0 0 0 0 0 0 0 0 0 0 0 0 0 0 0 0 0 0 0 0 0 0 0 0 0 0 0 0 0 0 0 0 0 0 0 0 0 0 0 0 0 0 0 0 0 0 0 0 0 0 0 0 0 0 0 0 0 0 0 0 0 0 0 0 0 0 0 0 0 0 0 0 0 0 0 0 0 0 0 0 0 0 0 0 0 0 0 0 0 0 0 0 0 0 0 0 0 0 0 0 0 0 0 0 0 0 0 0 0 0 0 0 0 0 0 0 0 0 0 0 0 0 0 0 0 0 0 0 0 0 0 0 0 0 0 0 0 0 0 0 0 0 0 0 0 0 0 0 0 0 0 0 0 0 0 0 0 0 0 0 0 0 0 0 0 0 0 0 0 0 0 0 0 0 0 0 0 0 0 0 0 0 0 0 0 0 0 0 0 0 0 0 0 0 0 0 0 0 0 0 0 0 0 0 0 0 0 0 0 0 0 0 0 0 0 0 0 0 0 0 0 0 0 0 0 0 0 0 0 0 0 0 0 0 0 0 0 0 0 0 0 0 0 0 0 0 0 0 0 0 0 0 0 0 0 0 0 0 0 0 0 0 0 0 0 0 0 0 0 0 0 0 0 0 0 0 0 0 0 0 0 0 0 0 0 0 0 0 0 0 0 0 0 0 0 0 0 0 0 0 0 0 0 0 0 0 0 0 0 0 0 0 0 0 0 0 0 0 0 0 0 0 0 0 0 0 0 0 0 0 0 0 0 0 0 0 0 0 0 0 0 0 0 0\nctxt 3069752\nbtime 1767883122\nprocesses 30277\nprocs_running 2\nprocs_blocked 0\nsoftirq 2225653 0 640925 3 128585 11 0 150375 947802 120 357832\n"}
{"timestamp":1767898048,"subsystem":"/proc/meminfo","measurement":"MemTotal:       16327188 kB\nMemFree:        13564216 kB\nMemAvailable:   15569408 kB\nBuffers:           49632 kB\nCached:          2151396 kB\nSwapCached:            0 kB\nActive:           580996 kB\nInactive:        1798796 kB\nActive(anon):     191916 kB\nInactive(anon):        0 kB\nActive(file):     389080 kB\nInactive(file):  1798796 kB\nUnevictable:       30368 kB\nMlocked:           27296 kB\nSwapTotal:             0 kB\nSwapFree:              0 kB\nZswap:                 0 kB\nZswapped:              0 kB\nDirty:                 0 kB\nWriteback:            88 kB\nAnonPages:        209148 kB\nMapped:           188952 kB\nShmem:              4420 kB\nKReclaimable:     157360 kB\nSlab:             245916 kB\nSReclaimable:     157360 kB\nSUnreclaim:        88556 kB\nKernelStack:        4480 kB\nPageTables:         5900 kB\nSecPageTables:         0 kB\nNFS_Unstable:          0 kB\nBounce:                0 kB\nWritebackTmp:          0 kB\nCommitLimit:     8163592 kB\nCommitted_AS:     951276 kB\nVmallocTotal:   34359738367 kB\nVmallocUsed:       31804 kB\nVmallocChunk:          0 kB\nPercpu:             2592 kB\nHardwareCorrupted:     0 kB\nAnonHugePages:     83968 kB\nShmemHugePages:        0 kB\nShmemPmdMapped:        0 kB\nFileHugePages:         0 kB\nFilePmdMapped:         0 kB\nUnaccepted:            0 kB\nHugePages_Total:       0\nHugePages_Free:        0\nHugePages_Rsvd:        0\nHugePages_Surp:        0\nHugepagesize:       2048 kB\nHugetlb:               0 kB\nDirectMap4k:      109736 kB\nDirectMap2M:     2983936 kB\nDirectMap1G:    15728640 kB\n"}
{"timestamp":1767898048,"subsystem":"/proc/net/dev","measurement":"Inter-|   Receive                                                |  Transmit\n face |bytes    packets errs drop fifo frame compressed multicast|bytes    packets errs drop fifo colls carrier compressed\n    lo:    6603      48    0    0    0     0          0         0     6603      48    0    0    0     0       0          0\n  eth0: 237560463  215618    0    0    0     0          0         0 19466299   79475    0    0    0     0       0          0\ndocker0:  950390   14097    0    0    0     0          0         0 195526373   21923    0    2    0     0       0          0\nvethf098dbd:  416063    5198    0    0    0     0          0         0 65202942    7831    0    0    0     0       0          0\nveth5046f66:  365496    4431    0    0    0     0          0         0 65390286    7074    0    0    0     0       0          0\nvethcbb1c2f:  366189    4468    0    0    0     0          0         0 64938927    7101    0    0    0     0       0          0\n"}
{"timestamp":1767898048,"subsystem":"/proc/diskstats","measurement":"   7       0 loop0 11 0 28 0 0 0 0 0 0 0 0 0 0 0 0 0 0\n   7       1 loop1 0 0 0 0 0 0 0 0 0 0 0 0 0 0 0 0 0\n   7       2 loop2 0 0 0 0 0 0 0 0 0 0 0 0 0 0 0 0 0\n   7       3 loop3 0 0 0 0 0 0 0 0 0 0 0 0 0 0 0 0 0\n   7       4 loop4 0 0 0 0 0 0 0 0 0 0 0 0 0 0 0 0 0\n   7       5 loop5 0 0 0 0 0 0 0 0 0 0 0 0 0 0 0 0 0\n   7       6 loop6 0 0 0 0 0 0 0 0 0 0 0 0 0 0 0 0 0\n   7       7 loop7 0 0 0 0 0 0 0 0 0 0 0 0 0 0 0 0 0\n   8      16 sdb 322 0 20650 54 691 1090 1319960 7280 0 1940 7336 17 16 67104776 2 0 0\n   8      17 sdb1 263 0 18202 45 691 1090 1319960 7280 0 1973 7328 17 16 67104776 2 0 0\n   8       0 sda 10236 2962 942699 15606 49102 50714 38537724 3409055 0 143394 3498026 2435 891 77959232 8157 2197 65207\n   8       1 sda1 9678 2262 909167 15474 48926 50694 38537496 3407211 0 156707 3430833 2432 890 77946944 8147 0 0\n   8      14 sda14 127 0 1264 26 0 0 0 0 0 26 26 0 0 0 0 0 0\n   8      15 sda15 205 666 18510 52 2 0 2 0 0 38 53 0 0 0 0 0 0\n 259       0 sda16 178 34 11790 40 174 20 226 1842 0 1865 1892 3 1 12288 9 0 0\n"}
{"timestamp":1767898048,"subsystem":"statfs[*]","measurement":"{\"mount_point\":\"/\",\"block_size\":4096,\"blocks_total\":7344928,\"blocks_free\":6274826,\"blocks_available\":6270730}\n{\"mount_point\":\"/boot\",\"block_size\":4096,\"blocks_total\":225380,\"blocks_free\":209465,\"blocks_available\":193683}\n{\"mount_point\":\"/boot/efi\",\"block_size\":512,\"blocks_total\":213663,\"blocks_free\":201164,\"blocks_available\":201164}\n{\"mount_point\":\"/mnt\",\"block_size\":4096,\"blocks_total\":8211396,\"blocks_free\":8211389,\"blocks_available\":7787889}\n"}
{"timestamp":1767898058,"subsystem":"/proc/stat","measurement":"cpu  195170 0 14296 5741930 17078 0 175 0 0 0\ncpu0 47920 0 2921 1436441 4836 0 38 0 0 0\ncpu1 49757 0 3183 1435290 3854 0 79 0 0 0\ncpu2 48462 0 4139 1435262 4252 0 33 0 0 0\ncpu3 49030 0 4051 1434936 4135 0 24 0 0 0\nintr 5007040 0 0 0 0 2339 0 0 0 0 0 0 0 0 0 0 0 0 0 0 0 0 0 0 0 0 0 0 0 0 0 0 0 0 0 0 0 0 0 0 0 0 0 0 0 0 0 0 0 0 0 0 0 0 0 0 0 0 0 0 0 0 0 0 0 0 0 0 0 0 0 0 0 0 0 0 0 0 0 0 0 0 0 0 0 0 0 0 0 0 0 0 0 0 0 0 0 0 0 0 0 0 0 0 0 0 0 0 0 0 0 0 0 0 0 0 0 0 0 0 0 0 0 0 0 0 0 0 0 0 0 0 0 0 0 0 0 0 0 0 0 0 0 0 0 0 0 0 0 0 0 0 0 0 0 0 0 0 0 0 0 0 0 0 0 0 0 0 0 0 0 0 0 0 0 0 0 0 0 0 0 0 0 0 0 0 0 0 0 0 0 0 0 0 0 0 0 0 0 0 0 0 0 0 0 0 0 0 0 0 0 0 0 0 0 0 0 0 0 0 0 0 0 0 0 0 0 0 0 0 0 0 0 0 0 0 0 0 0 0 0 0 0 0 0 0 0 0 0 0 0 0 0 0 0 0 0 0 0 0 0 0 0 0 0 0 0 0 0 0 0 0 0 0 0 0 0 0 0 0 0 0 0 0 0 0 0 0 0 0 0 0 0 0 0 0 0 0 0 0 0 0 0 0 0 0 0 0 0 0 0 0 0 0 0 0 0 0 0 0 0 0 0 0 0 0 0 0 0 0 0 0 0 0 0 0 0 0 0 0 0 0 0 0 0 0 0 0 0 0 0 0 0 0 0 0 0 0 0 0 0 0 0 0 0 0 0 0 0 0 0 0 0 0 0 0 0 0 0 0 0 0 0 0 0 0 0 0 0 0 0 0 0 0 0 0 0 0 0 0 0 0 0 0 0 0 0 0 0 0 0 0 0 0 0 0 0 0 0 0 0 0 0 0 0 0 0 0 0 0 0 0 0 0 0 0 0 0 0 0 0 0 0 0 0 0 0 0 0 0 0 0 0 0 0 0 0\nctxt 3072792\nbtime 1767883122\nprocesses 30297\nprocs_running 2\nprocs_blocked 0\nsoftirq 2227790 0 641568 3 128665 11 0 150479 948761 120 358183\n"}
{"timestamp":1767898058,"subsystem":"/proc/meminfo","measurement":"MemTotal:       16327188 kB\nMemFree:        13510960 kB\nMemAvailable:   15553268 kB\nBuffers:           49644 kB\nCached:          2188100 kB\nSwapCached:            0 kB\nActive:           584660 kB\nInactive:        1835512 kB\nActive(anon):     195580 kB\nInactive(anon):        0 kB\nActive(file):     389080 kB\nInactive(file):  1835512 kB\nUnevictable:       30368 kB\nMlocked:           27296 kB\nSwapTotal:             0 kB\nSwapFree:              0 kB\nZswap:                 0 kB\nZswapped:              0 kB\nDirty:            183436 kB\nWriteback:             0 kB\nAnonPages:        212872 kB\nMapped:           189672 kB\nShmem:              4420 kB\nKReclaimable:     158160 kB\nSlab:             246696 kB\nSReclaimable:     158160 kB\nSUnreclaim:        88536 kB\nKernelStack:        4496 kB\nPageTables:         6000 kB\nSecPageTables:         0 kB\nNFS_Unstable:          0 kB\nBounce:                0 kB\nWritebackTmp:          0 kB\nCommitLimit:     8163592 kB\nCommitted_AS:     954480 kB\nVmallocTotal:   34359738367 kB\nVmallocUsed:       31824 kB\nVmallocChunk:          0 kB\nPercpu:             2592 kB\nHardwareCorrupted:     0 kB\nAnonHugePages:     86016 kB\nShmemHugePages:        0 kB\nShmemPmdMapped:        0 kB\nFileHugePages:         0 kB\nFilePmdMapped:         0 kB\nUnaccepted:            0 kB\nHugePages_Total:       0\nHugePages_Free:        0\nHugePages_Rsvd:        0\nHugePages_Surp:        0\nHugepagesize:       2048 kB\nHugetlb:               0 kB\nDirectMap4k:      109736 kB\nDirectMap2M:     2983936 kB\nDirectMap1G:    15728640 kB\n"}
{"timestamp":1767898058,"subsystem":"/proc/net/dev","measurement":"Inter-|   Receive                                                |  Transmit\n face |bytes    packets errs drop fifo frame compressed multicast|bytes    packets errs drop fifo colls carrier compressed\n    lo:    6603      48    0    0    0     0          0         0     6603      48    0    0    0     0       0          0\n  eth0: 237571212  215667    0    0    0     0          0         0 19480712   79530    0    0    0     0       0          0\ndocker0:  950390   14097    0    0    0     0          0         0 195526373   21923    0    2    0     0       0          0\nvethf098dbd:  416063    5198    0    0    0     0          0         0 65202942    7831    0    0    0     0       0          0\nveth5046f66:  365496    4431    0    0    0     0          0         0 65390286    7074    0    0    0     0       0          0\nvethcbb1c2f:  366189    4468    0    0    0     0          0         0 64938927    7101    0    0    0     0       0          0\n"}
{"timestamp":1767898058,"subsystem":"/proc/diskstats","measurement":"   7       0 loop0 11 0 28 0 0 0 0 0 0 0 0 0 0 0 0 0 0\n   7       1 loop1 0 0 0 0 0 0 0 0 0 0 0 0 0 0 0 0 0\n   7       2 loop2 0 0 0 0 0 0 0 0 0 0 0 0 0 0 0 0 0\n   7       3 loop3 0 0 0 0 0 0 0 0 0 0 0 0 0 0 0 0 0\n   7       4 loop4 0 0 0 0 0 0 0 0 0 0 0 0 0 0 0 0 0\n   7       5 loop5 0 0 0 0 0 0 0 0 0 0 0 0 0 0 0 0 0\n   7       6 loop6 0 0 0 0 0 0 0 0 0 0 0 0 0 0 0 0 0\n   7       7 loop7 0 0 0 0 0 0 0 0 0 0 0 0 0 0 0 0 0\n   8      16 sdb 322 0 20650 54 691 1090 1319960 7280 0 1940 7336 17 16 67104776 2 0 0\n   8      17 sdb1 263 0 18202 45 691 1090 1319960 7280 0 1973 7328 17 16 67104776 2 0 0\n   8       0 sda 10236 2962 942699 15606 49197 50740 38722364 3412522 0 143688 3502014 2456 908 78782616 8212 2199 65673\n   8       1 sda1 9678 2262 909167 15474 49020 50720 38722136 3410673 0 157470 3434350 2453 907 78770328 8202 0 0\n   8      14 sda14 127 0 1264 26 0 0 0 0 0 26 26 0 0 0 0 0 0\n   8      15 sda15 205 666 18510 52 2 0 2 0 0 38 53 0 0 0 0 0 0\n 259       0 sda16 178 34 11790 40 175 20 226 1848 0 1871 1898 3 1 12288 9 0 0\n"}
{"timestamp":1767898058,"subsystem":"statfs[*]","measurement":"{\"mount_point\":\"/\",\"block_size\":4096,\"blocks_total\":7344928,\"blocks_free\":6265610,\"blocks_available\":6261514}\n{\"mount_point\":\"/boot\",\"block_size\":4096,\"blocks_total\":225380,\"blocks_free\":209465,\"blocks_available\":193683}\n{\"mount_point\":\"/boot/efi\",\"block_size\":512,\"blocks_total\":213663,\"blocks_free\":201164,\"blocks_available\":201164}\n{\"mount_point\":\"/mnt\",\"block_size\":4096,\"blocks_total\":8211396,\"blocks_free\":8211389,\"blocks_available\":7787889}\n"}
{"timestamp":1767898068,"subsystem":"/proc/stat","measurement":"cpu  195177 0 14396 5745503 17387 0 175 0 0 0\ncpu0 47921 0 2959 1437378 4858 0 38 0 0 0\ncpu1 49759 0 3212 1436043 4064 0 79 0 0 0\ncpu2 48465 0 4146 1436214 4288 0 33 0 0 0\ncpu3 49031 0 4077 1435866 4176 0 24 0 0 0\nintr 5012754 0 0 0 0 2339 0 0 0 0 0 0 0 0 0 0 0 0 0 0 0 0 0 0 0 0 0 0 0 0 0 0 0 0 0 0 0 0 0 0 0 0 0 0 0 0 0 0 0 0 0 0 0 0 0 0 0 0 0 0 0 0 0 0 0 0 0 0 0 0 0 0 0 0 0 0 0 0 0 0 0 0 0 0 0 0 0 0 0 0 0 0 0 0 0 0 0 0 0 0 0 0 0 0 0 0 0 0 0 0 0 0 0 0 0 0 0 0 0 0 0 0 0 0 0 0 0 0 0 0 0 0 0 0 0 0 0 0 0 0 0 0 0 0 0 0 0 0 0 0 0 0 0 0 0 0 0 0 0 0 0 0 0 0 0 0 0 0 0 0 0 0 0 0 0 0 0 0 0 0 0 0 0 0 0 0 0 0 0 0 0 0 0 0 0 0 0 0 0 0 0 0 0 0 0 0 0 0 0 0 0 0 0 0 0 0 0 0 0 0 0 0 0 0 0 0 0 0 0 0 0 0 0 0 0 0 0 0 0 0 0 0 0 0 0 0 0 0 0 0 0 0 0 0 0 0 0 0 0 0 0 0 0 0 0 0 0 0 0 0 0 0 0 0 0 0 0 0 0 0 0 0 0 0 0 0 0 0 0 0 0 0 0 0 0 0 0 0 0 0 0 0 0 0 0 0 0 0 0 0 0 0 0 0 0 0 0 0 0 0 0 0 0 0 0 0 0 0 0 0 0 0 0 0 0 0 0 0 0 0 0 0 0 0 0 0 0 0 0 0 0 0 0 0 0 0 0 0 0 0 0 0 0 0 0 0 0 0 0 0 0 0 0 0 0 0 0 0 0 0 0 0 0 0 0 0 0 0 0 0 0 0 0 0 0 0 0 0 0 0 0 0 0 0 0 0 0 0 0 0 0 0 0 0 0 0 0 0 0 0 0 0 0 0 0 0 0 0 0 0 0 0 0 0 0 0 0 0 0 0 0 0 0 0 0 0 0 0 0 0 0 0 0 0 0 0 0\nctxt 3079989\nbtime 1767883122\nprocesses 30463\nprocs_running 2\nprocs_blocked 0\nsoftirq 2230997 0 642301 3 128831 11 0 150790 949972 120 358969\n"}
{"timestamp":1767898068,"subsystem":"/proc/meminfo","measurement":"MemTotal:       16327188 kB\nMemFree:        13409328 kB\nMemAvailable:   15538152 kB\nBuffers:           49660 kB\nCached:          2273104 kB\nSwapCached:            0 kB\nActive:           584444 kB\nInactive:        1920532 kB\nActive(anon):     195364 kB\nInactive(anon):        0 kB\nActive(file):     389080 kB\nInactive(file):  1920532 kB\nUnevictable:       30368 kB\nMlocked:           27296 kB\nSwapTotal:             0 kB\nSwapFree:              0 kB\nZswap:                 0 kB\nZswapped:              0 kB\nDirty:                 0 kB\nWriteback:             0 kB\nAnonPages:        212568 kB\nMapped:           189368 kB\nShmem:              4420 kB\nKReclaimable:     161148 kB\nSlab:             250324 kB\nSReclaimable:     161148 kB\nSUnreclaim:        89176 kB\nKernelStack:        4496 kB\nPageTables:         6008 kB\nSecPageTables:         0 kB\nNFS_Unstable:          0 kB\nBounce:                0 kB\nWritebackTmp:          0 kB\nCommitLimit:     8163592 kB\nCommitted_AS:     954256 kB\nVmallocTotal:   34359738367 kB\nVmallocUsed:       31904 kB\nVmallocChunk:          0 kB\nPercpu:             2592 kB\nHardwareCorrupted:     0 kB\nAnonHugePages:     83968 kB\nShmemHugePages:        0 kB\nShmemPmdMapped:        0 kB\nFileHugePages:         0 kB\nFilePmdMapped:         0 kB\nUnaccepted:            0 kB\nHugePages_Total:       0\nHugePages_Free:        0\nHugePages_Rsvd:        0\nHugePages_Surp:        0\nHugepagesize:       2048 kB\nHugetlb:               0 kB\nDirectMap4k:      109736 kB\nDirectMap2M:     2983936 kB\nDirectMap1G:    15728640 kB\n"}
{"timestamp":1767898068,"subsystem":"/proc/net/dev","measurement":"Inter-|   Receive                                                |  Transmit\n face |bytes    packets errs drop fifo frame compressed multicast|bytes    packets errs drop fifo colls carrier compressed\n    lo:    6603      48    0    0    0     0          0         0     6603      48    0    0    0     0       0          0\n  eth0: 237643481  215775    0    0    0     0          0         0 19495738   79618    0    0    0     0       0          0\ndocker0:  953933   14154    0    0    0     0          0         0 195589331   21968    0    2    0     0       0          0\nvethf098dbd:  417510    5217    0    0    0     0          0         0 65223957    7846    0    0    0     0       0          0\nveth5046f66:  366943    4450    0    0    0     0          0         0 65411262    7089    0    0    0     0       0          0\nvethcbb1c2f:  367636    4487    0    0    0     0          0         0 64959894    7116    0    0    0     0       0          0\n"}
{"timestamp":1767898068,"subsystem":"/proc/diskstats","measurement":"   7       0 loop0 11 0 28 0 0 0 0 0 0 0 0 0 0 0 0 0 0\n   7       1 loop1 0 0 0 0 0 0 0 0 0 0 0 0 0 0 0 0 0\n   7       2 loop2 0 0 0 0 0 0 0 0 0 0 0 0 0 0 0 0 0\n   7       3 loop3 0 0 0 0 0 0 0 0 0 0 0 0 0 0 0 0 0\n   7       4 loop4 0 0 0 0 0 0 0 0 0 0 0 0 0 0 0 0 0\n   7       5 loop5 0 0 0 0 0 0 0 0 0 0 0 0 0 0 0 0 0\n   7       6 loop6 0 0 0 0 0 0 0 0 0 0 0 0 0 0 0 0 0\n   7       7 loop7 0 0 0 0 0 0 0 0 0 0 0 0 0 0 0 0 0\n   8      16 sdb 322 0 20650 54 691 1090 1319960 7280 0 1940 7336 17 16 67104776 2 0 0\n   8      17 sdb1 263 0 18202 45 691 1090 1319960 7280 0 1973 7328 17 16 67104776 2 0 0\n   8       0 sda 10236 2962 942699 15606 49605 50788 39493420 3546363 0 145979 3636622 2461 910 79038640 8225 2203 66426\n   8       1 sda1 9678 2262 909167 15474 49426 50768 39493192 3544508 0 159889 3568198 2458 909 79026352 8216 0 0\n   8      14 sda14 127 0 1264 26 0 0 0 0 0 26 26 0 0 0 0 0 0\n   8      15 sda15 205 666 18510 52 2 0 2 0 0 38 53 0 0 0 0 0 0\n 259       0 sda16 178 34 11790 40 177 20 226 1854 0 1877 1904 3 1 12288 9 0 0\n"}
{"timestamp":1767898068,"subsystem":"statfs[*]","measurement":"{\"mount_point\":\"/\",\"block_size\":4096,\"blocks_total\":7344928,\"blocks_free\":6244356,\"blocks_available\":6240260}\n{\"mount_point\":\"/boot\",\"block_size\":4096,\"blocks_total\":225380,\"blocks_free\":209465,\"blocks_available\":193683}\n{\"mount_point\":\"/boot/efi\",\"block_size\":512,\"blocks_total\":213663,\"blocks_free\":201164,\"blocks_available\":201164}\n{\"mount_point\":\"/mnt\",\"block_size\":4096,\"blocks_total\":8211396,\"blocks_free\":8211389,\"blocks_available\":7787889}\n"}
{"timestamp":1767898078,"subsystem":"/proc/stat","measurement":"cpu  195181 0 14495 5749213 17567 0 175 0 0 0\ncpu0 47922 0 2992 1438341 4859 0 38 0 0 0\ncpu1 49760 0 3215 1436892 4209 0 79 0 0 0\ncpu2 48466 0 4167 1437181 4298 0 33 0 0 0\ncpu3 49032 0 4118 1436798 4199 0 24 0 0 0\nintr 5017377 0 0 0 0 2339 0 0 0 0 0 0 0 0 0 0 0 0 0 0 0 0 0 0 0 0 0 0 0 0 0 0 0 0 0 0 0 0 0 0 0 0 0 0 0 0 0 0 0 0 0 0 0 0 0 0 0 0 0 0 0 0 0 0 0 0 0 0 0 0 0 0 0 0 0 0 0 0 0 0 0 0 0 0 0 0 0 0 0 0 0 0 0 0 0 0 0 0 0 0 0 0 0 0 0 0 0 0 0 0 0 0 0 0 0 0 0 0 0 0 0 0 0 0 0 0 0 0 0 0 0 0 0 0 0 0 0 0 0 0 0 0 0 0 0 0 0 0 0 0 0 0 0 0 0 0 0 0 0 0 0 0 0 0 0 0 0 0 0 0 0 0 0 0 0 0 0 0 0 0 0 0 0 0 0 0 0 0 0 0 0 0 0 0 0 0 0 0 0 0 0 0 0 0 0 0 0 0 0 0 0 0 0 0 0 0 0 0 0 0 0 0 0 0 0 0 0 0 0 0 0 0 0 0 0 0 0 0 0 0 0 0 0 0 0 0 0 0 0 0 0 0 0 0 0 0 0 0 0 0 0 0 0 0 0 0 0 0 0 0 0 0 0 0 0 0 0 0 0 0 0 0 0 0 0 0 0 0 0 0 0 0 0 0 0 0 0 0 0 0 0 0 0 0 0 0 0 0 0 0 0 0 0 0 0 0 0 0 0 0 0 0 0 0 0 0 0 0 0 0 0 0 0 0 0 0 0 0 0 0 0 0 0 0 0 0 0 0 0 0 0 0 0 0 0 0 0 0 0 0 0 0 0 0 0 0 0 0 0 0 0 0 0 0 0 0 0 0 0 0 0 0 0 0 0 0 0 0 0 0 0 0 0 0 0 0 0 0 0 0 0 0 0 0 0 0 0 0 0 0 0 0 0 0 0 0 0 0 0 0 0 0 0 0 0 0 0 0 0 0 0 0 0 0 0 0 0 0 0 0 0 0 0 0 0 0 0 0 0 0 0 0 0 0 0 0 0\nctxt 3085413\nbtime 1767883122\nprocesses 30482\nprocs_running 1\nprocs_blocked 0\nsoftirq 2233478 0 643026 3 128915 11 0 151029 951026 120 359348\n"}
{"timestamp":1767898078,"subsystem":"/proc/meminfo","measurement":"MemTotal:       16327188 kB\nMemFree:        13393908 kB\nMemAvailable:   15561996 kB\nBuffers:           49692 kB\nCached:          2312024 kB\nSwapCached:            0 kB\nActive:           583168 kB\nInactive:        1959484 kB\nActive(anon):     194088 kB\nInactive(anon):        0 kB\nActive(file):     389080 kB\nInactive(file):  1959484 kB\nUnevictable:       30368 kB\nMlocked:           27296 kB\nSwapTotal:             0 kB\nSwapFree:              0 kB\nZswap:                 0 kB\nZswapped:              0 kB\nDirty:                 0 kB\nWriteback:             0 kB\nAnonPages:        211240 kB\nMapped:           188892 kB\nShmem:              4420 kB\nKReclaimable:     161772 kB\nSlab:             250748 kB\nSReclaimable:     161772 kB\nSUnreclaim:        88976 kB\nKernelStack:        4480 kB\nPageTables:         5852 kB\nSecPageTables:         0 kB\nNFS_Unstable:          0 kB\nBounce:                0 kB\nWritebackTmp:          0 kB\nCommitLimit:     8163592 kB\nCommitted_AS:     951276 kB\nVmallocTotal:   34359738367 kB\nVmallocUsed:       31852 kB\nVmallocChunk:          0 kB\nPercpu:             2592 kB\nHardwareCorrupted:     0 kB\nAnonHugePages:     88064 kB\nShmemHugePages:        0 kB\nShmemPmdMapped:        0 kB\nFileHugePages:         0 kB\nFilePmdMapped:         0 kB\nUnaccepted:            0 kB\nHugePages_Total:       0\nHugePages_Free:        0\nHugePages_Rsvd:        0\nHugePages_Surp:        0\nHugepagesize:       2048 kB\nHugetlb:               0 kB\nDirectMap4k:      109736 kB\nDirectMap2M:     2983936 kB\nDirectMap1G:    15728640 kB\n"}
{"timestamp":1767898078,"subsystem":"/proc/net/dev","measurement":"Inter-|   Receive                                                |  Transmit\n face |bytes    packets errs drop fifo frame compressed multicast|bytes    packets errs drop fifo colls carrier compressed\n    lo:    6603      48    0    0    0     0          0         0     6603      48    0    0    0     0       0          0\n  eth0: 237654978  215822    0    0    0     0          0         0 19508139   79673    0    0    0     0       0          0\ndocker0:  954017   14157    0    0    0     0          0         0 195589457   21971    0    2    0     0       0          0\nvethf098dbd:  417552    5218    0    0    0     0          0         0 65223999    7847    0    0    0     0       0          0\nveth5046f66:  366985    4451    0    0    0     0          0         0 65411304    7090    0    0    0     0       0          0\nvethcbb1c2f:  367678    4488    0    0    0     0          0         0 64959936    7117    0    0    0     0       0          0\n"}
{"timestamp":1767898078,"subsystem":"/proc/diskstats","measurement":"   7       0 loop0 11 0 28 0 0 0 0 0 0 0 0 0 0 0 0 0 0\n   7       1 loop1 0 0 0 0 0 0 0 0 0 0 0 0 0 0 0 0 0\n   7       2 loop2 0 0 0 0 0 0 0 0 0 0 0 0 0 0 0 0 0\n   7       3 loop3 0 0 0 0 0 0 0 0 0 0 0 0 0 0 0 0 0\n   7       4 loop4 0 0 0 0 0 0 0 0 0 0 0 0 0 0 0 0 0\n   7       5 loop5 0 0 0 0 0 0 0 0 0 0 0 0 0 0 0 0 0\n   7       6 loop6 0 0 0 0 0 0 0 0 0 0 0 0 0 0 0 0 0\n   7       7 loop7 0 0 0 0 0 0 0 0 0 0 0 0 0 0 0 0 0\n   8      16 sdb 322 0 20650 54 691 1090 1319960 7280 0 1940 7336 17 16 67104776 2 0 0\n   8      17 sdb1 263 0 18202 45 691 1090 1319960 7280 0 1973 7328 17 16 67104776 2 0 0\n   8       0 sda 10236 2962 942699 15606 49919 50843 39969900 3556916 0 147779 3648441 2471 914 79694200 8251 2209 67666\n   8       1 sda1 9678 2262 909167 15474 49737 50823 39969672 3555052 0 161724 3578768 2468 913 79681912 8241 0 0\n   8      14 sda14 127 0 1264 26 0 0 0 0 0 26 26 0 0 0 0 0 0\n   8      15 sda15 205 666 18510 52 2 0 2 0 0 38 53 0 0 0 0 0 0\n 259       0 sda16 178 34 11790 40 180 20 226 1862 0 1886 1913 3 1 12288 9 0 0\n"}
{"timestamp":1767898078,"subsystem":"statfs[*]","measurement":"{\"mount_point\":\"/\",\"block_size\":4096,\"blocks_total\":7344928,\"blocks_free\":6234627,\"blocks_available\":6230531}\n{\"mount_point\":\"/boot\",\"block_size\":4096,\"blocks_total\":225380,\"blocks_free\":209465,\"blocks_available\":193683}\n{\"mount_point\":\"/boot/efi\",\"block_size\":512,\"blocks_total\":213663,\"blocks_free\":201164,\"blocks_available\":201164}\n{\"mount_point\":\"/mnt\",\"block_size\":4096,\"blocks_total\":8211396,\"blocks_free\":8211389,\"blocks_available\":7787889}\n"}
{"timestamp":1767898088,"subsystem":"/proc/stat","measurement":"cpu  195185 0 14669 5752942 17654 0 176 0 0 0\ncpu0 47922 0 3062 1439268 4860 0 38 0 0 0\ncpu1 49761 0 3237 1437797 4280 0 80 0 0 0\ncpu2 48466 0 4198 1438147 4300 0 33 0 0 0\ncpu3 49034 0 4172 1437728 4212 0 24 0 0 0\nintr 5023989 0 0 0 0 2339 0 0 0 0 0 0 0 0 0 0 0 0 0 0 0 0 0 0 0 0 0 0 0 0 0 0 0 0 0 0 0 0 0 0 0 0 0 0 0 0 0 0 0 0 0 0 0 0 0 0 0 0 0 0 0 0 0 0 0 0 0 0 0 0 0 0 0 0 0 0 0 0 0 0 0 0 0 0 0 0 0 0 0 0 0 0 0 0 0 0 0 0 0 0 0 0 0 0 0 0 0 0 0 0 0 0 0 0 0 0 0 0 0 0 0 0 0 0 0 0 0 0 0 0 0 0 0 0 0 0 0 0 0 0 0 0 0 0 0 0 0 0 0 0 0 0 0 0 0 0 0 0 0 0 0 0 0 0 0 0 0 0 0 0 0 0 0 0 0 0 0 0 0 0 0 0 0 0 0 0 0 0 0 0 0 0 0 0 0 0 0 0 0 0 0 0 0 0 0 0 0 0 0 0 0 0 0 0 0 0 0 0 0 0 0 0 0 0 0 0 0 0 0 0 0 0 0 0 0 0 0 0 0 0 0 0 0 0 0 0 0 0 0 0 0 0 0 0 0 0 0 0 0 0 0 0 0 0 0 0 0 0 0 0 0 0 0 0 0 0 0 0 0 0 0 0 0 0 0 0 0 0 0 0 0 0 0 0 0 0 0 0 0 0 0 0 0 0 0 0 0 0 0 0 0 0 0 0 0 0 0 0 0 0 0 0 0 0 0 0 0 0 0 0 0 0 0 0 0 0 0 0 0 0 0 0 0 0 0 0 0 0 0 0 0 0 0 0 0 0 0 0 0 0 0 0 0 0 0 0 0 0 0 0 0 0 0 0 0 0 0 0 0 0 0 0 0 0 0 0 0 0 0 0 0 0 0 0 0 0 0 0 0 0 0 0 0 0 0 0 0 0 0 0 0 0 0 0 0 0 0 0 0 0 0 0 0 0 0 0 0 0 0 0 0 0 0 0 0 0 0 0 0 0 0 0 0 0 0 0 0 0 0 0 0 0 0 0 0 0 0\nctxt 3090232\nbtime 1767883122\nprocesses 30567\nprocs_running 3\nprocs_blocked 0\nsoftirq 2236471 0 643919 3 128986 11 0 151235 952394 120 359803\n"}
{"timestamp":1767898088,"subsystem":"/proc/meminfo","measurement":"MemTotal:       16327188 kB\nMemFree:        13289616 kB\nMemAvailable:   15529264 kB\nBuffers:           49728 kB\nCached:          2382688 kB\nSwapCached:            0 kB\nActive:           585212 kB\nInactive:        2030132 kB\nActive(anon):     196132 kB\nInactive(anon):        0 kB\nActive(file):     389080 kB\nInactive(file):  2030132 kB\nUnevictable:       30368 kB\nMlocked:           27296 kB\nSwapTotal:             0 kB\nSwapFree:              0 kB\nZswap:                 0 kB\nZswapped:              0 kB\nDirty:            276480 kB\nWriteback:             0 kB\nAnonPages:        213408 kB\nMapped:           188892 kB\nShmem:              4420 kB\nKReclaimable:     163600 kB\nSlab:             253032 kB\nSReclaimable:     163600 kB\nSUnreclaim:        89432 kB\nKernelStack:        4480 kB\nPageTables:         5860 kB\nSecPageTables:         0 kB\nNFS_Unstable:          0 kB\nBounce:                0 kB\nWritebackTmp:          0 kB\nCommitLimit:     8163592 kB\nCommitted_AS:     955372 kB\nVmallocTotal:   34359738367 kB\nVmallocUsed:       31852 kB\nVmallocChunk:          0 kB\nPercpu:             2592 kB\nHardwareCorrupted:     0 kB\nAnonHugePages:     92160 kB\nShmemHugePages:        0 kB\nShmemPmdMapped:        0 kB\nFileHugePages:         0 kB\nFilePmdMapped:         0 kB\nUnaccepted:            0 kB\nHugePages_Total:       0\nHugePages_Free:        0\nHugePages_Rsvd:        0\nHugePages_Surp:        0\nHugepagesize:       2048 kB\nHugetlb:               0 kB\nDirectMap4k:      109736 kB\nDirectMap2M:     2983936 kB\nDirectMap1G:    15728640 kB\n"}
{"timestamp":1767898088,"subsystem":"/proc/net/dev","measurement":"Inter-|   Receive                                                |  Transmit\n face |bytes    packets errs drop fifo frame compressed multicast|bytes    packets errs drop fifo colls carrier compressed\n    lo:    6603      48    0    0    0     0          0         0     6603      48    0    0    0     0       0          0\n  eth0: 237664077  215859    0    0    0     0          0         0 19519855   79721    0    0    0     0       0          0\ndocker0:  954017   14157    0    0    0     0          0         0 195589457   21971    0    2    0     0       0          0\nvethf098dbd:  417552    5218    0    0    0     0          0         0 65223999    7847    0    0    0     0       0          0\nveth5046f66:  366985    4451    0    0    0     0          0         0 65411304    7090    0    0    0     0       0          0\nvethcbb1c2f:  367678    4488    0    0    0     0          0         0 64959936    7117    0    0    0     0       0          0\n"}
{"timestamp":1767898088,"subsystem":"/proc/diskstats","measurement":"   7       0 loop0 11 0 28 0 0 0 0 0 0 0 0 0 0 0 0 0 0\n   7       1 loop1 0 0 0 0 0 0 0 0 0 0 0 0 0 0 0 0 0\n   7       2 loop2 0 0 0 0 0 0 0 0 0 0 0 0 0 0 0 0 0\n   7       3 loop3 0 0 0 0 0 0 0 0 0 0 0 0 0 0 0 0 0\n   7       4 loop4 0 0 0 0 0 0 0 0 0 0 0 0 0 0 0 0 0\n   7       5 loop5 0 0 0 0 0 0 0 0 0 0 0 0 0 0 0 0 0\n   7       6 loop6 0 0 0 0 0 0 0 0 0 0 0 0 0 0 0 0 0\n   7       7 loop7 0 0 0 0 0 0 0 0 0 0 0 0 0 0 0 0 0\n   8      16 sdb 322 0 20650 54 691 1090 1319960 7280 0 1940 7336 17 16 67104776 2 0 0\n   8      17 sdb1 263 0 18202 45 691 1090 1319960 7280 0 1973 7328 17 16 67104776 2 0 0\n   8       0 sda 10236 2962 942699 15606 50102 50899 40279932 3559411 0 148659 3651735 2509 944 81685080 8348 2215 68368\n   8       1 sda1 9678 2262 909167 15474 49917 50879 40279704 3557538 0 162610 3581351 2506 943 81672792 8339 0 0\n   8      14 sda14 127 0 1264 26 0 0 0 0 0 26 26 0 0 0 0 0 0\n   8      15 sda15 205 666 18510 52 2 0 2 0 0 38 53 0 0 0 0 0 0\n 259       0 sda16 178 34 11790 40 183 20 226 1872 0 1895 1922 3 1 12288 9 0 0\n"}
{"timestamp":1767898088,"subsystem":"statfs[*]","measurement":"{\"mount_point\":\"/\",\"block_size\":4096,\"blocks_total\":7344928,\"blocks_free\":6216964,\"blocks_available\":6212868}\n{\"mount_point\":\"/boot\",\"block_size\":4096,\"blocks_total\":225380,\"blocks_free\":209465,\"blocks_available\":193683}\n{\"mount_point\":\"/boot/efi\",\"block_size\":512,\"blocks_total\":213663,\"blocks_free\":201164,\"blocks_available\":201164}\n{\"mount_point\":\"/mnt\",\"block_size\":4096,\"blocks_total\":8211396,\"blocks_free\":8211389,\"blocks_available\":7787889}\n"}
{"timestamp":1767898098,"subsystem":"/proc/stat","measurement":"cpu  195191 0 14763 5756477 18006 0 177 0 0 0\ncpu0 47923 0 3074 1440212 4900 0 38 0 0 0\ncpu1 49763 0 3245 1438645 4417 0 80 0 0 0\ncpu2 48468 0 4232 1439094 4315 0 33 0 0 0\ncpu3 49035 0 4211 1438524 4372 0 24 0 0 0\nintr 5030125 0 0 0 0 2339 0 0 0 0 0 0 0 0 0 0 0 0 0 0 0 0 0 0 0 0 0 0 0 0 0 0 0 0 0 0 0 0 0 0 0 0 0 0 0 0 0 0 0 0 0 0 0 0 0 0 0 0 0 0 0 0 0 0 0 0 0 0 0 0 0 0 0 0 0 0 0 0 0 0 0 0 0 0 0 0 0 0 0 0 0 0 0 0 0 0 0 0 0 0 0 0 0 0 0 0 0 0 0 0 0 0 0 0 0 0 0 0 0 0 0 0 0 0 0 0 0 0 0 0 0 0 0 0 0 0 0 0 0 0 0 0 0 0 0 0 0 0 0 0 0 0 0 0 0 0 0 0 0 0 0 0 0 0 0 0 0 0 0 0 0 0 0 0 0 0 0 0 0 0 0 0 0 0 0 0 0 0 0 0 0 0 0 0 0 0 0 0 0 0 0 0 0 0 0 0 0 0 0 0 0 0 0 0 0 0 0 0 0 0 0 0 0 0 0 0 0 0 0 0 0 0 0 0 0 0 0 0 0 0 0 0 0 0 0 0 0 0 0 0 0 0 0 0 0 0 0 0 0 0 0 0 0 0 0 0 0 0 0 0 0 0 0 0 0 0 0 0 0 0 0 0 0 0 0 0 0 0 0 0 0 0 0 0 0 0 0 0 0 0 0 0 0 0 0 0 0 0 0 0 0 0 0 0 0 0 0 0 0 0 0 0 0 0 0 0 0 0 0 0 0 0 0 0 0 0 0 0 0 0 0 0 0 0 0 0 0 0 0 0 0 0 0 0 0 0 0 0 0 0 0 0 0 0 0 0 0 0 0 0 0 0 0 0 0 0 0 0 0 0 0 0 0 0 0 0 0 0 0 0 0 0 0 0 0 0 0 0 0 0 0 0 0 0 0 0 0 0 0 0 0 0 0 0 0 0 0 0 0 0 0 0 0 0 0 0 0 0 0 0 0 0 0 0 0 0 0 0 0 0 0 0 0 0 0 0 0 0 0 0 0 0 0 0 0 0 0\nctxt 3100743\nbtime 1767883122\nprocesses 30663\nprocs_running 1\nprocs_blocked 0\nsoftirq 2239960 0 644640 3 129133 11 0 151967 953644 120 360442\n"}
{"timestamp":1767898098,"subsystem":"/proc/meminfo","measurement":"MemTotal:       16327188 kB\nMemFree:        13567764 kB\nMemAvailable:   15584436 kB\nBuffers:           49768 kB\nCached:          2162536 kB\nSwapCached:            0 kB\nActive:           585292 kB\nInactive:        1810072 kB\nActive(anon):     196212 kB\nInactive(anon):        0 kB\nActive(file):     389080 kB\nInactive(file):  1810072 kB\nUnevictable:       30368 kB\nMlocked:           27296 kB\nSwapTotal:             0 kB\nSwapFree:              0 kB\nZswap:                 0 kB\nZswapped:              0 kB\nDirty:                 0 kB\nWriteback:             0 kB\nAnonPages:        213396 kB\nMapped:           188892 kB\nShmem:              4420 kB\nKReclaimable:     157764 kB\nSlab:             246368 kB\nSReclaimable:     157764 kB\nSUnreclaim:        88604 kB\nKernelStack:        4480 kB\nPageTables:         5860 kB\nSecPageTables:         0 kB\nNFS_Unstable:          0 kB\nBounce:                0 kB\nWritebackTmp:          0 kB\nCommitLimit:     8163592 kB\nCommitted_AS:     955372 kB\nVmallocTotal:   34359738367 kB\nVmallocUsed:       31852 kB\nVmallocChunk:          0 kB\nPercpu:             2592 kB\nHardwareCorrupted:     0 kB\nAnonHugePages:     88064 kB\nShmemHugePages:        0 kB\nShmemPmdMapped:        0 kB\nFileHugePages:         0 kB\nFilePmdMapped:         0 kB\nUnaccepted:            0 kB\nHugePages_Total:       0\nHugePages_Free:        0\nHugePages_Rsvd:        0\nHugePages_Surp:        0\nHugepagesize:       2048 kB\nHugetlb:               0 kB\nDirectMap4k:      109736 kB\nDirectMap2M:     2983936 kB\nDirectMap1G:    15728640 kB\n"}
{"timestamp":1767898098,"subsystem":"/proc/net/dev","measurement":"Inter-|   Receive                                                |  Transmit\n face |bytes    packets errs drop fifo frame compressed multicast|bytes    packets errs drop fifo colls carrier compressed\n    lo:    6603      48    0    0    0     0          0         0     6603      48    0    0    0     0       0          0\n  eth0: 237795081  215995    0    0    0     0          0         0 19530016   79806    0    0    0     0       0          0\ndocker0:  957976   14222    0    0    0     0          0         0 195712183   22024    0    2    0     0       0          0\nvethf098dbd:  419065    5238    0    0    0     0          0         0 65245064    7863    0    0    0     0       0          0\nveth5046f66:  368894    4477    0    0    0     0          0         0 65491956    7112    0    0    0     0       0          0\nvethcbb1c2f:  369125    4507    0    0    0     0          0         0 64980945    7132    0    0    0     0       0          0\n"}
{"timestamp":1767898098,"subsystem":"/proc/diskstats","measurement":"   7       0 loop0 11 0 28 0 0 0 0 0 0 0 0 0 0 0 0 0 0\n   7       1 loop1 0 0 0 0 0 0 0 0 0 0 0 0 0 0 0 0 0\n   7       2 loop2 0 0 0 0 0 0 0 0 0 0 0 0 0 0 0 0 0\n   7       3 loop3 0 0 0 0 0 0 0 0 0 0 0 0 0 0 0 0 0\n   7       4 loop4 0 0 0 0 0 0 0 0 0 0 0 0 0 0 0 0 0\n   7       5 loop5 0 0 0 0 0 0 0 0 0 0 0 0 0 0 0 0 0\n   7       6 loop6 0 0 0 0 0 0 0 0 0 0 0 0 0 0 0 0 0\n   7       7 loop7 0 0 0 0 0 0 0 0 0 0 0 0 0 0 0 0 0\n   8      16 sdb 322 0 20650 54 691 1090 1319960 7280 0 1940 7336 17 16 67104776 2 0 0\n   8      17 sdb1 263 0 18202 45 691 1090 1319960 7280 0 1973 7328 17 16 67104776 2 0 0\n   8       0 sda 10236 2962 942699 15606 50540 50958 41192092 3743445 0 151741 3836857 2532 962 83962496 8411 2221 69393\n   8       1 sda1 9678 2262 909167 15474 50352 50938 41191864 3741561 0 165789 3765437 2529 961 83950208 8402 0 0\n   8      14 sda14 127 0 1264 26 0 0 0 0 0 26 26 0 0 0 0 0 0\n   8      15 sda15 205 666 18510 52 2 0 2 0 0 38 53 0 0 0 0 0 0\n 259       0 sda16 178 34 11790 40 186 20 226 1883 0 1907 1933 3 1 12288 9 0 0\n"}
{"timestamp":1767898098,"subsystem":"statfs[*]","measurement":"{\"mount_point\":\"/\",\"block_size\":4096,\"blocks_total\":7344928,\"blocks_free\":6272000,\"blocks_available\":6267904}\n{\"mount_point\":\"/boot\",\"block_size\":4096,\"blocks_total\":225380,\"blocks_free\":209465,\"blocks_available\":193683}\n{\"mount_point\":\"/boot/efi\",\"block_size\":512,\"blocks_total\":213663,\"blocks_free\":201164,\"blocks_available\":201164}\n{\"mount_point\":\"/mnt\",\"block_size\":4096,\"blocks_total\":8211396,\"blocks_free\":8211389,\"blocks_available\":7787889}\n"}
{"timestamp":1767898108,"subsystem":"/proc/stat","measurement":"cpu  195194 0 14906 5760203 18131 0 177 0 0 0\ncpu0 47924 0 3136 1441149 4900 0 38 0 0 0\ncpu1 49763 0 3275 1439554 4477 0 81 0 0 0\ncpu2 48469 0 4250 1440041 4348 0 33 0 0 0\ncpu3 49036 0 4243 1439458 4403 0 24 0 0 0\nintr 5034799 0 0 0 0 2339 0 0 0 0 0 0 0 0 0 0 0 0 0 0 0 0 0 0 0 0 0 0 0 0 0 0 0 0 0 0 0 0 0 0 0 0 0 0 0 0 0 0 0 0 0 0 0 0 0 0 0 0 0 0 0 0 0 0 0 0 0 0 0 0 0 0 0 0 0 0 0 0 0 0 0 0 0 0 0 0 0 0 0 0 0 0 0 0 0 0 0 0 0 0 0 0 0 0 0 0 0 0 0 0 0 0 0 0 0 0 0 0 0 0 0 0 0 0 0 0 0 0 0 0 0 0 0 0 0 0 0 0 0 0 0 0 0 0 0 0 0 0 0 0 0 0 0 0 0 0 0 0 0 0 0 0 0 0 0 0 0 0 0 0 0 0 0 0 0 0 0 0 0 0 0 0 0 0 0 0 0 0 0 0 0 0 0 0 0 0 0 0 0 0 0 0 0 0 0 0 0 0 0 0 0 0 0 0 0 0 0 0 0 0 0 0 0 0 0 0 0 0 0 0 0 0 0 0 0 0 0 0 0 0 0 0 0 0 0 0 0 0 0 0 0 0 0 0 0 0 0 0 0 0 0 0 0 0 0 0 0 0 0 0 0 0 0 0 0 0 0 0 0 0 0 0 0 0 0 0 0 0 0 0 0 0 0 0 0 0 0 0 0 0 0 0 0 0 0 0 0 0 0 0 0 0 0 0 0 0 0 0 0 0 0 0 0 0 0 0 0 0 0 0 0 0 0 0 0 0 0 0 0 0 0 0 0 0 0 0 0 0 0 0 0 0 0 0 0 0 0 0 0 0 0 0 0 0 0 0 0 0 0 0 0 0 0 0 0 0 0 0 0 0 0 0 0 0 0 0 0 0 0 0 0 0 0 0 0 0 0 0 0 0 0 0 0 0 0 0 0 0 0 0 0 0 0 0 0 0 0 0 0 0 0 0 0 0 0 0 0 0 0 0 0 0 0 0 0 0 0 0 0 0 0 0 0 0 0 0 0 0 0 0 0 0 0 0 0 0 0\nctxt 3105091\nbtime 1767883122\nprocesses 30695\nprocs_running 2\nprocs_blocked 0\nsoftirq 2242214 0 645298 3 129224 11 0 152119 954598 120 360841\n"}
{"timestamp":1767898108,"subsystem":"/proc/meminfo","measurement":"MemTotal:       16327188 kB\nMemFree:        13461284 kB\nMemAvailable:   15566928 kB\nBuffers:           49780 kB\nCached:          2250416 kB\nSwapCached:            0 kB\nActive:           586168 kB\nInactive:        1897964 kB\nActive(anon):     197088 kB\nInactive(anon):        0 kB\nActive(file):     389080 kB\nInactive(file):  1897964 kB\nUnevictable:       30368 kB\nMlocked:           27296 kB\nSwapTotal:             0 kB\nSwapFree:              0 kB\nZswap:                 0 kB\nZswapped:              0 kB\nDirty:            199496 kB\nWriteback:             0 kB\nAnonPages:        214180 kB\nMapped:           188892 kB\nShmem:              4420 kB\nKReclaimable:     159928 kB\nSlab:             248708 kB\nSReclaimable:     159928 kB\nSUnreclaim:        88780 kB\nKernelStack:        4480 kB\nPageTables:         5868 kB\nSecPageTables:         0 kB\nNFS_Unstable:          0 kB\nBounce:                0 kB\nWritebackTmp:          0 kB\nCommitLimit:     8163592 kB\nCommitted_AS:     956408 kB\nVmallocTotal:   34359738367 kB\nVmallocUsed:       31804 kB\nVmallocChunk:          0 kB\nPercpu:             2592 kB\nHardwareCorrupted:     0 kB\nAnonHugePages:     88064 kB\nShmemHugePages:        0 kB\nShmemPmdMapped:        0 kB\nFileHugePages:         0 kB\nFilePmdMapped:         0 kB\nUnaccepted:            0 kB\nHugePages_Total:       0\nHugePages_Free:        0\nHugePages_Rsvd:        0\nHugePages_Surp:        0\nHugepagesize:       2048 kB\nHugetlb:               0 kB\nDirectMap4k:      109736 kB\nDirectMap2M:     2983936 kB\nDirectMap1G:    15728640 kB\n"}
{"timestamp":1767898108,"subsystem":"/proc/net/dev","measurement":"Inter-|   Receive                                                |  Transmit\n face |bytes    packets errs drop fifo frame compressed multicast|bytes    packets errs drop fifo colls carrier compressed\n    lo:    6603      48    0    0    0     0          0         0     6603      48    0    0    0     0       0          0\n  eth0: 237824402  216051    0    0    0     0          0         0 19541939   79863    0    0    0     0       0          0\ndocker0:  959157   14241    0    0    0     0          0         0 195733186   22039    0    2    0     0       0          0\nvethf098dbd:  419065    5238    0    0    0     0          0         0 65245064    7863    0    0    0     0       0          0\nveth5046f66:  368894    4477    0    0    0     0          0         0 65491956    7112    0    0    0     0       0          0\nvethcbb1c2f:  370572    4526    0    0    0     0          0         0 65001948    7147    0    0    0     0       0          0\n"}
{"timestamp":1767898108,"subsystem":"/proc/diskstats","measurement":"   7       0 loop0 11 0 28 0 0 0 0 0 0 0 0 0 0 0 0 0 0\n   7       1 loop1 0 0 0 0 0 0 0 0 0 0 0 0 0 0 0 0 0\n   7       2 loop2 0 0 0 0 0 0 0 0 0 0 0 0 0 0 0 0 0\n   7       3 loop3 0 0 0 0 0 0 0 0 0 0 0 0 0 0 0 0 0\n   7       4 loop4 0 0 0 0 0 0 0 0 0 0 0 0 0 0 0 0 0\n   7       5 loop5 0 0 0 0 0 0 0 0 0 0 0 0 0 0 0 0 0\n   7       6 loop6 0 0 0 0 0 0 0 0 0 0 0 0 0 0 0 0 0\n   7       7 loop7 0 0 0 0 0 0 0 0 0 0 0 0 0 0 0 0 0\n   8      16 sdb 322 0 20650 54 691 1090 1319960 7280 0 1940 7336 17 16 67104776 2 0 0\n   8      17 sdb1 263 0 18202 45 691 1090 1319960 7280 0 1973 7328 17 16 67104776 2 0 0\n   8       0 sda 10236 2962 942699 15606 50700 50986 41516068 3761270 0 152904 3855286 2550 976 84462272 8456 2223 69952\n   8       1 sda1 9678 2262 909167 15474 50511 50966 41515840 3759383 0 167057 3783304 2547 975 84449984 8447 0 0\n   8      14 sda14 127 0 1264 26 0 0 0 0 0 26 26 0 0 0 0 0 0\n   8      15 sda15 205 666 18510 52 2 0 2 0 0 38 53 0 0 0 0 0 0\n 259       0 sda16 178 34 11790 40 187 20 226 1886 0 1910 1936 3 1 12288 9 0 0\n"}
{"timestamp":1767898108,"subsystem":"statfs[*]","measurement":"{\"mount_point\":\"/\",\"block_size\":4096,\"blocks_total\":7344928,\"blocks_free\":6249216,\"blocks_available\":6245120}\n{\"mount_point\":\"/boot\",\"block_size\":4096,\"blocks_total\":225380,\"blocks_free\":209465,\"blocks_available\":193683}\n{\"mount_point\":\"/boot/efi\",\"block_size\":512,\"blocks_total\":213663,\"blocks_free\":201164,\"blocks_available\":201164}\n{\"mount_point\":\"/mnt\",\"block_size\":4096,\"blocks_total\":8211396,\"blocks_free\":8211389,\"blocks_available\":7787889}\n"}
{"timestamp":1767898118,"subsystem":"/proc/stat","measurement":"cpu  195199 0 15010 5763722 18492 0 178 0 0 0\ncpu0 47925 0 3163 1442066 4953 0 39 0 0 0\ncpu1 49764 0 3284 1440394 4627 0 81 0 0 0\ncpu2 48470 0 4255 1440928 4452 0 33 0 0 0\ncpu3 49038 0 4307 1440333 4460 0 24 0 0 0\nintr 5040140 0 0 0 0 2339 0 0 0 0 0 0 0 0 0 0 0 0 0 0 0 0 0 0 0 0 0 0 0 0 0 0 0 0 0 0 0 0 0 0 0 0 0 0 0 0 0 0 0 0 0 0 0 0 0 0 0 0 0 0 0 0 0 0 0 0 0 0 0 0 0 0 0 0 0 0 0 0 0 0 0 0 0 0 0 0 0 0 0 0 0 0 0 0 0 0 0 0 0 0 0 0 0 0 0 0 0 0 0 0 0 0 0 0 0 0 0 0 0 0 0 0 0 0 0 0 0 0 0 0 0 0 0 0 0 0 0 0 0 0 0 0 0 0 0 0 0 0 0 0 0 0 0 0 0 0 0 0 0 0 0 0 0 0 0 0 0 0 0 0 0 0 0 0 0 0 0 0 0 0 0 0 0 0 0 0 0 0 0 0 0 0 0 0 0 0 0 0 0 0 0 0 0 0 0 0 0 0 0 0 0 0 0 0 0 0 0 0 0 0 0 0 0 0 0 0 0 0 0 0 0 0 0 0 0 0 0 0 0 0 0 0 0 0 0 0 0 0 0 0 0 0 0 0 0 0 0 0 0 0 0 0 0 0 0 0 0 0 0 0 0 0 0 0 0 0 0 0 0 0 0 0 0 0 0 0 0 0 0 0 0 0 0 0 0 0 0 0 0 0 0 0 0 0 0 0 0 0 0 0 0 0 0 0 0 0 0 0 0 0 0 0 0 0 0 0 0 0 0 0 0 0 0 0 0 0 0 0 0 0 0 0 0 0 0 0 0 0 0 0 0 0 0 0 0 0 0 0 0 0 0 0 0 0 0 0 0 0 0 0 0 0 0 0 0 0 0 0 0 0 0 0 0 0 0 0 0 0 0 0 0 0 0 0 0 0 0 0 0 0 0 0 0 0 0 0 0 0 0 0 0 0 0 0 0 0 0 0 0 0 0 0 0 0 0 0 0 0 0 0 0 0 0 0 0 0 0 0 0 0 0 0 0 0 0 0 0 0 0 0 0 0 0 0 0 0 0\nctxt 3112955\nbtime 1767883122\nprocesses 30816\nprocs_running 1\nprocs_blocked 0\nsoftirq 2245367 0 646060 3 129332 11 0 152475 955864 120 361502\n"}
{"timestamp":1767898118,"subsystem":"/proc/meminfo","measurement":"MemTotal:       16327188 kB\nMemFree:        13682124 kB\nMemAvailable:   15570152 kB\nBuffers:           49808 kB\nCached:          2035576 kB\nSwapCached:            0 kB\nActive:           585940 kB\nInactive:        1683152 kB\nActive(anon):     196860 kB\nInactive(anon):        0 kB\nActive(file):     389080 kB\nInactive(file):  1683152 kB\nUnevictable:       30368 kB\nMlocked:           27296 kB\nSwapTotal:             0 kB\nSwapFree:              0 kB\nZswap:                 0 kB\nZswapped:              0 kB\nDirty:                 0 kB\nWriteback:             0 kB\nAnonPages:        214208 kB\nMapped:           193988 kB\nShmem:              4420 kB\nKReclaimable:     154316 kB\nSlab:             242748 kB\nSReclaimable:     154316 kB\nSUnreclaim:        88432 kB\nKernelStack:        4480 kB\nPageTables:         6052 kB\nSecPageTables:         0 kB\nNFS_Unstable:          0 kB\nBounce:                0 kB\nWritebackTmp:          0 kB\nCommitLimit:     8163592 kB\nCommitted_AS:     964620 kB\nVmallocTotal:   34359738367 kB\nVmallocUsed:       31868 kB\nVmallocChunk:          0 kB\nPercpu:             2592 kB\nHardwareCorrupted:     0 kB\nAnonHugePages:     88064 kB\nShmemHugePages:        0 kB\nShmemPmdMapped:        0 kB\nFileHugePages:         0 kB\nFilePmdMapped:         0 kB\nUnaccepted:            0 kB\nHugePages_Total:       0\nHugePages_Free:        0\nHugePages_Rsvd:        0\nHugePages_Surp:        0\nHugepagesize:       2048 kB\nHugetlb:               0 kB\nDirectMap4k:      109736 kB\nDirectMap2M:     2983936 kB\nDirectMap1G:    15728640 kB\n"}
{"timestamp":1767898118,"subsystem":"/proc/net/dev","measurement":"Inter-|   Receive                                                |  Transmit\n face |bytes    packets errs drop fifo frame compressed multicast|bytes    packets errs drop fifo colls carrier compressed\n    lo:    6603      48    0    0    0     0          0         0     6603      48    0    0    0     0       0          0\n  eth0: 237854508  216115    0    0    0     0          0         0 19555052   79931    0    0    0     0       0          0\ndocker0:  960718   14266    0    0    0     0          0         0 195754508   22058    0    2    0     0       0          0\nvethf098dbd:  420512    5257    0    0    0     0          0         0 65266040    7878    0    0    0     0       0          0\nveth5046f66:  368894    4477    0    0    0     0          0         0 65491956    7112    0    0    0     0       0          0\nvethcbb1c2f:  371036    4532    0    0    0     0          0         0 65002294    7151    0    0    0     0       0          0\n"}
{"timestamp":1767898118,"subsystem":"/proc/diskstats","measurement":"   7       0 loop0 11 0 28 0 0 0 0 0 0 0 0 0 0 0 0 0 0\n   7       1 loop1 0 0 0 0 0 0 0 0 0 0 0 0 0 0 0 0 0\n   7       2 loop2 0 0 0 0 0 0 0 0 0 0 0 0 0 0 0 0 0\n   7       3 loop3 0 0 0 0 0 0 0 0 0 0 0 0 0 0 0 0 0\n   7       4 loop4 0 0 0 0 0 0 0 0 0 0 0 0 0 0 0 0 0\n   7       5 loop5 0 0 0 0 0 0 0 0 0 0 0 0 0 0 0 0 0\n   7       6 loop6 0 0 0 0 0 0 0 0 0 0 0 0 0 0 0 0 0\n   7       7 loop7 0 0 0 0 0 0 0 0 0 0 0 0 0 0 0 0 0\n   8      16 sdb 322 0 20650 54 691 1090 1319960 7280 0 1940 7336 17 16 67104776 2 0 0\n   8      17 sdb1 263 0 18202 45 691 1090 1319960 7280 0 1973 7328 17 16 67104776 2 0 0\n   8       0 sda 10236 2962 942699 15606 51116 51050 42338220 3849125 0 155726 3944285 2571 992 86403864 8513 2229 71040\n   8       1 sda1 9678 2262 909167 15474 50924 51030 42337992 3847227 0 170002 3871205 2568 991 86391576 8503 0 0\n   8      14 sda14 127 0 1264 26 0 0 0 0 0 26 26 0 0 0 0 0 0\n   8      15 sda15 205 666 18510 52 2 0 2 0 0 38 53 0 0 0 0 0 0\n 259       0 sda16 178 34 11790 40 190 20 226 1896 0 1921 1947 3 1 12288 9 0 0\n"}
{"timestamp":1767898118,"subsystem":"statfs[*]","measurement":"{\"mount_point\":\"/\",\"block_size\":4096,\"blocks_total\":7344928,\"blocks_free\":6303738,\"blocks_available\":6299642}\n{\"mount_point\":\"/boot\",\"block_size\":4096,\"blocks_total\":225380,\"blocks_free\":209465,\"blocks_available\":193683}\n{\"mount_point\":\"/boot/efi\",\"block_size\":512,\"blocks_total\":213663,\"blocks_free\":201164,\"blocks_available\":201164}\n{\"mount_point\":\"/mnt\",\"block_size\":4096,\"blocks_total\":8211396,\"blocks_free\":8211389,\"blocks_available\":7787889}\n"}
{"timestamp":1767898128,"subsystem":"/proc/stat","measurement":"cpu  195205 0 15096 5767494 18624 0 179 0 0 0\ncpu0 47926 0 3166 1443062 4953 0 39 0 0 0\ncpu1 49766 0 3333 1441282 4685 0 81 0 0 0\ncpu2 48471 0 4285 1441829 4519 0 33 0 0 0\ncpu3 49040 0 4311 1441320 4466 0 24 0 0 0\nintr 5044523 0 0 0 0 2339 0 0 0 0 0 0 0 0 0 0 0 0 0 0 0 0 0 0 0 0 0 0 0 0 0 0 0 0 0 0 0 0 0 0 0 0 0 0 0 0 0 0 0 0 0 0 0 0 0 0 0 0 0 0 0 0 0 0 0 0 0 0 0 0 0 0 0 0 0 0 0 0 0 0 0 0 0 0 0 0 0 0 0 0 0 0 0 0 0 0 0 0 0 0 0 0 0 0 0 0 0 0 0 0 0 0 0 0 0 0 0 0 0 0 0 0 0 0 0 0 0 0 0 0 0 0 0 0 0 0 0 0 0 0 0 0 0 0 0 0 0 0 0 0 0 0 0 0 0 0 0 0 0 0 0 0 0 0 0 0 0 0 0 0 0 0 0 0 0 0 0 0 0 0 0 0 0 0 0 0 0 0 0 0 0 0 0 0 0 0 0 0 0 0 0 0 0 0 0 0 0 0 0 0 0 0 0 0 0 0 0 0 0 0 0 0 0 0 0 0 0 0 0 0 0 0 0 0 0 0 0 0 0 0 0 0 0 0 0 0 0 0 0 0 0 0 0 0 0 0 0 0 0 0 0 0 0 0 0 0 0 0 0 0 0 0 0 0 0 0 0 0 0 0 0 0 0 0 0 0 0 0 0 0 0 0 0 0 0 0 0 0 0 0 0 0 0 0 0 0 0 0 0 0 0 0 0 0 0 0 0 0 0 0 0 0 0 0 0 0 0 0 0 0 0 0 0 0 0 0 0 0 0 0 0 0 0 0 0 0 0 0 0 0 0 0 0 0 0 0 0 0 0 0 0 0 0 0 0 0 0 0 0 0 0 0 0 0 0 0 0 0 0 0 0 0 0 0 0 0 0 0 0 0 0 0 0 0 0 0 0 0 0 0 0 0 0 0 0 0 0 0 0 0 0 0 0 0 0 0 0 0 0 0 0 0 0 0 0 0 0 0 0 0 0 0 0 0 0 0 0 0 0 0 0 0 0 0 0 0 0 0 0 0 0 0 0 0 0 0 0\nctxt 3117811\nbtime 1767883122\nprocesses 30911\nprocs_running 1\nprocs_blocked 0\nsoftirq 2247858 0 646752 3 129428 11 0 152674 956895 120 361975\n"}
{"timestamp":1767898128,"subsystem":"/proc/meminfo","measurement":"MemTotal:       16327188 kB\nMemFree:        13564952 kB\nMemAvailable:   15578472 kB\nBuffers:           49828 kB\nCached:          2159484 kB\nSwapCached:            0 kB\nActive:           585220 kB\nInactive:        1807080 kB\nActive(anon):     196140 kB\nInactive(anon):        0 kB\nActive(file):     389080 kB\nInactive(file):  1807080 kB\nUnevictable:       30368 kB\nMlocked:           27296 kB\nSwapTotal:             0 kB\nSwapFree:              0 kB\nZswap:                 0 kB\nZswapped:              0 kB\nDirty:                 0 kB\nWriteback:             0 kB\nAnonPages:        213420 kB\nMapped:           188892 kB\nShmem:              4420 kB\nKReclaimable:     157444 kB\nSlab:             246300 kB\nSReclaimable:     157444 kB\nSUnreclaim:        88856 kB\nKernelStack:        4480 kB\nPageTables:         5852 kB\nSecPageTables:         0 kB\nNFS_Unstable:          0 kB\nBounce:                0 kB\nWritebackTmp:          0 kB\nCommitLimit:     8163592 kB\nCommitted_AS:     955372 kB\nVmallocTotal:   34359738367 kB\nVmallocUsed:       31868 kB\nVmallocChunk:          0 kB\nPercpu:             2592 kB\nHardwareCorrupted:     0 kB\nAnonHugePages:     88064 kB\nShmemHugePages:        0 kB\nShmemPmdMapped:        0 kB\nFileHugePages:         0 kB\nFilePmdMapped:         0 kB\nUnaccepted:            0 kB\nHugePages_Total:       0\nHugePages_Free:        0\nHugePages_Rsvd:        0\nHugePages_Surp:        0\nHugepagesize:       2048 kB\nHugetlb:               0 kB\nDirectMap4k:      109736 kB\nDirectMap2M:     2983936 kB\nDirectMap1G:    15728640 kB\n"}
{"timestamp":1767898128,"subsystem":"/proc/net/dev","measurement":"Inter-|   Receive                                                |  Transmit\n face |bytes    packets errs drop fifo frame compressed multicast|bytes    packets errs drop fifo colls carrier compressed\n    lo:    6603      48    0    0    0     0          0         0     6603      48    0    0    0     0       0          0\n  eth0: 237901726  216182    0    0    0     0          0         0 19563026   79987    0    0    0     0       0          0\ndocker0:  962964   14304    0    0    0     0          0         0 195796586   22090    0    2    0     0       0          0\nvethf098dbd:  420554    5258    0    0    0     0          0         0 65266082    7879    0    0    0     0       0          0\nveth5046f66:  370539    4499    0    0    0     0          0         0 65513162    7130    0    0    0     0       0          0\nvethcbb1c2f:  372127    4547    0    0    0     0          0         0 65023124    7164    0    0    0     0       0          0\n"}
{"timestamp":1767898128,"subsystem":"/proc/diskstats","measurement":"   7       0 loop0 11 0 28 0 0 0 0 0 0 0 0 0 0 0 0 0 0\n   7       1 loop1 0 0 0 0 0 0 0 0 0 0 0 0 0 0 0 0 0\n   7       2 loop2 0 0 0 0 0 0 0 0 0 0 0 0 0 0 0 0 0\n   7       3 loop3 0 0 0 0 0 0 0 0 0 0 0 0 0 0 0 0 0\n   7       4 loop4 0 0 0 0 0 0 0 0 0 0 0 0 0 0 0 0 0\n   7       5 loop5 0 0 0 0 0 0 0 0 0 0 0 0 0 0 0 0 0\n   7       6 loop6 0 0 0 0 0 0 0 0 0 0 0 0 0 0 0 0 0\n   7       7 loop7 0 0 0 0 0 0 0 0 0 0 0 0 0 0 0 0 0\n   8      16 sdb 322 0 20650 54 691 1090 1319960 7280 0 1940 7336 17 16 67104776 2 0 0\n   8      17 sdb1 263 0 18202 45 691 1090 1319960 7280 0 1973 7328 17 16 67104776 2 0 0\n   8       0 sda 10236 2962 942699 15606 51328 51097 42736164 3864393 0 156959 3960288 2584 1003 87370536 8544 2233 71743\n   8       1 sda1 9678 2262 909167 15474 51134 51077 42735936 3862488 0 171324 3886498 2581 1002 87358248 8535 0 0\n   8      14 sda14 127 0 1264 26 0 0 0 0 0 26 26 0 0 0 0 0 0\n   8      15 sda15 205 666 18510 52 2 0 2 0 0 38 53 0 0 0 0 0 0\n 259       0 sda16 178 34 11790 40 192 20 226 1903 0 1928 1954 3 1 12288 9 0 0\n"}
{"timestamp":1767898128,"subsystem":"statfs[*]","measurement":"{\"mount_point\":\"/\",\"block_size\":4096,\"blocks_total\":7344928,\"blocks_free\":6272760,\"blocks_available\":6268664}\n{\"mount_point\":\"/boot\",\"block_size\":4096,\"blocks_total\":225380,\"blocks_free\":209465,\"blocks_available\":193683}\n{\"mount_point\":\"/boot/efi\",\"block_size\":512,\"blocks_total\":213663,\"blocks_free\":201164,\"blocks_available\":201164}\n{\"mount_point\":\"/mnt\",\"block_size\":4096,\"blocks_total\":8211396,\"blocks_free\":8211389,\"blocks_available\":7787889}\n"}
{"timestamp":1767898138,"subsystem":"/proc/stat","measurement":"cpu  195210 0 15219 5771168 18816 0 179 0 0 0\ncpu0 47927 0 3208 1444016 4954 0 39 0 0 0\ncpu1 49768 0 3394 1442133 4770 0 81 0 0 0\ncpu2 48472 0 4296 1442720 4615 0 33 0 0 0\ncpu3 49042 0 4319 1442298 4476 0 24 0 0 0\nintr 5050215 0 0 0 0 2339 0 0 0 0 0 0 0 0 0 0 0 0 0 0 0 0 0 0 0 0 0 0 0 0 0 0 0 0 0 0 0 0 0 0 0 0 0 0 0 0 0 0 0 0 0 0 0 0 0 0 0 0 0 0 0 0 0 0 0 0 0 0 0 0 0 0 0 0 0 0 0 0 0 0 0 0 0 0 0 0 0 0 0 0 0 0 0 0 0 0 0 0 0 0 0 0 0 0 0 0 0 0 0 0 0 0 0 0 0 0 0 0 0 0 0 0 0 0 0 0 0 0 0 0 0 0 0 0 0 0 0 0 0 0 0 0 0 0 0 0 0 0 0 0 0 0 0 0 0 0 0 0 0 0 0 0 0 0 0 0 0 0 0 0 0 0 0 0 0 0 0 0 0 0 0 0 0 0 0 0 0 0 0 0 0 0 0 0 0 0 0 0 0 0 0 0 0 0 0 0 0 0 0 0 0 0 0 0 0 0 0 0 0 0 0 0 0 0 0 0 0 0 0 0 0 0 0 0 0 0 0 0 0 0 0 0 0 0 0 0 0 0 0 0 0 0 0 0 0 0 0 0 0 0 0 0 0 0 0 0 0 0 0 0 0 0 0 0 0 0 0 0 0 0 0 0 0 0 0 0 0 0 0 0 0 0 0 0 0 0 0 0 0 0 0 0 0 0 0 0 0 0 0 0 0 0 0 0 0 0 0 0 0 0 0 0 0 0 0 0 0 0 0 0 0 0 0 0 0 0 0 0 0 0 0 0 0 0 0 0 0 0 0 0 0 0 0 0 0 0 0 0 0 0 0 0 0 0 0 0 0 0 0 0 0 0 0 0 0 0 0 0 0 0 0 0 0 0 0 0 0 0 0 0 0 0 0 0 0 0 0 0 0 0 0 0 0 0 0 0 0 0 0 0 0 0 0 0 0 0 0 0 0 0 0 0 0 0 0 0 0 0 0 0 0 0 0 0 0 0 0 0 0 0 0 0 0 0 0 0 0 0 0 0 0 0 0 0 0 0 0\nctxt 3122428\nbtime 1767883122\nprocesses 31031\nprocs_running 2\nprocs_blocked 0\nsoftirq 2250929 0 647473 3 129582 11 0 152954 958118 120 362668\n"}
{"timestamp":1767898138,"subsystem":"/proc/meminfo","measurement":"MemTotal:       16327188 kB\nMemFree:        13640728 kB\nMemAvailable:   15504108 kB\nBuffers:           49852 kB\nCached:          2011016 kB\nSwapCached:            0 kB\nActive:           585188 kB\nInactive:        1658636 kB\nActive(anon):     196108 kB\nInactive(anon):        0 kB\nActive(file):     389080 kB\nInactive(file):  1658636 kB\nUnevictable:       30368 kB\nMlocked:           27296 kB\nSwapTotal:             0 kB\nSwapFree:              0 kB\nZswap:                 0 kB\nZswapped:              0 kB\nDirty:                 0 kB\nWriteback:             0 kB\nAnonPages:        213456 kB\nMapped:           188892 kB\nShmem:              4420 kB\nKReclaimable:     154056 kB\nSlab:             242708 kB\nSReclaimable:     154056 kB\nSUnreclaim:        88652 kB\nKernelStack:        4496 kB\nPageTables:         5852 kB\nSecPageTables:         0 kB\nNFS_Unstable:          0 kB\nBounce:                0 kB\nWritebackTmp:          0 kB\nCommitLimit:     8163592 kB\nCommitted_AS:     955372 kB\nVmallocTotal:   34359738367 kB\nVmallocUsed:       31836 kB\nVmallocChunk:          0 kB\nPercpu:             2592 kB\nHardwareCorrupted:     0 kB\nAnonHugePages:     92160 kB\nShmemHugePages:        0 kB\nShmemPmdMapped:        0 kB\nFileHugePages:         0 kB\nFilePmdMapped:         0 kB\nUnaccepted:            0 kB\nHugePages_Total:       0\nHugePages_Free:        0\nHugePages_Rsvd:        0\nHugePages_Surp:        0\nHugepagesize:       2048 kB\nHugetlb:               0 kB\nDirectMap4k:      109736 kB\nDirectMap2M:     2983936 kB\nDirectMap1G:    15728640 kB\n"}
{"timestamp":1767898138,"subsystem":"/proc/net/dev","measurement":"Inter-|   Receive                                                |  Transmit\n face |bytes    packets errs drop fifo frame compressed multicast|bytes    packets errs drop fifo colls carrier compressed\n    lo:    6603      48    0    0    0     0          0         0     6603      48    0    0    0     0       0          0\n  eth0: 237956334  216277    0    0    0     0          0         0 19578253   80080    0    0    0     0       0          0\ndocker0:  965538   14347    0    0    0     0          0         0 195838909   22125    0    2    0     0       0          0\nvethf098dbd:  422133    5279    0    0    0     0          0         0 65287248    7896    0    0    0     0       0          0\nveth5046f66:  370623    4501    0    0    0     0          0         0 65513246    7132    0    0    0     0       0          0\nvethcbb1c2f:  373640    4567    0    0    0     0          0         0 65044197    7180    0    0    0     0       0          0\n"}
{"timestamp":1767898138,"subsystem":"/proc/diskstats","measurement":"   7       0 loop0 11 0 28 0 0 0 0 0 0 0 0 0 0 0 0 0 0\n   7       1 loop1 0 0 0 0 0 0 0 0 0 0 0 0 0 0 0 0 0\n   7       2 loop2 0 0 0 0 0 0 0 0 0 0 0 0 0 0 0 0 0\n   7       3 loop3 0 0 0 0 0 0 0 0 0 0 0 0 0 0 0 0 0\n   7       4 loop4 0 0 0 0 0 0 0 0 0 0 0 0 0 0 0 0 0\n   7       5 loop5 0 0 0 0 0 0 0 0 0 0 0 0 0 0 0 0 0\n   7       6 loop6 0 0 0 0 0 0 0 0 0 0 0 0 0 0 0 0 0\n   7       7 loop7 0 0 0 0 0 0 0 0 0 0 0 0 0 0 0 0 0\n   8      16 sdb 322 0 20650 54 691 1090 1319960 7280 0 1940 7336 17 16 67104776 2 0 0\n   8      17 sdb1 263 0 18202 45 691 1090 1319960 7280 0 1973 7328 17 16 67104776 2 0 0\n   8       0 sda 10236 2962 942699 15606 51617 51170 43275756 3876068 0 158537 3973261 2599 1012 88552272 8587 2239 72998\n   8       1 sda1 9678 2262 909167 15474 51420 51150 43275528 3874152 0 173268 3898204 2596 1011 88539984 8577 0 0\n   8      14 sda14 127 0 1264 26 0 0 0 0 0 26 26 0 0 0 0 0 0\n   8      15 sda15 205 666 18510 52 2 0 2 0 0 38 53 0 0 0 0 0 0\n 259       0 sda16 178 34 11790 40 195 20 226 1915 0 1941 1965 3 1 12288 9 0 0\n"}
{"timestamp":1767898138,"subsystem":"statfs[*]","measurement":"{\"mount_point\":\"/\",\"block_size\":4096,\"blocks_total\":7344928,\"blocks_free\":6309879,\"blocks_available\":6305783}\n{\"mount_point\":\"/boot\",\"block_size\":4096,\"blocks_total\":225380,\"blocks_free\":209465,\"blocks_available\":193683}\n{\"mount_point\":\"/boot/efi\",\"block_size\":512,\"blocks_total\":213663,\"blocks_free\":201164,\"blocks_available\":201164}\n{\"mount_point\":\"/mnt\",\"block_size\":4096,\"blocks_total\":8211396,\"blocks_free\":8211389,\"blocks_available\":7787889}\n"}
{"timestamp":1767898148,"subsystem":"/proc/stat","measurement":"cpu  195214 0 15365 5775000 18827 0 179 0 0 0\ncpu0 47928 0 3223 1444997 4955 0 39 0 0 0\ncpu1 49769 0 3459 1443063 4773 0 81 0 0 0\ncpu2 48473 0 4352 1443656 4620 0 33 0 0 0\ncpu3 49043 0 4330 1443283 4477 0 24 0 0 0\nintr 5055486 0 0 0 0 2339 0 0 0 0 0 0 0 0 0 0 0 0 0 0 0 0 0 0 0 0 0 0 0 0 0 0 0 0 0 0 0 0 0 0 0 0 0 0 0 0 0 0 0 0 0 0 0 0 0 0 0 0 0 0 0 0 0 0 0 0 0 0 0 0 0 0 0 0 0 0 0 0 0 0 0 0 0 0 0 0 0 0 0 0 0 0 0 0 0 0 0 0 0 0 0 0 0 0 0 0 0 0 0 0 0 0 0 0 0 0 0 0 0 0 0 0 0 0 0 0 0 0 0 0 0 0 0 0 0 0 0 0 0 0 0 0 0 0 0 0 0 0 0 0 0 0 0 0 0 0 0 0 0 0 0 0 0 0 0 0 0 0 0 0 0 0 0 0 0 0 0 0 0 0 0 0 0 0 0 0 0 0 0 0 0 0 0 0 0 0 0 0 0 0 0 0 0 0 0 0 0 0 0 0 0 0 0 0 0 0 0 0 0 0 0 0 0 0 0 0 0 0 0 0 0 0 0 0 0 0 0 0 0 0 0 0 0 0 0 0 0 0 0 0 0 0 0 0 0 0 0 0 0 0 0 0 0 0 0 0 0 0 0 0 0 0 0 0 0 0 0 0 0 0 0 0 0 0 0 0 0 0 0 0 0 0 0 0 0 0 0 0 0 0 0 0 0 0 0 0 0 0 0 0 0 0 0 0 0 0 0 0 0 0 0 0 0 0 0 0 0 0 0 0 0 0 0 0 0 0 0 0 0 0 0 0 0 0 0 0 0 0 0 0 0 0 0 0 0 0 0 0 0 0 0 0 0 0 0 0 0 0 0 0 0 0 0 0 0 0 0 0 0 0 0 0 0 0 0 0 0 0 0 0 0 0 0 0 0 0 0 0 0 0 0 0 0 0 0 0 0 0 0 0 0 0 0 0 0 0 0 0 0 0 0 0 0 0 0 0 0 0 0 0 0 0 0 0 0 0 0 0 0 0 0 0 0 0 0 0 0 0 0 0 0 0 0 0 0 0 0\nctxt 3124967\nbtime 1767883122\nprocesses 31080\nprocs_running 1\nprocs_blocked 0\nsoftirq 2253479 0 648147 3 129726 11 0 153047 959264 120 363161\n"}
{"timestamp":1767898148,"subsystem":"/proc/meminfo","measurement":"MemTotal:       16327188 kB\nMemFree:        13471732 kB\nMemAvailable:   15564160 kB\nBuffers:           49868 kB\nCached:          2237324 kB\nSwapCached:            0 kB\nActive:           585216 kB\nInactive:        1884960 kB\nActive(anon):     196136 kB\nInactive(anon):        0 kB\nActive(file):     389080 kB\nInactive(file):  1884960 kB\nUnevictable:       30368 kB\nMlocked:           27296 kB\nSwapTotal:             0 kB\nSwapFree:              0 kB\nZswap:                 0 kB\nZswapped:              0 kB\nDirty:            328704 kB\nWriteback:             0 kB\nAnonPages:        213528 kB\nMapped:           188892 kB\nShmem:              4420 kB\nKReclaimable:     159500 kB\nSlab:             248344 kB\nSReclaimable:     159500 kB\nSUnreclaim:        88844 kB\nKernelStack:        4496 kB\nPageTables:         5856 kB\nSecPageTables:         0 kB\nNFS_Unstable:          0 kB\nBounce:                0 kB\nWritebackTmp:          0 kB\nCommitLimit:     8163592 kB\nCommitted_AS:     955372 kB\nVmallocTotal:   34359738367 kB\nVmallocUsed:       31804 kB\nVmallocChunk:          0 kB\nPercpu:             2592 kB\nHardwareCorrupted:     0 kB\nAnonHugePages:     94208 kB\nShmemHugePages:        0 kB\nShmemPmdMapped:        0 kB\nFileHugePages:         0 kB\nFilePmdMapped:         0 kB\nUnaccepted:            0 kB\nHugePages_Total:       0\nHugePages_Free:        0\nHugePages_Rsvd:        0\nHugePages_Surp:        0\nHugepagesize:       2048 kB\nHugetlb:               0 kB\nDirectMap4k:      109736 kB\nDirectMap2M:     2983936 kB\nDirectMap1G:    15728640 kB\n"}
{"timestamp":1767898148,"subsystem":"/proc/net/dev","measurement":"Inter-|   Receive                                                |  Transmit\n face |bytes    packets errs drop fifo frame compressed multicast|bytes    packets errs drop fifo colls carrier compressed\n    lo:    6603      48    0    0    0     0          0         0     6603      48    0    0    0     0       0          0\n  eth0: 238009377  216371    0    0    0     0          0         0 19603307   80174    0    0    0     0       0          0\ndocker0:  968004   14387    0    0    0     0          0         0 195881034   22157    0    2    0     0       0          0\nvethf098dbd:  423580    5298    0    0    0     0          0         0 65308267    7911    0    0    0     0       0          0\nveth5046f66:  370623    4501    0    0    0     0          0         0 65513246    7132    0    0    0     0       0          0\nvethcbb1c2f:  375219    4588    0    0    0     0          0         0 65065303    7197    0    0    0     0       0          0\n"}
{"timestamp":1767898148,"subsystem":"/proc/diskstats","measurement":"   7       0 loop0 11 0 28 0 0 0 0 0 0 0 0 0 0 0 0 0 0\n   7       1 loop1 0 0 0 0 0 0 0 0 0 0 0 0 0 0 0 0 0\n   7       2 loop2 0 0 0 0 0 0 0 0 0 0 0 0 0 0 0 0 0\n   7       3 loop3 0 0 0 0 0 0 0 0 0 0 0 0 0 0 0 0 0\n   7       4 loop4 0 0 0 0 0 0 0 0 0 0 0 0 0 0 0 0 0\n   7       5 loop5 0 0 0 0 0 0 0 0 0 0 0 0 0 0 0 0 0\n   7       6 loop6 0 0 0 0 0 0 0 0 0 0 0 0 0 0 0 0 0\n   7       7 loop7 0 0 0 0 0 0 0 0 0 0 0 0 0 0 0 0 0\n   8      16 sdb 322 0 20650 54 691 1090 1319960 7280 0 1940 7336 17 16 67104776 2 0 0\n   8      17 sdb1 263 0 18202 45 691 1090 1319960 7280 0 1973 7328 17 16 67104776 2 0 0\n   8       0 sda 10236 2962 942699 15606 51701 51212 43370572 3876350 0 158641 3973631 2611 1021 89371512 8620 2243 73053\n   8       1 sda1 9678 2262 909167 15474 51502 51192 43370344 3874424 0 173376 3898510 2608 1020 89359224 8611 0 0\n   8      14 sda14 127 0 1264 26 0 0 0 0 0 26 26 0 0 0 0 0 0\n   8      15 sda15 205 666 18510 52 2 0 2 0 0 38 53 0 0 0 0 0 0\n 259       0 sda16 178 34 11790 40 197 20 226 1924 0 1951 1974 3 1 12288 9 0 0\n"}
{"timestamp":1767898148,"subsystem":"statfs[*]","measurement":"{\"mount_point\":\"/\",\"block_size\":4096,\"blocks_total\":7344928,\"blocks_free\":6253303,\"blocks_available\":6249207}\n{\"mount_point\":\"/boot\",\"block_size\":4096,\"blocks_total\":225380,\"blocks_free\":209465,\"blocks_available\":193683}\n{\"mount_point\":\"/boot/efi\",\"block_size\":512,\"blocks_total\":213663,\"blocks_free\":201164,\"blocks_available\":201164}\n{\"mount_point\":\"/mnt\",\"block_size\":4096,\"blocks_total\":8211396,\"blocks_free\":8211389,\"blocks_available\":7787889}\n"}
{"timestamp":1767898158,"subsystem":"/proc/stat","measurement":"cpu  195219 0 15443 5778390 19344 0 179 0 0 0\ncpu0 47931 0 3228 1445968 4975 0 39 0 0 0\ncpu1 49769 0 3468 1443828 4996 0 81 0 0 0\ncpu2 48474 0 4409 1444452 4763 0 33 0 0 0\ncpu3 49043 0 4337 1444139 4609 0 24 0 0 0\nintr 5060336 0 0 0 0 2339 0 0 0 0 0 0 0 0 0 0 0 0 0 0 0 0 0 0 0 0 0 0 0 0 0 0 0 0 0 0 0 0 0 0 0 0 0 0 0 0 0 0 0 0 0 0 0 0 0 0 0 0 0 0 0 0 0 0 0 0 0 0 0 0 0 0 0 0 0 0 0 0 0 0 0 0 0 0 0 0 0 0 0 0 0 0 0 0 0 0 0 0 0 0 0 0 0 0 0 0 0 0 0 0 0 0 0 0 0 0 0 0 0 0 0 0 0 0 0 0 0 0 0 0 0 0 0 0 0 0 0 0 0 0 0 0 0 0 0 0 0 0 0 0 0 0 0 0 0 0 0 0 0 0 0 0 0 0 0 0 0 0 0 0 0 0 0 0 0 0 0 0 0 0 0 0 0 0 0 0 0 0 0 0 0 0 0 0 0 0 0 0 0 0 0 0 0 0 0 0 0 0 0 0 0 0 0 0 0 0 0 0 0 0 0 0 0 0 0 0 0 0 0 0 0 0 0 0 0 0 0 0 0 0 0 0 0 0 0 0 0 0 0 0 0 0 0 0 0 0 0 0 0 0 0 0 0 0 0 0 0 0 0 0 0 0 0 0 0 0 0 0 0 0 0 0 0 0 0 0 0 0 0 0 0 0 0 0 0 0 0 0 0 0 0 0 0 0 0 0 0 0 0 0 0 0 0 0 0 0 0 0 0 0 0 0 0 0 0 0 0 0 0 0 0 0 0 0 0 0 0 0 0 0 0 0 0 0 0 0 0 0 0 0 0 0 0 0 0 0 0 0 0 0 0 0 0 0 0 0 0 0 0 0 0 0 0 0 0 0 0 0 0 0 0 0 0 0 0 0 0 0 0 0 0 0 0 0 0 0 0 0 0 0 0 0 0 0 0 0 0 0 0 0 0 0 0 0 0 0 0 0 0 0 0 0 0 0 0 0 0 0 0 0 0 0 0 0 0 0 0 0 0 0 0 0 0 0 0 0 0 0 0 0 0 0 0 0 0 0 0\nctxt 3133805\nbtime 1767883122\nprocesses 31149\nprocs_running 1\nprocs_blocked 0\nsoftirq 2256354 0 648749 3 129790 11 0 153770 960267 120 363644\n"}
{"timestamp":1767898158,"subsystem":"/proc/meminfo","measurement":"MemTotal:       16327188 kB\nMemFree:        13519076 kB\nMemAvailable:   15573300 kB\nBuffers:           49884 kB\nCached:          2199444 kB\nSwapCached:            0 kB\nActive:           585748 kB\nInactive:        1847096 kB\nActive(anon):     196668 kB\nInactive(anon):        0 kB\nActive(file):     389080 kB\nInactive(file):  1847096 kB\nUnevictable:       30368 kB\nMlocked:           27296 kB\nSwapTotal:             0 kB\nSwapFree:              0 kB\nZswap:                 0 kB\nZswapped:              0 kB\nDirty:                 8 kB\nWriteback:             0 kB\nAnonPages:        213788 kB\nMapped:           188892 kB\nShmem:              4420 kB\nKReclaimable:     158820 kB\nSlab:             247804 kB\nSReclaimable:     158820 kB\nSUnreclaim:        88984 kB\nKernelStack:        4512 kB\nPageTables:         5864 kB\nSecPageTables:         0 kB\nNFS_Unstable:          0 kB\nBounce:                0 kB\nWritebackTmp:          0 kB\nCommitLimit:     8163592 kB\nCommitted_AS:     955692 kB\nVmallocTotal:   34359738367 kB\nVmallocUsed:       31852 kB\nVmallocChunk:          0 kB\nPercpu:             2592 kB\nHardwareCorrupted:     0 kB\nAnonHugePages:     88064 kB\nShmemHugePages:        0 kB\nShmemPmdMapped:        0 kB\nFileHugePages:         0 kB\nFilePmdMapped:         0 kB\nUnaccepted:            0 kB\nHugePages_Total:       0\nHugePages_Free:        0\nHugePages_Rsvd:        0\nHugePages_Surp:        0\nHugepagesize:       2048 kB\nHugetlb:               0 kB\nDirectMap4k:      109736 kB\nDirectMap2M:     2983936 kB\nDirectMap1G:    15728640 kB\n"}
{"timestamp":1767898158,"subsystem":"/proc/net/dev","measurement":"Inter-|   Receive                                                |  Transmit\n face |bytes    packets errs drop fifo frame compressed multicast|bytes    packets errs drop fifo colls carrier compressed\n    lo:    6603      48    0    0    0     0          0         0     6603      48    0    0    0     0       0          0\n  eth0: 238034988  216413    0    0    0     0          0         0 19610058   80213    0    0    0     0       0          0\ndocker0:  969265   14408    0    0    0     0          0         0 195902165   22174    0    2    0     0       0          0\nvethf098dbd:  423580    5298    0    0    0     0          0         0 65308267    7911    0    0    0     0       0          0\nveth5046f66:  372136    4521    0    0    0     0          0         0 65534335    7148    0    0    0     0       0          0\nvethcbb1c2f:  375261    4589    0    0    0     0          0         0 65065345    7198    0    0    0     0       0          0\n"}
{"timestamp":1767898158,"subsystem":"/proc/diskstats","measurement":"   7       0 loop0 11 0 28 0 0 0 0 0 0 0 0 0 0 0 0 0 0\n   7       1 loop1 0 0 0 0 0 0 0 0 0 0 0 0 0 0 0 0 0\n   7       2 loop2 0 0 0 0 0 0 0 0 0 0 0 0 0 0 0 0 0\n   7       3 loop3 0 0 0 0 0 0 0 0 0 0 0 0 0 0 0 0 0\n   7       4 loop4 0 0 0 0 0 0 0 0 0 0 0 0 0 0 0 0 0\n   7       5 loop5 0 0 0 0 0 0 0 0 0 0 0 0 0 0 0 0 0\n   7       6 loop6 0 0 0 0 0 0 0 0 0 0 0 0 0 0 0 0 0\n   7       7 loop7 0 0 0 0 0 0 0 0 0 0 0 0 0 0 0 0 0\n   8      16 sdb 322 0 20650 54 691 1090 1319960 7280 0 1940 7336 17 16 67104776 2 0 0\n   8      17 sdb1 263 0 18202 45 691 1090 1319960 7280 0 1973 7328 17 16 67104776 2 0 0\n   8       0 sda 10236 2962 942699 15606 52147 51255 44343916 4169687 0 161704 4267584 2623 1028 90387432 8661 2247 73628\n   8       1 sda1 9678 2262 909167 15474 51946 51235 44343688 4167753 0 176564 4191880 2620 1027 90375144 8652 0 0\n   8      14 sda14 127 0 1264 26 0 0 0 0 0 26 26 0 0 0 0 0 0\n   8      15 sda15 205 666 18510 52 2 0 2 0 0 38 53 0 0 0 0 0 0\n 259       0 sda16 178 34 11790 40 199 20 226 1932 0 1959 1983 3 1 12288 9 0 0\n"}
{"timestamp":1767898158,"subsystem":"statfs[*]","measurement":"{\"mount_point\":\"/\",\"block_size\":4096,\"blocks_total\":7344928,\"blocks_free\":6262772,\"blocks_available\":6258676}\n{\"mount_point\":\"/boot\",\"block_size\":4096,\"blocks_total\":225380,\"blocks_free\":209465,\"blocks_available\":193683}\n{\"mount_point\":\"/boot/efi\",\"block_size\":512,\"blocks_total\":213663,\"blocks_free\":201164,\"blocks_available\":201164}\n{\"mount_point\":\"/mnt\",\"block_size\":4096,\"blocks_total\":8211396,\"blocks_free\":8211389,\"blocks_available\":7787889}\n"}
{"timestamp":1767898168,"subsystem":"/proc/stat","measurement":"cpu  195222 0 15528 5782289 19353 0 179 0 0 0\ncpu0 47932 0 3309 1446885 4975 0 40 0 0 0\ncpu1 49770 0 3469 1444820 5001 0 81 0 0 0\ncpu2 48474 0 4410 1445449 4763 0 33 0 0 0\ncpu3 49044 0 4338 1445134 4612 0 24 0 0 0\nintr 5063854 0 0 0 0 2339 0 0 0 0 0 0 0 0 0 0 0 0 0 0 0 0 0 0 0 0 0 0 0 0 0 0 0 0 0 0 0 0 0 0 0 0 0 0 0 0 0 0 0 0 0 0 0 0 0 0 0 0 0 0 0 0 0 0 0 0 0 0 0 0 0 0 0 0 0 0 0 0 0 0 0 0 0 0 0 0 0 0 0 0 0 0 0 0 0 0 0 0 0 0 0 0 0 0 0 0 0 0 0 0 0 0 0 0 0 0 0 0 0 0 0 0 0 0 0 0 0 0 0 0 0 0 0 0 0 0 0 0 0 0 0 0 0 0 0 0 0 0 0 0 0 0 0 0 0 0 0 0 0 0 0 0 0 0 0 0 0 0 0 0 0 0 0 0 0 0 0 0 0 0 0 0 0 0 0 0 0 0 0 0 0 0 0 0 0 0 0 0 0 0 0 0 0 0 0 0 0 0 0 0 0 0 0 0 0 0 0 0 0 0 0 0 0 0 0 0 0 0 0 0 0 0 0 0 0 0 0 0 0 0 0 0 0 0 0 0 0 0 0 0 0 0 0 0 0 0 0 0 0 0 0 0 0 0 0 0 0 0 0 0 0 0 0 0 0 0 0 0 0 0 0 0 0 0 0 0 0 0 0 0 0 0 0 0 0 0 0 0 0 0 0 0 0 0 0 0 0 0 0 0 0 0 0 0 0 0 0 0 0 0 0 0 0 0 0 0 0 0 0 0 0 0 0 0 0 0 0 0 0 0 0 0 0 0 0 0 0 0 0 0 0 0 0 0 0 0 0 0 0 0 0 0 0 0 0 0 0 0 0 0 0 0 0 0 0 0 0 0 0 0 0 0 0 0 0 0 0 0 0 0 0 0 0 0 0 0 0 0 0 0 0 0 0 0 0 0 0 0 0 0 0 0 0 0 0 0 0 0 0 0 0 0 0 0 0 0 0 0 0 0 0 0 0 0 0 0 0 0 0 0 0 0 0 0 0 0 0 0 0 0 0 0 0 0 0 0 0\nctxt 3136223\nbtime 1767883122\nprocesses 31187\nprocs_running 1\nprocs_blocked 0\nsoftirq 2258043 0 649248 3 129898 11 0 153827 960993 120 363943\n"}
{"timestamp":1767898168,"subsystem":"/proc/meminfo","measurement":"MemTotal:       16327188 kB\nMemFree:        13336372 kB\nMemAvailable:   15562820 kB\nBuffers:           49892 kB\nCached:          2369436 kB\nSwapCached:            0 kB\nActive:           588556 kB\nInactive:        2017096 kB\nActive(anon):     199476 kB\nInactive(anon):        0 kB\nActive(file):     389080 kB\nInactive(file):  2017096 kB\nUnevictable:       30368 kB\nMlocked:           27296 kB\nSwapTotal:             0 kB\nSwapFree:              0 kB\nZswap:                 0 kB\nZswapped:              0 kB\nDirty:            190468 kB\nWriteback:             0 kB\nAnonPages:        216812 kB\nMapped:           194124 kB\nShmem:              4420 kB\nKReclaimable:     163268 kB\nSlab:             252604 kB\nSReclaimable:     163268 kB\nSUnreclaim:        89336 kB\nKernelStack:        4512 kB\nPageTables:         5940 kB\nSecPageTables:         0 kB\nNFS_Unstable:          0 kB\nBounce:                0 kB\nWritebackTmp:          0 kB\nCommitLimit:     8163592 kB\nCommitted_AS:     969036 kB\nVmallocTotal:   34359738367 kB\nVmallocUsed:       31868 kB\nVmallocChunk:          0 kB\nPercpu:             2592 kB\nHardwareCorrupted:     0 kB\nAnonHugePages:     90112 kB\nShmemHugePages:        0 kB\nShmemPmdMapped:        0 kB\nFileHugePages:         0 kB\nFilePmdMapped:         0 kB\nUnaccepted:            0 kB\nHugePages_Total:       0\nHugePages_Free:        0\nHugePages_Rsvd:        0\nHugePages_Surp:        0\nHugepagesize:       2048 kB\nHugetlb:               0 kB\nDirectMap4k:      109736 kB\nDirectMap2M:     2983936 kB\nDirectMap1G:    15728640 kB\n"}
{"timestamp":1767898168,"subsystem":"/proc/net/dev","measurement":"Inter-|   Receive                                                |  Transmit\n face |bytes    packets errs drop fifo frame compressed multicast|bytes    packets errs drop fifo colls carrier compressed\n    lo:    6603      48    0    0    0     0          0         0     6603      48    0    0    0     0       0          0\n  eth0: 238064820  216475    0    0    0     0          0         0 19622535   80277    0    0    0     0       0          0\ndocker0:  970930   14435    0    0    0     0          0         0 195923721   22196    0    2    0     0       0          0\nvethf098dbd:  425201    5320    0    0    0     0          0         0 65329453    7929    0    0    0     0       0          0\nveth5046f66:  372558    4526    0    0    0     0          0         0 65534705    7152    0    0    0     0       0          0\nvethcbb1c2f:  375261    4589    0    0    0     0          0         0 65065345    7198    0    0    0     0       0          0\n"}
{"timestamp":1767898168,"subsystem":"/proc/diskstats","measurement":"   7       0 loop0 11 0 28 0 0 0 0 0 0 0 0 0 0 0 0 0 0\n   7       1 loop1 0 0 0 0 0 0 0 0 0 0 0 0 0 0 0 0 0\n   7       2 loop2 0 0 0 0 0 0 0 0 0 0 0 0 0 0 0 0 0\n   7       3 loop3 0 0 0 0 0 0 0 0 0 0 0 0 0 0 0 0 0\n   7       4 loop4 0 0 0 0 0 0 0 0 0 0 0 0 0 0 0 0 0\n   7       5 loop5 0 0 0 0 0 0 0 0 0 0 0 0 0 0 0 0 0\n   7       6 loop6 0 0 0 0 0 0 0 0 0 0 0 0 0 0 0 0 0\n   7       7 loop7 0 0 0 0 0 0 0 0 0 0 0 0 0 0 0 0 0\n   8      16 sdb 322 0 20650 54 691 1090 1319960 7280 0 1940 7336 17 16 67104776 2 0 0\n   8      17 sdb1 263 0 18202 45 691 1090 1319960 7280 0 1973 7328 17 16 67104776 2 0 0\n   8       0 sda 10236 2962 942699 15606 52195 51279 44397548 4169859 0 161794 4267834 2632 1035 91337752 8683 2249 73684\n   8       1 sda1 9678 2262 909167 15474 51993 51259 44397320 4167926 0 176656 4192074 2629 1034 91325464 8674 0 0\n   8      14 sda14 127 0 1264 26 0 0 0 0 0 26 26 0 0 0 0 0 0\n   8      15 sda15 205 666 18510 52 2 0 2 0 0 38 53 0 0 0 0 0 0\n 259       0 sda16 178 34 11790 40 200 20 226 1932 0 1959 1983 3 1 12288 9 0 0\n"}
{"timestamp":1767898168,"subsystem":"statfs[*]","measurement":"{\"mount_point\":\"/\",\"block_size\":4096,\"blocks_total\":7344928,\"blocks_free\":6220274,\"blocks_available\":6216178}\n{\"mount_point\":\"/boot\",\"block_size\":4096,\"blocks_total\":225380,\"blocks_free\":209465,\"blocks_available\":193683}\n{\"mount_point\":\"/boot/efi\",\"block_size\":512,\"blocks_total\":213663,\"blocks_free\":201164,\"blocks_available\":201164}\n{\"mount_point\":\"/mnt\",\"block_size\":4096,\"blocks_total\":8211396,\"blocks_free\":8211389,\"blocks_available\":7787889}\n"}
{"timestamp":1767898178,"subsystem":"/proc/stat","measurement":"cpu  195230 0 15633 5785882 19640 0 180 0 0 0\ncpu0 47934 0 3332 1447829 5005 0 40 0 0 0\ncpu1 49773 0 3515 1445590 5180 0 82 0 0 0\ncpu2 48476 0 4421 1446386 4812 0 33 0 0 0\ncpu3 49045 0 4364 1446075 4642 0 24 0 0 0\nintr 5069358 0 0 0 0 2339 0 0 0 0 0 0 0 0 0 0 0 0 0 0 0 0 0 0 0 0 0 0 0 0 0 0 0 0 0 0 0 0 0 0 0 0 0 0 0 0 0 0 0 0 0 0 0 0 0 0 0 0 0 0 0 0 0 0 0 0 0 0 0 0 0 0 0 0 0 0 0 0 0 0 0 0 0 0 0 0 0 0 0 0 0 0 0 0 0 0 0 0 0 0 0 0 0 0 0 0 0 0 0 0 0 0 0 0 0 0 0 0 0 0 0 0 0 0 0 0 0 0 0 0 0 0 0 0 0 0 0 0 0 0 0 0 0 0 0 0 0 0 0 0 0 0 0 0 0 0 0 0 0 0 0 0 0 0 0 0 0 0 0 0 0 0 0 0 0 0 0 0 0 0 0 0 0 0 0 0 0 0 0 0 0 0 0 0 0 0 0 0 0 0 0 0 0 0 0 0 0 0 0 0 0 0 0 0 0 0 0 0 0 0 0 0 0 0 0 0 0 0 0 0 0 0 0 0 0 0 0 0 0 0 0 0 0 0 0 0 0 0 0 0 0 0 0 0 0 0 0 0 0 0 0 0 0 0 0 0 0 0 0 0 0 0 0 0 0 0 0 0 0 0 0 0 0 0 0 0 0 0 0 0 0 0 0 0 0 0 0 0 0 0 0 0 0 0 0 0 0 0 0 0 0 0 0 0 0 0 0 0 0 0 0 0 0 0 0 0 0 0 0 0 0 0 0 0 0 0 0 0 0 0 0 0 0 0 0 0 0 0 0 0 0 0 0 0 0 0 0 0 0 0 0 0 0 0 0 0 0 0 0 0 0 0 0 0 0 0 0 0 0 0 0 0 0 0 0 0 0 0 0 0 0 0 0 0 0 0 0 0 0 0 0 0 0 0 0 0 0 0 0 0 0 0 0 0 0 0 0 0 0 0 0 0 0 0 0 0 0 0 0 0 0 0 0 0 0 0 0 0 0 0 0 0 0 0 0 0 0 0 0 0 0 0 0 0 0 0 0\nctxt 3143051\nbtime 1767883122\nprocesses 31371\nprocs_running 2\nprocs_blocked 0\nsoftirq 2261201 0 649929 3 130059 11 0 154120 962166 120 364793\n"}
{"timestamp":1767898178,"subsystem":"/proc/meminfo","measurement":"MemTotal:       16327188 kB\nMemFree:        13774528 kB\nMemAvailable:   15557888 kB\nBuffers:           49908 kB\nCached:          1932196 kB\nSwapCached:            0 kB\nActive:           587844 kB\nInactive:        1579872 kB\nActive(anon):     198764 kB\nInactive(anon):        0 kB\nActive(file):     389080 kB\nInactive(file):  1579872 kB\nUnevictable:       30368 kB\nMlocked:           27296 kB\nSwapTotal:             0 kB\nSwapFree:              0 kB\nZswap:                 0 kB\nZswapped:              0 kB\nDirty:                 0 kB\nWriteback:             0 kB\nAnonPages:        215884 kB\nMapped:           188892 kB\nShmem:              4420 kB\nKReclaimable:     151544 kB\nSlab:             239704 kB\nSReclaimable:     151544 kB\nSUnreclaim:        88160 kB\nKernelStack:        4512 kB\nPageTables:         5872 kB\nSecPageTables:         0 kB\nNFS_Unstable:          0 kB\nBounce:                0 kB\nWritebackTmp:          0 kB\nCommitLimit:     8163592 kB\nCommitted_AS:     959788 kB\nVmallocTotal:   34359738367 kB\nVmallocUsed:       31852 kB\nVmallocChunk:          0 kB\nPercpu:             2592 kB\nHardwareCorrupted:     0 kB\nAnonHugePages:     90112 kB\nShmemHugePages:        0 kB\nShmemPmdMapped:        0 kB\nFileHugePages:         0 kB\nFilePmdMapped:         0 kB\nUnaccepted:            0 kB\nHugePages_Total:       0\nHugePages_Free:        0\nHugePages_Rsvd:        0\nHugePages_Surp:        0\nHugepagesize:       2048 kB\nHugetlb:               0 kB\nDirectMap4k:      109736 kB\nDirectMap2M:     2983936 kB\nDirectMap1G:    15728640 kB\n"}
{"timestamp":1767898178,"subsystem":"/proc/net/dev","measurement":"Inter-|   Receive                                                |  Transmit\n face |bytes    packets errs drop fifo frame compressed multicast|bytes    packets errs drop fifo colls carrier compressed\n    lo:    6603      48    0    0    0     0          0         0     6603      48    0    0    0     0       0          0\n  eth0: 238137887  216587    0    0    0     0          0         0 19637908   80376    0    0    0     0       0          0\ndocker0:  974357   14492    0    0    0     0          0         0 195986638   22242    0    2    0     0       0          0\nvethf098dbd:  426780    5341    0    0    0     0          0         0 65350612    7946    0    0    0     0       0          0\nveth5046f66:  373691    4542    0    0    0     0          0         0 65555349    7165    0    0    0     0       0          0\nvethcbb1c2f:  376774    4609    0    0    0     0          0         0 65086459    7214    0    0    0     0       0          0\n"}
{"timestamp":1767898178,"subsystem":"/proc/diskstats","measurement":"   7       0 loop0 11 0 28 0 0 0 0 0 0 0 0 0 0 0 0 0 0\n   7       1 loop1 0 0 0 0 0 0 0 0 0 0 0 0 0 0 0 0 0\n   7       2 loop2 0 0 0 0 0 0 0 0 0 0 0 0 0 0 0 0 0\n   7       3 loop3 0 0 0 0 0 0 0 0 0 0 0 0 0 0 0 0 0\n   7       4 loop4 0 0 0 0 0 0 0 0 0 0 0 0 0 0 0 0 0\n   7       5 loop5 0 0 0 0 0 0 0 0 0 0 0 0 0 0 0 0 0\n   7       6 loop6 0 0 0 0 0 0 0 0 0 0 0 0 0 0 0 0 0\n   7       7 loop7 0 0 0 0 0 0 0 0 0 0 0 0 0 0 0 0 0\n   8      16 sdb 322 0 20650 54 691 1090 1319960 7280 0 1940 7336 17 16 67104776 2 0 0\n   8      17 sdb1 263 0 18202 45 691 1090 1319960 7280 0 1973 7328 17 16 67104776 2 0 0\n   8       0 sda 10236 2962 942699 15606 52569 51332 45153972 4272015 0 164300 4370978 2644 1043 92419152 8713 2254 74643\n   8       1 sda1 9678 2262 909167 15474 52364 51312 45153744 4270073 0 179277 4294251 2641 1042 92406864 8703 0 0\n   8      14 sda14 127 0 1264 26 0 0 0 0 0 26 26 0 0 0 0 0 0\n   8      15 sda15 205 666 18510 52 2 0 2 0 0 38 53 0 0 0 0 0 0\n 259       0 sda16 178 34 11790 40 203 20 226 1940 0 3414 1991 3 1 12288 9 0 0\n"}
{"timestamp":1767898178,"subsystem":"statfs[*]","measurement":"{\"mount_point\":\"/\",\"block_size\":4096,\"blocks_total\":7344928,\"blocks_free\":6329583,\"blocks_available\":6325487}\n{\"mount_point\":\"/boot\",\"block_size\":4096,\"blocks_total\":225380,\"blocks_free\":209465,\"blocks_available\":193683}\n{\"mount_point\":\"/boot/efi\",\"block_size\":512,\"blocks_total\":213663,\"blocks_free\":201164,\"blocks_available\":201164}\n{\"mount_point\":\"/mnt\",\"block_size\":4096,\"blocks_total\":8211396,\"blocks_free\":8211389,\"blocks_available\":7787889}\n"}
{"timestamp":1767898188,"subsystem":"/proc/stat","measurement":"cpu  195235 0 15849 5789322 19970 0 180 0 0 0\ncpu0 47935 0 3427 1448692 5044 0 40 0 0 0\ncpu1 49775 0 3587 1446413 5282 0 82 0 0 0\ncpu2 48477 0 4464 1447188 4963 0 33 0 0 0\ncpu3 49046 0 4369 1447029 4680 0 24 0 0 0\nintr 5075870 0 0 0 0 2339 0 0 0 0 0 0 0 0 0 0 0 0 0 0 0 0 0 0 0 0 0 0 0 0 0 0 0 0 0 0 0 0 0 0 0 0 0 0 0 0 0 0 0 0 0 0 0 0 0 0 0 0 0 0 0 0 0 0 0 0 0 0 0 0 0 0 0 0 0 0 0 0 0 0 0 0 0 0 0 0 0 0 0 0 0 0 0 0 0 0 0 0 0 0 0 0 0 0 0 0 0 0 0 0 0 0 0 0 0 0 0 0 0 0 0 0 0 0 0 0 0 0 0 0 0 0 0 0 0 0 0 0 0 0 0 0 0 0 0 0 0 0 0 0 0 0 0 0 0 0 0 0 0 0 0 0 0 0 0 0 0 0 0 0 0 0 0 0 0 0 0 0 0 0 0 0 0 0 0 0 0 0 0 0 0 0 0 0 0 0 0 0 0 0 0 0 0 0 0 0 0 0 0 0 0 0 0 0 0 0 0 0 0 0 0 0 0 0 0 0 0 0 0 0 0 0 0 0 0 0 0 0 0 0 0 0 0 0 0 0 0 0 0 0 0 0 0 0 0 0 0 0 0 0 0 0 0 0 0 0 0 0 0 0 0 0 0 0 0 0 0 0 0 0 0 0 0 0 0 0 0 0 0 0 0 0 0 0 0 0 0 0 0 0 0 0 0 0 0 0 0 0 0 0 0 0 0 0 0 0 0 0 0 0 0 0 0 0 0 0 0 0 0 0 0 0 0 0 0 0 0 0 0 0 0 0 0 0 0 0 0 0 0 0 0 0 0 0 0 0 0 0 0 0 0 0 0 0 0 0 0 0 0 0 0 0 0 0 0 0 0 0 0 0 0 0 0 0 0 0 0 0 0 0 0 0 0 0 0 0 0 0 0 0 0 0 0 0 0 0 0 0 0 0 0 0 0 0 0 0 0 0 0 0 0 0 0 0 0 0 0 0 0 0 0 0 0 0 0 0 0 0 0 0 0 0 0 0 0 0 0 0 0 0 0 0 0 0 0 0 0\nctxt 3149208\nbtime 1767883122\nprocesses 31420\nprocs_running 1\nprocs_blocked 0\nsoftirq 2263978 0 650674 3 130172 11 0 154409 963339 120 365250\n"}
{"timestamp":1767898188,"subsystem":"/proc/meminfo","measurement":"MemTotal:       16327188 kB\nMemFree:        13247276 kB\nMemAvailable:   15560964 kB\nBuffers:           49920 kB\nCached:          2455472 kB\nSwapCached:            0 kB\nActive:           589148 kB\nInactive:        2103160 kB\nActive(anon):     200068 kB\nInactive(anon):        0 kB\nActive(file):     389080 kB\nInactive(file):  2103160 kB\nUnevictable:       30368 kB\nMlocked:           27296 kB\nSwapTotal:             0 kB\nSwapFree:              0 kB\nZswap:                 0 kB\nZswapped:              0 kB\nDirty:            168960 kB\nWriteback:             0 kB\nAnonPages:        217324 kB\nMapped:           189308 kB\nShmem:              4420 kB\nKReclaimable:     165620 kB\nSlab:             255016 kB\nSReclaimable:     165620 kB\nSUnreclaim:        89396 kB\nKernelStack:        4544 kB\nPageTables:         6012 kB\nSecPageTables:         0 kB\nNFS_Unstable:          0 kB\nBounce:                0 kB\nWritebackTmp:          0 kB\nCommitLimit:     8163592 kB\nCommitted_AS:     962768 kB\nVmallocTotal:   34359738367 kB\nVmallocUsed:       31920 kB\nVmallocChunk:          0 kB\nPercpu:             2592 kB\nHardwareCorrupted:     0 kB\nAnonHugePages:     90112 kB\nShmemHugePages:        0 kB\nShmemPmdMapped:        0 kB\nFileHugePages:         0 kB\nFilePmdMapped:         0 kB\nUnaccepted:            0 kB\nHugePages_Total:       0\nHugePages_Free:        0\nHugePages_Rsvd:        0\nHugePages_Surp:        0\nHugepagesize:       2048 kB\nHugetlb:               0 kB\nDirectMap4k:      109736 kB\nDirectMap2M:     2983936 kB\nDirectMap1G:    15728640 kB\n"}
{"timestamp":1767898188,"subsystem":"/proc/net/dev","measurement":"Inter-|   Receive                                                |  Transmit\n face |bytes    packets errs drop fifo frame compressed multicast|bytes    packets errs drop fifo colls carrier compressed\n    lo:    6603      48    0    0    0     0          0         0     6603      48    0    0    0     0       0          0\n  eth0: 238188188  216664    0    0    0     0          0         0 19648455   80439    0    0    0     0       0          0\ndocker0:  976719   14530    0    0    0     0          0         0 196028598   22272    0    2    0     0       0          0\nvethf098dbd:  428227    5360    0    0    0     0          0         0 65371607    7961    0    0    0     0       0          0\nveth5046f66:  373691    4542    0    0    0     0          0         0 65555349    7165    0    0    0     0       0          0\nvethcbb1c2f:  378221    4628    0    0    0     0          0         0 65107424    7229    0    0    0     0       0          0\n"}
{"timestamp":1767898188,"subsystem":"/proc/diskstats","measurement":"   7       0 loop0 11 0 28 0 0 0 0 0 0 0 0 0 0 0 0 0 0\n   7       1 loop1 0 0 0 0 0 0 0 0 0 0 0 0 0 0 0 0 0\n   7       2 loop2 0 0 0 0 0 0 0 0 0 0 0 0 0 0 0 0 0\n   7       3 loop3 0 0 0 0 0 0 0 0 0 0 0 0 0 0 0 0 0\n   7       4 loop4 0 0 0 0 0 0 0 0 0 0 0 0 0 0 0 0 0\n   7       5 loop5 0 0 0 0 0 0 0 0 0 0 0 0 0 0 0 0 0\n   7       6 loop6 0 0 0 0 0 0 0 0 0 0 0 0 0 0 0 0 0\n   7       7 loop7 0 0 0 0 0 0 0 0 0 0 0 0 0 0 0 0 0\n   8      16 sdb 322 0 20650 54 691 1090 1319960 7280 0 1940 7336 17 16 67104776 2 0 0\n   8      17 sdb1 263 0 18202 45 691 1090 1319960 7280 0 1973 7328 17 16 67104776 2 0 0\n   8       0 sda 10236 2962 942699 15606 52922 51372 45912228 4475471 0 166903 4575174 2662 1059 93248648 8767 2256 75328\n   8       1 sda1 9678 2262 909167 15474 52716 51352 45912000 4473526 0 181958 4497758 2659 1058 93236360 8757 0 0\n   8      14 sda14 127 0 1264 26 0 0 0 0 0 26 26 0 0 0 0 0 0\n   8      15 sda15 205 666 18510 52 2 0 2 0 0 38 53 0 0 0 0 0 0\n 259       0 sda16 178 34 11790 40 204 20 226 1944 0 3418 1994 3 1 12288 9 0 0\n"}
{"timestamp":1767898188,"subsystem":"statfs[*]","measurement":"{\"mount_point\":\"/\",\"block_size\":4096,\"blocks_total\":7344928,\"blocks_free\":6198761,\"blocks_available\":6194665}\n{\"mount_point\":\"/boot\",\"block_size\":4096,\"blocks_total\":225380,\"blocks_free\":209465,\"blocks_available\":193683}\n{\"mount_point\":\"/boot/efi\",\"block_size\":512,\"blocks_total\":213663,\"blocks_free\":201164,\"blocks_available\":201164}\n{\"mount_point\":\"/mnt\",\"block_size\":4096,\"blocks_total\":8211396,\"blocks_free\":8211389,\"blocks_available\":7787889}\n"}
{"timestamp":1767898198,"subsystem":"/proc/stat","measurement":"cpu  195239 0 15886 5793083 20161 0 180 0 0 0\ncpu0 47936 0 3436 1449645 5078 0 40 0 0 0\ncpu1 49777 0 3601 1447308 5370 0 82 0 0 0\ncpu2 48478 0 4469 1448122 5021 0 33 0 0 0\ncpu3 49047 0 4378 1448006 4690 0 24 0 0 0\nintr 5079168 0 0 0 0 2339 0 0 0 0 0 0 0 0 0 0 0 0 0 0 0 0 0 0 0 0 0 0 0 0 0 0 0 0 0 0 0 0 0 0 0 0 0 0 0 0 0 0 0 0 0 0 0 0 0 0 0 0 0 0 0 0 0 0 0 0 0 0 0 0 0 0 0 0 0 0 0 0 0 0 0 0 0 0 0 0 0 0 0 0 0 0 0 0 0 0 0 0 0 0 0 0 0 0 0 0 0 0 0 0 0 0 0 0 0 0 0 0 0 0 0 0 0 0 0 0 0 0 0 0 0 0 0 0 0 0 0 0 0 0 0 0 0 0 0 0 0 0 0 0 0 0 0 0 0 0 0 0 0 0 0 0 0 0 0 0 0 0 0 0 0 0 0 0 0 0 0 0 0 0 0 0 0 0 0 0 0 0 0 0 0 0 0 0 0 0 0 0 0 0 0 0 0 0 0 0 0 0 0 0 0 0 0 0 0 0 0 0 0 0 0 0 0 0 0 0 0 0 0 0 0 0 0 0 0 0 0 0 0 0 0 0 0 0 0 0 0 0 0 0 0 0 0 0 0 0 0 0 0 0 0 0 0 0 0 0 0 0 0 0 0 0 0 0 0 0 0 0 0 0 0 0 0 0 0 0 0 0 0 0 0 0 0 0 0 0 0 0 0 0 0 0 0 0 0 0 0 0 0 0 0 0 0 0 0 0 0 0 0 0 0 0 0 0 0 0 0 0 0 0 0 0 0 0 0 0 0 0 0 0 0 0 0 0 0 0 0 0 0 0 0 0 0 0 0 0 0 0 0 0 0 0 0 0 0 0 0 0 0 0 0 0 0 0 0 0 0 0 0 0 0 0 0 0 0 0 0 0 0 0 0 0 0 0 0 0 0 0 0 0 0 0 0 0 0 0 0 0 0 0 0 0 0 0 0 0 0 0 0 0 0 0 0 0 0 0 0 0 0 0 0 0 0 0 0 0 0 0 0 0 0 0 0 0 0 0 0 0 0 0 0 0 0 0 0 0 0\nctxt 3154455\nbtime 1767883122\nprocesses 31538\nprocs_running 1\nprocs_blocked 0\nsoftirq 2266200 0 651278 3 130292 11 0 154612 964182 120 365702\n"}
{"timestamp":1767898198,"subsystem":"/proc/meminfo","measurement":"MemTotal:       16327188 kB\nMemFree:        13271064 kB\nMemAvailable:   15519720 kB\nBuffers:           49940 kB\nCached:          2390964 kB\nSwapCached:            0 kB\nActive:           587924 kB\nInactive:        2038672 kB\nActive(anon):     198844 kB\nInactive(anon):        0 kB\nActive(file):     389080 kB\nInactive(file):  2038672 kB\nUnevictable:       30368 kB\nMlocked:           27296 kB\nSwapTotal:             0 kB\nSwapFree:              0 kB\nZswap:                 0 kB\nZswapped:              0 kB\nDirty:                 0 kB\nWriteback:             0 kB\nAnonPages:        215996 kB\nMapped:           188892 kB\nShmem:              4420 kB\nKReclaimable:     164532 kB\nSlab:             254208 kB\nSReclaimable:     164532 kB\nSUnreclaim:        89676 kB\nKernelStack:        4512 kB\nPageTables:         5880 kB\nSecPageTables:         0 kB\nNFS_Unstable:          0 kB\nBounce:                0 kB\nWritebackTmp:          0 kB\nCommitLimit:     8163592 kB\nCommitted_AS:     959788 kB\nVmallocTotal:   34359738367 kB\nVmallocUsed:       31884 kB\nVmallocChunk:          0 kB\nPercpu:             2592 kB\nHardwareCorrupted:     0 kB\nAnonHugePages:     92160 kB\nShmemHugePages:        0 kB\nShmemPmdMapped:        0 kB\nFileHugePages:         0 kB\nFilePmdMapped:         0 kB\nUnaccepted:            0 kB\nHugePages_Total:       0\nHugePages_Free:        0\nHugePages_Rsvd:        0\nHugePages_Surp:        0\nHugepagesize:       2048 kB\nHugetlb:               0 kB\nDirectMap4k:      109736 kB\nDirectMap2M:     2983936 kB\nDirectMap1G:    15728640 kB\n"}
{"timestamp":1767898198,"subsystem":"/proc/net/dev","measurement":"Inter-|   Receive                                                |  Transmit\n face |bytes    packets errs drop fifo frame compressed multicast|bytes    packets errs drop fifo colls carrier compressed\n    lo:    6603      48    0    0    0     0          0         0     6603      48    0    0    0     0       0          0\n  eth0: 238221304  216735    0    0    0     0          0         0 19662221   80512    0    0    0     0       0          0\ndocker0:  977956   14551    0    0    0     0          0         0 196049677   22289    0    2    0     0       0          0\nvethf098dbd:  428227    5360    0    0    0     0          0         0 65371607    7961    0    0    0     0       0          0\nveth5046f66:  375180    4562    0    0    0     0          0         0 65576386    7181    0    0    0     0       0          0\nvethcbb1c2f:  378263    4629    0    0    0     0          0         0 65107466    7230    0    0    0     0       0          0\n"}
{"timestamp":1767898198,"subsystem":"/proc/diskstats","measurement":"   7       0 loop0 11 0 28 0 0 0 0 0 0 0 0 0 0 0 0 0 0\n   7       1 loop1 0 0 0 0 0 0 0 0 0 0 0 0 0 0 0 0 0\n   7       2 loop2 0 0 0 0 0 0 0 0 0 0 0 0 0 0 0 0 0\n   7       3 loop3 0 0 0 0 0 0 0 0 0 0 0 0 0 0 0 0 0\n   7       4 loop4 0 0 0 0 0 0 0 0 0 0 0 0 0 0 0 0 0\n   7       5 loop5 0 0 0 0 0 0 0 0 0 0 0 0 0 0 0 0 0\n   7       6 loop6 0 0 0 0 0 0 0 0 0 0 0 0 0 0 0 0 0\n   7       7 loop7 0 0 0 0 0 0 0 0 0 0 0 0 0 0 0 0 0\n   8      16 sdb 322 0 20650 54 691 1090 1319960 7280 0 1940 7336 17 16 67104776 2 0 0\n   8      17 sdb1 263 0 18202 45 691 1090 1319960 7280 0 1973 7328 17 16 67104776 2 0 0\n   8       0 sda 10236 2962 942699 15606 53166 51400 46353260 4519057 0 168495 4619483 2665 1060 93478072 8778 2260 76040\n   8       1 sda1 9678 2262 909167 15474 52958 51380 46353032 4517104 0 183664 4541347 2662 1059 93465784 8769 0 0\n   8      14 sda14 127 0 1264 26 0 0 0 0 0 26 26 0 0 0 0 0 0\n   8      15 sda15 205 666 18510 52 2 0 2 0 0 38 53 0 0 0 0 0 0\n 259       0 sda16 178 34 11790 40 206 20 226 1952 0 3427 2002 3 1 12288 9 0 0\n"}
{"timestamp":1767898198,"subsystem":"statfs[*]","measurement":"{\"mount_point\":\"/\",\"block_size\":4096,\"blocks_total\":7344928,\"blocks_free\":6214887,\"blocks_available\":6210791}\n{\"mount_point\":\"/boot\",\"block_size\":4096,\"blocks_total\":225380,\"blocks_free\":209465,\"blocks_available\":193683}\n{\"mount_point\":\"/boot/efi\",\"block_size\":512,\"blocks_total\":213663,\"blocks_free\":201164,\"blocks_available\":201164}\n{\"mount_point\":\"/mnt\",\"block_size\":4096,\"blocks_total\":8211396,\"blocks_free\":8211389,\"blocks_available\":7787889}\n"}
{"timestamp":1767898208,"subsystem":"/proc/stat","measurement":"cpu  195243 0 16012 5796873 20237 0 181 0 0 0\ncpu0 47937 0 3512 1450568 5078 0 40 0 0 0\ncpu1 49777 0 3631 1448222 5423 0 82 0 0 0\ncpu2 48480 0 4485 1449089 5036 0 33 0 0 0\ncpu3 49047 0 4383 1448992 4698 0 24 0 0 0\nintr 5083764 0 0 0 0 2339 0 0 0 0 0 0 0 0 0 0 0 0 0 0 0 0 0 0 0 0 0 0 0 0 0 0 0 0 0 0 0 0 0 0 0 0 0 0 0 0 0 0 0 0 0 0 0 0 0 0 0 0 0 0 0 0 0 0 0 0 0 0 0 0 0 0 0 0 0 0 0 0 0 0 0 0 0 0 0 0 0 0 0 0 0 0 0 0 0 0 0 0 0 0 0 0 0 0 0 0 0 0 0 0 0 0 0 0 0 0 0 0 0 0 0 0 0 0 0 0 0 0 0 0 0 0 0 0 0 0 0 0 0 0 0 0 0 0 0 0 0 0 0 0 0 0 0 0 0 0 0 0 0 0 0 0 0 0 0 0 0 0 0 0 0 0 0 0 0 0 0 0 0 0 0 0 0 0 0 0 0 0 0 0 0 0 0 0 0 0 0 0 0 0 0 0 0 0 0 0 0 0 0 0 0 0 0 0 0 0 0 0 0 0 0 0 0 0 0 0 0 0 0 0 0 0 0 0 0 0 0 0 0 0 0 0 0 0 0 0 0 0 0 0 0 0 0 0 0 0 0 0 0 0 0 0 0 0 0 0 0 0 0 0 0 0 0 0 0 0 0 0 0 0 0 0 0 0 0 0 0 0 0 0 0 0 0 0 0 0 0 0 0 0 0 0 0 0 0 0 0 0 0 0 0 0 0 0 0 0 0 0 0 0 0 0 0 0 0 0 0 0 0 0 0 0 0 0 0 0 0 0 0 0 0 0 0 0 0 0 0 0 0 0 0 0 0 0 0 0 0 0 0 0 0 0 0 0 0 0 0 0 0 0 0 0 0 0 0 0 0 0 0 0 0 0 0 0 0 0 0 0 0 0 0 0 0 0 0 0 0 0 0 0 0 0 0 0 0 0 0 0 0 0 0 0 0 0 0 0 0 0 0 0 0 0 0 0 0 0 0 0 0 0 0 0 0 0 0 0 0 0 0 0 0 0 0 0 0 0 0 0 0 0 0 0 0 0 0 0 0\nctxt 3157452\nbtime 1767883122\nprocesses 31594\nprocs_running 2\nprocs_blocked 0\nsoftirq 2268483 0 651954 3 130394 11 0 154758 965133 120 366110\n"}
