{"timestamp":1767737998,"subsystem":"/proc/stat","measurement":"cpu  416499 3397 67838 40505366 149422 0 10303 0 0 0\ncpu0 416499 3397 67838 40505366 149422 0 10303 0 0 0\nintr 20990568 0 0 0 0 2863 0 0 0 0 0 0 0 0 0 0 0 0 0 0 0 0 0 0 0 0 0 0 0 0 0 0 0 0 0 0 0 0 0 0 0 0 0 0 0 0 0 0 0 0 0 0 0 0 0 0 0 0 0 0 0 0 0 0 0 0 0 0 0 0 0 0 0 0 0 0 0 0 0 0 0 0 0 0 0 0 0 0 0 0 0 0 0 0 0 0 0 0 0 0 0 0 0 0 0 0 0 0 0 0 0 0 0 0 0 0 0 0 0 0 0 0 0 0 0 0 0 0 0 0 0 0 0 0 0 0 0 0 0 0 0 0 0 0 0 0 0 0 0 0 0 0 0 0 0 0 0 0 0 0 0 0 0 0 0 0 0 0 0 0 0 0 0 0 0 0 0 0 0 0 0 0 0 0 0 0 0 0 0 0 0 0 0 0 0 0 0 0 0 0 0 0 0 0 0 0 0 0 0 0 0 0 0 0 0 0 0 0 0 0 0 0 0 0 0 0 0 0 0 0 0 0 0 0 0 0 0 0 0 0 0 0 0 0 0 0 0 0 0 0 0 0 0 0 0 0 0\nctxt 37139772\nbtime 1767325803\nprocesses 53655\nprocs_running 2\nprocs_blocked 0\nsoftirq 17088138 0 6118520 4 2140891 0 0 5923661 0 0 2905062\n"}
{"timestamp":1767737998,"subsystem":"/proc/meminfo","measurement":"MemTotal:         868984 kB\nMemFree:          412812 kB\nMemAvailable:     483384 kB\nBuffers:           46852 kB\nCached:           137860 kB\nSwapCached:            0 kB\nActive:           105636 kB\nInactive:         179892 kB\nActive(anon):      70016 kB\nInactive(anon):    43960 kB\nActive(file):      35620 kB\nInactive(file):   135932 kB\nUnevictable:       30724 kB\nMlocked:           27652 kB\nSwapTotal:             0 kB\nSwapFree:              0 kB\nZswap:                 0 kB\nZswapped:              0 kB\nDirty:              1552 kB\nWriteback:             0 kB\nAnonPages:        127812 kB\nMapped:            57500 kB\nShmem:              4060 kB\nKReclaimable:      40244 kB\nSlab:              90888 kB\nSReclaimable:      40244 kB\nSUnreclaim:        50644 kB\nKernelStack:        2216 kB\nPageTables:         2992 kB\nSecPageTables:         0 kB\nNFS_Unstable:          0 kB\nBounce:                0 kB\nWritebackTmp:          0 kB\nCommitLimit:      434492 kB\nCommitted_AS:     487088 kB\nVmallocTotal:   34359738367 kB\nVmallocUsed:       32844 kB\nVmallocChunk:          0 kB\nPercpu:              768 kB\nHardwareCorrupted:     0 kB\nAnonHugePages:     32768 kB\nShmemHugePages:        0 kB\nShmemPmdMapped:        0 kB\nFileHugePages:         0 kB\nFilePmdMapped:         0 kB\nUnaccepted:            0 kB\nHugePages_Total:       0\nHugePages_Free:        0\nHugePages_Rsvd:        0\nHugePages_Surp:        0\nHugepagesize:       2048 kB\nHugetlb:               0 kB\nDirectMap4k:       72872 kB\nDirectMap2M:      923648 kB\nDirectMap1G:           0 kB\n"}
{"timestamp":1767737998,"subsystem":"/proc/net/dev","measurement":"Inter-|   Receive                                                |  Transmit\n face |bytes    packets errs drop fifo frame compressed multicast|bytes    packets errs drop fifo colls carrier compressed\n    lo:  132142     852    0    0    0     0          0         0   132142     852    0    0    0     0       0          0\n  eth0: 407965279 1464953    0    0    0     0          0         0 480183481 1710391    0    0    0     0       0          0\n"}
{"timestamp":1767737998,"subsystem":"/proc/diskstats","measurement":"   7       0 loop0 268 0 5220 557 0 0 0 0 0 534 557 0 0 0 0 0 0\n   7       1 loop1 74 0 2502 77 0 0 0 0 0 66 77 0 0 0 0 0 0\n   7       2 loop2 93 0 3748 77 0 0 0 0 0 73 77 0 0 0 0 0 0\n   7       3 loop3 11 0 28 0 0 0 0 0 0 0 0 0 0 0 0 0 0\n   7       4 loop4 0 0 0 0 0 0 0 0 0 0 0 0 0 0 0 0 0\n   7       5 loop5 0 0 0 0 0 0 0 0 0 0 0 0 0 0 0 0 0\n   7       6 loop6 0 0 0 0 0 0 0 0 0 0 0 0 0 0 0 0 0\n   7       7 loop7 0 0 0 0 0 0 0 0 0 0 0 0 0 0 0 0 0\n   8       0 sda 307066 7801 73846202 1305360 1986976 414612 74361762 10255924 0 1988633 12466677 65147 1204 129185508 185740 1394841 719652\n   8       1 sda1 306686 6461 73825854 1305106 1986962 414604 74361656 10255906 0 2036801 11746750 65146 1203 128984232 185737 0 0\n   8      14 sda14 92 0 1232 52 0 0 0 0 0 54 52 0 0 0 0 0 0\n   8      15 sda15 152 1340 15404 109 2 0 2 0 0 91 112 1 1 201276 2 0 0\n  11       0 sr0 78 0 560 37 0 0 0 0 0 31 37 0 0 0 0 0 0\n   8      16 sdb 313 0 19506 199 161 532 266776 19121 0 1981 19338 35 34 16465312 16 0 0\n   8      17 sdb1 111 0 6474 97 161 532 266776 19121 0 2013 19235 35 34 16465312 16 0 0\n"}
{"timestamp":1767737998,"subsystem":"statfs[*]","measurement":"{\"mount_point\":\"/\",\"block_size\":4096,\"blocks_total\":7574544,\"blocks_free\":7066121,\"blocks_available\":7062025}\n{\"mount_point\":\"/boot/efi\",\"block_size\":512,\"blocks_total\":213663,\"blocks_free\":201276,\"blocks_available\":201276}\n{\"mount_point\":\"/mnt\",\"block_size\":4096,\"blocks_total\":1011128,\"blocks_free\":1011121,\"blocks_available\":954622}\n"}
{"timestamp":1767738003,"subsystem":"/proc/stat","measurement":"cpu  416502 3397 67841 40505860 149422 0 10303 0 0 0\ncpu0 416502 3397 67841 40505860 149422 0 10303 0 0 0\nintr 20990853 0 0 0 0 2863 0 0 0 0 0 0 0 0 0 0 0 0 0 0 0 0 0 0 0 0 0 0 0 0 0 0 0 0 0 0 0 0 0 0 0 0 0 0 0 0 0 0 0 0 0 0 0 0 0 0 0 0 0 0 0 0 0 0 0 0 0 0 0 0 0 0 0 0 0 0 0 0 0 0 0 0 0 0 0 0 0 0 0 0 0 0 0 0 0 0 0 0 0 0 0 0 0 0 0 0 0 0 0 0 0 0 0 0 0 0 0 0 0 0 0 0 0 0 0 0 0 0 0 0 0 0 0 0 0 0 0 0 0 0 0 0 0 0 0 0 0 0 0 0 0 0 0 0 0 0 0 0 0 0 0 0 0 0 0 0 0 0 0 0 0 0 0 0 0 0 0 0 0 0 0 0 0 0 0 0 0 0 0 0 0 0 0 0 0 0 0 0 0 0 0 0 0 0 0 0 0 0 0 0 0 0 0 0 0 0 0 0 0 0 0 0 0 0 0 0 0 0 0 0 0 0 0 0 0 0 0 0 0 0 0 0 0 0 0 0 0 0 0 0 0 0 0 0 0 0 0\nctxt 37140475\nbtime 1767325803\nprocesses 53678\nprocs_running 1\nprocs_blocked 0\nsoftirq 17088512 0 6118630 4 2140910 0 0 5923670 0 0 2905298\n"}
{"timestamp":1767738003,"subsystem":"/proc/meminfo","measurement":"MemTotal:         868984 kB\nMemFree:          412056 kB\nMemAvailable:     482800 kB\nBuffers:           46852 kB\nCached:           138004 kB\nSwapCached:            0 kB\nActive:           105892 kB\nInactive:         179920 kB\nActive(anon):      70128 kB\nInactive(anon):    43960 kB\nActive(file):      35764 kB\nInactive(file):   135960 kB\nUnevictable:       30724 kB\nMlocked:           27652 kB\nSwapTotal:             0 kB\nSwapFree:              0 kB\nZswap:                 0 kB\nZswapped:              0 kB\nDirty:              1556 kB\nWriteback:             0 kB\nAnonPages:        127880 kB\nMapped:            57688 kB\nShmem:              4068 kB\nKReclaimable:      40244 kB\nSlab:              90892 kB\nSReclaimable:      40244 kB\nSUnreclaim:        50648 kB\nKernelStack:        2240 kB\nPageTables:         3012 kB\nSecPageTables:         0 kB\nNFS_Unstable:          0 kB\nBounce:                0 kB\nWritebackTmp:          0 kB\nCommitLimit:      434492 kB\nCommitted_AS:     487088 kB\nVmallocTotal:   34359738367 kB\nVmallocUsed:       32876 kB\nVmallocChunk:          0 kB\nPercpu:              768 kB\nHardwareCorrupted:     0 kB\nAnonHugePages:     32768 kB\nShmemHugePages:        0 kB\nShmemPmdMapped:        0 kB\nFileHugePages:         0 kB\nFilePmdMapped:         0 kB\nUnaccepted:            0 kB\nHugePages_Total:       0\nHugePages_Free:        0\nHugePages_Rsvd:        0\nHugePages_Surp:        0\nHugepagesize:       2048 kB\nHugetlb:               0 kB\nDirectMap4k:       72872 kB\nDirectMap2M:      923648 kB\nDirectMap1G:           0 kB\n"}
{"timestamp":1767738003,"subsystem":"/proc/net/dev","measurement":"Inter-|   Receive                                                |  Transmit\n face |bytes    packets errs drop fifo frame compressed multicast|bytes    packets errs drop fifo colls carrier compressed\n    lo:  132142     852    0    0    0     0          0         0   132142     852    0    0    0     0       0          0\n  eth0: 407969082 1464968    0    0    0     0          0         0 480188735 1710410    0    0    0     0       0          0\n"}
{"timestamp":1767738003,"subsystem":"/proc/diskstats","measurement":"   7       0 loop0 268 0 5220 557 0 0 0 0 0 534 557 0 0 0 0 0 0\n   7       1 loop1 74 0 2502 77 0 0 0 0 0 66 77 0 0 0 0 0 0\n   7       2 loop2 93 0 3748 77 0 0 0 0 0 73 77 0 0 0 0 0 0\n   7       3 loop3 11 0 28 0 0 0 0 0 0 0 0 0 0 0 0 0 0\n   7       4 loop4 0 0 0 0 0 0 0 0 0 0 0 0 0 0 0 0 0\n   7       5 loop5 0 0 0 0 0 0 0 0 0 0 0 0 0 0 0 0 0\n   7       6 loop6 0 0 0 0 0 0 0 0 0 0 0 0 0 0 0 0 0\n   7       7 loop7 0 0 0 0 0 0 0 0 0 0 0 0 0 0 0 0 0\n   8       0 sda 307067 7801 73846450 1305361 1986981 414613 74361818 10255931 0 1988638 12466685 65147 1204 129185508 185740 1394841 719652\n   8       1 sda1 306687 6461 73826102 1305107 1986967 414605 74361712 10255912 0 2036806 11746757 65146 1203 128984232 185737 0 0\n   8      14 sda14 92 0 1232 52 0 0 0 0 0 54 52 0 0 0 0 0 0\n   8      15 sda15 152 1340 15404 109 2 0 2 0 0 91 112 1 1 201276 2 0 0\n  11       0 sr0 78 0 560 37 0 0 0 0 0 31 37 0 0 0 0 0 0\n   8      16 sdb 313 0 19506 199 161 532 266776 19121 0 1981 19338 35 34 16465312 16 0 0\n   8      17 sdb1 111 0 6474 97 161 532 266776 19121 0 2013 19235 35 34 16465312 16 0 0\n"}
{"timestamp":1767738003,"subsystem":"statfs[*]","measurement":"{\"mount_point\":\"/\",\"block_size\":4096,\"blocks_total\":7574544,\"blocks_free\":7066118,\"blocks_available\":7062022}\n{\"mount_point\":\"/boot/efi\",\"block_size\":512,\"blocks_total\":213663,\"blocks_free\":201276,\"blocks_available\":201276}\n{\"mount_point\":\"/mnt\",\"block_size\":4096,\"blocks_total\":1011128,\"blocks_free\":1011121,\"blocks_available\":954622}\n"}
{"timestamp":1767738008,"subsystem":"/proc/stat","measurement":"cpu  416674 3397 67848 40506178 149424 0 10304 0 0 0\ncpu0 416674 3397 67848 40506178 149424 0 10304 0 0 0\nintr 20992948 0 0 0 0 2863 0 0 0 0 0 0 0 0 0 0 0 0 0 0 0 0 0 0 0 0 0 0 0 0 0 0 0 0 0 0 0 0 0 0 0 0 0 0 0 0 0 0 0 0 0 0 0 0 0 0 0 0 0 0 0 0 0 0 0 0 0 0 0 0 0 0 0 0 0 0 0 0 0 0 0 0 0 0 0 0 0 0 0 0 0 0 0 0 0 0 0 0 0 0 0 0 0 0 0 0 0 0 0 0 0 0 0 0 0 0 0 0 0 0 0 0 0 0 0 0 0 0 0 0 0 0 0 0 0 0 0 0 0 0 0 0 0 0 0 0 0 0 0 0 0 0 0 0 0 0 0 0 0 0 0 0 0 0 0 0 0 0 0 0 0 0 0 0 0 0 0 0 0 0 0 0 0 0 0 0 0 0 0 0 0 0 0 0 0 0 0 0 0 0 0 0 0 0 0 0 0 0 0 0 0 0 0 0 0 0 0 0 0 0 0 0 0 0 0 0 0 0 0 0 0 0 0 0 0 0 0 0 0 0 0 0 0 0 0 0 0 0 0 0 0 0 0 0 0 0 0\nctxt 37141662\nbtime 1767325803\nprocesses 53714\nprocs_running 2\nprocs_blocked 0\nsoftirq 17089272 0 6118769 4 2140945 0 0 5923722 0 0 2905832\n"}
{"timestamp":1767738008,"subsystem":"/proc/meminfo","measurement":"MemTotal:         868984 kB\nMemFree:          406276 kB\nMemAvailable:     479148 kB\nBuffers:           46852 kB\nCached:           140128 kB\nSwapCached:            0 kB\nActive:           110476 kB\nInactive:         180088 kB\nActive(anon):      72756 kB\nInactive(anon):    43960 kB\nActive(file):      37720 kB\nInactive(file):   136128 kB\nUnevictable:       30724 kB\nMlocked:           27652 kB\nSwapTotal:             0 kB\nSwapFree:              0 kB\nZswap:                 0 kB\nZswapped:              0 kB\nDirty:              1616 kB\nWriteback:             0 kB\nAnonPages:        130516 kB\nMapped:            58600 kB\nShmem:              4068 kB\nKReclaimable:      40252 kB\nSlab:              90908 kB\nSReclaimable:      40252 kB\nSUnreclaim:        50656 kB\nKernelStack:        2304 kB\nPageTables:         3200 kB\nSecPageTables:         0 kB\nNFS_Unstable:          0 kB\nBounce:                0 kB\nWritebackTmp:          0 kB\nCommitLimit:      434492 kB\nCommitted_AS:     496404 kB\nVmallocTotal:   34359738367 kB\nVmallocUsed:       32924 kB\nVmallocChunk:          0 kB\nPercpu:              768 kB\nHardwareCorrupted:     0 kB\nAnonHugePages:     32768 kB\nShmemHugePages:        0 kB\nShmemPmdMapped:        0 kB\nFileHugePages:         0 kB\nFilePmdMapped:         0 kB\nUnaccepted:            0 kB\nHugePages_Total:       0\nHugePages_Free:        0\nHugePages_Rsvd:        0\nHugePages_Surp:        0\nHugepagesize:       2048 kB\nHugetlb:               0 kB\nDirectMap4k:       72872 kB\nDirectMap2M:      923648 kB\nDirectMap1G:           0 kB\n"}
{"timestamp":1767738008,"subsystem":"/proc/net/dev","measurement":"Inter-|   Receive                                                |  Transmit\n face |bytes    packets errs drop fifo frame compressed multicast|bytes    packets errs drop fifo colls carrier compressed\n    lo:  132142     852    0    0    0     0          0         0   132142     852    0    0    0     0       0          0\n  eth0: 407973793 1464991    0    0    0     0          0         0 480195444 1710442    0    0    0     0       0          0\n"}
{"timestamp":1767738008,"subsystem":"/proc/diskstats","measurement":"   7       0 loop0 268 0 5220 557 0 0 0 0 0 534 557 0 0 0 0 0 0\n   7       1 loop1 74 0 2502 77 0 0 0 0 0 66 77 0 0 0 0 0 0\n   7       2 loop2 93 0 3748 77 0 0 0 0 0 73 77 0 0 0 0 0 0\n   7       3 loop3 11 0 28 0 0 0 0 0 0 0 0 0 0 0 0 0 0\n   7       4 loop4 0 0 0 0 0 0 0 0 0 0 0 0 0 0 0 0 0\n   7       5 loop5 0 0 0 0 0 0 0 0 0 0 0 0 0 0 0 0 0\n   7       6 loop6 0 0 0 0 0 0 0 0 0 0 0 0 0 0 0 0 0\n   7       7 loop7 0 0 0 0 0 0 0 0 0 0 0 0 0 0 0 0 0\n   8       0 sda 307109 7801 73850666 1305388 1986984 414621 74361906 10255940 0 1988676 12466731 65148 1204 129185516 185743 1394842 719659\n   8       1 sda1 306729 6461 73830318 1305134 1986970 414613 74361800 10255921 0 2036844 11746797 65147 1203 128984240 185741 0 0\n   8      14 sda14 92 0 1232 52 0 0 0 0 0 54 52 0 0 0 0 0 0\n   8      15 sda15 152 1340 15404 109 2 0 2 0 0 91 112 1 1 201276 2 0 0\n  11       0 sr0 78 0 560 37 0 0 0 0 0 31 37 0 0 0 0 0 0\n   8      16 sdb 313 0 19506 199 161 532 266776 19121 0 1981 19338 35 34 16465312 16 0 0\n   8      17 sdb1 111 0 6474 97 161 532 266776 19121 0 2013 19235 35 34 16465312 16 0 0\n"}
{"timestamp":1767738008,"subsystem":"statfs[*]","measurement":"{\"mount_point\":\"/\",\"block_size\":4096,\"blocks_total\":7574544,\"blocks_free\":7066114,\"blocks_available\":7062018}\n{\"mount_point\":\"/boot/efi\",\"block_size\":512,\"blocks_total\":213663,\"blocks_free\":201276,\"blocks_available\":201276}\n{\"mount_point\":\"/mnt\",\"block_size\":4096,\"blocks_total\":1011128,\"blocks_free\":1011121,\"blocks_available\":954622}\n"}
{"timestamp":1767738013,"subsystem":"/proc/stat","measurement":"cpu  417170 3397 67849 40506178 149424 0 10304 0 0 0\ncpu0 417170 3397 67849 40506178 149424 0 10304 0 0 0\nintr 20998109 0 0 0 0 2863 0 0 0 0 0 0 0 0 0 0 0 0 0 0 0 0 0 0 0 0 0 0 0 0 0 0 0 0 0 0 0 0 0 0 0 0 0 0 0 0 0 0 0 0 0 0 0 0 0 0 0 0 0 0 0 0 0 0 0 0 0 0 0 0 0 0 0 0 0 0 0 0 0 0 0 0 0 0 0 0 0 0 0 0 0 0 0 0 0 0 0 0 0 0 0 0 0 0 0 0 0 0 0 0 0 0 0 0 0 0 0 0 0 0 0 0 0 0 0 0 0 0 0 0 0 0 0 0 0 0 0 0 0 0 0 0 0 0 0 0 0 0 0 0 0 0 0 0 0 0 0 0 0 0 0 0 0 0 0 0 0 0 0 0 0 0 0 0 0 0 0 0 0 0 0 0 0 0 0 0 0 0 0 0 0 0 0 0 0 0 0 0 0 0 0 0 0 0 0 0 0 0 0 0 0 0 0 0 0 0 0 0 0 0 0 0 0 0 0 0 0 0 0 0 0 0 0 0 0 0 0 0 0 0 0 0 0 0 0 0 0 0 0 0 0 0 0 0 0 0 0\nctxt 37142368\nbtime 1767325803\nprocesses 53716\nprocs_running 3\nprocs_blocked 0\nsoftirq 17089661 0 6118930 4 2141007 0 0 5923741 0 0 2905979\n"}
{"timestamp":1767738013,"subsystem":"/proc/meminfo","measurement":"MemTotal:         868984 kB\nMemFree:          406052 kB\nMemAvailable:     478928 kB\nBuffers:           46852 kB\nCached:           140132 kB\nSwapCached:            0 kB\nActive:           110540 kB\nInactive:         180092 kB\nActive(anon):      72820 kB\nInactive(anon):    43960 kB\nActive(file):      37720 kB\nInactive(file):   136132 kB\nUnevictable:       30724 kB\nMlocked:           27652 kB\nSwapTotal:             0 kB\nSwapFree:              0 kB\nZswap:                 0 kB\nZswapped:              0 kB\nDirty:              1572 kB\nWriteback:             0 kB\nAnonPages:        130572 kB\nMapped:            58600 kB\nShmem:              4068 kB\nKReclaimable:      40252 kB\nSlab:              90908 kB\nSReclaimable:      40252 kB\nSUnreclaim:        50656 kB\nKernelStack:        2304 kB\nPageTables:         3200 kB\nSecPageTables:         0 kB\nNFS_Unstable:          0 kB\nBounce:                0 kB\nWritebackTmp:          0 kB\nCommitLimit:      434492 kB\nCommitted_AS:     496404 kB\nVmallocTotal:   34359738367 kB\nVmallocUsed:       32940 kB\nVmallocChunk:          0 kB\nPercpu:              768 kB\nHardwareCorrupted:     0 kB\nAnonHugePages:     32768 kB\nShmemHugePages:        0 kB\nShmemPmdMapped:        0 kB\nFileHugePages:         0 kB\nFilePmdMapped:         0 kB\nUnaccepted:            0 kB\nHugePages_Total:       0\nHugePages_Free:        0\nHugePages_Rsvd:        0\nHugePages_Surp:        0\nHugepagesize:       2048 kB\nHugetlb:               0 kB\nDirectMap4k:       72872 kB\nDirectMap2M:      923648 kB\nDirectMap1G:           0 kB\n"}
{"timestamp":1767738013,"subsystem":"/proc/net/dev","measurement":"Inter-|   Receive                                                |  Transmit\n face |bytes    packets errs drop fifo frame compressed multicast|bytes    packets errs drop fifo colls carrier compressed\n    lo:  132142     852    0    0    0     0          0         0   132142     852    0    0    0     0       0          0\n  eth0: 407982999 1465031    0    0    0     0          0         0 480203965 1710490    0    0    0     0       0          0\n"}
{"timestamp":1767738013,"subsystem":"/proc/diskstats","measurement":"   7       0 loop0 268 0 5220 557 0 0 0 0 0 534 557 0 0 0 0 0 0\n   7       1 loop1 74 0 2502 77 0 0 0 0 0 66 77 0 0 0 0 0 0\n   7       2 loop2 93 0 3748 77 0 0 0 0 0 73 77 0 0 0 0 0 0\n   7       3 loop3 11 0 28 0 0 0 0 0 0 0 0 0 0 0 0 0 0\n   7       4 loop4 0 0 0 0 0 0 0 0 0 0 0 0 0 0 0 0 0\n   7       5 loop5 0 0 0 0 0 0 0 0 0 0 0 0 0 0 0 0 0\n   7       6 loop6 0 0 0 0 0 0 0 0 0 0 0 0 0 0 0 0 0\n   7       7 loop7 0 0 0 0 0 0 0 0 0 0 0 0 0 0 0 0 0\n   8       0 sda 307109 7801 73850666 1305388 1987009 414639 74362258 10255961 0 1988688 12466760 65149 1204 129185524 185747 1394843 719662\n   8       1 sda1 306729 6461 73830318 1305134 1986995 414631 74362152 10255942 0 2036856 11746822 65148 1203 128984248 185744 0 0\n   8      14 sda14 92 0 1232 52 0 0 0 0 0 54 52 0 0 0 0 0 0\n   8      15 sda15 152 1340 15404 109 2 0 2 0 0 91 112 1 1 201276 2 0 0\n  11       0 sr0 78 0 560 37 0 0 0 0 0 31 37 0 0 0 0 0 0\n   8      16 sdb 313 0 19506 199 161 532 266776 19121 0 1981 19338 35 34 16465312 16 0 0\n   8      17 sdb1 111 0 6474 97 161 532 266776 19121 0 2013 19235 35 34 16465312 16 0 0\n"}
{"timestamp":1767738013,"subsystem":"statfs[*]","measurement":"{\"mount_point\":\"/\",\"block_size\":4096,\"blocks_total\":7574544,\"blocks_free\":7066113,\"blocks_available\":7062017}\n{\"mount_point\":\"/boot/efi\",\"block_size\":512,\"blocks_total\":213663,\"blocks_free\":201276,\"blocks_available\":201276}\n{\"mount_point\":\"/mnt\",\"block_size\":4096,\"blocks_total\":1011128,\"blocks_free\":1011121,\"blocks_available\":954622}\n"}
{"timestamp":1767738018,"subsystem":"/proc/stat","measurement":"cpu  417668 3397 67850 40506178 149424 0 10304 0 0 0\ncpu0 417668 3397 67850 40506178 149424 0 10304 0 0 0\nintr 21003293 0 0 0 0 2863 0 0 0 0 0 0 0 0 0 0 0 0 0 0 0 0 0 0 0 0 0 0 0 0 0 0 0 0 0 0 0 0 0 0 0 0 0 0 0 0 0 0 0 0 0 0 0 0 0 0 0 0 0 0 0 0 0 0 0 0 0 0 0 0 0 0 0 0 0 0 0 0 0 0 0 0 0 0 0 0 0 0 0 0 0 0 0 0 0 0 0 0 0 0 0 0 0 0 0 0 0 0 0 0 0 0 0 0 0 0 0 0 0 0 0 0 0 0 0 0 0 0 0 0 0 0 0 0 0 0 0 0 0 0 0 0 0 0 0 0 0 0 0 0 0 0 0 0 0 0 0 0 0 0 0 0 0 0 0 0 0 0 0 0 0 0 0 0 0 0 0 0 0 0 0 0 0 0 0 0 0 0 0 0 0 0 0 0 0 0 0 0 0 0 0 0 0 0 0 0 0 0 0 0 0 0 0 0 0 0 0 0 0 0 0 0 0 0 0 0 0 0 0 0 0 0 0 0 0 0 0 0 0 0 0 0 0 0 0 0 0 0 0 0 0 0 0 0 0 0 0\nctxt 37143079\nbtime 1767325803\nprocesses 53717\nprocs_running 2\nprocs_blocked 0\nsoftirq 17089970 0 6119069 4 2141031 0 0 5923820 0 0 2906046\n"}
{"timestamp":1767738018,"subsystem":"/proc/meminfo","measurement":"MemTotal:         868984 kB\nMemFree:          406052 kB\nMemAvailable:     478932 kB\nBuffers:           46852 kB\nCached:           140136 kB\nSwapCached:            0 kB\nActive:           110568 kB\nInactive:         180096 kB\nActive(anon):      72848 kB\nInactive(anon):    43960 kB\nActive(file):      37720 kB\nInactive(file):   136136 kB\nUnevictable:       30724 kB\nMlocked:           27652 kB\nSwapTotal:             0 kB\nSwapFree:              0 kB\nZswap:                 0 kB\nZswapped:              0 kB\nDirty:                44 kB\nWriteback:             0 kB\nAnonPages:        130600 kB\nMapped:            58600 kB\nShmem:              4068 kB\nKReclaimable:      40252 kB\nSlab:              90908 kB\nSReclaimable:      40252 kB\nSUnreclaim:        50656 kB\nKernelStack:        2304 kB\nPageTables:         3200 kB\nSecPageTables:         0 kB\nNFS_Unstable:          0 kB\nBounce:                0 kB\nWritebackTmp:          0 kB\nCommitLimit:      434492 kB\nCommitted_AS:     496404 kB\nVmallocTotal:   34359738367 kB\nVmallocUsed:       32940 kB\nVmallocChunk:          0 kB\nPercpu:              768 kB\nHardwareCorrupted:     0 kB\nAnonHugePages:     32768 kB\nShmemHugePages:        0 kB\nShmemPmdMapped:        0 kB\nFileHugePages:         0 kB\nFilePmdMapped:         0 kB\nUnaccepted:            0 kB\nHugePages_Total:       0\nHugePages_Free:        0\nHugePages_Rsvd:        0\nHugePages_Surp:        0\nHugepagesize:       2048 kB\nHugetlb:               0 kB\nDirectMap4k:       72872 kB\nDirectMap2M:      923648 kB\nDirectMap1G:           0 kB\n"}
{"timestamp":1767738018,"subsystem":"/proc/net/dev","measurement":"Inter-|   Receive                                                |  Transmit\n face |bytes    packets errs drop fifo frame compressed multicast|bytes    packets errs drop fifo colls carrier compressed\n    lo:  132142     852    0    0    0     0          0         0   132142     852    0    0    0     0       0          0\n  eth0: 407986802 1465046    0    0    0     0          0         0 480209219 1710509    0    0    0     0       0          0\n"}
{"timestamp":1767738018,"subsystem":"/proc/diskstats","measurement":"   7       0 loop0 268 0 5220 557 0 0 0 0 0 534 557 0 0 0 0 0 0\n   7       1 loop1 74 0 2502 77 0 0 0 0 0 66 77 0 0 0 0 0 0\n   7       2 loop2 93 0 3748 77 0 0 0 0 0 73 77 0 0 0 0 0 0\n   7       3 loop3 11 0 28 0 0 0 0 0 0 0 0 0 0 0 0 0 0\n   7       4 loop4 0 0 0 0 0 0 0 0 0 0 0 0 0 0 0 0 0\n   7       5 loop5 0 0 0 0 0 0 0 0 0 0 0 0 0 0 0 0 0\n   7       6 loop6 0 0 0 0 0 0 0 0 0 0 0 0 0 0 0 0 0\n   7       7 loop7 0 0 0 0 0 0 0 0 0 0 0 0 0 0 0 0 0\n   8       0 sda 307109 7801 73850666 1305388 1987234 414650 74365498 10256082 0 1988710 12466885 65150 1204 129185532 185750 1394844 719665\n   8       1 sda1 306729 6461 73830318 1305134 1987220 414642 74365392 10256063 0 2036878 11746945 65149 1203 128984256 185747 0 0\n   8      14 sda14 92 0 1232 52 0 0 0 0 0 54 52 0 0 0 0 0 0\n   8      15 sda15 152 1340 15404 109 2 0 2 0 0 91 112 1 1 201276 2 0 0\n  11       0 sr0 78 0 560 37 0 0 0 0 0 31 37 0 0 0 0 0 0\n   8      16 sdb 313 0 19506 199 161 532 266776 19121 0 1981 19338 35 34 16465312 16 0 0\n   8      17 sdb1 111 0 6474 97 161 532 266776 19121 0 2013 19235 35 34 16465312 16 0 0\n"}
{"timestamp":1767738018,"subsystem":"statfs[*]","measurement":"{\"mount_point\":\"/\",\"block_size\":4096,\"blocks_total\":7574544,\"blocks_free\":7066112,\"blocks_available\":7062016}\n{\"mount_point\":\"/boot/efi\",\"block_size\":512,\"blocks_total\":213663,\"blocks_free\":201276,\"blocks_available\":201276}\n{\"mount_point\":\"/mnt\",\"block_size\":4096,\"blocks_total\":1011128,\"blocks_free\":1011121,\"blocks_available\":954622}\n"}
{"timestamp":1767738023,"subsystem":"/proc/stat","measurement":"cpu  418164 3397 67852 40506178 149424 0 10304 0 0 0\ncpu0 418164 3397 67852 40506178 149424 0 10304 0 0 0\nintr 21008388 0 0 0 0 2863 0 0 0 0 0 0 0 0 0 0 0 0 0 0 0 0 0 0 0 0 0 0 0 0 0 0 0 0 0 0 0 0 0 0 0 0 0 0 0 0 0 0 0 0 0 0 0 0 0 0 0 0 0 0 0 0 0 0 0 0 0 0 0 0 0 0 0 0 0 0 0 0 0 0 0 0 0 0 0 0 0 0 0 0 0 0 0 0 0 0 0 0 0 0 0 0 0 0 0 0 0 0 0 0 0 0 0 0 0 0 0 0 0 0 0 0 0 0 0 0 0 0 0 0 0 0 0 0 0 0 0 0 0 0 0 0 0 0 0 0 0 0 0 0 0 0 0 0 0 0 0 0 0 0 0 0 0 0 0 0 0 0 0 0 0 0 0 0 0 0 0 0 0 0 0 0 0 0 0 0 0 0 0 0 0 0 0 0 0 0 0 0 0 0 0 0 0 0 0 0 0 0 0 0 0 0 0 0 0 0 0 0 0 0 0 0 0 0 0 0 0 0 0 0 0 0 0 0 0 0 0 0 0 0 0 0 0 0 0 0 0 0 0 0 0 0 0 0 0 0 0\nctxt 37143804\nbtime 1767325803\nprocesses 53720\nprocs_running 2\nprocs_blocked 0\nsoftirq 17090324 0 6119221 4 2141053 0 0 5923830 0 0 2906216\n"}
{"timestamp":1767738023,"subsystem":"/proc/meminfo","measurement":"MemTotal:         868984 kB\nMemFree:          406360 kB\nMemAvailable:     479244 kB\nBuffers:           46852 kB\nCached:           140140 kB\nSwapCached:            0 kB\nActive:           110584 kB\nInactive:         180100 kB\nActive(anon):      72864 kB\nInactive(anon):    43960 kB\nActive(file):      37720 kB\nInactive(file):   136140 kB\nUnevictable:       30724 kB\nMlocked:           27652 kB\nSwapTotal:             0 kB\nSwapFree:              0 kB\nZswap:                 0 kB\nZswapped:              0 kB\nDirty:               188 kB\nWriteback:             0 kB\nAnonPages:        130620 kB\nMapped:            58604 kB\nShmem:              4068 kB\nKReclaimable:      40252 kB\nSlab:              90912 kB\nSReclaimable:      40252 kB\nSUnreclaim:        50660 kB\nKernelStack:        2304 kB\nPageTables:         3200 kB\nSecPageTables:         0 kB\nNFS_Unstable:          0 kB\nBounce:                0 kB\nWritebackTmp:          0 kB\nCommitLimit:      434492 kB\nCommitted_AS:     496404 kB\nVmallocTotal:   34359738367 kB\nVmallocUsed:       32956 kB\nVmallocChunk:          0 kB\nPercpu:              768 kB\nHardwareCorrupted:     0 kB\nAnonHugePages:     32768 kB\nShmemHugePages:        0 kB\nShmemPmdMapped:        0 kB\nFileHugePages:         0 kB\nFilePmdMapped:         0 kB\nUnaccepted:            0 kB\nHugePages_Total:       0\nHugePages_Free:        0\nHugePages_Rsvd:        0\nHugePages_Surp:        0\nHugepagesize:       2048 kB\nHugetlb:               0 kB\nDirectMap4k:       72872 kB\nDirectMap2M:      923648 kB\nDirectMap1G:           0 kB\n"}
{"timestamp":1767738023,"subsystem":"/proc/net/dev","measurement":"Inter-|   Receive                                                |  Transmit\n face |bytes    packets errs drop fifo frame compressed multicast|bytes    packets errs drop fifo colls carrier compressed\n    lo:  132142     852    0    0    0     0          0         0   132142     852    0    0    0     0       0          0\n  eth0: 407988869 1465061    0    0    0     0          0         0 480211645 1710521    0    0    0     0       0          0\n"}
{"timestamp":1767738023,"subsystem":"/proc/diskstats","measurement":"   7       0 loop0 268 0 5220 557 0 0 0 0 0 534 557 0 0 0 0 0 0\n   7       1 loop1 74 0 2502 77 0 0 0 0 0 66 77 0 0 0 0 0 0\n   7       2 loop2 93 0 3748 77 0 0 0 0 0 73 77 0 0 0 0 0 0\n   7       3 loop3 11 0 28 0 0 0 0 0 0 0 0 0 0 0 0 0 0\n   7       4 loop4 0 0 0 0 0 0 0 0 0 0 0 0 0 0 0 0 0\n   7       5 loop5 0 0 0 0 0 0 0 0 0 0 0 0 0 0 0 0 0\n   7       6 loop6 0 0 0 0 0 0 0 0 0 0 0 0 0 0 0 0 0\n   7       7 loop7 0 0 0 0 0 0 0 0 0 0 0 0 0 0 0 0 0\n   8       0 sda 307109 7801 73850666 1305388 1987238 414660 74365618 10256087 0 1988715 12466896 65151 1204 129185540 185752 1394845 719667\n   8       1 sda1 306729 6461 73830318 1305134 1987224 414652 74365512 10256068 0 2036883 11746953 65150 1203 128984264 185750 0 0\n   8      14 sda14 92 0 1232 52 0 0 0 0 0 54 52 0 0 0 0 0 0\n   8      15 sda15 152 1340 15404 109 2 0 2 0 0 91 112 1 1 201276 2 0 0\n  11       0 sr0 78 0 560 37 0 0 0 0 0 31 37 0 0 0 0 0 0\n   8      16 sdb 313 0 19506 199 161 532 266776 19121 0 1981 19338 35 34 16465312 16 0 0\n   8      17 sdb1 111 0 6474 97 161 532 266776 19121 0 2013 19235 35 34 16465312 16 0 0\n"}
{"timestamp":1767738023,"subsystem":"statfs[*]","measurement":"{\"mount_point\":\"/\",\"block_size\":4096,\"blocks_total\":7574544,\"blocks_free\":7066111,\"blocks_available\":7062015}\n{\"mount_point\":\"/boot/efi\",\"block_size\":512,\"blocks_total\":213663,\"blocks_free\":201276,\"blocks_available\":201276}\n{\"mount_point\":\"/mnt\",\"block_size\":4096,\"blocks_total\":1011128,\"blocks_free\":1011121,\"blocks_available\":954622}\n"}
{"timestamp":1767738028,"subsystem":"/proc/stat","measurement":"cpu  418658 3397 67855 40506178 149424 0 10305 0 0 0\ncpu0 418658 3397 67855 40506178 149424 0 10305 0 0 0\nintr 21013756 0 0 0 0 2863 0 0 0 0 0 0 0 0 0 0 0 0 0 0 0 0 0 0 0 0 0 0 0 0 0 0 0 0 0 0 0 0 0 0 0 0 0 0 0 0 0 0 0 0 0 0 0 0 0 0 0 0 0 0 0 0 0 0 0 0 0 0 0 0 0 0 0 0 0 0 0 0 0 0 0 0 0 0 0 0 0 0 0 0 0 0 0 0 0 0 0 0 0 0 0 0 0 0 0 0 0 0 0 0 0 0 0 0 0 0 0 0 0 0 0 0 0 0 0 0 0 0 0 0 0 0 0 0 0 0 0 0 0 0 0 0 0 0 0 0 0 0 0 0 0 0 0 0 0 0 0 0 0 0 0 0 0 0 0 0 0 0 0 0 0 0 0 0 0 0 0 0 0 0 0 0 0 0 0 0 0 0 0 0 0 0 0 0 0 0 0 0 0 0 0 0 0 0 0 0 0 0 0 0 0 0 0 0 0 0 0 0 0 0 0 0 0 0 0 0 0 0 0 0 0 0 0 0 0 0 0 0 0 0 0 0 0 0 0 0 0 0 0 0 0 0 0 0 0 0 0\nctxt 37145766\nbtime 1767325803\nprocesses 53723\nprocs_running 3\nprocs_blocked 0\nsoftirq 17091128 0 6119359 4 2141088 0 0 5924327 0 0 2906350\n"}
{"timestamp":1767738028,"subsystem":"/proc/meminfo","measurement":"MemTotal:         868984 kB\nMemFree:          405888 kB\nMemAvailable:     478776 kB\nBuffers:           46852 kB\nCached:           140144 kB\nSwapCached:            0 kB\nActive:           112444 kB\nInactive:         180104 kB\nActive(anon):      74724 kB\nInactive(anon):    43960 kB\nActive(file):      37720 kB\nInactive(file):   136144 kB\nUnevictable:       30724 kB\nMlocked:           27652 kB\nSwapTotal:             0 kB\nSwapFree:              0 kB\nZswap:                 0 kB\nZswapped:              0 kB\nDirty:               144 kB\nWriteback:             0 kB\nAnonPages:        132512 kB\nMapped:            58784 kB\nShmem:              4068 kB\nKReclaimable:      40252 kB\nSlab:              90908 kB\nSReclaimable:      40252 kB\nSUnreclaim:        50656 kB\nKernelStack:        2328 kB\nPageTables:         3308 kB\nSecPageTables:         0 kB\nNFS_Unstable:          0 kB\nBounce:                0 kB\nWritebackTmp:          0 kB\nCommitLimit:      434492 kB\nCommitted_AS:     500300 kB\nVmallocTotal:   34359738367 kB\nVmallocUsed:       32960 kB\nVmallocChunk:          0 kB\nPercpu:              768 kB\nHardwareCorrupted:     0 kB\nAnonHugePages:     32768 kB\nShmemHugePages:        0 kB\nShmemPmdMapped:        0 kB\nFileHugePages:         0 kB\nFilePmdMapped:         0 kB\nUnaccepted:            0 kB\nHugePages_Total:       0\nHugePages_Free:        0\nHugePages_Rsvd:        0\nHugePages_Surp:        0\nHugepagesize:       2048 kB\nHugetlb:               0 kB\nDirectMap4k:       72872 kB\nDirectMap2M:      923648 kB\nDirectMap1G:           0 kB\n"}
{"timestamp":1767738028,"subsystem":"/proc/net/dev","measurement":"Inter-|   Receive                                                |  Transmit\n face |bytes    packets errs drop fifo frame compressed multicast|bytes    packets errs drop fifo colls carrier compressed\n    lo:  132142     852    0    0    0     0          0         0   132142     852    0    0    0     0       0          0\n  eth0: 407994148 1465082    0    0    0     0          0         0 480218445 1710546    0    0    0     0       0          0\n"}
{"timestamp":1767738028,"subsystem":"/proc/diskstats","measurement":"   7       0 loop0 268 0 5220 557 0 0 0 0 0 534 557 0 0 0 0 0 0\n   7       1 loop1 74 0 2502 77 0 0 0 0 0 66 77 0 0 0 0 0 0\n   7       2 loop2 93 0 3748 77 0 0 0 0 0 73 77 0 0 0 0 0 0\n   7       3 loop3 11 0 28 0 0 0 0 0 0 0 0 0 0 0 0 0 0\n   7       4 loop4 0 0 0 0 0 0 0 0 0 0 0 0 0 0 0 0 0\n   7       5 loop5 0 0 0 0 0 0 0 0 0 0 0 0 0 0 0 0 0\n   7       6 loop6 0 0 0 0 0 0 0 0 0 0 0 0 0 0 0 0 0\n   7       7 loop7 0 0 0 0 0 0 0 0 0 0 0 0 0 0 0 0 0\n   8       0 sda 307109 7801 73850666 1305388 1987248 414663 74365722 10256091 0 1988715 12466900 65151 1204 129185540 185752 1394845 719667\n   8       1 sda1 306729 6461 73830318 1305134 1987234 414655 74365616 10256072 0 2036883 11746957 65150 1203 128984264 185750 0 0\n   8      14 sda14 92 0 1232 52 0 0 0 0 0 54 52 0 0 0 0 0 0\n   8      15 sda15 152 1340 15404 109 2 0 2 0 0 91 112 1 1 201276 2 0 0\n  11       0 sr0 78 0 560 37 0 0 0 0 0 31 37 0 0 0 0 0 0\n   8      16 sdb 313 0 19506 199 161 532 266776 19121 0 1981 19338 35 34 16465312 16 0 0\n   8      17 sdb1 111 0 6474 97 161 532 266776 19121 0 2013 19235 35 34 16465312 16 0 0\n"}
{"timestamp":1767738028,"subsystem":"statfs[*]","measurement":"{\"mount_point\":\"/\",\"block_size\":4096,\"blocks_total\":7574544,\"blocks_free\":7066110,\"blocks_available\":7062014}\n{\"mount_point\":\"/boot/efi\",\"block_size\":512,\"blocks_total\":213663,\"blocks_free\":201276,\"blocks_available\":201276}\n{\"mount_point\":\"/mnt\",\"block_size\":4096,\"blocks_total\":1011128,\"blocks_free\":1011121,\"blocks_available\":954622}\n"}
{"timestamp":1767738033,"subsystem":"/proc/stat","measurement":"cpu  419154 3397 67857 40506178 149424 0 10305 0 0 0\ncpu0 419154 3397 67857 40506178 149424 0 10305 0 0 0\nintr 21018884 0 0 0 0 2863 0 0 0 0 0 0 0 0 0 0 0 0 0 0 0 0 0 0 0 0 0 0 0 0 0 0 0 0 0 0 0 0 0 0 0 0 0 0 0 0 0 0 0 0 0 0 0 0 0 0 0 0 0 0 0 0 0 0 0 0 0 0 0 0 0 0 0 0 0 0 0 0 0 0 0 0 0 0 0 0 0 0 0 0 0 0 0 0 0 0 0 0 0 0 0 0 0 0 0 0 0 0 0 0 0 0 0 0 0 0 0 0 0 0 0 0 0 0 0 0 0 0 0 0 0 0 0 0 0 0 0 0 0 0 0 0 0 0 0 0 0 0 0 0 0 0 0 0 0 0 0 0 0 0 0 0 0 0 0 0 0 0 0 0 0 0 0 0 0 0 0 0 0 0 0 0 0 0 0 0 0 0 0 0 0 0 0 0 0 0 0 0 0 0 0 0 0 0 0 0 0 0 0 0 0 0 0 0 0 0 0 0 0 0 0 0 0 0 0 0 0 0 0 0 0 0 0 0 0 0 0 0 0 0 0 0 0 0 0 0 0 0 0 0 0 0 0 0 0 0 0\nctxt 37146486\nbtime 1767325803\nprocesses 53725\nprocs_running 3\nprocs_blocked 0\nsoftirq 17091468 0 6119519 4 2141126 0 0 5924339 0 0 2906480\n"}
{"timestamp":1767738033,"subsystem":"/proc/meminfo","measurement":"MemTotal:         868984 kB\nMemFree:          404424 kB\nMemAvailable:     477320 kB\nBuffers:           46856 kB\nCached:           140148 kB\nSwapCached:            0 kB\nActive:           112688 kB\nInactive:         180112 kB\nActive(anon):      74968 kB\nInactive(anon):    43960 kB\nActive(file):      37720 kB\nInactive(file):   136152 kB\nUnevictable:       30724 kB\nMlocked:           27652 kB\nSwapTotal:             0 kB\nSwapFree:              0 kB\nZswap:                 0 kB\nZswapped:              0 kB\nDirty:               208 kB\nWriteback:             0 kB\nAnonPages:        132720 kB\nMapped:            58604 kB\nShmem:              4068 kB\nKReclaimable:      40252 kB\nSlab:              90912 kB\nSReclaimable:      40252 kB\nSUnreclaim:        50660 kB\nKernelStack:        2320 kB\nPageTables:         3204 kB\nSecPageTables:         0 kB\nNFS_Unstable:          0 kB\nBounce:                0 kB\nWritebackTmp:          0 kB\nCommitLimit:      434492 kB\nCommitted_AS:     496404 kB\nVmallocTotal:   34359738367 kB\nVmallocUsed:       32972 kB\nVmallocChunk:          0 kB\nPercpu:              768 kB\nHardwareCorrupted:     0 kB\nAnonHugePages:     34816 kB\nShmemHugePages:        0 kB\nShmemPmdMapped:        0 kB\nFileHugePages:         0 kB\nFilePmdMapped:         0 kB\nUnaccepted:            0 kB\nHugePages_Total:       0\nHugePages_Free:        0\nHugePages_Rsvd:        0\nHugePages_Surp:        0\nHugepagesize:       2048 kB\nHugetlb:               0 kB\nDirectMap4k:       72872 kB\nDirectMap2M:      923648 kB\nDirectMap1G:           0 kB\n"}
{"timestamp":1767738033,"subsystem":"/proc/net/dev","measurement":"Inter-|   Receive                                                |  Transmit\n face |bytes    packets errs drop fifo frame compressed multicast|bytes    packets errs drop fifo colls carrier compressed\n    lo:  132142     852    0    0    0     0          0         0   132142     852    0    0    0     0       0          0\n  eth0: 407998695 1465105    0    0    0     0          0         0 480225459 1710571    0    0    0     0       0          0\n"}
{"timestamp":1767738033,"subsystem":"/proc/diskstats","measurement":"   7       0 loop0 268 0 5220 557 0 0 0 0 0 534 557 0 0 0 0 0 0\n   7       1 loop1 74 0 2502 77 0 0 0 0 0 66 77 0 0 0 0 0 0\n   7       2 loop2 93 0 3748 77 0 0 0 0 0 73 77 0 0 0 0 0 0\n   7       3 loop3 11 0 28 0 0 0 0 0 0 0 0 0 0 0 0 0 0\n   7       4 loop4 0 0 0 0 0 0 0 0 0 0 0 0 0 0 0 0 0\n   7       5 loop5 0 0 0 0 0 0 0 0 0 0 0 0 0 0 0 0 0\n   7       6 loop6 0 0 0 0 0 0 0 0 0 0 0 0 0 0 0 0 0\n   7       7 loop7 0 0 0 0 0 0 0 0 0 0 0 0 0 0 0 0 0\n   8       0 sda 307109 7801 73850666 1305388 1987253 414668 74365810 10256097 0 1988723 12466911 65152 1204 129185548 185755 1394846 719670\n   8       1 sda1 306729 6461 73830318 1305134 1987239 414660 74365704 10256078 0 2036891 11746966 65151 1203 128984272 185753 0 0\n   8      14 sda14 92 0 1232 52 0 0 0 0 0 54 52 0 0 0 0 0 0\n   8      15 sda15 152 1340 15404 109 2 0 2 0 0 91 112 1 1 201276 2 0 0\n  11       0 sr0 78 0 560 37 0 0 0 0 0 31 37 0 0 0 0 0 0\n   8      16 sdb 313 0 19506 199 161 532 266776 19121 0 1981 19338 35 34 16465312 16 0 0\n   8      17 sdb1 111 0 6474 97 161 532 266776 19121 0 2013 19235 35 34 16465312 16 0 0\n"}
{"timestamp":1767738033,"subsystem":"statfs[*]","measurement":"{\"mount_point\":\"/\",\"block_size\":4096,\"blocks_total\":7574544,\"blocks_free\":7066109,\"blocks_available\":7062013}\n{\"mount_point\":\"/boot/efi\",\"block_size\":512,\"blocks_total\":213663,\"blocks_free\":201276,\"blocks_available\":201276}\n{\"mount_point\":\"/mnt\",\"block_size\":4096,\"blocks_total\":1011128,\"blocks_free\":1011121,\"blocks_available\":954622}\n"}
{"timestamp":1767738038,"subsystem":"/proc/stat","measurement":"cpu  419648 3397 67859 40506178 149424 0 10306 0 0 0\ncpu0 419648 3397 67859 40506178 149424 0 10306 0 0 0\nintr 21024022 0 0 0 0 2863 0 0 0 0 0 0 0 0 0 0 0 0 0 0 0 0 0 0 0 0 0 0 0 0 0 0 0 0 0 0 0 0 0 0 0 0 0 0 0 0 0 0 0 0 0 0 0 0 0 0 0 0 0 0 0 0 0 0 0 0 0 0 0 0 0 0 0 0 0 0 0 0 0 0 0 0 0 0 0 0 0 0 0 0 0 0 0 0 0 0 0 0 0 0 0 0 0 0 0 0 0 0 0 0 0 0 0 0 0 0 0 0 0 0 0 0 0 0 0 0 0 0 0 0 0 0 0 0 0 0 0 0 0 0 0 0 0 0 0 0 0 0 0 0 0 0 0 0 0 0 0 0 0 0 0 0 0 0 0 0 0 0 0 0 0 0 0 0 0 0 0 0 0 0 0 0 0 0 0 0 0 0 0 0 0 0 0 0 0 0 0 0 0 0 0 0 0 0 0 0 0 0 0 0 0 0 0 0 0 0 0 0 0 0 0 0 0 0 0 0 0 0 0 0 0 0 0 0 0 0 0 0 0 0 0 0 0 0 0 0 0 0 0 0 0 0 0 0 0 0 0\nctxt 37147299\nbtime 1767325803\nprocesses 53730\nprocs_running 2\nprocs_blocked 0\nsoftirq 17091917 0 6119694 4 2141168 0 0 5924380 0 0 2906671\n"}
{"timestamp":1767738038,"subsystem":"/proc/meminfo","measurement":"MemTotal:         868984 kB\nMemFree:          403448 kB\nMemAvailable:     476356 kB\nBuffers:           46860 kB\nCached:           140156 kB\nSwapCached:            0 kB\nActive:           112692 kB\nInactive:         180124 kB\nActive(anon):      74972 kB\nInactive(anon):    43960 kB\nActive(file):      37720 kB\nInactive(file):   136164 kB\nUnevictable:       30724 kB\nMlocked:           27652 kB\nSwapTotal:             0 kB\nSwapFree:              0 kB\nZswap:                 0 kB\nZswapped:              0 kB\nDirty:                60 kB\nWriteback:             0 kB\nAnonPages:        132724 kB\nMapped:            58608 kB\nShmem:              4068 kB\nKReclaimable:      40252 kB\nSlab:              90912 kB\nSReclaimable:      40252 kB\nSUnreclaim:        50660 kB\nKernelStack:        2320 kB\nPageTables:         3204 kB\nSecPageTables:         0 kB\nNFS_Unstable:          0 kB\nBounce:                0 kB\nWritebackTmp:          0 kB\nCommitLimit:      434492 kB\nCommitted_AS:     496404 kB\nVmallocTotal:   34359738367 kB\nVmallocUsed:       32972 kB\nVmallocChunk:          0 kB\nPercpu:              768 kB\nHardwareCorrupted:     0 kB\nAnonHugePages:     34816 kB\nShmemHugePages:        0 kB\nShmemPmdMapped:        0 kB\nFileHugePages:         0 kB\nFilePmdMapped:         0 kB\nUnaccepted:            0 kB\nHugePages_Total:       0\nHugePages_Free:        0\nHugePages_Rsvd:        0\nHugePages_Surp:        0\nHugepagesize:       2048 kB\nHugetlb:               0 kB\nDirectMap4k:       72872 kB\nDirectMap2M:      923648 kB\nDirectMap1G:           0 kB\n"}
{"timestamp":1767738038,"subsystem":"/proc/net/dev","measurement":"Inter-|   Receive                                                |  Transmit\n face |bytes    packets errs drop fifo frame compressed multicast|bytes    packets errs drop fifo colls carrier compressed\n    lo:  132142     852    0    0    0     0          0         0   132142     852    0    0    0     0       0          0\n  eth0: 408004564 1465131    0    0    0     0          0         0 480233309 1710601    0    0    0     0       0          0\n"}
{"timestamp":1767738038,"subsystem":"/proc/diskstats","measurement":"   7       0 loop0 268 0 5220 557 0 0 0 0 0 534 557 0 0 0 0 0 0\n   7       1 loop1 74 0 2502 77 0 0 0 0 0 66 77 0 0 0 0 0 0\n   7       2 loop2 93 0 3748 77 0 0 0 0 0 73 77 0 0 0 0 0 0\n   7       3 loop3 11 0 28 0 0 0 0 0 0 0 0 0 0 0 0 0 0\n   7       4 loop4 0 0 0 0 0 0 0 0 0 0 0 0 0 0 0 0 0\n   7       5 loop5 0 0 0 0 0 0 0 0 0 0 0 0 0 0 0 0 0\n   7       6 loop6 0 0 0 0 0 0 0 0 0 0 0 0 0 0 0 0 0\n   7       7 loop7 0 0 0 0 0 0 0 0 0 0 0 0 0 0 0 0 0\n   8       0 sda 307109 7801 73850666 1305388 1987319 414688 74366522 10256162 0 1988750 12466997 65154 1204 129185564 185760 1394851 719685\n   8       1 sda1 306729 6461 73830318 1305134 1987305 414680 74366416 10256144 0 2036918 11747037 65153 1203 128984288 185758 0 0\n   8      14 sda14 92 0 1232 52 0 0 0 0 0 54 52 0 0 0 0 0 0\n   8      15 sda15 152 1340 15404 109 2 0 2 0 0 91 112 1 1 201276 2 0 0\n  11       0 sr0 78 0 560 37 0 0 0 0 0 31 37 0 0 0 0 0 0\n   8      16 sdb 313 0 19506 199 161 532 266776 19121 0 1981 19338 35 34 16465312 16 0 0\n   8      17 sdb1 111 0 6474 97 161 532 266776 19121 0 2013 19235 35 34 16465312 16 0 0\n"}
{"timestamp":1767738038,"subsystem":"statfs[*]","measurement":"{\"mount_point\":\"/\",\"block_size\":4096,\"blocks_total\":7574544,\"blocks_free\":7066107,\"blocks_available\":7062011}\n{\"mount_point\":\"/boot/efi\",\"block_size\":512,\"blocks_total\":213663,\"blocks_free\":201276,\"blocks_available\":201276}\n{\"mount_point\":\"/mnt\",\"block_size\":4096,\"blocks_total\":1011128,\"blocks_free\":1011121,\"blocks_available\":954622}\n"}
{"timestamp":1767738043,"subsystem":"/proc/stat","measurement":"cpu  420144 3397 67860 40506178 149424 0 10306 0 0 0\ncpu0 420144 3397 67860 40506178 149424 0 10306 0 0 0\nintr 21029151 0 0 0 0 2863 0 0 0 0 0 0 0 0 0 0 0 0 0 0 0 0 0 0 0 0 0 0 0 0 0 0 0 0 0 0 0 0 0 0 0 0 0 0 0 0 0 0 0 0 0 0 0 0 0 0 0 0 0 0 0 0 0 0 0 0 0 0 0 0 0 0 0 0 0 0 0 0 0 0 0 0 0 0 0 0 0 0 0 0 0 0 0 0 0 0 0 0 0 0 0 0 0 0 0 0 0 0 0 0 0 0 0 0 0 0 0 0 0 0 0 0 0 0 0 0 0 0 0 0 0 0 0 0 0 0 0 0 0 0 0 0 0 0 0 0 0 0 0 0 0 0 0 0 0 0 0 0 0 0 0 0 0 0 0 0 0 0 0 0 0 0 0 0 0 0 0 0 0 0 0 0 0 0 0 0 0 0 0 0 0 0 0 0 0 0 0 0 0 0 0 0 0 0 0 0 0 0 0 0 0 0 0 0 0 0 0 0 0 0 0 0 0 0 0 0 0 0 0 0 0 0 0 0 0 0 0 0 0 0 0 0 0 0 0 0 0 0 0 0 0 0 0 0 0 0 0\nctxt 37148027\nbtime 1767325803\nprocesses 53735\nprocs_running 2\nprocs_blocked 0\nsoftirq 17092316 0 6119853 4 2141215 0 0 5924389 0 0 2906855\n"}
{"timestamp":1767738043,"subsystem":"/proc/meminfo","measurement":"MemTotal:         868984 kB\nMemFree:          401684 kB\nMemAvailable:     474600 kB\nBuffers:           46864 kB\nCached:           140160 kB\nSwapCached:            0 kB\nActive:           116416 kB\nInactive:         180132 kB\nActive(anon):      78696 kB\nInactive(anon):    43960 kB\nActive(file):      37720 kB\nInactive(file):   136172 kB\nUnevictable:       30724 kB\nMlocked:           27652 kB\nSwapTotal:             0 kB\nSwapFree:              0 kB\nZswap:                 0 kB\nZswapped:              0 kB\nDirty:                40 kB\nWriteback:             0 kB\nAnonPages:        136484 kB\nMapped:            58932 kB\nShmem:              4068 kB\nKReclaimable:      40252 kB\nSlab:              90984 kB\nSReclaimable:      40252 kB\nSUnreclaim:        50732 kB\nKernelStack:        2380 kB\nPageTables:         3456 kB\nSecPageTables:         0 kB\nNFS_Unstable:          0 kB\nBounce:                0 kB\nWritebackTmp:          0 kB\nCommitLimit:      434492 kB\nCommitted_AS:     504452 kB\nVmallocTotal:   34359738367 kB\nVmallocUsed:       33012 kB\nVmallocChunk:          0 kB\nPercpu:              768 kB\nHardwareCorrupted:     0 kB\nAnonHugePages:     34816 kB\nShmemHugePages:        0 kB\nShmemPmdMapped:        0 kB\nFileHugePages:         0 kB\nFilePmdMapped:         0 kB\nUnaccepted:            0 kB\nHugePages_Total:       0\nHugePages_Free:        0\nHugePages_Rsvd:        0\nHugePages_Surp:        0\nHugepagesize:       2048 kB\nHugetlb:               0 kB\nDirectMap4k:       72872 kB\nDirectMap2M:      923648 kB\nDirectMap1G:           0 kB\n"}
{"timestamp":1767738043,"subsystem":"/proc/net/dev","measurement":"Inter-|   Receive                                                |  Transmit\n face |bytes    packets errs drop fifo frame compressed multicast|bytes    packets errs drop fifo colls carrier compressed\n    lo:  132142     852    0    0    0     0          0         0   132142     852    0    0    0     0       0          0\n  eth0: 408011220 1465157    0    0    0     0          0         0 480242227 1710632    0    0    0     0       0          0\n"}
{"timestamp":1767738043,"subsystem":"/proc/diskstats","measurement":"   7       0 loop0 268 0 5220 557 0 0 0 0 0 534 557 0 0 0 0 0 0\n   7       1 loop1 74 0 2502 77 0 0 0 0 0 66 77 0 0 0 0 0 0\n   7       2 loop2 93 0 3748 77 0 0 0 0 0 73 77 0 0 0 0 0 0\n   7       3 loop3 11 0 28 0 0 0 0 0 0 0 0 0 0 0 0 0 0\n   7       4 loop4 0 0 0 0 0 0 0 0 0 0 0 0 0 0 0 0 0\n   7       5 loop5 0 0 0 0 0 0 0 0 0 0 0 0 0 0 0 0 0\n   7       6 loop6 0 0 0 0 0 0 0 0 0 0 0 0 0 0 0 0 0\n   7       7 loop7 0 0 0 0 0 0 0 0 0 0 0 0 0 0 0 0 0\n   8       0 sda 307109 7801 73850666 1305388 1987324 414688 74366578 10256165 0 1988750 12466999 65154 1204 129185564 185760 1394851 719685\n   8       1 sda1 306729 6461 73830318 1305134 1987310 414680 74366472 10256146 0 2036918 11747039 65153 1203 128984288 185758 0 0\n   8      14 sda14 92 0 1232 52 0 0 0 0 0 54 52 0 0 0 0 0 0\n   8      15 sda15 152 1340 15404 109 2 0 2 0 0 91 112 1 1 201276 2 0 0\n  11       0 sr0 78 0 560 37 0 0 0 0 0 31 37 0 0 0 0 0 0\n   8      16 sdb 313 0 19506 199 161 532 266776 19121 0 1981 19338 35 34 16465312 16 0 0\n   8      17 sdb1 111 0 6474 97 161 532 266776 19121 0 2013 19235 35 34 16465312 16 0 0\n"}
{"timestamp":1767738043,"subsystem":"statfs[*]","measurement":"{\"mount_point\":\"/\",\"block_size\":4096,\"blocks_total\":7574544,\"blocks_free\":7066105,\"blocks_available\":7062009}\n{\"mount_point\":\"/boot/efi\",\"block_size\":512,\"blocks_total\":213663,\"blocks_free\":201276,\"blocks_available\":201276}\n{\"mount_point\":\"/mnt\",\"block_size\":4096,\"blocks_total\":1011128,\"blocks_free\":1011121,\"blocks_available\":954622}\n"}
{"timestamp":1767738048,"subsystem":"/proc/stat","measurement":"cpu  420641 3397 67862 40506178 149424 0 10306 0 0 0\ncpu0 420641 3397 67862 40506178 149424 0 10306 0 0 0\nintr 21034294 0 0 0 0 2863 0 0 0 0 0 0 0 0 0 0 0 0 0 0 0 0 0 0 0 0 0 0 0 0 0 0 0 0 0 0 0 0 0 0 0 0 0 0 0 0 0 0 0 0 0 0 0 0 0 0 0 0 0 0 0 0 0 0 0 0 0 0 0 0 0 0 0 0 0 0 0 0 0 0 0 0 0 0 0 0 0 0 0 0 0 0 0 0 0 0 0 0 0 0 0 0 0 0 0 0 0 0 0 0 0 0 0 0 0 0 0 0 0 0 0 0 0 0 0 0 0 0 0 0 0 0 0 0 0 0 0 0 0 0 0 0 0 0 0 0 0 0 0 0 0 0 0 0 0 0 0 0 0 0 0 0 0 0 0 0 0 0 0 0 0 0 0 0 0 0 0 0 0 0 0 0 0 0 0 0 0 0 0 0 0 0 0 0 0 0 0 0 0 0 0 0 0 0 0 0 0 0 0 0 0 0 0 0 0 0 0 0 0 0 0 0 0 0 0 0 0 0 0 0 0 0 0 0 0 0 0 0 0 0 0 0 0 0 0 0 0 0 0 0 0 0 0 0 0 0 0\nctxt 37148779\nbtime 1767325803\nprocesses 53736\nprocs_running 3\nprocs_blocked 0\nsoftirq 17092708 0 6120012 4 2141261 0 0 5924404 0 0 2907027\n"}
{"timestamp":1767738048,"subsystem":"/proc/meminfo","measurement":"MemTotal:         868984 kB\nMemFree:          406612 kB\nMemAvailable:     479540 kB\nBuffers:           46872 kB\nCached:           140164 kB\nSwapCached:            0 kB\nActive:           112708 kB\nInactive:         180144 kB\nActive(anon):      74988 kB\nInactive(anon):    43960 kB\nActive(file):      37720 kB\nInactive(file):   136184 kB\nUnevictable:       30724 kB\nMlocked:           27652 kB\nSwapTotal:             0 kB\nSwapFree:              0 kB\nZswap:                 0 kB\nZswapped:              0 kB\nDirty:               196 kB\nWriteback:             0 kB\nAnonPages:        132740 kB\nMapped:            58608 kB\nShmem:              4068 kB\nKReclaimable:      40252 kB\nSlab:              90968 kB\nSReclaimable:      40252 kB\nSUnreclaim:        50716 kB\nKernelStack:        2320 kB\nPageTables:         3204 kB\nSecPageTables:         0 kB\nNFS_Unstable:          0 kB\nBounce:                0 kB\nWritebackTmp:          0 kB\nCommitLimit:      434492 kB\nCommitted_AS:     496660 kB\nVmallocTotal:   34359738367 kB\nVmallocUsed:       32972 kB\nVmallocChunk:          0 kB\nPercpu:              768 kB\nHardwareCorrupted:     0 kB\nAnonHugePages:     34816 kB\nShmemHugePages:        0 kB\nShmemPmdMapped:        0 kB\nFileHugePages:         0 kB\nFilePmdMapped:         0 kB\nUnaccepted:            0 kB\nHugePages_Total:       0\nHugePages_Free:        0\nHugePages_Rsvd:        0\nHugePages_Surp:        0\nHugepagesize:       2048 kB\nHugetlb:               0 kB\nDirectMap4k:       72872 kB\nDirectMap2M:      923648 kB\nDirectMap1G:           0 kB\n"}
{"timestamp":1767738048,"subsystem":"/proc/net/dev","measurement":"Inter-|   Receive                                                |  Transmit\n face |bytes    packets errs drop fifo frame compressed multicast|bytes    packets errs drop fifo colls carrier compressed\n    lo:  132142     852    0    0    0     0          0         0   132142     852    0    0    0     0       0          0\n  eth0: 408016295 1465187    0    0    0     0          0         0 480248839 1710662    0    0    0     0       0          0\n"}
{"timestamp":1767738048,"subsystem":"/proc/diskstats","measurement":"   7       0 loop0 268 0 5220 557 0 0 0 0 0 534 557 0 0 0 0 0 0\n   7       1 loop1 74 0 2502 77 0 0 0 0 0 66 77 0 0 0 0 0 0\n   7       2 loop2 93 0 3748 77 0 0 0 0 0 73 77 0 0 0 0 0 0\n   7       3 loop3 11 0 28 0 0 0 0 0 0 0 0 0 0 0 0 0 0\n   7       4 loop4 0 0 0 0 0 0 0 0 0 0 0 0 0 0 0 0 0\n   7       5 loop5 0 0 0 0 0 0 0 0 0 0 0 0 0 0 0 0 0\n   7       6 loop6 0 0 0 0 0 0 0 0 0 0 0 0 0 0 0 0 0\n   7       7 loop7 0 0 0 0 0 0 0 0 0 0 0 0 0 0 0 0 0\n   8       0 sda 307109 7801 73850666 1305388 1987330 414698 74366706 10256179 0 1988767 12467025 65155 1204 129185572 185763 1394853 719694\n   8       1 sda1 306729 6461 73830318 1305134 1987316 414690 74366600 10256160 0 2036935 11747056 65154 1203 128984296 185761 0 0\n   8      14 sda14 92 0 1232 52 0 0 0 0 0 54 52 0 0 0 0 0 0\n   8      15 sda15 152 1340 15404 109 2 0 2 0 0 91 112 1 1 201276 2 0 0\n  11       0 sr0 78 0 560 37 0 0 0 0 0 31 37 0 0 0 0 0 0\n   8      16 sdb 313 0 19506 199 161 532 266776 19121 0 1981 19338 35 34 16465312 16 0 0\n   8      17 sdb1 111 0 6474 97 161 532 266776 19121 0 2013 19235 35 34 16465312 16 0 0\n"}
{"timestamp":1767738048,"subsystem":"statfs[*]","measurement":"{\"mount_point\":\"/\",\"block_size\":4096,\"blocks_total\":7574544,\"blocks_free\":7066104,\"blocks_available\":7062008}\n{\"mount_point\":\"/boot/efi\",\"block_size\":512,\"blocks_total\":213663,\"blocks_free\":201276,\"blocks_available\":201276}\n{\"mount_point\":\"/mnt\",\"block_size\":4096,\"blocks_total\":1011128,\"blocks_free\":1011121,\"blocks_available\":954622}\n"}
{"timestamp":1767738053,"subsystem":"/proc/stat","measurement":"cpu  421138 3397 67863 40506178 149424 0 10306 0 0 0\ncpu0 421138 3397 67863 40506178 149424 0 10306 0 0 0\nintr 21039413 0 0 0 0 2863 0 0 0 0 0 0 0 0 0 0 0 0 0 0 0 0 0 0 0 0 0 0 0 0 0 0 0 0 0 0 0 0 0 0 0 0 0 0 0 0 0 0 0 0 0 0 0 0 0 0 0 0 0 0 0 0 0 0 0 0 0 0 0 0 0 0 0 0 0 0 0 0 0 0 0 0 0 0 0 0 0 0 0 0 0 0 0 0 0 0 0 0 0 0 0 0 0 0 0 0 0 0 0 0 0 0 0 0 0 0 0 0 0 0 0 0 0 0 0 0 0 0 0 0 0 0 0 0 0 0 0 0 0 0 0 0 0 0 0 0 0 0 0 0 0 0 0 0 0 0 0 0 0 0 0 0 0 0 0 0 0 0 0 0 0 0 0 0 0 0 0 0 0 0 0 0 0 0 0 0 0 0 0 0 0 0 0 0 0 0 0 0 0 0 0 0 0 0 0 0 0 0 0 0 0 0 0 0 0 0 0 0 0 0 0 0 0 0 0 0 0 0 0 0 0 0 0 0 0 0 0 0 0 0 0 0 0 0 0 0 0 0 0 0 0 0 0 0 0 0 0\nctxt 37149504\nbtime 1767325803\nprocesses 53739\nprocs_running 2\nprocs_blocked 0\nsoftirq 17093070 0 6120156 4 2141281 0 0 5924430 0 0 2907199\n"}
{"timestamp":1767738053,"subsystem":"/proc/meminfo","measurement":"MemTotal:         868984 kB\nMemFree:          404104 kB\nMemAvailable:     477036 kB\nBuffers:           46872 kB\nCached:           140168 kB\nSwapCached:            0 kB\nActive:           112720 kB\nInactive:         180148 kB\nActive(anon):      75000 kB\nInactive(anon):    43960 kB\nActive(file):      37720 kB\nInactive(file):   136188 kB\nUnevictable:       30724 kB\nMlocked:           27652 kB\nSwapTotal:             0 kB\nSwapFree:              0 kB\nZswap:                 0 kB\nZswapped:              0 kB\nDirty:               192 kB\nWriteback:             0 kB\nAnonPages:        132752 kB\nMapped:            58612 kB\nShmem:              4068 kB\nKReclaimable:      40252 kB\nSlab:              90940 kB\nSReclaimable:      40252 kB\nSUnreclaim:        50688 kB\nKernelStack:        2320 kB\nPageTables:         3204 kB\nSecPageTables:         0 kB\nNFS_Unstable:          0 kB\nBounce:                0 kB\nWritebackTmp:          0 kB\nCommitLimit:      434492 kB\nCommitted_AS:     496660 kB\nVmallocTotal:   34359738367 kB\nVmallocUsed:       32972 kB\nVmallocChunk:          0 kB\nPercpu:              768 kB\nHardwareCorrupted:     0 kB\nAnonHugePages:     34816 kB\nShmemHugePages:        0 kB\nShmemPmdMapped:        0 kB\nFileHugePages:         0 kB\nFilePmdMapped:         0 kB\nUnaccepted:            0 kB\nHugePages_Total:       0\nHugePages_Free:        0\nHugePages_Rsvd:        0\nHugePages_Surp:        0\nHugepagesize:       2048 kB\nHugetlb:               0 kB\nDirectMap4k:       72872 kB\nDirectMap2M:      923648 kB\nDirectMap1G:           0 kB\n"}
{"timestamp":1767738053,"subsystem":"/proc/net/dev","measurement":"Inter-|   Receive                                                |  Transmit\n face |bytes    packets errs drop fifo frame compressed multicast|bytes    packets errs drop fifo colls carrier compressed\n    lo:  132142     852    0    0    0     0          0         0   132142     852    0    0    0     0       0          0\n  eth0: 408018927 1465199    0    0    0     0          0         0 480251553 1710674    0    0    0     0       0          0\n"}
{"timestamp":1767738053,"subsystem":"/proc/diskstats","measurement":"   7       0 loop0 268 0 5220 557 0 0 0 0 0 534 557 0 0 0 0 0 0\n   7       1 loop1 74 0 2502 77 0 0 0 0 0 66 77 0 0 0 0 0 0\n   7       2 loop2 93 0 3748 77 0 0 0 0 0 73 77 0 0 0 0 0 0\n   7       3 loop3 11 0 28 0 0 0 0 0 0 0 0 0 0 0 0 0 0\n   7       4 loop4 0 0 0 0 0 0 0 0 0 0 0 0 0 0 0 0 0\n   7       5 loop5 0 0 0 0 0 0 0 0 0 0 0 0 0 0 0 0 0\n   7       6 loop6 0 0 0 0 0 0 0 0 0 0 0 0 0 0 0 0 0\n   7       7 loop7 0 0 0 0 0 0 0 0 0 0 0 0 0 0 0 0 0\n   8       0 sda 307109 7801 73850666 1305388 1987368 414706 74367090 10256198 0 1988776 12467052 65156 1204 129185580 185767 1394854 719697\n   8       1 sda1 306729 6461 73830318 1305134 1987354 414698 74366984 10256180 0 2036944 11747079 65155 1203 128984304 185764 0 0\n   8      14 sda14 92 0 1232 52 0 0 0 0 0 54 52 0 0 0 0 0 0\n   8      15 sda15 152 1340 15404 109 2 0 2 0 0 91 112 1 1 201276 2 0 0\n  11       0 sr0 78 0 560 37 0 0 0 0 0 31 37 0 0 0 0 0 0\n   8      16 sdb 313 0 19506 199 161 532 266776 19121 0 1981 19338 35 34 16465312 16 0 0\n   8      17 sdb1 111 0 6474 97 161 532 266776 19121 0 2013 19235 35 34 16465312 16 0 0\n"}
{"timestamp":1767738053,"subsystem":"statfs[*]","measurement":"{\"mount_point\":\"/\",\"block_size\":4096,\"blocks_total\":7574544,\"blocks_free\":7066103,\"blocks_available\":7062007}\n{\"mount_point\":\"/boot/efi\",\"block_size\":512,\"blocks_total\":213663,\"blocks_free\":201276,\"blocks_available\":201276}\n{\"mount_point\":\"/mnt\",\"block_size\":4096,\"blocks_total\":1011128,\"blocks_free\":1011121,\"blocks_available\":954622}\n"}
{"timestamp":1767738058,"subsystem":"/proc/stat","measurement":"cpu  421635 3397 67864 40506178 149424 0 10306 0 0 0\ncpu0 421635 3397 67864 40506178 149424 0 10306 0 0 0\nintr 21044522 0 0 0 0 2863 0 0 0 0 0 0 0 0 0 0 0 0 0 0 0 0 0 0 0 0 0 0 0 0 0 0 0 0 0 0 0 0 0 0 0 0 0 0 0 0 0 0 0 0 0 0 0 0 0 0 0 0 0 0 0 0 0 0 0 0 0 0 0 0 0 0 0 0 0 0 0 0 0 0 0 0 0 0 0 0 0 0 0 0 0 0 0 0 0 0 0 0 0 0 0 0 0 0 0 0 0 0 0 0 0 0 0 0 0 0 0 0 0 0 0 0 0 0 0 0 0 0 0 0 0 0 0 0 0 0 0 0 0 0 0 0 0 0 0 0 0 0 0 0 0 0 0 0 0 0 0 0 0 0 0 0 0 0 0 0 0 0 0 0 0 0 0 0 0 0 0 0 0 0 0 0 0 0 0 0 0 0 0 0 0 0 0 0 0 0 0 0 0 0 0 0 0 0 0 0 0 0 0 0 0 0 0 0 0 0 0 0 0 0 0 0 0 0 0 0 0 0 0 0 0 0 0 0 0 0 0 0 0 0 0 0 0 0 0 0 0 0 0 0 0 0 0 0 0 0 0\nctxt 37150131\nbtime 1767325803\nprocesses 53740\nprocs_running 3\nprocs_blocked 0\nsoftirq 17093307 0 6120290 4 2141304 0 0 5924442 0 0 2907267\n"}
{"timestamp":1767738058,"subsystem":"/proc/meminfo","measurement":"MemTotal:         868984 kB\nMemFree:          404104 kB\nMemAvailable:     477040 kB\nBuffers:           46872 kB\nCached:           140172 kB\nSwapCached:            0 kB\nActive:           112740 kB\nInactive:         180152 kB\nActive(anon):      75020 kB\nInactive(anon):    43960 kB\nActive(file):      37720 kB\nInactive(file):   136192 kB\nUnevictable:       30724 kB\nMlocked:           27652 kB\nSwapTotal:             0 kB\nSwapFree:              0 kB\nZswap:                 0 kB\nZswapped:              0 kB\nDirty:               196 kB\nWriteback:             0 kB\nAnonPages:        132772 kB\nMapped:            58612 kB\nShmem:              4068 kB\nKReclaimable:      40252 kB\nSlab:              90940 kB\nSReclaimable:      40252 kB\nSUnreclaim:        50688 kB\nKernelStack:        2320 kB\nPageTables:         3204 kB\nSecPageTables:         0 kB\nNFS_Unstable:          0 kB\nBounce:                0 kB\nWritebackTmp:          0 kB\nCommitLimit:      434492 kB\nCommitted_AS:     496660 kB\nVmallocTotal:   34359738367 kB\nVmallocUsed:       32972 kB\nVmallocChunk:          0 kB\nPercpu:              768 kB\nHardwareCorrupted:     0 kB\nAnonHugePages:     34816 kB\nShmemHugePages:        0 kB\nShmemPmdMapped:        0 kB\nFileHugePages:         0 kB\nFilePmdMapped:         0 kB\nUnaccepted:            0 kB\nHugePages_Total:       0\nHugePages_Free:        0\nHugePages_Rsvd:        0\nHugePages_Surp:        0\nHugepagesize:       2048 kB\nHugetlb:               0 kB\nDirectMap4k:       72872 kB\nDirectMap2M:      923648 kB\nDirectMap1G:           0 kB\n"}
{"timestamp":1767738058,"subsystem":"/proc/net/dev","measurement":"Inter-|   Receive                                                |  Transmit\n face |bytes    packets errs drop fifo frame compressed multicast|bytes    packets errs drop fifo colls carrier compressed\n    lo:  132142     852    0    0    0     0          0         0   132142     852    0    0    0     0       0          0\n  eth0: 408022730 1465214    0    0    0     0          0         0 480256807 1710693    0    0    0     0       0          0\n"}
{"timestamp":1767738058,"subsystem":"/proc/diskstats","measurement":"   7       0 loop0 268 0 5220 557 0 0 0 0 0 534 557 0 0 0 0 0 0\n   7       1 loop1 74 0 2502 77 0 0 0 0 0 66 77 0 0 0 0 0 0\n   7       2 loop2 93 0 3748 77 0 0 0 0 0 73 77 0 0 0 0 0 0\n   7       3 loop3 11 0 28 0 0 0 0 0 0 0 0 0 0 0 0 0 0\n   7       4 loop4 0 0 0 0 0 0 0 0 0 0 0 0 0 0 0 0 0\n   7       5 loop5 0 0 0 0 0 0 0 0 0 0 0 0 0 0 0 0 0\n   7       6 loop6 0 0 0 0 0 0 0 0 0 0 0 0 0 0 0 0 0\n   7       7 loop7 0 0 0 0 0 0 0 0 0 0 0 0 0 0 0 0 0\n   8       0 sda 307109 7801 73850666 1305388 1987372 414714 74367186 10256205 0 1988788 12467069 65157 1204 129185588 185773 1394855 719701\n   8       1 sda1 306729 6461 73830318 1305134 1987358 414706 74367080 10256187 0 2036956 11747093 65156 1203 128984312 185771 0 0\n   8      14 sda14 92 0 1232 52 0 0 0 0 0 54 52 0 0 0 0 0 0\n   8      15 sda15 152 1340 15404 109 2 0 2 0 0 91 112 1 1 201276 2 0 0\n  11       0 sr0 78 0 560 37 0 0 0 0 0 31 37 0 0 0 0 0 0\n   8      16 sdb 313 0 19506 199 161 532 266776 19121 0 1981 19338 35 34 16465312 16 0 0\n   8      17 sdb1 111 0 6474 97 161 532 266776 19121 0 2013 19235 35 34 16465312 16 0 0\n"}
{"timestamp":1767738058,"subsystem":"statfs[*]","measurement":"{\"mount_point\":\"/\",\"block_size\":4096,\"blocks_total\":7574544,\"blocks_free\":7066102,\"blocks_available\":7062006}\n{\"mount_point\":\"/boot/efi\",\"block_size\":512,\"blocks_total\":213663,\"blocks_free\":201276,\"blocks_available\":201276}\n{\"mount_point\":\"/mnt\",\"block_size\":4096,\"blocks_total\":1011128,\"blocks_free\":1011121,\"blocks_available\":954622}\n"}
{"timestamp":1767738063,"subsystem":"/proc/stat","measurement":"cpu  422126 3397 67866 40506178 149424 0 10306 0 0 0\ncpu0 422126 3397 67866 40506178 149424 0 10306 0 0 0\nintr 21049630 0 0 0 0 2863 0 0 0 0 0 0 0 0 0 0 0 0 0 0 0 0 0 0 0 0 0 0 0 0 0 0 0 0 0 0 0 0 0 0 0 0 0 0 0 0 0 0 0 0 0 0 0 0 0 0 0 0 0 0 0 0 0 0 0 0 0 0 0 0 0 0 0 0 0 0 0 0 0 0 0 0 0 0 0 0 0 0 0 0 0 0 0 0 0 0 0 0 0 0 0 0 0 0 0 0 0 0 0 0 0 0 0 0 0 0 0 0 0 0 0 0 0 0 0 0 0 0 0 0 0 0 0 0 0 0 0 0 0 0 0 0 0 0 0 0 0 0 0 0 0 0 0 0 0 0 0 0 0 0 0 0 0 0 0 0 0 0 0 0 0 0 0 0 0 0 0 0 0 0 0 0 0 0 0 0 0 0 0 0 0 0 0 0 0 0 0 0 0 0 0 0 0 0 0 0 0 0 0 0 0 0 0 0 0 0 0 0 0 0 0 0 0 0 0 0 0 0 0 0 0 0 0 0 0 0 0 0 0 0 0 0 0 0 0 0 0 0 0 0 0 0 0 0 0 0 0\nctxt 37151046\nbtime 1767325803\nprocesses 53746\nprocs_running 2\nprocs_blocked 0\nsoftirq 17093829 0 6120481 4 2141352 0 0 5924455 0 0 2907537\n"}
{"timestamp":1767738063,"subsystem":"/proc/meminfo","measurement":"MemTotal:         868984 kB\nMemFree:          404260 kB\nMemAvailable:     477204 kB\nBuffers:           46876 kB\nCached:           140176 kB\nSwapCached:            0 kB\nActive:           112772 kB\nInactive:         180160 kB\nActive(anon):      75052 kB\nInactive(anon):    43960 kB\nActive(file):      37720 kB\nInactive(file):   136200 kB\nUnevictable:       30724 kB\nMlocked:           27652 kB\nSwapTotal:             0 kB\nSwapFree:              0 kB\nZswap:                 0 kB\nZswapped:              0 kB\nDirty:               232 kB\nWriteback:             0 kB\nAnonPages:        132808 kB\nMapped:            58628 kB\nShmem:              4068 kB\nKReclaimable:      40252 kB\nSlab:              90940 kB\nSReclaimable:      40252 kB\nSUnreclaim:        50688 kB\nKernelStack:        2328 kB\nPageTables:         3224 kB\nSecPageTables:         0 kB\nNFS_Unstable:          0 kB\nBounce:                0 kB\nWritebackTmp:          0 kB\nCommitLimit:      434492 kB\nCommitted_AS:     496660 kB\nVmallocTotal:   34359738367 kB\nVmallocUsed:       32972 kB\nVmallocChunk:          0 kB\nPercpu:              768 kB\nHardwareCorrupted:     0 kB\nAnonHugePages:     34816 kB\nShmemHugePages:        0 kB\nShmemPmdMapped:        0 kB\nFileHugePages:         0 kB\nFilePmdMapped:         0 kB\nUnaccepted:            0 kB\nHugePages_Total:       0\nHugePages_Free:        0\nHugePages_Rsvd:        0\nHugePages_Surp:        0\nHugepagesize:       2048 kB\nHugetlb:               0 kB\nDirectMap4k:       72872 kB\nDirectMap2M:      923648 kB\nDirectMap1G:           0 kB\n"}
{"timestamp":1767738063,"subsystem":"/proc/net/dev","measurement":"Inter-|   Receive                                                |  Transmit\n face |bytes    packets errs drop fifo frame compressed multicast|bytes    packets errs drop fifo colls carrier compressed\n    lo:  132142     852    0    0    0     0          0         0   132142     852    0    0    0     0       0          0\n  eth0: 408028667 1465242    0    0    0     0          0         0 480265313 1710723    0    0    0     0       0          0\n"}
{"timestamp":1767738063,"subsystem":"/proc/diskstats","measurement":"   7       0 loop0 268 0 5220 557 0 0 0 0 0 534 557 0 0 0 0 0 0\n   7       1 loop1 74 0 2502 77 0 0 0 0 0 66 77 0 0 0 0 0 0\n   7       2 loop2 93 0 3748 77 0 0 0 0 0 73 77 0 0 0 0 0 0\n   7       3 loop3 11 0 28 0 0 0 0 0 0 0 0 0 0 0 0 0 0\n   7       4 loop4 0 0 0 0 0 0 0 0 0 0 0 0 0 0 0 0 0\n   7       5 loop5 0 0 0 0 0 0 0 0 0 0 0 0 0 0 0 0 0\n   7       6 loop6 0 0 0 0 0 0 0 0 0 0 0 0 0 0 0 0 0\n   7       7 loop7 0 0 0 0 0 0 0 0 0 0 0 0 0 0 0 0 0\n   8       0 sda 307109 7801 73850666 1305388 1987382 414721 74367330 10256234 0 1988799 12467101 65157 1204 129185588 185773 1394856 719704\n   8       1 sda1 306729 6461 73830318 1305134 1987368 414713 74367224 10256216 0 2036967 11747121 65156 1203 128984312 185771 0 0\n   8      14 sda14 92 0 1232 52 0 0 0 0 0 54 52 0 0 0 0 0 0\n   8      15 sda15 152 1340 15404 109 2 0 2 0 0 91 112 1 1 201276 2 0 0\n  11       0 sr0 78 0 560 37 0 0 0 0 0 31 37 0 0 0 0 0 0\n   8      16 sdb 313 0 19506 199 161 532 266776 19121 0 1981 19338 35 34 16465312 16 0 0\n   8      17 sdb1 111 0 6474 97 161 532 266776 19121 0 2013 19235 35 34 16465312 16 0 0\n"}
{"timestamp":1767738063,"subsystem":"statfs[*]","measurement":"{\"mount_point\":\"/\",\"block_size\":4096,\"blocks_total\":7574544,\"blocks_free\":7066095,\"blocks_available\":7061999}\n{\"mount_point\":\"/boot/efi\",\"block_size\":512,\"blocks_total\":213663,\"blocks_free\":201276,\"blocks_available\":201276}\n{\"mount_point\":\"/mnt\",\"block_size\":4096,\"blocks_total\":1011128,\"blocks_free\":1011121,\"blocks_available\":954622}\n"}
{"timestamp":1767738068,"subsystem":"/proc/stat","measurement":"cpu  422624 3397 67867 40506178 149424 0 10307 0 0 0\ncpu0 422624 3397 67867 40506178 149424 0 10307 0 0 0\nintr 21054754 0 0 0 0 2863 0 0 0 0 0 0 0 0 0 0 0 0 0 0 0 0 0 0 0 0 0 0 0 0 0 0 0 0 0 0 0 0 0 0 0 0 0 0 0 0 0 0 0 0 0 0 0 0 0 0 0 0 0 0 0 0 0 0 0 0 0 0 0 0 0 0 0 0 0 0 0 0 0 0 0 0 0 0 0 0 0 0 0 0 0 0 0 0 0 0 0 0 0 0 0 0 0 0 0 0 0 0 0 0 0 0 0 0 0 0 0 0 0 0 0 0 0 0 0 0 0 0 0 0 0 0 0 0 0 0 0 0 0 0 0 0 0 0 0 0 0 0 0 0 0 0 0 0 0 0 0 0 0 0 0 0 0 0 0 0 0 0 0 0 0 0 0 0 0 0 0 0 0 0 0 0 0 0 0 0 0 0 0 0 0 0 0 0 0 0 0 0 0 0 0 0 0 0 0 0 0 0 0 0 0 0 0 0 0 0 0 0 0 0 0 0 0 0 0 0 0 0 0 0 0 0 0 0 0 0 0 0 0 0 0 0 0 0 0 0 0 0 0 0 0 0 0 0 0 0 0\nctxt 37151646\nbtime 1767325803\nprocesses 53747\nprocs_running 2\nprocs_blocked 0\nsoftirq 17094086 0 6120626 4 2141382 0 0 5924467 0 0 2907607\n"}
{"timestamp":1767738068,"subsystem":"/proc/meminfo","measurement":"MemTotal:         868984 kB\nMemFree:          404260 kB\nMemAvailable:     477240 kB\nBuffers:           46884 kB\nCached:           140204 kB\nSwapCached:            0 kB\nActive:           112780 kB\nInactive:         180196 kB\nActive(anon):      75060 kB\nInactive(anon):    43960 kB\nActive(file):      37720 kB\nInactive(file):   136236 kB\nUnevictable:       30724 kB\nMlocked:           27652 kB\nSwapTotal:             0 kB\nSwapFree:              0 kB\nZswap:                 0 kB\nZswapped:              0 kB\nDirty:               276 kB\nWriteback:             0 kB\nAnonPages:        132812 kB\nMapped:            58608 kB\nShmem:              4068 kB\nKReclaimable:      40252 kB\nSlab:              90940 kB\nSReclaimable:      40252 kB\nSUnreclaim:        50688 kB\nKernelStack:        2320 kB\nPageTables:         3204 kB\nSecPageTables:         0 kB\nNFS_Unstable:          0 kB\nBounce:                0 kB\nWritebackTmp:          0 kB\nCommitLimit:      434492 kB\nCommitted_AS:     496660 kB\nVmallocTotal:   34359738367 kB\nVmallocUsed:       32972 kB\nVmallocChunk:          0 kB\nPercpu:              768 kB\nHardwareCorrupted:     0 kB\nAnonHugePages:     34816 kB\nShmemHugePages:        0 kB\nShmemPmdMapped:        0 kB\nFileHugePages:         0 kB\nFilePmdMapped:         0 kB\nUnaccepted:            0 kB\nHugePages_Total:       0\nHugePages_Free:        0\nHugePages_Rsvd:        0\nHugePages_Surp:        0\nHugepagesize:       2048 kB\nHugetlb:               0 kB\nDirectMap4k:       72872 kB\nDirectMap2M:      923648 kB\nDirectMap1G:           0 kB\n"}
{"timestamp":1767738068,"subsystem":"/proc/net/dev","measurement":"Inter-|   Receive                                                |  Transmit\n face |bytes    packets errs drop fifo frame compressed multicast|bytes    packets errs drop fifo colls carrier compressed\n    lo:  132142     852    0    0    0     0          0         0   132142     852    0    0    0     0       0          0\n  eth0: 408032958 1465262    0    0    0     0          0         0 480271281 1710747    0    0    0     0       0          0\n"}
{"timestamp":1767738068,"subsystem":"/proc/diskstats","measurement":"   7       0 loop0 268 0 5220 557 0 0 0 0 0 534 557 0 0 0 0 0 0\n   7       1 loop1 74 0 2502 77 0 0 0 0 0 66 77 0 0 0 0 0 0\n   7       2 loop2 93 0 3748 77 0 0 0 0 0 73 77 0 0 0 0 0 0\n   7       3 loop3 11 0 28 0 0 0 0 0 0 0 0 0 0 0 0 0 0\n   7       4 loop4 0 0 0 0 0 0 0 0 0 0 0 0 0 0 0 0 0\n   7       5 loop5 0 0 0 0 0 0 0 0 0 0 0 0 0 0 0 0 0\n   7       6 loop6 0 0 0 0 0 0 0 0 0 0 0 0 0 0 0 0 0\n   7       7 loop7 0 0 0 0 0 0 0 0 0 0 0 0 0 0 0 0 0\n   8       0 sda 307109 7801 73850666 1305388 1987387 414734 74367474 10256242 0 1988808 12467114 65158 1204 129185596 185776 1394857 719706\n   8       1 sda1 306729 6461 73830318 1305134 1987373 414726 74367368 10256224 0 2036976 11747132 65157 1203 128984320 185773 0 0\n   8      14 sda14 92 0 1232 52 0 0 0 0 0 54 52 0 0 0 0 0 0\n   8      15 sda15 152 1340 15404 109 2 0 2 0 0 91 112 1 1 201276 2 0 0\n  11       0 sr0 78 0 560 37 0 0 0 0 0 31 37 0 0 0 0 0 0\n   8      16 sdb 313 0 19506 199 161 532 266776 19121 0 1981 19338 35 34 16465312 16 0 0\n   8      17 sdb1 111 0 6474 97 161 532 266776 19121 0 2013 19235 35 34 16465312 16 0 0\n"}
{"timestamp":1767738068,"subsystem":"statfs[*]","measurement":"{\"mount_point\":\"/\",\"block_size\":4096,\"blocks_total\":7574544,\"blocks_free\":7066094,\"blocks_available\":7061998}\n{\"mount_point\":\"/boot/efi\",\"block_size\":512,\"blocks_total\":213663,\"blocks_free\":201276,\"blocks_available\":201276}\n{\"mount_point\":\"/mnt\",\"block_size\":4096,\"blocks_total\":1011128,\"blocks_free\":1011121,\"blocks_available\":954622}\n"}
{"timestamp":1767738073,"subsystem":"/proc/stat","measurement":"cpu  423120 3397 67869 40506178 149424 0 10307 0 0 0\ncpu0 423120 3397 67869 40506178 149424 0 10307 0 0 0\nintr 21059926 0 0 0 0 2863 0 0 0 0 0 0 0 0 0 0 0 0 0 0 0 0 0 0 0 0 0 0 0 0 0 0 0 0 0 0 0 0 0 0 0 0 0 0 0 0 0 0 0 0 0 0 0 0 0 0 0 0 0 0 0 0 0 0 0 0 0 0 0 0 0 0 0 0 0 0 0 0 0 0 0 0 0 0 0 0 0 0 0 0 0 0 0 0 0 0 0 0 0 0 0 0 0 0 0 0 0 0 0 0 0 0 0 0 0 0 0 0 0 0 0 0 0 0 0 0 0 0 0 0 0 0 0 0 0 0 0 0 0 0 0 0 0 0 0 0 0 0 0 0 0 0 0 0 0 0 0 0 0 0 0 0 0 0 0 0 0 0 0 0 0 0 0 0 0 0 0 0 0 0 0 0 0 0 0 0 0 0 0 0 0 0 0 0 0 0 0 0 0 0 0 0 0 0 0 0 0 0 0 0 0 0 0 0 0 0 0 0 0 0 0 0 0 0 0 0 0 0 0 0 0 0 0 0 0 0 0 0 0 0 0 0 0 0 0 0 0 0 0 0 0 0 0 0 0 0 0\nctxt 37152478\nbtime 1767325803\nprocesses 53750\nprocs_running 3\nprocs_blocked 0\nsoftirq 17094576 0 6120808 4 2141463 0 0 5924478 0 0 2907823\n"}
{"timestamp":1767738073,"subsystem":"/proc/meminfo","measurement":"MemTotal:         868984 kB\nMemFree:          403956 kB\nMemAvailable:     476932 kB\nBuffers:           46892 kB\nCached:           140192 kB\nSwapCached:            0 kB\nActive:           112784 kB\nInactive:         180192 kB\nActive(anon):      75064 kB\nInactive(anon):    43960 kB\nActive(file):      37720 kB\nInactive(file):   136232 kB\nUnevictable:       30724 kB\nMlocked:           27652 kB\nSwapTotal:             0 kB\nSwapFree:              0 kB\nZswap:                 0 kB\nZswapped:              0 kB\nDirty:               308 kB\nWriteback:             0 kB\nAnonPages:        132816 kB\nMapped:            58612 kB\nShmem:              4068 kB\nKReclaimable:      40252 kB\nSlab:              90944 kB\nSReclaimable:      40252 kB\nSUnreclaim:        50692 kB\nKernelStack:        2320 kB\nPageTables:         3204 kB\nSecPageTables:         0 kB\nNFS_Unstable:          0 kB\nBounce:                0 kB\nWritebackTmp:          0 kB\nCommitLimit:      434492 kB\nCommitted_AS:     496660 kB\nVmallocTotal:   34359738367 kB\nVmallocUsed:       32972 kB\nVmallocChunk:          0 kB\nPercpu:              768 kB\nHardwareCorrupted:     0 kB\nAnonHugePages:     34816 kB\nShmemHugePages:        0 kB\nShmemPmdMapped:        0 kB\nFileHugePages:         0 kB\nFilePmdMapped:         0 kB\nUnaccepted:            0 kB\nHugePages_Total:       0\nHugePages_Free:        0\nHugePages_Rsvd:        0\nHugePages_Surp:        0\nHugepagesize:       2048 kB\nHugetlb:               0 kB\nDirectMap4k:       72872 kB\nDirectMap2M:      923648 kB\nDirectMap1G:           0 kB\n"}
{"timestamp":1767738073,"subsystem":"/proc/net/dev","measurement":"Inter-|   Receive                                                |  Transmit\n face |bytes    packets errs drop fifo frame compressed multicast|bytes    packets errs drop fifo colls carrier compressed\n    lo:  132142     852    0    0    0     0          0         0   132142     852    0    0    0     0       0          0\n  eth0: 408043753 1465310    0    0    0     0          0         0 480281860 1710802    0    0    0     0       0          0\n"}
{"timestamp":1767738073,"subsystem":"/proc/diskstats","measurement":"   7       0 loop0 268 0 5220 557 0 0 0 0 0 534 557 0 0 0 0 0 0\n   7       1 loop1 74 0 2502 77 0 0 0 0 0 66 77 0 0 0 0 0 0\n   7       2 loop2 93 0 3748 77 0 0 0 0 0 73 77 0 0 0 0 0 0\n   7       3 loop3 11 0 28 0 0 0 0 0 0 0 0 0 0 0 0 0 0\n   7       4 loop4 0 0 0 0 0 0 0 0 0 0 0 0 0 0 0 0 0\n   7       5 loop5 0 0 0 0 0 0 0 0 0 0 0 0 0 0 0 0 0\n   7       6 loop6 0 0 0 0 0 0 0 0 0 0 0 0 0 0 0 0 0\n   7       7 loop7 0 0 0 0 0 0 0 0 0 0 0 0 0 0 0 0 0\n   8       0 sda 307109 7801 73850666 1305388 1987392 414748 74367642 10256248 0 1988814 12467124 65159 1204 129185604 185779 1394858 719708\n   8       1 sda1 306729 6461 73830318 1305134 1987378 414740 74367536 10256229 0 2036982 11747140 65158 1203 128984328 185776 0 0\n   8      14 sda14 92 0 1232 52 0 0 0 0 0 54 52 0 0 0 0 0 0\n   8      15 sda15 152 1340 15404 109 2 0 2 0 0 91 112 1 1 201276 2 0 0\n  11       0 sr0 78 0 560 37 0 0 0 0 0 31 37 0 0 0 0 0 0\n   8      16 sdb 313 0 19506 199 161 532 266776 19121 0 1981 19338 35 34 16465312 16 0 0\n   8      17 sdb1 111 0 6474 97 161 532 266776 19121 0 2013 19235 35 34 16465312 16 0 0\n"}
{"timestamp":1767738073,"subsystem":"statfs[*]","measurement":"{\"mount_point\":\"/\",\"block_size\":4096,\"blocks_total\":7574544,\"blocks_free\":7066097,\"blocks_available\":7062001}\n{\"mount_point\":\"/boot/efi\",\"block_size\":512,\"blocks_total\":213663,\"blocks_free\":201276,\"blocks_available\":201276}\n{\"mount_point\":\"/mnt\",\"block_size\":4096,\"blocks_total\":1011128,\"blocks_free\":1011121,\"blocks_available\":954622}\n"}
{"timestamp":1767738078,"subsystem":"/proc/stat","measurement":"cpu  423618 3397 67870 40506178 149424 0 10307 0 0 0\ncpu0 423618 3397 67870 40506178 149424 0 10307 0 0 0\nintr 21065051 0 0 0 0 2863 0 0 0 0 0 0 0 0 0 0 0 0 0 0 0 0 0 0 0 0 0 0 0 0 0 0 0 0 0 0 0 0 0 0 0 0 0 0 0 0 0 0 0 0 0 0 0 0 0 0 0 0 0 0 0 0 0 0 0 0 0 0 0 0 0 0 0 0 0 0 0 0 0 0 0 0 0 0 0 0 0 0 0 0 0 0 0 0 0 0 0 0 0 0 0 0 0 0 0 0 0 0 0 0 0 0 0 0 0 0 0 0 0 0 0 0 0 0 0 0 0 0 0 0 0 0 0 0 0 0 0 0 0 0 0 0 0 0 0 0 0 0 0 0 0 0 0 0 0 0 0 0 0 0 0 0 0 0 0 0 0 0 0 0 0 0 0 0 0 0 0 0 0 0 0 0 0 0 0 0 0 0 0 0 0 0 0 0 0 0 0 0 0 0 0 0 0 0 0 0 0 0 0 0 0 0 0 0 0 0 0 0 0 0 0 0 0 0 0 0 0 0 0 0 0 0 0 0 0 0 0 0 0 0 0 0 0 0 0 0 0 0 0 0 0 0 0 0 0 0 0\nctxt 37153069\nbtime 1767325803\nprocesses 53751\nprocs_running 2\nprocs_blocked 0\nsoftirq 17094817 0 6120940 4 2141493 0 0 5924491 0 0 2907889\n"}
{"timestamp":1767738078,"subsystem":"/proc/meminfo","measurement":"MemTotal:         868984 kB\nMemFree:          403956 kB\nMemAvailable:     476936 kB\nBuffers:           46896 kB\nCached:           140192 kB\nSwapCached:            0 kB\nActive:           112784 kB\nInactive:         180196 kB\nActive(anon):      75064 kB\nInactive(anon):    43960 kB\nActive(file):      37720 kB\nInactive(file):   136236 kB\nUnevictable:       30724 kB\nMlocked:           27652 kB\nSwapTotal:             0 kB\nSwapFree:              0 kB\nZswap:                 0 kB\nZswapped:              0 kB\nDirty:               304 kB\nWriteback:             0 kB\nAnonPages:        132816 kB\nMapped:            58612 kB\nShmem:              4068 kB\nKReclaimable:      40252 kB\nSlab:              90940 kB\nSReclaimable:      40252 kB\nSUnreclaim:        50688 kB\nKernelStack:        2320 kB\nPageTables:         3204 kB\nSecPageTables:         0 kB\nNFS_Unstable:          0 kB\nBounce:                0 kB\nWritebackTmp:          0 kB\nCommitLimit:      434492 kB\nCommitted_AS:     496660 kB\nVmallocTotal:   34359738367 kB\nVmallocUsed:       32972 kB\nVmallocChunk:          0 kB\nPercpu:              768 kB\nHardwareCorrupted:     0 kB\nAnonHugePages:     34816 kB\nShmemHugePages:        0 kB\nShmemPmdMapped:        0 kB\nFileHugePages:         0 kB\nFilePmdMapped:         0 kB\nUnaccepted:            0 kB\nHugePages_Total:       0\nHugePages_Free:        0\nHugePages_Rsvd:        0\nHugePages_Surp:        0\nHugepagesize:       2048 kB\nHugetlb:               0 kB\nDirectMap4k:       72872 kB\nDirectMap2M:      923648 kB\nDirectMap1G:           0 kB\n"}
{"timestamp":1767738078,"subsystem":"/proc/net/dev","measurement":"Inter-|   Receive                                                |  Transmit\n face |bytes    packets errs drop fifo frame compressed multicast|bytes    packets errs drop fifo colls carrier compressed\n    lo:  132142     852    0    0    0     0          0         0   132142     852    0    0    0     0       0          0\n  eth0: 408047989 1465329    0    0    0     0          0         0 480297451 1710827    0    0    0     0       0          0\n"}
{"timestamp":1767738078,"subsystem":"/proc/diskstats","measurement":"   7       0 loop0 268 0 5220 557 0 0 0 0 0 534 557 0 0 0 0 0 0\n   7       1 loop1 74 0 2502 77 0 0 0 0 0 66 77 0 0 0 0 0 0\n   7       2 loop2 93 0 3748 77 0 0 0 0 0 73 77 0 0 0 0 0 0\n   7       3 loop3 11 0 28 0 0 0 0 0 0 0 0 0 0 0 0 0 0\n   7       4 loop4 0 0 0 0 0 0 0 0 0 0 0 0 0 0 0 0 0\n   7       5 loop5 0 0 0 0 0 0 0 0 0 0 0 0 0 0 0 0 0\n   7       6 loop6 0 0 0 0 0 0 0 0 0 0 0 0 0 0 0 0 0\n   7       7 loop7 0 0 0 0 0 0 0 0 0 0 0 0 0 0 0 0 0\n   8       0 sda 307109 7801 73850666 1305388 1987397 414761 74367786 10256254 0 1988823 12467137 65160 1204 129185612 185782 1394859 719712\n   8       1 sda1 306729 6461 73830318 1305134 1987383 414753 74367680 10256236 0 2036991 11747150 65159 1203 128984336 185779 0 0\n   8      14 sda14 92 0 1232 52 0 0 0 0 0 54 52 0 0 0 0 0 0\n   8      15 sda15 152 1340 15404 109 2 0 2 0 0 91 112 1 1 201276 2 0 0\n  11       0 sr0 78 0 560 37 0 0 0 0 0 31 37 0 0 0 0 0 0\n   8      16 sdb 313 0 19506 199 161 532 266776 19121 0 1981 19338 35 34 16465312 16 0 0\n   8      17 sdb1 111 0 6474 97 161 532 266776 19121 0 2013 19235 35 34 16465312 16 0 0\n"}
{"timestamp":1767738078,"subsystem":"statfs[*]","measurement":"{\"mount_point\":\"/\",\"block_size\":4096,\"blocks_total\":7574544,\"blocks_free\":7066096,\"blocks_available\":7062000}\n{\"mount_point\":\"/boot/efi\",\"block_size\":512,\"blocks_total\":213663,\"blocks_free\":201276,\"blocks_available\":201276}\n{\"mount_point\":\"/mnt\",\"block_size\":4096,\"blocks_total\":1011128,\"blocks_free\":1011121,\"blocks_available\":954622}\n"}
{"timestamp":1767738083,"subsystem":"/proc/stat","measurement":"cpu  424113 3397 67871 40506178 149424 0 10307 0 0 0\ncpu0 424113 3397 67871 40506178 149424 0 10307 0 0 0\nintr 21070114 0 0 0 0 2863 0 0 0 0 0 0 0 0 0 0 0 0 0 0 0 0 0 0 0 0 0 0 0 0 0 0 0 0 0 0 0 0 0 0 0 0 0 0 0 0 0 0 0 0 0 0 0 0 0 0 0 0 0 0 0 0 0 0 0 0 0 0 0 0 0 0 0 0 0 0 0 0 0 0 0 0 0 0 0 0 0 0 0 0 0 0 0 0 0 0 0 0 0 0 0 0 0 0 0 0 0 0 0 0 0 0 0 0 0 0 0 0 0 0 0 0 0 0 0 0 0 0 0 0 0 0 0 0 0 0 0 0 0 0 0 0 0 0 0 0 0 0 0 0 0 0 0 0 0 0 0 0 0 0 0 0 0 0 0 0 0 0 0 0 0 0 0 0 0 0 0 0 0 0 0 0 0 0 0 0 0 0 0 0 0 0 0 0 0 0 0 0 0 0 0 0 0 0 0 0 0 0 0 0 0 0 0 0 0 0 0 0 0 0 0 0 0 0 0 0 0 0 0 0 0 0 0 0 0 0 0 0 0 0 0 0 0 0 0 0 0 0 0 0 0 0 0 0 0 0 0\nctxt 37153650\nbtime 1767325803\nprocesses 53752\nprocs_running 2\nprocs_blocked 0\nsoftirq 17095024 0 6121082 4 2141493 0 0 5924497 0 0 2907948\n"}
{"timestamp":1767738083,"subsystem":"/proc/meminfo","measurement":"MemTotal:         868984 kB\nMemFree:          403956 kB\nMemAvailable:     476944 kB\nBuffers:           46896 kB\nCached:           140200 kB\nSwapCached:            0 kB\nActive:           112792 kB\nInactive:         180204 kB\nActive(anon):      75072 kB\nInactive(anon):    43960 kB\nActive(file):      37720 kB\nInactive(file):   136244 kB\nUnevictable:       30724 kB\nMlocked:           27652 kB\nSwapTotal:             0 kB\nSwapFree:              0 kB\nZswap:                 0 kB\nZswapped:              0 kB\nDirty:               304 kB\nWriteback:             0 kB\nAnonPages:        132828 kB\nMapped:            58612 kB\nShmem:              4068 kB\nKReclaimable:      40252 kB\nSlab:              90940 kB\nSReclaimable:      40252 kB\nSUnreclaim:        50688 kB\nKernelStack:        2320 kB\nPageTables:         3204 kB\nSecPageTables:         0 kB\nNFS_Unstable:          0 kB\nBounce:                0 kB\nWritebackTmp:          0 kB\nCommitLimit:      434492 kB\nCommitted_AS:     496660 kB\nVmallocTotal:   34359738367 kB\nVmallocUsed:       32972 kB\nVmallocChunk:          0 kB\nPercpu:              768 kB\nHardwareCorrupted:     0 kB\nAnonHugePages:     34816 kB\nShmemHugePages:        0 kB\nShmemPmdMapped:        0 kB\nFileHugePages:         0 kB\nFilePmdMapped:         0 kB\nUnaccepted:            0 kB\nHugePages_Total:       0\nHugePages_Free:        0\nHugePages_Rsvd:        0\nHugePages_Surp:        0\nHugepagesize:       2048 kB\nHugetlb:               0 kB\nDirectMap4k:       72872 kB\nDirectMap2M:      923648 kB\nDirectMap1G:           0 kB\n"}
{"timestamp":1767738083,"subsystem":"/proc/net/dev","measurement":"Inter-|   Receive                                                |  Transmit\n face |bytes    packets errs drop fifo frame compressed multicast|bytes    packets errs drop fifo colls carrier compressed\n    lo:  132142     852    0    0    0     0          0         0   132142     852    0    0    0     0       0          0\n  eth0: 408047989 1465329    0    0    0     0          0         0 480297451 1710827    0    0    0     0       0          0\n"}
{"timestamp":1767738083,"subsystem":"/proc/diskstats","measurement":"   7       0 loop0 268 0 5220 557 0 0 0 0 0 534 557 0 0 0 0 0 0\n   7       1 loop1 74 0 2502 77 0 0 0 0 0 66 77 0 0 0 0 0 0\n   7       2 loop2 93 0 3748 77 0 0 0 0 0 73 77 0 0 0 0 0 0\n   7       3 loop3 11 0 28 0 0 0 0 0 0 0 0 0 0 0 0 0 0\n   7       4 loop4 0 0 0 0 0 0 0 0 0 0 0 0 0 0 0 0 0\n   7       5 loop5 0 0 0 0 0 0 0 0 0 0 0 0 0 0 0 0 0\n   7       6 loop6 0 0 0 0 0 0 0 0 0 0 0 0 0 0 0 0 0\n   7       7 loop7 0 0 0 0 0 0 0 0 0 0 0 0 0 0 0 0 0\n   8       0 sda 307109 7801 73850666 1305388 1987399 414761 74367810 10256255 0 1988823 12467138 65160 1204 129185612 185782 1394859 719712\n   8       1 sda1 306729 6461 73830318 1305134 1987385 414753 74367704 10256237 0 2036991 11747151 65159 1203 128984336 185779 0 0\n   8      14 sda14 92 0 1232 52 0 0 0 0 0 54 52 0 0 0 0 0 0\n   8      15 sda15 152 1340 15404 109 2 0 2 0 0 91 112 1 1 201276 2 0 0\n  11       0 sr0 78 0 560 37 0 0 0 0 0 31 37 0 0 0 0 0 0\n   8      16 sdb 313 0 19506 199 161 532 266776 19121 0 1981 19338 35 34 16465312 16 0 0\n   8      17 sdb1 111 0 6474 97 161 532 266776 19121 0 2013 19235 35 34 16465312 16 0 0\n"}
{"timestamp":1767738083,"subsystem":"statfs[*]","measurement":"{\"mount_point\":\"/\",\"block_size\":4096,\"blocks_total\":7574544,\"blocks_free\":7066095,\"blocks_available\":7061999}\n{\"mount_point\":\"/boot/efi\",\"block_size\":512,\"blocks_total\":213663,\"blocks_free\":201276,\"blocks_available\":201276}\n{\"mount_point\":\"/mnt\",\"block_size\":4096,\"blocks_total\":1011128,\"blocks_free\":1011121,\"blocks_available\":954622}\n"}
{"timestamp":1767738088,"subsystem":"/proc/stat","measurement":"cpu  424607 3397 67875 40506178 149424 0 10307 0 0 0\ncpu0 424607 3397 67875 40506178 149424 0 10307 0 0 0\nintr 21075487 0 0 0 0 2863 0 0 0 0 0 0 0 0 0 0 0 0 0 0 0 0 0 0 0 0 0 0 0 0 0 0 0 0 0 0 0 0 0 0 0 0 0 0 0 0 0 0 0 0 0 0 0 0 0 0 0 0 0 0 0 0 0 0 0 0 0 0 0 0 0 0 0 0 0 0 0 0 0 0 0 0 0 0 0 0 0 0 0 0 0 0 0 0 0 0 0 0 0 0 0 0 0 0 0 0 0 0 0 0 0 0 0 0 0 0 0 0 0 0 0 0 0 0 0 0 0 0 0 0 0 0 0 0 0 0 0 0 0 0 0 0 0 0 0 0 0 0 0 0 0 0 0 0 0 0 0 0 0 0 0 0 0 0 0 0 0 0 0 0 0 0 0 0 0 0 0 0 0 0 0 0 0 0 0 0 0 0 0 0 0 0 0 0 0 0 0 0 0 0 0 0 0 0 0 0 0 0 0 0 0 0 0 0 0 0 0 0 0 0 0 0 0 0 0 0 0 0 0 0 0 0 0 0 0 0 0 0 0 0 0 0 0 0 0 0 0 0 0 0 0 0 0 0 0 0 0\nctxt 37155580\nbtime 1767325803\nprocesses 53753\nprocs_running 3\nprocs_blocked 0\nsoftirq 17095784 0 6121231 4 2141516 0 0 5925014 0 0 2908019\n"}
{"timestamp":1767738088,"subsystem":"/proc/meminfo","measurement":"MemTotal:         868984 kB\nMemFree:          403956 kB\nMemAvailable:     476952 kB\nBuffers:           46900 kB\nCached:           140204 kB\nSwapCached:            0 kB\nActive:           112796 kB\nInactive:         180212 kB\nActive(anon):      75076 kB\nInactive(anon):    43960 kB\nActive(file):      37720 kB\nInactive(file):   136252 kB\nUnevictable:       30724 kB\nMlocked:           27652 kB\nSwapTotal:             0 kB\nSwapFree:              0 kB\nZswap:                 0 kB\nZswapped:              0 kB\nDirty:                72 kB\nWriteback:             0 kB\nAnonPages:        132828 kB\nMapped:            58612 kB\nShmem:              4068 kB\nKReclaimable:      40252 kB\nSlab:              90940 kB\nSReclaimable:      40252 kB\nSUnreclaim:        50688 kB\nKernelStack:        2320 kB\nPageTables:         3204 kB\nSecPageTables:         0 kB\nNFS_Unstable:          0 kB\nBounce:                0 kB\nWritebackTmp:          0 kB\nCommitLimit:      434492 kB\nCommitted_AS:     496660 kB\nVmallocTotal:   34359738367 kB\nVmallocUsed:       32972 kB\nVmallocChunk:          0 kB\nPercpu:              768 kB\nHardwareCorrupted:     0 kB\nAnonHugePages:     34816 kB\nShmemHugePages:        0 kB\nShmemPmdMapped:        0 kB\nFileHugePages:         0 kB\nFilePmdMapped:         0 kB\nUnaccepted:            0 kB\nHugePages_Total:       0\nHugePages_Free:        0\nHugePages_Rsvd:        0\nHugePages_Surp:        0\nHugepagesize:       2048 kB\nHugetlb:               0 kB\nDirectMap4k:       72872 kB\nDirectMap2M:      923648 kB\nDirectMap1G:           0 kB\n"}
{"timestamp":1767738088,"subsystem":"/proc/net/dev","measurement":"Inter-|   Receive                                                |  Transmit\n face |bytes    packets errs drop fifo frame compressed multicast|bytes    packets errs drop fifo colls carrier compressed\n    lo:  132142     852    0    0    0     0          0         0   132142     852    0    0    0     0       0          0\n  eth0: 408051792 1465344    0    0    0     0          0         0 480302705 1710846    0    0    0     0       0          0\n"}
{"timestamp":1767738088,"subsystem":"/proc/diskstats","measurement":"   7       0 loop0 268 0 5220 557 0 0 0 0 0 534 557 0 0 0 0 0 0\n   7       1 loop1 74 0 2502 77 0 0 0 0 0 66 77 0 0 0 0 0 0\n   7       2 loop2 93 0 3748 77 0 0 0 0 0 73 77 0 0 0 0 0 0\n   7       3 loop3 11 0 28 0 0 0 0 0 0 0 0 0 0 0 0 0 0\n   7       4 loop4 0 0 0 0 0 0 0 0 0 0 0 0 0 0 0 0 0\n   7       5 loop5 0 0 0 0 0 0 0 0 0 0 0 0 0 0 0 0 0\n   7       6 loop6 0 0 0 0 0 0 0 0 0 0 0 0 0 0 0 0 0\n   7       7 loop7 0 0 0 0 0 0 0 0 0 0 0 0 0 0 0 0 0\n   8       0 sda 307109 7801 73850666 1305388 1987456 414768 74368362 10256302 0 1988836 12467190 65161 1204 129185620 185784 1394860 719714\n   8       1 sda1 306729 6461 73830318 1305134 1987442 414760 74368256 10256284 0 2037004 11747201 65160 1203 128984344 185782 0 0\n   8      14 sda14 92 0 1232 52 0 0 0 0 0 54 52 0 0 0 0 0 0\n   8      15 sda15 152 1340 15404 109 2 0 2 0 0 91 112 1 1 201276 2 0 0\n  11       0 sr0 78 0 560 37 0 0 0 0 0 31 37 0 0 0 0 0 0\n   8      16 sdb 313 0 19506 199 161 532 266776 19121 0 1981 19338 35 34 16465312 16 0 0\n   8      17 sdb1 111 0 6474 97 161 532 266776 19121 0 2013 19235 35 34 16465312 16 0 0\n"}
{"timestamp":1767738088,"subsystem":"statfs[*]","measurement":"{\"mount_point\":\"/\",\"block_size\":4096,\"blocks_total\":7574544,\"blocks_free\":7066094,\"blocks_available\":7061998}\n{\"mount_point\":\"/boot/efi\",\"block_size\":512,\"blocks_total\":213663,\"blocks_free\":201276,\"blocks_available\":201276}\n{\"mount_point\":\"/mnt\",\"block_size\":4096,\"blocks_total\":1011128,\"blocks_free\":1011121,\"blocks_available\":954622}\n"}
{"timestamp":1767738093,"subsystem":"/proc/stat","measurement":"cpu  425102 3397 67876 40506178 149424 0 10307 0 0 0\ncpu0 425102 3397 67876 40506178 149424 0 10307 0 0 0\nintr 21080572 0 0 0 0 2863 0 0 0 0 0 0 0 0 0 0 0 0 0 0 0 0 0 0 0 0 0 0 0 0 0 0 0 0 0 0 0 0 0 0 0 0 0 0 0 0 0 0 0 0 0 0 0 0 0 0 0 0 0 0 0 0 0 0 0 0 0 0 0 0 0 0 0 0 0 0 0 0 0 0 0 0 0 0 0 0 0 0 0 0 0 0 0 0 0 0 0 0 0 0 0 0 0 0 0 0 0 0 0 0 0 0 0 0 0 0 0 0 0 0 0 0 0 0 0 0 0 0 0 0 0 0 0 0 0 0 0 0 0 0 0 0 0 0 0 0 0 0 0 0 0 0 0 0 0 0 0 0 0 0 0 0 0 0 0 0 0 0 0 0 0 0 0 0 0 0 0 0 0 0 0 0 0 0 0 0 0 0 0 0 0 0 0 0 0 0 0 0 0 0 0 0 0 0 0 0 0 0 0 0 0 0 0 0 0 0 0 0 0 0 0 0 0 0 0 0 0 0 0 0 0 0 0 0 0 0 0 0 0 0 0 0 0 0 0 0 0 0 0 0 0 0 0 0 0 0 0\nctxt 37156168\nbtime 1767325803\nprocesses 53754\nprocs_running 3\nprocs_blocked 0\nsoftirq 17096023 0 6121371 4 2141538 0 0 5925028 0 0 2908082\n"}
{"timestamp":1767738093,"subsystem":"/proc/meminfo","measurement":"MemTotal:         868984 kB\nMemFree:          403956 kB\nMemAvailable:     476956 kB\nBuffers:           46900 kB\nCached:           140208 kB\nSwapCached:            0 kB\nActive:           112812 kB\nInactive:         180216 kB\nActive(anon):      75092 kB\nInactive(anon):    43960 kB\nActive(file):      37720 kB\nInactive(file):   136256 kB\nUnevictable:       30724 kB\nMlocked:           27652 kB\nSwapTotal:             0 kB\nSwapFree:              0 kB\nZswap:                 0 kB\nZswapped:              0 kB\nDirty:                 0 kB\nWriteback:             0 kB\nAnonPages:        132848 kB\nMapped:            58612 kB\nShmem:              4068 kB\nKReclaimable:      40252 kB\nSlab:              90940 kB\nSReclaimable:      40252 kB\nSUnreclaim:        50688 kB\nKernelStack:        2320 kB\nPageTables:         3204 kB\nSecPageTables:         0 kB\nNFS_Unstable:          0 kB\nBounce:                0 kB\nWritebackTmp:          0 kB\nCommitLimit:      434492 kB\nCommitted_AS:     496660 kB\nVmallocTotal:   34359738367 kB\nVmallocUsed:       32972 kB\nVmallocChunk:          0 kB\nPercpu:              768 kB\nHardwareCorrupted:     0 kB\nAnonHugePages:     34816 kB\nShmemHugePages:        0 kB\nShmemPmdMapped:        0 kB\nFileHugePages:         0 kB\nFilePmdMapped:         0 kB\nUnaccepted:            0 kB\nHugePages_Total:       0\nHugePages_Free:        0\nHugePages_Rsvd:        0\nHugePages_Surp:        0\nHugepagesize:       2048 kB\nHugetlb:               0 kB\nDirectMap4k:       72872 kB\nDirectMap2M:      923648 kB\nDirectMap1G:           0 kB\n"}
{"timestamp":1767738093,"subsystem":"/proc/net/dev","measurement":"Inter-|   Receive                                                |  Transmit\n face |bytes    packets errs drop fifo frame compressed multicast|bytes    packets errs drop fifo colls carrier compressed\n    lo:  132142     852    0    0    0     0          0         0   132142     852    0    0    0     0       0          0\n  eth0: 408055595 1465359    0    0    0     0          0         0 480307959 1710865    0    0    0     0       0          0\n"}
{"timestamp":1767738093,"subsystem":"/proc/diskstats","measurement":"   7       0 loop0 268 0 5220 557 0 0 0 0 0 534 557 0 0 0 0 0 0\n   7       1 loop1 74 0 2502 77 0 0 0 0 0 66 77 0 0 0 0 0 0\n   7       2 loop2 93 0 3748 77 0 0 0 0 0 73 77 0 0 0 0 0 0\n   7       3 loop3 11 0 28 0 0 0 0 0 0 0 0 0 0 0 0 0 0\n   7       4 loop4 0 0 0 0 0 0 0 0 0 0 0 0 0 0 0 0 0\n   7       5 loop5 0 0 0 0 0 0 0 0 0 0 0 0 0 0 0 0 0\n   7       6 loop6 0 0 0 0 0 0 0 0 0 0 0 0 0 0 0 0 0\n   7       7 loop7 0 0 0 0 0 0 0 0 0 0 0 0 0 0 0 0 0\n   8       0 sda 307109 7801 73850666 1305388 1987472 414776 74368562 10256314 0 1988844 12467208 65162 1204 129185628 185787 1394861 719718\n   8       1 sda1 306729 6461 73830318 1305134 1987458 414768 74368456 10256296 0 2037012 11747215 65161 1203 128984352 185784 0 0\n   8      14 sda14 92 0 1232 52 0 0 0 0 0 54 52 0 0 0 0 0 0\n   8      15 sda15 152 1340 15404 109 2 0 2 0 0 91 112 1 1 201276 2 0 0\n  11       0 sr0 78 0 560 37 0 0 0 0 0 31 37 0 0 0 0 0 0\n   8      16 sdb 313 0 19506 199 161 532 266776 19121 0 1981 19338 35 34 16465312 16 0 0\n   8      17 sdb1 111 0 6474 97 161 532 266776 19121 0 2013 19235 35 34 16465312 16 0 0\n"}
{"timestamp":1767738093,"subsystem":"statfs[*]","measurement":"{\"mount_point\":\"/\",\"block_size\":4096,\"blocks_total\":7574544,\"blocks_free\":7066093,\"blocks_available\":7061997}\n{\"mount_point\":\"/boot/efi\",\"block_size\":512,\"blocks_total\":213663,\"blocks_free\":201276,\"blocks_available\":201276}\n{\"mount_point\":\"/mnt\",\"block_size\":4096,\"blocks_total\":1011128,\"blocks_free\":1011121,\"blocks_available\":954622}\n"}
{"timestamp":1767738098,"subsystem":"/proc/stat","measurement":"cpu  425596 3397 67878 40506178 149424 0 10308 0 0 0\ncpu0 425596 3397 67878 40506178 149424 0 10308 0 0 0\nintr 21085711 0 0 0 0 2863 0 0 0 0 0 0 0 0 0 0 0 0 0 0 0 0 0 0 0 0 0 0 0 0 0 0 0 0 0 0 0 0 0 0 0 0 0 0 0 0 0 0 0 0 0 0 0 0 0 0 0 0 0 0 0 0 0 0 0 0 0 0 0 0 0 0 0 0 0 0 0 0 0 0 0 0 0 0 0 0 0 0 0 0 0 0 0 0 0 0 0 0 0 0 0 0 0 0 0 0 0 0 0 0 0 0 0 0 0 0 0 0 0 0 0 0 0 0 0 0 0 0 0 0 0 0 0 0 0 0 0 0 0 0 0 0 0 0 0 0 0 0 0 0 0 0 0 0 0 0 0 0 0 0 0 0 0 0 0 0 0 0 0 0 0 0 0 0 0 0 0 0 0 0 0 0 0 0 0 0 0 0 0 0 0 0 0 0 0 0 0 0 0 0 0 0 0 0 0 0 0 0 0 0 0 0 0 0 0 0 0 0 0 0 0 0 0 0 0 0 0 0 0 0 0 0 0 0 0 0 0 0 0 0 0 0 0 0 0 0 0 0 0 0 0 0 0 0 0 0 0\nctxt 37157035\nbtime 1767325803\nprocesses 53759\nprocs_running 3\nprocs_blocked 0\nsoftirq 17096511 0 6121534 4 2141603 0 0 5925040 0 0 2908330\n"}
{"timestamp":1767738098,"subsystem":"/proc/meminfo","measurement":"MemTotal:         868984 kB\nMemFree:          403468 kB\nMemAvailable:     476472 kB\nBuffers:           46900 kB\nCached:           140212 kB\nSwapCached:            0 kB\nActive:           114668 kB\nInactive:         180220 kB\nActive(anon):      76948 kB\nInactive(anon):    43960 kB\nActive(file):      37720 kB\nInactive(file):   136260 kB\nUnevictable:       30724 kB\nMlocked:           27652 kB\nSwapTotal:             0 kB\nSwapFree:              0 kB\nZswap:                 0 kB\nZswapped:              0 kB\nDirty:               184 kB\nWriteback:             0 kB\nAnonPages:        134736 kB\nMapped:            58756 kB\nShmem:              4068 kB\nKReclaimable:      40252 kB\nSlab:              90944 kB\nSReclaimable:      40252 kB\nSUnreclaim:        50692 kB\nKernelStack:        2344 kB\nPageTables:         3348 kB\nSecPageTables:         0 kB\nNFS_Unstable:          0 kB\nBounce:                0 kB\nWritebackTmp:          0 kB\nCommitLimit:      434492 kB\nCommitted_AS:     500556 kB\nVmallocTotal:   34359738367 kB\nVmallocUsed:       32976 kB\nVmallocChunk:          0 kB\nPercpu:              768 kB\nHardwareCorrupted:     0 kB\nAnonHugePages:     34816 kB\nShmemHugePages:        0 kB\nShmemPmdMapped:        0 kB\nFileHugePages:         0 kB\nFilePmdMapped:         0 kB\nUnaccepted:            0 kB\nHugePages_Total:       0\nHugePages_Free:        0\nHugePages_Rsvd:        0\nHugePages_Surp:        0\nHugepagesize:       2048 kB\nHugetlb:               0 kB\nDirectMap4k:       72872 kB\nDirectMap2M:      923648 kB\nDirectMap1G:           0 kB\n"}
{"timestamp":1767738098,"subsystem":"/proc/net/dev","measurement":"Inter-|   Receive                                                |  Transmit\n face |bytes    packets errs drop fifo frame compressed multicast|bytes    packets errs drop fifo colls carrier compressed\n    lo:  132142     852    0    0    0     0          0         0   132142     852    0    0    0     0       0          0\n  eth0: 408063317 1465399    0    0    0     0          0         0 480318691 1710905    0    0    0     0       0          0\n"}
{"timestamp":1767738098,"subsystem":"/proc/diskstats","measurement":"   7       0 loop0 268 0 5220 557 0 0 0 0 0 534 557 0 0 0 0 0 0\n   7       1 loop1 74 0 2502 77 0 0 0 0 0 66 77 0 0 0 0 0 0\n   7       2 loop2 93 0 3748 77 0 0 0 0 0 73 77 0 0 0 0 0 0\n   7       3 loop3 11 0 28 0 0 0 0 0 0 0 0 0 0 0 0 0 0\n   7       4 loop4 0 0 0 0 0 0 0 0 0 0 0 0 0 0 0 0 0\n   7       5 loop5 0 0 0 0 0 0 0 0 0 0 0 0 0 0 0 0 0\n   7       6 loop6 0 0 0 0 0 0 0 0 0 0 0 0 0 0 0 0 0\n   7       7 loop7 0 0 0 0 0 0 0 0 0 0 0 0 0 0 0 0 0\n   8       0 sda 307109 7801 73850666 1305388 1987475 414782 74368634 10256320 0 1988852 12467220 65163 1204 129185636 185790 1394862 719721\n   8       1 sda1 306729 6461 73830318 1305134 1987461 414774 74368528 10256301 0 2037020 11747224 65162 1203 128984360 185787 0 0\n   8      14 sda14 92 0 1232 52 0 0 0 0 0 54 52 0 0 0 0 0 0\n   8      15 sda15 152 1340 15404 109 2 0 2 0 0 91 112 1 1 201276 2 0 0\n  11       0 sr0 78 0 560 37 0 0 0 0 0 31 37 0 0 0 0 0 0\n   8      16 sdb 313 0 19506 199 161 532 266776 19121 0 1981 19338 35 34 16465312 16 0 0\n   8      17 sdb1 111 0 6474 97 161 532 266776 19121 0 2013 19235 35 34 16465312 16 0 0\n"}
{"timestamp":1767738098,"subsystem":"statfs[*]","measurement":"{\"mount_point\":\"/\",\"block_size\":4096,\"blocks_total\":7574544,\"blocks_free\":7066092,\"blocks_available\":7061996}\n{\"mount_point\":\"/boot/efi\",\"block_size\":512,\"blocks_total\":213663,\"blocks_free\":201276,\"blocks_available\":201276}\n{\"mount_point\":\"/mnt\",\"block_size\":4096,\"blocks_total\":1011128,\"blocks_free\":1011121,\"blocks_available\":954622}\n"}
{"timestamp":1767738103,"subsystem":"/proc/stat","measurement":"cpu  426093 3397 67879 40506178 149424 0 10308 0 0 0\ncpu0 426093 3397 67879 40506178 149424 0 10308 0 0 0\nintr 21090814 0 0 0 0 2863 0 0 0 0 0 0 0 0 0 0 0 0 0 0 0 0 0 0 0 0 0 0 0 0 0 0 0 0 0 0 0 0 0 0 0 0 0 0 0 0 0 0 0 0 0 0 0 0 0 0 0 0 0 0 0 0 0 0 0 0 0 0 0 0 0 0 0 0 0 0 0 0 0 0 0 0 0 0 0 0 0 0 0 0 0 0 0 0 0 0 0 0 0 0 0 0 0 0 0 0 0 0 0 0 0 0 0 0 0 0 0 0 0 0 0 0 0 0 0 0 0 0 0 0 0 0 0 0 0 0 0 0 0 0 0 0 0 0 0 0 0 0 0 0 0 0 0 0 0 0 0 0 0 0 0 0 0 0 0 0 0 0 0 0 0 0 0 0 0 0 0 0 0 0 0 0 0 0 0 0 0 0 0 0 0 0 0 0 0 0 0 0 0 0 0 0 0 0 0 0 0 0 0 0 0 0 0 0 0 0 0 0 0 0 0 0 0 0 0 0 0 0 0 0 0 0 0 0 0 0 0 0 0 0 0 0 0 0 0 0 0 0 0 0 0 0 0 0 0 0 0\nctxt 37157699\nbtime 1767325803\nprocesses 53760\nprocs_running 2\nprocs_blocked 0\nsoftirq 17096850 0 6121704 4 2141632 0 0 5925052 0 0 2908458\n"}
