{"timestamp":1767727814,"subsystem":"/proc/stat","measurement":"cpu  137475 3397 56546 39865531 67478 0 8260 0 0 0\ncpu0 137475 3397 56546 39865531 67478 0 8260 0 0 0\nintr 16087842 0 0 0 0 2863 0 0 0 0 0 0 0 0 0 0 0 0 0 0 0 0 0 0 0 0 0 0 0 0 0 0 0 0 0 0 0 0 0 0 0 0 0 0 0 0 0 0 0 0 0 0 0 0 0 0 0 0 0 0 0 0 0 0 0 0 0 0 0 0 0 0 0 0 0 0 0 0 0 0 0 0 0 0 0 0 0 0 0 0 0 0 0 0 0 0 0 0 0 0 0 0 0 0 0 0 0 0 0 0 0 0 0 0 0 0 0 0 0 0 0 0 0 0 0 0 0 0 0 0 0 0 0 0 0 0 0 0 0 0 0 0 0 0 0 0 0 0 0 0 0 0 0 0 0 0 0 0 0 0 0 0 0 0 0 0 0 0 0 0 0 0 0 0 0 0 0 0 0 0 0 0 0 0 0 0 0 0 0 0 0 0 0 0 0 0 0 0 0 0 0 0 0 0 0 0 0 0 0 0 0 0 0 0 0 0 0 0 0 0 0 0 0 0 0 0 0 0 0 0 0 0 0 0 0 0 0 0 0 0 0 0 0 0 0 0 0 0 0 0 0 0 0 0 0 0 0\nctxt 30322304\nbtime 1767325803\nprocesses 47895\nprocs_running 2\nprocs_blocked 0\nsoftirq 14842855 0 5891886 4 2060655 0 0 4255188 0 0 2635122\n"}
{"timestamp":1767727814,"subsystem":"/proc/meminfo","measurement":"MemTotal:         868984 kB\nMemFree:          208556 kB\nMemAvailable:     477420 kB\nBuffers:           66656 kB\nCached:           318752 kB\nSwapCached:            0 kB\nActive:           204096 kB\nInactive:         291612 kB\nActive(anon):      67228 kB\nInactive(anon):    56196 kB\nActive(file):     136868 kB\nInactive(file):   235416 kB\nUnevictable:       30724 kB\nMlocked:           27652 kB\nSwapTotal:             0 kB\nSwapFree:              0 kB\nZswap:                 0 kB\nZswapped:              0 kB\nDirty:              1084 kB\nWriteback:             0 kB\nAnonPages:        137224 kB\nMapped:            75500 kB\nShmem:              4060 kB\nKReclaimable:      35364 kB\nSlab:              85800 kB\nSReclaimable:      35364 kB\nSUnreclaim:        50436 kB\nKernelStack:        2288 kB\nPageTables:         3276 kB\nSecPageTables:         0 kB\nNFS_Unstable:          0 kB\nBounce:                0 kB\nWritebackTmp:          0 kB\nCommitLimit:      434492 kB\nCommitted_AS:     496484 kB\nVmallocTotal:   34359738367 kB\nVmallocUsed:       32940 kB\nVmallocChunk:          0 kB\nPercpu:              768 kB\nHardwareCorrupted:     0 kB\nAnonHugePages:     32768 kB\nShmemHugePages:        0 kB\nShmemPmdMapped:        0 kB\nFileHugePages:         0 kB\nFilePmdMapped:         0 kB\nUnaccepted:            0 kB\nHugePages_Total:       0\nHugePages_Free:        0\nHugePages_Rsvd:        0\nHugePages_Surp:        0\nHugepagesize:       2048 kB\nHugetlb:               0 kB\nDirectMap4k:       72872 kB\nDirectMap2M:      923648 kB\nDirectMap1G:           0 kB\n"}
{"timestamp":1767727814,"subsystem":"/proc/net/dev","measurement":"Inter-|   Receive                                                |  Transmit\n face |bytes    packets errs drop fifo frame compressed multicast|bytes    packets errs drop fifo colls carrier compressed\n    lo:  129937     840    0    0    0     0          0         0   129937     840    0    0    0     0       0          0\n  eth0: 397123255 1414662    0    0    0     0          0         0 460872419 1653158    0    0    0     0       0          0\n"}
{"timestamp":1767727814,"subsystem":"/proc/diskstats","measurement":"   7       0 loop0 268 0 5220 557 0 0 0 0 0 534 557 0 0 0 0 0 0\n   7       1 loop1 74 0 2502 77 0 0 0 0 0 66 77 0 0 0 0 0 0\n   7       2 loop2 93 0 3748 77 0 0 0 0 0 73 77 0 0 0 0 0 0\n   7       3 loop3 11 0 28 0 0 0 0 0 0 0 0 0 0 0 0 0 0\n   7       4 loop4 0 0 0 0 0 0 0 0 0 0 0 0 0 0 0 0 0\n   7       5 loop5 0 0 0 0 0 0 0 0 0 0 0 0 0 0 0 0 0\n   7       6 loop6 0 0 0 0 0 0 0 0 0 0 0 0 0 0 0 0 0\n   7       7 loop7 0 0 0 0 0 0 0 0 0 0 0 0 0 0 0 0 0\n   8       0 sda 48013 7610 8160642 146251 587176 364785 14507858 1536774 0 667060 2068626 62875 635 67201028 178339 69350 207260\n   8       1 sda1 47633 6270 8140294 145997 587162 364777 14507752 1536755 0 681989 1861090 62874 634 66999752 178336 0 0\n   8      14 sda14 92 0 1232 52 0 0 0 0 0 54 52 0 0 0 0 0 0\n   8      15 sda15 152 1340 15404 109 2 0 2 0 0 91 112 1 1 201276 2 0 0\n  11       0 sr0 78 0 560 37 0 0 0 0 0 31 37 0 0 0 0 0 0\n   8      16 sdb 313 0 19506 199 161 532 266776 19121 0 1981 19338 35 34 16465312 16 0 0\n   8      17 sdb1 111 0 6474 97 161 532 266776 19121 0 2013 19235 35 34 16465312 16 0 0\n"}
{"timestamp":1767727814,"subsystem":"statfs[*]","measurement":"{\"mount_point\":\"/\",\"block_size\":4096,\"blocks_total\":7574544,\"blocks_free\":7068384,\"blocks_available\":7064288}\n{\"mount_point\":\"/boot/efi\",\"block_size\":512,\"blocks_total\":213663,\"blocks_free\":201276,\"blocks_available\":201276}\n{\"mount_point\":\"/mnt\",\"block_size\":4096,\"blocks_total\":1011128,\"blocks_free\":1011121,\"blocks_available\":954622}\n"}
{"timestamp":1767727819,"subsystem":"/proc/stat","measurement":"cpu  137480 3397 56549 39866021 67478 0 8260 0 0 0\ncpu0 137480 3397 56549 39866021 67478 0 8260 0 0 0\nintr 16088229 0 0 0 0 2863 0 0 0 0 0 0 0 0 0 0 0 0 0 0 0 0 0 0 0 0 0 0 0 0 0 0 0 0 0 0 0 0 0 0 0 0 0 0 0 0 0 0 0 0 0 0 0 0 0 0 0 0 0 0 0 0 0 0 0 0 0 0 0 0 0 0 0 0 0 0 0 0 0 0 0 0 0 0 0 0 0 0 0 0 0 0 0 0 0 0 0 0 0 0 0 0 0 0 0 0 0 0 0 0 0 0 0 0 0 0 0 0 0 0 0 0 0 0 0 0 0 0 0 0 0 0 0 0 0 0 0 0 0 0 0 0 0 0 0 0 0 0 0 0 0 0 0 0 0 0 0 0 0 0 0 0 0 0 0 0 0 0 0 0 0 0 0 0 0 0 0 0 0 0 0 0 0 0 0 0 0 0 0 0 0 0 0 0 0 0 0 0 0 0 0 0 0 0 0 0 0 0 0 0 0 0 0 0 0 0 0 0 0 0 0 0 0 0 0 0 0 0 0 0 0 0 0 0 0 0 0 0 0 0 0 0 0 0 0 0 0 0 0 0 0 0 0 0 0 0 0\nctxt 30323007\nbtime 1767325803\nprocesses 47903\nprocs_running 1\nprocs_blocked 0\nsoftirq 14843357 0 5892001 4 2060741 0 0 4255204 0 0 2635407\n"}
{"timestamp":1767727819,"subsystem":"/proc/meminfo","measurement":"MemTotal:         868984 kB\nMemFree:          204300 kB\nMemAvailable:     473312 kB\nBuffers:           66656 kB\nCached:           318900 kB\nSwapCached:            0 kB\nActive:           206152 kB\nInactive:         291620 kB\nActive(anon):      69144 kB\nInactive(anon):    56196 kB\nActive(file):     137008 kB\nInactive(file):   235424 kB\nUnevictable:       30724 kB\nMlocked:           27652 kB\nSwapTotal:             0 kB\nSwapFree:              0 kB\nZswap:                 0 kB\nZswapped:              0 kB\nDirty:              1184 kB\nWriteback:             0 kB\nAnonPages:        139156 kB\nMapped:            75972 kB\nShmem:              4060 kB\nKReclaimable:      35364 kB\nSlab:              85804 kB\nSReclaimable:      35364 kB\nSUnreclaim:        50440 kB\nKernelStack:        2336 kB\nPageTables:         3444 kB\nSecPageTables:         0 kB\nNFS_Unstable:          0 kB\nBounce:                0 kB\nWritebackTmp:          0 kB\nCommitLimit:      434492 kB\nCommitted_AS:     500380 kB\nVmallocTotal:   34359738367 kB\nVmallocUsed:       32960 kB\nVmallocChunk:          0 kB\nPercpu:              768 kB\nHardwareCorrupted:     0 kB\nAnonHugePages:     32768 kB\nShmemHugePages:        0 kB\nShmemPmdMapped:        0 kB\nFileHugePages:         0 kB\nFilePmdMapped:         0 kB\nUnaccepted:            0 kB\nHugePages_Total:       0\nHugePages_Free:        0\nHugePages_Rsvd:        0\nHugePages_Surp:        0\nHugepagesize:       2048 kB\nHugetlb:               0 kB\nDirectMap4k:       72872 kB\nDirectMap2M:      923648 kB\nDirectMap1G:           0 kB\n"}
{"timestamp":1767727819,"subsystem":"/proc/net/dev","measurement":"Inter-|   Receive                                                |  Transmit\n face |bytes    packets errs drop fifo frame compressed multicast|bytes    packets errs drop fifo colls carrier compressed\n    lo:  129937     840    0    0    0     0          0         0   129937     840    0    0    0     0       0          0\n  eth0: 397133621 1414711    0    0    0     0          0         0 460883545 1653214    0    0    0     0       0          0\n"}
{"timestamp":1767727819,"subsystem":"/proc/diskstats","measurement":"   7       0 loop0 268 0 5220 557 0 0 0 0 0 534 557 0 0 0 0 0 0\n   7       1 loop1 74 0 2502 77 0 0 0 0 0 66 77 0 0 0 0 0 0\n   7       2 loop2 93 0 3748 77 0 0 0 0 0 73 77 0 0 0 0 0 0\n   7       3 loop3 11 0 28 0 0 0 0 0 0 0 0 0 0 0 0 0 0\n   7       4 loop4 0 0 0 0 0 0 0 0 0 0 0 0 0 0 0 0 0\n   7       5 loop5 0 0 0 0 0 0 0 0 0 0 0 0 0 0 0 0 0\n   7       6 loop6 0 0 0 0 0 0 0 0 0 0 0 0 0 0 0 0 0\n   7       7 loop7 0 0 0 0 0 0 0 0 0 0 0 0 0 0 0 0 0\n   8       0 sda 48015 7610 8160922 146252 587180 364796 14507986 1536779 0 667070 2068637 62876 635 67201036 178342 69351 207263\n   8       1 sda1 47635 6270 8140574 145998 587166 364788 14507880 1536761 0 681999 1861099 62875 634 66999760 178339 0 0\n   8      14 sda14 92 0 1232 52 0 0 0 0 0 54 52 0 0 0 0 0 0\n   8      15 sda15 152 1340 15404 109 2 0 2 0 0 91 112 1 1 201276 2 0 0\n  11       0 sr0 78 0 560 37 0 0 0 0 0 31 37 0 0 0 0 0 0\n   8      16 sdb 313 0 19506 199 161 532 266776 19121 0 1981 19338 35 34 16465312 16 0 0\n   8      17 sdb1 111 0 6474 97 161 532 266776 19121 0 2013 19235 35 34 16465312 16 0 0\n"}
{"timestamp":1767727819,"subsystem":"statfs[*]","measurement":"{\"mount_point\":\"/\",\"block_size\":4096,\"blocks_total\":7574544,\"blocks_free\":7068382,\"blocks_available\":7064286}\n{\"mount_point\":\"/boot/efi\",\"block_size\":512,\"blocks_total\":213663,\"blocks_free\":201276,\"blocks_available\":201276}\n{\"mount_point\":\"/mnt\",\"block_size\":4096,\"blocks_total\":1011128,\"blocks_free\":1011121,\"blocks_available\":954622}\n"}
{"timestamp":1767727824,"subsystem":"/proc/stat","measurement":"cpu  137485 3397 56552 39866511 67479 0 8261 0 0 0\ncpu0 137485 3397 56552 39866511 67479 0 8261 0 0 0\nintr 16088574 0 0 0 0 2863 0 0 0 0 0 0 0 0 0 0 0 0 0 0 0 0 0 0 0 0 0 0 0 0 0 0 0 0 0 0 0 0 0 0 0 0 0 0 0 0 0 0 0 0 0 0 0 0 0 0 0 0 0 0 0 0 0 0 0 0 0 0 0 0 0 0 0 0 0 0 0 0 0 0 0 0 0 0 0 0 0 0 0 0 0 0 0 0 0 0 0 0 0 0 0 0 0 0 0 0 0 0 0 0 0 0 0 0 0 0 0 0 0 0 0 0 0 0 0 0 0 0 0 0 0 0 0 0 0 0 0 0 0 0 0 0 0 0 0 0 0 0 0 0 0 0 0 0 0 0 0 0 0 0 0 0 0 0 0 0 0 0 0 0 0 0 0 0 0 0 0 0 0 0 0 0 0 0 0 0 0 0 0 0 0 0 0 0 0 0 0 0 0 0 0 0 0 0 0 0 0 0 0 0 0 0 0 0 0 0 0 0 0 0 0 0 0 0 0 0 0 0 0 0 0 0 0 0 0 0 0 0 0 0 0 0 0 0 0 0 0 0 0 0 0 0 0 0 0 0 0\nctxt 30323713\nbtime 1767325803\nprocesses 47906\nprocs_running 2\nprocs_blocked 0\nsoftirq 14843754 0 5892109 4 2060805 0 0 4255215 0 0 2635621\n"}
{"timestamp":1767727824,"subsystem":"/proc/meminfo","measurement":"MemTotal:         868984 kB\nMemFree:          203796 kB\nMemAvailable:     472812 kB\nBuffers:           66656 kB\nCached:           318904 kB\nSwapCached:            0 kB\nActive:           204328 kB\nInactive:         291624 kB\nActive(anon):      67320 kB\nInactive(anon):    56196 kB\nActive(file):     137008 kB\nInactive(file):   235428 kB\nUnevictable:       30724 kB\nMlocked:           27652 kB\nSwapTotal:             0 kB\nSwapFree:              0 kB\nZswap:                 0 kB\nZswapped:              0 kB\nDirty:              1268 kB\nWriteback:             0 kB\nAnonPages:        137316 kB\nMapped:            75752 kB\nShmem:              4060 kB\nKReclaimable:      35364 kB\nSlab:              85800 kB\nSReclaimable:      35364 kB\nSUnreclaim:        50436 kB\nKernelStack:        2304 kB\nPageTables:         3292 kB\nSecPageTables:         0 kB\nNFS_Unstable:          0 kB\nBounce:                0 kB\nWritebackTmp:          0 kB\nCommitLimit:      434492 kB\nCommitted_AS:     496484 kB\nVmallocTotal:   34359738367 kB\nVmallocUsed:       32956 kB\nVmallocChunk:          0 kB\nPercpu:              768 kB\nHardwareCorrupted:     0 kB\nAnonHugePages:     32768 kB\nShmemHugePages:        0 kB\nShmemPmdMapped:        0 kB\nFileHugePages:         0 kB\nFilePmdMapped:         0 kB\nUnaccepted:            0 kB\nHugePages_Total:       0\nHugePages_Free:        0\nHugePages_Rsvd:        0\nHugePages_Surp:        0\nHugepagesize:       2048 kB\nHugetlb:               0 kB\nDirectMap4k:       72872 kB\nDirectMap2M:      923648 kB\nDirectMap1G:           0 kB\n"}
{"timestamp":1767727824,"subsystem":"/proc/net/dev","measurement":"Inter-|   Receive                                                |  Transmit\n face |bytes    packets errs drop fifo frame compressed multicast|bytes    packets errs drop fifo colls carrier compressed\n    lo:  129937     840    0    0    0     0          0         0   129937     840    0    0    0     0       0          0\n  eth0: 397140396 1414748    0    0    0     0          0         0 460893455 1653256    0    0    0     0       0          0\n"}
{"timestamp":1767727824,"subsystem":"/proc/diskstats","measurement":"   7       0 loop0 268 0 5220 557 0 0 0 0 0 534 557 0 0 0 0 0 0\n   7       1 loop1 74 0 2502 77 0 0 0 0 0 66 77 0 0 0 0 0 0\n   7       2 loop2 93 0 3748 77 0 0 0 0 0 73 77 0 0 0 0 0 0\n   7       3 loop3 11 0 28 0 0 0 0 0 0 0 0 0 0 0 0 0 0\n   7       4 loop4 0 0 0 0 0 0 0 0 0 0 0 0 0 0 0 0 0\n   7       5 loop5 0 0 0 0 0 0 0 0 0 0 0 0 0 0 0 0 0\n   7       6 loop6 0 0 0 0 0 0 0 0 0 0 0 0 0 0 0 0 0\n   7       7 loop7 0 0 0 0 0 0 0 0 0 0 0 0 0 0 0 0 0\n   8       0 sda 48015 7610 8160922 146252 587185 364804 14508090 1536790 0 667082 2068657 62877 635 67201044 178345 69352 207269\n   8       1 sda1 47635 6270 8140574 145998 587171 364796 14507984 1536772 0 682011 1861113 62876 634 66999768 178342 0 0\n   8      14 sda14 92 0 1232 52 0 0 0 0 0 54 52 0 0 0 0 0 0\n   8      15 sda15 152 1340 15404 109 2 0 2 0 0 91 112 1 1 201276 2 0 0\n  11       0 sr0 78 0 560 37 0 0 0 0 0 31 37 0 0 0 0 0 0\n   8      16 sdb 313 0 19506 199 161 532 266776 19121 0 1981 19338 35 34 16465312 16 0 0\n   8      17 sdb1 111 0 6474 97 161 532 266776 19121 0 2013 19235 35 34 16465312 16 0 0\n"}
{"timestamp":1767727824,"subsystem":"statfs[*]","measurement":"{\"mount_point\":\"/\",\"block_size\":4096,\"blocks_total\":7574544,\"blocks_free\":7068381,\"blocks_available\":7064285}\n{\"mount_point\":\"/boot/efi\",\"block_size\":512,\"blocks_total\":213663,\"blocks_free\":201276,\"blocks_available\":201276}\n{\"mount_point\":\"/mnt\",\"block_size\":4096,\"blocks_total\":1011128,\"blocks_free\":1011121,\"blocks_available\":954622}\n"}
{"timestamp":1767727829,"subsystem":"/proc/stat","measurement":"cpu  137490 3397 56558 39866998 67479 0 8261 0 0 0\ncpu0 137490 3397 56558 39866998 67479 0 8261 0 0 0\nintr 16089179 0 0 0 0 2863 0 0 0 0 0 0 0 0 0 0 0 0 0 0 0 0 0 0 0 0 0 0 0 0 0 0 0 0 0 0 0 0 0 0 0 0 0 0 0 0 0 0 0 0 0 0 0 0 0 0 0 0 0 0 0 0 0 0 0 0 0 0 0 0 0 0 0 0 0 0 0 0 0 0 0 0 0 0 0 0 0 0 0 0 0 0 0 0 0 0 0 0 0 0 0 0 0 0 0 0 0 0 0 0 0 0 0 0 0 0 0 0 0 0 0 0 0 0 0 0 0 0 0 0 0 0 0 0 0 0 0 0 0 0 0 0 0 0 0 0 0 0 0 0 0 0 0 0 0 0 0 0 0 0 0 0 0 0 0 0 0 0 0 0 0 0 0 0 0 0 0 0 0 0 0 0 0 0 0 0 0 0 0 0 0 0 0 0 0 0 0 0 0 0 0 0 0 0 0 0 0 0 0 0 0 0 0 0 0 0 0 0 0 0 0 0 0 0 0 0 0 0 0 0 0 0 0 0 0 0 0 0 0 0 0 0 0 0 0 0 0 0 0 0 0 0 0 0 0 0 0\nctxt 30325426\nbtime 1767325803\nprocesses 47912\nprocs_running 2\nprocs_blocked 0\nsoftirq 14844713 0 5892218 4 2060853 0 0 4255715 0 0 2635923\n"}
{"timestamp":1767727829,"subsystem":"/proc/meminfo","measurement":"MemTotal:         868984 kB\nMemFree:          204676 kB\nMemAvailable:     473700 kB\nBuffers:           66656 kB\nCached:           318912 kB\nSwapCached:            0 kB\nActive:           205960 kB\nInactive:         291632 kB\nActive(anon):      68952 kB\nInactive(anon):    56196 kB\nActive(file):     137008 kB\nInactive(file):   235436 kB\nUnevictable:       30724 kB\nMlocked:           27652 kB\nSwapTotal:             0 kB\nSwapFree:              0 kB\nZswap:                 0 kB\nZswapped:              0 kB\nDirty:              1252 kB\nWriteback:             0 kB\nAnonPages:        138948 kB\nMapped:            75756 kB\nShmem:              4060 kB\nKReclaimable:      35364 kB\nSlab:              85824 kB\nSReclaimable:      35364 kB\nSUnreclaim:        50460 kB\nKernelStack:        2320 kB\nPageTables:         3368 kB\nSecPageTables:         0 kB\nNFS_Unstable:          0 kB\nBounce:                0 kB\nWritebackTmp:          0 kB\nCommitLimit:      434492 kB\nCommitted_AS:     498432 kB\nVmallocTotal:   34359738367 kB\nVmallocUsed:       32972 kB\nVmallocChunk:          0 kB\nPercpu:              768 kB\nHardwareCorrupted:     0 kB\nAnonHugePages:     32768 kB\nShmemHugePages:        0 kB\nShmemPmdMapped:        0 kB\nFileHugePages:         0 kB\nFilePmdMapped:         0 kB\nUnaccepted:            0 kB\nHugePages_Total:       0\nHugePages_Free:        0\nHugePages_Rsvd:        0\nHugePages_Surp:        0\nHugepagesize:       2048 kB\nHugetlb:               0 kB\nDirectMap4k:       72872 kB\nDirectMap2M:      923648 kB\nDirectMap1G:           0 kB\n"}
{"timestamp":1767727829,"subsystem":"/proc/net/dev","measurement":"Inter-|   Receive                                                |  Transmit\n face |bytes    packets errs drop fifo frame compressed multicast|bytes    packets errs drop fifo colls carrier compressed\n    lo:  129937     840    0    0    0     0          0         0   129937     840    0    0    0     0       0          0\n  eth0: 397146170 1414781    0    0    0     0          0         0 460898859 1653283    0    0    0     0       0          0\n"}
{"timestamp":1767727829,"subsystem":"/proc/diskstats","measurement":"   7       0 loop0 268 0 5220 557 0 0 0 0 0 534 557 0 0 0 0 0 0\n   7       1 loop1 74 0 2502 77 0 0 0 0 0 66 77 0 0 0 0 0 0\n   7       2 loop2 93 0 3748 77 0 0 0 0 0 73 77 0 0 0 0 0 0\n   7       3 loop3 11 0 28 0 0 0 0 0 0 0 0 0 0 0 0 0 0\n   7       4 loop4 0 0 0 0 0 0 0 0 0 0 0 0 0 0 0 0 0\n   7       5 loop5 0 0 0 0 0 0 0 0 0 0 0 0 0 0 0 0 0\n   7       6 loop6 0 0 0 0 0 0 0 0 0 0 0 0 0 0 0 0 0\n   7       7 loop7 0 0 0 0 0 0 0 0 0 0 0 0 0 0 0 0 0\n   8       0 sda 48015 7610 8160922 146252 587198 364805 14508210 1536797 0 667082 2068664 62877 635 67201044 178345 69352 207269\n   8       1 sda1 47635 6270 8140574 145998 587184 364797 14508104 1536778 0 682011 1861119 62876 634 66999768 178342 0 0\n   8      14 sda14 92 0 1232 52 0 0 0 0 0 54 52 0 0 0 0 0 0\n   8      15 sda15 152 1340 15404 109 2 0 2 0 0 91 112 1 1 201276 2 0 0\n  11       0 sr0 78 0 560 37 0 0 0 0 0 31 37 0 0 0 0 0 0\n   8      16 sdb 313 0 19506 199 161 532 266776 19121 0 1981 19338 35 34 16465312 16 0 0\n   8      17 sdb1 111 0 6474 97 161 532 266776 19121 0 2013 19235 35 34 16465312 16 0 0\n"}
{"timestamp":1767727829,"subsystem":"statfs[*]","measurement":"{\"mount_point\":\"/\",\"block_size\":4096,\"blocks_total\":7574544,\"blocks_free\":7068379,\"blocks_available\":7064283}\n{\"mount_point\":\"/boot/efi\",\"block_size\":512,\"blocks_total\":213663,\"blocks_free\":201276,\"blocks_available\":201276}\n{\"mount_point\":\"/mnt\",\"block_size\":4096,\"blocks_total\":1011128,\"blocks_free\":1011121,\"blocks_available\":954622}\n"}
{"timestamp":1767727834,"subsystem":"/proc/stat","measurement":"cpu  137492 3397 56559 39867492 67482 0 8261 0 0 0\ncpu0 137492 3397 56559 39867492 67482 0 8261 0 0 0\nintr 16089475 0 0 0 0 2863 0 0 0 0 0 0 0 0 0 0 0 0 0 0 0 0 0 0 0 0 0 0 0 0 0 0 0 0 0 0 0 0 0 0 0 0 0 0 0 0 0 0 0 0 0 0 0 0 0 0 0 0 0 0 0 0 0 0 0 0 0 0 0 0 0 0 0 0 0 0 0 0 0 0 0 0 0 0 0 0 0 0 0 0 0 0 0 0 0 0 0 0 0 0 0 0 0 0 0 0 0 0 0 0 0 0 0 0 0 0 0 0 0 0 0 0 0 0 0 0 0 0 0 0 0 0 0 0 0 0 0 0 0 0 0 0 0 0 0 0 0 0 0 0 0 0 0 0 0 0 0 0 0 0 0 0 0 0 0 0 0 0 0 0 0 0 0 0 0 0 0 0 0 0 0 0 0 0 0 0 0 0 0 0 0 0 0 0 0 0 0 0 0 0 0 0 0 0 0 0 0 0 0 0 0 0 0 0 0 0 0 0 0 0 0 0 0 0 0 0 0 0 0 0 0 0 0 0 0 0 0 0 0 0 0 0 0 0 0 0 0 0 0 0 0 0 0 0 0 0 0\nctxt 30326014\nbtime 1767325803\nprocesses 47915\nprocs_running 2\nprocs_blocked 0\nsoftirq 14844989 0 5892327 4 2060880 0 0 4255779 0 0 2635999\n"}
{"timestamp":1767727834,"subsystem":"/proc/meminfo","measurement":"MemTotal:         868984 kB\nMemFree:          204452 kB\nMemAvailable:     473480 kB\nBuffers:           66656 kB\nCached:           318916 kB\nSwapCached:            0 kB\nActive:           204376 kB\nInactive:         291636 kB\nActive(anon):      67368 kB\nInactive(anon):    56196 kB\nActive(file):     137008 kB\nInactive(file):   235440 kB\nUnevictable:       30724 kB\nMlocked:           27652 kB\nSwapTotal:             0 kB\nSwapFree:              0 kB\nZswap:                 0 kB\nZswapped:              0 kB\nDirty:                48 kB\nWriteback:             0 kB\nAnonPages:        137364 kB\nMapped:            75756 kB\nShmem:              4060 kB\nKReclaimable:      35364 kB\nSlab:              85856 kB\nSReclaimable:      35364 kB\nSUnreclaim:        50492 kB\nKernelStack:        2304 kB\nPageTables:         3300 kB\nSecPageTables:         0 kB\nNFS_Unstable:          0 kB\nBounce:                0 kB\nWritebackTmp:          0 kB\nCommitLimit:      434492 kB\nCommitted_AS:     496484 kB\nVmallocTotal:   34359738367 kB\nVmallocUsed:       32956 kB\nVmallocChunk:          0 kB\nPercpu:              768 kB\nHardwareCorrupted:     0 kB\nAnonHugePages:     32768 kB\nShmemHugePages:        0 kB\nShmemPmdMapped:        0 kB\nFileHugePages:         0 kB\nFilePmdMapped:         0 kB\nUnaccepted:            0 kB\nHugePages_Total:       0\nHugePages_Free:        0\nHugePages_Rsvd:        0\nHugePages_Surp:        0\nHugepagesize:       2048 kB\nHugetlb:               0 kB\nDirectMap4k:       72872 kB\nDirectMap2M:      923648 kB\nDirectMap1G:           0 kB\n"}
{"timestamp":1767727834,"subsystem":"/proc/net/dev","measurement":"Inter-|   Receive                                                |  Transmit\n face |bytes    packets errs drop fifo frame compressed multicast|bytes    packets errs drop fifo colls carrier compressed\n    lo:  129937     840    0    0    0     0          0         0   129937     840    0    0    0     0       0          0\n  eth0: 397149973 1414796    0    0    0     0          0         0 460904377 1653306    0    0    0     0       0          0\n"}
{"timestamp":1767727834,"subsystem":"/proc/diskstats","measurement":"   7       0 loop0 268 0 5220 557 0 0 0 0 0 534 557 0 0 0 0 0 0\n   7       1 loop1 74 0 2502 77 0 0 0 0 0 66 77 0 0 0 0 0 0\n   7       2 loop2 93 0 3748 77 0 0 0 0 0 73 77 0 0 0 0 0 0\n   7       3 loop3 11 0 28 0 0 0 0 0 0 0 0 0 0 0 0 0 0\n   7       4 loop4 0 0 0 0 0 0 0 0 0 0 0 0 0 0 0 0 0\n   7       5 loop5 0 0 0 0 0 0 0 0 0 0 0 0 0 0 0 0 0\n   7       6 loop6 0 0 0 0 0 0 0 0 0 0 0 0 0 0 0 0 0\n   7       7 loop7 0 0 0 0 0 0 0 0 0 0 0 0 0 0 0 0 0\n   8       0 sda 48015 7610 8160922 146252 587387 364827 14510970 1536978 0 667114 2068867 62879 635 67201060 178350 69357 207286\n   8       1 sda1 47635 6270 8140574 145998 587373 364819 14510864 1536959 0 682045 1861306 62878 634 66999784 178347 0 0\n   8      14 sda14 92 0 1232 52 0 0 0 0 0 54 52 0 0 0 0 0 0\n   8      15 sda15 152 1340 15404 109 2 0 2 0 0 91 112 1 1 201276 2 0 0\n  11       0 sr0 78 0 560 37 0 0 0 0 0 31 37 0 0 0 0 0 0\n   8      16 sdb 313 0 19506 199 161 532 266776 19121 0 1981 19338 35 34 16465312 16 0 0\n   8      17 sdb1 111 0 6474 97 161 532 266776 19121 0 2013 19235 35 34 16465312 16 0 0\n"}
{"timestamp":1767727834,"subsystem":"statfs[*]","measurement":"{\"mount_point\":\"/\",\"block_size\":4096,\"blocks_total\":7574544,\"blocks_free\":7068378,\"blocks_available\":7064282}\n{\"mount_point\":\"/boot/efi\",\"block_size\":512,\"blocks_total\":213663,\"blocks_free\":201276,\"blocks_available\":201276}\n{\"mount_point\":\"/mnt\",\"block_size\":4096,\"blocks_total\":1011128,\"blocks_free\":1011121,\"blocks_available\":954622}\n"}
{"timestamp":1767727839,"subsystem":"/proc/stat","measurement":"cpu  137498 3397 56562 39867981 67483 0 8261 0 0 0\ncpu0 137498 3397 56562 39867981 67483 0 8261 0 0 0\nintr 16089829 0 0 0 0 2863 0 0 0 0 0 0 0 0 0 0 0 0 0 0 0 0 0 0 0 0 0 0 0 0 0 0 0 0 0 0 0 0 0 0 0 0 0 0 0 0 0 0 0 0 0 0 0 0 0 0 0 0 0 0 0 0 0 0 0 0 0 0 0 0 0 0 0 0 0 0 0 0 0 0 0 0 0 0 0 0 0 0 0 0 0 0 0 0 0 0 0 0 0 0 0 0 0 0 0 0 0 0 0 0 0 0 0 0 0 0 0 0 0 0 0 0 0 0 0 0 0 0 0 0 0 0 0 0 0 0 0 0 0 0 0 0 0 0 0 0 0 0 0 0 0 0 0 0 0 0 0 0 0 0 0 0 0 0 0 0 0 0 0 0 0 0 0 0 0 0 0 0 0 0 0 0 0 0 0 0 0 0 0 0 0 0 0 0 0 0 0 0 0 0 0 0 0 0 0 0 0 0 0 0 0 0 0 0 0 0 0 0 0 0 0 0 0 0 0 0 0 0 0 0 0 0 0 0 0 0 0 0 0 0 0 0 0 0 0 0 0 0 0 0 0 0 0 0 0 0 0\nctxt 30326682\nbtime 1767325803\nprocesses 47921\nprocs_running 2\nprocs_blocked 0\nsoftirq 14845460 0 5892438 4 2060956 0 0 4255792 0 0 2636270\n"}
{"timestamp":1767727839,"subsystem":"/proc/meminfo","measurement":"MemTotal:         868984 kB\nMemFree:          206268 kB\nMemAvailable:     475304 kB\nBuffers:           66656 kB\nCached:           318924 kB\nSwapCached:            0 kB\nActive:           206236 kB\nInactive:         291644 kB\nActive(anon):      69228 kB\nInactive(anon):    56196 kB\nActive(file):     137008 kB\nInactive(file):   235448 kB\nUnevictable:       30724 kB\nMlocked:           27652 kB\nSwapTotal:             0 kB\nSwapFree:              0 kB\nZswap:                 0 kB\nZswapped:              0 kB\nDirty:               204 kB\nWriteback:             0 kB\nAnonPages:        139260 kB\nMapped:            75928 kB\nShmem:              4060 kB\nKReclaimable:      35364 kB\nSlab:              85860 kB\nSReclaimable:      35364 kB\nSUnreclaim:        50496 kB\nKernelStack:        2336 kB\nPageTables:         3452 kB\nSecPageTables:         0 kB\nNFS_Unstable:          0 kB\nBounce:                0 kB\nWritebackTmp:          0 kB\nCommitLimit:      434492 kB\nCommitted_AS:     500380 kB\nVmallocTotal:   34359738367 kB\nVmallocUsed:       32960 kB\nVmallocChunk:          0 kB\nPercpu:              768 kB\nHardwareCorrupted:     0 kB\nAnonHugePages:     32768 kB\nShmemHugePages:        0 kB\nShmemPmdMapped:        0 kB\nFileHugePages:         0 kB\nFilePmdMapped:         0 kB\nUnaccepted:            0 kB\nHugePages_Total:       0\nHugePages_Free:        0\nHugePages_Rsvd:        0\nHugePages_Surp:        0\nHugepagesize:       2048 kB\nHugetlb:               0 kB\nDirectMap4k:       72872 kB\nDirectMap2M:      923648 kB\nDirectMap1G:           0 kB\n"}
{"timestamp":1767727839,"subsystem":"/proc/net/dev","measurement":"Inter-|   Receive                                                |  Transmit\n face |bytes    packets errs drop fifo frame compressed multicast|bytes    packets errs drop fifo colls carrier compressed\n    lo:  129937     840    0    0    0     0          0         0   129937     840    0    0    0     0       0          0\n  eth0: 397158803 1414838    0    0    0     0          0         0 460915363 1653358    0    0    0     0       0          0\n"}
{"timestamp":1767727839,"subsystem":"/proc/diskstats","measurement":"   7       0 loop0 268 0 5220 557 0 0 0 0 0 534 557 0 0 0 0 0 0\n   7       1 loop1 74 0 2502 77 0 0 0 0 0 66 77 0 0 0 0 0 0\n   7       2 loop2 93 0 3748 77 0 0 0 0 0 73 77 0 0 0 0 0 0\n   7       3 loop3 11 0 28 0 0 0 0 0 0 0 0 0 0 0 0 0 0\n   7       4 loop4 0 0 0 0 0 0 0 0 0 0 0 0 0 0 0 0 0\n   7       5 loop5 0 0 0 0 0 0 0 0 0 0 0 0 0 0 0 0 0\n   7       6 loop6 0 0 0 0 0 0 0 0 0 0 0 0 0 0 0 0 0\n   7       7 loop7 0 0 0 0 0 0 0 0 0 0 0 0 0 0 0 0 0\n   8       0 sda 48015 7610 8160922 146252 587393 364835 14511090 1536986 0 667120 2068880 62879 635 67201060 178350 69358 207290\n   8       1 sda1 47635 6270 8140574 145998 587379 364827 14510984 1536968 0 682051 1861314 62878 634 66999784 178347 0 0\n   8      14 sda14 92 0 1232 52 0 0 0 0 0 54 52 0 0 0 0 0 0\n   8      15 sda15 152 1340 15404 109 2 0 2 0 0 91 112 1 1 201276 2 0 0\n  11       0 sr0 78 0 560 37 0 0 0 0 0 31 37 0 0 0 0 0 0\n   8      16 sdb 313 0 19506 199 161 532 266776 19121 0 1981 19338 35 34 16465312 16 0 0\n   8      17 sdb1 111 0 6474 97 161 532 266776 19121 0 2013 19235 35 34 16465312 16 0 0\n"}
{"timestamp":1767727839,"subsystem":"statfs[*]","measurement":"{\"mount_point\":\"/\",\"block_size\":4096,\"blocks_total\":7574544,\"blocks_free\":7068376,\"blocks_available\":7064280}\n{\"mount_point\":\"/boot/efi\",\"block_size\":512,\"blocks_total\":213663,\"blocks_free\":201276,\"blocks_available\":201276}\n{\"mount_point\":\"/mnt\",\"block_size\":4096,\"blocks_total\":1011128,\"blocks_free\":1011121,\"blocks_available\":954622}\n"}
{"timestamp":1767727844,"subsystem":"/proc/stat","measurement":"cpu  137501 3397 56564 39868473 67484 0 8261 0 0 0\ncpu0 137501 3397 56564 39868473 67484 0 8261 0 0 0\nintr 16090121 0 0 0 0 2863 0 0 0 0 0 0 0 0 0 0 0 0 0 0 0 0 0 0 0 0 0 0 0 0 0 0 0 0 0 0 0 0 0 0 0 0 0 0 0 0 0 0 0 0 0 0 0 0 0 0 0 0 0 0 0 0 0 0 0 0 0 0 0 0 0 0 0 0 0 0 0 0 0 0 0 0 0 0 0 0 0 0 0 0 0 0 0 0 0 0 0 0 0 0 0 0 0 0 0 0 0 0 0 0 0 0 0 0 0 0 0 0 0 0 0 0 0 0 0 0 0 0 0 0 0 0 0 0 0 0 0 0 0 0 0 0 0 0 0 0 0 0 0 0 0 0 0 0 0 0 0 0 0 0 0 0 0 0 0 0 0 0 0 0 0 0 0 0 0 0 0 0 0 0 0 0 0 0 0 0 0 0 0 0 0 0 0 0 0 0 0 0 0 0 0 0 0 0 0 0 0 0 0 0 0 0 0 0 0 0 0 0 0 0 0 0 0 0 0 0 0 0 0 0 0 0 0 0 0 0 0 0 0 0 0 0 0 0 0 0 0 0 0 0 0 0 0 0 0 0 0\nctxt 30327366\nbtime 1767325803\nprocesses 47924\nprocs_running 2\nprocs_blocked 0\nsoftirq 14845834 0 5892533 4 2061010 0 0 4255804 0 0 2636483\n"}
{"timestamp":1767727844,"subsystem":"/proc/meminfo","measurement":"MemTotal:         868984 kB\nMemFree:          203748 kB\nMemAvailable:     472788 kB\nBuffers:           66656 kB\nCached:           318928 kB\nSwapCached:            0 kB\nActive:           204400 kB\nInactive:         291648 kB\nActive(anon):      67392 kB\nInactive(anon):    56196 kB\nActive(file):     137008 kB\nInactive(file):   235452 kB\nUnevictable:       30724 kB\nMlocked:           27652 kB\nSwapTotal:             0 kB\nSwapFree:              0 kB\nZswap:                 0 kB\nZswapped:              0 kB\nDirty:               292 kB\nWriteback:             0 kB\nAnonPages:        137388 kB\nMapped:            75760 kB\nShmem:              4060 kB\nKReclaimable:      35364 kB\nSlab:              85860 kB\nSReclaimable:      35364 kB\nSUnreclaim:        50496 kB\nKernelStack:        2304 kB\nPageTables:         3300 kB\nSecPageTables:         0 kB\nNFS_Unstable:          0 kB\nBounce:                0 kB\nWritebackTmp:          0 kB\nCommitLimit:      434492 kB\nCommitted_AS:     496484 kB\nVmallocTotal:   34359738367 kB\nVmallocUsed:       32956 kB\nVmallocChunk:          0 kB\nPercpu:              768 kB\nHardwareCorrupted:     0 kB\nAnonHugePages:     32768 kB\nShmemHugePages:        0 kB\nShmemPmdMapped:        0 kB\nFileHugePages:         0 kB\nFilePmdMapped:         0 kB\nUnaccepted:            0 kB\nHugePages_Total:       0\nHugePages_Free:        0\nHugePages_Rsvd:        0\nHugePages_Surp:        0\nHugepagesize:       2048 kB\nHugetlb:               0 kB\nDirectMap4k:       72872 kB\nDirectMap2M:      923648 kB\nDirectMap1G:           0 kB\n"}
{"timestamp":1767727844,"subsystem":"/proc/net/dev","measurement":"Inter-|   Receive                                                |  Transmit\n face |bytes    packets errs drop fifo frame compressed multicast|bytes    packets errs drop fifo colls carrier compressed\n    lo:  129937     840    0    0    0     0          0         0   129937     840    0    0    0     0       0          0\n  eth0: 397165271 1414873    0    0    0     0          0         0 460923491 1653393    0    0    0     0       0          0\n"}
{"timestamp":1767727844,"subsystem":"/proc/diskstats","measurement":"   7       0 loop0 268 0 5220 557 0 0 0 0 0 534 557 0 0 0 0 0 0\n   7       1 loop1 74 0 2502 77 0 0 0 0 0 66 77 0 0 0 0 0 0\n   7       2 loop2 93 0 3748 77 0 0 0 0 0 73 77 0 0 0 0 0 0\n   7       3 loop3 11 0 28 0 0 0 0 0 0 0 0 0 0 0 0 0 0\n   7       4 loop4 0 0 0 0 0 0 0 0 0 0 0 0 0 0 0 0 0\n   7       5 loop5 0 0 0 0 0 0 0 0 0 0 0 0 0 0 0 0 0\n   7       6 loop6 0 0 0 0 0 0 0 0 0 0 0 0 0 0 0 0 0\n   7       7 loop7 0 0 0 0 0 0 0 0 0 0 0 0 0 0 0 0 0\n   8       0 sda 48015 7610 8160922 146252 587398 364843 14511194 1536992 0 667126 2068891 62880 635 67201068 178352 69359 207293\n   8       1 sda1 47635 6270 8140574 145998 587384 364835 14511088 1536974 0 682058 1861323 62879 634 66999792 178350 0 0\n   8      14 sda14 92 0 1232 52 0 0 0 0 0 54 52 0 0 0 0 0 0\n   8      15 sda15 152 1340 15404 109 2 0 2 0 0 91 112 1 1 201276 2 0 0\n  11       0 sr0 78 0 560 37 0 0 0 0 0 31 37 0 0 0 0 0 0\n   8      16 sdb 313 0 19506 199 161 532 266776 19121 0 1981 19338 35 34 16465312 16 0 0\n   8      17 sdb1 111 0 6474 97 161 532 266776 19121 0 2013 19235 35 34 16465312 16 0 0\n"}
{"timestamp":1767727844,"subsystem":"statfs[*]","measurement":"{\"mount_point\":\"/\",\"block_size\":4096,\"blocks_total\":7574544,\"blocks_free\":7068375,\"blocks_available\":7064279}\n{\"mount_point\":\"/boot/efi\",\"block_size\":512,\"blocks_total\":213663,\"blocks_free\":201276,\"blocks_available\":201276}\n{\"mount_point\":\"/mnt\",\"block_size\":4096,\"blocks_total\":1011128,\"blocks_free\":1011121,\"blocks_available\":954622}\n"}
{"timestamp":1767727849,"subsystem":"/proc/stat","measurement":"cpu  137505 3397 56566 39868966 67485 0 8261 0 0 0\ncpu0 137505 3397 56566 39868966 67485 0 8261 0 0 0\nintr 16090401 0 0 0 0 2863 0 0 0 0 0 0 0 0 0 0 0 0 0 0 0 0 0 0 0 0 0 0 0 0 0 0 0 0 0 0 0 0 0 0 0 0 0 0 0 0 0 0 0 0 0 0 0 0 0 0 0 0 0 0 0 0 0 0 0 0 0 0 0 0 0 0 0 0 0 0 0 0 0 0 0 0 0 0 0 0 0 0 0 0 0 0 0 0 0 0 0 0 0 0 0 0 0 0 0 0 0 0 0 0 0 0 0 0 0 0 0 0 0 0 0 0 0 0 0 0 0 0 0 0 0 0 0 0 0 0 0 0 0 0 0 0 0 0 0 0 0 0 0 0 0 0 0 0 0 0 0 0 0 0 0 0 0 0 0 0 0 0 0 0 0 0 0 0 0 0 0 0 0 0 0 0 0 0 0 0 0 0 0 0 0 0 0 0 0 0 0 0 0 0 0 0 0 0 0 0 0 0 0 0 0 0 0 0 0 0 0 0 0 0 0 0 0 0 0 0 0 0 0 0 0 0 0 0 0 0 0 0 0 0 0 0 0 0 0 0 0 0 0 0 0 0 0 0 0 0 0\nctxt 30327935\nbtime 1767325803\nprocesses 47927\nprocs_running 2\nprocs_blocked 0\nsoftirq 14846155 0 5892636 4 2061058 0 0 4255817 0 0 2636640\n"}
{"timestamp":1767727849,"subsystem":"/proc/meminfo","measurement":"MemTotal:         868984 kB\nMemFree:          203748 kB\nMemAvailable:     472792 kB\nBuffers:           66656 kB\nCached:           318932 kB\nSwapCached:            0 kB\nActive:           204420 kB\nInactive:         291652 kB\nActive(anon):      67412 kB\nInactive(anon):    56196 kB\nActive(file):     137008 kB\nInactive(file):   235456 kB\nUnevictable:       30724 kB\nMlocked:           27652 kB\nSwapTotal:             0 kB\nSwapFree:              0 kB\nZswap:                 0 kB\nZswapped:              0 kB\nDirty:               328 kB\nWriteback:             0 kB\nAnonPages:        137408 kB\nMapped:            75764 kB\nShmem:              4060 kB\nKReclaimable:      35364 kB\nSlab:              85860 kB\nSReclaimable:      35364 kB\nSUnreclaim:        50496 kB\nKernelStack:        2304 kB\nPageTables:         3300 kB\nSecPageTables:         0 kB\nNFS_Unstable:          0 kB\nBounce:                0 kB\nWritebackTmp:          0 kB\nCommitLimit:      434492 kB\nCommitted_AS:     496484 kB\nVmallocTotal:   34359738367 kB\nVmallocUsed:       32956 kB\nVmallocChunk:          0 kB\nPercpu:              768 kB\nHardwareCorrupted:     0 kB\nAnonHugePages:     32768 kB\nShmemHugePages:        0 kB\nShmemPmdMapped:        0 kB\nFileHugePages:         0 kB\nFilePmdMapped:         0 kB\nUnaccepted:            0 kB\nHugePages_Total:       0\nHugePages_Free:        0\nHugePages_Rsvd:        0\nHugePages_Surp:        0\nHugepagesize:       2048 kB\nHugetlb:               0 kB\nDirectMap4k:       72872 kB\nDirectMap2M:      923648 kB\nDirectMap1G:           0 kB\n"}
{"timestamp":1767727849,"subsystem":"/proc/net/dev","measurement":"Inter-|   Receive                                                |  Transmit\n face |bytes    packets errs drop fifo frame compressed multicast|bytes    packets errs drop fifo colls carrier compressed\n    lo:  129937     840    0    0    0     0          0         0   129937     840    0    0    0     0       0          0\n  eth0: 397171274 1414902    0    0    0     0          0         0 460932063 1653424    0    0    0     0       0          0\n"}
{"timestamp":1767727849,"subsystem":"/proc/diskstats","measurement":"   7       0 loop0 268 0 5220 557 0 0 0 0 0 534 557 0 0 0 0 0 0\n   7       1 loop1 74 0 2502 77 0 0 0 0 0 66 77 0 0 0 0 0 0\n   7       2 loop2 93 0 3748 77 0 0 0 0 0 73 77 0 0 0 0 0 0\n   7       3 loop3 11 0 28 0 0 0 0 0 0 0 0 0 0 0 0 0 0\n   7       4 loop4 0 0 0 0 0 0 0 0 0 0 0 0 0 0 0 0 0\n   7       5 loop5 0 0 0 0 0 0 0 0 0 0 0 0 0 0 0 0 0\n   7       6 loop6 0 0 0 0 0 0 0 0 0 0 0 0 0 0 0 0 0\n   7       7 loop7 0 0 0 0 0 0 0 0 0 0 0 0 0 0 0 0 0\n   8       0 sda 48015 7610 8160922 146252 587405 364853 14511338 1537002 0 667136 2068908 62881 635 67201076 178355 69360 207297\n   8       1 sda1 47635 6270 8140574 145998 587391 364845 14511232 1536983 0 682068 1861335 62880 634 66999800 178353 0 0\n   8      14 sda14 92 0 1232 52 0 0 0 0 0 54 52 0 0 0 0 0 0\n   8      15 sda15 152 1340 15404 109 2 0 2 0 0 91 112 1 1 201276 2 0 0\n  11       0 sr0 78 0 560 37 0 0 0 0 0 31 37 0 0 0 0 0 0\n   8      16 sdb 313 0 19506 199 161 532 266776 19121 0 1981 19338 35 34 16465312 16 0 0\n   8      17 sdb1 111 0 6474 97 161 532 266776 19121 0 2013 19235 35 34 16465312 16 0 0\n"}
{"timestamp":1767727849,"subsystem":"statfs[*]","measurement":"{\"mount_point\":\"/\",\"block_size\":4096,\"blocks_total\":7574544,\"blocks_free\":7068374,\"blocks_available\":7064278}\n{\"mount_point\":\"/boot/efi\",\"block_size\":512,\"blocks_total\":213663,\"blocks_free\":201276,\"blocks_available\":201276}\n{\"mount_point\":\"/mnt\",\"block_size\":4096,\"blocks_total\":1011128,\"blocks_free\":1011121,\"blocks_available\":954622}\n"}
{"timestamp":1767727854,"subsystem":"/proc/stat","measurement":"cpu  137509 3397 56569 39869457 67485 0 8261 0 0 0\ncpu0 137509 3397 56569 39869457 67485 0 8261 0 0 0\nintr 16090697 0 0 0 0 2863 0 0 0 0 0 0 0 0 0 0 0 0 0 0 0 0 0 0 0 0 0 0 0 0 0 0 0 0 0 0 0 0 0 0 0 0 0 0 0 0 0 0 0 0 0 0 0 0 0 0 0 0 0 0 0 0 0 0 0 0 0 0 0 0 0 0 0 0 0 0 0 0 0 0 0 0 0 0 0 0 0 0 0 0 0 0 0 0 0 0 0 0 0 0 0 0 0 0 0 0 0 0 0 0 0 0 0 0 0 0 0 0 0 0 0 0 0 0 0 0 0 0 0 0 0 0 0 0 0 0 0 0 0 0 0 0 0 0 0 0 0 0 0 0 0 0 0 0 0 0 0 0 0 0 0 0 0 0 0 0 0 0 0 0 0 0 0 0 0 0 0 0 0 0 0 0 0 0 0 0 0 0 0 0 0 0 0 0 0 0 0 0 0 0 0 0 0 0 0 0 0 0 0 0 0 0 0 0 0 0 0 0 0 0 0 0 0 0 0 0 0 0 0 0 0 0 0 0 0 0 0 0 0 0 0 0 0 0 0 0 0 0 0 0 0 0 0 0 0 0 0\nctxt 30328574\nbtime 1767325803\nprocesses 47932\nprocs_running 1\nprocs_blocked 0\nsoftirq 14846575 0 5892726 4 2061117 0 0 4255829 0 0 2636899\n"}
{"timestamp":1767727854,"subsystem":"/proc/meminfo","measurement":"MemTotal:         868984 kB\nMemFree:          199652 kB\nMemAvailable:     468704 kB\nBuffers:           66656 kB\nCached:           318940 kB\nSwapCached:            0 kB\nActive:           209692 kB\nInactive:         291660 kB\nActive(anon):      72684 kB\nInactive(anon):    56196 kB\nActive(file):     137008 kB\nInactive(file):   235464 kB\nUnevictable:       30724 kB\nMlocked:           27652 kB\nSwapTotal:             0 kB\nSwapFree:              0 kB\nZswap:                 0 kB\nZswapped:              0 kB\nDirty:               380 kB\nWriteback:             0 kB\nAnonPages:        142680 kB\nMapped:            75764 kB\nShmem:              4060 kB\nKReclaimable:      35364 kB\nSlab:              85860 kB\nSReclaimable:      35364 kB\nSUnreclaim:        50496 kB\nKernelStack:        2336 kB\nPageTables:         3452 kB\nSecPageTables:         0 kB\nNFS_Unstable:          0 kB\nBounce:                0 kB\nWritebackTmp:          0 kB\nCommitLimit:      434492 kB\nCommitted_AS:     500380 kB\nVmallocTotal:   34359738367 kB\nVmallocUsed:       32972 kB\nVmallocChunk:          0 kB\nPercpu:              768 kB\nHardwareCorrupted:     0 kB\nAnonHugePages:     34816 kB\nShmemHugePages:        0 kB\nShmemPmdMapped:        0 kB\nFileHugePages:         0 kB\nFilePmdMapped:         0 kB\nUnaccepted:            0 kB\nHugePages_Total:       0\nHugePages_Free:        0\nHugePages_Rsvd:        0\nHugePages_Surp:        0\nHugepagesize:       2048 kB\nHugetlb:               0 kB\nDirectMap4k:       72872 kB\nDirectMap2M:      923648 kB\nDirectMap1G:           0 kB\n"}
{"timestamp":1767727854,"subsystem":"/proc/net/dev","measurement":"Inter-|   Receive                                                |  Transmit\n face |bytes    packets errs drop fifo frame compressed multicast|bytes    packets errs drop fifo colls carrier compressed\n    lo:  129937     840    0    0    0     0          0         0   129937     840    0    0    0     0       0          0\n  eth0: 397179798 1414941    0    0    0     0          0         0 460940313 1653460    0    0    0     0       0          0\n"}
{"timestamp":1767727854,"subsystem":"/proc/diskstats","measurement":"   7       0 loop0 268 0 5220 557 0 0 0 0 0 534 557 0 0 0 0 0 0\n   7       1 loop1 74 0 2502 77 0 0 0 0 0 66 77 0 0 0 0 0 0\n   7       2 loop2 93 0 3748 77 0 0 0 0 0 73 77 0 0 0 0 0 0\n   7       3 loop3 11 0 28 0 0 0 0 0 0 0 0 0 0 0 0 0 0\n   7       4 loop4 0 0 0 0 0 0 0 0 0 0 0 0 0 0 0 0 0\n   7       5 loop5 0 0 0 0 0 0 0 0 0 0 0 0 0 0 0 0 0\n   7       6 loop6 0 0 0 0 0 0 0 0 0 0 0 0 0 0 0 0 0\n   7       7 loop7 0 0 0 0 0 0 0 0 0 0 0 0 0 0 0 0 0\n   8       0 sda 48015 7610 8160922 146252 587410 364861 14511442 1537008 0 667142 2068918 62882 635 67201084 178358 69361 207299\n   8       1 sda1 47635 6270 8140574 145998 587396 364853 14511336 1536989 0 682074 1861343 62881 634 66999808 178355 0 0\n   8      14 sda14 92 0 1232 52 0 0 0 0 0 54 52 0 0 0 0 0 0\n   8      15 sda15 152 1340 15404 109 2 0 2 0 0 91 112 1 1 201276 2 0 0\n  11       0 sr0 78 0 560 37 0 0 0 0 0 31 37 0 0 0 0 0 0\n   8      16 sdb 313 0 19506 199 161 532 266776 19121 0 1981 19338 35 34 16465312 16 0 0\n   8      17 sdb1 111 0 6474 97 161 532 266776 19121 0 2013 19235 35 34 16465312 16 0 0\n"}
{"timestamp":1767727854,"subsystem":"statfs[*]","measurement":"{\"mount_point\":\"/\",\"block_size\":4096,\"blocks_total\":7574544,\"blocks_free\":7068372,\"blocks_available\":7064276}\n{\"mount_point\":\"/boot/efi\",\"block_size\":512,\"blocks_total\":213663,\"blocks_free\":201276,\"blocks_available\":201276}\n{\"mount_point\":\"/mnt\",\"block_size\":4096,\"blocks_total\":1011128,\"blocks_free\":1011121,\"blocks_available\":954622}\n"}
{"timestamp":1767727859,"subsystem":"/proc/stat","measurement":"cpu  137512 3397 56570 39869952 67486 0 8261 0 0 0\ncpu0 137512 3397 56570 39869952 67486 0 8261 0 0 0\nintr 16090890 0 0 0 0 2863 0 0 0 0 0 0 0 0 0 0 0 0 0 0 0 0 0 0 0 0 0 0 0 0 0 0 0 0 0 0 0 0 0 0 0 0 0 0 0 0 0 0 0 0 0 0 0 0 0 0 0 0 0 0 0 0 0 0 0 0 0 0 0 0 0 0 0 0 0 0 0 0 0 0 0 0 0 0 0 0 0 0 0 0 0 0 0 0 0 0 0 0 0 0 0 0 0 0 0 0 0 0 0 0 0 0 0 0 0 0 0 0 0 0 0 0 0 0 0 0 0 0 0 0 0 0 0 0 0 0 0 0 0 0 0 0 0 0 0 0 0 0 0 0 0 0 0 0 0 0 0 0 0 0 0 0 0 0 0 0 0 0 0 0 0 0 0 0 0 0 0 0 0 0 0 0 0 0 0 0 0 0 0 0 0 0 0 0 0 0 0 0 0 0 0 0 0 0 0 0 0 0 0 0 0 0 0 0 0 0 0 0 0 0 0 0 0 0 0 0 0 0 0 0 0 0 0 0 0 0 0 0 0 0 0 0 0 0 0 0 0 0 0 0 0 0 0 0 0 0 0\nctxt 30329071\nbtime 1767325803\nprocesses 47937\nprocs_running 2\nprocs_blocked 0\nsoftirq 14846834 0 5892806 4 2061125 0 0 4255836 0 0 2637063\n"}
{"timestamp":1767727859,"subsystem":"/proc/meminfo","measurement":"MemTotal:         868984 kB\nMemFree:          198140 kB\nMemAvailable:     467200 kB\nBuffers:           66660 kB\nCached:           318944 kB\nSwapCached:            0 kB\nActive:           211316 kB\nInactive:         291668 kB\nActive(anon):      74308 kB\nInactive(anon):    56196 kB\nActive(file):     137008 kB\nInactive(file):   235472 kB\nUnevictable:       30724 kB\nMlocked:           27652 kB\nSwapTotal:             0 kB\nSwapFree:              0 kB\nZswap:                 0 kB\nZswapped:              0 kB\nDirty:               368 kB\nWriteback:             0 kB\nAnonPages:        144304 kB\nMapped:            75764 kB\nShmem:              4060 kB\nKReclaimable:      35364 kB\nSlab:              85868 kB\nSReclaimable:      35364 kB\nSUnreclaim:        50504 kB\nKernelStack:        2352 kB\nPageTables:         3524 kB\nSecPageTables:         0 kB\nNFS_Unstable:          0 kB\nBounce:                0 kB\nWritebackTmp:          0 kB\nCommitLimit:      434492 kB\nCommitted_AS:     502584 kB\nVmallocTotal:   34359738367 kB\nVmallocUsed:       32988 kB\nVmallocChunk:          0 kB\nPercpu:              768 kB\nHardwareCorrupted:     0 kB\nAnonHugePages:     34816 kB\nShmemHugePages:        0 kB\nShmemPmdMapped:        0 kB\nFileHugePages:         0 kB\nFilePmdMapped:         0 kB\nUnaccepted:            0 kB\nHugePages_Total:       0\nHugePages_Free:        0\nHugePages_Rsvd:        0\nHugePages_Surp:        0\nHugepagesize:       2048 kB\nHugetlb:               0 kB\nDirectMap4k:       72872 kB\nDirectMap2M:      923648 kB\nDirectMap1G:           0 kB\n"}
{"timestamp":1767727859,"subsystem":"/proc/net/dev","measurement":"Inter-|   Receive                                                |  Transmit\n face |bytes    packets errs drop fifo frame compressed multicast|bytes    packets errs drop fifo colls carrier compressed\n    lo:  129937     840    0    0    0     0          0         0   129937     840    0    0    0     0       0          0\n  eth0: 397181095 1414946    0    0    0     0          0         0 460940627 1653464    0    0    0     0       0          0\n"}
{"timestamp":1767727859,"subsystem":"/proc/diskstats","measurement":"   7       0 loop0 268 0 5220 557 0 0 0 0 0 534 557 0 0 0 0 0 0\n   7       1 loop1 74 0 2502 77 0 0 0 0 0 66 77 0 0 0 0 0 0\n   7       2 loop2 93 0 3748 77 0 0 0 0 0 73 77 0 0 0 0 0 0\n   7       3 loop3 11 0 28 0 0 0 0 0 0 0 0 0 0 0 0 0 0\n   7       4 loop4 0 0 0 0 0 0 0 0 0 0 0 0 0 0 0 0 0\n   7       5 loop5 0 0 0 0 0 0 0 0 0 0 0 0 0 0 0 0 0\n   7       6 loop6 0 0 0 0 0 0 0 0 0 0 0 0 0 0 0 0 0\n   7       7 loop7 0 0 0 0 0 0 0 0 0 0 0 0 0 0 0 0 0\n   8       0 sda 48015 7610 8160922 146252 587412 364861 14511474 1537009 1 667142 2068919 62882 635 67201084 178358 69361 207299\n   8       1 sda1 47635 6270 8140574 145998 587398 364853 14511368 1536990 1 682074 1861344 62881 634 66999808 178355 0 0\n   8      14 sda14 92 0 1232 52 0 0 0 0 0 54 52 0 0 0 0 0 0\n   8      15 sda15 152 1340 15404 109 2 0 2 0 0 91 112 1 1 201276 2 0 0\n  11       0 sr0 78 0 560 37 0 0 0 0 0 31 37 0 0 0 0 0 0\n   8      16 sdb 313 0 19506 199 161 532 266776 19121 0 1981 19338 35 34 16465312 16 0 0\n   8      17 sdb1 111 0 6474 97 161 532 266776 19121 0 2013 19235 35 34 16465312 16 0 0\n"}
{"timestamp":1767727859,"subsystem":"statfs[*]","measurement":"{\"mount_point\":\"/\",\"block_size\":4096,\"blocks_total\":7574544,\"blocks_free\":7068370,\"blocks_available\":7064274}\n{\"mount_point\":\"/boot/efi\",\"block_size\":512,\"blocks_total\":213663,\"blocks_free\":201276,\"blocks_available\":201276}\n{\"mount_point\":\"/mnt\",\"block_size\":4096,\"blocks_total\":1011128,\"blocks_free\":1011121,\"blocks_available\":954622}\n"}
{"timestamp":1767727864,"subsystem":"/proc/stat","measurement":"cpu  137514 3397 56571 39870447 67486 0 8261 0 0 0\ncpu0 137514 3397 56571 39870447 67486 0 8261 0 0 0\nintr 16091149 0 0 0 0 2863 0 0 0 0 0 0 0 0 0 0 0 0 0 0 0 0 0 0 0 0 0 0 0 0 0 0 0 0 0 0 0 0 0 0 0 0 0 0 0 0 0 0 0 0 0 0 0 0 0 0 0 0 0 0 0 0 0 0 0 0 0 0 0 0 0 0 0 0 0 0 0 0 0 0 0 0 0 0 0 0 0 0 0 0 0 0 0 0 0 0 0 0 0 0 0 0 0 0 0 0 0 0 0 0 0 0 0 0 0 0 0 0 0 0 0 0 0 0 0 0 0 0 0 0 0 0 0 0 0 0 0 0 0 0 0 0 0 0 0 0 0 0 0 0 0 0 0 0 0 0 0 0 0 0 0 0 0 0 0 0 0 0 0 0 0 0 0 0 0 0 0 0 0 0 0 0 0 0 0 0 0 0 0 0 0 0 0 0 0 0 0 0 0 0 0 0 0 0 0 0 0 0 0 0 0 0 0 0 0 0 0 0 0 0 0 0 0 0 0 0 0 0 0 0 0 0 0 0 0 0 0 0 0 0 0 0 0 0 0 0 0 0 0 0 0 0 0 0 0 0 0\nctxt 30329588\nbtime 1767325803\nprocesses 47938\nprocs_running 2\nprocs_blocked 0\nsoftirq 14847058 0 5892889 4 2061176 0 0 4255850 0 0 2637139\n"}
{"timestamp":1767727864,"subsystem":"/proc/meminfo","measurement":"MemTotal:         868984 kB\nMemFree:          197636 kB\nMemAvailable:     466724 kB\nBuffers:           66660 kB\nCached:           318996 kB\nSwapCached:            0 kB\nActive:           211340 kB\nInactive:         291672 kB\nActive(anon):      74308 kB\nInactive(anon):    56196 kB\nActive(file):     137032 kB\nInactive(file):   235476 kB\nUnevictable:       30724 kB\nMlocked:           27652 kB\nSwapTotal:             0 kB\nSwapFree:              0 kB\nZswap:                 0 kB\nZswapped:              0 kB\nDirty:               344 kB\nWriteback:             0 kB\nAnonPages:        144304 kB\nMapped:            75768 kB\nShmem:              4060 kB\nKReclaimable:      35364 kB\nSlab:              85880 kB\nSReclaimable:      35364 kB\nSUnreclaim:        50516 kB\nKernelStack:        2352 kB\nPageTables:         3524 kB\nSecPageTables:         0 kB\nNFS_Unstable:          0 kB\nBounce:                0 kB\nWritebackTmp:          0 kB\nCommitLimit:      434492 kB\nCommitted_AS:     502584 kB\nVmallocTotal:   34359738367 kB\nVmallocUsed:       32988 kB\nVmallocChunk:          0 kB\nPercpu:              768 kB\nHardwareCorrupted:     0 kB\nAnonHugePages:     34816 kB\nShmemHugePages:        0 kB\nShmemPmdMapped:        0 kB\nFileHugePages:         0 kB\nFilePmdMapped:         0 kB\nUnaccepted:            0 kB\nHugePages_Total:       0\nHugePages_Free:        0\nHugePages_Rsvd:        0\nHugePages_Surp:        0\nHugepagesize:       2048 kB\nHugetlb:               0 kB\nDirectMap4k:       72872 kB\nDirectMap2M:      923648 kB\nDirectMap1G:           0 kB\n"}
{"timestamp":1767727864,"subsystem":"/proc/net/dev","measurement":"Inter-|   Receive                                                |  Transmit\n face |bytes    packets errs drop fifo frame compressed multicast|bytes    packets errs drop fifo colls carrier compressed\n    lo:  129937     840    0    0    0     0          0         0   129937     840    0    0    0     0       0          0\n  eth0: 397189823 1414979    0    0    0     0          0         0 460948780 1653507    0    0    0     0       0          0\n"}
{"timestamp":1767727864,"subsystem":"/proc/diskstats","measurement":"   7       0 loop0 268 0 5220 557 0 0 0 0 0 534 557 0 0 0 0 0 0\n   7       1 loop1 74 0 2502 77 0 0 0 0 0 66 77 0 0 0 0 0 0\n   7       2 loop2 93 0 3748 77 0 0 0 0 0 73 77 0 0 0 0 0 0\n   7       3 loop3 11 0 28 0 0 0 0 0 0 0 0 0 0 0 0 0 0\n   7       4 loop4 0 0 0 0 0 0 0 0 0 0 0 0 0 0 0 0 0\n   7       5 loop5 0 0 0 0 0 0 0 0 0 0 0 0 0 0 0 0 0\n   7       6 loop6 0 0 0 0 0 0 0 0 0 0 0 0 0 0 0 0 0\n   7       7 loop7 0 0 0 0 0 0 0 0 0 0 0 0 0 0 0 0 0\n   8       0 sda 48016 7610 8160970 146253 587425 364872 14511666 1537019 0 667149 2068935 62883 635 67201092 178360 69362 207301\n   8       1 sda1 47636 6270 8140622 145999 587411 364864 14511560 1537001 0 682081 1861358 62882 634 66999816 178357 0 0\n   8      14 sda14 92 0 1232 52 0 0 0 0 0 54 52 0 0 0 0 0 0\n   8      15 sda15 152 1340 15404 109 2 0 2 0 0 91 112 1 1 201276 2 0 0\n  11       0 sr0 78 0 560 37 0 0 0 0 0 31 37 0 0 0 0 0 0\n   8      16 sdb 313 0 19506 199 161 532 266776 19121 0 1981 19338 35 34 16465312 16 0 0\n   8      17 sdb1 111 0 6474 97 161 532 266776 19121 0 2013 19235 35 34 16465312 16 0 0\n"}
{"timestamp":1767727864,"subsystem":"statfs[*]","measurement":"{\"mount_point\":\"/\",\"block_size\":4096,\"blocks_total\":7574544,\"blocks_free\":7068363,\"blocks_available\":7064267}\n{\"mount_point\":\"/boot/efi\",\"block_size\":512,\"blocks_total\":213663,\"blocks_free\":201276,\"blocks_available\":201276}\n{\"mount_point\":\"/mnt\",\"block_size\":4096,\"blocks_total\":1011128,\"blocks_free\":1011121,\"blocks_available\":954622}\n"}
{"timestamp":1767727869,"subsystem":"/proc/stat","measurement":"cpu  137515 3397 56573 39870941 67488 0 8261 0 0 0\ncpu0 137515 3397 56573 39870941 67488 0 8261 0 0 0\nintr 16091400 0 0 0 0 2863 0 0 0 0 0 0 0 0 0 0 0 0 0 0 0 0 0 0 0 0 0 0 0 0 0 0 0 0 0 0 0 0 0 0 0 0 0 0 0 0 0 0 0 0 0 0 0 0 0 0 0 0 0 0 0 0 0 0 0 0 0 0 0 0 0 0 0 0 0 0 0 0 0 0 0 0 0 0 0 0 0 0 0 0 0 0 0 0 0 0 0 0 0 0 0 0 0 0 0 0 0 0 0 0 0 0 0 0 0 0 0 0 0 0 0 0 0 0 0 0 0 0 0 0 0 0 0 0 0 0 0 0 0 0 0 0 0 0 0 0 0 0 0 0 0 0 0 0 0 0 0 0 0 0 0 0 0 0 0 0 0 0 0 0 0 0 0 0 0 0 0 0 0 0 0 0 0 0 0 0 0 0 0 0 0 0 0 0 0 0 0 0 0 0 0 0 0 0 0 0 0 0 0 0 0 0 0 0 0 0 0 0 0 0 0 0 0 0 0 0 0 0 0 0 0 0 0 0 0 0 0 0 0 0 0 0 0 0 0 0 0 0 0 0 0 0 0 0 0 0 0\nctxt 30330137\nbtime 1767325803\nprocesses 47939\nprocs_running 2\nprocs_blocked 0\nsoftirq 14847281 0 5892983 4 2061211 0 0 4255871 0 0 2637212\n"}
{"timestamp":1767727869,"subsystem":"/proc/meminfo","measurement":"MemTotal:         868984 kB\nMemFree:          197636 kB\nMemAvailable:     466728 kB\nBuffers:           66660 kB\nCached:           318976 kB\nSwapCached:            0 kB\nActive:           211352 kB\nInactive:         291676 kB\nActive(anon):      74320 kB\nInactive(anon):    56196 kB\nActive(file):     137032 kB\nInactive(file):   235480 kB\nUnevictable:       30724 kB\nMlocked:           27652 kB\nSwapTotal:             0 kB\nSwapFree:              0 kB\nZswap:                 0 kB\nZswapped:              0 kB\nDirty:                56 kB\nWriteback:             0 kB\nAnonPages:        144316 kB\nMapped:            75772 kB\nShmem:              4060 kB\nKReclaimable:      35364 kB\nSlab:              85880 kB\nSReclaimable:      35364 kB\nSUnreclaim:        50516 kB\nKernelStack:        2352 kB\nPageTables:         3524 kB\nSecPageTables:         0 kB\nNFS_Unstable:          0 kB\nBounce:                0 kB\nWritebackTmp:          0 kB\nCommitLimit:      434492 kB\nCommitted_AS:     502584 kB\nVmallocTotal:   34359738367 kB\nVmallocUsed:       32988 kB\nVmallocChunk:          0 kB\nPercpu:              768 kB\nHardwareCorrupted:     0 kB\nAnonHugePages:     34816 kB\nShmemHugePages:        0 kB\nShmemPmdMapped:        0 kB\nFileHugePages:         0 kB\nFilePmdMapped:         0 kB\nUnaccepted:            0 kB\nHugePages_Total:       0\nHugePages_Free:        0\nHugePages_Rsvd:        0\nHugePages_Surp:        0\nHugepagesize:       2048 kB\nHugetlb:               0 kB\nDirectMap4k:       72872 kB\nDirectMap2M:      923648 kB\nDirectMap1G:           0 kB\n"}
{"timestamp":1767727869,"subsystem":"/proc/net/dev","measurement":"Inter-|   Receive                                                |  Transmit\n face |bytes    packets errs drop fifo frame compressed multicast|bytes    packets errs drop fifo colls carrier compressed\n    lo:  129937     840    0    0    0     0          0         0   129937     840    0    0    0     0       0          0\n  eth0: 397194313 1415003    0    0    0     0          0         0 460954982 1653539    0    0    0     0       0          0\n"}
{"timestamp":1767727869,"subsystem":"/proc/diskstats","measurement":"   7       0 loop0 268 0 5220 557 0 0 0 0 0 534 557 0 0 0 0 0 0\n   7       1 loop1 74 0 2502 77 0 0 0 0 0 66 77 0 0 0 0 0 0\n   7       2 loop2 93 0 3748 77 0 0 0 0 0 73 77 0 0 0 0 0 0\n   7       3 loop3 11 0 28 0 0 0 0 0 0 0 0 0 0 0 0 0 0\n   7       4 loop4 0 0 0 0 0 0 0 0 0 0 0 0 0 0 0 0 0\n   7       5 loop5 0 0 0 0 0 0 0 0 0 0 0 0 0 0 0 0 0\n   7       6 loop6 0 0 0 0 0 0 0 0 0 0 0 0 0 0 0 0 0\n   7       7 loop7 0 0 0 0 0 0 0 0 0 0 0 0 0 0 0 0 0\n   8       0 sda 48016 7610 8160970 146253 587509 364886 14512538 1537095 0 667165 2069015 62884 635 67201100 178363 69363 207303\n   8       1 sda1 47636 6270 8140622 145999 587495 364878 14512432 1537076 0 682097 1861436 62883 634 66999824 178360 0 0\n   8      14 sda14 92 0 1232 52 0 0 0 0 0 54 52 0 0 0 0 0 0\n   8      15 sda15 152 1340 15404 109 2 0 2 0 0 91 112 1 1 201276 2 0 0\n  11       0 sr0 78 0 560 37 0 0 0 0 0 31 37 0 0 0 0 0 0\n   8      16 sdb 313 0 19506 199 161 532 266776 19121 0 1981 19338 35 34 16465312 16 0 0\n   8      17 sdb1 111 0 6474 97 161 532 266776 19121 0 2013 19235 35 34 16465312 16 0 0\n"}
{"timestamp":1767727869,"subsystem":"statfs[*]","measurement":"{\"mount_point\":\"/\",\"block_size\":4096,\"blocks_total\":7574544,\"blocks_free\":7068368,\"blocks_available\":7064272}\n{\"mount_point\":\"/boot/efi\",\"block_size\":512,\"blocks_total\":213663,\"blocks_free\":201276,\"blocks_available\":201276}\n{\"mount_point\":\"/mnt\",\"block_size\":4096,\"blocks_total\":1011128,\"blocks_free\":1011121,\"blocks_available\":954622}\n"}
{"timestamp":1767727874,"subsystem":"/proc/stat","measurement":"cpu  137516 3397 56574 39871437 67489 0 8261 0 0 0\ncpu0 137516 3397 56574 39871437 67489 0 8261 0 0 0\nintr 16091615 0 0 0 0 2863 0 0 0 0 0 0 0 0 0 0 0 0 0 0 0 0 0 0 0 0 0 0 0 0 0 0 0 0 0 0 0 0 0 0 0 0 0 0 0 0 0 0 0 0 0 0 0 0 0 0 0 0 0 0 0 0 0 0 0 0 0 0 0 0 0 0 0 0 0 0 0 0 0 0 0 0 0 0 0 0 0 0 0 0 0 0 0 0 0 0 0 0 0 0 0 0 0 0 0 0 0 0 0 0 0 0 0 0 0 0 0 0 0 0 0 0 0 0 0 0 0 0 0 0 0 0 0 0 0 0 0 0 0 0 0 0 0 0 0 0 0 0 0 0 0 0 0 0 0 0 0 0 0 0 0 0 0 0 0 0 0 0 0 0 0 0 0 0 0 0 0 0 0 0 0 0 0 0 0 0 0 0 0 0 0 0 0 0 0 0 0 0 0 0 0 0 0 0 0 0 0 0 0 0 0 0 0 0 0 0 0 0 0 0 0 0 0 0 0 0 0 0 0 0 0 0 0 0 0 0 0 0 0 0 0 0 0 0 0 0 0 0 0 0 0 0 0 0 0 0 0\nctxt 30330640\nbtime 1767325803\nprocesses 47940\nprocs_running 2\nprocs_blocked 0\nsoftirq 14847474 0 5893067 4 2061246 0 0 4255882 0 0 2637275\n"}
{"timestamp":1767727874,"subsystem":"/proc/meminfo","measurement":"MemTotal:         868984 kB\nMemFree:          197636 kB\nMemAvailable:     466732 kB\nBuffers:           66660 kB\nCached:           318980 kB\nSwapCached:            0 kB\nActive:           211368 kB\nInactive:         291680 kB\nActive(anon):      74336 kB\nInactive(anon):    56196 kB\nActive(file):     137032 kB\nInactive(file):   235484 kB\nUnevictable:       30724 kB\nMlocked:           27652 kB\nSwapTotal:             0 kB\nSwapFree:              0 kB\nZswap:                 0 kB\nZswapped:              0 kB\nDirty:                76 kB\nWriteback:             0 kB\nAnonPages:        144332 kB\nMapped:            75772 kB\nShmem:              4060 kB\nKReclaimable:      35364 kB\nSlab:              85880 kB\nSReclaimable:      35364 kB\nSUnreclaim:        50516 kB\nKernelStack:        2352 kB\nPageTables:         3524 kB\nSecPageTables:         0 kB\nNFS_Unstable:          0 kB\nBounce:                0 kB\nWritebackTmp:          0 kB\nCommitLimit:      434492 kB\nCommitted_AS:     502584 kB\nVmallocTotal:   34359738367 kB\nVmallocUsed:       32988 kB\nVmallocChunk:          0 kB\nPercpu:              768 kB\nHardwareCorrupted:     0 kB\nAnonHugePages:     34816 kB\nShmemHugePages:        0 kB\nShmemPmdMapped:        0 kB\nFileHugePages:         0 kB\nFilePmdMapped:         0 kB\nUnaccepted:            0 kB\nHugePages_Total:       0\nHugePages_Free:        0\nHugePages_Rsvd:        0\nHugePages_Surp:        0\nHugepagesize:       2048 kB\nHugetlb:               0 kB\nDirectMap4k:       72872 kB\nDirectMap2M:      923648 kB\nDirectMap1G:           0 kB\n"}
{"timestamp":1767727874,"subsystem":"/proc/net/dev","measurement":"Inter-|   Receive                                                |  Transmit\n face |bytes    packets errs drop fifo frame compressed multicast|bytes    packets errs drop fifo colls carrier compressed\n    lo:  129937     840    0    0    0     0          0         0   129937     840    0    0    0     0       0          0\n  eth0: 397198778 1415025    0    0    0     0          0         0 460970933 1653569    0    0    0     0       0          0\n"}
{"timestamp":1767727874,"subsystem":"/proc/diskstats","measurement":"   7       0 loop0 268 0 5220 557 0 0 0 0 0 534 557 0 0 0 0 0 0\n   7       1 loop1 74 0 2502 77 0 0 0 0 0 66 77 0 0 0 0 0 0\n   7       2 loop2 93 0 3748 77 0 0 0 0 0 73 77 0 0 0 0 0 0\n   7       3 loop3 11 0 28 0 0 0 0 0 0 0 0 0 0 0 0 0 0\n   7       4 loop4 0 0 0 0 0 0 0 0 0 0 0 0 0 0 0 0 0\n   7       5 loop5 0 0 0 0 0 0 0 0 0 0 0 0 0 0 0 0 0\n   7       6 loop6 0 0 0 0 0 0 0 0 0 0 0 0 0 0 0 0 0\n   7       7 loop7 0 0 0 0 0 0 0 0 0 0 0 0 0 0 0 0 0\n   8       0 sda 48016 7610 8160970 146253 587513 364903 14512706 1537101 0 667172 2069026 62885 635 67201108 178366 69364 207306\n   8       1 sda1 47636 6270 8140622 145999 587499 364895 14512600 1537082 0 682104 1861445 62884 634 66999832 178363 0 0\n   8      14 sda14 92 0 1232 52 0 0 0 0 0 54 52 0 0 0 0 0 0\n   8      15 sda15 152 1340 15404 109 2 0 2 0 0 91 112 1 1 201276 2 0 0\n  11       0 sr0 78 0 560 37 0 0 0 0 0 31 37 0 0 0 0 0 0\n   8      16 sdb 313 0 19506 199 161 532 266776 19121 0 1981 19338 35 34 16465312 16 0 0\n   8      17 sdb1 111 0 6474 97 161 532 266776 19121 0 2013 19235 35 34 16465312 16 0 0\n"}
{"timestamp":1767727874,"subsystem":"statfs[*]","measurement":"{\"mount_point\":\"/\",\"block_size\":4096,\"blocks_total\":7574544,\"blocks_free\":7068367,\"blocks_available\":7064271}\n{\"mount_point\":\"/boot/efi\",\"block_size\":512,\"blocks_total\":213663,\"blocks_free\":201276,\"blocks_available\":201276}\n{\"mount_point\":\"/mnt\",\"block_size\":4096,\"blocks_total\":1011128,\"blocks_free\":1011121,\"blocks_available\":954622}\n"}
{"timestamp":1767727879,"subsystem":"/proc/stat","measurement":"cpu  137519 3397 56576 39871931 67489 0 8262 0 0 0\ncpu0 137519 3397 56576 39871931 67489 0 8262 0 0 0\nintr 16091895 0 0 0 0 2863 0 0 0 0 0 0 0 0 0 0 0 0 0 0 0 0 0 0 0 0 0 0 0 0 0 0 0 0 0 0 0 0 0 0 0 0 0 0 0 0 0 0 0 0 0 0 0 0 0 0 0 0 0 0 0 0 0 0 0 0 0 0 0 0 0 0 0 0 0 0 0 0 0 0 0 0 0 0 0 0 0 0 0 0 0 0 0 0 0 0 0 0 0 0 0 0 0 0 0 0 0 0 0 0 0 0 0 0 0 0 0 0 0 0 0 0 0 0 0 0 0 0 0 0 0 0 0 0 0 0 0 0 0 0 0 0 0 0 0 0 0 0 0 0 0 0 0 0 0 0 0 0 0 0 0 0 0 0 0 0 0 0 0 0 0 0 0 0 0 0 0 0 0 0 0 0 0 0 0 0 0 0 0 0 0 0 0 0 0 0 0 0 0 0 0 0 0 0 0 0 0 0 0 0 0 0 0 0 0 0 0 0 0 0 0 0 0 0 0 0 0 0 0 0 0 0 0 0 0 0 0 0 0 0 0 0 0 0 0 0 0 0 0 0 0 0 0 0 0 0 0\nctxt 30331250\nbtime 1767325803\nprocesses 47943\nprocs_running 2\nprocs_blocked 0\nsoftirq 14847798 0 5893159 4 2061302 0 0 4255895 0 0 2637438\n"}
{"timestamp":1767727879,"subsystem":"/proc/meminfo","measurement":"MemTotal:         868984 kB\nMemFree:          196376 kB\nMemAvailable:     465476 kB\nBuffers:           66660 kB\nCached:           318984 kB\nSwapCached:            0 kB\nActive:           211372 kB\nInactive:         291684 kB\nActive(anon):      74340 kB\nInactive(anon):    56196 kB\nActive(file):     137032 kB\nInactive(file):   235488 kB\nUnevictable:       30724 kB\nMlocked:           27652 kB\nSwapTotal:             0 kB\nSwapFree:              0 kB\nZswap:                 0 kB\nZswapped:              0 kB\nDirty:               200 kB\nWriteback:             0 kB\nAnonPages:        144336 kB\nMapped:            75772 kB\nShmem:              4060 kB\nKReclaimable:      35364 kB\nSlab:              85896 kB\nSReclaimable:      35364 kB\nSUnreclaim:        50532 kB\nKernelStack:        2352 kB\nPageTables:         3524 kB\nSecPageTables:         0 kB\nNFS_Unstable:          0 kB\nBounce:                0 kB\nWritebackTmp:          0 kB\nCommitLimit:      434492 kB\nCommitted_AS:     502584 kB\nVmallocTotal:   34359738367 kB\nVmallocUsed:       33004 kB\nVmallocChunk:          0 kB\nPercpu:              768 kB\nHardwareCorrupted:     0 kB\nAnonHugePages:     34816 kB\nShmemHugePages:        0 kB\nShmemPmdMapped:        0 kB\nFileHugePages:         0 kB\nFilePmdMapped:         0 kB\nUnaccepted:            0 kB\nHugePages_Total:       0\nHugePages_Free:        0\nHugePages_Rsvd:        0\nHugePages_Surp:        0\nHugepagesize:       2048 kB\nHugetlb:               0 kB\nDirectMap4k:       72872 kB\nDirectMap2M:      923648 kB\nDirectMap1G:           0 kB\n"}
{"timestamp":1767727879,"subsystem":"/proc/net/dev","measurement":"Inter-|   Receive                                                |  Transmit\n face |bytes    packets errs drop fifo frame compressed multicast|bytes    packets errs drop fifo colls carrier compressed\n    lo:  129937     840    0    0    0     0          0         0   129937     840    0    0    0     0       0          0\n  eth0: 397205497 1415061    0    0    0     0          0         0 460979899 1653610    0    0    0     0       0          0\n"}
{"timestamp":1767727879,"subsystem":"/proc/diskstats","measurement":"   7       0 loop0 268 0 5220 557 0 0 0 0 0 534 557 0 0 0 0 0 0\n   7       1 loop1 74 0 2502 77 0 0 0 0 0 66 77 0 0 0 0 0 0\n   7       2 loop2 93 0 3748 77 0 0 0 0 0 73 77 0 0 0 0 0 0\n   7       3 loop3 11 0 28 0 0 0 0 0 0 0 0 0 0 0 0 0 0\n   7       4 loop4 0 0 0 0 0 0 0 0 0 0 0 0 0 0 0 0 0\n   7       5 loop5 0 0 0 0 0 0 0 0 0 0 0 0 0 0 0 0 0\n   7       6 loop6 0 0 0 0 0 0 0 0 0 0 0 0 0 0 0 0 0\n   7       7 loop7 0 0 0 0 0 0 0 0 0 0 0 0 0 0 0 0 0\n   8       0 sda 48016 7610 8160970 146253 587518 364912 14512826 1537109 0 667180 2069040 62886 635 67201124 178369 69365 207309\n   8       1 sda1 47636 6270 8140622 145999 587504 364904 14512720 1537090 0 682112 1861456 62885 634 66999848 178366 0 0\n   8      14 sda14 92 0 1232 52 0 0 0 0 0 54 52 0 0 0 0 0 0\n   8      15 sda15 152 1340 15404 109 2 0 2 0 0 91 112 1 1 201276 2 0 0\n  11       0 sr0 78 0 560 37 0 0 0 0 0 31 37 0 0 0 0 0 0\n   8      16 sdb 313 0 19506 199 161 532 266776 19121 0 1981 19338 35 34 16465312 16 0 0\n   8      17 sdb1 111 0 6474 97 161 532 266776 19121 0 2013 19235 35 34 16465312 16 0 0\n"}
{"timestamp":1767727879,"subsystem":"statfs[*]","measurement":"{\"mount_point\":\"/\",\"block_size\":4096,\"blocks_total\":7574544,\"blocks_free\":7068366,\"blocks_available\":7064270}\n{\"mount_point\":\"/boot/efi\",\"block_size\":512,\"blocks_total\":213663,\"blocks_free\":201276,\"blocks_available\":201276}\n{\"mount_point\":\"/mnt\",\"block_size\":4096,\"blocks_total\":1011128,\"blocks_free\":1011121,\"blocks_available\":954622}\n"}
{"timestamp":1767727884,"subsystem":"/proc/stat","measurement":"cpu  137522 3397 56579 39872423 67490 0 8262 0 0 0\ncpu0 137522 3397 56579 39872423 67490 0 8262 0 0 0\nintr 16092225 0 0 0 0 2863 0 0 0 0 0 0 0 0 0 0 0 0 0 0 0 0 0 0 0 0 0 0 0 0 0 0 0 0 0 0 0 0 0 0 0 0 0 0 0 0 0 0 0 0 0 0 0 0 0 0 0 0 0 0 0 0 0 0 0 0 0 0 0 0 0 0 0 0 0 0 0 0 0 0 0 0 0 0 0 0 0 0 0 0 0 0 0 0 0 0 0 0 0 0 0 0 0 0 0 0 0 0 0 0 0 0 0 0 0 0 0 0 0 0 0 0 0 0 0 0 0 0 0 0 0 0 0 0 0 0 0 0 0 0 0 0 0 0 0 0 0 0 0 0 0 0 0 0 0 0 0 0 0 0 0 0 0 0 0 0 0 0 0 0 0 0 0 0 0 0 0 0 0 0 0 0 0 0 0 0 0 0 0 0 0 0 0 0 0 0 0 0 0 0 0 0 0 0 0 0 0 0 0 0 0 0 0 0 0 0 0 0 0 0 0 0 0 0 0 0 0 0 0 0 0 0 0 0 0 0 0 0 0 0 0 0 0 0 0 0 0 0 0 0 0 0 0 0 0 0 0\nctxt 30331931\nbtime 1767325803\nprocesses 47949\nprocs_running 2\nprocs_blocked 0\nsoftirq 14848194 0 5893248 4 2061364 0 0 4255904 0 0 2637674\n"}
{"timestamp":1767727884,"subsystem":"/proc/meminfo","measurement":"MemTotal:         868984 kB\nMemFree:          202672 kB\nMemAvailable:     471776 kB\nBuffers:           66660 kB\nCached:           318988 kB\nSwapCached:            0 kB\nActive:           209724 kB\nInactive:         291688 kB\nActive(anon):      72692 kB\nInactive(anon):    56196 kB\nActive(file):     137032 kB\nInactive(file):   235492 kB\nUnevictable:       30724 kB\nMlocked:           27652 kB\nSwapTotal:             0 kB\nSwapFree:              0 kB\nZswap:                 0 kB\nZswapped:              0 kB\nDirty:               296 kB\nWriteback:             0 kB\nAnonPages:        142744 kB\nMapped:            75776 kB\nShmem:              4060 kB\nKReclaimable:      35364 kB\nSlab:              85880 kB\nSReclaimable:      35364 kB\nSUnreclaim:        50516 kB\nKernelStack:        2336 kB\nPageTables:         3456 kB\nSecPageTables:         0 kB\nNFS_Unstable:          0 kB\nBounce:                0 kB\nWritebackTmp:          0 kB\nCommitLimit:      434492 kB\nCommitted_AS:     500636 kB\nVmallocTotal:   34359738367 kB\nVmallocUsed:       32972 kB\nVmallocChunk:          0 kB\nPercpu:              768 kB\nHardwareCorrupted:     0 kB\nAnonHugePages:     34816 kB\nShmemHugePages:        0 kB\nShmemPmdMapped:        0 kB\nFileHugePages:         0 kB\nFilePmdMapped:         0 kB\nUnaccepted:            0 kB\nHugePages_Total:       0\nHugePages_Free:        0\nHugePages_Rsvd:        0\nHugePages_Surp:        0\nHugepagesize:       2048 kB\nHugetlb:               0 kB\nDirectMap4k:       72872 kB\nDirectMap2M:      923648 kB\nDirectMap1G:           0 kB\n"}
{"timestamp":1767727884,"subsystem":"/proc/net/dev","measurement":"Inter-|   Receive                                                |  Transmit\n face |bytes    packets errs drop fifo frame compressed multicast|bytes    packets errs drop fifo colls carrier compressed\n    lo:  129937     840    0    0    0     0          0         0   129937     840    0    0    0     0       0          0\n  eth0: 397213751 1415098    0    0    0     0          0         0 460988185 1653649    0    0    0     0       0          0\n"}
{"timestamp":1767727884,"subsystem":"/proc/diskstats","measurement":"   7       0 loop0 268 0 5220 557 0 0 0 0 0 534 557 0 0 0 0 0 0\n   7       1 loop1 74 0 2502 77 0 0 0 0 0 66 77 0 0 0 0 0 0\n   7       2 loop2 93 0 3748 77 0 0 0 0 0 73 77 0 0 0 0 0 0\n   7       3 loop3 11 0 28 0 0 0 0 0 0 0 0 0 0 0 0 0 0\n   7       4 loop4 0 0 0 0 0 0 0 0 0 0 0 0 0 0 0 0 0\n   7       5 loop5 0 0 0 0 0 0 0 0 0 0 0 0 0 0 0 0 0\n   7       6 loop6 0 0 0 0 0 0 0 0 0 0 0 0 0 0 0 0 0\n   7       7 loop7 0 0 0 0 0 0 0 0 0 0 0 0 0 0 0 0 0\n   8       0 sda 48016 7610 8160970 146253 587522 364917 14512898 1537116 0 667186 2069050 62886 635 67201124 178369 69366 207311\n   8       1 sda1 47636 6270 8140622 145999 587508 364909 14512792 1537098 0 682118 1861464 62885 634 66999848 178366 0 0\n   8      14 sda14 92 0 1232 52 0 0 0 0 0 54 52 0 0 0 0 0 0\n   8      15 sda15 152 1340 15404 109 2 0 2 0 0 91 112 1 1 201276 2 0 0\n  11       0 sr0 78 0 560 37 0 0 0 0 0 31 37 0 0 0 0 0 0\n   8      16 sdb 313 0 19506 199 161 532 266776 19121 0 1981 19338 35 34 16465312 16 0 0\n   8      17 sdb1 111 0 6474 97 161 532 266776 19121 0 2013 19235 35 34 16465312 16 0 0\n"}
{"timestamp":1767727884,"subsystem":"statfs[*]","measurement":"{\"mount_point\":\"/\",\"block_size\":4096,\"blocks_total\":7574544,\"blocks_free\":7068365,\"blocks_available\":7064269}\n{\"mount_point\":\"/boot/efi\",\"block_size\":512,\"blocks_total\":213663,\"blocks_free\":201276,\"blocks_available\":201276}\n{\"mount_point\":\"/mnt\",\"block_size\":4096,\"blocks_total\":1011128,\"blocks_free\":1011121,\"blocks_available\":954622}\n"}
{"timestamp":1767727889,"subsystem":"/proc/stat","measurement":"cpu  137524 3397 56582 39872916 67490 0 8262 0 0 0\ncpu0 137524 3397 56582 39872916 67490 0 8262 0 0 0\nintr 16092705 0 0 0 0 2863 0 0 0 0 0 0 0 0 0 0 0 0 0 0 0 0 0 0 0 0 0 0 0 0 0 0 0 0 0 0 0 0 0 0 0 0 0 0 0 0 0 0 0 0 0 0 0 0 0 0 0 0 0 0 0 0 0 0 0 0 0 0 0 0 0 0 0 0 0 0 0 0 0 0 0 0 0 0 0 0 0 0 0 0 0 0 0 0 0 0 0 0 0 0 0 0 0 0 0 0 0 0 0 0 0 0 0 0 0 0 0 0 0 0 0 0 0 0 0 0 0 0 0 0 0 0 0 0 0 0 0 0 0 0 0 0 0 0 0 0 0 0 0 0 0 0 0 0 0 0 0 0 0 0 0 0 0 0 0 0 0 0 0 0 0 0 0 0 0 0 0 0 0 0 0 0 0 0 0 0 0 0 0 0 0 0 0 0 0 0 0 0 0 0 0 0 0 0 0 0 0 0 0 0 0 0 0 0 0 0 0 0 0 0 0 0 0 0 0 0 0 0 0 0 0 0 0 0 0 0 0 0 0 0 0 0 0 0 0 0 0 0 0 0 0 0 0 0 0 0 0\nctxt 30333558\nbtime 1767325803\nprocesses 47951\nprocs_running 2\nprocs_blocked 0\nsoftirq 14848884 0 5893343 4 2061380 0 0 4256401 0 0 2637756\n"}
{"timestamp":1767727889,"subsystem":"/proc/meminfo","measurement":"MemTotal:         868984 kB\nMemFree:          206420 kB\nMemAvailable:     475528 kB\nBuffers:           66660 kB\nCached:           318992 kB\nSwapCached:            0 kB\nActive:           206564 kB\nInactive:         291692 kB\nActive(anon):      69532 kB\nInactive(anon):    56196 kB\nActive(file):     137032 kB\nInactive(file):   235496 kB\nUnevictable:       30724 kB\nMlocked:           27652 kB\nSwapTotal:             0 kB\nSwapFree:              0 kB\nZswap:                 0 kB\nZswapped:              0 kB\nDirty:               312 kB\nWriteback:             0 kB\nAnonPages:        139528 kB\nMapped:            75776 kB\nShmem:              4060 kB\nKReclaimable:      35364 kB\nSlab:              85876 kB\nSReclaimable:      35364 kB\nSUnreclaim:        50512 kB\nKernelStack:        2304 kB\nPageTables:         3316 kB\nSecPageTables:         0 kB\nNFS_Unstable:          0 kB\nBounce:                0 kB\nWritebackTmp:          0 kB\nCommitLimit:      434492 kB\nCommitted_AS:     496740 kB\nVmallocTotal:   34359738367 kB\nVmallocUsed:       32956 kB\nVmallocChunk:          0 kB\nPercpu:              768 kB\nHardwareCorrupted:     0 kB\nAnonHugePages:     34816 kB\nShmemHugePages:        0 kB\nShmemPmdMapped:        0 kB\nFileHugePages:         0 kB\nFilePmdMapped:         0 kB\nUnaccepted:            0 kB\nHugePages_Total:       0\nHugePages_Free:        0\nHugePages_Rsvd:        0\nHugePages_Surp:        0\nHugepagesize:       2048 kB\nHugetlb:               0 kB\nDirectMap4k:       72872 kB\nDirectMap2M:      923648 kB\nDirectMap1G:           0 kB\n"}
{"timestamp":1767727889,"subsystem":"/proc/net/dev","measurement":"Inter-|   Receive                                                |  Transmit\n face |bytes    packets errs drop fifo frame compressed multicast|bytes    packets errs drop fifo colls carrier compressed\n    lo:  129937     840    0    0    0     0          0         0   129937     840    0    0    0     0       0          0\n  eth0: 397216390 1415107    0    0    0     0          0         0 460992455 1653661    0    0    0     0       0          0\n"}
{"timestamp":1767727889,"subsystem":"/proc/diskstats","measurement":"   7       0 loop0 268 0 5220 557 0 0 0 0 0 534 557 0 0 0 0 0 0\n   7       1 loop1 74 0 2502 77 0 0 0 0 0 66 77 0 0 0 0 0 0\n   7       2 loop2 93 0 3748 77 0 0 0 0 0 73 77 0 0 0 0 0 0\n   7       3 loop3 11 0 28 0 0 0 0 0 0 0 0 0 0 0 0 0 0\n   7       4 loop4 0 0 0 0 0 0 0 0 0 0 0 0 0 0 0 0 0\n   7       5 loop5 0 0 0 0 0 0 0 0 0 0 0 0 0 0 0 0 0\n   7       6 loop6 0 0 0 0 0 0 0 0 0 0 0 0 0 0 0 0 0\n   7       7 loop7 0 0 0 0 0 0 0 0 0 0 0 0 0 0 0 0 0\n   8       0 sda 48016 7610 8160970 146253 587526 364917 14512938 1537118 0 667186 2069052 62886 635 67201124 178369 69366 207311\n   8       1 sda1 47636 6270 8140622 145999 587512 364909 14512832 1537100 0 682118 1861466 62885 634 66999848 178366 0 0\n   8      14 sda14 92 0 1232 52 0 0 0 0 0 54 52 0 0 0 0 0 0\n   8      15 sda15 152 1340 15404 109 2 0 2 0 0 91 112 1 1 201276 2 0 0\n  11       0 sr0 78 0 560 37 0 0 0 0 0 31 37 0 0 0 0 0 0\n   8      16 sdb 313 0 19506 199 161 532 266776 19121 0 1981 19338 35 34 16465312 16 0 0\n   8      17 sdb1 111 0 6474 97 161 532 266776 19121 0 2013 19235 35 34 16465312 16 0 0\n"}
{"timestamp":1767727889,"subsystem":"statfs[*]","measurement":"{\"mount_point\":\"/\",\"block_size\":4096,\"blocks_total\":7574544,\"blocks_free\":7068364,\"blocks_available\":7064268}\n{\"mount_point\":\"/boot/efi\",\"block_size\":512,\"blocks_total\":213663,\"blocks_free\":201276,\"blocks_available\":201276}\n{\"mount_point\":\"/mnt\",\"block_size\":4096,\"blocks_total\":1011128,\"blocks_free\":1011121,\"blocks_available\":954622}\n"}
{"timestamp":1767727894,"subsystem":"/proc/stat","measurement":"cpu  137527 3397 56583 39873409 67491 0 8262 0 0 0\ncpu0 137527 3397 56583 39873409 67491 0 8262 0 0 0\nintr 16092960 0 0 0 0 2863 0 0 0 0 0 0 0 0 0 0 0 0 0 0 0 0 0 0 0 0 0 0 0 0 0 0 0 0 0 0 0 0 0 0 0 0 0 0 0 0 0 0 0 0 0 0 0 0 0 0 0 0 0 0 0 0 0 0 0 0 0 0 0 0 0 0 0 0 0 0 0 0 0 0 0 0 0 0 0 0 0 0 0 0 0 0 0 0 0 0 0 0 0 0 0 0 0 0 0 0 0 0 0 0 0 0 0 0 0 0 0 0 0 0 0 0 0 0 0 0 0 0 0 0 0 0 0 0 0 0 0 0 0 0 0 0 0 0 0 0 0 0 0 0 0 0 0 0 0 0 0 0 0 0 0 0 0 0 0 0 0 0 0 0 0 0 0 0 0 0 0 0 0 0 0 0 0 0 0 0 0 0 0 0 0 0 0 0 0 0 0 0 0 0 0 0 0 0 0 0 0 0 0 0 0 0 0 0 0 0 0 0 0 0 0 0 0 0 0 0 0 0 0 0 0 0 0 0 0 0 0 0 0 0 0 0 0 0 0 0 0 0 0 0 0 0 0 0 0 0 0\nctxt 30334106\nbtime 1767325803\nprocesses 47954\nprocs_running 2\nprocs_blocked 0\nsoftirq 14849165 0 5893439 4 2061423 0 0 4256412 0 0 2637887\n"}
{"timestamp":1767727894,"subsystem":"/proc/meminfo","measurement":"MemTotal:         868984 kB\nMemFree:          203680 kB\nMemAvailable:     472796 kB\nBuffers:           66660 kB\nCached:           319000 kB\nSwapCached:            0 kB\nActive:           208700 kB\nInactive:         291700 kB\nActive(anon):      71668 kB\nInactive(anon):    56196 kB\nActive(file):     137032 kB\nInactive(file):   235504 kB\nUnevictable:       30724 kB\nMlocked:           27652 kB\nSwapTotal:             0 kB\nSwapFree:              0 kB\nZswap:                 0 kB\nZswapped:              0 kB\nDirty:               356 kB\nWriteback:             0 kB\nAnonPages:        141692 kB\nMapped:            76256 kB\nShmem:              4060 kB\nKReclaimable:      35364 kB\nSlab:              85876 kB\nSReclaimable:      35364 kB\nSUnreclaim:        50512 kB\nKernelStack:        2336 kB\nPageTables:         3456 kB\nSecPageTables:         0 kB\nNFS_Unstable:          0 kB\nBounce:                0 kB\nWritebackTmp:          0 kB\nCommitLimit:      434492 kB\nCommitted_AS:     500956 kB\nVmallocTotal:   34359738367 kB\nVmallocUsed:       32960 kB\nVmallocChunk:          0 kB\nPercpu:              768 kB\nHardwareCorrupted:     0 kB\nAnonHugePages:     34816 kB\nShmemHugePages:        0 kB\nShmemPmdMapped:        0 kB\nFileHugePages:         0 kB\nFilePmdMapped:         0 kB\nUnaccepted:            0 kB\nHugePages_Total:       0\nHugePages_Free:        0\nHugePages_Rsvd:        0\nHugePages_Surp:        0\nHugepagesize:       2048 kB\nHugetlb:               0 kB\nDirectMap4k:       72872 kB\nDirectMap2M:      923648 kB\nDirectMap1G:           0 kB\n"}
{"timestamp":1767727894,"subsystem":"/proc/net/dev","measurement":"Inter-|   Receive                                                |  Transmit\n face |bytes    packets errs drop fifo frame compressed multicast|bytes    packets errs drop fifo colls carrier compressed\n    lo:  129937     840    0    0    0     0          0         0   129937     840    0    0    0     0       0          0\n  eth0: 397222032 1415132    0    0    0     0          0         0 461000395 1653694    0    0    0     0       0          0\n"}
{"timestamp":1767727894,"subsystem":"/proc/diskstats","measurement":"   7       0 loop0 268 0 5220 557 0 0 0 0 0 534 557 0 0 0 0 0 0\n   7       1 loop1 74 0 2502 77 0 0 0 0 0 66 77 0 0 0 0 0 0\n   7       2 loop2 93 0 3748 77 0 0 0 0 0 73 77 0 0 0 0 0 0\n   7       3 loop3 11 0 28 0 0 0 0 0 0 0 0 0 0 0 0 0 0\n   7       4 loop4 0 0 0 0 0 0 0 0 0 0 0 0 0 0 0 0 0\n   7       5 loop5 0 0 0 0 0 0 0 0 0 0 0 0 0 0 0 0 0\n   7       6 loop6 0 0 0 0 0 0 0 0 0 0 0 0 0 0 0 0 0\n   7       7 loop7 0 0 0 0 0 0 0 0 0 0 0 0 0 0 0 0 0\n   8       0 sda 48016 7610 8160970 146253 587530 364925 14513034 1537123 0 667193 2069062 62887 635 67201132 178371 69367 207313\n   8       1 sda1 47636 6270 8140622 145999 587516 364917 14512928 1537105 0 682125 1861473 62886 634 66999856 178369 0 0\n   8      14 sda14 92 0 1232 52 0 0 0 0 0 54 52 0 0 0 0 0 0\n   8      15 sda15 152 1340 15404 109 2 0 2 0 0 91 112 1 1 201276 2 0 0\n  11       0 sr0 78 0 560 37 0 0 0 0 0 31 37 0 0 0 0 0 0\n   8      16 sdb 313 0 19506 199 161 532 266776 19121 0 1981 19338 35 34 16465312 16 0 0\n   8      17 sdb1 111 0 6474 97 161 532 266776 19121 0 2013 19235 35 34 16465312 16 0 0\n"}
{"timestamp":1767727894,"subsystem":"statfs[*]","measurement":"{\"mount_point\":\"/\",\"block_size\":4096,\"blocks_total\":7574544,\"blocks_free\":7068362,\"blocks_available\":7064266}\n{\"mount_point\":\"/boot/efi\",\"block_size\":512,\"blocks_total\":213663,\"blocks_free\":201276,\"blocks_available\":201276}\n{\"mount_point\":\"/mnt\",\"block_size\":4096,\"blocks_total\":1011128,\"blocks_free\":1011121,\"blocks_available\":954622}\n"}
{"timestamp":1767727899,"subsystem":"/proc/stat","measurement":"cpu  137530 3397 56586 39873902 67492 0 8262 0 0 0\ncpu0 137530 3397 56586 39873902 67492 0 8262 0 0 0\nintr 16093259 0 0 0 0 2863 0 0 0 0 0 0 0 0 0 0 0 0 0 0 0 0 0 0 0 0 0 0 0 0 0 0 0 0 0 0 0 0 0 0 0 0 0 0 0 0 0 0 0 0 0 0 0 0 0 0 0 0 0 0 0 0 0 0 0 0 0 0 0 0 0 0 0 0 0 0 0 0 0 0 0 0 0 0 0 0 0 0 0 0 0 0 0 0 0 0 0 0 0 0 0 0 0 0 0 0 0 0 0 0 0 0 0 0 0 0 0 0 0 0 0 0 0 0 0 0 0 0 0 0 0 0 0 0 0 0 0 0 0 0 0 0 0 0 0 0 0 0 0 0 0 0 0 0 0 0 0 0 0 0 0 0 0 0 0 0 0 0 0 0 0 0 0 0 0 0 0 0 0 0 0 0 0 0 0 0 0 0 0 0 0 0 0 0 0 0 0 0 0 0 0 0 0 0 0 0 0 0 0 0 0 0 0 0 0 0 0 0 0 0 0 0 0 0 0 0 0 0 0 0 0 0 0 0 0 0 0 0 0 0 0 0 0 0 0 0 0 0 0 0 0 0 0 0 0 0 0\nctxt 30334708\nbtime 1767325803\nprocesses 47957\nprocs_running 2\nprocs_blocked 0\nsoftirq 14849499 0 5893548 4 2061475 0 0 4256428 0 0 2638044\n"}
{"timestamp":1767727899,"subsystem":"/proc/meminfo","measurement":"MemTotal:         868984 kB\nMemFree:          207248 kB\nMemAvailable:     476368 kB\nBuffers:           66660 kB\nCached:           319004 kB\nSwapCached:            0 kB\nActive:           205240 kB\nInactive:         291704 kB\nActive(anon):      68208 kB\nInactive(anon):    56196 kB\nActive(file):     137032 kB\nInactive(file):   235508 kB\nUnevictable:       30724 kB\nMlocked:           27652 kB\nSwapTotal:             0 kB\nSwapFree:              0 kB\nZswap:                 0 kB\nZswapped:              0 kB\nDirty:               296 kB\nWriteback:             0 kB\nAnonPages:        138204 kB\nMapped:            76004 kB\nShmem:              4060 kB\nKReclaimable:      35364 kB\nSlab:              85876 kB\nSReclaimable:      35364 kB\nSUnreclaim:        50512 kB\nKernelStack:        2304 kB\nPageTables:         3308 kB\nSecPageTables:         0 kB\nNFS_Unstable:          0 kB\nBounce:                0 kB\nWritebackTmp:          0 kB\nCommitLimit:      434492 kB\nCommitted_AS:     496740 kB\nVmallocTotal:   34359738367 kB\nVmallocUsed:       32928 kB\nVmallocChunk:          0 kB\nPercpu:              768 kB\nHardwareCorrupted:     0 kB\nAnonHugePages:     34816 kB\nShmemHugePages:        0 kB\nShmemPmdMapped:        0 kB\nFileHugePages:         0 kB\nFilePmdMapped:         0 kB\nUnaccepted:            0 kB\nHugePages_Total:       0\nHugePages_Free:        0\nHugePages_Rsvd:        0\nHugePages_Surp:        0\nHugepagesize:       2048 kB\nHugetlb:               0 kB\nDirectMap4k:       72872 kB\nDirectMap2M:      923648 kB\nDirectMap1G:           0 kB\n"}
{"timestamp":1767727899,"subsystem":"/proc/net/dev","measurement":"Inter-|   Receive                                                |  Transmit\n face |bytes    packets errs drop fifo frame compressed multicast|bytes    packets errs drop fifo colls carrier compressed\n    lo:  129937     840    0    0    0     0          0         0   129937     840    0    0    0     0       0          0\n  eth0: 397227644 1415158    0    0    0     0          0         0 461008469 1653730    0    0    0     0       0          0\n"}
{"timestamp":1767727899,"subsystem":"/proc/diskstats","measurement":"   7       0 loop0 268 0 5220 557 0 0 0 0 0 534 557 0 0 0 0 0 0\n   7       1 loop1 74 0 2502 77 0 0 0 0 0 66 77 0 0 0 0 0 0\n   7       2 loop2 93 0 3748 77 0 0 0 0 0 73 77 0 0 0 0 0 0\n   7       3 loop3 11 0 28 0 0 0 0 0 0 0 0 0 0 0 0 0 0\n   7       4 loop4 0 0 0 0 0 0 0 0 0 0 0 0 0 0 0 0 0\n   7       5 loop5 0 0 0 0 0 0 0 0 0 0 0 0 0 0 0 0 0\n   7       6 loop6 0 0 0 0 0 0 0 0 0 0 0 0 0 0 0 0 0\n   7       7 loop7 0 0 0 0 0 0 0 0 0 0 0 0 0 0 0 0 0\n   8       0 sda 48016 7610 8160970 146253 587546 364933 14513242 1537136 0 667203 2069082 62888 635 67201140 178375 69368 207317\n   8       1 sda1 47636 6270 8140622 145999 587532 364925 14513136 1537117 0 682135 1861490 62887 634 66999864 178373 0 0\n   8      14 sda14 92 0 1232 52 0 0 0 0 0 54 52 0 0 0 0 0 0\n   8      15 sda15 152 1340 15404 109 2 0 2 0 0 91 112 1 1 201276 2 0 0\n  11       0 sr0 78 0 560 37 0 0 0 0 0 31 37 0 0 0 0 0 0\n   8      16 sdb 313 0 19506 199 161 532 266776 19121 0 1981 19338 35 34 16465312 16 0 0\n   8      17 sdb1 111 0 6474 97 161 532 266776 19121 0 2013 19235 35 34 16465312 16 0 0\n"}
{"timestamp":1767727899,"subsystem":"statfs[*]","measurement":"{\"mount_point\":\"/\",\"block_size\":4096,\"blocks_total\":7574544,\"blocks_free\":7068361,\"blocks_available\":7064265}\n{\"mount_point\":\"/boot/efi\",\"block_size\":512,\"blocks_total\":213663,\"blocks_free\":201276,\"blocks_available\":201276}\n{\"mount_point\":\"/mnt\",\"block_size\":4096,\"blocks_total\":1011128,\"blocks_free\":1011121,\"blocks_available\":954622}\n"}
{"timestamp":1767727904,"subsystem":"/proc/stat","measurement":"cpu  137535 3397 56589 39874392 67492 0 8263 0 0 0\ncpu0 137535 3397 56589 39874392 67492 0 8263 0 0 0\nintr 16093601 0 0 0 0 2863 0 0 0 0 0 0 0 0 0 0 0 0 0 0 0 0 0 0 0 0 0 0 0 0 0 0 0 0 0 0 0 0 0 0 0 0 0 0 0 0 0 0 0 0 0 0 0 0 0 0 0 0 0 0 0 0 0 0 0 0 0 0 0 0 0 0 0 0 0 0 0 0 0 0 0 0 0 0 0 0 0 0 0 0 0 0 0 0 0 0 0 0 0 0 0 0 0 0 0 0 0 0 0 0 0 0 0 0 0 0 0 0 0 0 0 0 0 0 0 0 0 0 0 0 0 0 0 0 0 0 0 0 0 0 0 0 0 0 0 0 0 0 0 0 0 0 0 0 0 0 0 0 0 0 0 0 0 0 0 0 0 0 0 0 0 0 0 0 0 0 0 0 0 0 0 0 0 0 0 0 0 0 0 0 0 0 0 0 0 0 0 0 0 0 0 0 0 0 0 0 0 0 0 0 0 0 0 0 0 0 0 0 0 0 0 0 0 0 0 0 0 0 0 0 0 0 0 0 0 0 0 0 0 0 0 0 0 0 0 0 0 0 0 0 0 0 0 0 0 0 0\nctxt 30335432\nbtime 1767325803\nprocesses 47963\nprocs_running 2\nprocs_blocked 0\nsoftirq 14850004 0 5893657 4 2061538 0 0 4256438 0 0 2638367\n"}
{"timestamp":1767727904,"subsystem":"/proc/meminfo","measurement":"MemTotal:         868984 kB\nMemFree:          202984 kB\nMemAvailable:     472108 kB\nBuffers:           66660 kB\nCached:           319008 kB\nSwapCached:            0 kB\nActive:           206832 kB\nInactive:         291708 kB\nActive(anon):      69800 kB\nInactive(anon):    56196 kB\nActive(file):     137032 kB\nInactive(file):   235512 kB\nUnevictable:       30724 kB\nMlocked:           27652 kB\nSwapTotal:             0 kB\nSwapFree:              0 kB\nZswap:                 0 kB\nZswapped:              0 kB\nDirty:               432 kB\nWriteback:             0 kB\nAnonPages:        139796 kB\nMapped:            75960 kB\nShmem:              4060 kB\nKReclaimable:      35364 kB\nSlab:              85880 kB\nSReclaimable:      35364 kB\nSUnreclaim:        50516 kB\nKernelStack:        2320 kB\nPageTables:         3384 kB\nSecPageTables:         0 kB\nNFS_Unstable:          0 kB\nBounce:                0 kB\nWritebackTmp:          0 kB\nCommitLimit:      434492 kB\nCommitted_AS:     498688 kB\nVmallocTotal:   34359738367 kB\nVmallocUsed:       32976 kB\nVmallocChunk:          0 kB\nPercpu:              768 kB\nHardwareCorrupted:     0 kB\nAnonHugePages:     34816 kB\nShmemHugePages:        0 kB\nShmemPmdMapped:        0 kB\nFileHugePages:         0 kB\nFilePmdMapped:         0 kB\nUnaccepted:            0 kB\nHugePages_Total:       0\nHugePages_Free:        0\nHugePages_Rsvd:        0\nHugePages_Surp:        0\nHugepagesize:       2048 kB\nHugetlb:               0 kB\nDirectMap4k:       72872 kB\nDirectMap2M:      923648 kB\nDirectMap1G:           0 kB\n"}
{"timestamp":1767727904,"subsystem":"/proc/net/dev","measurement":"Inter-|   Receive                                                |  Transmit\n face |bytes    packets errs drop fifo frame compressed multicast|bytes    packets errs drop fifo colls carrier compressed\n    lo:  129937     840    0    0    0     0          0         0   129937     840    0    0    0     0       0          0\n  eth0: 397235398 1415197    0    0    0     0          0         0 461017071 1653770    0    0    0     0       0          0\n"}
{"timestamp":1767727904,"subsystem":"/proc/diskstats","measurement":"   7       0 loop0 268 0 5220 557 0 0 0 0 0 534 557 0 0 0 0 0 0\n   7       1 loop1 74 0 2502 77 0 0 0 0 0 66 77 0 0 0 0 0 0\n   7       2 loop2 93 0 3748 77 0 0 0 0 0 73 77 0 0 0 0 0 0\n   7       3 loop3 11 0 28 0 0 0 0 0 0 0 0 0 0 0 0 0 0\n   7       4 loop4 0 0 0 0 0 0 0 0 0 0 0 0 0 0 0 0 0\n   7       5 loop5 0 0 0 0 0 0 0 0 0 0 0 0 0 0 0 0 0\n   7       6 loop6 0 0 0 0 0 0 0 0 0 0 0 0 0 0 0 0 0\n   7       7 loop7 0 0 0 0 0 0 0 0 0 0 0 0 0 0 0 0 0\n   8       0 sda 48016 7610 8160970 146253 587549 364942 14513338 1537141 0 667210 2069092 62889 635 67201148 178378 69369 207319\n   8       1 sda1 47636 6270 8140622 145999 587535 364934 14513232 1537122 0 682142 1861497 62888 634 66999872 178376 0 0\n   8      14 sda14 92 0 1232 52 0 0 0 0 0 54 52 0 0 0 0 0 0\n   8      15 sda15 152 1340 15404 109 2 0 2 0 0 91 112 1 1 201276 2 0 0\n  11       0 sr0 78 0 560 37 0 0 0 0 0 31 37 0 0 0 0 0 0\n   8      16 sdb 313 0 19506 199 161 532 266776 19121 0 1981 19338 35 34 16465312 16 0 0\n   8      17 sdb1 111 0 6474 97 161 532 266776 19121 0 2013 19235 35 34 16465312 16 0 0\n"}
{"timestamp":1767727904,"subsystem":"statfs[*]","measurement":"{\"mount_point\":\"/\",\"block_size\":4096,\"blocks_total\":7574544,\"blocks_free\":7068360,\"blocks_available\":7064264}\n{\"mount_point\":\"/boot/efi\",\"block_size\":512,\"blocks_total\":213663,\"blocks_free\":201276,\"blocks_available\":201276}\n{\"mount_point\":\"/mnt\",\"block_size\":4096,\"blocks_total\":1011128,\"blocks_free\":1011121,\"blocks_available\":954622}\n"}
{"timestamp":1767727909,"subsystem":"/proc/stat","measurement":"cpu  137541 3397 56593 39874881 67493 0 8263 0 0 0\ncpu0 137541 3397 56593 39874881 67493 0 8263 0 0 0\nintr 16094018 0 0 0 0 2863 0 0 0 0 0 0 0 0 0 0 0 0 0 0 0 0 0 0 0 0 0 0 0 0 0 0 0 0 0 0 0 0 0 0 0 0 0 0 0 0 0 0 0 0 0 0 0 0 0 0 0 0 0 0 0 0 0 0 0 0 0 0 0 0 0 0 0 0 0 0 0 0 0 0 0 0 0 0 0 0 0 0 0 0 0 0 0 0 0 0 0 0 0 0 0 0 0 0 0 0 0 0 0 0 0 0 0 0 0 0 0 0 0 0 0 0 0 0 0 0 0 0 0 0 0 0 0 0 0 0 0 0 0 0 0 0 0 0 0 0 0 0 0 0 0 0 0 0 0 0 0 0 0 0 0 0 0 0 0 0 0 0 0 0 0 0 0 0 0 0 0 0 0 0 0 0 0 0 0 0 0 0 0 0 0 0 0 0 0 0 0 0 0 0 0 0 0 0 0 0 0 0 0 0 0 0 0 0 0 0 0 0 0 0 0 0 0 0 0 0 0 0 0 0 0 0 0 0 0 0 0 0 0 0 0 0 0 0 0 0 0 0 0 0 0 0 0 0 0 0 0\nctxt 30336225\nbtime 1767325803\nprocesses 47968\nprocs_running 2\nprocs_blocked 0\nsoftirq 14850512 0 5893772 4 2061623 0 0 4256477 0 0 2638636\n"}
{"timestamp":1767727909,"subsystem":"/proc/meminfo","measurement":"MemTotal:         868984 kB\nMemFree:          211604 kB\nMemAvailable:     480736 kB\nBuffers:           66660 kB\nCached:           319016 kB\nSwapCached:            0 kB\nActive:           201756 kB\nInactive:         291716 kB\nActive(anon):      64724 kB\nInactive(anon):    56196 kB\nActive(file):     137032 kB\nInactive(file):   235520 kB\nUnevictable:       30724 kB\nMlocked:           27652 kB\nSwapTotal:             0 kB\nSwapFree:              0 kB\nZswap:                 0 kB\nZswapped:              0 kB\nDirty:               208 kB\nWriteback:             0 kB\nAnonPages:        134720 kB\nMapped:            75788 kB\nShmem:              4060 kB\nKReclaimable:      35364 kB\nSlab:              85864 kB\nSReclaimable:      35364 kB\nSUnreclaim:        50500 kB\nKernelStack:        2256 kB\nPageTables:         3092 kB\nSecPageTables:         0 kB\nNFS_Unstable:          0 kB\nBounce:                0 kB\nWritebackTmp:          0 kB\nCommitLimit:      434492 kB\nCommitted_AS:     490896 kB\nVmallocTotal:   34359738367 kB\nVmallocUsed:       32908 kB\nVmallocChunk:          0 kB\nPercpu:              768 kB\nHardwareCorrupted:     0 kB\nAnonHugePages:     34816 kB\nShmemHugePages:        0 kB\nShmemPmdMapped:        0 kB\nFileHugePages:         0 kB\nFilePmdMapped:         0 kB\nUnaccepted:            0 kB\nHugePages_Total:       0\nHugePages_Free:        0\nHugePages_Rsvd:        0\nHugePages_Surp:        0\nHugepagesize:       2048 kB\nHugetlb:               0 kB\nDirectMap4k:       72872 kB\nDirectMap2M:      923648 kB\nDirectMap1G:           0 kB\n"}
{"timestamp":1767727909,"subsystem":"/proc/net/dev","measurement":"Inter-|   Receive                                                |  Transmit\n face |bytes    packets errs drop fifo frame compressed multicast|bytes    packets errs drop fifo colls carrier compressed\n    lo:  129937     840    0    0    0     0          0         0   129937     840    0    0    0     0       0          0\n  eth0: 397246631 1415252    0    0    0     0          0         0 461031679 1653823    0    0    0     0       0          0\n"}
{"timestamp":1767727909,"subsystem":"/proc/diskstats","measurement":"   7       0 loop0 268 0 5220 557 0 0 0 0 0 534 557 0 0 0 0 0 0\n   7       1 loop1 74 0 2502 77 0 0 0 0 0 66 77 0 0 0 0 0 0\n   7       2 loop2 93 0 3748 77 0 0 0 0 0 73 77 0 0 0 0 0 0\n   7       3 loop3 11 0 28 0 0 0 0 0 0 0 0 0 0 0 0 0 0\n   7       4 loop4 0 0 0 0 0 0 0 0 0 0 0 0 0 0 0 0 0\n   7       5 loop5 0 0 0 0 0 0 0 0 0 0 0 0 0 0 0 0 0\n   7       6 loop6 0 0 0 0 0 0 0 0 0 0 0 0 0 0 0 0 0\n   7       7 loop7 0 0 0 0 0 0 0 0 0 0 0 0 0 0 0 0 0\n   8       0 sda 48016 7610 8160970 146253 587647 364952 14514426 1537187 0 667223 2069144 62890 635 67201156 178382 69370 207322\n   8       1 sda1 47636 6270 8140622 145999 587633 364944 14514320 1537168 0 682156 1861547 62889 634 66999880 178379 0 0\n   8      14 sda14 92 0 1232 52 0 0 0 0 0 54 52 0 0 0 0 0 0\n   8      15 sda15 152 1340 15404 109 2 0 2 0 0 91 112 1 1 201276 2 0 0\n  11       0 sr0 78 0 560 37 0 0 0 0 0 31 37 0 0 0 0 0 0\n   8      16 sdb 313 0 19506 199 161 532 266776 19121 0 1981 19338 35 34 16465312 16 0 0\n   8      17 sdb1 111 0 6474 97 161 532 266776 19121 0 2013 19235 35 34 16465312 16 0 0\n"}
{"timestamp":1767727909,"subsystem":"statfs[*]","measurement":"{\"mount_point\":\"/\",\"block_size\":4096,\"blocks_total\":7574544,\"blocks_free\":7068358,\"blocks_available\":7064262}\n{\"mount_point\":\"/boot/efi\",\"block_size\":512,\"blocks_total\":213663,\"blocks_free\":201276,\"blocks_available\":201276}\n{\"mount_point\":\"/mnt\",\"block_size\":4096,\"blocks_total\":1011128,\"blocks_free\":1011121,\"blocks_available\":954622}\n"}
{"timestamp":1767727914,"subsystem":"/proc/stat","measurement":"cpu  137543 3397 56595 39875374 67494 0 8263 0 0 0\ncpu0 137543 3397 56595 39875374 67494 0 8263 0 0 0\nintr 16094235 0 0 0 0 2863 0 0 0 0 0 0 0 0 0 0 0 0 0 0 0 0 0 0 0 0 0 0 0 0 0 0 0 0 0 0 0 0 0 0 0 0 0 0 0 0 0 0 0 0 0 0 0 0 0 0 0 0 0 0 0 0 0 0 0 0 0 0 0 0 0 0 0 0 0 0 0 0 0 0 0 0 0 0 0 0 0 0 0 0 0 0 0 0 0 0 0 0 0 0 0 0 0 0 0 0 0 0 0 0 0 0 0 0 0 0 0 0 0 0 0 0 0 0 0 0 0 0 0 0 0 0 0 0 0 0 0 0 0 0 0 0 0 0 0 0 0 0 0 0 0 0 0 0 0 0 0 0 0 0 0 0 0 0 0 0 0 0 0 0 0 0 0 0 0 0 0 0 0 0 0 0 0 0 0 0 0 0 0 0 0 0 0 0 0 0 0 0 0 0 0 0 0 0 0 0 0 0 0 0 0 0 0 0 0 0 0 0 0 0 0 0 0 0 0 0 0 0 0 0 0 0 0 0 0 0 0 0 0 0 0 0 0 0 0 0 0 0 0 0 0 0 0 0 0 0 0\nctxt 30336778\nbtime 1767325803\nprocesses 47971\nprocs_running 2\nprocs_blocked 0\nsoftirq 14850775 0 5893856 4 2061644 0 0 4256488 0 0 2638783\n"}
{"timestamp":1767727914,"subsystem":"/proc/meminfo","measurement":"MemTotal:         868984 kB\nMemFree:          208360 kB\nMemAvailable:     477624 kB\nBuffers:           66660 kB\nCached:           319148 kB\nSwapCached:            0 kB\nActive:           201892 kB\nInactive:         291720 kB\nActive(anon):      64732 kB\nInactive(anon):    56196 kB\nActive(file):     137160 kB\nInactive(file):   235524 kB\nUnevictable:       30724 kB\nMlocked:           27652 kB\nSwapTotal:             0 kB\nSwapFree:              0 kB\nZswap:                 0 kB\nZswapped:              0 kB\nDirty:               268 kB\nWriteback:             0 kB\nAnonPages:        134728 kB\nMapped:            75792 kB\nShmem:              4060 kB\nKReclaimable:      35364 kB\nSlab:              85864 kB\nSReclaimable:      35364 kB\nSUnreclaim:        50500 kB\nKernelStack:        2256 kB\nPageTables:         3092 kB\nSecPageTables:         0 kB\nNFS_Unstable:          0 kB\nBounce:                0 kB\nWritebackTmp:          0 kB\nCommitLimit:      434492 kB\nCommitted_AS:     490896 kB\nVmallocTotal:   34359738367 kB\nVmallocUsed:       32908 kB\nVmallocChunk:          0 kB\nPercpu:              768 kB\nHardwareCorrupted:     0 kB\nAnonHugePages:     34816 kB\nShmemHugePages:        0 kB\nShmemPmdMapped:        0 kB\nFileHugePages:         0 kB\nFilePmdMapped:         0 kB\nUnaccepted:            0 kB\nHugePages_Total:       0\nHugePages_Free:        0\nHugePages_Rsvd:        0\nHugePages_Surp:        0\nHugepagesize:       2048 kB\nHugetlb:               0 kB\nDirectMap4k:       72872 kB\nDirectMap2M:      923648 kB\nDirectMap1G:           0 kB\n"}
{"timestamp":1767727914,"subsystem":"/proc/net/dev","measurement":"Inter-|   Receive                                                |  Transmit\n face |bytes    packets errs drop fifo frame compressed multicast|bytes    packets errs drop fifo colls carrier compressed\n    lo:  129937     840    0    0    0     0          0         0   129937     840    0    0    0     0       0          0\n  eth0: 397248634 1415264    0    0    0     0          0         0 461034311 1653836    0    0    0     0       0          0\n"}
{"timestamp":1767727914,"subsystem":"/proc/diskstats","measurement":"   7       0 loop0 268 0 5220 557 0 0 0 0 0 534 557 0 0 0 0 0 0\n   7       1 loop1 74 0 2502 77 0 0 0 0 0 66 77 0 0 0 0 0 0\n   7       2 loop2 93 0 3748 77 0 0 0 0 0 73 77 0 0 0 0 0 0\n   7       3 loop3 11 0 28 0 0 0 0 0 0 0 0 0 0 0 0 0 0\n   7       4 loop4 0 0 0 0 0 0 0 0 0 0 0 0 0 0 0 0 0\n   7       5 loop5 0 0 0 0 0 0 0 0 0 0 0 0 0 0 0 0 0\n   7       6 loop6 0 0 0 0 0 0 0 0 0 0 0 0 0 0 0 0 0\n   7       7 loop7 0 0 0 0 0 0 0 0 0 0 0 0 0 0 0 0 0\n   8       0 sda 48016 7610 8160970 146253 587651 364963 14514546 1537195 0 667233 2069160 62891 635 67201164 178384 69371 207327\n   8       1 sda1 47636 6270 8140622 145999 587637 364955 14514440 1537176 0 682166 1861557 62890 634 66999888 178382 0 0\n   8      14 sda14 92 0 1232 52 0 0 0 0 0 54 52 0 0 0 0 0 0\n   8      15 sda15 152 1340 15404 109 2 0 2 0 0 91 112 1 1 201276 2 0 0\n  11       0 sr0 78 0 560 37 0 0 0 0 0 31 37 0 0 0 0 0 0\n   8      16 sdb 313 0 19506 199 161 532 266776 19121 0 1981 19338 35 34 16465312 16 0 0\n   8      17 sdb1 111 0 6474 97 161 532 266776 19121 0 2013 19235 35 34 16465312 16 0 0\n"}
{"timestamp":1767727914,"subsystem":"statfs[*]","measurement":"{\"mount_point\":\"/\",\"block_size\":4096,\"blocks_total\":7574544,\"blocks_free\":7068357,\"blocks_available\":7064261}\n{\"mount_point\":\"/boot/efi\",\"block_size\":512,\"blocks_total\":213663,\"blocks_free\":201276,\"blocks_available\":201276}\n{\"mount_point\":\"/mnt\",\"block_size\":4096,\"blocks_total\":1011128,\"blocks_free\":1011121,\"blocks_available\":954622}\n"}
{"timestamp":1767727919,"subsystem":"/proc/stat","measurement":"cpu  137549 3397 56599 39875862 67495 0 8263 0 0 0\ncpu0 137549 3397 56599 39875862 67495 0 8263 0 0 0\nintr 16094614 0 0 0 0 2863 0 0 0 0 0 0 0 0 0 0 0 0 0 0 0 0 0 0 0 0 0 0 0 0 0 0 0 0 0 0 0 0 0 0 0 0 0 0 0 0 0 0 0 0 0 0 0 0 0 0 0 0 0 0 0 0 0 0 0 0 0 0 0 0 0 0 0 0 0 0 0 0 0 0 0 0 0 0 0 0 0 0 0 0 0 0 0 0 0 0 0 0 0 0 0 0 0 0 0 0 0 0 0 0 0 0 0 0 0 0 0 0 0 0 0 0 0 0 0 0 0 0 0 0 0 0 0 0 0 0 0 0 0 0 0 0 0 0 0 0 0 0 0 0 0 0 0 0 0 0 0 0 0 0 0 0 0 0 0 0 0 0 0 0 0 0 0 0 0 0 0 0 0 0 0 0 0 0 0 0 0 0 0 0 0 0 0 0 0 0 0 0 0 0 0 0 0 0 0 0 0 0 0 0 0 0 0 0 0 0 0 0 0 0 0 0 0 0 0 0 0 0 0 0 0 0 0 0 0 0 0 0 0 0 0 0 0 0 0 0 0 0 0 0 0 0 0 0 0 0 0\nctxt 30337502\nbtime 1767325803\nprocesses 47978\nprocs_running 2\nprocs_blocked 0\nsoftirq 14851300 0 5893973 4 2061723 0 0 4256503 0 0 2639097\n"}
{"timestamp":1767727919,"subsystem":"/proc/meminfo","measurement":"MemTotal:         868984 kB\nMemFree:          208360 kB\nMemAvailable:     477632 kB\nBuffers:           66660 kB\nCached:           319156 kB\nSwapCached:            0 kB\nActive:           203756 kB\nInactive:         291728 kB\nActive(anon):      66596 kB\nInactive(anon):    56196 kB\nActive(file):     137160 kB\nInactive(file):   235532 kB\nUnevictable:       30724 kB\nMlocked:           27652 kB\nSwapTotal:             0 kB\nSwapFree:              0 kB\nZswap:                 0 kB\nZswapped:              0 kB\nDirty:               348 kB\nWriteback:             0 kB\nAnonPages:        136628 kB\nMapped:            75968 kB\nShmem:              4060 kB\nKReclaimable:      35364 kB\nSlab:              85864 kB\nSReclaimable:      35364 kB\nSUnreclaim:        50500 kB\nKernelStack:        2288 kB\nPageTables:         3220 kB\nSecPageTables:         0 kB\nNFS_Unstable:          0 kB\nBounce:                0 kB\nWritebackTmp:          0 kB\nCommitLimit:      434492 kB\nCommitted_AS:     494792 kB\nVmallocTotal:   34359738367 kB\nVmallocUsed:       32912 kB\nVmallocChunk:          0 kB\nPercpu:              768 kB\nHardwareCorrupted:     0 kB\nAnonHugePages:     34816 kB\nShmemHugePages:        0 kB\nShmemPmdMapped:        0 kB\nFileHugePages:         0 kB\nFilePmdMapped:         0 kB\nUnaccepted:            0 kB\nHugePages_Total:       0\nHugePages_Free:        0\nHugePages_Rsvd:        0\nHugePages_Surp:        0\nHugepagesize:       2048 kB\nHugetlb:               0 kB\nDirectMap4k:       72872 kB\nDirectMap2M:      923648 kB\nDirectMap1G:           0 kB\n"}
