{"timestamp":1767831664,"subsystem":"/proc/stat","measurement":"cpu  3833 0 1112 67671 795 0 50 0 0 0\ncpu0 2150 0 599 33385 555 0 22 0 0 0\ncpu1 1682 0 513 34285 240 0 28 0 0 0\nintr 55649 0 0 0 0 2922 0 0 0 0 0 0 0 0 0 0 0 0 0 0 0 0 0 0 0 0 0 0 0 0 0 0 0 0 0 0 0 0 0 0 0 0 0 0 0 0 0 0 0 0 0 0 0 0 0 0 0 0 0 0 0 0 0 0 0 0 0 0 0 0 0 0 0 0 0 0 0 0 0 0 0 0 0 0 0 0 0 0 0 0 0 0 0 0 0 0 0 0 0 0 0 0 0 0 0 0 0 0 0 0 0 0 0 0 0 0 0 0 0 0 0 0 0 0 0 0 0 0 0 0 0 0 0 0 0 0 0 0 0 0 0 0 0 0 0 0 0 0 0 0 0 0 0 0 0 0 0 0 0 0 0 0 0 0 0 0 0 0 0 0 0 0 0 0 0 0 0 0 0 0 0 0 0 0 0 0 0 0 0 0 0 0 0 0 0 0 0 0 0 0 0 0 0 0 0 0 0 0 0 0 0 0 0 0 0 0 0 0 0 0 0 0 0 0 0 0 0 0 0 0 0 0 0 0 0 0 0 0 0 0 0 0 0 0 0 0 0 0 0 0 0 0 0 0 0 0 0 0 0 0 0 0 0 0 0 0 0 0 0 0 0 0 0 0 0 0 0 0 0 0 0 0 0 0 0 0 0 0 0 0 0 0 0 0 0 0 0 0 0 0 0 0 0 0 0 0 0 0 0 0 0 0 0 0 0 0 0 0 0 0 0 0 0 0 0 0 0 0 0 0 0 0 0 0 0 0 0 0 0 0 0 0 0 0 0 0 0 0 0 0 0 0 0 0 0 0 0 0 0 0 0 0 0 0 0 0 0 0 0 0 0 0 0 0 0 0 0 0 0 0 0 0 0 0 0 0 0 0 0 0 0 0 0 0 0 0 0 0 0 0 0 0 0 0 0 0 0 0 0 0 0 0 0 0 0 0 0 0 0 0 0 0 0 0 0 0 0 0 0 0 0 0 0 0 0 0 0 0 0 0 0\nctxt 170658\nbtime 1767831296\nprocesses 4073\nprocs_running 1\nprocs_blocked 0\nsoftirq 118998 0 18968 4 15144 0 0 10388 30192 83 44219\n"}
{"timestamp":1767831664,"subsystem":"/proc/meminfo","measurement":"MemTotal:        3955152 kB\nMemFree:         3307488 kB\nMemAvailable:    3493488 kB\nBuffers:            4028 kB\nCached:           399356 kB\nSwapCached:            0 kB\nActive:           208264 kB\nInactive:         266672 kB\nActive(anon):        628 kB\nInactive(anon):    91248 kB\nActive(file):     207636 kB\nInactive(file):   175424 kB\nUnevictable:        3152 kB\nMlocked:              80 kB\nSwapTotal:             0 kB\nSwapFree:              0 kB\nDirty:                24 kB\nWriteback:             0 kB\nAnonPages:         72364 kB\nMapped:            33656 kB\nShmem:             20324 kB\nKReclaimable:      31044 kB\nSlab:              58168 kB\nSReclaimable:      31044 kB\nSUnreclaim:        27124 kB\nKernelStack:        2192 kB\nPageTables:         2572 kB\nNFS_Unstable:          0 kB\nBounce:                0 kB\nWritebackTmp:          0 kB\nCommitLimit:     1977576 kB\nCommitted_AS:     271908 kB\nVmallocTotal:   34359738367 kB\nVmallocUsed:       36076 kB\nVmallocChunk:          0 kB\nPercpu:              600 kB\nHardwareCorrupted:     0 kB\nAnonHugePages:     12288 kB\nShmemHugePages:        0 kB\nShmemPmdMapped:        0 kB\nFileHugePages:         0 kB\nFilePmdMapped:         0 kB\nCmaTotal:              0 kB\nCmaFree:               0 kB\nUnaccepted:            0 kB\nHugePages_Total:       0\nHugePages_Free:        0\nHugePages_Rsvd:        0\nHugePages_Surp:        0\nHugepagesize:       2048 kB\nHugetlb:               0 kB\nDirectMap4k:       99512 kB\nDirectMap2M:     2994176 kB\nDirectMap1G:     3145728 kB\n"}
{"timestamp":1767831664,"subsystem":"/proc/net/dev","measurement":"Inter-|   Receive                                                |  Transmit\n face |bytes    packets errs drop fifo frame compressed multicast|bytes    packets errs drop fifo colls carrier compressed\n    lo:    2072      14    0    0    0     0          0         0     2072      14    0    0    0     0       0          0\n  eth0: 53424727   40445    0    0    0     0          0         0  2660907    9346    0    0    0     0       0          0\n"}
{"timestamp":1767831664,"subsystem":"/proc/diskstats","measurement":"   8      16 sdb 416 1 23834 72 355 1053 664176 851 0 756 925 9 8 33550344 1 0 0\n   8      17 sdb1 142 1 8586 24 355 1053 664176 851 0 660 877 9 8 33550344 1 0 0\n   8       0 sda 4482 1 572710 11949 1983 838 322388 2460 0 15404 15050 0 0 0 0 104 640\n   8       1 sda1 69 0 800 18 0 0 0 0 0 48 18 0 0 0 0 0 0\n   8       2 sda2 159 0 8576 46 1 0 1 0 0 72 46 0 0 0 0 0 0\n   8       3 sda3 168 0 16958 52 8 0 4137 17 0 128 70 0 0 0 0 0 0\n   8       4 sda4 3989 1 542656 11799 1974 838 318250 2442 0 15236 14241 0 0 0 0 0 0\n  11       0 sr0 63 0 440 53 0 0 0 0 0 80 53 0 0 0 0 0 0\n"}
{"timestamp":1767831664,"subsystem":"statfs[*]","measurement":"{\"mount_point\":\"/\",\"block_size\":4096,\"blocks_total\":7466684,\"blocks_free\":6510006,\"blocks_available\":6510006}\n{\"mount_point\":\"/boot\",\"block_size\":4096,\"blocks_total\":259584,\"blocks_free\":230628,\"blocks_available\":230628}\n{\"mount_point\":\"/boot/efi\",\"block_size\":8192,\"blocks_total\":65500,\"blocks_free\":65118,\"blocks_available\":65118}\n{\"mount_point\":\"/mnt\",\"block_size\":4096,\"blocks_total\":4100319,\"blocks_free\":4100313,\"blocks_available\":3886528}\n"}
{"timestamp":1767831669,"subsystem":"/proc/stat","measurement":"cpu  3836 0 1113 68653 807 0 50 0 0 0\ncpu0 2152 0 599 33873 564 0 22 0 0 0\ncpu1 1684 0 514 34780 242 0 28 0 0 0\nintr 55830 0 0 0 0 2922 0 0 0 0 0 0 0 0 0 0 0 0 0 0 0 0 0 0 0 0 0 0 0 0 0 0 0 0 0 0 0 0 0 0 0 0 0 0 0 0 0 0 0 0 0 0 0 0 0 0 0 0 0 0 0 0 0 0 0 0 0 0 0 0 0 0 0 0 0 0 0 0 0 0 0 0 0 0 0 0 0 0 0 0 0 0 0 0 0 0 0 0 0 0 0 0 0 0 0 0 0 0 0 0 0 0 0 0 0 0 0 0 0 0 0 0 0 0 0 0 0 0 0 0 0 0 0 0 0 0 0 0 0 0 0 0 0 0 0 0 0 0 0 0 0 0 0 0 0 0 0 0 0 0 0 0 0 0 0 0 0 0 0 0 0 0 0 0 0 0 0 0 0 0 0 0 0 0 0 0 0 0 0 0 0 0 0 0 0 0 0 0 0 0 0 0 0 0 0 0 0 0 0 0 0 0 0 0 0 0 0 0 0 0 0 0 0 0 0 0 0 0 0 0 0 0 0 0 0 0 0 0 0 0 0 0 0 0 0 0 0 0 0 0 0 0 0 0 0 0 0 0 0 0 0 0 0 0 0 0 0 0 0 0 0 0 0 0 0 0 0 0 0 0 0 0 0 0 0 0 0 0 0 0 0 0 0 0 0 0 0 0 0 0 0 0 0 0 0 0 0 0 0 0 0 0 0 0 0 0 0 0 0 0 0 0 0 0 0 0 0 0 0 0 0 0 0 0 0 0 0 0 0 0 0 0 0 0 0 0 0 0 0 0 0 0 0 0 0 0 0 0 0 0 0 0 0 0 0 0 0 0 0 0 0 0 0 0 0 0 0 0 0 0 0 0 0 0 0 0 0 0 0 0 0 0 0 0 0 0 0 0 0 0 0 0 0 0 0 0 0 0 0 0 0 0 0 0 0 0 0 0 0 0 0 0 0 0 0 0 0 0 0 0 0 0 0 0 0 0 0 0 0 0 0\nctxt 171604\nbtime 1767831296\nprocesses 4083\nprocs_running 2\nprocs_blocked 0\nsoftirq 119495 0 19131 4 15165 0 0 10423 30413 83 44276\n"}
{"timestamp":1767831669,"subsystem":"/proc/meminfo","measurement":"MemTotal:        3955152 kB\nMemFree:         3306984 kB\nMemAvailable:    3494464 kB\nBuffers:            4028 kB\nCached:           400828 kB\nSwapCached:            0 kB\nActive:           208300 kB\nInactive:         273952 kB\nActive(anon):        640 kB\nInactive(anon):    97080 kB\nActive(file):     207660 kB\nInactive(file):   176872 kB\nUnevictable:        3152 kB\nMlocked:              80 kB\nSwapTotal:             0 kB\nSwapFree:              0 kB\nDirty:                36 kB\nWriteback:             0 kB\nAnonPages:         76168 kB\nMapped:            36704 kB\nShmem:             20324 kB\nKReclaimable:      31064 kB\nSlab:              58204 kB\nSReclaimable:      31064 kB\nSUnreclaim:        27140 kB\nKernelStack:        2256 kB\nPageTables:         2688 kB\nNFS_Unstable:          0 kB\nBounce:                0 kB\nWritebackTmp:          0 kB\nCommitLimit:     1977576 kB\nCommitted_AS:     306016 kB\nVmallocTotal:   34359738367 kB\nVmallocUsed:       36108 kB\nVmallocChunk:          0 kB\nPercpu:              600 kB\nHardwareCorrupted:     0 kB\nAnonHugePages:     14336 kB\nShmemHugePages:        0 kB\nShmemPmdMapped:        0 kB\nFileHugePages:         0 kB\nFilePmdMapped:         0 kB\nCmaTotal:              0 kB\nCmaFree:               0 kB\nUnaccepted:            0 kB\nHugePages_Total:       0\nHugePages_Free:        0\nHugePages_Rsvd:        0\nHugePages_Surp:        0\nHugepagesize:       2048 kB\nHugetlb:               0 kB\nDirectMap4k:       99512 kB\nDirectMap2M:     2994176 kB\nDirectMap1G:     3145728 kB\n"}
{"timestamp":1767831669,"subsystem":"/proc/net/dev","measurement":"Inter-|   Receive                                                |  Transmit\n face |bytes    packets errs drop fifo frame compressed multicast|bytes    packets errs drop fifo colls carrier compressed\n    lo:    2072      14    0    0    0     0          0         0     2072      14    0    0    0     0       0          0\n  eth0: 53428523   40460    0    0    0     0          0         0  2666147    9365    0    0    0     0       0          0\n"}
{"timestamp":1767831669,"subsystem":"/proc/diskstats","measurement":"   8      16 sdb 416 1 23834 72 355 1053 664176 851 0 756 925 9 8 33550344 1 0 0\n   8      17 sdb1 142 1 8586 24 355 1053 664176 851 0 660 877 9 8 33550344 1 0 0\n   8       0 sda 4504 1 575702 12098 1997 841 322819 2480 0 15588 15219 0 0 0 0 105 641\n   8       1 sda1 69 0 800 18 0 0 0 0 0 48 18 0 0 0 0 0 0\n   8       2 sda2 159 0 8576 46 1 0 1 0 0 72 46 0 0 0 0 0 0\n   8       3 sda3 168 0 16958 52 8 0 4137 17 0 128 70 0 0 0 0 0 0\n   8       4 sda4 4011 1 545648 11948 1988 841 318681 2462 0 15420 14410 0 0 0 0 0 0\n  11       0 sr0 63 0 440 53 0 0 0 0 0 80 53 0 0 0 0 0 0\n"}
{"timestamp":1767831669,"subsystem":"statfs[*]","measurement":"{\"mount_point\":\"/\",\"block_size\":4096,\"blocks_total\":7466684,\"blocks_free\":6509999,\"blocks_available\":6509999}\n{\"mount_point\":\"/boot\",\"block_size\":4096,\"blocks_total\":259584,\"blocks_free\":230628,\"blocks_available\":230628}\n{\"mount_point\":\"/boot/efi\",\"block_size\":8192,\"blocks_total\":65500,\"blocks_free\":65118,\"blocks_available\":65118}\n{\"mount_point\":\"/mnt\",\"block_size\":4096,\"blocks_total\":4100319,\"blocks_free\":4100313,\"blocks_available\":3886528}\n"}
{"timestamp":1767831674,"subsystem":"/proc/stat","measurement":"cpu  3842 0 1122 69636 807 0 51 0 0 0\ncpu0 2157 0 602 34365 564 0 23 0 0 0\ncpu1 1685 0 520 35271 242 0 28 0 0 0\nintr 56079 0 0 0 0 2922 0 0 0 0 0 0 0 0 0 0 0 0 0 0 0 0 0 0 0 0 0 0 0 0 0 0 0 0 0 0 0 0 0 0 0 0 0 0 0 0 0 0 0 0 0 0 0 0 0 0 0 0 0 0 0 0 0 0 0 0 0 0 0 0 0 0 0 0 0 0 0 0 0 0 0 0 0 0 0 0 0 0 0 0 0 0 0 0 0 0 0 0 0 0 0 0 0 0 0 0 0 0 0 0 0 0 0 0 0 0 0 0 0 0 0 0 0 0 0 0 0 0 0 0 0 0 0 0 0 0 0 0 0 0 0 0 0 0 0 0 0 0 0 0 0 0 0 0 0 0 0 0 0 0 0 0 0 0 0 0 0 0 0 0 0 0 0 0 0 0 0 0 0 0 0 0 0 0 0 0 0 0 0 0 0 0 0 0 0 0 0 0 0 0 0 0 0 0 0 0 0 0 0 0 0 0 0 0 0 0 0 0 0 0 0 0 0 0 0 0 0 0 0 0 0 0 0 0 0 0 0 0 0 0 0 0 0 0 0 0 0 0 0 0 0 0 0 0 0 0 0 0 0 0 0 0 0 0 0 0 0 0 0 0 0 0 0 0 0 0 0 0 0 0 0 0 0 0 0 0 0 0 0 0 0 0 0 0 0 0 0 0 0 0 0 0 0 0 0 0 0 0 0 0 0 0 0 0 0 0 0 0 0 0 0 0 0 0 0 0 0 0 0 0 0 0 0 0 0 0 0 0 0 0 0 0 0 0 0 0 0 0 0 0 0 0 0 0 0 0 0 0 0 0 0 0 0 0 0 0 0 0 0 0 0 0 0 0 0 0 0 0 0 0 0 0 0 0 0 0 0 0 0 0 0 0 0 0 0 0 0 0 0 0 0 0 0 0 0 0 0 0 0 0 0 0 0 0 0 0 0 0 0 0 0 0 0 0 0 0 0 0 0 0 0 0 0 0 0 0 0 0 0 0 0\nctxt 172899\nbtime 1767831296\nprocesses 4166\nprocs_running 1\nprocs_blocked 0\nsoftirq 120205 0 19295 4 15215 0 0 10430 30650 83 44528\n"}
{"timestamp":1767831674,"subsystem":"/proc/meminfo","measurement":"MemTotal:        3955152 kB\nMemFree:         3305976 kB\nMemAvailable:    3493472 kB\nBuffers:            4028 kB\nCached:           400832 kB\nSwapCached:            0 kB\nActive:           208368 kB\nInactive:         274072 kB\nActive(anon):        640 kB\nInactive(anon):    97264 kB\nActive(file):     207728 kB\nInactive(file):   176808 kB\nUnevictable:        3152 kB\nMlocked:              80 kB\nSwapTotal:             0 kB\nSwapFree:              0 kB\nDirty:                40 kB\nWriteback:             0 kB\nAnonPages:         76352 kB\nMapped:            36708 kB\nShmem:             20324 kB\nKReclaimable:      31088 kB\nSlab:              58316 kB\nSReclaimable:      31088 kB\nSUnreclaim:        27228 kB\nKernelStack:        2256 kB\nPageTables:         2688 kB\nNFS_Unstable:          0 kB\nBounce:                0 kB\nWritebackTmp:          0 kB\nCommitLimit:     1977576 kB\nCommitted_AS:     306016 kB\nVmallocTotal:   34359738367 kB\nVmallocUsed:       36124 kB\nVmallocChunk:          0 kB\nPercpu:              600 kB\nHardwareCorrupted:     0 kB\nAnonHugePages:     14336 kB\nShmemHugePages:        0 kB\nShmemPmdMapped:        0 kB\nFileHugePages:         0 kB\nFilePmdMapped:         0 kB\nCmaTotal:              0 kB\nCmaFree:               0 kB\nUnaccepted:            0 kB\nHugePages_Total:       0\nHugePages_Free:        0\nHugePages_Rsvd:        0\nHugePages_Surp:        0\nHugepagesize:       2048 kB\nHugetlb:               0 kB\nDirectMap4k:       99512 kB\nDirectMap2M:     2994176 kB\nDirectMap1G:     3145728 kB\n"}
{"timestamp":1767831674,"subsystem":"/proc/net/dev","measurement":"Inter-|   Receive                                                |  Transmit\n face |bytes    packets errs drop fifo frame compressed multicast|bytes    packets errs drop fifo colls carrier compressed\n    lo:    2072      14    0    0    0     0          0         0     2072      14    0    0    0     0       0          0\n  eth0: 53431010   40478    0    0    0     0          0         0  2669628    9401    0    0    0     0       0          0\n"}
{"timestamp":1767831674,"subsystem":"/proc/diskstats","measurement":"   8      16 sdb 416 1 23834 72 355 1053 664176 851 0 756 925 9 8 33550344 1 0 0\n   8      17 sdb1 142 1 8586 24 355 1053 664176 851 0 660 877 9 8 33550344 1 0 0\n   8       0 sda 4504 1 575702 12098 1997 841 322819 2480 0 15588 15219 0 0 0 0 105 641\n   8       1 sda1 69 0 800 18 0 0 0 0 0 48 18 0 0 0 0 0 0\n   8       2 sda2 159 0 8576 46 1 0 1 0 0 72 46 0 0 0 0 0 0\n   8       3 sda3 168 0 16958 52 8 0 4137 17 0 128 70 0 0 0 0 0 0\n   8       4 sda4 4011 1 545648 11948 1988 841 318681 2462 0 15420 14410 0 0 0 0 0 0\n  11       0 sr0 63 0 440 53 0 0 0 0 0 80 53 0 0 0 0 0 0\n"}
{"timestamp":1767831674,"subsystem":"statfs[*]","measurement":"{\"mount_point\":\"/\",\"block_size\":4096,\"blocks_total\":7466684,\"blocks_free\":6509998,\"blocks_available\":6509998}\n{\"mount_point\":\"/boot\",\"block_size\":4096,\"blocks_total\":259584,\"blocks_free\":230628,\"blocks_available\":230628}\n{\"mount_point\":\"/boot/efi\",\"block_size\":8192,\"blocks_total\":65500,\"blocks_free\":65118,\"blocks_available\":65118}\n{\"mount_point\":\"/mnt\",\"block_size\":4096,\"blocks_total\":4100319,\"blocks_free\":4100313,\"blocks_available\":3886528}\n"}
{"timestamp":1767831679,"subsystem":"/proc/stat","measurement":"cpu  3844 0 1123 70634 807 0 51 0 0 0\ncpu0 2158 0 602 34863 564 0 23 0 0 0\ncpu1 1685 0 520 35770 242 0 28 0 0 0\nintr 56183 0 0 0 0 2922 0 0 0 0 0 0 0 0 0 0 0 0 0 0 0 0 0 0 0 0 0 0 0 0 0 0 0 0 0 0 0 0 0 0 0 0 0 0 0 0 0 0 0 0 0 0 0 0 0 0 0 0 0 0 0 0 0 0 0 0 0 0 0 0 0 0 0 0 0 0 0 0 0 0 0 0 0 0 0 0 0 0 0 0 0 0 0 0 0 0 0 0 0 0 0 0 0 0 0 0 0 0 0 0 0 0 0 0 0 0 0 0 0 0 0 0 0 0 0 0 0 0 0 0 0 0 0 0 0 0 0 0 0 0 0 0 0 0 0 0 0 0 0 0 0 0 0 0 0 0 0 0 0 0 0 0 0 0 0 0 0 0 0 0 0 0 0 0 0 0 0 0 0 0 0 0 0 0 0 0 0 0 0 0 0 0 0 0 0 0 0 0 0 0 0 0 0 0 0 0 0 0 0 0 0 0 0 0 0 0 0 0 0 0 0 0 0 0 0 0 0 0 0 0 0 0 0 0 0 0 0 0 0 0 0 0 0 0 0 0 0 0 0 0 0 0 0 0 0 0 0 0 0 0 0 0 0 0 0 0 0 0 0 0 0 0 0 0 0 0 0 0 0 0 0 0 0 0 0 0 0 0 0 0 0 0 0 0 0 0 0 0 0 0 0 0 0 0 0 0 0 0 0 0 0 0 0 0 0 0 0 0 0 0 0 0 0 0 0 0 0 0 0 0 0 0 0 0 0 0 0 0 0 0 0 0 0 0 0 0 0 0 0 0 0 0 0 0 0 0 0 0 0 0 0 0 0 0 0 0 0 0 0 0 0 0 0 0 0 0 0 0 0 0 0 0 0 0 0 0 0 0 0 0 0 0 0 0 0 0 0 0 0 0 0 0 0 0 0 0 0 0 0 0 0 0 0 0 0 0 0 0 0 0 0 0 0 0 0 0 0 0 0 0 0 0 0 0 0 0 0 0 0 0 0\nctxt 173497\nbtime 1767831296\nprocesses 4169\nprocs_running 1\nprocs_blocked 0\nsoftirq 120590 0 19448 4 15238 0 0 10437 30827 83 44553\n"}
{"timestamp":1767831679,"subsystem":"/proc/meminfo","measurement":"MemTotal:        3955152 kB\nMemFree:         3301880 kB\nMemAvailable:    3489380 kB\nBuffers:            4028 kB\nCached:           400836 kB\nSwapCached:            0 kB\nActive:           208368 kB\nInactive:         275800 kB\nActive(anon):        640 kB\nInactive(anon):    98988 kB\nActive(file):     207728 kB\nInactive(file):   176812 kB\nUnevictable:        3152 kB\nMlocked:              80 kB\nSwapTotal:             0 kB\nSwapFree:              0 kB\nDirty:                32 kB\nWriteback:             0 kB\nAnonPages:         78408 kB\nMapped:            36708 kB\nShmem:             20324 kB\nKReclaimable:      31088 kB\nSlab:              58272 kB\nSReclaimable:      31088 kB\nSUnreclaim:        27184 kB\nKernelStack:        2256 kB\nPageTables:         2692 kB\nNFS_Unstable:          0 kB\nBounce:                0 kB\nWritebackTmp:          0 kB\nCommitLimit:     1977576 kB\nCommitted_AS:     306016 kB\nVmallocTotal:   34359738367 kB\nVmallocUsed:       36124 kB\nVmallocChunk:          0 kB\nPercpu:              600 kB\nHardwareCorrupted:     0 kB\nAnonHugePages:     18432 kB\nShmemHugePages:        0 kB\nShmemPmdMapped:        0 kB\nFileHugePages:         0 kB\nFilePmdMapped:         0 kB\nCmaTotal:              0 kB\nCmaFree:               0 kB\nUnaccepted:            0 kB\nHugePages_Total:       0\nHugePages_Free:        0\nHugePages_Rsvd:        0\nHugePages_Surp:        0\nHugepagesize:       2048 kB\nHugetlb:               0 kB\nDirectMap4k:       99512 kB\nDirectMap2M:     2994176 kB\nDirectMap1G:     3145728 kB\n"}
{"timestamp":1767831679,"subsystem":"/proc/net/dev","measurement":"Inter-|   Receive                                                |  Transmit\n face |bytes    packets errs drop fifo frame compressed multicast|bytes    packets errs drop fifo colls carrier compressed\n    lo:    2072      14    0    0    0     0          0         0     2072      14    0    0    0     0       0          0\n  eth0: 53434806   40493    0    0    0     0          0         0  2674868    9420    0    0    0     0       0          0\n"}
{"timestamp":1767831679,"subsystem":"/proc/diskstats","measurement":"   8      16 sdb 416 1 23834 72 355 1053 664176 851 0 756 925 9 8 33550344 1 0 0\n   8      17 sdb1 142 1 8586 24 355 1053 664176 851 0 660 877 9 8 33550344 1 0 0\n   8       0 sda 4504 1 575702 12098 2000 842 322851 2480 0 15596 15220 0 0 0 0 105 641\n   8       1 sda1 69 0 800 18 0 0 0 0 0 48 18 0 0 0 0 0 0\n   8       2 sda2 159 0 8576 46 1 0 1 0 0 72 46 0 0 0 0 0 0\n   8       3 sda3 168 0 16958 52 8 0 4137 17 0 128 70 0 0 0 0 0 0\n   8       4 sda4 4011 1 545648 11948 1991 842 318713 2463 0 15428 14411 0 0 0 0 0 0\n  11       0 sr0 63 0 440 53 0 0 0 0 0 80 53 0 0 0 0 0 0\n"}
{"timestamp":1767831679,"subsystem":"statfs[*]","measurement":"{\"mount_point\":\"/\",\"block_size\":4096,\"blocks_total\":7466684,\"blocks_free\":6509997,\"blocks_available\":6509997}\n{\"mount_point\":\"/boot\",\"block_size\":4096,\"blocks_total\":259584,\"blocks_free\":230628,\"blocks_available\":230628}\n{\"mount_point\":\"/boot/efi\",\"block_size\":8192,\"blocks_total\":65500,\"blocks_free\":65118,\"blocks_available\":65118}\n{\"mount_point\":\"/mnt\",\"block_size\":4096,\"blocks_total\":4100319,\"blocks_free\":4100313,\"blocks_available\":3886528}\n"}
{"timestamp":1767831684,"subsystem":"/proc/stat","measurement":"cpu  3845 0 1123 71630 807 0 51 0 0 0\ncpu0 2159 0 602 35361 564 0 23 0 0 0\ncpu1 1686 0 520 36269 242 0 28 0 0 0\nintr 56300 0 0 0 0 2922 0 0 0 0 0 0 0 0 0 0 0 0 0 0 0 0 0 0 0 0 0 0 0 0 0 0 0 0 0 0 0 0 0 0 0 0 0 0 0 0 0 0 0 0 0 0 0 0 0 0 0 0 0 0 0 0 0 0 0 0 0 0 0 0 0 0 0 0 0 0 0 0 0 0 0 0 0 0 0 0 0 0 0 0 0 0 0 0 0 0 0 0 0 0 0 0 0 0 0 0 0 0 0 0 0 0 0 0 0 0 0 0 0 0 0 0 0 0 0 0 0 0 0 0 0 0 0 0 0 0 0 0 0 0 0 0 0 0 0 0 0 0 0 0 0 0 0 0 0 0 0 0 0 0 0 0 0 0 0 0 0 0 0 0 0 0 0 0 0 0 0 0 0 0 0 0 0 0 0 0 0 0 0 0 0 0 0 0 0 0 0 0 0 0 0 0 0 0 0 0 0 0 0 0 0 0 0 0 0 0 0 0 0 0 0 0 0 0 0 0 0 0 0 0 0 0 0 0 0 0 0 0 0 0 0 0 0 0 0 0 0 0 0 0 0 0 0 0 0 0 0 0 0 0 0 0 0 0 0 0 0 0 0 0 0 0 0 0 0 0 0 0 0 0 0 0 0 0 0 0 0 0 0 0 0 0 0 0 0 0 0 0 0 0 0 0 0 0 0 0 0 0 0 0 0 0 0 0 0 0 0 0 0 0 0 0 0 0 0 0 0 0 0 0 0 0 0 0 0 0 0 0 0 0 0 0 0 0 0 0 0 0 0 0 0 0 0 0 0 0 0 0 0 0 0 0 0 0 0 0 0 0 0 0 0 0 0 0 0 0 0 0 0 0 0 0 0 0 0 0 0 0 0 0 0 0 0 0 0 0 0 0 0 0 0 0 0 0 0 0 0 0 0 0 0 0 0 0 0 0 0 0 0 0 0 0 0 0 0 0 0 0 0 0 0 0 0 0 0 0 0 0 0 0 0\nctxt 174138\nbtime 1767831296\nprocesses 4172\nprocs_running 1\nprocs_blocked 0\nsoftirq 120988 0 19598 4 15265 0 0 10445 31011 83 44582\n"}
{"timestamp":1767831684,"subsystem":"/proc/meminfo","measurement":"MemTotal:        3955152 kB\nMemFree:         3301880 kB\nMemAvailable:    3489384 kB\nBuffers:            4028 kB\nCached:           400840 kB\nSwapCached:            0 kB\nActive:           208368 kB\nInactive:         275808 kB\nActive(anon):        640 kB\nInactive(anon):    98992 kB\nActive(file):     207728 kB\nInactive(file):   176816 kB\nUnevictable:        3152 kB\nMlocked:              80 kB\nSwapTotal:             0 kB\nSwapFree:              0 kB\nDirty:                36 kB\nWriteback:             0 kB\nAnonPages:         78412 kB\nMapped:            36708 kB\nShmem:             20324 kB\nKReclaimable:      31088 kB\nSlab:              58272 kB\nSReclaimable:      31088 kB\nSUnreclaim:        27184 kB\nKernelStack:        2240 kB\nPageTables:         2692 kB\nNFS_Unstable:          0 kB\nBounce:                0 kB\nWritebackTmp:          0 kB\nCommitLimit:     1977576 kB\nCommitted_AS:     306016 kB\nVmallocTotal:   34359738367 kB\nVmallocUsed:       36092 kB\nVmallocChunk:          0 kB\nPercpu:              600 kB\nHardwareCorrupted:     0 kB\nAnonHugePages:     18432 kB\nShmemHugePages:        0 kB\nShmemPmdMapped:        0 kB\nFileHugePages:         0 kB\nFilePmdMapped:         0 kB\nCmaTotal:              0 kB\nCmaFree:               0 kB\nUnaccepted:            0 kB\nHugePages_Total:       0\nHugePages_Free:        0\nHugePages_Rsvd:        0\nHugePages_Surp:        0\nHugepagesize:       2048 kB\nHugetlb:               0 kB\nDirectMap4k:       99512 kB\nDirectMap2M:     2994176 kB\nDirectMap1G:     3145728 kB\n"}
{"timestamp":1767831684,"subsystem":"/proc/net/dev","measurement":"Inter-|   Receive                                                |  Transmit\n face |bytes    packets errs drop fifo frame compressed multicast|bytes    packets errs drop fifo colls carrier compressed\n    lo:    2072      14    0    0    0     0          0         0     2072      14    0    0    0     0       0          0\n  eth0: 53438602   40508    0    0    0     0          0         0  2680108    9439    0    0    0     0       0          0\n"}
{"timestamp":1767831684,"subsystem":"/proc/diskstats","measurement":"   8      16 sdb 416 1 23834 72 355 1053 664176 851 0 756 925 9 8 33550344 1 0 0\n   8      17 sdb1 142 1 8586 24 355 1053 664176 851 0 660 877 9 8 33550344 1 0 0\n   8       0 sda 4504 1 575702 12098 2001 842 322859 2481 0 15600 15220 0 0 0 0 105 641\n   8       1 sda1 69 0 800 18 0 0 0 0 0 48 18 0 0 0 0 0 0\n   8       2 sda2 159 0 8576 46 1 0 1 0 0 72 46 0 0 0 0 0 0\n   8       3 sda3 168 0 16958 52 8 0 4137 17 0 128 70 0 0 0 0 0 0\n   8       4 sda4 4011 1 545648 11948 1992 842 318721 2463 0 15432 14411 0 0 0 0 0 0\n  11       0 sr0 63 0 440 53 0 0 0 0 0 80 53 0 0 0 0 0 0\n"}
{"timestamp":1767831684,"subsystem":"statfs[*]","measurement":"{\"mount_point\":\"/\",\"block_size\":4096,\"blocks_total\":7466684,\"blocks_free\":6509996,\"blocks_available\":6509996}\n{\"mount_point\":\"/boot\",\"block_size\":4096,\"blocks_total\":259584,\"blocks_free\":230628,\"blocks_available\":230628}\n{\"mount_point\":\"/boot/efi\",\"block_size\":8192,\"blocks_total\":65500,\"blocks_free\":65118,\"blocks_available\":65118}\n{\"mount_point\":\"/mnt\",\"block_size\":4096,\"blocks_total\":4100319,\"blocks_free\":4100313,\"blocks_available\":3886528}\n"}
{"timestamp":1767831689,"subsystem":"/proc/stat","measurement":"cpu  3846 0 1124 72625 807 0 51 0 0 0\ncpu0 2160 0 602 35859 564 0 23 0 0 0\ncpu1 1686 0 522 36766 242 0 28 0 0 0\nintr 56667 0 0 0 0 2922 0 0 0 0 0 0 0 0 0 0 0 0 0 0 0 0 0 0 0 0 0 0 0 0 0 0 0 0 0 0 0 0 0 0 0 0 0 0 0 0 0 0 0 0 0 0 0 0 0 0 0 0 0 0 0 0 0 0 0 0 0 0 0 0 0 0 0 0 0 0 0 0 0 0 0 0 0 0 0 0 0 0 0 0 0 0 0 0 0 0 0 0 0 0 0 0 0 0 0 0 0 0 0 0 0 0 0 0 0 0 0 0 0 0 0 0 0 0 0 0 0 0 0 0 0 0 0 0 0 0 0 0 0 0 0 0 0 0 0 0 0 0 0 0 0 0 0 0 0 0 0 0 0 0 0 0 0 0 0 0 0 0 0 0 0 0 0 0 0 0 0 0 0 0 0 0 0 0 0 0 0 0 0 0 0 0 0 0 0 0 0 0 0 0 0 0 0 0 0 0 0 0 0 0 0 0 0 0 0 0 0 0 0 0 0 0 0 0 0 0 0 0 0 0 0 0 0 0 0 0 0 0 0 0 0 0 0 0 0 0 0 0 0 0 0 0 0 0 0 0 0 0 0 0 0 0 0 0 0 0 0 0 0 0 0 0 0 0 0 0 0 0 0 0 0 0 0 0 0 0 0 0 0 0 0 0 0 0 0 0 0 0 0 0 0 0 0 0 0 0 0 0 0 0 0 0 0 0 0 0 0 0 0 0 0 0 0 0 0 0 0 0 0 0 0 0 0 0 0 0 0 0 0 0 0 0 0 0 0 0 0 0 0 0 0 0 0 0 0 0 0 0 0 0 0 0 0 0 0 0 0 0 0 0 0 0 0 0 0 0 0 0 0 0 0 0 0 0 0 0 0 0 0 0 0 0 0 0 0 0 0 0 0 0 0 0 0 0 0 0 0 0 0 0 0 0 0 0 0 0 0 0 0 0 0 0 0 0 0 0 0 0 0 0 0 0 0 0 0 0 0 0 0 0 0\nctxt 176288\nbtime 1767831296\nprocesses 4175\nprocs_running 1\nprocs_blocked 0\nsoftirq 121898 0 19751 4 15291 0 0 10929 31205 83 44635\n"}
{"timestamp":1767831689,"subsystem":"/proc/meminfo","measurement":"MemTotal:        3955152 kB\nMemFree:         3301880 kB\nMemAvailable:    3489388 kB\nBuffers:            4028 kB\nCached:           400844 kB\nSwapCached:            0 kB\nActive:           208368 kB\nInactive:         276016 kB\nActive(anon):        640 kB\nInactive(anon):    99196 kB\nActive(file):     207728 kB\nInactive(file):   176820 kB\nUnevictable:        3152 kB\nMlocked:              80 kB\nSwapTotal:             0 kB\nSwapFree:              0 kB\nDirty:                40 kB\nWriteback:             0 kB\nAnonPages:         78616 kB\nMapped:            36708 kB\nShmem:             20324 kB\nKReclaimable:      31088 kB\nSlab:              58272 kB\nSReclaimable:      31088 kB\nSUnreclaim:        27184 kB\nKernelStack:        2240 kB\nPageTables:         2692 kB\nNFS_Unstable:          0 kB\nBounce:                0 kB\nWritebackTmp:          0 kB\nCommitLimit:     1977576 kB\nCommitted_AS:     306016 kB\nVmallocTotal:   34359738367 kB\nVmallocUsed:       36092 kB\nVmallocChunk:          0 kB\nPercpu:              600 kB\nHardwareCorrupted:     0 kB\nAnonHugePages:     18432 kB\nShmemHugePages:        0 kB\nShmemPmdMapped:        0 kB\nFileHugePages:         0 kB\nFilePmdMapped:         0 kB\nCmaTotal:              0 kB\nCmaFree:               0 kB\nUnaccepted:            0 kB\nHugePages_Total:       0\nHugePages_Free:        0\nHugePages_Rsvd:        0\nHugePages_Surp:        0\nHugepagesize:       2048 kB\nHugetlb:               0 kB\nDirectMap4k:       99512 kB\nDirectMap2M:     2994176 kB\nDirectMap1G:     3145728 kB\n"}
{"timestamp":1767831689,"subsystem":"/proc/net/dev","measurement":"Inter-|   Receive                                                |  Transmit\n face |bytes    packets errs drop fifo frame compressed multicast|bytes    packets errs drop fifo colls carrier compressed\n    lo:    2072      14    0    0    0     0          0         0     2072      14    0    0    0     0       0          0\n  eth0: 53442398   40523    0    0    0     0          0         0  2685348    9458    0    0    0     0       0          0\n"}
{"timestamp":1767831689,"subsystem":"/proc/diskstats","measurement":"   8      16 sdb 416 1 23834 72 355 1053 664176 851 0 756 925 9 8 33550344 1 0 0\n   8      17 sdb1 142 1 8586 24 355 1053 664176 851 0 660 877 9 8 33550344 1 0 0\n   8       0 sda 4504 1 575702 12098 2002 842 322867 2481 0 15604 15220 0 0 0 0 105 641\n   8       1 sda1 69 0 800 18 0 0 0 0 0 48 18 0 0 0 0 0 0\n   8       2 sda2 159 0 8576 46 1 0 1 0 0 72 46 0 0 0 0 0 0\n   8       3 sda3 168 0 16958 52 8 0 4137 17 0 128 70 0 0 0 0 0 0\n   8       4 sda4 4011 1 545648 11948 1993 842 318729 2463 0 15436 14412 0 0 0 0 0 0\n  11       0 sr0 63 0 440 53 0 0 0 0 0 80 53 0 0 0 0 0 0\n"}
{"timestamp":1767831689,"subsystem":"statfs[*]","measurement":"{\"mount_point\":\"/\",\"block_size\":4096,\"blocks_total\":7466684,\"blocks_free\":6509995,\"blocks_available\":6509995}\n{\"mount_point\":\"/boot\",\"block_size\":4096,\"blocks_total\":259584,\"blocks_free\":230628,\"blocks_available\":230628}\n{\"mount_point\":\"/boot/efi\",\"block_size\":8192,\"blocks_total\":65500,\"blocks_free\":65118,\"blocks_available\":65118}\n{\"mount_point\":\"/mnt\",\"block_size\":4096,\"blocks_total\":4100319,\"blocks_free\":4100313,\"blocks_available\":3886528}\n"}
{"timestamp":1767831694,"subsystem":"/proc/stat","measurement":"cpu  3848 0 1125 73623 807 0 52 0 0 0\ncpu0 2160 0 603 36357 564 0 24 0 0 0\ncpu1 1687 0 522 37265 242 0 28 0 0 0\nintr 56777 0 0 0 0 2922 0 0 0 0 0 0 0 0 0 0 0 0 0 0 0 0 0 0 0 0 0 0 0 0 0 0 0 0 0 0 0 0 0 0 0 0 0 0 0 0 0 0 0 0 0 0 0 0 0 0 0 0 0 0 0 0 0 0 0 0 0 0 0 0 0 0 0 0 0 0 0 0 0 0 0 0 0 0 0 0 0 0 0 0 0 0 0 0 0 0 0 0 0 0 0 0 0 0 0 0 0 0 0 0 0 0 0 0 0 0 0 0 0 0 0 0 0 0 0 0 0 0 0 0 0 0 0 0 0 0 0 0 0 0 0 0 0 0 0 0 0 0 0 0 0 0 0 0 0 0 0 0 0 0 0 0 0 0 0 0 0 0 0 0 0 0 0 0 0 0 0 0 0 0 0 0 0 0 0 0 0 0 0 0 0 0 0 0 0 0 0 0 0 0 0 0 0 0 0 0 0 0 0 0 0 0 0 0 0 0 0 0 0 0 0 0 0 0 0 0 0 0 0 0 0 0 0 0 0 0 0 0 0 0 0 0 0 0 0 0 0 0 0 0 0 0 0 0 0 0 0 0 0 0 0 0 0 0 0 0 0 0 0 0 0 0 0 0 0 0 0 0 0 0 0 0 0 0 0 0 0 0 0 0 0 0 0 0 0 0 0 0 0 0 0 0 0 0 0 0 0 0 0 0 0 0 0 0 0 0 0 0 0 0 0 0 0 0 0 0 0 0 0 0 0 0 0 0 0 0 0 0 0 0 0 0 0 0 0 0 0 0 0 0 0 0 0 0 0 0 0 0 0 0 0 0 0 0 0 0 0 0 0 0 0 0 0 0 0 0 0 0 0 0 0 0 0 0 0 0 0 0 0 0 0 0 0 0 0 0 0 0 0 0 0 0 0 0 0 0 0 0 0 0 0 0 0 0 0 0 0 0 0 0 0 0 0 0 0 0 0 0 0 0 0 0 0 0 0 0 0 0 0 0 0\nctxt 177024\nbtime 1767831296\nprocesses 4178\nprocs_running 1\nprocs_blocked 0\nsoftirq 122317 0 19911 4 15318 0 0 10939 31393 83 44669\n"}
{"timestamp":1767831694,"subsystem":"/proc/meminfo","measurement":"MemTotal:        3955152 kB\nMemFree:         3301880 kB\nMemAvailable:    3489392 kB\nBuffers:            4028 kB\nCached:           400848 kB\nSwapCached:            0 kB\nActive:           208368 kB\nInactive:         276048 kB\nActive(anon):        640 kB\nInactive(anon):    99224 kB\nActive(file):     207728 kB\nInactive(file):   176824 kB\nUnevictable:        3152 kB\nMlocked:              80 kB\nSwapTotal:             0 kB\nSwapFree:              0 kB\nDirty:                36 kB\nWriteback:             0 kB\nAnonPages:         78644 kB\nMapped:            36708 kB\nShmem:             20324 kB\nKReclaimable:      31088 kB\nSlab:              58228 kB\nSReclaimable:      31088 kB\nSUnreclaim:        27140 kB\nKernelStack:        2240 kB\nPageTables:         2692 kB\nNFS_Unstable:          0 kB\nBounce:                0 kB\nWritebackTmp:          0 kB\nCommitLimit:     1977576 kB\nCommitted_AS:     306016 kB\nVmallocTotal:   34359738367 kB\nVmallocUsed:       36108 kB\nVmallocChunk:          0 kB\nPercpu:              600 kB\nHardwareCorrupted:     0 kB\nAnonHugePages:     18432 kB\nShmemHugePages:        0 kB\nShmemPmdMapped:        0 kB\nFileHugePages:         0 kB\nFilePmdMapped:         0 kB\nCmaTotal:              0 kB\nCmaFree:               0 kB\nUnaccepted:            0 kB\nHugePages_Total:       0\nHugePages_Free:        0\nHugePages_Rsvd:        0\nHugePages_Surp:        0\nHugepagesize:       2048 kB\nHugetlb:               0 kB\nDirectMap4k:       99512 kB\nDirectMap2M:     2994176 kB\nDirectMap1G:     3145728 kB\n"}
{"timestamp":1767831694,"subsystem":"/proc/net/dev","measurement":"Inter-|   Receive                                                |  Transmit\n face |bytes    packets errs drop fifo frame compressed multicast|bytes    packets errs drop fifo colls carrier compressed\n    lo:    2072      14    0    0    0     0          0         0     2072      14    0    0    0     0       0          0\n  eth0: 53446280   40539    0    0    0     0          0         0  2690642    9478    0    0    0     0       0          0\n"}
{"timestamp":1767831694,"subsystem":"/proc/diskstats","measurement":"   8      16 sdb 416 1 23834 72 355 1053 664176 851 0 756 925 9 8 33550344 1 0 0\n   8      17 sdb1 142 1 8586 24 355 1053 664176 851 0 660 877 9 8 33550344 1 0 0\n   8       0 sda 4504 1 575702 12098 2005 842 322891 2482 0 15612 15221 0 0 0 0 105 641\n   8       1 sda1 69 0 800 18 0 0 0 0 0 48 18 0 0 0 0 0 0\n   8       2 sda2 159 0 8576 46 1 0 1 0 0 72 46 0 0 0 0 0 0\n   8       3 sda3 168 0 16958 52 8 0 4137 17 0 128 70 0 0 0 0 0 0\n   8       4 sda4 4011 1 545648 11948 1996 842 318753 2464 0 15444 14413 0 0 0 0 0 0\n  11       0 sr0 63 0 440 53 0 0 0 0 0 80 53 0 0 0 0 0 0\n"}
{"timestamp":1767831694,"subsystem":"statfs[*]","measurement":"{\"mount_point\":\"/\",\"block_size\":4096,\"blocks_total\":7466684,\"blocks_free\":6509999,\"blocks_available\":6509999}\n{\"mount_point\":\"/boot\",\"block_size\":4096,\"blocks_total\":259584,\"blocks_free\":230628,\"blocks_available\":230628}\n{\"mount_point\":\"/boot/efi\",\"block_size\":8192,\"blocks_total\":65500,\"blocks_free\":65118,\"blocks_available\":65118}\n{\"mount_point\":\"/mnt\",\"block_size\":4096,\"blocks_total\":4100319,\"blocks_free\":4100313,\"blocks_available\":3886528}\n"}
{"timestamp":1767831699,"subsystem":"/proc/stat","measurement":"cpu  3850 0 1125 74619 807 0 52 0 0 0\ncpu0 2162 0 603 36855 564 0 24 0 0 0\ncpu1 1687 0 522 37763 242 0 28 0 0 0\nintr 56897 0 0 0 0 2922 0 0 0 0 0 0 0 0 0 0 0 0 0 0 0 0 0 0 0 0 0 0 0 0 0 0 0 0 0 0 0 0 0 0 0 0 0 0 0 0 0 0 0 0 0 0 0 0 0 0 0 0 0 0 0 0 0 0 0 0 0 0 0 0 0 0 0 0 0 0 0 0 0 0 0 0 0 0 0 0 0 0 0 0 0 0 0 0 0 0 0 0 0 0 0 0 0 0 0 0 0 0 0 0 0 0 0 0 0 0 0 0 0 0 0 0 0 0 0 0 0 0 0 0 0 0 0 0 0 0 0 0 0 0 0 0 0 0 0 0 0 0 0 0 0 0 0 0 0 0 0 0 0 0 0 0 0 0 0 0 0 0 0 0 0 0 0 0 0 0 0 0 0 0 0 0 0 0 0 0 0 0 0 0 0 0 0 0 0 0 0 0 0 0 0 0 0 0 0 0 0 0 0 0 0 0 0 0 0 0 0 0 0 0 0 0 0 0 0 0 0 0 0 0 0 0 0 0 0 0 0 0 0 0 0 0 0 0 0 0 0 0 0 0 0 0 0 0 0 0 0 0 0 0 0 0 0 0 0 0 0 0 0 0 0 0 0 0 0 0 0 0 0 0 0 0 0 0 0 0 0 0 0 0 0 0 0 0 0 0 0 0 0 0 0 0 0 0 0 0 0 0 0 0 0 0 0 0 0 0 0 0 0 0 0 0 0 0 0 0 0 0 0 0 0 0 0 0 0 0 0 0 0 0 0 0 0 0 0 0 0 0 0 0 0 0 0 0 0 0 0 0 0 0 0 0 0 0 0 0 0 0 0 0 0 0 0 0 0 0 0 0 0 0 0 0 0 0 0 0 0 0 0 0 0 0 0 0 0 0 0 0 0 0 0 0 0 0 0 0 0 0 0 0 0 0 0 0 0 0 0 0 0 0 0 0 0 0 0 0 0 0 0 0 0 0 0 0 0 0 0 0 0 0 0\nctxt 177680\nbtime 1767831296\nprocesses 4181\nprocs_running 2\nprocs_blocked 0\nsoftirq 122728 0 20068 4 15343 0 0 10954 31578 83 44698\n"}
{"timestamp":1767831699,"subsystem":"/proc/meminfo","measurement":"MemTotal:        3955152 kB\nMemFree:         3301880 kB\nMemAvailable:    3489396 kB\nBuffers:            4028 kB\nCached:           400852 kB\nSwapCached:            0 kB\nActive:           208368 kB\nInactive:         276120 kB\nActive(anon):        640 kB\nInactive(anon):    99292 kB\nActive(file):     207728 kB\nInactive(file):   176828 kB\nUnevictable:        3152 kB\nMlocked:              80 kB\nSwapTotal:             0 kB\nSwapFree:              0 kB\nDirty:                 4 kB\nWriteback:             0 kB\nAnonPages:         78712 kB\nMapped:            36708 kB\nShmem:             20324 kB\nKReclaimable:      31088 kB\nSlab:              58228 kB\nSReclaimable:      31088 kB\nSUnreclaim:        27140 kB\nKernelStack:        2240 kB\nPageTables:         2692 kB\nNFS_Unstable:          0 kB\nBounce:                0 kB\nWritebackTmp:          0 kB\nCommitLimit:     1977576 kB\nCommitted_AS:     306016 kB\nVmallocTotal:   34359738367 kB\nVmallocUsed:       36092 kB\nVmallocChunk:          0 kB\nPercpu:              600 kB\nHardwareCorrupted:     0 kB\nAnonHugePages:     18432 kB\nShmemHugePages:        0 kB\nShmemPmdMapped:        0 kB\nFileHugePages:         0 kB\nFilePmdMapped:         0 kB\nCmaTotal:              0 kB\nCmaFree:               0 kB\nUnaccepted:            0 kB\nHugePages_Total:       0\nHugePages_Free:        0\nHugePages_Rsvd:        0\nHugePages_Surp:        0\nHugepagesize:       2048 kB\nHugetlb:               0 kB\nDirectMap4k:       99512 kB\nDirectMap2M:     2994176 kB\nDirectMap1G:     3145728 kB\n"}
{"timestamp":1767831699,"subsystem":"/proc/net/dev","measurement":"Inter-|   Receive                                                |  Transmit\n face |bytes    packets errs drop fifo frame compressed multicast|bytes    packets errs drop fifo colls carrier compressed\n    lo:    2072      14    0    0    0     0          0         0     2072      14    0    0    0     0       0          0\n  eth0: 53450076   40554    0    0    0     0          0         0  2695882    9497    0    0    0     0       0          0\n"}
{"timestamp":1767831699,"subsystem":"/proc/diskstats","measurement":"   8      16 sdb 416 1 23834 72 355 1053 664176 851 0 756 925 9 8 33550344 1 0 0\n   8      17 sdb1 142 1 8586 24 355 1053 664176 851 0 660 877 9 8 33550344 1 0 0\n   8       0 sda 4504 1 575702 12098 2024 843 323393 2509 0 15640 15249 0 0 0 0 106 641\n   8       1 sda1 69 0 800 18 0 0 0 0 0 48 18 0 0 0 0 0 0\n   8       2 sda2 159 0 8576 46 1 0 1 0 0 72 46 0 0 0 0 0 0\n   8       3 sda3 168 0 16958 52 8 0 4137 17 0 128 70 0 0 0 0 0 0\n   8       4 sda4 4011 1 545648 11948 2015 843 319255 2492 0 15472 14440 0 0 0 0 0 0\n  11       0 sr0 63 0 440 53 0 0 0 0 0 80 53 0 0 0 0 0 0\n"}
{"timestamp":1767831699,"subsystem":"statfs[*]","measurement":"{\"mount_point\":\"/\",\"block_size\":4096,\"blocks_total\":7466684,\"blocks_free\":6510003,\"blocks_available\":6510003}\n{\"mount_point\":\"/boot\",\"block_size\":4096,\"blocks_total\":259584,\"blocks_free\":230628,\"blocks_available\":230628}\n{\"mount_point\":\"/boot/efi\",\"block_size\":8192,\"blocks_total\":65500,\"blocks_free\":65118,\"blocks_available\":65118}\n{\"mount_point\":\"/mnt\",\"block_size\":4096,\"blocks_total\":4100319,\"blocks_free\":4100313,\"blocks_available\":3886528}\n"}
{"timestamp":1767831704,"subsystem":"/proc/stat","measurement":"cpu  3850 0 1125 75617 807 0 52 0 0 0\ncpu0 2162 0 603 37355 564 0 24 0 0 0\ncpu1 1688 0 522 38262 242 0 28 0 0 0\nintr 56995 0 0 0 0 2922 0 0 0 0 0 0 0 0 0 0 0 0 0 0 0 0 0 0 0 0 0 0 0 0 0 0 0 0 0 0 0 0 0 0 0 0 0 0 0 0 0 0 0 0 0 0 0 0 0 0 0 0 0 0 0 0 0 0 0 0 0 0 0 0 0 0 0 0 0 0 0 0 0 0 0 0 0 0 0 0 0 0 0 0 0 0 0 0 0 0 0 0 0 0 0 0 0 0 0 0 0 0 0 0 0 0 0 0 0 0 0 0 0 0 0 0 0 0 0 0 0 0 0 0 0 0 0 0 0 0 0 0 0 0 0 0 0 0 0 0 0 0 0 0 0 0 0 0 0 0 0 0 0 0 0 0 0 0 0 0 0 0 0 0 0 0 0 0 0 0 0 0 0 0 0 0 0 0 0 0 0 0 0 0 0 0 0 0 0 0 0 0 0 0 0 0 0 0 0 0 0 0 0 0 0 0 0 0 0 0 0 0 0 0 0 0 0 0 0 0 0 0 0 0 0 0 0 0 0 0 0 0 0 0 0 0 0 0 0 0 0 0 0 0 0 0 0 0 0 0 0 0 0 0 0 0 0 0 0 0 0 0 0 0 0 0 0 0 0 0 0 0 0 0 0 0 0 0 0 0 0 0 0 0 0 0 0 0 0 0 0 0 0 0 0 0 0 0 0 0 0 0 0 0 0 0 0 0 0 0 0 0 0 0 0 0 0 0 0 0 0 0 0 0 0 0 0 0 0 0 0 0 0 0 0 0 0 0 0 0 0 0 0 0 0 0 0 0 0 0 0 0 0 0 0 0 0 0 0 0 0 0 0 0 0 0 0 0 0 0 0 0 0 0 0 0 0 0 0 0 0 0 0 0 0 0 0 0 0 0 0 0 0 0 0 0 0 0 0 0 0 0 0 0 0 0 0 0 0 0 0 0 0 0 0 0 0 0 0 0 0 0 0 0 0 0 0 0 0 0 0 0 0 0 0\nctxt 178357\nbtime 1767831296\nprocesses 4184\nprocs_running 1\nprocs_blocked 0\nsoftirq 123049 0 20209 4 15343 0 0 10960 31735 83 44715\n"}
{"timestamp":1767831704,"subsystem":"/proc/meminfo","measurement":"MemTotal:        3955152 kB\nMemFree:         3301880 kB\nMemAvailable:    3489396 kB\nBuffers:            4028 kB\nCached:           400856 kB\nSwapCached:            0 kB\nActive:           208368 kB\nInactive:         276144 kB\nActive(anon):        640 kB\nInactive(anon):    99316 kB\nActive(file):     207728 kB\nInactive(file):   176828 kB\nUnevictable:        3152 kB\nMlocked:              80 kB\nSwapTotal:             0 kB\nSwapFree:              0 kB\nDirty:                12 kB\nWriteback:             0 kB\nAnonPages:         78760 kB\nMapped:            36708 kB\nShmem:             20324 kB\nKReclaimable:      31088 kB\nSlab:              58228 kB\nSReclaimable:      31088 kB\nSUnreclaim:        27140 kB\nKernelStack:        2240 kB\nPageTables:         2692 kB\nNFS_Unstable:          0 kB\nBounce:                0 kB\nWritebackTmp:          0 kB\nCommitLimit:     1977576 kB\nCommitted_AS:     306016 kB\nVmallocTotal:   34359738367 kB\nVmallocUsed:       36092 kB\nVmallocChunk:          0 kB\nPercpu:              600 kB\nHardwareCorrupted:     0 kB\nAnonHugePages:     18432 kB\nShmemHugePages:        0 kB\nShmemPmdMapped:        0 kB\nFileHugePages:         0 kB\nFilePmdMapped:         0 kB\nCmaTotal:              0 kB\nCmaFree:               0 kB\nUnaccepted:            0 kB\nHugePages_Total:       0\nHugePages_Free:        0\nHugePages_Rsvd:        0\nHugePages_Surp:        0\nHugepagesize:       2048 kB\nHugetlb:               0 kB\nDirectMap4k:       99512 kB\nDirectMap2M:     2994176 kB\nDirectMap1G:     3145728 kB\n"}
{"timestamp":1767831704,"subsystem":"/proc/net/dev","measurement":"Inter-|   Receive                                                |  Transmit\n face |bytes    packets errs drop fifo frame compressed multicast|bytes    packets errs drop fifo colls carrier compressed\n    lo:    2072      14    0    0    0     0          0         0     2072      14    0    0    0     0       0          0\n  eth0: 53450076   40554    0    0    0     0          0         0  2695882    9497    0    0    0     0       0          0\n"}
{"timestamp":1767831704,"subsystem":"/proc/diskstats","measurement":"   8      16 sdb 416 1 23834 72 355 1053 664176 851 0 756 925 9 8 33550344 1 0 0\n   8      17 sdb1 142 1 8586 24 355 1053 664176 851 0 660 877 9 8 33550344 1 0 0\n   8       0 sda 4504 1 575702 12098 2024 843 323393 2509 0 15640 15249 0 0 0 0 106 641\n   8       1 sda1 69 0 800 18 0 0 0 0 0 48 18 0 0 0 0 0 0\n   8       2 sda2 159 0 8576 46 1 0 1 0 0 72 46 0 0 0 0 0 0\n   8       3 sda3 168 0 16958 52 8 0 4137 17 0 128 70 0 0 0 0 0 0\n   8       4 sda4 4011 1 545648 11948 2015 843 319255 2492 0 15472 14440 0 0 0 0 0 0\n  11       0 sr0 63 0 440 53 0 0 0 0 0 80 53 0 0 0 0 0 0\n"}
{"timestamp":1767831704,"subsystem":"statfs[*]","measurement":"{\"mount_point\":\"/\",\"block_size\":4096,\"blocks_total\":7466684,\"blocks_free\":6509997,\"blocks_available\":6509997}\n{\"mount_point\":\"/boot\",\"block_size\":4096,\"blocks_total\":259584,\"blocks_free\":230628,\"blocks_available\":230628}\n{\"mount_point\":\"/boot/efi\",\"block_size\":8192,\"blocks_total\":65500,\"blocks_free\":65118,\"blocks_available\":65118}\n{\"mount_point\":\"/mnt\",\"block_size\":4096,\"blocks_total\":4100319,\"blocks_free\":4100313,\"blocks_available\":3886528}\n"}
{"timestamp":1767831709,"subsystem":"/proc/stat","measurement":"cpu  3891 0 1128 76570 807 0 52 0 0 0\ncpu0 2165 0 603 37849 565 0 24 0 0 0\ncpu1 1726 0 524 38721 242 0 28 0 0 0\nintr 57343 0 0 0 0 2922 0 0 0 0 0 0 0 0 0 0 0 0 0 0 0 0 0 0 0 0 0 0 0 0 0 0 0 0 0 0 0 0 0 0 0 0 0 0 0 0 0 0 0 0 0 0 0 0 0 0 0 0 0 0 0 0 0 0 0 0 0 0 0 0 0 0 0 0 0 0 0 0 0 0 0 0 0 0 0 0 0 0 0 0 0 0 0 0 0 0 0 0 0 0 0 0 0 0 0 0 0 0 0 0 0 0 0 0 0 0 0 0 0 0 0 0 0 0 0 0 0 0 0 0 0 0 0 0 0 0 0 0 0 0 0 0 0 0 0 0 0 0 0 0 0 0 0 0 0 0 0 0 0 0 0 0 0 0 0 0 0 0 0 0 0 0 0 0 0 0 0 0 0 0 0 0 0 0 0 0 0 0 0 0 0 0 0 0 0 0 0 0 0 0 0 0 0 0 0 0 0 0 0 0 0 0 0 0 0 0 0 0 0 0 0 0 0 0 0 0 0 0 0 0 0 0 0 0 0 0 0 0 0 0 0 0 0 0 0 0 0 0 0 0 0 0 0 0 0 0 0 0 0 0 0 0 0 0 0 0 0 0 0 0 0 0 0 0 0 0 0 0 0 0 0 0 0 0 0 0 0 0 0 0 0 0 0 0 0 0 0 0 0 0 0 0 0 0 0 0 0 0 0 0 0 0 0 0 0 0 0 0 0 0 0 0 0 0 0 0 0 0 0 0 0 0 0 0 0 0 0 0 0 0 0 0 0 0 0 0 0 0 0 0 0 0 0 0 0 0 0 0 0 0 0 0 0 0 0 0 0 0 0 0 0 0 0 0 0 0 0 0 0 0 0 0 0 0 0 0 0 0 0 0 0 0 0 0 0 0 0 0 0 0 0 0 0 0 0 0 0 0 0 0 0 0 0 0 0 0 0 0 0 0 0 0 0 0 0 0 0 0 0 0 0 0 0 0 0 0 0 0 0 0 0\nctxt 179587\nbtime 1767831296\nprocesses 4217\nprocs_running 3\nprocs_blocked 0\nsoftirq 123734 0 20387 4 15414 0 0 10968 32022 83 44856\n"}
{"timestamp":1767831709,"subsystem":"/proc/meminfo","measurement":"MemTotal:        3955152 kB\nMemFree:         3301640 kB\nMemAvailable:    3489172 kB\nBuffers:            4028 kB\nCached:           400876 kB\nSwapCached:            0 kB\nActive:           208376 kB\nInactive:         279068 kB\nActive(anon):        636 kB\nInactive(anon):   102236 kB\nActive(file):     207740 kB\nInactive(file):   176832 kB\nUnevictable:        3152 kB\nMlocked:              80 kB\nSwapTotal:             0 kB\nSwapFree:              0 kB\nDirty:                32 kB\nWriteback:             0 kB\nAnonPages:         81680 kB\nMapped:            37484 kB\nShmem:             20332 kB\nKReclaimable:      31088 kB\nSlab:              58392 kB\nSReclaimable:      31088 kB\nSUnreclaim:        27304 kB\nKernelStack:        2304 kB\nPageTables:         2960 kB\nNFS_Unstable:          0 kB\nBounce:                0 kB\nWritebackTmp:          0 kB\nCommitLimit:     1977576 kB\nCommitted_AS:     313760 kB\nVmallocTotal:   34359738367 kB\nVmallocUsed:       36172 kB\nVmallocChunk:          0 kB\nPercpu:              600 kB\nHardwareCorrupted:     0 kB\nAnonHugePages:     18432 kB\nShmemHugePages:        0 kB\nShmemPmdMapped:        0 kB\nFileHugePages:         0 kB\nFilePmdMapped:         0 kB\nCmaTotal:              0 kB\nCmaFree:               0 kB\nUnaccepted:            0 kB\nHugePages_Total:       0\nHugePages_Free:        0\nHugePages_Rsvd:        0\nHugePages_Surp:        0\nHugepagesize:       2048 kB\nHugetlb:               0 kB\nDirectMap4k:       99512 kB\nDirectMap2M:     2994176 kB\nDirectMap1G:     3145728 kB\n"}
{"timestamp":1767831709,"subsystem":"/proc/net/dev","measurement":"Inter-|   Receive                                                |  Transmit\n face |bytes    packets errs drop fifo frame compressed multicast|bytes    packets errs drop fifo colls carrier compressed\n    lo:    2072      14    0    0    0     0          0         0     2072      14    0    0    0     0       0          0\n  eth0: 53458560   40596    0    0    0     0          0         0  2705833    9537    0    0    0     0       0          0\n"}
{"timestamp":1767831709,"subsystem":"/proc/diskstats","measurement":"   8      16 sdb 416 1 23834 72 355 1053 664176 851 0 756 925 9 8 33550344 1 0 0\n   8      17 sdb1 142 1 8586 24 355 1053 664176 851 0 660 877 9 8 33550344 1 0 0\n   8       0 sda 4504 1 575702 12098 2025 843 323401 2510 0 15644 15249 0 0 0 0 106 641\n   8       1 sda1 69 0 800 18 0 0 0 0 0 48 18 0 0 0 0 0 0\n   8       2 sda2 159 0 8576 46 1 0 1 0 0 72 46 0 0 0 0 0 0\n   8       3 sda3 168 0 16958 52 8 0 4137 17 0 128 70 0 0 0 0 0 0\n   8       4 sda4 4011 1 545648 11948 2016 843 319263 2492 0 15476 14440 0 0 0 0 0 0\n  11       0 sr0 63 0 440 53 0 0 0 0 0 80 53 0 0 0 0 0 0\n"}
{"timestamp":1767831709,"subsystem":"statfs[*]","measurement":"{\"mount_point\":\"/\",\"block_size\":4096,\"blocks_total\":7466684,\"blocks_free\":6509958,\"blocks_available\":6509958}\n{\"mount_point\":\"/boot\",\"block_size\":4096,\"blocks_total\":259584,\"blocks_free\":230628,\"blocks_available\":230628}\n{\"mount_point\":\"/boot/efi\",\"block_size\":8192,\"blocks_total\":65500,\"blocks_free\":65118,\"blocks_available\":65118}\n{\"mount_point\":\"/mnt\",\"block_size\":4096,\"blocks_total\":4100319,\"blocks_free\":4100313,\"blocks_available\":3886528}\n"}
{"timestamp":1767831714,"subsystem":"/proc/stat","measurement":"cpu  4398 0 1132 77059 808 0 52 0 0 0\ncpu0 2420 0 606 38090 565 0 24 0 0 0\ncpu1 1977 0 525 38969 242 0 28 0 0 0\nintr 57523 0 0 0 0 2922 0 0 0 0 0 0 0 0 0 0 0 0 0 0 0 0 0 0 0 0 0 0 0 0 0 0 0 0 0 0 0 0 0 0 0 0 0 0 0 0 0 0 0 0 0 0 0 0 0 0 0 0 0 0 0 0 0 0 0 0 0 0 0 0 0 0 0 0 0 0 0 0 0 0 0 0 0 0 0 0 0 0 0 0 0 0 0 0 0 0 0 0 0 0 0 0 0 0 0 0 0 0 0 0 0 0 0 0 0 0 0 0 0 0 0 0 0 0 0 0 0 0 0 0 0 0 0 0 0 0 0 0 0 0 0 0 0 0 0 0 0 0 0 0 0 0 0 0 0 0 0 0 0 0 0 0 0 0 0 0 0 0 0 0 0 0 0 0 0 0 0 0 0 0 0 0 0 0 0 0 0 0 0 0 0 0 0 0 0 0 0 0 0 0 0 0 0 0 0 0 0 0 0 0 0 0 0 0 0 0 0 0 0 0 0 0 0 0 0 0 0 0 0 0 0 0 0 0 0 0 0 0 0 0 0 0 0 0 0 0 0 0 0 0 0 0 0 0 0 0 0 0 0 0 0 0 0 0 0 0 0 0 0 0 0 0 0 0 0 0 0 0 0 0 0 0 0 0 0 0 0 0 0 0 0 0 0 0 0 0 0 0 0 0 0 0 0 0 0 0 0 0 0 0 0 0 0 0 0 0 0 0 0 0 0 0 0 0 0 0 0 0 0 0 0 0 0 0 0 0 0 0 0 0 0 0 0 0 0 0 0 0 0 0 0 0 0 0 0 0 0 0 0 0 0 0 0 0 0 0 0 0 0 0 0 0 0 0 0 0 0 0 0 0 0 0 0 0 0 0 0 0 0 0 0 0 0 0 0 0 0 0 0 0 0 0 0 0 0 0 0 0 0 0 0 0 0 0 0 0 0 0 0 0 0 0 0 0 0 0 0 0 0 0 0 0 0 0 0 0 0 0 0 0 0\nctxt 180783\nbtime 1767831296\nprocesses 4252\nprocs_running 2\nprocs_blocked 0\nsoftirq 124709 0 20605 4 15490 0 0 10979 32428 83 45120\n"}
{"timestamp":1767831714,"subsystem":"/proc/meminfo","measurement":"MemTotal:        3955152 kB\nMemFree:         3301640 kB\nMemAvailable:    3489204 kB\nBuffers:            4028 kB\nCached:           400892 kB\nSwapCached:            0 kB\nActive:           208388 kB\nInactive:         279348 kB\nActive(anon):        648 kB\nInactive(anon):   102500 kB\nActive(file):     207740 kB\nInactive(file):   176848 kB\nUnevictable:        3152 kB\nMlocked:              80 kB\nSwapTotal:             0 kB\nSwapFree:              0 kB\nDirty:                32 kB\nWriteback:             0 kB\nAnonPages:         81920 kB\nMapped:            37500 kB\nShmem:             20332 kB\nKReclaimable:      31120 kB\nSlab:              58572 kB\nSReclaimable:      31120 kB\nSUnreclaim:        27452 kB\nKernelStack:        2304 kB\nPageTables:         2960 kB\nNFS_Unstable:          0 kB\nBounce:                0 kB\nWritebackTmp:          0 kB\nCommitLimit:     1977576 kB\nCommitted_AS:     313760 kB\nVmallocTotal:   34359738367 kB\nVmallocUsed:       36188 kB\nVmallocChunk:          0 kB\nPercpu:              600 kB\nHardwareCorrupted:     0 kB\nAnonHugePages:     18432 kB\nShmemHugePages:        0 kB\nShmemPmdMapped:        0 kB\nFileHugePages:         0 kB\nFilePmdMapped:         0 kB\nCmaTotal:              0 kB\nCmaFree:               0 kB\nUnaccepted:            0 kB\nHugePages_Total:       0\nHugePages_Free:        0\nHugePages_Rsvd:        0\nHugePages_Surp:        0\nHugepagesize:       2048 kB\nHugetlb:               0 kB\nDirectMap4k:       99512 kB\nDirectMap2M:     2994176 kB\nDirectMap1G:     3145728 kB\n"}
{"timestamp":1767831714,"subsystem":"/proc/net/dev","measurement":"Inter-|   Receive                                                |  Transmit\n face |bytes    packets errs drop fifo frame compressed multicast|bytes    packets errs drop fifo colls carrier compressed\n    lo:    2072      14    0    0    0     0          0         0     2072      14    0    0    0     0       0          0\n  eth0: 53467396   40642    0    0    0     0          0         0  2715956    9579    0    0    0     0       0          0\n"}
{"timestamp":1767831714,"subsystem":"/proc/diskstats","measurement":"   8      16 sdb 416 1 23834 72 355 1053 664176 851 0 756 925 9 8 33550344 1 0 0\n   8      17 sdb1 142 1 8586 24 355 1053 664176 851 0 660 877 9 8 33550344 1 0 0\n   8       0 sda 4504 1 575702 12098 2029 843 323450 2528 0 15672 15270 0 0 0 0 107 643\n   8       1 sda1 69 0 800 18 0 0 0 0 0 48 18 0 0 0 0 0 0\n   8       2 sda2 159 0 8576 46 1 0 1 0 0 72 46 0 0 0 0 0 0\n   8       3 sda3 168 0 16958 52 8 0 4137 17 0 128 70 0 0 0 0 0 0\n   8       4 sda4 4011 1 545648 11948 2020 843 319312 2511 0 15504 14459 0 0 0 0 0 0\n  11       0 sr0 63 0 440 53 0 0 0 0 0 80 53 0 0 0 0 0 0\n"}
{"timestamp":1767831714,"subsystem":"statfs[*]","measurement":"{\"mount_point\":\"/\",\"block_size\":4096,\"blocks_total\":7466684,\"blocks_free\":6509962,\"blocks_available\":6509962}\n{\"mount_point\":\"/boot\",\"block_size\":4096,\"blocks_total\":259584,\"blocks_free\":230628,\"blocks_available\":230628}\n{\"mount_point\":\"/boot/efi\",\"block_size\":8192,\"blocks_total\":65500,\"blocks_free\":65118,\"blocks_available\":65118}\n{\"mount_point\":\"/mnt\",\"block_size\":4096,\"blocks_total\":4100319,\"blocks_free\":4100313,\"blocks_available\":3886528}\n"}
{"timestamp":1767831719,"subsystem":"/proc/stat","measurement":"cpu  4899 0 1132 77557 808 0 54 0 0 0\ncpu0 2790 0 606 38220 565 0 25 0 0 0\ncpu1 2109 0 526 39336 242 0 29 0 0 0\nintr 57734 0 0 0 0 2922 0 0 0 0 0 0 0 0 0 0 0 0 0 0 0 0 0 0 0 0 0 0 0 0 0 0 0 0 0 0 0 0 0 0 0 0 0 0 0 0 0 0 0 0 0 0 0 0 0 0 0 0 0 0 0 0 0 0 0 0 0 0 0 0 0 0 0 0 0 0 0 0 0 0 0 0 0 0 0 0 0 0 0 0 0 0 0 0 0 0 0 0 0 0 0 0 0 0 0 0 0 0 0 0 0 0 0 0 0 0 0 0 0 0 0 0 0 0 0 0 0 0 0 0 0 0 0 0 0 0 0 0 0 0 0 0 0 0 0 0 0 0 0 0 0 0 0 0 0 0 0 0 0 0 0 0 0 0 0 0 0 0 0 0 0 0 0 0 0 0 0 0 0 0 0 0 0 0 0 0 0 0 0 0 0 0 0 0 0 0 0 0 0 0 0 0 0 0 0 0 0 0 0 0 0 0 0 0 0 0 0 0 0 0 0 0 0 0 0 0 0 0 0 0 0 0 0 0 0 0 0 0 0 0 0 0 0 0 0 0 0 0 0 0 0 0 0 0 0 0 0 0 0 0 0 0 0 0 0 0 0 0 0 0 0 0 0 0 0 0 0 0 0 0 0 0 0 0 0 0 0 0 0 0 0 0 0 0 0 0 0 0 0 0 0 0 0 0 0 0 0 0 0 0 0 0 0 0 0 0 0 0 0 0 0 0 0 0 0 0 0 0 0 0 0 0 0 0 0 0 0 0 0 0 0 0 0 0 0 0 0 0 0 0 0 0 0 0 0 0 0 0 0 0 0 0 0 0 0 0 0 0 0 0 0 0 0 0 0 0 0 0 0 0 0 0 0 0 0 0 0 0 0 0 0 0 0 0 0 0 0 0 0 0 0 0 0 0 0 0 0 0 0 0 0 0 0 0 0 0 0 0 0 0 0 0 0 0 0 0 0 0 0 0 0 0 0 0 0 0 0 0 0 0 0\nctxt 181363\nbtime 1767831296\nprocesses 4255\nprocs_running 3\nprocs_blocked 0\nsoftirq 125334 0 20773 4 15519 0 0 10986 32787 83 45182\n"}
{"timestamp":1767831719,"subsystem":"/proc/meminfo","measurement":"MemTotal:        3955152 kB\nMemFree:         3301640 kB\nMemAvailable:    3489208 kB\nBuffers:            4028 kB\nCached:           400896 kB\nSwapCached:            0 kB\nActive:           208392 kB\nInactive:         279376 kB\nActive(anon):        652 kB\nInactive(anon):   102524 kB\nActive(file):     207740 kB\nInactive(file):   176852 kB\nUnevictable:        3152 kB\nMlocked:              80 kB\nSwapTotal:             0 kB\nSwapFree:              0 kB\nDirty:                36 kB\nWriteback:             0 kB\nAnonPages:         83972 kB\nMapped:            37500 kB\nShmem:             20332 kB\nKReclaimable:      31120 kB\nSlab:              58572 kB\nSReclaimable:      31120 kB\nSUnreclaim:        27452 kB\nKernelStack:        2304 kB\nPageTables:         2960 kB\nNFS_Unstable:          0 kB\nBounce:                0 kB\nWritebackTmp:          0 kB\nCommitLimit:     1977576 kB\nCommitted_AS:     313760 kB\nVmallocTotal:   34359738367 kB\nVmallocUsed:       36172 kB\nVmallocChunk:          0 kB\nPercpu:              600 kB\nHardwareCorrupted:     0 kB\nAnonHugePages:     20480 kB\nShmemHugePages:        0 kB\nShmemPmdMapped:        0 kB\nFileHugePages:         0 kB\nFilePmdMapped:         0 kB\nCmaTotal:              0 kB\nCmaFree:               0 kB\nUnaccepted:            0 kB\nHugePages_Total:       0\nHugePages_Free:        0\nHugePages_Rsvd:        0\nHugePages_Surp:        0\nHugepagesize:       2048 kB\nHugetlb:               0 kB\nDirectMap4k:       99512 kB\nDirectMap2M:     2994176 kB\nDirectMap1G:     3145728 kB\n"}
{"timestamp":1767831719,"subsystem":"/proc/net/dev","measurement":"Inter-|   Receive                                                |  Transmit\n face |bytes    packets errs drop fifo frame compressed multicast|bytes    packets errs drop fifo colls carrier compressed\n    lo:    2072      14    0    0    0     0          0         0     2072      14    0    0    0     0       0          0\n  eth0: 53471552   40661    0    0    0     0          0         0  2721556    9602    0    0    0     0       0          0\n"}
{"timestamp":1767831719,"subsystem":"/proc/diskstats","measurement":"   8      16 sdb 416 1 23834 72 355 1053 664176 851 0 756 925 9 8 33550344 1 0 0\n   8      17 sdb1 142 1 8586 24 355 1053 664176 851 0 660 877 9 8 33550344 1 0 0\n   8       0 sda 4504 1 575702 12098 2030 843 323458 2529 0 15676 15270 0 0 0 0 107 643\n   8       1 sda1 69 0 800 18 0 0 0 0 0 48 18 0 0 0 0 0 0\n   8       2 sda2 159 0 8576 46 1 0 1 0 0 72 46 0 0 0 0 0 0\n   8       3 sda3 168 0 16958 52 8 0 4137 17 0 128 70 0 0 0 0 0 0\n   8       4 sda4 4011 1 545648 11948 2021 843 319320 2511 0 15508 14459 0 0 0 0 0 0\n  11       0 sr0 63 0 440 53 0 0 0 0 0 80 53 0 0 0 0 0 0\n"}
{"timestamp":1767831719,"subsystem":"statfs[*]","measurement":"{\"mount_point\":\"/\",\"block_size\":4096,\"blocks_total\":7466684,\"blocks_free\":6509961,\"blocks_available\":6509961}\n{\"mount_point\":\"/boot\",\"block_size\":4096,\"blocks_total\":259584,\"blocks_free\":230628,\"blocks_available\":230628}\n{\"mount_point\":\"/boot/efi\",\"block_size\":8192,\"blocks_total\":65500,\"blocks_free\":65118,\"blocks_available\":65118}\n{\"mount_point\":\"/mnt\",\"block_size\":4096,\"blocks_total\":4100319,\"blocks_free\":4100313,\"blocks_available\":3886528}\n"}
{"timestamp":1767831724,"subsystem":"/proc/stat","measurement":"cpu  5443 0 1138 78008 808 0 56 0 0 0\ncpu0 3219 0 608 38289 565 0 25 0 0 0\ncpu1 2224 0 529 39718 242 0 30 0 0 0\nintr 57915 0 0 0 0 2922 0 0 0 0 0 0 0 0 0 0 0 0 0 0 0 0 0 0 0 0 0 0 0 0 0 0 0 0 0 0 0 0 0 0 0 0 0 0 0 0 0 0 0 0 0 0 0 0 0 0 0 0 0 0 0 0 0 0 0 0 0 0 0 0 0 0 0 0 0 0 0 0 0 0 0 0 0 0 0 0 0 0 0 0 0 0 0 0 0 0 0 0 0 0 0 0 0 0 0 0 0 0 0 0 0 0 0 0 0 0 0 0 0 0 0 0 0 0 0 0 0 0 0 0 0 0 0 0 0 0 0 0 0 0 0 0 0 0 0 0 0 0 0 0 0 0 0 0 0 0 0 0 0 0 0 0 0 0 0 0 0 0 0 0 0 0 0 0 0 0 0 0 0 0 0 0 0 0 0 0 0 0 0 0 0 0 0 0 0 0 0 0 0 0 0 0 0 0 0 0 0 0 0 0 0 0 0 0 0 0 0 0 0 0 0 0 0 0 0 0 0 0 0 0 0 0 0 0 0 0 0 0 0 0 0 0 0 0 0 0 0 0 0 0 0 0 0 0 0 0 0 0 0 0 0 0 0 0 0 0 0 0 0 0 0 0 0 0 0 0 0 0 0 0 0 0 0 0 0 0 0 0 0 0 0 0 0 0 0 0 0 0 0 0 0 0 0 0 0 0 0 0 0 0 0 0 0 0 0 0 0 0 0 0 0 0 0 0 0 0 0 0 0 0 0 0 0 0 0 0 0 0 0 0 0 0 0 0 0 0 0 0 0 0 0 0 0 0 0 0 0 0 0 0 0 0 0 0 0 0 0 0 0 0 0 0 0 0 0 0 0 0 0 0 0 0 0 0 0 0 0 0 0 0 0 0 0 0 0 0 0 0 0 0 0 0 0 0 0 0 0 0 0 0 0 0 0 0 0 0 0 0 0 0 0 0 0 0 0 0 0 0 0 0 0 0 0 0 0 0 0 0 0 0 0\nctxt 182313\nbtime 1767831296\nprocesses 4262\nprocs_running 2\nprocs_blocked 0\nsoftirq 126434 0 21016 4 15641 0 0 10995 33179 83 45516\n"}
{"timestamp":1767831724,"subsystem":"/proc/meminfo","measurement":"MemTotal:        3955152 kB\nMemFree:         3332940 kB\nMemAvailable:    3520512 kB\nBuffers:            4028 kB\nCached:           400900 kB\nSwapCached:            0 kB\nActive:           208392 kB\nInactive:         279428 kB\nActive(anon):        652 kB\nInactive(anon):   102572 kB\nActive(file):     207740 kB\nInactive(file):   176856 kB\nUnevictable:        3152 kB\nMlocked:              80 kB\nSwapTotal:             0 kB\nSwapFree:              0 kB\nDirty:                48 kB\nWriteback:             0 kB\nAnonPages:         84020 kB\nMapped:            37500 kB\nShmem:             20332 kB\nKReclaimable:      31120 kB\nSlab:              58488 kB\nSReclaimable:      31120 kB\nSUnreclaim:        27368 kB\nKernelStack:        2304 kB\nPageTables:         2960 kB\nNFS_Unstable:          0 kB\nBounce:                0 kB\nWritebackTmp:          0 kB\nCommitLimit:     1977576 kB\nCommitted_AS:     313760 kB\nVmallocTotal:   34359738367 kB\nVmallocUsed:       36156 kB\nVmallocChunk:          0 kB\nPercpu:              600 kB\nHardwareCorrupted:     0 kB\nAnonHugePages:     20480 kB\nShmemHugePages:        0 kB\nShmemPmdMapped:        0 kB\nFileHugePages:         0 kB\nFilePmdMapped:         0 kB\nCmaTotal:              0 kB\nCmaFree:               0 kB\nUnaccepted:            0 kB\nHugePages_Total:       0\nHugePages_Free:        0\nHugePages_Rsvd:        0\nHugePages_Surp:        0\nHugepagesize:       2048 kB\nHugetlb:               0 kB\nDirectMap4k:       99512 kB\nDirectMap2M:     2994176 kB\nDirectMap1G:     3145728 kB\n"}
{"timestamp":1767831724,"subsystem":"/proc/net/dev","measurement":"Inter-|   Receive                                                |  Transmit\n face |bytes    packets errs drop fifo frame compressed multicast|bytes    packets errs drop fifo colls carrier compressed\n    lo:    2072      14    0    0    0     0          0         0     2072      14    0    0    0     0       0          0\n  eth0: 53495705   40728    0    0    0     0          0         0  2738487    9684    0    0    0     0       0          0\n"}
{"timestamp":1767831724,"subsystem":"/proc/diskstats","measurement":"   8      16 sdb 416 1 23834 72 355 1053 664176 851 0 756 925 9 8 33550344 1 0 0\n   8      17 sdb1 142 1 8586 24 355 1053 664176 851 0 660 877 9 8 33550344 1 0 0\n   8       0 sda 4504 1 575702 12098 2032 843 323474 2529 0 15684 15271 0 0 0 0 107 643\n   8       1 sda1 69 0 800 18 0 0 0 0 0 48 18 0 0 0 0 0 0\n   8       2 sda2 159 0 8576 46 1 0 1 0 0 72 46 0 0 0 0 0 0\n   8       3 sda3 168 0 16958 52 8 0 4137 17 0 128 70 0 0 0 0 0 0\n   8       4 sda4 4011 1 545648 11948 2023 843 319336 2511 0 15516 14460 0 0 0 0 0 0\n  11       0 sr0 63 0 440 53 0 0 0 0 0 80 53 0 0 0 0 0 0\n"}
{"timestamp":1767831724,"subsystem":"statfs[*]","measurement":"{\"mount_point\":\"/\",\"block_size\":4096,\"blocks_total\":7466684,\"blocks_free\":6509960,\"blocks_available\":6509960}\n{\"mount_point\":\"/boot\",\"block_size\":4096,\"blocks_total\":259584,\"blocks_free\":230628,\"blocks_available\":230628}\n{\"mount_point\":\"/boot/efi\",\"block_size\":8192,\"blocks_total\":65500,\"blocks_free\":65118,\"blocks_available\":65118}\n{\"mount_point\":\"/mnt\",\"block_size\":4096,\"blocks_total\":4100319,\"blocks_free\":4100313,\"blocks_available\":3886528}\n"}
{"timestamp":1767831729,"subsystem":"/proc/stat","measurement":"cpu  5944 0 1138 78505 808 0 56 0 0 0\ncpu0 3716 0 608 38291 565 0 25 0 0 0\ncpu1 2228 0 530 40213 242 0 31 0 0 0\nintr 58089 0 0 0 0 2922 0 0 0 0 0 0 0 0 0 0 0 0 0 0 0 0 0 0 0 0 0 0 0 0 0 0 0 0 0 0 0 0 0 0 0 0 0 0 0 0 0 0 0 0 0 0 0 0 0 0 0 0 0 0 0 0 0 0 0 0 0 0 0 0 0 0 0 0 0 0 0 0 0 0 0 0 0 0 0 0 0 0 0 0 0 0 0 0 0 0 0 0 0 0 0 0 0 0 0 0 0 0 0 0 0 0 0 0 0 0 0 0 0 0 0 0 0 0 0 0 0 0 0 0 0 0 0 0 0 0 0 0 0 0 0 0 0 0 0 0 0 0 0 0 0 0 0 0 0 0 0 0 0 0 0 0 0 0 0 0 0 0 0 0 0 0 0 0 0 0 0 0 0 0 0 0 0 0 0 0 0 0 0 0 0 0 0 0 0 0 0 0 0 0 0 0 0 0 0 0 0 0 0 0 0 0 0 0 0 0 0 0 0 0 0 0 0 0 0 0 0 0 0 0 0 0 0 0 0 0 0 0 0 0 0 0 0 0 0 0 0 0 0 0 0 0 0 0 0 0 0 0 0 0 0 0 0 0 0 0 0 0 0 0 0 0 0 0 0 0 0 0 0 0 0 0 0 0 0 0 0 0 0 0 0 0 0 0 0 0 0 0 0 0 0 0 0 0 0 0 0 0 0 0 0 0 0 0 0 0 0 0 0 0 0 0 0 0 0 0 0 0 0 0 0 0 0 0 0 0 0 0 0 0 0 0 0 0 0 0 0 0 0 0 0 0 0 0 0 0 0 0 0 0 0 0 0 0 0 0 0 0 0 0 0 0 0 0 0 0 0 0 0 0 0 0 0 0 0 0 0 0 0 0 0 0 0 0 0 0 0 0 0 0 0 0 0 0 0 0 0 0 0 0 0 0 0 0 0 0 0 0 0 0 0 0 0 0 0 0 0 0 0 0 0 0 0 0 0 0 0 0 0 0 0\nctxt 182883\nbtime 1767831296\nprocesses 4265\nprocs_running 2\nprocs_blocked 0\nsoftirq 127042 0 21178 4 15667 0 0 11013 33542 83 45555\n"}
{"timestamp":1767831729,"subsystem":"/proc/meminfo","measurement":"MemTotal:        3955152 kB\nMemFree:         3331684 kB\nMemAvailable:    3519260 kB\nBuffers:            4028 kB\nCached:           400904 kB\nSwapCached:            0 kB\nActive:           208392 kB\nInactive:         279436 kB\nActive(anon):        652 kB\nInactive(anon):   102576 kB\nActive(file):     207740 kB\nInactive(file):   176860 kB\nUnevictable:        3152 kB\nMlocked:              80 kB\nSwapTotal:             0 kB\nSwapFree:              0 kB\nDirty:                48 kB\nWriteback:             0 kB\nAnonPages:         84024 kB\nMapped:            37500 kB\nShmem:             20332 kB\nKReclaimable:      31120 kB\nSlab:              58492 kB\nSReclaimable:      31120 kB\nSUnreclaim:        27372 kB\nKernelStack:        2304 kB\nPageTables:         2960 kB\nNFS_Unstable:          0 kB\nBounce:                0 kB\nWritebackTmp:          0 kB\nCommitLimit:     1977576 kB\nCommitted_AS:     313760 kB\nVmallocTotal:   34359738367 kB\nVmallocUsed:       36172 kB\nVmallocChunk:          0 kB\nPercpu:              600 kB\nHardwareCorrupted:     0 kB\nAnonHugePages:     20480 kB\nShmemHugePages:        0 kB\nShmemPmdMapped:        0 kB\nFileHugePages:         0 kB\nFilePmdMapped:         0 kB\nCmaTotal:              0 kB\nCmaFree:               0 kB\nUnaccepted:            0 kB\nHugePages_Total:       0\nHugePages_Free:        0\nHugePages_Rsvd:        0\nHugePages_Surp:        0\nHugepagesize:       2048 kB\nHugetlb:               0 kB\nDirectMap4k:       99512 kB\nDirectMap2M:     2994176 kB\nDirectMap1G:     3145728 kB\n"}
{"timestamp":1767831729,"subsystem":"/proc/net/dev","measurement":"Inter-|   Receive                                                |  Transmit\n face |bytes    packets errs drop fifo frame compressed multicast|bytes    packets errs drop fifo colls carrier compressed\n    lo:    2072      14    0    0    0     0          0         0     2072      14    0    0    0     0       0          0\n  eth0: 53499501   40743    0    0    0     0          0         0  2743727    9703    0    0    0     0       0          0\n"}
{"timestamp":1767831729,"subsystem":"/proc/diskstats","measurement":"   8      16 sdb 416 1 23834 72 355 1053 664176 851 0 756 925 9 8 33550344 1 0 0\n   8      17 sdb1 142 1 8586 24 355 1053 664176 851 0 660 877 9 8 33550344 1 0 0\n   8       0 sda 4504 1 575702 12098 2046 845 323701 2535 0 15700 15276 0 0 0 0 107 643\n   8       1 sda1 69 0 800 18 0 0 0 0 0 48 18 0 0 0 0 0 0\n   8       2 sda2 159 0 8576 46 1 0 1 0 0 72 46 0 0 0 0 0 0\n   8       3 sda3 168 0 16958 52 8 0 4137 17 0 128 70 0 0 0 0 0 0\n   8       4 sda4 4011 1 545648 11948 2037 845 319563 2517 0 15532 14465 0 0 0 0 0 0\n  11       0 sr0 63 0 440 53 0 0 0 0 0 80 53 0 0 0 0 0 0\n"}
{"timestamp":1767831729,"subsystem":"statfs[*]","measurement":"{\"mount_point\":\"/\",\"block_size\":4096,\"blocks_total\":7466684,\"blocks_free\":6509959,\"blocks_available\":6509959}\n{\"mount_point\":\"/boot\",\"block_size\":4096,\"blocks_total\":259584,\"blocks_free\":230628,\"blocks_available\":230628}\n{\"mount_point\":\"/boot/efi\",\"block_size\":8192,\"blocks_total\":65500,\"blocks_free\":65118,\"blocks_available\":65118}\n{\"mount_point\":\"/mnt\",\"block_size\":4096,\"blocks_total\":4100319,\"blocks_free\":4100313,\"blocks_available\":3886528}\n"}
{"timestamp":1767831734,"subsystem":"/proc/stat","measurement":"cpu  6453 0 1146 78988 808 0 58 0 0 0\ncpu0 4215 0 608 38292 565 0 25 0 0 0\ncpu1 2237 0 538 40695 242 0 32 0 0 0\nintr 58284 0 0 0 0 2922 0 0 0 0 0 0 0 0 0 0 0 0 0 0 0 0 0 0 0 0 0 0 0 0 0 0 0 0 0 0 0 0 0 0 0 0 0 0 0 0 0 0 0 0 0 0 0 0 0 0 0 0 0 0 0 0 0 0 0 0 0 0 0 0 0 0 0 0 0 0 0 0 0 0 0 0 0 0 0 0 0 0 0 0 0 0 0 0 0 0 0 0 0 0 0 0 0 0 0 0 0 0 0 0 0 0 0 0 0 0 0 0 0 0 0 0 0 0 0 0 0 0 0 0 0 0 0 0 0 0 0 0 0 0 0 0 0 0 0 0 0 0 0 0 0 0 0 0 0 0 0 0 0 0 0 0 0 0 0 0 0 0 0 0 0 0 0 0 0 0 0 0 0 0 0 0 0 0 0 0 0 0 0 0 0 0 0 0 0 0 0 0 0 0 0 0 0 0 0 0 0 0 0 0 0 0 0 0 0 0 0 0 0 0 0 0 0 0 0 0 0 0 0 0 0 0 0 0 0 0 0 0 0 0 0 0 0 0 0 0 0 0 0 0 0 0 0 0 0 0 0 0 0 0 0 0 0 0 0 0 0 0 0 0 0 0 0 0 0 0 0 0 0 0 0 0 0 0 0 0 0 0 0 0 0 0 0 0 0 0 0 0 0 0 0 0 0 0 0 0 0 0 0 0 0 0 0 0 0 0 0 0 0 0 0 0 0 0 0 0 0 0 0 0 0 0 0 0 0 0 0 0 0 0 0 0 0 0 0 0 0 0 0 0 0 0 0 0 0 0 0 0 0 0 0 0 0 0 0 0 0 0 0 0 0 0 0 0 0 0 0 0 0 0 0 0 0 0 0 0 0 0 0 0 0 0 0 0 0 0 0 0 0 0 0 0 0 0 0 0 0 0 0 0 0 0 0 0 0 0 0 0 0 0 0 0 0 0 0 0 0 0 0 0 0 0 0 0 0 0 0 0 0 0 0\nctxt 183936\nbtime 1767831296\nprocesses 4348\nprocs_running 4\nprocs_blocked 0\nsoftirq 128040 0 21376 4 15719 0 0 11025 33937 83 45896\n"}
{"timestamp":1767831734,"subsystem":"/proc/meminfo","measurement":"MemTotal:        3955152 kB\nMemFree:         3326432 kB\nMemAvailable:    3514012 kB\nBuffers:            4028 kB\nCached:           400908 kB\nSwapCached:            0 kB\nActive:           208392 kB\nInactive:         279452 kB\nActive(anon):        652 kB\nInactive(anon):   102588 kB\nActive(file):     207740 kB\nInactive(file):   176864 kB\nUnevictable:        3152 kB\nMlocked:              80 kB\nSwapTotal:             0 kB\nSwapFree:              0 kB\nDirty:                16 kB\nWriteback:             0 kB\nAnonPages:         84036 kB\nMapped:            37504 kB\nShmem:             20332 kB\nKReclaimable:      31120 kB\nSlab:              58496 kB\nSReclaimable:      31120 kB\nSUnreclaim:        27376 kB\nKernelStack:        2304 kB\nPageTables:         2960 kB\nNFS_Unstable:          0 kB\nBounce:                0 kB\nWritebackTmp:          0 kB\nCommitLimit:     1977576 kB\nCommitted_AS:     313760 kB\nVmallocTotal:   34359738367 kB\nVmallocUsed:       36188 kB\nVmallocChunk:          0 kB\nPercpu:              600 kB\nHardwareCorrupted:     0 kB\nAnonHugePages:     20480 kB\nShmemHugePages:        0 kB\nShmemPmdMapped:        0 kB\nFileHugePages:         0 kB\nFilePmdMapped:         0 kB\nCmaTotal:              0 kB\nCmaFree:               0 kB\nUnaccepted:            0 kB\nHugePages_Total:       0\nHugePages_Free:        0\nHugePages_Rsvd:        0\nHugePages_Surp:        0\nHugepagesize:       2048 kB\nHugetlb:               0 kB\nDirectMap4k:       99512 kB\nDirectMap2M:     2994176 kB\nDirectMap1G:     3145728 kB\n"}
{"timestamp":1767831734,"subsystem":"/proc/net/dev","measurement":"Inter-|   Receive                                                |  Transmit\n face |bytes    packets errs drop fifo frame compressed multicast|bytes    packets errs drop fifo colls carrier compressed\n    lo:    2072      14    0    0    0     0          0         0     2072      14    0    0    0     0       0          0\n  eth0: 53502400   40763    0    0    0     0          0         0  2747412    9741    0    0    0     0       0          0\n"}
{"timestamp":1767831734,"subsystem":"/proc/diskstats","measurement":"   8      16 sdb 416 1 23834 72 355 1053 664176 851 0 756 925 9 8 33550344 1 0 0\n   8      17 sdb1 142 1 8586 24 355 1053 664176 851 0 660 877 9 8 33550344 1 0 0\n   8       0 sda 4504 1 575702 12098 2049 846 323786 2556 0 15728 15303 0 0 0 0 109 648\n   8       1 sda1 69 0 800 18 0 0 0 0 0 48 18 0 0 0 0 0 0\n   8       2 sda2 159 0 8576 46 1 0 1 0 0 72 46 0 0 0 0 0 0\n   8       3 sda3 168 0 16958 52 8 0 4137 17 0 128 70 0 0 0 0 0 0\n   8       4 sda4 4011 1 545648 11948 2040 846 319648 2538 0 15560 14487 0 0 0 0 0 0\n  11       0 sr0 63 0 440 53 0 0 0 0 0 80 53 0 0 0 0 0 0\n"}
{"timestamp":1767831734,"subsystem":"statfs[*]","measurement":"{\"mount_point\":\"/\",\"block_size\":4096,\"blocks_total\":7466684,\"blocks_free\":6509963,\"blocks_available\":6509963}\n{\"mount_point\":\"/boot\",\"block_size\":4096,\"blocks_total\":259584,\"blocks_free\":230628,\"blocks_available\":230628}\n{\"mount_point\":\"/boot/efi\",\"block_size\":8192,\"blocks_total\":65500,\"blocks_free\":65118,\"blocks_available\":65118}\n{\"mount_point\":\"/mnt\",\"block_size\":4096,\"blocks_total\":4100319,\"blocks_free\":4100313,\"blocks_available\":3886528}\n"}
{"timestamp":1767831739,"subsystem":"/proc/stat","measurement":"cpu  6954 0 1148 79486 808 0 59 0 0 0\ncpu0 4571 0 608 38436 565 0 25 0 0 0\ncpu1 2382 0 539 41049 242 0 33 0 0 0\nintr 58468 0 0 0 0 2922 0 0 0 0 0 0 0 0 0 0 0 0 0 0 0 0 0 0 0 0 0 0 0 0 0 0 0 0 0 0 0 0 0 0 0 0 0 0 0 0 0 0 0 0 0 0 0 0 0 0 0 0 0 0 0 0 0 0 0 0 0 0 0 0 0 0 0 0 0 0 0 0 0 0 0 0 0 0 0 0 0 0 0 0 0 0 0 0 0 0 0 0 0 0 0 0 0 0 0 0 0 0 0 0 0 0 0 0 0 0 0 0 0 0 0 0 0 0 0 0 0 0 0 0 0 0 0 0 0 0 0 0 0 0 0 0 0 0 0 0 0 0 0 0 0 0 0 0 0 0 0 0 0 0 0 0 0 0 0 0 0 0 0 0 0 0 0 0 0 0 0 0 0 0 0 0 0 0 0 0 0 0 0 0 0 0 0 0 0 0 0 0 0 0 0 0 0 0 0 0 0 0 0 0 0 0 0 0 0 0 0 0 0 0 0 0 0 0 0 0 0 0 0 0 0 0 0 0 0 0 0 0 0 0 0 0 0 0 0 0 0 0 0 0 0 0 0 0 0 0 0 0 0 0 0 0 0 0 0 0 0 0 0 0 0 0 0 0 0 0 0 0 0 0 0 0 0 0 0 0 0 0 0 0 0 0 0 0 0 0 0 0 0 0 0 0 0 0 0 0 0 0 0 0 0 0 0 0 0 0 0 0 0 0 0 0 0 0 0 0 0 0 0 0 0 0 0 0 0 0 0 0 0 0 0 0 0 0 0 0 0 0 0 0 0 0 0 0 0 0 0 0 0 0 0 0 0 0 0 0 0 0 0 0 0 0 0 0 0 0 0 0 0 0 0 0 0 0 0 0 0 0 0 0 0 0 0 0 0 0 0 0 0 0 0 0 0 0 0 0 0 0 0 0 0 0 0 0 0 0 0 0 0 0 0 0 0 0 0 0 0 0 0 0 0 0 0 0 0 0 0 0 0 0 0\nctxt 184560\nbtime 1767831296\nprocesses 4351\nprocs_running 3\nprocs_blocked 0\nsoftirq 128634 0 21542 4 15745 0 0 11032 34293 83 45935\n"}
{"timestamp":1767831739,"subsystem":"/proc/meminfo","measurement":"MemTotal:        3955152 kB\nMemFree:         3326432 kB\nMemAvailable:    3514016 kB\nBuffers:            4028 kB\nCached:           400912 kB\nSwapCached:            0 kB\nActive:           208392 kB\nInactive:         279480 kB\nActive(anon):        652 kB\nInactive(anon):   102612 kB\nActive(file):     207740 kB\nInactive(file):   176868 kB\nUnevictable:        3152 kB\nMlocked:              80 kB\nSwapTotal:             0 kB\nSwapFree:              0 kB\nDirty:                24 kB\nWriteback:             0 kB\nAnonPages:         84060 kB\nMapped:            37504 kB\nShmem:             20332 kB\nKReclaimable:      31120 kB\nSlab:              58496 kB\nSReclaimable:      31120 kB\nSUnreclaim:        27376 kB\nKernelStack:        2304 kB\nPageTables:         2960 kB\nNFS_Unstable:          0 kB\nBounce:                0 kB\nWritebackTmp:          0 kB\nCommitLimit:     1977576 kB\nCommitted_AS:     313760 kB\nVmallocTotal:   34359738367 kB\nVmallocUsed:       36188 kB\nVmallocChunk:          0 kB\nPercpu:              600 kB\nHardwareCorrupted:     0 kB\nAnonHugePages:     20480 kB\nShmemHugePages:        0 kB\nShmemPmdMapped:        0 kB\nFileHugePages:         0 kB\nFilePmdMapped:         0 kB\nCmaTotal:              0 kB\nCmaFree:               0 kB\nUnaccepted:            0 kB\nHugePages_Total:       0\nHugePages_Free:        0\nHugePages_Rsvd:        0\nHugePages_Surp:        0\nHugepagesize:       2048 kB\nHugetlb:               0 kB\nDirectMap4k:       99512 kB\nDirectMap2M:     2994176 kB\nDirectMap1G:     3145728 kB\n"}
{"timestamp":1767831739,"subsystem":"/proc/net/dev","measurement":"Inter-|   Receive                                                |  Transmit\n face |bytes    packets errs drop fifo frame compressed multicast|bytes    packets errs drop fifo colls carrier compressed\n    lo:    2072      14    0    0    0     0          0         0     2072      14    0    0    0     0       0          0\n  eth0: 53506196   40778    0    0    0     0          0         0  2752652    9760    0    0    0     0       0          0\n"}
{"timestamp":1767831739,"subsystem":"/proc/diskstats","measurement":"   8      16 sdb 416 1 23834 72 355 1053 664176 851 0 756 925 9 8 33550344 1 0 0\n   8      17 sdb1 142 1 8586 24 355 1053 664176 851 0 660 877 9 8 33550344 1 0 0\n   8       0 sda 4504 1 575702 12098 2050 846 323794 2557 0 15732 15304 0 0 0 0 109 648\n   8       1 sda1 69 0 800 18 0 0 0 0 0 48 18 0 0 0 0 0 0\n   8       2 sda2 159 0 8576 46 1 0 1 0 0 72 46 0 0 0 0 0 0\n   8       3 sda3 168 0 16958 52 8 0 4137 17 0 128 70 0 0 0 0 0 0\n   8       4 sda4 4011 1 545648 11948 2041 846 319656 2539 0 15564 14487 0 0 0 0 0 0\n  11       0 sr0 63 0 440 53 0 0 0 0 0 80 53 0 0 0 0 0 0\n"}
{"timestamp":1767831739,"subsystem":"statfs[*]","measurement":"{\"mount_point\":\"/\",\"block_size\":4096,\"blocks_total\":7466684,\"blocks_free\":6509926,\"blocks_available\":6509926}\n{\"mount_point\":\"/boot\",\"block_size\":4096,\"blocks_total\":259584,\"blocks_free\":230628,\"blocks_available\":230628}\n{\"mount_point\":\"/boot/efi\",\"block_size\":8192,\"blocks_total\":65500,\"blocks_free\":65118,\"blocks_available\":65118}\n{\"mount_point\":\"/mnt\",\"block_size\":4096,\"blocks_total\":4100319,\"blocks_free\":4100313,\"blocks_available\":3886528}\n"}
{"timestamp":1767831744,"subsystem":"/proc/stat","measurement":"cpu  7455 0 1148 79984 808 0 60 0 0 0\ncpu0 4782 0 608 38725 565 0 26 0 0 0\ncpu1 2672 0 539 41259 242 0 34 0 0 0\nintr 58658 0 0 0 0 2922 0 0 0 0 0 0 0 0 0 0 0 0 0 0 0 0 0 0 0 0 0 0 0 0 0 0 0 0 0 0 0 0 0 0 0 0 0 0 0 0 0 0 0 0 0 0 0 0 0 0 0 0 0 0 0 0 0 0 0 0 0 0 0 0 0 0 0 0 0 0 0 0 0 0 0 0 0 0 0 0 0 0 0 0 0 0 0 0 0 0 0 0 0 0 0 0 0 0 0 0 0 0 0 0 0 0 0 0 0 0 0 0 0 0 0 0 0 0 0 0 0 0 0 0 0 0 0 0 0 0 0 0 0 0 0 0 0 0 0 0 0 0 0 0 0 0 0 0 0 0 0 0 0 0 0 0 0 0 0 0 0 0 0 0 0 0 0 0 0 0 0 0 0 0 0 0 0 0 0 0 0 0 0 0 0 0 0 0 0 0 0 0 0 0 0 0 0 0 0 0 0 0 0 0 0 0 0 0 0 0 0 0 0 0 0 0 0 0 0 0 0 0 0 0 0 0 0 0 0 0 0 0 0 0 0 0 0 0 0 0 0 0 0 0 0 0 0 0 0 0 0 0 0 0 0 0 0 0 0 0 0 0 0 0 0 0 0 0 0 0 0 0 0 0 0 0 0 0 0 0 0 0 0 0 0 0 0 0 0 0 0 0 0 0 0 0 0 0 0 0 0 0 0 0 0 0 0 0 0 0 0 0 0 0 0 0 0 0 0 0 0 0 0 0 0 0 0 0 0 0 0 0 0 0 0 0 0 0 0 0 0 0 0 0 0 0 0 0 0 0 0 0 0 0 0 0 0 0 0 0 0 0 0 0 0 0 0 0 0 0 0 0 0 0 0 0 0 0 0 0 0 0 0 0 0 0 0 0 0 0 0 0 0 0 0 0 0 0 0 0 0 0 0 0 0 0 0 0 0 0 0 0 0 0 0 0 0 0 0 0 0 0 0 0 0 0 0 0 0 0 0 0 0 0 0\nctxt 185085\nbtime 1767831296\nprocesses 4354\nprocs_running 3\nprocs_blocked 0\nsoftirq 129240 0 21726 4 15769 0 0 11041 34639 83 45978\n"}
{"timestamp":1767831744,"subsystem":"/proc/meminfo","measurement":"MemTotal:        3955152 kB\nMemFree:         3326432 kB\nMemAvailable:    3514020 kB\nBuffers:            4028 kB\nCached:           400916 kB\nSwapCached:            0 kB\nActive:           208392 kB\nInactive:         279484 kB\nActive(anon):        652 kB\nInactive(anon):   102612 kB\nActive(file):     207740 kB\nInactive(file):   176872 kB\nUnevictable:        3152 kB\nMlocked:              80 kB\nSwapTotal:             0 kB\nSwapFree:              0 kB\nDirty:                16 kB\nWriteback:             0 kB\nAnonPages:         84060 kB\nMapped:            37504 kB\nShmem:             20332 kB\nKReclaimable:      31120 kB\nSlab:              58496 kB\nSReclaimable:      31120 kB\nSUnreclaim:        27376 kB\nKernelStack:        2304 kB\nPageTables:         2960 kB\nNFS_Unstable:          0 kB\nBounce:                0 kB\nWritebackTmp:          0 kB\nCommitLimit:     1977576 kB\nCommitted_AS:     313760 kB\nVmallocTotal:   34359738367 kB\nVmallocUsed:       36188 kB\nVmallocChunk:          0 kB\nPercpu:              600 kB\nHardwareCorrupted:     0 kB\nAnonHugePages:     20480 kB\nShmemHugePages:        0 kB\nShmemPmdMapped:        0 kB\nFileHugePages:         0 kB\nFilePmdMapped:         0 kB\nCmaTotal:              0 kB\nCmaFree:               0 kB\nUnaccepted:            0 kB\nHugePages_Total:       0\nHugePages_Free:        0\nHugePages_Rsvd:        0\nHugePages_Surp:        0\nHugepagesize:       2048 kB\nHugetlb:               0 kB\nDirectMap4k:       99512 kB\nDirectMap2M:     2994176 kB\nDirectMap1G:     3145728 kB\n"}
{"timestamp":1767831744,"subsystem":"/proc/net/dev","measurement":"Inter-|   Receive                                                |  Transmit\n face |bytes    packets errs drop fifo frame compressed multicast|bytes    packets errs drop fifo colls carrier compressed\n    lo:    2072      14    0    0    0     0          0         0     2072      14    0    0    0     0       0          0\n  eth0: 53509992   40793    0    0    0     0          0         0  2757892    9779    0    0    0     0       0          0\n"}
{"timestamp":1767831744,"subsystem":"/proc/diskstats","measurement":"   8      16 sdb 416 1 23834 72 355 1053 664176 851 0 756 925 9 8 33550344 1 0 0\n   8      17 sdb1 142 1 8586 24 355 1053 664176 851 0 660 877 9 8 33550344 1 0 0\n   8       0 sda 4504 1 575702 12098 2053 847 323826 2558 0 15740 15304 0 0 0 0 109 648\n   8       1 sda1 69 0 800 18 0 0 0 0 0 48 18 0 0 0 0 0 0\n   8       2 sda2 159 0 8576 46 1 0 1 0 0 72 46 0 0 0 0 0 0\n   8       3 sda3 168 0 16958 52 8 0 4137 17 0 128 70 0 0 0 0 0 0\n   8       4 sda4 4011 1 545648 11948 2044 847 319688 2540 0 15572 14488 0 0 0 0 0 0\n  11       0 sr0 63 0 440 53 0 0 0 0 0 80 53 0 0 0 0 0 0\n"}
{"timestamp":1767831744,"subsystem":"statfs[*]","measurement":"{\"mount_point\":\"/\",\"block_size\":4096,\"blocks_total\":7466684,\"blocks_free\":6509926,\"blocks_available\":6509926}\n{\"mount_point\":\"/boot\",\"block_size\":4096,\"blocks_total\":259584,\"blocks_free\":230628,\"blocks_available\":230628}\n{\"mount_point\":\"/boot/efi\",\"block_size\":8192,\"blocks_total\":65500,\"blocks_free\":65118,\"blocks_available\":65118}\n{\"mount_point\":\"/mnt\",\"block_size\":4096,\"blocks_total\":4100319,\"blocks_free\":4100313,\"blocks_available\":3886528}\n"}
{"timestamp":1767831749,"subsystem":"/proc/stat","measurement":"cpu  7956 0 1150 80480 808 0 60 0 0 0\ncpu0 5035 0 608 38971 565 0 26 0 0 0\ncpu1 2920 0 541 41509 242 0 34 0 0 0\nintr 59073 0 0 0 0 2922 0 0 0 0 0 0 0 0 0 0 0 0 0 0 0 0 0 0 0 0 0 0 0 0 0 0 0 0 0 0 0 0 0 0 0 0 0 0 0 0 0 0 0 0 0 0 0 0 0 0 0 0 0 0 0 0 0 0 0 0 0 0 0 0 0 0 0 0 0 0 0 0 0 0 0 0 0 0 0 0 0 0 0 0 0 0 0 0 0 0 0 0 0 0 0 0 0 0 0 0 0 0 0 0 0 0 0 0 0 0 0 0 0 0 0 0 0 0 0 0 0 0 0 0 0 0 0 0 0 0 0 0 0 0 0 0 0 0 0 0 0 0 0 0 0 0 0 0 0 0 0 0 0 0 0 0 0 0 0 0 0 0 0 0 0 0 0 0 0 0 0 0 0 0 0 0 0 0 0 0 0 0 0 0 0 0 0 0 0 0 0 0 0 0 0 0 0 0 0 0 0 0 0 0 0 0 0 0 0 0 0 0 0 0 0 0 0 0 0 0 0 0 0 0 0 0 0 0 0 0 0 0 0 0 0 0 0 0 0 0 0 0 0 0 0 0 0 0 0 0 0 0 0 0 0 0 0 0 0 0 0 0 0 0 0 0 0 0 0 0 0 0 0 0 0 0 0 0 0 0 0 0 0 0 0 0 0 0 0 0 0 0 0 0 0 0 0 0 0 0 0 0 0 0 0 0 0 0 0 0 0 0 0 0 0 0 0 0 0 0 0 0 0 0 0 0 0 0 0 0 0 0 0 0 0 0 0 0 0 0 0 0 0 0 0 0 0 0 0 0 0 0 0 0 0 0 0 0 0 0 0 0 0 0 0 0 0 0 0 0 0 0 0 0 0 0 0 0 0 0 0 0 0 0 0 0 0 0 0 0 0 0 0 0 0 0 0 0 0 0 0 0 0 0 0 0 0 0 0 0 0 0 0 0 0 0 0 0 0 0 0 0 0 0 0 0 0 0 0 0 0 0 0 0 0\nctxt 187015\nbtime 1767831296\nprocesses 4357\nprocs_running 3\nprocs_blocked 0\nsoftirq 130359 0 21907 4 15796 0 0 11526 35000 83 46043\n"}
{"timestamp":1767831749,"subsystem":"/proc/meminfo","measurement":"MemTotal:        3955152 kB\nMemFree:         3326432 kB\nMemAvailable:    3514028 kB\nBuffers:            4028 kB\nCached:           400924 kB\nSwapCached:            0 kB\nActive:           208392 kB\nInactive:         279508 kB\nActive(anon):        652 kB\nInactive(anon):   102628 kB\nActive(file):     207740 kB\nInactive(file):   176880 kB\nUnevictable:        3152 kB\nMlocked:              80 kB\nSwapTotal:             0 kB\nSwapFree:              0 kB\nDirty:                24 kB\nWriteback:             0 kB\nAnonPages:         84076 kB\nMapped:            37504 kB\nShmem:             20332 kB\nKReclaimable:      31120 kB\nSlab:              58480 kB\nSReclaimable:      31120 kB\nSUnreclaim:        27360 kB\nKernelStack:        2304 kB\nPageTables:         2960 kB\nNFS_Unstable:          0 kB\nBounce:                0 kB\nWritebackTmp:          0 kB\nCommitLimit:     1977576 kB\nCommitted_AS:     313760 kB\nVmallocTotal:   34359738367 kB\nVmallocUsed:       36172 kB\nVmallocChunk:          0 kB\nPercpu:              600 kB\nHardwareCorrupted:     0 kB\nAnonHugePages:     20480 kB\nShmemHugePages:        0 kB\nShmemPmdMapped:        0 kB\nFileHugePages:         0 kB\nFilePmdMapped:         0 kB\nCmaTotal:              0 kB\nCmaFree:               0 kB\nUnaccepted:            0 kB\nHugePages_Total:       0\nHugePages_Free:        0\nHugePages_Rsvd:        0\nHugePages_Surp:        0\nHugepagesize:       2048 kB\nHugetlb:               0 kB\nDirectMap4k:       99512 kB\nDirectMap2M:     2994176 kB\nDirectMap1G:     3145728 kB\n"}
{"timestamp":1767831749,"subsystem":"/proc/net/dev","measurement":"Inter-|   Receive                                                |  Transmit\n face |bytes    packets errs drop fifo frame compressed multicast|bytes    packets errs drop fifo colls carrier compressed\n    lo:    2072      14    0    0    0     0          0         0     2072      14    0    0    0     0       0          0\n  eth0: 53513788   40808    0    0    0     0          0         0  2763132    9798    0    0    0     0       0          0\n"}
{"timestamp":1767831749,"subsystem":"/proc/diskstats","measurement":"   8      16 sdb 416 1 23834 72 355 1053 664176 851 0 756 925 9 8 33550344 1 0 0\n   8      17 sdb1 142 1 8586 24 355 1053 664176 851 0 660 877 9 8 33550344 1 0 0\n   8       0 sda 4504 1 575702 12098 2054 847 323834 2558 0 15744 15305 0 0 0 0 109 648\n   8       1 sda1 69 0 800 18 0 0 0 0 0 48 18 0 0 0 0 0 0\n   8       2 sda2 159 0 8576 46 1 0 1 0 0 72 46 0 0 0 0 0 0\n   8       3 sda3 168 0 16958 52 8 0 4137 17 0 128 70 0 0 0 0 0 0\n   8       4 sda4 4011 1 545648 11948 2045 847 319696 2540 0 15576 14488 0 0 0 0 0 0\n  11       0 sr0 63 0 440 53 0 0 0 0 0 80 53 0 0 0 0 0 0\n"}
{"timestamp":1767831749,"subsystem":"statfs[*]","measurement":"{\"mount_point\":\"/\",\"block_size\":4096,\"blocks_total\":7466684,\"blocks_free\":6509926,\"blocks_available\":6509926}\n{\"mount_point\":\"/boot\",\"block_size\":4096,\"blocks_total\":259584,\"blocks_free\":230628,\"blocks_available\":230628}\n{\"mount_point\":\"/boot/efi\",\"block_size\":8192,\"blocks_total\":65500,\"blocks_free\":65118,\"blocks_available\":65118}\n{\"mount_point\":\"/mnt\",\"block_size\":4096,\"blocks_total\":4100319,\"blocks_free\":4100313,\"blocks_available\":3886528}\n"}
{"timestamp":1767831754,"subsystem":"/proc/stat","measurement":"cpu  8458 0 1151 80978 808 0 61 0 0 0\ncpu0 5503 0 608 39003 565 0 26 0 0 0\ncpu1 2954 0 542 41975 242 0 35 0 0 0\nintr 59248 0 0 0 0 2922 0 0 0 0 0 0 0 0 0 0 0 0 0 0 0 0 0 0 0 0 0 0 0 0 0 0 0 0 0 0 0 0 0 0 0 0 0 0 0 0 0 0 0 0 0 0 0 0 0 0 0 0 0 0 0 0 0 0 0 0 0 0 0 0 0 0 0 0 0 0 0 0 0 0 0 0 0 0 0 0 0 0 0 0 0 0 0 0 0 0 0 0 0 0 0 0 0 0 0 0 0 0 0 0 0 0 0 0 0 0 0 0 0 0 0 0 0 0 0 0 0 0 0 0 0 0 0 0 0 0 0 0 0 0 0 0 0 0 0 0 0 0 0 0 0 0 0 0 0 0 0 0 0 0 0 0 0 0 0 0 0 0 0 0 0 0 0 0 0 0 0 0 0 0 0 0 0 0 0 0 0 0 0 0 0 0 0 0 0 0 0 0 0 0 0 0 0 0 0 0 0 0 0 0 0 0 0 0 0 0 0 0 0 0 0 0 0 0 0 0 0 0 0 0 0 0 0 0 0 0 0 0 0 0 0 0 0 0 0 0 0 0 0 0 0 0 0 0 0 0 0 0 0 0 0 0 0 0 0 0 0 0 0 0 0 0 0 0 0 0 0 0 0 0 0 0 0 0 0 0 0 0 0 0 0 0 0 0 0 0 0 0 0 0 0 0 0 0 0 0 0 0 0 0 0 0 0 0 0 0 0 0 0 0 0 0 0 0 0 0 0 0 0 0 0 0 0 0 0 0 0 0 0 0 0 0 0 0 0 0 0 0 0 0 0 0 0 0 0 0 0 0 0 0 0 0 0 0 0 0 0 0 0 0 0 0 0 0 0 0 0 0 0 0 0 0 0 0 0 0 0 0 0 0 0 0 0 0 0 0 0 0 0 0 0 0 0 0 0 0 0 0 0 0 0 0 0 0 0 0 0 0 0 0 0 0 0 0 0 0 0 0 0 0 0 0 0 0 0 0 0 0 0 0 0\nctxt 187546\nbtime 1767831296\nprocesses 4360\nprocs_running 3\nprocs_blocked 0\nsoftirq 130965 0 22069 4 15816 0 0 11534 35365 83 46094\n"}
{"timestamp":1767831754,"subsystem":"/proc/meminfo","measurement":"MemTotal:        3955152 kB\nMemFree:         3326432 kB\nMemAvailable:    3514032 kB\nBuffers:            4028 kB\nCached:           400928 kB\nSwapCached:            0 kB\nActive:           208392 kB\nInactive:         279512 kB\nActive(anon):        652 kB\nInactive(anon):   102628 kB\nActive(file):     207740 kB\nInactive(file):   176884 kB\nUnevictable:        3152 kB\nMlocked:              80 kB\nSwapTotal:             0 kB\nSwapFree:              0 kB\nDirty:                24 kB\nWriteback:             0 kB\nAnonPages:         84080 kB\nMapped:            37504 kB\nShmem:             20332 kB\nKReclaimable:      31120 kB\nSlab:              58480 kB\nSReclaimable:      31120 kB\nSUnreclaim:        27360 kB\nKernelStack:        2304 kB\nPageTables:         2960 kB\nNFS_Unstable:          0 kB\nBounce:                0 kB\nWritebackTmp:          0 kB\nCommitLimit:     1977576 kB\nCommitted_AS:     313760 kB\nVmallocTotal:   34359738367 kB\nVmallocUsed:       36172 kB\nVmallocChunk:          0 kB\nPercpu:              600 kB\nHardwareCorrupted:     0 kB\nAnonHugePages:     20480 kB\nShmemHugePages:        0 kB\nShmemPmdMapped:        0 kB\nFileHugePages:         0 kB\nFilePmdMapped:         0 kB\nCmaTotal:              0 kB\nCmaFree:               0 kB\nUnaccepted:            0 kB\nHugePages_Total:       0\nHugePages_Free:        0\nHugePages_Rsvd:        0\nHugePages_Surp:        0\nHugepagesize:       2048 kB\nHugetlb:               0 kB\nDirectMap4k:       99512 kB\nDirectMap2M:     2994176 kB\nDirectMap1G:     3145728 kB\n"}
{"timestamp":1767831754,"subsystem":"/proc/net/dev","measurement":"Inter-|   Receive                                                |  Transmit\n face |bytes    packets errs drop fifo frame compressed multicast|bytes    packets errs drop fifo colls carrier compressed\n    lo:    2072      14    0    0    0     0          0         0     2072      14    0    0    0     0       0          0\n  eth0: 53517584   40823    0    0    0     0          0         0  2768372    9817    0    0    0     0       0          0\n"}
{"timestamp":1767831754,"subsystem":"/proc/diskstats","measurement":"   8      16 sdb 416 1 23834 72 355 1053 664176 851 0 756 925 9 8 33550344 1 0 0\n   8      17 sdb1 142 1 8586 24 355 1053 664176 851 0 660 877 9 8 33550344 1 0 0\n   8       0 sda 4504 1 575702 12098 2056 847 323850 2558 0 15752 15305 0 0 0 0 109 648\n   8       1 sda1 69 0 800 18 0 0 0 0 0 48 18 0 0 0 0 0 0\n   8       2 sda2 159 0 8576 46 1 0 1 0 0 72 46 0 0 0 0 0 0\n   8       3 sda3 168 0 16958 52 8 0 4137 17 0 128 70 0 0 0 0 0 0\n   8       4 sda4 4011 1 545648 11948 2047 847 319712 2540 0 15584 14489 0 0 0 0 0 0\n  11       0 sr0 63 0 440 53 0 0 0 0 0 80 53 0 0 0 0 0 0\n"}
{"timestamp":1767831754,"subsystem":"statfs[*]","measurement":"{\"mount_point\":\"/\",\"block_size\":4096,\"blocks_total\":7466684,\"blocks_free\":6509926,\"blocks_available\":6509926}\n{\"mount_point\":\"/boot\",\"block_size\":4096,\"blocks_total\":259584,\"blocks_free\":230628,\"blocks_available\":230628}\n{\"mount_point\":\"/boot/efi\",\"block_size\":8192,\"blocks_total\":65500,\"blocks_free\":65118,\"blocks_available\":65118}\n{\"mount_point\":\"/mnt\",\"block_size\":4096,\"blocks_total\":4100319,\"blocks_free\":4100313,\"blocks_available\":3886528}\n"}
{"timestamp":1767831759,"subsystem":"/proc/stat","measurement":"cpu  8961 0 1152 81474 808 0 61 0 0 0\ncpu0 5801 0 608 39205 565 0 26 0 0 0\ncpu1 3160 0 544 42268 242 0 35 0 0 0\nintr 59443 0 0 0 0 2922 0 0 0 0 0 0 0 0 0 0 0 0 0 0 0 0 0 0 0 0 0 0 0 0 0 0 0 0 0 0 0 0 0 0 0 0 0 0 0 0 0 0 0 0 0 0 0 0 0 0 0 0 0 0 0 0 0 0 0 0 0 0 0 0 0 0 0 0 0 0 0 0 0 0 0 0 0 0 0 0 0 0 0 0 0 0 0 0 0 0 0 0 0 0 0 0 0 0 0 0 0 0 0 0 0 0 0 0 0 0 0 0 0 0 0 0 0 0 0 0 0 0 0 0 0 0 0 0 0 0 0 0 0 0 0 0 0 0 0 0 0 0 0 0 0 0 0 0 0 0 0 0 0 0 0 0 0 0 0 0 0 0 0 0 0 0 0 0 0 0 0 0 0 0 0 0 0 0 0 0 0 0 0 0 0 0 0 0 0 0 0 0 0 0 0 0 0 0 0 0 0 0 0 0 0 0 0 0 0 0 0 0 0 0 0 0 0 0 0 0 0 0 0 0 0 0 0 0 0 0 0 0 0 0 0 0 0 0 0 0 0 0 0 0 0 0 0 0 0 0 0 0 0 0 0 0 0 0 0 0 0 0 0 0 0 0 0 0 0 0 0 0 0 0 0 0 0 0 0 0 0 0 0 0 0 0 0 0 0 0 0 0 0 0 0 0 0 0 0 0 0 0 0 0 0 0 0 0 0 0 0 0 0 0 0 0 0 0 0 0 0 0 0 0 0 0 0 0 0 0 0 0 0 0 0 0 0 0 0 0 0 0 0 0 0 0 0 0 0 0 0 0 0 0 0 0 0 0 0 0 0 0 0 0 0 0 0 0 0 0 0 0 0 0 0 0 0 0 0 0 0 0 0 0 0 0 0 0 0 0 0 0 0 0 0 0 0 0 0 0 0 0 0 0 0 0 0 0 0 0 0 0 0 0 0 0 0 0 0 0 0 0 0 0 0 0 0 0 0 0 0 0 0 0 0\nctxt 188198\nbtime 1767831296\nprocesses 4365\nprocs_running 3\nprocs_blocked 0\nsoftirq 131677 0 22254 4 15864 0 0 11544 35746 83 46182\n"}
{"timestamp":1767831759,"subsystem":"/proc/meminfo","measurement":"MemTotal:        3955152 kB\nMemFree:         3326192 kB\nMemAvailable:    3513808 kB\nBuffers:            4028 kB\nCached:           400936 kB\nSwapCached:            0 kB\nActive:           208388 kB\nInactive:         279540 kB\nActive(anon):        648 kB\nInactive(anon):   102648 kB\nActive(file):     207740 kB\nInactive(file):   176892 kB\nUnevictable:        3152 kB\nMlocked:              80 kB\nSwapTotal:             0 kB\nSwapFree:              0 kB\nDirty:                 0 kB\nWriteback:             0 kB\nAnonPages:         84092 kB\nMapped:            37504 kB\nShmem:             20332 kB\nKReclaimable:      31136 kB\nSlab:              58500 kB\nSReclaimable:      31136 kB\nSUnreclaim:        27364 kB\nKernelStack:        2304 kB\nPageTables:         2960 kB\nNFS_Unstable:          0 kB\nBounce:                0 kB\nWritebackTmp:          0 kB\nCommitLimit:     1977576 kB\nCommitted_AS:     313760 kB\nVmallocTotal:   34359738367 kB\nVmallocUsed:       36172 kB\nVmallocChunk:          0 kB\nPercpu:              600 kB\nHardwareCorrupted:     0 kB\nAnonHugePages:     20480 kB\nShmemHugePages:        0 kB\nShmemPmdMapped:        0 kB\nFileHugePages:         0 kB\nFilePmdMapped:         0 kB\nCmaTotal:              0 kB\nCmaFree:               0 kB\nUnaccepted:            0 kB\nHugePages_Total:       0\nHugePages_Free:        0\nHugePages_Rsvd:        0\nHugePages_Surp:        0\nHugepagesize:       2048 kB\nHugetlb:               0 kB\nDirectMap4k:       99512 kB\nDirectMap2M:     2994176 kB\nDirectMap1G:     3145728 kB\n"}
{"timestamp":1767831759,"subsystem":"/proc/net/dev","measurement":"Inter-|   Receive                                                |  Transmit\n face |bytes    packets errs drop fifo frame compressed multicast|bytes    packets errs drop fifo colls carrier compressed\n    lo:    2072      14    0    0    0     0          0         0     2072      14    0    0    0     0       0          0\n  eth0: 53523430   40849    0    0    0     0          0         0  2776271    9849    0    0    0     0       0          0\n"}
{"timestamp":1767831759,"subsystem":"/proc/diskstats","measurement":"   8      16 sdb 416 1 23834 72 355 1053 664176 851 0 756 925 9 8 33550344 1 0 0\n   8      17 sdb1 142 1 8586 24 355 1053 664176 851 0 660 877 9 8 33550344 1 0 0\n   8       0 sda 4504 1 575702 12098 2060 849 323938 2560 0 15760 15307 0 0 0 0 109 648\n   8       1 sda1 69 0 800 18 0 0 0 0 0 48 18 0 0 0 0 0 0\n   8       2 sda2 159 0 8576 46 1 0 1 0 0 72 46 0 0 0 0 0 0\n   8       3 sda3 168 0 16958 52 8 0 4137 17 0 128 70 0 0 0 0 0 0\n   8       4 sda4 4011 1 545648 11948 2051 849 319800 2542 0 15592 14491 0 0 0 0 0 0\n  11       0 sr0 63 0 440 53 0 0 0 0 0 80 53 0 0 0 0 0 0\n"}
{"timestamp":1767831759,"subsystem":"statfs[*]","measurement":"{\"mount_point\":\"/\",\"block_size\":4096,\"blocks_total\":7466684,\"blocks_free\":6509931,\"blocks_available\":6509931}\n{\"mount_point\":\"/boot\",\"block_size\":4096,\"blocks_total\":259584,\"blocks_free\":230628,\"blocks_available\":230628}\n{\"mount_point\":\"/boot/efi\",\"block_size\":8192,\"blocks_total\":65500,\"blocks_free\":65118,\"blocks_available\":65118}\n{\"mount_point\":\"/mnt\",\"block_size\":4096,\"blocks_total\":4100319,\"blocks_free\":4100313,\"blocks_available\":3886528}\n"}
{"timestamp":1767831764,"subsystem":"/proc/stat","measurement":"cpu  9462 0 1153 81972 808 0 62 0 0 0\ncpu0 6197 0 608 39309 565 0 26 0 0 0\ncpu1 3265 0 544 42663 242 0 35 0 0 0\nintr 59619 0 0 0 0 2922 0 0 0 0 0 0 0 0 0 0 0 0 0 0 0 0 0 0 0 0 0 0 0 0 0 0 0 0 0 0 0 0 0 0 0 0 0 0 0 0 0 0 0 0 0 0 0 0 0 0 0 0 0 0 0 0 0 0 0 0 0 0 0 0 0 0 0 0 0 0 0 0 0 0 0 0 0 0 0 0 0 0 0 0 0 0 0 0 0 0 0 0 0 0 0 0 0 0 0 0 0 0 0 0 0 0 0 0 0 0 0 0 0 0 0 0 0 0 0 0 0 0 0 0 0 0 0 0 0 0 0 0 0 0 0 0 0 0 0 0 0 0 0 0 0 0 0 0 0 0 0 0 0 0 0 0 0 0 0 0 0 0 0 0 0 0 0 0 0 0 0 0 0 0 0 0 0 0 0 0 0 0 0 0 0 0 0 0 0 0 0 0 0 0 0 0 0 0 0 0 0 0 0 0 0 0 0 0 0 0 0 0 0 0 0 0 0 0 0 0 0 0 0 0 0 0 0 0 0 0 0 0 0 0 0 0 0 0 0 0 0 0 0 0 0 0 0 0 0 0 0 0 0 0 0 0 0 0 0 0 0 0 0 0 0 0 0 0 0 0 0 0 0 0 0 0 0 0 0 0 0 0 0 0 0 0 0 0 0 0 0 0 0 0 0 0 0 0 0 0 0 0 0 0 0 0 0 0 0 0 0 0 0 0 0 0 0 0 0 0 0 0 0 0 0 0 0 0 0 0 0 0 0 0 0 0 0 0 0 0 0 0 0 0 0 0 0 0 0 0 0 0 0 0 0 0 0 0 0 0 0 0 0 0 0 0 0 0 0 0 0 0 0 0 0 0 0 0 0 0 0 0 0 0 0 0 0 0 0 0 0 0 0 0 0 0 0 0 0 0 0 0 0 0 0 0 0 0 0 0 0 0 0 0 0 0 0 0 0 0 0 0 0 0 0 0 0 0 0 0 0 0 0 0 0\nctxt 188716\nbtime 1767831296\nprocesses 4368\nprocs_running 3\nprocs_blocked 0\nsoftirq 132233 0 22418 4 15864 0 0 11554 36092 83 46218\n"}
{"timestamp":1767831764,"subsystem":"/proc/meminfo","measurement":"MemTotal:        3955152 kB\nMemFree:         3326192 kB\nMemAvailable:    3513808 kB\nBuffers:            4028 kB\nCached:           400940 kB\nSwapCached:            0 kB\nActive:           208388 kB\nInactive:         279544 kB\nActive(anon):        648 kB\nInactive(anon):   102652 kB\nActive(file):     207740 kB\nInactive(file):   176892 kB\nUnevictable:        3152 kB\nMlocked:              80 kB\nSwapTotal:             0 kB\nSwapFree:              0 kB\nDirty:                 8 kB\nWriteback:             0 kB\nAnonPages:         84096 kB\nMapped:            37504 kB\nShmem:             20332 kB\nKReclaimable:      31136 kB\nSlab:              58500 kB\nSReclaimable:      31136 kB\nSUnreclaim:        27364 kB\nKernelStack:        2304 kB\nPageTables:         2960 kB\nNFS_Unstable:          0 kB\nBounce:                0 kB\nWritebackTmp:          0 kB\nCommitLimit:     1977576 kB\nCommitted_AS:     313760 kB\nVmallocTotal:   34359738367 kB\nVmallocUsed:       36172 kB\nVmallocChunk:          0 kB\nPercpu:              600 kB\nHardwareCorrupted:     0 kB\nAnonHugePages:     20480 kB\nShmemHugePages:        0 kB\nShmemPmdMapped:        0 kB\nFileHugePages:         0 kB\nFilePmdMapped:         0 kB\nCmaTotal:              0 kB\nCmaFree:               0 kB\nUnaccepted:            0 kB\nHugePages_Total:       0\nHugePages_Free:        0\nHugePages_Rsvd:        0\nHugePages_Surp:        0\nHugepagesize:       2048 kB\nHugetlb:               0 kB\nDirectMap4k:       99512 kB\nDirectMap2M:     2994176 kB\nDirectMap1G:     3145728 kB\n"}
{"timestamp":1767831764,"subsystem":"/proc/net/dev","measurement":"Inter-|   Receive                                                |  Transmit\n face |bytes    packets errs drop fifo frame compressed multicast|bytes    packets errs drop fifo colls carrier compressed\n    lo:    2072      14    0    0    0     0          0         0     2072      14    0    0    0     0       0          0\n  eth0: 53523430   40849    0    0    0     0          0         0  2776271    9849    0    0    0     0       0          0\n"}
{"timestamp":1767831764,"subsystem":"/proc/diskstats","measurement":"   8      16 sdb 416 1 23834 72 355 1053 664176 851 0 756 925 9 8 33550344 1 0 0\n   8      17 sdb1 142 1 8586 24 355 1053 664176 851 0 660 877 9 8 33550344 1 0 0\n   8       0 sda 4504 1 575702 12098 2064 850 323998 2581 0 15784 15330 0 0 0 0 110 651\n   8       1 sda1 69 0 800 18 0 0 0 0 0 48 18 0 0 0 0 0 0\n   8       2 sda2 159 0 8576 46 1 0 1 0 0 72 46 0 0 0 0 0 0\n   8       3 sda3 168 0 16958 52 8 0 4137 17 0 128 70 0 0 0 0 0 0\n   8       4 sda4 4011 1 545648 11948 2055 850 319860 2563 0 15616 14512 0 0 0 0 0 0\n  11       0 sr0 63 0 440 53 0 0 0 0 0 80 53 0 0 0 0 0 0\n"}
{"timestamp":1767831764,"subsystem":"statfs[*]","measurement":"{\"mount_point\":\"/\",\"block_size\":4096,\"blocks_total\":7466684,\"blocks_free\":6509931,\"blocks_available\":6509931}\n{\"mount_point\":\"/boot\",\"block_size\":4096,\"blocks_total\":259584,\"blocks_free\":230628,\"blocks_available\":230628}\n{\"mount_point\":\"/boot/efi\",\"block_size\":8192,\"blocks_total\":65500,\"blocks_free\":65118,\"blocks_available\":65118}\n{\"mount_point\":\"/mnt\",\"block_size\":4096,\"blocks_total\":4100319,\"blocks_free\":4100313,\"blocks_available\":3886528}\n"}
{"timestamp":1767831769,"subsystem":"/proc/stat","measurement":"cpu  9963 0 1153 82470 808 0 62 0 0 0\ncpu0 6393 0 608 39612 565 0 27 0 0 0\ncpu1 3570 0 544 42858 242 0 35 0 0 0\nintr 59807 0 0 0 0 2922 0 0 0 0 0 0 0 0 0 0 0 0 0 0 0 0 0 0 0 0 0 0 0 0 0 0 0 0 0 0 0 0 0 0 0 0 0 0 0 0 0 0 0 0 0 0 0 0 0 0 0 0 0 0 0 0 0 0 0 0 0 0 0 0 0 0 0 0 0 0 0 0 0 0 0 0 0 0 0 0 0 0 0 0 0 0 0 0 0 0 0 0 0 0 0 0 0 0 0 0 0 0 0 0 0 0 0 0 0 0 0 0 0 0 0 0 0 0 0 0 0 0 0 0 0 0 0 0 0 0 0 0 0 0 0 0 0 0 0 0 0 0 0 0 0 0 0 0 0 0 0 0 0 0 0 0 0 0 0 0 0 0 0 0 0 0 0 0 0 0 0 0 0 0 0 0 0 0 0 0 0 0 0 0 0 0 0 0 0 0 0 0 0 0 0 0 0 0 0 0 0 0 0 0 0 0 0 0 0 0 0 0 0 0 0 0 0 0 0 0 0 0 0 0 0 0 0 0 0 0 0 0 0 0 0 0 0 0 0 0 0 0 0 0 0 0 0 0 0 0 0 0 0 0 0 0 0 0 0 0 0 0 0 0 0 0 0 0 0 0 0 0 0 0 0 0 0 0 0 0 0 0 0 0 0 0 0 0 0 0 0 0 0 0 0 0 0 0 0 0 0 0 0 0 0 0 0 0 0 0 0 0 0 0 0 0 0 0 0 0 0 0 0 0 0 0 0 0 0 0 0 0 0 0 0 0 0 0 0 0 0 0 0 0 0 0 0 0 0 0 0 0 0 0 0 0 0 0 0 0 0 0 0 0 0 0 0 0 0 0 0 0 0 0 0 0 0 0 0 0 0 0 0 0 0 0 0 0 0 0 0 0 0 0 0 0 0 0 0 0 0 0 0 0 0 0 0 0 0 0 0 0 0 0 0 0 0 0 0 0 0 0 0 0 0 0 0 0 0 0 0 0 0 0 0\nctxt 189244\nbtime 1767831296\nprocesses 4371\nprocs_running 3\nprocs_blocked 0\nsoftirq 132813 0 22598 4 15888 0 0 11561 36425 83 46254\n"}
{"timestamp":1767831769,"subsystem":"/proc/meminfo","measurement":"MemTotal:        3955152 kB\nMemFree:         3325436 kB\nMemAvailable:    3513060 kB\nBuffers:            4028 kB\nCached:           400944 kB\nSwapCached:            0 kB\nActive:           208388 kB\nInactive:         279556 kB\nActive(anon):        648 kB\nInactive(anon):   102656 kB\nActive(file):     207740 kB\nInactive(file):   176900 kB\nUnevictable:        3152 kB\nMlocked:              80 kB\nSwapTotal:             0 kB\nSwapFree:              0 kB\nDirty:                12 kB\nWriteback:             0 kB\nAnonPages:         84100 kB\nMapped:            37504 kB\nShmem:             20332 kB\nKReclaimable:      31136 kB\nSlab:              58400 kB\nSReclaimable:      31136 kB\nSUnreclaim:        27264 kB\nKernelStack:        2304 kB\nPageTables:         2960 kB\nNFS_Unstable:          0 kB\nBounce:                0 kB\nWritebackTmp:          0 kB\nCommitLimit:     1977576 kB\nCommitted_AS:     313760 kB\nVmallocTotal:   34359738367 kB\nVmallocUsed:       36172 kB\nVmallocChunk:          0 kB\nPercpu:              600 kB\nHardwareCorrupted:     0 kB\nAnonHugePages:     20480 kB\nShmemHugePages:        0 kB\nShmemPmdMapped:        0 kB\nFileHugePages:         0 kB\nFilePmdMapped:         0 kB\nCmaTotal:              0 kB\nCmaFree:               0 kB\nUnaccepted:            0 kB\nHugePages_Total:       0\nHugePages_Free:        0\nHugePages_Rsvd:        0\nHugePages_Surp:        0\nHugepagesize:       2048 kB\nHugetlb:               0 kB\nDirectMap4k:       99512 kB\nDirectMap2M:     2994176 kB\nDirectMap1G:     3145728 kB\n"}
{"timestamp":1767831769,"subsystem":"/proc/net/dev","measurement":"Inter-|   Receive                                                |  Transmit\n face |bytes    packets errs drop fifo frame compressed multicast|bytes    packets errs drop fifo colls carrier compressed\n    lo:    2072      14    0    0    0     0          0         0     2072      14    0    0    0     0       0          0\n  eth0: 53527226   40864    0    0    0     0          0         0  2781511    9868    0    0    0     0       0          0\n"}
